IOTL OK
IOTJ OK
IOTS OK
IOTZ OK
IOST OK
IOSL OK
IOSJ OK
IOZT OK
IOZJ OK
IOZL OK
IOJT OK
IOJS OK
IOJZ OK
IOJL OK
IOLT OK
IOSZ OK
IOLS OK
IOLZ OK
IOLJ OK
ITOJ OK
ITOS OK
ITOZ OK
ITOL OK
ITSJ OK
ITSL OK
ITSO OK
IOZS OK
ITZJ OK
ITZO OK
ITZL OK
ITJO OK
ITJS OK
ITJZ OK
ITJL OK
ITLO OK
ITLS OK
ITLZ OK
ITLJ OK
ITSZ OK
ISOT OK
ISOJ OK
ISOL OK
ISTO OK
ISTJ OK
ISTL OK
ITZS OK
ISOZ OK
ISTZ OK
ISZL OK
ISZJ OK
ISJT OK
ISJO OK
ISJL OK
ISJZ OK
ISLO OK
ISLT OK
ISZT OK
ISLZ OK
ISLJ OK
IZOT OK
IZOJ OK
IZOL OK
ISZO OK
IZTO OK
IZTL OK
IZTJ OK
IZOS OK
IZTS OK
IZST OK
IZSJ OK
IZSL OK
IZJT OK
IZJO OK
IZJS OK
IZJL OK
IZSO OK
IZLT OK
IZLO OK
IZLJ OK
IZLS OK
IJOT OK
IJOS OK
IJOZ OK
IJOL OK
IJTO OK
IJTS OK
IJTL OK
IJTZ OK
IJSO OK
IJST OK
IJSL OK
IJZT OK
IJZO OK
IJLO OK
IJZL OK
IJLT OK
IJSZ OK
IJLS OK
IJLZ OK
ILOT OK
IJZS OK
ILOS OK
ILOJ OK
ILOZ OK
ILTO OK
ILTS OK
ILTJ OK
ILTZ OK
ILST OK
ILSJ OK
ILSO OK
ILZO OK
ILZT OK
ILZS OK
ILZJ OK
ILJO OK
ILJT OK
ILJS OK
ILJZ OK
ILSZ OK
OITJ OK
OITS OK
OITZ OK
OITL OK
OIST OK
OISL OK
OISJ OK
OIZT OK
OIZJ OK
OIZS OK
OIZL OK
OIJT OK
OIJS OK
OIJZ OK
OIJL OK
OILT OK
OILS OK
OILZ OK
OILJ OK
OISZ OK
OTIJ OK
OTIS OK
OTIL OK
OTIZ OK
OTSJ OK
OTSI OK
OTSL OK
OTZJ OK
OTZI OK
OTJI OK
OTZL OK
OTJS OK
OTJZ OK
OTLI OK
OTJL OK
OTLS OK
OTLZ OK
OSIT OK
OTLJ OK
OSIJ OK
OSIL OK
OSTI OK
OSIZ OK
OTSZ OK
OSTJ OK
OSTL OK
OTZS OK
OSZI OK
OSZJ OK
OSJI OK
OSZL OK
OSJT OK
OSTZ OK
OSJZ OK
OSJL OK
OSLI OK
OSLT OK
OZIT OK
OSZT OK
OSLZ OK
OSLJ OK
OZIS OK
OZIL OK
OZIJ OK
OZTI OK
OZTJ OK
OZTL OK
OZSI OK
OZSJ OK
OZJI OK
OZSL OK
OZJT OK
OZJS OK
OZJL OK
OZLI OK
OZLT OK
OZLJ OK
OJIT OK
OZLS OK
OJIS OK
OJIZ OK
OZTS OK
OJIL OK
OJTI OK
OZST OK
OJTS OK
OJTZ OK
OJTL OK
OJSI OK
OJST OK
OJSL OK
OJZI OK
OJZT OK
OJZL OK
OJLI OK
OJSZ OK
OJLT OK
OJLS OK
OJLZ OK
OLIT OK
OLIS OK
OLIZ OK
OLIJ OK
OLTI OK
OLTS OK
OJZS OK
OLTZ OK
OLTJ OK
OLSI OK
OLST OK
OLZI OK
OLZT OK
OLSZ OK
OLSJ OK
OLZJ OK
OLJI OK
OLJT OK
OLZS OK
OLJS OK
OLJZ OK
TIOJ OK
TIOL OK
TIOZ OK
TIOS OK
TISJ OK
TISL OK
TISO OK
TIZJ OK
TIZL OK
TIJO OK
TIJS OK
TIZO OK
TIJZ OK
TIJL OK
TILO OK
TILS OK
TISZ OK
TILZ OK
TILJ OK
TOIJ OK
TOIS OK
TOIZ OK
TOIL OK
TOSI OK
TOSJ OK
TOSL OK
TOZI OK
TOZJ OK
TOZL OK
TOJI OK
TOJS OK
TOJZ OK
TIZS OK
TOLI OK
TOJL OK
TOLS OK
TOLZ OK
TOSZ OK
TOLJ OK
TSIO OK
TSIJ OK
TSIL OK
TSOI OK
TSOJ OK
TSOL OK
TOZS OK
TSIZ OK
TSZJ OK
TSOZ OK
TSJI OK
TSZL OK
TSJO OK
TSJL OK
TSJZ OK
TSLI OK
TSLO OK
TSLZ OK
TSLJ OK
TSZO OK
TZIJ OK
TZIL OK
TZIO OK
TSZI OK
TZOI OK
TZOJ OK
TZOL OK
TZIS OK
TZSJ OK
TZSL OK
TZJI OK
TZSO OK
TZJO OK
TZOS OK
TZJS OK
TZJL OK
TZLI OK
TZLJ OK
TZSI OK
TZLO OK
TZLS OK
TJIO OK
TJIS OK
TJIZ OK
TJIL OK
TJOI OK
TJSI OK
TJOL OK
TJOZ OK
TJOS OK
TJZI OK
TJSO OK
TJSZ OK
TJSL OK
TJZO OK
TJZS OK
TJLI OK
TJLO OK
TJZL OK
TLIO OK
TJLS OK
TJLZ OK
TLIJ OK
TLOI OK
TLIS OK
TLIZ OK
TLOJ OK
TLSI OK
TLOS OK
TLOZ OK
TLSO OK
TLSZ OK
TLSJ OK
TLZI OK
TLZO OK
TLJI OK
TLZS OK
TLZJ OK
TLJO OK
TLJS OK
TLJZ OK
SIOJ OK
SIOL OK
SITO OK
SITJ OK
SIOT OK
SITL OK
SIOZ OK
SIZJ OK
SIZL OK
SITZ OK
SIJO OK
SIJT OK
SIZT OK
SIJL OK
SILO OK
SIJZ OK
SILT OK
SILJ OK
SILZ OK
SOIT OK
SIZO OK
SOIL OK
SOIJ OK
SOTI OK
SOTJ OK
SOTL OK
SOIZ OK
SOZI OK
SOZJ OK
SOZL OK
SOJI OK
SOJT OK
SOJZ OK
SOTZ OK
SOLI OK
SOJL OK
SOZT OK
SOLT OK
STIO OK
STIJ OK
SOLJ OK
SOLZ OK
STIL OK
STOI OK
STOJ OK
STOL OK
STIZ OK
STZJ OK
STZL OK
STOZ OK
STJI OK
STJO OK
STZI OK
STJL OK
STJZ OK
STZO OK
STLI OK
STLJ OK
STLO OK
STLZ OK
SZIJ OK
SZIL OK
SZIT OK
SZIO OK
SZOT OK
SZOJ OK
SZOI OK
SZOL OK
SZTJ OK
SZTL OK
SZJI OK
SZJO OK
SZJT OK
SZJL OK
SZLI OK
SZLT OK
SZLJ OK
SZLO OK
SJIO OK
SJIT OK
SZTI OK
SZTO OK
SJIL OK
SJOI OK
SJIZ OK
SJOT OK
SJOZ OK
SJOL OK
SJTI OK
SJTO OK
SJTL OK
SJTZ OK
SJZI OK
SJZT OK
SJLI OK
SJLT OK
SJLO OK
SJZO OK
SJZL OK
SLIO OK
SLIT OK
SLIZ OK
SLIJ OK
SLOI OK
SLOT OK
SJLZ OK
SLTI OK
SLTO OK
SLTJ OK
SLOZ OK
SLOJ OK
SLTZ OK
SLZI OK
SLZT OK
SLZJ OK
SLJI OK
SLJT OK
SLJO OK
SLZO OK
SLJZ OK
ZIOJ OK
ZIOL OK
ZITO OK
ZITJ OK
ZITL OK
ZIOT OK
ZITS OK
ZIOS OK
ZISJ OK
ZISL OK
ZIJO OK
ZIJT OK
ZIJL OK
ZIJS OK
ZILT OK
ZISO OK
ZILO OK
ZIST OK
ZILJ OK
ZILS OK
ZOIT OK
ZOIS OK
ZOIJ OK
ZOIL OK
ZOTI OK
ZOTJ OK
ZOTL OK
ZOSI OK
ZOSJ OK
ZOJI OK
ZOSL OK
ZOJT OK
ZOJS OK
ZOJL OK
ZOLI OK
ZOLT OK
ZOLJ OK
ZOLS OK
ZTIO OK
ZOTS OK
ZTIJ OK
ZOST OK
ZTOI OK
ZTIL OK
ZTOJ OK
ZTOL OK
ZTIS OK
ZTSJ OK
ZTSL OK
ZTOS OK
ZTJI OK
ZTJO OK
ZTSI OK
ZTJS OK
ZTSO OK
ZTJL OK
ZTLI OK
ZTLO OK
ZTLJ OK
ZTLS OK
ZSIJ OK
ZSIL OK
ZSIT OK
ZSOJ OK
ZSIO OK
ZSOT OK
ZSOI OK
ZSOL OK
ZSTJ OK
ZSTL OK
ZSJI OK
ZSJT OK
ZSJO OK
ZSLI OK
ZSJL OK
ZSLT OK
ZSLJ OK
ZSLO OK
ZJIO OK
ZJIT OK
ZSTI OK
ZSTO OK
ZJIL OK
ZJIS OK
ZJOI OK
ZJOT OK
ZJTI OK
ZJOL OK
ZJTO OK
ZJTS OK
ZJOS OK
ZJTL OK
ZJST OK
ZJSL OK
ZJSI OK
ZJLI OK
ZJLO OK
ZJSO OK
ZJLT OK
ZJLS OK
ZLIJ OK
ZLIO OK
ZLIT OK
ZLIS OK
ZLOJ OK
ZLOT OK
ZLOI OK
ZLTI OK
ZLOS OK
ZLTO OK
ZLTJ OK
ZLTS OK
ZLSJ OK
ZLST OK
ZLJI OK
ZLSI OK
ZLSO OK
ZLJO OK
ZLJT OK
ZLJS OK
JIOT OK
JIOS OK
JIOZ OK
JIOL OK
JITO OK
JITS OK
JITZ OK
JITL OK
JISL OK
JISO OK
JIST OK
JIZT OK
JIZO OK
JILO OK
JIZL OK
JISZ OK
JILT OK
JILS OK
JOIT OK
JILZ OK
JIZS OK
JOIS OK
JOIL OK
JOTI OK
JOIZ OK
JOTS OK
JOTZ OK
JOTL OK
JOSI OK
JOST OK
JOZI OK
JOSL OK
JOZT OK
JOLI OK
JOZL OK
JOLT OK
JOSZ OK
JOLS OK
JTIO OK
JTIS OK
JOLZ OK
JTIL OK
JTIZ OK
JTOI OK
JTOS OK
JTOZ OK
JTOL OK
JTSI OK
JOZS OK
JTSO OK
JTZI OK
JTSZ OK
JTZO OK
JTSL OK
JTLI OK
JTZS OK
JTLO OK
JTZL OK
JTLS OK
JTLZ OK
JSIO OK
JSIT OK
JSIL OK
JSOT OK
JSOI OK
JSTI OK
JSIZ OK
JSOL OK
JSTL OK
JSTO OK
JSOZ OK
JSTZ OK
JSZT OK
JSLI OK
JSZO OK
JSZL OK
JSLO OK
JSLT OK
JSZI OK
JZIT OK
JZIO OK
JZIL OK
JSLZ OK
JZOT OK
JZOI OK
JZTI OK
JZIS OK
JZOL OK
JZTO OK
JZTS OK
JZTL OK
JZST OK
JZSL OK
JZOS OK
JZLI OK
JZLO OK
JZLT OK
JZLS OK
JZSI OK
JLIO OK
JLIT OK
JLIS OK
JZSO OK
JLIZ OK
JLOI OK
JLTI OK
JLOT OK
JLOS OK
JLOZ OK
JLTO OK
JLTS OK
JLSI OK
JLST OK
JLTZ OK
JLSO OK
JLZI OK
JLZT OK
JLZO OK
LIOT OK
LIOS OK
JLZS OK
LIOJ OK
LIOZ OK
LITO OK
LITJ OK
LITZ OK
LITS OK
LIST OK
LISO OK
LISJ OK
LIZT OK
LIZO OK
LISZ OK
LIZJ OK
LIJO OK
LIJT OK
LIJS OK
LIJZ OK
LOIT OK
LOIS OK
LOIJ OK
LOIZ OK
LOTI OK
LIZS OK
LOTS OK
LOTZ OK
LOSI OK
LOTJ OK
JLSZ OK
LOST OK
LOZI OK
LOZT OK
LOSZ OK
LOSJ OK
LOZJ OK
LOJI OK
LOZS OK
LOJT OK
LOJS OK
LTIO OK
LOJZ OK
LTIJ OK
LTOI OK
LTIZ OK
LTIS OK
LTOJ OK
LTSI OK
LTOS OK
LTOZ OK
LTSO OK
LTSZ OK
LTSJ OK
LTZI OK
LTZO OK
LTJI OK
LTZS OK
LTZJ OK
LTJO OK
LTJS OK
LSIO OK
LTJZ OK
LSIT OK
LSIZ OK
LSIJ OK
LSOI OK
LSOT OK
LSTI OK
LSTO OK
LSOZ OK
LSTZ OK
LSTJ OK
LSOJ OK
LSZI OK
LSZT OK
LSZJ OK
LSJI OK
LSJT OK
LSZO OK
LZIT OK
LSJO OK
LZIO OK
LZIJ OK
LSJZ OK
LZOT OK
LZOI OK
LZOJ OK
LZOS OK
LZTI OK
LZTO OK
LZIS OK
LZTJ OK
LZTS OK
LZST OK
LZSJ OK
LZJI OK
LZJO OK
LZSO OK
LZJT OK
LZJS OK
LJIO OK
LJIT OK
LJIS OK
LZSI OK
LJIZ OK
LJOI OK
LJOT OK
LJOS OK
LJTI OK
LJOZ OK
LJTO OK
LJSI OK
LJTS OK
LJTZ OK
LJST OK
LJZI OK
LJSO OK
LJZT OK
LJZO OK
LJZS OK
LJSZ OK
