IOTL OK
IOTJ OK
IOTZ OK
IOTS OK
IOSL OK
IOSJ OK
IOST OK
IOZJ OK
IOZL OK
IOJT OK
IOZT OK
IOJS OK
IOJZ OK
IOZS OK
IOJL OK
IOLT OK
IOLS OK
IOLZ OK
IOLJ OK
ITOJ OK
ITOL OK
ITOS OK
ITOZ OK
ITSJ OK
ITSO OK
ITSL OK
ITZO OK
ITSZ OK
ITZL OK
ITZJ OK
ITJO OK
ITJS OK
ITJZ OK
IOSZ OK
ITJL OK
ITLO OK
ITLZ OK
ITLS OK
ITLJ OK
ISOJ OK
ITZS OK
ISOL OK
ISTO OK
ISTJ OK
ISTL OK
ISOT OK
ISTZ OK
ISZJ OK
ISZL OK
ISJO OK
ISZT OK
ISJT OK
ISJL OK
ISJZ OK
ISLO OK
ISLT OK
ISZO OK
ISLJ OK
ISLZ OK
IZOJ OK
IZOL OK
IZTO OK
IZOT OK
IZTJ OK
IZOS OK
IZTL OK
IZTS OK
IZSJ OK
IZSL OK
IZJO OK
IZSO OK
IZST OK
IZJT OK
IZJS OK
IZJL OK
IZLT OK
IZLO OK
IZLS OK
IJOT OK
IZLJ OK
IJOS OK
IJOZ OK
IJOL OK
IJTO OK
IJTL OK
IJTZ OK
IJTS OK
IJST OK
IJSO OK
IJSZ OK
IJSL OK
IJZO OK
IJZT OK
IJZL OK
IJLO OK
IJLT OK
IJLS OK
IJLZ OK
ILOT OK
ILOS OK
IJZS OK
ILOZ OK
ILOJ OK
ILTO OK
ILTS OK
ILTZ OK
ILTJ OK
ILST OK
ILSO OK
ILZO OK
ILSJ OK
ILZT OK
ISOZ CAP
ILZS OK
ILJO OK
ILJT OK
ILZJ OK
ILSZ OK
ILJS OK
ILJZ OK
OITS OK
OITJ OK
OITZ OK
OITL OK
OIST OK
OISL OK
OISJ OK
OIZT OK
OIZS OK
OIZJ OK
OIZL OK
OIJT OK
OIJS OK
OIJL OK
OIJZ OK
OILT OK
OILS OK
OILZ OK
OILJ OK
OTIJ OK
OTIZ OK
OTIS OK
OTIL OK
OTSI OK
OTSJ OK
OTSL OK
OTZI OK
OTZJ OK
OTSZ OK
OTZL OK
OTJI OK
OTJS OK
OTJZ OK
OTJL OK
OTLI OK
OTZS OK
OTLS OK
OTLZ OK
OTLJ OK
OSIT OK
OSIJ OK
OSIL OK
OSTI OK
OSTJ OK
OISZ OK
OSTL OK
OSTZ OK
OSZJ OK
OSZT OK
OSJI OK
OSJT OK
OSZL OK
OSZI OK
OSJZ OK
OSJL OK
OSLI OK
OSLT OK
OSLJ OK
OZIT OK
OZIS OK
OZIJ OK
OSLZ OK
OZIL OK
OSIZ OK
OZTI OK
OZTJ OK
OZTL OK
OZSI OK
OZSJ OK
OZJI OK
OZSL OK
OZJT OK
OZTS OK
OZJS OK
OZLI OK
OZJL OK
OZST OK
OZLT OK
OJIT OK
OZLJ OK
OJIS OK
OJIZ OK
OJIL OK
OZLS OK
OJTI OK
OJTZ OK
OJTS OK
OJTL OK
OJSI OK
OJST OK
OJSL OK
OJZI OK
OJZT OK
OJZL OK
OJLI OK
OJSZ OK
OJLT OK
OJLS OK
OLIT OK
OJLZ OK
OLIS OK
OLIZ OK
OLIJ OK
OLTI OK
OLTS OK
OLTZ OK
OLTJ OK
OLSI OK
OLST OK
OLZI OK
OLZT OK
OJZS OK
OLSJ OK
OLSZ OK
OLJI OK
OLJT OK
OLZJ OK
OLJS OK
OLJZ OK
OLZS OK
TIOJ OK
TIOL OK
TIOS OK
TIOZ OK
TISJ OK
TISL OK
TISO OK
TIZJ OK
TIZL OK
TISZ OK
TIZO OK
TIJO OK
TIJL OK
TIJS OK
TIJZ OK
TILO OK
TILS OK
TILZ OK
TILJ OK
TOIS OK
TOIZ OK
TOIJ OK
TOIL OK
TOSI OK
TIZS OK
TOSJ OK
TOSL OK
TOZI OK
TOZJ OK
TOZL OK
TOJI OK
TOJS OK
TOJZ OK
TOSZ OK
TOLI OK
TOJL OK
TOLS OK
TOLZ OK
TOLJ OK
TSIO OK
TSIJ OK
TOZS OK
TSIL OK
TSOI OK
TSOJ OK
TSOL OK
TSIZ OK
TSZJ OK
TSOZ OK
TSJI OK
TSZL OK
TSZI OK
TSZO OK
TSJO OK
TSJZ OK
TSLI OK
TSLO OK
TSJL OK
TSLZ OK
TSLJ OK
TZIJ OK
TZIL OK
TZIO OK
TZOJ OK
TZOI OK
TZOL OK
TZIS OK
TZSJ OK
TZOS OK
TZSL OK
TZSI OK
TZJO OK
TZJI OK
TZSO OK
TZJS OK
TZJL OK
TZLI OK
TZLO OK
TZLS OK
TJIO OK
TZLJ OK
TJIL OK
TJIS OK
TJOI OK
TJIZ OK
TJOL OK
TJOS OK
TJOZ OK
TJSI OK
TJSO OK
TJSZ OK
TJZI OK
TJSL OK
TJZO OK
TJLI OK
TJZS OK
TJZL OK
TJLO OK
TJLS OK
TLIO OK
TJLZ OK
TLIJ OK
TLIS OK
TLOI OK
TLIZ OK
TLOJ OK
TLSI OK
TLOS OK
TLOZ OK
TLSO OK
TLSZ OK
TLSJ OK
TLZI OK
TLJI OK
TLZO OK
TLZS OK
TLZJ OK
TLJO OK
TLJS OK
TLJZ OK
SIOJ OK
SIOL OK
SITO OK
SITJ OK
SITL OK
SIOT OK
SITZ OK
SIZJ OK
SIZL OK
SIJO OK
SIZT OK
SIJT OK
SIJZ OK
SIJL OK
SIZO OK
SILO OK
SILT OK
SILZ OK
SILJ OK
SIOZ OK
SOIT OK
SOIJ OK
SOIL OK
SOTI OK
SOTJ OK
SOTL OK
SOTZ OK
SOZT OK
SOZJ OK
SOJI OK
SOZI OK
SOZL OK
SOJT OK
SOIZ OK
SOJZ OK
SOLI OK
SOJL OK
SOLT OK
STIO OK
SOLJ OK
STIJ OK
STIL OK
SOLZ OK
STOI OK
STOJ OK
STOL OK
STIZ OK
STZJ OK
STOZ OK
STZL OK
STJI OK
STZI OK
STJO OK
STJZ OK
STZO OK
STJL OK
STLI OK
STLO OK
STLZ OK
STLJ OK
SZIL OK
SZIJ OK
SZIT OK
SZIO OK
SZOT OK
SZOJ OK
SZOI OK
SZOL OK
SZTJ OK
SZTL OK
SZJI OK
SZJO OK
SZTI OK
SZTO OK
SZJT OK
SZLI OK
SZJL OK
SZLT OK
SZLJ OK
SZLO OK
SJIO OK
SJIT OK
SJIL OK
SJOI OK
SJOT OK
SJIZ OK
SJOZ OK
SJOL OK
SJTI OK
SJTO OK
SJTZ OK
SJTL OK
SJZI OK
SJZT OK
SJLI OK
SJZL OK
SJLT OK
SJLO OK
SJZO OK
SJLZ OK
SLIO OK
SLIT OK
SLIJ OK
SLIZ OK
SLOI OK
SLOT OK
SLTI OK
SLOJ OK
SLTO OK
SLZI OK
SLTZ OK
SLTJ OK
SLOZ OK
SLJI OK
SLZT OK
SLZJ OK
SLJO OK
SLJT OK
SLZO OK
SLJZ OK
ZIOJ OK
ZIOL OK
ZITO OK
ZITJ OK
ZITL OK
ZIOT OK
ZIOS OK
ZISJ OK
ZITS OK
ZISL OK
ZIJO OK
ZIJT OK
ZIJS OK
ZIJL OK
ZISO OK
ZIST OK
ZILT OK
ZILO OK
ZILS OK
ZILJ OK
ZOIT OK
ZOIS OK
ZOIL OK
ZOIJ OK
ZOTI OK
ZOTJ OK
ZOTL OK
ZOSI OK
ZOSJ OK
ZOJI OK
ZOSL OK
ZOJT OK
ZOTS OK
ZOJS OK
ZOJL OK
ZOST OK
ZOLI OK
ZOLT OK
ZOLJ OK
ZTIO OK
ZOLS OK
ZTIJ OK
ZTIL OK
ZTOI OK
ZTOJ OK
ZTOL OK
ZTIS OK
ZTSJ OK
ZTOS OK
ZTSI OK
ZTSL OK
ZTJI OK
ZTJO OK
ZTSO OK
ZTJS OK
ZTJL OK
ZTLI OK
ZTLO OK
ZTLS OK
ZTLJ OK
ZSIJ OK
ZSIL OK
ZSIT OK
ZSIO OK
ZSOT OK
ZSOJ OK
ZSOI OK
ZSTJ OK
ZSOL OK
ZSTL OK
ZSJI OK
ZSTI OK
ZSJO OK
ZSJT OK
ZSTO OK
ZSLI OK
ZSJL OK
ZSLT OK
ZJIO OK
ZSLJ OK
ZSLO OK
ZJIT OK
ZJIL OK
ZJIS OK
ZJOI OK
ZJOT OK
ZJOL OK
ZJTI OK
ZJTO OK
ZJTS OK
ZJTL OK
ZJSI OK
ZJST OK
ZJLI OK
ZJSL OK
ZJSO OK
ZJLT OK
ZJLO OK
ZJLS OK
ZLIO OK
ZLIT OK
ZLIS OK
ZJOS OK
ZLIJ OK
ZLOI OK
ZLOT OK
ZLOJ OK
ZLTI OK
ZLTO OK
ZLOS OK
ZLTS OK
ZLTJ OK
ZLSI OK
ZLST OK
ZLSJ OK
ZLJI OK
ZLSO OK
ZLJT OK
ZLJO OK
JIOT OK
ZLJS OK
JIOS OK
JIOL OK
JIOZ OK
JITO OK
JITL OK
JITS OK
JITZ OK
JISO OK
JISL OK
JIST OK
JISZ OK
JIZO OK
JIZT OK
JIZL OK
JILO OK
JILT OK
JILS OK
JILZ OK
JOIT OK
JOIS OK
JOIZ OK
JOIL OK
JOTI OK
JOTS OK
JIZS OK
JOTZ OK
JOTL OK
JOSI OK
JOST OK
JOSL OK
JOZI OK
JOZT OK
JOLI OK
JOZL OK
JOLT OK
JOSZ OK
JOLS OK
JTIO OK
JOLZ OK
JTIS OK
JTIL OK
JTOI OK
JTIZ OK
JTOS OK
JTOL OK
JTOZ OK
JTSO OK
JTSI OK
JTSZ OK
JTSL OK
JTZI OK
JTZO OK
JTLI OK
JTLO OK
JTZS OK
JTZL OK
JOZS OK
JTLS OK
JTLZ OK
JSIT OK
JSIO OK
JSIL OK
JSIZ OK
JSOT OK
JSOI OK
JSTI OK
JSOL OK
JSTO OK
JSTL OK
JSTZ OK
JSOZ OK
JSZI OK
JSLI OK
JSZT OK
JSZL OK
JSLT OK
JSLO OK
JSLZ OK
JZIT OK
JZIO OK
JSZO OK
JZIL OK
JZOT OK
JZOI OK
JZOL OK
JZIS OK
JZTI OK
JZTO OK
JZTS OK
JZTL OK
JZST OK
JZSL OK
JZLI OK
JZLO OK
JZLT OK
JZOS OK
JZSI OK
JLIO OK
JZLS OK
JLIT OK
JLIS OK
JLOI OK
JLIZ OK
JLOT OK
JLOZ OK
JLOS OK
JLTO OK
JLTI OK
JLTS OK
JZSO OK
JLSI OK
JLTZ OK
JLST OK
JLZI OK
JLSO OK
JLZT OK
JLZO OK
JLZS OK
LIOT OK
LIOS OK
LIOZ OK
LIOJ OK
LITO OK
JLSZ OK
LITS OK
LITZ OK
LITJ OK
LIST OK
LISO OK
LISJ OK
LIZT OK
LIZO OK
LIJO OK
LIZJ OK
LIJT OK
LISZ OK
LIJS OK
LIJZ OK
LOIT OK
LOIS OK
LOIZ OK
LOIJ OK
LOTI OK
LOTS OK
LOTZ OK
LOTJ OK
LOSI OK
LOST OK
LOZI OK
LOZT OK
LIZS OK
LOSJ OK
LOSZ OK
LOJI OK
LOZJ OK
LOJT OK
LOJS OK
LTIO OK
LOZS OK
LOJZ OK
LTIJ OK
LTOI OK
LTIS OK
LTIZ OK
LTOJ OK
LTSI OK
LTOZ OK
LTOS OK
LTSO OK
LTSZ OK
LTZI OK
LTSJ OK
LTJI OK
LTZO OK
LTZS OK
LTZJ OK
LTJO OK
LSIT OK
LSIO OK
LTJS OK
LTJZ OK
LSIJ OK
LSOI OK
LSIZ OK
LSOT OK
LSTI OK
LSOJ OK
LSTO OK
LSTZ OK
LSZI OK
LSTJ OK
LSOZ OK
LSZT OK
LSZJ OK
LSJI OK
LSJT OK
LSZO OK
LSJO OK
LSJZ OK
LZIT OK
LZIO OK
LZIS OK
LZIJ OK
LZOI OK
LZOT OK
LZOJ OK
LZTI OK
LZTO OK
LZOS OK
LZTS OK
LZTJ OK
LZSI OK
LZST OK
LZSJ OK
LZJI OK
LZSO OK
LZJO OK
LZJT OK
LJIT OK
LJIO OK
LZJS OK
LJIS OK
LJOI OK
LJIZ OK
LJTI OK
LJOT OK
LJOS OK
LJOZ OK
LJTO OK
LJSI OK
LJTS OK
LJTZ OK
LJST OK
LJZI OK
LJSO OK
LJZT OK
LJZO OK
LJZS OK
LJSZ OK
