IOTJ OK
IOTL OK
IOTZ OK
IOTS OK
IOSJ OK
IOSL OK
IOST OK
IOZJ OK
IOZT OK
IOJT OK
IOZL OK
IOJS OK
IOZS OK
IOJZ OK
IOLT OK
IOJL OK
IOLS OK
IOLJ OK
IOLZ OK
ITOJ OK
ITOS OK
ITOZ OK
ITOL OK
ITSJ OK
ITSO OK
ITSL OK
ITZO OK
ITZJ OK
ITZL OK
ITJO OK
ITSZ OK
ITJS OK
ITJZ OK
ITJL OK
ITLO OK
ITLS OK
ITLZ OK
ITLJ OK
ITZS OK
IOSZ OK
ISOJ OK
ISTO OK
ISOL OK
ISTJ OK
ISOT OK
ISTL OK
ISTZ OK
ISZJ OK
ISZL OK
ISZT OK
ISJO OK
ISJT OK
ISJZ OK
ISJL OK
ISLO OK
ISLT OK
ISLJ OK
ISLZ OK
IZOT OK
IZOJ OK
IZOL OK
IZOS OK
IZTO OK
IZTJ OK
IZTL OK
IZTS OK
IZSO OK
IZSJ OK
IZSL OK
IZJO OK
IZJT OK
IZST OK
IZJS OK
IZJL OK
IZLO OK
IZLT OK
IZLS OK
IZLJ OK
IJOT OK
IJOS OK
IJOZ OK
IJTO OK
IJOL OK
ISOZ CAP
IJTS OK
IJTZ OK
IJTL OK
IJST OK
IJSO OK
IJSZ OK
IJSL OK
IJZO OK
IJZT OK
IJZL OK
IJLO OK
IJLT OK
IJLS OK
IJLZ OK
ILOT OK
IJZS OK
ILOJ OK
ISZO CAP
ILOS OK
ILOZ OK
ILTO OK
ILTS OK
ILTZ OK
ILTJ OK
ILST OK
ILSJ OK
ILSO OK
ILZT OK
ILZO OK
ILZJ OK
ILZS OK
ILJO OK
ILJT OK
ILJS OK
ILJZ OK
OITS OK
OITZ OK
OITJ OK
OITL OK
ILSZ OK
OIST OK
OISJ OK
OIZT OK
OISL OK
OIZS OK
OIZJ OK
OIZL OK
OIJT OK
OIJS OK
OIJZ OK
OIJL OK
OILT OK
OILS OK
OILJ OK
OILZ OK
OTIS OK
OTIJ OK
OTIZ OK
OTIL OK
OTSI OK
OTSJ OK
OTSL OK
OTZI OK
OTZJ OK
OTZL OK
OTJI OK
OTJS OK
OTJZ OK
OTZS OK
OTJL OK
OTLI OK
OTLS OK
OTLZ OK
OSIT OK
OTLJ OK
OISZ OK
OSIJ OK
OSTI OK
OSIL OK
OSTJ OK
OSTL OK
OSTZ OK
OSZI OK
OSZT OK
OSZL OK
OSZJ OK
OSJI OK
OSJT OK
OSJL OK
OSJZ OK
OSIZ OK
OSLT OK
OSLI OK
OSLJ OK
OZIT OK
OZIS OK
OZIJ OK
OSLZ OK
OZIL OK
OZTI OK
OZTJ OK
OZTL OK
OZSI OK
OZSJ OK
OZTS OK
OZSL OK
OZST OK
OZJI OK
OZJT OK
OZJS OK
OZJL OK
OZLI OK
OZLT OK
OZLJ OK
OJIT OK
OZLS OK
OJIS OK
OJIL OK
OJIZ OK
OJTI OK
OJTS OK
OJTZ OK
OJTL OK
OJSI OK
OJST OK
OJZI OK
OJSL OK
OJZT OK
OJZL OK
OJLI OK
OJLT OK
OTSZ CAP
OJLS OK
OLIT OK
OJLZ OK
OLIS OK
OLIZ OK
OLIJ OK
OLTI OK
OLTS OK
OLTZ OK
OJSZ OK
OLTJ OK
OLSI OK
OLST OK
OLZI OK
OJZS OK
OLSJ OK
OLZT OK
OLSZ OK
OLZJ OK
OLJI OK
OLJT OK
OLZS OK
OLJS OK
OLJZ OK
TIOJ OK
TIOL OK
TIOS OK
TIOZ OK
TISJ OK
TISL OK
TISO OK
TIZJ OK
TIZO OK
TIZL OK
TIJO OK
TIJS OK
TIJZ OK
TIJL OK
TILO OK
TILS OK
TILZ OK
TISZ OK
TILJ OK
TOIZ OK
TOIS OK
TOIJ OK
TOIL OK
TOSI OK
TOSJ OK
TOSL OK
TOZI OK
TIZS OK
TOZJ OK
TOJI OK
TOZL OK
TOJS OK
TOJZ OK
TOJL OK
TOLI OK
TOLZ OK
TOLS OK
TOLJ OK
TSIO OK
TOZS OK
TSIJ OK
TSIL OK
TSOI OK
TSOJ OK
TSOL OK
TSIZ OK
TSOZ OK
TSZJ OK
TSZL OK
TSJI OK
TSJO OK
TSZO OK
TSJZ OK
TSZI OK
TSJL OK
TSLI OK
TSLO OK
TSLZ OK
TSLJ OK
TZIO OK
TZIJ OK
TZIL OK
TZOI OK
TZOJ OK
TZOL OK
TZIS OK
TZOS OK
TZSI OK
TZSJ OK
TZSL OK
TZJI OK
TZJO OK
TZJS OK
TZJL OK
TZLI OK
TZLO OK
TZLS OK
TZLJ OK
TJIO OK
TJIS OK
TJIZ OK
TJIL OK
TJOI OK
TJOS OK
TJOZ OK
TJOL OK
TJSI OK
TJSO OK
TJSZ OK
TJSL OK
TJZI OK
TJZO OK
TJZS OK
TJLI OK
TJZL OK
TJLO OK
TJLS OK
TJLZ OK
TLIO OK
TLIS OK
TLIZ OK
TLIJ OK
TLOI OK
TZSO OK
TOSZ CAP
TLOS OK
TLOZ OK
TLOJ OK
TLSI OK
TLSO OK
TLSZ OK
TLSJ OK
TLZI OK
TLZO OK
TLZS OK
TLZJ OK
TLJI OK
TLJO OK
TLJS OK
TLJZ OK
SIOJ OK
SIOL OK
SITO OK
SITJ OK
SITL OK
SIOT OK
SITZ OK
SIZJ OK
SIZL OK
SIJO OK
SIJT OK
SIZT OK
SIJZ OK
SIJL OK
SILT OK
SILO OK
SILJ OK
SILZ OK
SOIT OK
SOIJ OK
SOIL OK
SOTI OK
SOTZ OK
SOTJ OK
SOTL OK
SOIZ OK
SOZI OK
SOZJ OK
SOZT OK
SOJI OK
SOZL OK
SOJT OK
SOJZ OK
SOJL OK
SOLT OK
SOLI OK
SOLJ OK
STIO OK
SOLZ OK
SIOZ CAP
STIJ OK
STIL OK
STOI OK
STOJ OK
STIZ OK
STOL OK
STOZ OK
SIZO CAP
STZJ OK
STZL OK
STJI OK
STZI OK
STJO OK
STZO OK
STJZ OK
STJL OK
STLI OK
STLO OK
STLZ OK
STLJ OK
SZIJ OK
SZIL OK
SZIT OK
SZOT OK
SZOJ OK
SZIO OK
SZOI OK
SZOL OK
SZTJ OK
SZTL OK
SZJI OK
SZJO OK
SZTI OK
SZJT OK
SZJL OK
SZLI OK
SZLT OK
SZLJ OK
SJIO OK
SZLO OK
SJIT OK
SJIZ OK
SJIL OK
SZTO OK
SJOT OK
SJOI OK
SJOZ OK
SJOL OK
SJTI OK
SJTO OK
SJTZ OK
SJTL OK
SJZI OK
SJZT OK
SJZL OK
SJLI OK
SJLO OK
SJLT OK
SJLZ OK
SLIT OK
SLIO OK
SLIZ OK
SLIJ OK
SJZO OK
SLOI OK
SLOT OK
SLOJ OK
SLTI OK
SLTO OK
SLTZ OK
SLTJ OK
SLZI OK
SLZT OK
SLZJ OK
SLOZ OK
SLJI OK
SLZO OK
SLJO OK
SLJT OK
SLJZ OK
ZIOJ OK
ZIOL OK
ZITO OK
ZITJ OK
ZITL OK
ZIOT OK
ZIOS OK
ZISJ OK
ZITS OK
ZISL OK
ZIJO OK
ZIJT OK
ZIJS OK
ZIJL OK
ZISO OK
ZILO OK
ZILT OK
ZIST OK
ZILJ OK
ZILS OK
ZOIT OK
ZOIS OK
ZOIJ OK
ZOIL OK
ZOTI OK
ZOTL OK
ZOTJ OK
ZOSI OK
ZOSJ OK
ZOJI OK
ZOJT OK
ZOSL OK
ZOJS OK
ZOJL OK
ZOTS OK
ZOLI OK
ZOLT OK
ZOLJ OK
ZOST OK
ZTIO OK
ZTIJ OK
ZOLS OK
ZTIL OK
ZTOI OK
ZTOJ OK
ZTOL OK
ZTIS OK
ZTSJ OK
ZTSI OK
ZTOS OK
ZTSL OK
ZTJI OK
ZTJO OK
ZTJS OK
ZTJL OK
ZTLI OK
ZTSO OK
ZTLO OK
ZTLS OK
ZTLJ OK
ZSIJ OK
ZSIL OK
ZSIT OK
ZSOT OK
ZSOJ OK
ZSIO OK
ZSOL OK
ZSOI OK
ZSTJ OK
ZSTL OK
ZSJI OK
ZSTI OK
ZSJO OK
ZSJT OK
ZSJL OK
ZSLI OK
ZSLT OK
ZSLJ OK
ZSLO OK
ZJIO OK
ZSTO OK
ZJIT OK
ZJIS OK
ZJIL OK
ZJOI OK
ZJOT OK
ZJTI OK
ZJTO OK
ZJOL OK
ZJTS OK
ZJTL OK
ZJSI OK
ZJST OK
ZJLI OK
ZJSO OK
ZJSL OK
ZJLO OK
ZJLT OK
ZJLS OK
ZLIO OK
ZLIT OK
ZLIS OK
ZLIJ OK
ZLOT OK
ZLOI OK
ZLOJ OK
ZLTI OK
ZLTO OK
ZLOS OK
ZLTS OK
ZLTJ OK
ZLSI OK
ZLST OK
ZLSJ OK
ZLJI OK
ZLSO OK
ZLJO OK
ZLJT OK
ZLJS OK
JIOT OK
JIOS OK
JIOZ OK
JIOL OK
JITO OK
JITS OK
ZJOS OK
JITZ OK
JITL OK
JISO OK
JIST OK
JISZ OK
JISL OK
JIZT OK
JIZO OK
JIZL OK
JILO OK
JILT OK
JILS OK
JILZ OK
JOIT OK
JOIL OK
JOIS OK
JOIZ OK
JIZS OK
JOTI OK
JOTL OK
JOTS OK
JOTZ OK
JOSI OK
JOST OK
JOZI OK
JOZT OK
JOSL OK
JOLI OK
JOZL OK
JOLT OK
JOLS OK
JOLZ OK
JTIO OK
JTIS OK
JTIZ OK
JTIL OK
JTOI OK
JTOS OK
JTOZ OK
JTOL OK
JTSI OK
JTSO OK
JTSZ OK
JTZI OK
JTSL OK
JTZO OK
JTZS OK
JTLI OK
JTZL OK
JTLO OK
JTLS OK
JTLZ OK
JSIO OK
JSIT OK
JSIZ OK
JSIL OK
JSOI OK
JSOT OK
JSOL OK
JOSZ OK
JSTI OK
JSTO OK
JSTZ OK
JOZS OK
JSTL OK
JSZT OK
JSZI OK
JSOZ OK
JSZL OK
JSLI OK
JSLO OK
JSLT OK
JSLZ OK
JZIT OK
JZIO OK
JZIL OK
JZOI OK
JZOT OK
JSZO OK
JZTI OK
JZIS OK
JZOL OK
JZTO OK
JZTS OK
JZTL OK
JZST OK
JZSL OK
JZSI OK
JZLI OK
JZLO OK
JZLT OK
JZLS OK
JLIO OK
JLIT OK
JLIS OK
JLIZ OK
JLOI OK
JLOT OK
JLOS OK
JLOZ OK
JLTI OK
JLTO OK
JLTS OK
JLTZ OK
JLSI OK
JLST OK
JLSO OK
JLZI OK
JLZO OK
JLZT OK
JLZS OK
JLSZ OK
LIOT OK
JZOS OK
LIOS OK
LIOJ OK
LIOZ OK
LITO OK
LITS OK
LITZ OK
LITJ OK
LIST OK
LISO OK
JZSO OK
LISJ OK
LIZT OK
LIZO OK
LIZJ OK
LIJO OK
LIJT OK
LIJS OK
LIJZ OK
LOIT OK
LISZ OK
LOIS OK
LOIJ OK
LOIZ OK
LOTI OK
LOTJ OK
LOTS OK
LOTZ OK
LOST OK
LOSI OK
LOSJ OK
LOZI OK
LOZT OK
LOZJ OK
LIZS OK
LOJI OK
LOSZ OK
LOJT OK
LOZS OK
LOJS OK
LTIO OK
LOJZ OK
LTIS OK
LTIZ OK
LTIJ OK
LTOI OK
LTOJ OK
LTSI OK
LTOS OK
LTOZ OK
LTSO OK
LTSZ OK
LTSJ OK
LTZI OK
LTZO OK
LTZS OK
LTZJ OK
LTJI OK
LTJO OK
LTJS OK
LTJZ OK
LSIT OK
LSIO OK
LSIJ OK
LSIZ OK
LSOT OK
LSOI OK
LSOJ OK
LSTI OK
LSTO OK
LSTZ OK
LSTJ OK
LSZI OK
LSZT OK
LSZJ OK
LSJI OK
LSOZ OK
LSJO OK
LSZO OK
LSJT OK
LSJZ OK
LZIT OK
LZIO OK
LZIJ OK
LZIS OK
LZOI OK
LZOT OK
LZOJ OK
LZTO OK
LZTI OK
LZTS OK
LZTJ OK
LZOS OK
LZSI OK
LZST OK
LZSJ OK
LZJI OK
LZJO OK
LZJT OK
LZSO OK
LZJS OK
LJIO OK
LJIT OK
LJIS OK
LJIZ OK
LJOI OK
LJOT OK
LJTI OK
LJOS OK
LJTO OK
LJOZ OK
LJTS OK
LJTZ OK
LJSI OK
LJST OK
LJZI OK
LJSO OK
LJZO OK
LJZT OK
LJZS OK
LJSZ OK
