IOTS OK
IOTL OK
IOTZ OK
IOTJ OK
IOST OK
IOSZ OK
IOSL OK
IOSJ OK
IOZT OK
IOZL OK
IOJT OK
IOZJ OK
IOJL OK
IOJS OK
IOLT OK
IOJZ OK
IOLJ OK
ITOS OK
IOLS OK
IOLZ OK
ITOZ OK
ITOJ OK
ITOL OK
ITSO OK
ITSZ OK
ITSJ OK
ITSL OK
ITZO OK
ITZS OK
ITZJ OK
ITZL OK
ITJO OK
ITJS OK
ITJL OK
ITJZ OK
ITLO OK
ITLS OK
ITLZ OK
ITLJ OK
ISOT OK
ISOZ OK
ISOJ OK
ISOL OK
ISTO OK
ISTZ OK
ISTJ OK
ISTL OK
ISZT OK
ISZO OK
ISJO OK
ISZJ OK
ISJT OK
ISZL OK
ISJL OK
ISLT OK
ISLO OK
ISJZ OK
ISLJ OK
IZOT OK
IZOJ OK
IZOL OK
IZTO OK
ISLZ OK
IZTS OK
IZTJ OK
IOZS OK
IZTL OK
IZST OK
IZSL OK
IZSJ OK
IZJT OK
IZJO OK
IZJL OK
IZJS OK
IZLO OK
IZLT OK
IZLJ OK
IJOT OK
IZLS OK
IJOS OK
IJOL OK
IJOZ OK
IJTO OK
IJTS OK
IJTZ OK
IJTL OK
IJST OK
IJSO OK
IJSL OK
IJSZ OK
IZOS OK
IJZT OK
IJZL OK
IJLO OK
IJZO OK
IJLT OK
IJLS OK
IJLZ OK
ILOT OK
ILOS OK
ILOZ OK
ILOJ OK
ILTO OK
ILTS OK
ILTZ OK
ILTJ OK
ILST OK
ILSO OK
ILSJ OK
IZSO OK
ILZT OK
ILZO OK
ILZJ OK
ILSZ OK
ILJO OK
ILJT OK
ILJS OK
ILJZ OK
ILZS OK
OITS OK
OITZ OK
OITJ OK
OITL OK
OIST OK
OISZ OK
OISJ OK
IJZS OK
OISL OK
OIZT OK
OIZS OK
OIJT OK
OIZL OK
OIZJ OK
OIJL OK
OILT OK
OIJS OK
OIJZ OK
OILJ OK
OILS OK
OILZ OK
OTIS OK
OTIZ OK
OTIJ OK
OTIL OK
OTSI OK
OTZI OK
OTSJ OK
OTZJ OK
OTZS OK
OTSL OK
OTJI OK
OTJS OK
OTZL OK
OTJZ OK
OTJL OK
OTLI OK
OTLJ OK
OSIT OK
OSIZ OK
OTLS OK
OTLZ OK
OSIL OK
OSIJ OK
OSTI OK
OSTZ OK
OSTL OK
OSTJ OK
OSZI OK
OSZT OK
OSJI OK
OSJT OK
OSZJ OK
OSZL OK
OSJL OK
OTSZ OK
OSLI OK
OSLT OK
OSLJ OK
OZIT OK
OSJZ OK
OZIS OK
OZIJ OK
OZIL OK
OSLZ OK
OZTI OK
OZTJ OK
OZTS OK
OZSI OK
OZTL OK
OZJI OK
OZSJ OK
OZJT OK
OZSL OK
OZJL OK
OZLI OK
OZLT OK
OZLS OK
OZLJ OK
OJIT OK
OJIS OK
OZST OK
OJIZ OK
OJIL OK
OJTI OK
OJTS OK
OJTL OK
OJTZ OK
OJST OK
OJSI OK
OJSZ OK
OJSL OK
OZJS OK
OJZL OK
OJLI OK
OJZT OK
OJZI OK
OJLT OK
OJLS OK
OJLZ OK
OLIT OK
OLIJ OK
OLTI OK
OLIS OK
OLIZ OK
OLTJ OK
OLTS OK
OLTZ OK
OLSI OK
OLSJ OK
OLST OK
OLZI OK
OLZT OK
OLZJ OK
OLSZ OK
OLJI OK
OLJT OK
OLJS OK
OLZS OK
OLJZ OK
TIOS OK
TIOJ OK
TIOZ OK
TIOL OK
TISO OK
TISZ OK
TISJ OK
TIZO OK
TISL OK
TIZS OK
TIZJ OK
TIZL OK
TIJO OK
TIJS OK
TIJZ OK
TIJL OK
TILO OK
TILS OK
TILZ OK
TILJ OK
TOIS OK
TOIZ OK
TOIJ OK
TOIL OK
OJZS OK
TOSI OK
TOSJ OK
TOZI OK
TOSL OK
TOZJ OK
TOZS OK
TOJI OK
TOZL OK
TOJS OK
TOJL OK
TOJZ OK
TOLI OK
TOLJ OK
TSIO OK
TSIZ OK
TOLS OK
TOLZ OK
TSIJ OK
TSIL OK
TSOI OK
TSOJ OK
TSOL OK
TSZI OK
TSZO OK
TSZJ OK
TSZL OK
TSJI OK
TSJO OK
TOSZ OK
TSJL OK
TSJZ OK
TSLI OK
TSLO OK
TSLJ OK
TZIO OK
TSLZ OK
TZIS OK
TZIJ OK
TZIL OK
TZOI OK
TZOJ OK
TZOS OK
TZSI OK
TZOL OK
TZSO OK
TZSL OK
TZSJ OK
TZJI OK
TZJL OK
TZJO OK
TZLI OK
TZJS OK
TZLO OK
TSOZ OK
TZLJ OK
TJIO OK
TJIS OK
TJIZ OK
TJIL OK
TZLS OK
TJOI OK
TJOL OK
TJSI OK
TJOS OK
TJOZ OK
TJSO OK
TJSL OK
TJZI OK
TJZL OK
TJSZ OK
TJZO OK
TJLI OK
TJLO OK
TJLS OK
TJZS OK
TJLZ OK
TLIO OK
TLIS OK
TLIZ OK
TLIJ OK
TLOI OK
TLOJ OK
TLSI OK
TLSO OK
TLSJ OK
TLSZ OK
TLZI OK
TLOZ OK
TLOS OK
TLZJ OK
TLJI OK
TLJO OK
TLJS OK
TLJZ OK
SIOT OK
SIOZ OK
SIOJ OK
TLZO OK
SIOL OK
SITO OK
SITZ OK
SITJ OK
SITL OK
SIZO OK
SIZT OK
SIZJ OK
SIZL OK
SIJO OK
SIJT OK
SIJL OK
TLZS OK
SILO OK
SILT OK
SILJ OK
SOIT OK
SIJZ OK
SOIZ OK
SOIJ OK
SOIL OK
SOTI OK
SOTZ OK
SOTJ OK
SOTL OK
SOZI OK
SOZT OK
SOJI OK
SILZ OK
SOJT OK
SOZJ OK
SOZL OK
SOJL OK
SOLI OK
SOLT OK
SOJZ OK
SOLJ OK
STIO OK
STIZ OK
STIJ OK
STIL OK
SOLZ OK
STOI OK
STOJ OK
STOL OK
STZI OK
STZO OK
STZJ OK
STZL OK
STJI OK
STJO OK
STJL OK
STLI OK
STOZ OK
STLO OK
STLJ OK
STJZ OK
SZIT OK
SZIO OK
SZIL OK
STLZ OK
SZIJ OK
SZOI OK
SZOT OK
SZTI OK
SZTO OK
SZOJ OK
SZTJ OK
SZOL OK
SZTL OK
SZJI OK
SZJT OK
SZJL OK
SZLI OK
SZJO OK
SZLJ OK
SZLT OK
SJIT OK
SZLO OK
SJIL OK
SJIO OK
SJOT OK
SJIZ OK
SJOL OK
SJOI OK
SJTI OK
SJTO OK
SJTL OK
SJOZ OK
SJTZ OK
SJZI OK
SJZL OK
SJZT OK
SJZO OK
SJLI OK
SJLO OK
SJLT OK
SJLZ OK
SLIT OK
SLIJ OK
SLIO OK
SLOT OK
SLOI OK
SLOJ OK
SLTI OK
SLTO OK
SLOZ OK
SLIZ OK
SLTJ OK
SLTZ OK
SLZJ OK
SLZT OK
SLZI OK
SLJI OK
SLZO OK
SLJO OK
SLJT OK
SLJZ OK
ZIOT OK
ZIOS OK
ZIOJ OK
ZITO OK
ZIOL OK
ZITS OK
ZITJ OK
ZITL OK
ZISO OK
ZIST OK
ZISL OK
ZISJ OK
ZIJT OK
ZIJO OK
ZIJL OK
ZILT OK
ZILO OK
ZIJS OK
ZILJ OK
ZOIT OK
ZOIS OK
ZOIJ OK
ZOIL OK
ZOTI OK
ZILS OK
ZOTS OK
ZOTJ OK
ZOSI OK
ZOTL OK
ZOJI OK
ZOSJ OK
ZOJT OK
ZOSL OK
ZOJL OK
ZOLI OK
ZOLT OK
ZOLS OK
ZOLJ OK
ZTIO OK
ZTIS OK
ZTIJ OK
ZTIL OK
ZOST OK
ZTOI OK
ZTOJ OK
ZTOS OK
ZTOL OK
ZTSI OK
ZTSO OK
ZTSJ OK
ZTSL OK
ZTJI OK
ZTJO OK
ZTJL OK
ZTJS OK
ZTLI OK
ZTLO OK
ZOJS OK
ZTLJ OK
ZSIT OK
ZSIO OK
ZTLS OK
ZSIJ OK
ZSIL OK
ZSOI OK
ZSOT OK
ZSTI OK
ZSTO OK
ZSOJ OK
ZSOL OK
ZSTJ OK
ZSTL OK
ZSJI OK
ZSJT OK
ZSJL OK
ZSLI OK
ZSJO OK
ZSLJ OK
ZSLT OK
ZJIT OK
ZJIO OK
ZSLO OK
ZJIL OK
ZJOT OK
ZJIS OK
ZJOI OK
ZJOL OK
ZJTI OK
ZJTL OK
ZJTO OK
ZJSI OK
ZJTS OK
ZJSL OK
ZJLI OK
ZJST OK
ZJLO OK
ZJLT OK
ZJLS OK
ZLIO OK
ZLIT OK
ZLIJ OK
ZLOI OK
ZLIS OK
ZLOT OK
ZLOS OK
ZLOJ OK
ZLTI OK
ZLTO OK
ZLTJ OK
ZLTS OK
ZLSI OK
ZLSO OK
ZLSJ OK
ZLJI OK
ZJOS OK
ZLJO OK
ZLJT OK
ZLST OK
JIOT OK
ZLJS OK
JIOL OK
JITO OK
JIOS OK
JIOZ OK
JITS OK
JITZ OK
JITL OK
JIST OK
JISL OK
JISO OK
JISZ OK
JIZT OK
JIZL OK
JIZO OK
JILO OK
JILT OK
JILS OK
JILZ OK
JOIT OK
JOIS OK
JOIZ OK
JOIL OK
JOTI OK
JOTS OK
JOTZ OK
JOTL OK
ZJSO OK
JOSI OK
JOST OK
JOSL OK
JOSZ OK
JOZT OK
JOZI OK
JOLI OK
JOZL OK
JOLT OK
JOLS OK
JOLZ OK
JTIO OK
JTIS OK
JTIZ OK
JTIL OK
JTOI OK
JTOS OK
JTOZ OK
JTOL OK
JTSI OK
JTSO OK
JTSL OK
JTZI OK
JIZS OK
JTZO OK
JTZL OK
JTSZ OK
JTLI OK
JTLO OK
JTZS OK
JTLS OK
JTLZ OK
JSIT OK
JSIL OK
JSIO OK
JSIZ OK
JSOI OK
JSOL OK
JSOT OK
JSTI OK
JSTO OK
JSOZ OK
JSTL OK
JSTZ OK
JSZI OK
JSZO OK
JSZL OK
JSLI OK
JSLO OK
JSLT OK
JSLZ OK
JSZT OK
JZIT OK
JZIL OK
JOZS OK
JZIO OK
JZIS OK
JZOL OK
JZOT OK
JZOI OK
JZTI OK
JZTL OK
JZTO OK
JZTS OK
JZSI OK
JZSL OK
JZST OK
JZLI OK
JZLT OK
JZLO OK
JLIO OK
JZLS OK
JLIT OK
JLIS OK
JLIZ OK
JLOI OK
JLOT OK
JLOS OK
JLOZ OK
JLTI OK
JLTO OK
JLTS OK
JLTZ OK
JLSI OK
JLSO OK
JLST OK
JLSZ OK
JLZI OK
JLZT OK
JLZO OK
LIOT OK
JLZS OK
LIOS OK
LIOJ OK
LIOZ OK
LITO OK
LITS OK
LITZ OK
LITJ OK
LIST OK
LISO OK
LISJ OK
JZOS OK
LIZT OK
LISZ OK
LIZO OK
LIZJ OK
LIJO OK
LIZS OK
LIJT OK
LIJS OK
LIJZ OK
LOIT OK
LOIJ OK
LOTI OK
LOIS OK
LOIZ OK
LOTJ OK
LOTS OK
LOTZ OK
LOSI OK
LOSJ OK
LOST OK
LOZI OK
LOZT OK
LOZJ OK
LOSZ OK
LOJI OK
LOJT OK
LOJS OK
LOZS OK
LOJZ OK
LTIO OK
LTIS OK
LTIZ OK
LTIJ OK
LTOI OK
LTOJ OK
LTSI OK
JZSO CAP
LTSO OK
LTSJ OK
LTOS OK
LTOZ OK
LTZI OK
LTZJ OK
LTJI OK
LTSZ OK
LTJO OK
LTJS OK
LTJZ OK
LTZO OK
LSIT OK
LSIJ OK
LSIO OK
LTZS OK
LSOI OK
LSOJ OK
LSOT OK
LSTI OK
LSIZ OK
LSTO OK
LSTJ OK
LSTZ OK
LSZI OK
LSOZ OK
LSZJ OK
LSJI OK
LSJO OK
LSZT OK
LSJT OK
LSJZ OK
LZIT OK
LZIJ OK
LZIO OK
LZIS OK
LZOI OK
LZOJ OK
LZOT OK
LZTI OK
LZOS OK
LZTJ OK
LZTO OK
LZSI OK
LZSO OK
LZTS OK
LZSJ OK
LZJI OK
LZJT OK
LZJO OK
LJIO OK
LZJS OK
LJIT OK
LJIS OK
LSZO OK
LJIZ OK
LJOI OK
LJOT OK
LZST OK
LJTO OK
LJTI OK
LJOS OK
LJOZ OK
LJTS OK
LJTZ OK
LJSI OK
LJSO OK
LJST OK
LJSZ OK
LJZI OK
LJZT OK
LJZO OK
LJZS OK
