IOTJ OK
IOTL OK
IOTS OK
IOTZ OK
IOSL OK
IOSJ OK
IOST OK
IOZJ OK
IOZL OK
IOJT OK
IOZT OK
IOJS OK
IOJZ OK
IOZS OK
IOJL OK
IOLT OK
IOLS OK
IOLZ OK
IOLJ OK
ITOJ OK
ITOL OK
ITOS OK
ITOZ OK
ITSJ OK
ITSL OK
ITSO OK
ITZO OK
ITSZ OK
ITZJ OK
ITZL OK
ITJO OK
ITJS OK
ITJZ OK
ITJL OK
IOSZ OK
ITLO OK
ITLS OK
ITLZ OK
ITLJ OK
ISOJ OK
ITZS OK
ISOL OK
ISTO OK
ISTJ OK
ISTL OK
ISOT OK
ISTZ OK
ISZJ OK
ISZL OK
ISJO OK
ISZT OK
ISJT OK
ISJL OK
ISJZ OK
ISLO OK
ISLT OK
ISZO OK
ISLJ OK
ISLZ OK
IZOJ OK
IZOL OK
IZTO OK
IZOT OK
IZOS OK
IZTJ OK
IZTL OK
IZTS OK
IZSJ OK
IZSL OK
IZJO OK
IZSO OK
IZST OK
IZJT OK
IZJS OK
IZJL OK
IZLO OK
IZLT OK
IZLS OK
IJOT OK
IZLJ OK
IJOS OK
IJOL OK
IJOZ OK
IJTO OK
IJTL OK
IJTS OK
IJTZ OK
IJSO OK
IJST OK
IJSL OK
IJSZ OK
IJZO OK
IJZT OK
IJZL OK
IJLO OK
IJLT OK
IJLS OK
IJLZ OK
ILOT OK
IJZS OK
ILOS OK
ILOZ OK
ILOJ OK
ILTO OK
ILTS OK
ILTZ OK
ILTJ OK
ILST OK
ILSO OK
ILZO OK
ILSJ OK
ILZT OK
ISOZ CAP
ILZS OK
ILSZ OK
ILJO OK
ILZJ OK
ILJT OK
ILJS OK
ILJZ OK
OITS OK
OITZ OK
OITJ OK
OITL OK
OISJ OK
OIST OK
OISL OK
OIZJ OK
OIZS OK
OIZT OK
OIZL OK
OIJT OK
OIJS OK
OIJZ OK
OIJL OK
OILT OK
OILS OK
OILZ OK
OILJ OK
OTIJ OK
OTIS OK
OTIZ OK
OTIL OK
OTSI OK
OTSJ OK
OTSL OK
OTZI OK
OTZJ OK
OTSZ OK
OTZL OK
OTJI OK
OTJS OK
OTJZ OK
OTJL OK
OTLI OK
OTZS OK
OTLS OK
OTLZ OK
OTLJ OK
OSIT OK
OSIJ OK
OSIL OK
OSTI OK
OSTJ OK
OISZ OK
OSTL OK
OSTZ OK
OSZJ OK
OSZT OK
OSJI OK
OSJT OK
OSZL OK
OSZI OK
OSJZ OK
OSJL OK
OSLI OK
OSLT OK
OSLJ OK
OZIT OK
OZIJ OK
OSLZ OK
OZIS OK
OSIZ OK
OZIL OK
OZTI OK
OZTJ OK
OZTL OK
OZSI OK
OZSJ OK
OZJI OK
OZJT OK
OZSL OK
OZTS OK
OZLI OK
OZST OK
OZJS OK
OZJL OK
OZLT OK
OJIT OK
OZLJ OK
OJIS OK
OJIZ OK
OJIL OK
OZLS OK
OJTI OK
OJTS OK
OJTL OK
OJTZ OK
OJSI OK
OJST OK
OJSL OK
OJZI OK
OJZT OK
OJZL OK
OJLI OK
OJSZ OK
OJLT OK
OJLS OK
OLIT OK
OJLZ OK
OLIS OK
OLIZ OK
OLIJ OK
OLTI OK
OLTS OK
OLTZ OK
OLTJ OK
OLSI OK
OLST OK
OLZI OK
OLZT OK
OJZS OK
OLSZ OK
OLSJ OK
OLJI OK
OLZJ OK
OLJT OK
OLJS OK
OLZS OK
OLJZ OK
TIOJ OK
TIOL OK
TIOS OK
TIOZ OK
TISJ OK
TISO OK
TISL OK
TIZJ OK
TIZL OK
TISZ OK
TIZO OK
TIJO OK
TIJS OK
TIJL OK
TIJZ OK
TILO OK
TILS OK
TILZ OK
TILJ OK
TOIJ OK
TOIS OK
TOIZ OK
TOIL OK
TOSI OK
TIZS OK
TOSJ OK
TOSL OK
TOZI OK
TOZJ OK
TOZL OK
TOJI OK
TOJS OK
TOJZ OK
TOSZ OK
TOJL OK
TOLI OK
TOLS OK
TOLZ OK
TOLJ OK
TSIO OK
TSIJ OK
TSIL OK
TOZS OK
TSOI OK
TSOJ OK
TSOL OK
TSIZ OK
TSZJ OK
TSOZ OK
TSZL OK
TSJI OK
TSZO OK
TSJO OK
TSZI OK
TSLI OK
TSJZ OK
TSJL OK
TSLO OK
TSLZ OK
TSLJ OK
TZIJ OK
TZIO OK
TZIL OK
TZOJ OK
TZOI OK
TZOL OK
TZIS OK
TZSJ OK
TZOS OK
TZJI OK
TZSI OK
TZSL OK
TZSO OK
TZJO OK
TZJS OK
TZJL OK
TZLI OK
TZLO OK
TZLS OK
TZLJ OK
TJIO OK
TJIL OK
TJOI OK
TJIS OK
TJIZ OK
TJOL OK
TJOS OK
TJOZ OK
TJSI OK
TJSO OK
TJZI OK
TJSZ OK
TJSL OK
TJZO OK
TJLI OK
TJLO OK
TJZS OK
TJZL OK
TJLS OK
TLIO OK
TJLZ OK
TLIJ OK
TLIS OK
TLOI OK
TLIZ OK
TLOJ OK
TLOS OK
TLSI OK
TLOZ OK
TLSO OK
TLSZ OK
TLSJ OK
TLZI OK
TLJI OK
TLZO OK
TLZS OK
TLZJ OK
TLJO OK
TLJS OK
TLJZ OK
SIOJ OK
SIOL OK
SITO OK
SITJ OK
SITL OK
SIOT OK
SITZ OK
SIZJ OK
SIZL OK
SIJO OK
SIZT OK
SIJT OK
SIJL OK
SIJZ OK
SIZO OK
SILO OK
SILT OK
SILZ OK
SILJ OK
SOIT OK
SIOZ OK
SOIJ OK
SOIL OK
SOTI OK
SOTJ OK
SOTL OK
SOTZ OK
SOZT OK
SOZJ OK
SOJI OK
SOJT OK
SOZL OK
SOIZ OK
SOZI OK
SOJZ OK
SOLI OK
SOJL OK
SOLT OK
STIO OK
SOLJ OK
STIJ OK
STIL OK
SOLZ OK
STOI OK
STOJ OK
STOL OK
STIZ OK
STZJ OK
STOZ OK
STZL OK
STJI OK
STZI OK
STJO OK
STZO OK
STJZ OK
STLI OK
STJL OK
STLO OK
STLZ OK
STLJ OK
SZIL OK
SZIJ OK
SZIT OK
SZIO OK
SZOJ OK
SZOT OK
SZOI OK
SZOL OK
SZTJ OK
SZTL OK
SZJI OK
SZTI OK
SZTO OK
SZJO OK
SZJT OK
SZJL OK
SZLI OK
SZLT OK
SZLJ OK
SJIO OK
SZLO OK
SJIT OK
SJIL OK
SJOI OK
SJIZ OK
SJOT OK
SJOZ OK
SJOL OK
SJTI OK
SJTO OK
SJTZ OK
SJTL OK
SJZI OK
SJLI OK
SJZT OK
SJZL OK
SJLT OK
SJZO OK
SJLO OK
SJLZ OK
SLIO OK
SLIT OK
SLIZ OK
SLIJ OK
SLOI OK
SLOT OK
SLOJ OK
SLTI OK
SLTO OK
SLZI OK
SLOZ OK
SLTJ OK
SLTZ OK
SLJI OK
SLZJ OK
SLZT OK
SLJO OK
SLJT OK
SLJZ OK
SLZO OK
ZIOL OK
ZIOJ OK
ZITO OK
ZITJ OK
ZITL OK
ZIOT OK
ZIOS OK
ZISJ OK
ZITS OK
ZISL OK
ZIJO OK
ZIJT OK
ZISO OK
ZIJS OK
ZIJL OK
ZIST OK
ZILT OK
ZILO OK
ZILS OK
ZILJ OK
ZOIT OK
ZOIJ OK
ZOIS OK
ZOIL OK
ZOTI OK
ZOTJ OK
ZOTL OK
ZOSI OK
ZOSJ OK
ZOJI OK
ZOJT OK
ZOSL OK
ZOTS OK
ZOJS OK
ZOJL OK
ZOST OK
ZOLI OK
ZOLT OK
ZTIO OK
ZOLJ OK
ZOLS OK
ZTIJ OK
ZTIL OK
ZTOI OK
ZTOJ OK
ZTOL OK
ZTIS OK
ZTSJ OK
ZTOS OK
ZTSI OK
ZTJI OK
ZTSL OK
ZTSO OK
ZTJO OK
ZTJS OK
ZTJL OK
ZTLI OK
ZTLO OK
ZTLJ OK
ZTLS OK
ZSIL OK
ZSIJ OK
ZSIT OK
ZSIO OK
ZSOT OK
ZSOJ OK
ZSOI OK
ZSOL OK
ZSTJ OK
ZSTL OK
ZSJI OK
ZSJO OK
ZSJT OK
ZSTI OK
ZSTO OK
ZSJL OK
ZSLI OK
ZSLT OK
ZSLJ OK
ZJIO OK
ZSLO OK
ZJIT OK
ZJIL OK
ZJIS OK
ZJOT OK
ZJOI OK
ZJOL OK
ZJTO OK
ZJTI OK
ZJTS OK
ZJTL OK
ZJSI OK
ZJST OK
ZJLI OK
ZJSL OK
ZJSO OK
ZJLT OK
ZJLO OK
ZJLS OK
ZLIO OK
ZLIT OK
ZLIS OK
ZJOS OK
ZLIJ OK
ZLOT OK
ZLOI OK
ZLOJ OK
ZLOS OK
ZLTI OK
ZLTO OK
ZLTS OK
ZLTJ OK
ZLSI OK
ZLST OK
ZLSJ OK
ZLJI OK
ZLSO OK
ZLJT OK
JIOT OK
ZLJO OK
ZLJS OK
JIOS OK
JIOL OK
JIOZ OK
JITO OK
JITL OK
JITS OK
JITZ OK
JISO OK
JIST OK
JISL OK
JISZ OK
JIZO OK
JIZT OK
JIZL OK
JILO OK
JILT OK
JILS OK
JILZ OK
JOIT OK
JOIS OK
JOIZ OK
JOIL OK
JOTI OK
JIZS OK
JOTS OK
JOTZ OK
JOTL OK
JOSI OK
JOST OK
JOSL OK
JOZI OK
JOZT OK
JOZL OK
JOLI OK
JOLT OK
JOLS OK
JOSZ OK
JTIO OK
JOLZ OK
JTIS OK
JTIL OK
JTIZ OK
JTOI OK
JTOS OK
JTOL OK
JTOZ OK
JTSO OK
JTSI OK
JTSZ OK
JTZI OK
JTSL OK
JTZO OK
JTLI OK
JTZS OK
JTZL OK
JOZS OK
JTLO OK
JTLS OK
JTLZ OK
JSIT OK
JSIL OK
JSIO OK
JSIZ OK
JSOT OK
JSOI OK
JSOL OK
JSTI OK
JSTO OK
JSTZ OK
JSTL OK
JSOZ OK
JSZI OK
JSLI OK
JSZT OK
JSZL OK
JSLT OK
JSLO OK
JSLZ OK
JSZO OK
JZIT OK
JZIO OK
JZIL OK
JZOT OK
JZOI OK
JZOL OK
JZIS OK
JZTI OK
JZTO OK
JZTS OK
JZTL OK
JZST OK
JZSL OK
JZLI OK
JZLO OK
JZLT OK
JZSI OK
JZOS OK
JLIO OK
JZLS OK
JLIT OK
JLIS OK
JLIZ OK
JLOI OK
JLOT OK
JLOS OK
JLOZ OK
JLTI OK
JLTO OK
JZSO OK
JLTS OK
JLTZ OK
JLSI OK
JLZI OK
JLST OK
JLSO OK
JLZT OK
JLZO OK
LIOT OK
JLZS OK
LIOS OK
LIOZ OK
LIOJ OK
LITO OK
JLSZ OK
LITS OK
LITZ OK
LITJ OK
LIST OK
LISO OK
LISJ OK
LIZT OK
LIZO OK
LIJO OK
LIZJ OK
LIJT OK
LISZ OK
LIJS OK
LIJZ OK
LOIT OK
LOIS OK
LOIJ OK
LOIZ OK
LOTI OK
LOTS OK
LOTZ OK
LOTJ OK
LOSI OK
LOST OK
LOZI OK
LOZT OK
LIZS OK
LOSJ OK
LOSZ OK
LOJI OK
LOJT OK
LOZJ OK
LOJS OK
LOZS OK
LTIO OK
LOJZ OK
LTIJ OK
LTOI OK
LTIS OK
LTIZ OK
LTOJ OK
LTSI OK
LTOS OK
LTOZ OK
LTSO OK
LTSZ OK
LTSJ OK
LTZI OK
LTJI OK
LTZO OK
LTZS OK
LTZJ OK
LTJO OK
LTJS OK
LTJZ OK
LSIO OK
LSIT OK
LSIZ OK
LSIJ OK
LSOI OK
LSOT OK
LSTI OK
LSOJ OK
LSTO OK
LSTZ OK
LSTJ OK
LSZI OK
LSOZ OK
LSJI OK
LSZT OK
LSZJ OK
LSJT OK
LSZO OK
LSJO OK
LSJZ OK
LZIT OK
LZIO OK
LZIJ OK
LZIS OK
LZOT OK
LZOI OK
LZOJ OK
LZTI OK
LZTO OK
LZOS OK
LZTS OK
LZTJ OK
LZST OK
LZSI OK
LZSJ OK
LZJI OK
LZSO OK
LZJO OK
LZJT OK
LJIO OK
LJIT OK
LZJS OK
LJIS OK
LJIZ OK
LJOI OK
LJOT OK
LJOS OK
LJTI OK
LJOZ OK
LJTO OK
LJSI OK
LJTS OK
LJTZ OK
LJZI OK
LJST OK
LJSO OK
LJZT OK
LJZO OK
LJZS OK
LJSZ OK
