IOTJ OK
IOTL OK
IOTZ OK
IOTS OK
IOST OK
IOSJ OK
IOSL OK
IOZT OK
IOZJ OK
IOJT OK
IOZL OK
IOJS OK
IOJZ OK
IOLT OK
IOJL OK
IOLS OK
IOLZ OK
IOLJ OK
IOZS OK
ITOJ OK
ITOS OK
ITOL OK
IOSZ OK
ITOZ OK
ITSJ OK
ITSL OK
ITSO OK
ITZJ OK
ITZO OK
ITZL OK
ITJO OK
ITJZ OK
ITJS OK
ITSZ OK
ITJL OK
ITLO OK
ITLS OK
ITLJ OK
ITLZ OK
ISOJ OK
ISOL OK
ISTO OK
ITZS OK
ISTJ OK
ISOT OK
ISTL OK
ISTZ OK
ISZJ OK
ISZL OK
ISJO OK
ISOZ OK
ISZT OK
ISJT OK
ISJZ OK
ISJL OK
ISLO OK
ISLT OK
ISLZ OK
ISLJ OK
IZOJ OK
ISZO OK
IZOL OK
IZTO OK
IZTJ OK
IZTL OK
IZOT OK
IZOS OK
IZSJ OK
IZSL OK
IZTS OK
IZJO OK
IZJT OK
IZJS OK
IZSO OK
IZJL OK
IZLO OK
IZLT OK
IZLS OK
IZST OK
IZLJ OK
IJOT OK
IJOL OK
IJOS OK
IJOZ OK
IJTO OK
IJTS OK
IJTZ OK
IJTL OK
IJSO OK
IJST OK
IJSL OK
IJSZ OK
IJZO OK
IJZT OK
IJZL OK
IJLO OK
IJLT OK
IJLS OK
IJLZ OK
ILOT OK
IJZS OK
ILOS OK
ILOJ OK
ILOZ OK
ILTO OK
ILTS OK
ILTZ OK
ILTJ OK
ILST OK
ILSO OK
ILSJ OK
ILZT OK
ILZO OK
ILZS OK
ILZJ OK
ILJO OK
ILJT OK
ILJS OK
ILJZ OK
OITS OK
OITZ OK
OITJ OK
ILSZ OK
OITL OK
OIST OK
OISJ OK
OIZT OK
OISL OK
OIZS OK
OIZJ OK
OIZL OK
OIJT OK
OIJS OK
OIJZ OK
OIJL OK
OILT OK
OILS OK
OILZ OK
OILJ OK
OTIS OK
OTIZ OK
OTIJ OK
OTIL OK
OTSI OK
OTSL OK
OTSJ OK
OISZ OK
OTZI OK
OTZJ OK
OTJI OK
OTZL OK
OTSZ OK
OTJS OK
OTJZ OK
OTJL OK
OTLI OK
OTLS OK
OTLJ OK
OTLZ OK
OSIT OK
OSIJ OK
OTZS OK
OSIL OK
OSTI OK
OSTJ OK
OSTL OK
OSTZ OK
OSIZ OK
OSZT OK
OSZJ OK
OSJI OK
OSJT OK
OSJZ OK
OSZL OK
OSJL OK
OSZI OK
OSLI OK
OSLT OK
OSLJ OK
OZIT OK
OZIS OK
OZIJ OK
OZIL OK
OZTI OK
OSLZ OK
OZTJ OK
OZTL OK
OZSI OK
OZSJ OK
OZJI OK
OZJT OK
OZSL OK
OZJS OK
OZTS OK
OZJL OK
OZLI OK
OZST OK
OZLT OK
OZLJ OK
OJIT OK
OJIS OK
OZLS OK
OJIZ OK
OJIL OK
OJTI OK
OJTS OK
OJTL OK
OJSI OK
OJTZ OK
OJST OK
OJZI OK
OJSL OK
OJZT OK
OJLI OK
OJZL OK
OJLT OK
OJSZ OK
OLIT OK
OJLS OK
OJLZ OK
OLIS OK
OLIZ OK
OLIJ OK
OLTI OK
OLTS OK
OLTZ OK
OLTJ OK
OLST OK
OLSI OK
OJZS OK
OLZI OK
OLZT OK
OLSZ OK
OLZJ OK
OLSJ OK
OLZS OK
OLJI OK
OLJT OK
OLJS OK
OLJZ OK
TIOJ OK
TIOL OK
TIOS OK
TIOZ OK
TISJ OK
TISL OK
TISO OK
TIZJ OK
TIZL OK
TIZO OK
TIJO OK
TIJS OK
TISZ OK
TIJZ OK
TIJL OK
TILO OK
TILS OK
TILZ OK
TILJ OK
TOIS OK
TOIZ OK
TOIJ OK
TOIL OK
TOSI OK
TOSJ OK
TOSL OK
TOZI OK
TIZS OK
TOZJ OK
TOZL OK
TOJI OK
TOJS OK
TOSZ OK
TOJZ OK
TOJL OK
TOLI OK
TOLS OK
TOLZ OK
TOLJ OK
TSIO OK
TSIJ OK
TSIL OK
TOZS OK
TSOI OK
TSOJ OK
TSOL OK
TSIZ OK
TSZJ OK
TSOZ OK
TSZL OK
TSJI OK
TSJO OK
TSJZ OK
TSZO OK
TSZI OK
TSJL OK
TSLI OK
TSLO OK
TSLZ OK
TSLJ OK
TZIJ OK
TZIL OK
TZIO OK
TZOJ OK
TZOI OK
TZOL OK
TZIS OK
TZSJ OK
TZSL OK
TZOS OK
TZSI OK
TZSO OK
TZJI OK
TZJO OK
TZJS OK
TZJL OK
TZLI OK
TZLO OK
TZLS OK
TZLJ OK
TJIO OK
TJIS OK
TJIZ OK
TJIL OK
TJOI OK
TJOL OK
TJSI OK
TJOS OK
TJOZ OK
TJSZ OK
TJSO OK
TJSL OK
TJZI OK
TJZO OK
TJZS OK
TJZL OK
TJLI OK
TJLO OK
TJLS OK
TJLZ OK
TLIO OK
TLIS OK
TLIZ OK
TLIJ OK
TLOI OK
TLOJ OK
TLSI OK
TLOS OK
TLOZ OK
TLSO OK
TLSZ OK
TLSJ OK
TLZI OK
TLZO OK
TLZS OK
TLZJ OK
TLJI OK
TLJO OK
TLJS OK
TLJZ OK
SIOJ OK
SIOL OK
SITO OK
SITJ OK
SITL OK
SIOT OK
SITZ OK
SIZJ OK
SIZL OK
SIJO OK
SIOZ OK
SIZT OK
SIJT OK
SIJZ OK
SIJL OK
SILT OK
SILO OK
SIZO OK
SILJ OK
SILZ OK
SOIT OK
SOIJ OK
SOTI OK
SOIL OK
SOTJ OK
SOTL OK
SOTZ OK
SOZT OK
SOIZ OK
SOZJ OK
SOJI OK
SOJT OK
SOJZ OK
SOJL OK
SOZL OK
SOZI OK
SOLI OK
SOLT OK
SOLJ OK
STIO OK
STIJ OK
STIL OK
STOI OK
SOLZ OK
STOJ OK
STOL OK
STIZ OK
STZJ OK
STOZ OK
STZL OK
STJI OK
STJO OK
STZI OK
STZO OK
STJZ OK
STJL OK
STLI OK
STLO OK
STLZ OK
STLJ OK
SZIJ OK
SZIL OK
SZIT OK
SZIO OK
SZOT OK
SZOJ OK
SZOI OK
SZTJ OK
SZOL OK
SZTL OK
SZJO OK
SZJI OK
SZTI OK
SZJT OK
SZJL OK
SZTO OK
SZLI OK
SZLT OK
SZLJ OK
SJIO OK
SJIT OK
SZLO OK
SJIZ OK
SJIL OK
SJOT OK
SJOI OK
SJOZ OK
SJOL OK
SJTI OK
SJTO OK
SJTZ OK
SJTL OK
SJZI OK
SJZT OK
SJZL OK
SJLI OK
SJLO OK
SJLT OK
SJLZ OK
SLIT OK
SLIO OK
SJZO OK
SLIZ OK
SLIJ OK
SLOI OK
SLOT OK
SLOJ OK
SLTO OK
SLTI OK
SLTZ OK
SLTJ OK
SLZI OK
SLZT OK
SLOZ OK
SLZJ OK
SLZO OK
SLJI OK
SLJO OK
SLJT OK
SLJZ OK
ZIOJ OK
ZIOL OK
ZITO OK
ZITJ OK
ZITL OK
ZIOT OK
ZIOS OK
ZISJ OK
ZISL OK
ZIJO OK
ZITS OK
ZIJT OK
ZIJS OK
ZISO OK
ZIJL OK
ZILO OK
ZIST OK
ZILT OK
ZILS OK
ZILJ OK
ZOIT OK
ZOIS OK
ZOIJ OK
ZOIL OK
ZOTI OK
ZOTJ OK
ZOTL OK
ZOSI OK
ZOSJ OK
ZOJI OK
ZOJT OK
ZOSL OK
ZOJS OK
ZOTS OK
ZOJL OK
ZOLI OK
ZOLT OK
ZOST OK
ZOLJ OK
ZTIO OK
ZOLS OK
ZTIJ OK
ZTIL OK
ZTOI OK
ZTOJ OK
ZTOL OK
ZTIS OK
ZTSJ OK
ZTSI OK
ZTSO OK
ZTSL OK
ZTJI OK
ZTOS OK
ZTJO OK
ZTJS OK
ZTJL OK
ZTLI OK
ZTLO OK
ZTLS OK
ZTLJ OK
ZSIJ OK
ZSIL OK
ZSIT OK
ZSIO OK
ZSOT OK
ZSOJ OK
ZSOI OK
ZSTJ OK
ZSTL OK
ZSOL OK
ZSJI OK
ZSJO OK
ZSTI OK
ZSJT OK
ZSJL OK
ZSTO OK
ZSLI OK
ZSLT OK
ZSLJ OK
ZJIO OK
ZSLO OK
ZJIT OK
ZJIS OK
ZJIL OK
ZJOT OK
ZJOI OK
ZJOL OK
ZJTI OK
ZJTO OK
ZJTS OK
ZJTL OK
ZJSI OK
ZJST OK
ZJOS OK
ZJSL OK
ZJLI OK
ZJSO OK
ZJLO OK
ZJLT OK
ZJLS OK
ZLIO OK
ZLIT OK
ZLIS OK
ZLIJ OK
ZLOT OK
ZLOI OK
ZLOJ OK
ZLTI OK
ZLTO OK
ZLOS OK
ZLTS OK
ZLTJ OK
ZLST OK
ZLSI OK
ZLSJ OK
ZLJI OK
ZLJT OK
ZLJO OK
ZLSO OK
ZLJS OK
JIOT OK
JIOS OK
JIOZ OK
JIOL OK
JITO OK
JITS OK
JITZ OK
JITL OK
JISO OK
JIST OK
JISZ OK
JISL OK
JIZT OK
JIZO OK
JIZL OK
JILO OK
JILT OK
JILS OK
JILZ OK
JOIT OK
JOIS OK
JOIZ OK
JOIL OK
JIZS OK
JOTI OK
JOTL OK
JOSI OK
JOTS OK
JOTZ OK
JOST OK
JOZI OK
JOZT OK
JOSL OK
JOLI OK
JOZL OK
JOLT OK
JOSZ OK
JOLS OK
JOLZ OK
JTIO OK
JTIS OK
JTIL OK
JTIZ OK
JTOI OK
JTOL OK
JTOS OK
JTOZ OK
JTSI OK
JTSO OK
JTSZ OK
JTSL OK
JTZI OK
JTZO OK
JTZS OK
JTLI OK
JTZL OK
JTLO OK
JTLS OK
JTLZ OK
JSIO OK
JOZS OK
JSIT OK
JSIZ OK
JSIL OK
JSOT OK
JSOI OK
JSOL OK
JSTI OK
JSTO OK
JSTZ OK
JSTL OK
JSZT OK
JSZL OK
JSOZ OK
JSLI OK
JSZI OK
JSLO OK
JSLT OK
JSLZ OK
JZIO OK
JZIT OK
JSZO OK
JZIL OK
JZOI OK
JZOT OK
JZOL OK
JZTI OK
JZIS OK
JZTO OK
JZTS OK
JZTL OK
JZST OK
JZSL OK
JZLI OK
JZSI OK
JZLO OK
JZLT OK
JZLS OK
JLIO OK
JLIT OK
JLIS OK
JLIZ OK
JLOI OK
JLOT OK
JLOS OK
JLOZ OK
JZOS OK
JLTI OK
JLTO OK
JLTS OK
JLTZ OK
JLSI OK
JLST OK
JZSO OK
JLZI OK
JLSO OK
JLZO OK
JLZT OK
JLZS OK
LIOT OK
LIOS OK
LIOJ OK
LIOZ OK
LITO OK
LITS OK
LITZ OK
LITJ OK
LIST OK
LISO OK
LISJ OK
LIZT OK
LIZO OK
LIZJ OK
LIJO OK
LISZ OK
LIJT OK
LIJS OK
LIJZ OK
LOIT OK
JLSZ OK
LOIS OK
LOIZ OK
LOIJ OK
LOTI OK
LOTJ OK
LOTS OK
LOTZ OK
LOST OK
LOSI OK
LIZS OK
LOZT OK
LOZI OK
LOZJ OK
LOSZ OK
LOJI OK
LOSJ OK
LOJT OK
LOZS OK
LOJS OK
LTIO OK
LOJZ OK
LTIS OK
LTIZ OK
LTIJ OK
LTOI OK
LTOS OK
LTOJ OK
LTSI OK
LTOZ OK
LTSO OK
LTSZ OK
LTSJ OK
LTZI OK
LTZO OK
LTZS OK
LTZJ OK
LTJI OK
LTJO OK
LTJS OK
LTJZ OK
LSIT OK
LSIO OK
LSIJ OK
LSIZ OK
LSOT OK
LSOI OK
LSOJ OK
LSTI OK
LSTO OK
LSTZ OK
LSTJ OK
LSZI OK
LSZT OK
LSZJ OK
LSOZ OK
LSJI OK
LSZO OK
LSJO OK
LSJT OK
LSJZ OK
LZIT OK
LZIO OK
LZIJ OK
LZIS OK
LZOT OK
LZOI OK
LZOJ OK
LZTI OK
LZTO OK
LZTS OK
LZOS OK
LZTJ OK
LZST OK
LZSI OK
LZSJ OK
LZJI OK
LZJT OK
LZJO OK
LZSO OK
LZJS OK
LJIO OK
LJIT OK
LJIS OK
LJOI OK
LJIZ OK
LJOT OK
LJOS OK
LJTI OK
LJTO OK
LJOZ OK
LJTS OK
LJTZ OK
LJSI OK
LJST OK
LJZI OK
LJSO OK
LJZO OK
LJZT OK
LJZS OK
LJSZ OK
