IOTJ OK
IOTL OK
IOST OK
IOSZ OK
IOSJ OK
IOSL OK
IOTZ OK
IOTS OK
IOZJ OK
IOZL OK
IOJT OK
IOJS OK
IOJZ OK
IOJL OK
IOLT OK
IOLS OK
IOZT OK
IOLZ OK
IOLJ OK
ITOJ OK
IOZS OK
ITOL OK
ITOS OK
ITOZ OK
ITSJ OK
ITSL OK
ITSO OK
ITZJ OK
ITZL OK
ITJO OK
ITJS OK
ITJZ OK
ITJL OK
ITZO OK
ITSZ OK
ITLO OK
ITLS OK
ITLJ OK
ITLZ OK
ISOJ OK
ISOL OK
ITZS OK
ISOT OK
ISTJ OK
ISTO OK
ISTL OK
ISTZ OK
ISZJ OK
ISZL OK
ISJO OK
ISJT OK
ISJZ OK
ISJL OK
ISZT OK
ISLO OK
ISLT OK
ISLZ OK
ISLJ OK
IZOT OK
ISZO OK
IZOJ OK
IZOL OK
IZOS OK
IZTJ OK
IZTL OK
IZTO OK
IZTS OK
IZSJ OK
IZSL OK
IZJO OK
IZJT OK
IZJS OK
IZST OK
IZJL OK
IZLO OK
IZLT OK
IZLJ OK
IZSO OK
IJOT OK
IZLS OK
IJOS OK
IJOZ OK
IJOL OK
IJTS OK
IJTO OK
IJTZ OK
IJTL OK
IJST OK
IJSO OK
IJSL OK
IJZO OK
IJSZ OK
IJZT OK
IJZL OK
ISOZ OK
IJLO OK
IJZS OK
IJLT OK
IJLS OK
IJLZ OK
ILOT OK
ILOS OK
ILOZ OK
ILOJ OK
ILTO OK
ILTS OK
ILTJ OK
ILTZ OK
ILSO OK
ILST OK
ILSJ OK
ILZO OK
ILZT OK
ILZJ OK
ILJO OK
ILZS OK
ILJT OK
ILJS OK
ILJZ OK
OITJ OK
ILSZ OK
OITL OK
OIST OK
OISZ OK
OISJ OK
OISL OK
OITS OK
OITZ OK
OIZJ OK
OIZL OK
OIJT OK
OIJS OK
OIJZ OK
OIJL OK
OILT OK
OILS OK
OIZT OK
OILJ OK
OILZ OK
OTIJ OK
OIZS OK
OTIL OK
OTSI OK
OTSJ OK
OTSL OK
OTIZ OK
OTIS OK
OTZJ OK
OTZL OK
OTJI OK
OTJS OK
OTZI OK
OTJZ OK
OTJL OK
OTLI OK
OTLS OK
OTLZ OK
OTLJ OK
OSIT OK
OSIZ OK
OSIJ OK
OSIL OK
OSTI OK
OTSZ OK
OSTJ OK
OSTL OK
OTZS OK
OSZI OK
OSZJ OK
OSJI OK
OSZL OK
OSJT OK
OSJZ OK
OSJL OK
OSLI OK
OSLT OK
OSLJ OK
OSLZ OK
OSTZ OK
OSZT OK
OZIJ OK
OZIL OK
OZIT OK
OZTJ OK
OZIS OK
OZTL OK
OZSI OK
OZTI OK
OZSJ OK
OZJI OK
OZSL OK
OZJT OK
OZTS OK
OZJL OK
OZLI OK
OZLT OK
OZJS OK
OZLS OK
OZLJ OK
OJIT OK
OJIS OK
OJIL OK
OJIZ OK
OZST OK
OJTI OK
OJTS OK
OJTZ OK
OJTL OK
OJSI OK
OJST OK
OJSL OK
OJSZ OK
OJZI OK
OJZT OK
OJZL OK
OJLI OK
OJLT OK
OJLS OK
OJLZ OK
OLIT OK
OJZS OK
OLIS OK
OLIZ OK
OLIJ OK
OLTI OK
OLTS OK
OLTZ OK
OLTJ OK
OLSI OK
OLST OK
OLSJ OK
OLSZ OK
OLZI OK
OLZT OK
OLZJ OK
OLJI OK
OLJT OK
OLZS OK
OLJS OK
OLJZ OK
TIOJ OK
TIOL OK
TIOS OK
TIOZ OK
TISJ OK
TISL OK
TISO OK
TIZJ OK
TIZL OK
TIJO OK
TIJS OK
TIJZ OK
TIJL OK
TISZ OK
TIZO OK
TILO OK
TILS OK
TILZ OK
TILJ OK
TOIJ OK
TIZS OK
TOIL OK
TOSI OK
TOSJ OK
TOSL OK
TOIS OK
TOIZ OK
TOZJ OK
TOZL OK
TOJI OK
TOJS OK
TOZI OK
TOJZ OK
TOJL OK
TOLI OK
TOLS OK
TOLZ OK
TOLJ OK
TOSZ OK
TOZS OK
TSIJ OK
TSIL OK
TSIO OK
TSOJ OK
TSOL OK
TSIZ OK
TSOI OK
TSZJ OK
TSZL OK
TSJI OK
TSJO OK
TSZI OK
TSJL OK
TSJZ OK
TSLO OK
TSLI OK
TSOZ OK
TSLZ OK
TSLJ OK
TZIJ OK
TZIL OK
TZIO OK
TZIS OK
TZOJ OK
TZOI OK
TZOL OK
TZOS OK
TZSJ OK
TZSL OK
TZJI OK
TZJO OK
TZSI OK
TZJS OK
TZJL OK
TZLI OK
TZLO OK
TZLJ OK
TJIO OK
TZSO OK
TSZO OK
TJIZ OK
TJIS OK
TJIL OK
TJOS OK
TJOI OK
TZLS OK
TJOZ OK
TJOL OK
TJSI OK
TJSO OK
TJSL OK
TJZI OK
TJZO OK
TJSZ OK
TJZS OK
TJZL OK
TJLI OK
TJLO OK
TJLS OK
TLIO OK
TJLZ OK
TLIS OK
TLIZ OK
TLIJ OK
TLOI OK
TLOS OK
TLOZ OK
TLOJ OK
TLSI OK
TLSO OK
TLSZ OK
TLSJ OK
TLZI OK
TLZO OK
TLZJ OK
TLJI OK
TLJO OK
TLJS OK
TLJZ OK
SIOT OK
SIOZ OK
SIOJ OK
SIOL OK
SITJ OK
SITL OK
SITO OK
TLZS OK
SIZJ OK
SITZ OK
SIZL OK
SIJO OK
SIJT OK
SIJZ OK
SIJL OK
SILO OK
SILT OK
SILJ OK
SILZ OK
SOIT OK
SIZT OK
SOIZ OK
SOIJ OK
SOIL OK
SOTI OK
SIZO OK
SOTJ OK
SOTL OK
SOZI OK
SOZJ OK
SOJI OK
SOZL OK
SOJT OK
SOJZ OK
SOJL OK
SOLI OK
SOLT OK
SOLZ OK
SOLJ OK
SOTZ OK
SOZT OK
STIJ OK
STIL OK
STIO OK
STOJ OK
STIZ OK
STOL OK
STOI OK
STZJ OK
STZL OK
STJI OK
STOZ OK
STJO OK
STJZ OK
STJL OK
STLI OK
STZI OK
STLO OK
STLZ OK
STLJ OK
SZIJ OK
SZIL OK
SZIT OK
STZO OK
SZIO OK
SZOJ OK
SZOL OK
SZOI OK
SZTJ OK
SZTL OK
SZJI OK
SZJO OK
SZOT OK
SZJT OK
SZJL OK
SZLI OK
SZLT OK
SZTI OK
SZLO OK
SZLJ OK
SJIO OK
SJIT OK
SJIL OK
SJIZ OK
SJOI OK
SZTO OK
SJOT OK
SJOZ OK
SJOL OK
SJTI OK
SJTO OK
SJTL OK
SJTZ OK
SJZO OK
SJZI OK
SJZL OK
SJZT OK
SJLI OK
SJLO OK
SJLT OK
SJLZ OK
SLIO OK
SLIT OK
SLIZ OK
SLIJ OK
SLOI OK
SLOT OK
SLOJ OK
SLOZ OK
SLTI OK
SLTO OK
SLTZ OK
SLTJ OK
SLZI OK
SLZT OK
SLZO OK
SLJI OK
SLZJ OK
SLJO OK
SLJT OK
SLJZ OK
ZIOJ OK
ZIOL OK
ZIOT OK
ZITJ OK
ZITL OK
ZITO OK
ZITS OK
ZISJ OK
ZIOS OK
ZIJO OK
ZISL OK
ZIJT OK
ZIJS OK
ZIJL OK
ZIST OK
ZILO OK
ZILT OK
ZILJ OK
ZILS OK
ZOIJ OK
ZISO OK
ZOIL OK
ZOIT OK
ZOTJ OK
ZOTL OK
ZOIS OK
ZOTI OK
ZOSI OK
ZOSJ OK
ZOSL OK
ZOJI OK
ZOTS OK
ZOJT OK
ZOJL OK
ZOLI OK
ZOLT OK
ZOLJ OK
ZOLS OK
ZOST OK
ZTIJ OK
ZTIL OK
ZOJS OK
ZTIO OK
ZTOJ OK
ZTOL OK
ZTIS OK
ZTOI OK
ZTSJ OK
ZTSL OK
ZTJI OK
ZTOS OK
ZTJO OK
ZTJS OK
ZTJL OK
ZTSI OK
ZTLI OK
ZTLO OK
ZTLJ OK
ZTSO OK
ZSIJ OK
ZTLS OK
ZSIL OK
ZSIT OK
ZSIO OK
ZSOJ OK
ZSOL OK
ZSOI OK
ZSOT OK
ZSTJ OK
ZSTL OK
ZSJI OK
ZSJO OK
ZSJT OK
ZSTI OK
ZSJL OK
ZSLT OK
ZSLI OK
ZSLO OK
ZSLJ OK
ZJIO OK
ZSTO OK
ZJIT OK
ZJIS OK
ZJIL OK
ZJOI OK
ZJOT OK
ZJOL OK
ZJTI OK
ZJTO OK
ZJTS OK
ZJTL OK
ZJSI OK
ZJST OK
ZJSL OK
ZJLI OK
ZJLO OK
ZJLT OK
ZJLS OK
ZLIO OK
ZLIT OK
ZLIJ OK
ZLIS OK
ZLOI OK
ZLOT OK
ZJOS OK
ZLOJ OK
ZLOS OK
ZLTI OK
ZLTO OK
ZLTJ OK
ZLSI OK
ZLSO OK
ZLST OK
ZLSJ OK
ZLTS OK
ZLJI OK
ZLJO OK
ZLJT OK
ZLJS OK
JIOT OK
JIOS OK
JIOZ OK
JIOL OK
ZJSO OK
JITO OK
JITS OK
JITZ OK
JITL OK
JISO OK
JIST OK
JISL OK
JIZO OK
JISZ OK
JIZT OK
JIZL OK
JILO OK
JILT OK
JIZS OK
JILS OK
JILZ OK
JOIT OK
JOIS OK
JOIL OK
JOIZ OK
JOTI OK
JOTS OK
JOTL OK
JOTZ OK
JOST OK
JOSI OK
JOSL OK
JOSZ OK
JOZT OK
JOZI OK
JOZL OK
JOLI OK
JOLT OK
JOLS OK
JOLZ OK
JTIO OK
JTIS OK
JTIZ OK
JTIL OK
JTOI OK
JTOS OK
JTOZ OK
JTOL OK
JTSI OK
JTSO OK
JTSL OK
JTZI OK
JTSZ OK
JTZO OK
JTZS OK
JTZL OK
JTLI OK
JTLO OK
JTLS OK
JTLZ OK
JSIT OK
JSIO OK
JSIL OK
JSIZ OK
JSOI OK
JOZS OK
JSOT OK
JSOZ OK
JSOL OK
JSTI OK
JSTO OK
JSTZ OK
JSTL OK
JSZI OK
JSZO OK
JSZT OK
JSZL OK
JSLI OK
JSLO OK
JSLT OK
JSLZ OK
JZIT OK
JZIO OK
JZIL OK
JZIS OK
JZOT OK
JZOI OK
JZOL OK
JZTI OK
JZTO OK
JZTS OK
JZTL OK
JZSI OK
JZST OK
JZSL OK
JZLI OK
JZLO OK
JZLT OK
JZLS OK
JLIO OK
JLIT OK
JLIS OK
JLIZ OK
JLOI OK
JLOT OK
JLOS OK
JLOZ OK
JLTI OK
JLTO OK
JZOS OK
JLTS OK
JLTZ OK
JLSI OK
JLSO OK
JLST OK
JLSZ OK
JLZI OK
JLZO OK
JLZT OK
JLZS OK
LIOT OK
LIOS OK
LIOZ OK
LIOJ OK
LITO OK
LITS OK
LITZ OK
LITJ OK
LISO OK
LIST OK
LISJ OK
LIZO OK
LISZ OK
LIZT OK
LIZJ OK
LIJO OK
JZSO OK
LIJT OK
LIZS OK
LIJS OK
LIJZ OK
LOIT OK
LOIS OK
LOIZ OK
LOIJ OK
LOTI OK
LOTS OK
LOTZ OK
LOTJ OK
LOSI OK
LOST OK
LOSJ OK
LOSZ OK
LOZI OK
LOZT OK
LOZJ OK
LOJI OK
LOJT OK
LOJS OK
LOZS OK
LOJZ OK
LTIO OK
LTIS OK
LTIZ OK
LTIJ OK
LTOI OK
LTOS OK
LTOZ OK
LTOJ OK
LTSI OK
LTSO OK
LTSZ OK
LTSJ OK
LTZI OK
LTZO OK
LTZJ OK
LTJI OK
LTJO OK
LSIO OK
LTJZ OK
LTJS OK
LSIT OK
LSIJ OK
LSIZ OK
LSOI OK
LSOT OK
LSOJ OK
LSTI OK
LSOZ OK
LSTO OK
LSTZ OK
LSTJ OK
LSZT OK
LSZI OK
LSZO OK
LSJI OK
LSJO OK
LSJT OK
LSJZ OK
LZIO OK
LTZS OK
LZIT OK
LZIJ OK
LZOI OK
LZIS OK
LZOT OK
LZOJ OK
LZTI OK
LZOS OK
LZTO OK
LZTJ OK
LZSI OK
LZSO OK
LZST OK
LZSJ OK
LZJI OK
LZJO OK
LSZJ OK
LZTS OK
LZJT OK
LZJS OK
LJIO OK
LJIT OK
LJIS OK
LJIZ OK
LJOI OK
LJOT OK
LJOS OK
LJOZ OK
LJTI OK
LJTS OK
LJTO OK
LJSI OK
LJTZ OK
LJST OK
LJSO OK
LJZI OK
LJSZ OK
LJZO OK
LJZT OK
LJZS OK
