IOTZ OK
IOTJ OK
IOTL OK
IOTS OK
IOSZ OK
IOSJ OK
IOST OK
IOSL OK
IOZT OK
IOZJ OK
IOZL OK
IOJT OK
IOJS OK
IOJZ OK
IOZS OK
IOJL OK
IOLT OK
IOLS OK
IOLZ OK
IOLJ OK
ITOS OK
ITOZ OK
ITOJ OK
ITOL OK
ITSO OK
ITSZ OK
ITSJ OK
ITSL OK
ITZO OK
ITZS OK
ITZJ OK
ITZL OK
ITJO OK
ITJS OK
ITJZ OK
ITJL OK
ITLO OK
ITLS OK
ITLZ OK
ITLJ OK
ISOT OK
ISOZ OK
ISOJ OK
ISOL OK
ISTO OK
ISTZ OK
ISTJ OK
ISTL OK
ISZT OK
ISZJ OK
ISZL OK
ISJO OK
ISJT OK
ISJZ OK
ISJL OK
ISLO OK
ISLT OK
ISLZ OK
ISLJ OK
ISZO OK
IZOT OK
IZOJ OK
IZOL OK
IZTO OK
IZOS OK
IZTS OK
IZTJ OK
IZTL OK
IZST OK
IZSJ OK
IZSL OK
IZSO OK
IZJO OK
IZJT OK
IZJS OK
IZJL OK
IZLO OK
IZLT OK
IZLS OK
IZLJ OK
IJOT OK
IJOS OK
IJOZ OK
IJOL OK
IJTO OK
IJTS OK
IJTZ OK
IJTL OK
IJST OK
IJSO OK
IJSZ OK
IJSL OK
IJZT OK
IJZO OK
IJZS OK
IJZL OK
IJLO OK
IJLT OK
IJLS OK
IJLZ OK
ILOT OK
ILOS OK
ILOZ OK
ILOJ OK
ILTO OK
ILTS OK
ILTZ OK
ILTJ OK
ILSO OK
ILST OK
ILSZ OK
ILSJ OK
ILZO OK
ILZT OK
ILZJ OK
ILJT OK
ILJO OK
ILZS OK
ILJS OK
ILJZ OK
OITZ OK
OITS OK
OITJ OK
OISZ OK
OITL OK
OIST OK
OISJ OK
OIZT OK
OISL OK
OIZJ OK
OIZS OK
OIJT OK
OIZL OK
OIJS OK
OIJZ OK
OIJL OK
OILT OK
OILS OK
OTIS OK
OILJ OK
OILZ OK
OTIZ OK
OTIL OK
OTIJ OK
OTSI OK
OTSZ OK
OTZI OK
OTSJ OK
OTSL OK
OTZJ OK
OTJI OK
OTZL OK
OTJS OK
OTJL OK
OTJZ OK
OTLI OK
OTLS OK
OTLZ OK
OTLJ OK
OSIT OK
OSIZ OK
OSIJ OK
OSIL OK
OSTI OK
OTZS OK
OSTZ OK
OSTJ OK
OSTL OK
OSZJ OK
OSZI OK
OSJI OK
OSJT OK
OSZL OK
OSJZ OK
OSJL OK
OSZT OK
OSLI OK
OSLT OK
OSLJ OK
OZIT OK
OZIJ OK
OSLZ OK
OZIL OK
OZIS OK
OZTI OK
OZTS OK
OZTJ OK
OZTL OK
OZSI OK
OZSJ OK
OZSL OK
OZST OK
OZJI OK
OZJT OK
OZJL OK
OZJS OK
OZLI OK
OZLT OK
OZLS OK
OJIT OK
OZLJ OK
OJIS OK
OJIZ OK
OJIL OK
OJTI OK
OJTS OK
OJTZ OK
OJTL OK
OJSI OK
OJST OK
OJSZ OK
OJSL OK
OJZI OK
OJZT OK
OJZL OK
OJLI OK
OJZS OK
OJLT OK
OJLS OK
OLIT OK
OLIS OK
OJLZ OK
OLIZ OK
OLIJ OK
OLTI OK
OLTS OK
OLTZ OK
OLTJ OK
OLSI OK
OLST OK
OLZI OK
OLSJ OK
OLZT OK
OLZJ OK
OLZS OK
OLJI OK
OLJT OK
OLJS OK
OLJZ OK
TIOS OK
TIOZ OK
TIOJ OK
OLSZ OK
TIOL OK
TISZ OK
TISO OK
TISJ OK
TISL OK
TIZS OK
TIZO OK
TIZJ OK
TIZL OK
TIJO OK
TIJS OK
TIJZ OK
TIJL OK
TILO OK
TILS OK
TILZ OK
TILJ OK
TOIS OK
TOIZ OK
TOIL OK
TOIJ OK
TOSI OK
TOSZ OK
TOSJ OK
TOSL OK
TOZI OK
TOZJ OK
TOZL OK
TOJI OK
TOJS OK
TOJZ OK
TOJL OK
TOLI OK
TOLS OK
TOLZ OK
TOLJ OK
TSIO OK
TSIZ OK
TSIJ OK
TSIL OK
TSOI OK
TSOZ OK
TSOJ OK
TSOL OK
TSZI OK
TOZS OK
TSZO OK
TSZJ OK
TSZL OK
TSJI OK
TSJO OK
TSJZ OK
TSJL OK
TSLI OK
TSLO OK
TSLZ OK
TSLJ OK
TZIO OK
TZIS OK
TZIJ OK
TZIL OK
TZOI OK
TZOJ OK
TZOL OK
TZSI OK
TZSO OK
TZSJ OK
TZSL OK
TZJI OK
TZJO OK
TZJS OK
TZJL OK
TZLI OK
TZLO OK
TZLJ OK
TZLS OK
TJIO OK
TJIS OK
TJIZ OK
TJIL OK
TJOI OK
TZOS OK
TJOS OK
TJOZ OK
TJOL OK
TJSI OK
TJSO OK
TJSL OK
TJSZ OK
TJZI OK
TJZO OK
TJZS OK
TJZL OK
TJLI OK
TJLO OK
TJLS OK
TJLZ OK
TLIO OK
TLIS OK
TLIZ OK
TLIJ OK
TLOI OK
TLOS OK
TLOZ OK
TLOJ OK
TLSI OK
TLSO OK
TLZI OK
TLSZ OK
TLSJ OK
TLZJ OK
TLJI OK
TLZO OK
TLZS OK
TLJO OK
TLJS OK
TLJZ OK
SIOT OK
SIOZ OK
SIOJ OK
SIOL OK
SITO OK
SITJ OK
SITZ OK
SITL OK
SIZT OK
SIZJ OK
SIZL OK
SIJT OK
SIJO OK
SIJZ OK
SIJL OK
SILO OK
SILT OK
SIZO OK
SILZ OK
SILJ OK
SOIT OK
SOIZ OK
SOIJ OK
SOIL OK
SOTI OK
SOTZ OK
SOTJ OK
SOTL OK
SOZT OK
SOZJ OK
SOZI OK
SOJI OK
SOJT OK
SOJZ OK
SOZL OK
SOJL OK
SOLT OK
SOLI OK
SOLJ OK
STIO OK
STIZ OK
SOLZ OK
STIJ OK
STIL OK
STOI OK
STOZ OK
STOJ OK
STOL OK
STZI OK
STZO OK
STZJ OK
STZL OK
STJI OK
STJO OK
STJZ OK
STJL OK
STLI OK
STLO OK
STLJ OK
STLZ OK
SZIT OK
SZIO OK
SZIL OK
SZIJ OK
SZOT OK
SZOJ OK
SZOL OK
SZOI OK
SZTI OK
SZTO OK
SZTJ OK
SZTL OK
SZJI OK
SZJO OK
SZJT OK
SZJL OK
SZLI OK
SZLO OK
SZLJ OK
SZLT OK
SJIO OK
SJIT OK
SJIL OK
SJIZ OK
SJOI OK
SJOT OK
SJOL OK
SJOZ OK
SJTI OK
SJTO OK
SJTL OK
SJTZ OK
SJZI OK
SJZL OK
SJZT OK
SJZO OK
SJLI OK
SJLO OK
SJLT OK
SJLZ OK
SLIO OK
SLIT OK
SLIZ OK
SLIJ OK
SLOI OK
SLOJ OK
SLOZ OK
SLOT OK
SLTI OK
SLTJ OK
SLTO OK
SLTZ OK
SLZI OK
SLZO OK
SLZJ OK
SLZT OK
SLJI OK
SLJO OK
SLJT OK
SLJZ OK
ZIOT OK
ZIOJ OK
ZIOS OK
ZIOL OK
ZITO OK
ZITS OK
ZITJ OK
ZITL OK
ZIST OK
ZISJ OK
ZISL OK
ZIJO OK
ZIJT OK
ZIJS OK
ZISO OK
ZIJL OK
ZILO OK
ZILT OK
ZILS OK
ZOIT OK
ZILJ OK
ZOIS OK
ZOIJ OK
ZOIL OK
ZOTI OK
ZOTJ OK
ZOTS OK
ZOTL OK
ZOSI OK
ZOST OK
ZOSJ OK
ZOSL OK
ZOJI OK
ZOJT OK
ZOJS OK
ZOJL OK
ZOLI OK
ZOLT OK
ZOLS OK
ZOLJ OK
ZTIO OK
ZTIS OK
ZTIJ OK
ZTIL OK
ZTOI OK
ZTOS OK
ZTOJ OK
ZTSI OK
ZTOL OK
ZTSJ OK
ZTSO OK
ZTJI OK
ZTSL OK
ZTJL OK
ZTJO OK
ZTLI OK
ZTJS OK
ZTLO OK
ZTLS OK
ZTLJ OK
ZSIO OK
ZSIT OK
ZSIL OK
ZSIJ OK
ZSOI OK
ZSOT OK
ZSOJ OK
ZSOL OK
ZSTI OK
ZSTO OK
ZSTJ OK
ZSTL OK
ZSJI OK
ZSJO OK
ZSJT OK
ZSJL OK
ZSLI OK
ZSLO OK
ZSLJ OK
ZSLT OK
ZJIO OK
ZJIT OK
ZJIS OK
ZJIL OK
ZJOT OK
ZJOL OK
ZJOI OK
ZJTI OK
ZJOS OK
ZJTO OK
ZJTS OK
ZJTL OK
ZJSI OK
ZJSO OK
ZJST OK
ZJSL OK
ZJLI OK
ZJLO OK
ZJLT OK
ZJLS OK
ZLIO OK
ZLIT OK
ZLIS OK
ZLIJ OK
ZLOI OK
ZLOT OK
ZLOJ OK
ZLOS OK
ZLTI OK
ZLTO OK
ZLTS OK
ZLTJ OK
ZLSI OK
ZLSO OK
ZLST OK
ZLSJ OK
ZLJI OK
ZLJO OK
ZLJT OK
JIOT OK
ZLJS OK
JIOS OK
JIOZ OK
JIOL OK
JITO OK
JITS OK
JITZ OK
JITL OK
JISO OK
JIST OK
JISZ OK
JISL OK
JIZT OK
JIZO OK
JIZL OK
JIZS OK
JILO OK
JILT OK
JILS OK
JOIT OK
JILZ OK
JOIS OK
JOIZ OK
JOTI OK
JOIL OK
JOTS OK
JOTL OK
JOTZ OK
JOSI OK
JOST OK
JOSZ OK
JOSL OK
JOZI OK
JOZT OK
JOZL OK
JOLI OK
JOLT OK
JOZS OK
JOLS OK
JTIO OK
JTIS OK
JOLZ OK
JTIZ OK
JTIL OK
JTOI OK
JTOS OK
JTOL OK
JTOZ OK
JTSI OK
JTSO OK
JTSL OK
JTZI OK
JTSZ OK
JTZO OK
JTZL OK
JTLI OK
JTZS OK
JTLO OK
JTLS OK
JTLZ OK
JSIO OK
JSIT OK
JSIL OK
JSIZ OK
JSOI OK
JSOL OK
JSOT OK
JSOZ OK
JSTI OK
JSTL OK
JSTO OK
JSTZ OK
JSZI OK
JSZL OK
JSZT OK
JSLI OK
JSZO OK
JSLT OK
JSLO OK
JSLZ OK
JZIO OK
JZIT OK
JZIL OK
JZIS OK
JZOT OK
JZOI OK
JZOL OK
JZTI OK
JZTO OK
JZOS OK
JZTS OK
JZTL OK
JZSI OK
JZSO OK
JZST OK
JZSL OK
JZLI OK
JZLT OK
JZLO OK
JZLS OK
JLIT OK
JLIO OK
JLIS OK
JLIZ OK
JLOI OK
JLOT OK
JLOS OK
JLOZ OK
JLTI OK
JLTO OK
JLTS OK
JLTZ OK
JLSI OK
JLSO OK
JLST OK
JLZO OK
JLZI OK
JLZT OK
LIOT OK
LIOS OK
JLZS OK
LIOZ OK
LIOJ OK
LITO OK
LITS OK
LITZ OK
JLSZ OK
LITJ OK
LISO OK
LIST OK
LISZ OK
LISJ OK
LIZO OK
LIZT OK
LIJO OK
LIZJ OK
LIZS OK
LIJT OK
LOIS OK
LOIT OK
LIJS OK
LIJZ OK
LOIZ OK
LOIJ OK
LOTI OK
LOTS OK
LOTJ OK
LOSI OK
LOTZ OK
LOST OK
LOZI OK
LOSJ OK
LOSZ OK
LOZT OK
LOJI OK
LOZJ OK
LOZS OK
LOJT OK
LOJS OK
LOJZ OK
LTIO OK
LTIS OK
LTIJ OK
LTIZ OK
LTOI OK
LTOJ OK
LTOS OK
LTSI OK
LTOZ OK
LTSJ OK
LTZI OK
LTSO OK
LTSZ OK
LTZJ OK
LTZO OK
LTJI OK
LTZS OK
LTJO OK
LTJS OK
LTJZ OK
LSIO OK
LSIT OK
LSIZ OK
LSIJ OK
LSOI OK
LSOJ OK
LSOT OK
LSOZ OK
LSTI OK
LSTJ OK
LSTO OK
LSTZ OK
LSZI OK
LSZO OK
LSZJ OK
LSZT OK
LSJI OK
LSJO OK
LSJT OK
LSJZ OK
LZIO OK
LZIT OK
LZIJ OK
LZIS OK
LZOI OK
LZOT OK
LZOJ OK
LZTI OK
LZOS OK
LZTO OK
LZTJ OK
LZTS OK
LZSI OK
LZSO OK
LZST OK
LZSJ OK
LZJI OK
LZJO OK
LZJT OK
LZJS OK
LJIO OK
LJIT OK
LJIS OK
LJIZ OK
LJOI OK
LJOT OK
LJTI OK
LJOS OK
LJOZ OK
LJTO OK
LJTS OK
LJTZ OK
LJSO OK
LJSI OK
LJST OK
LJZI OK
LJZO OK
LJZT OK
LJSZ OK
LJZS OK
