IOTS OK
IOTZ OK
IOTL OK
IOTJ OK
IOST OK
IOSL OK
IOSJ OK
IOSZ OK
IOZT OK
IOZL OK
IOJT OK
IOZJ OK
IOJL OK
IOJS OK
IOJZ OK
IOLT OK
IOLJ OK
ITOS OK
IOLS OK
ITOZ OK
IOLZ OK
ITOJ OK
ITOL OK
ITSO OK
ITSZ OK
ITSJ OK
ITSL OK
ITZO OK
ITZS OK
ITZJ OK
ITZL OK
ITJO OK
ITJL OK
ITJS OK
IOZS OK
ITJZ OK
ITLO OK
ITLS OK
ITLJ OK
ITLZ OK
ISOT OK
ISOZ OK
ISOJ OK
ISOL OK
ISTO OK
ISTZ OK
ISTJ OK
ISTL OK
ISZT OK
ISZO OK
ISJT OK
ISJO OK
ISJL OK
ISZL OK
ISLT OK
ISLO OK
ISLJ OK
IZOT OK
ISZJ OK
ISLZ OK
IZOL OK
IZTO OK
IZOJ OK
ISJZ OK
IZTJ OK
IZTS OK
IZTL OK
IZST OK
IZSL OK
IZSJ OK
IZSO OK
IZJT OK
IZJO OK
IZJL OK
IZLO OK
IZLT OK
IZOS OK
IZLJ OK
IJOT OK
IZLS OK
IZJS OK
IJOL OK
IJTO OK
IJTS OK
IJOS OK
IJTZ OK
IJOZ OK
IJTL OK
IJST OK
IJSL OK
IJZT OK
IJSO OK
IJZO OK
IJZL OK
IJLO OK
IJLT OK
IJZS OK
IJLS OK
IJLZ OK
ILOT OK
ILOJ OK
ILTO OK
ILTS OK
ILTZ OK
ILOZ OK
ILOS OK
ILTJ OK
ILST OK
IJSZ OK
ILSJ OK
ILZT OK
ILSO OK
ILSZ OK
ILZJ OK
ILZO OK
ILJO OK
ILJT OK
ILJS OK
ILJZ OK
ILZS OK
OITS OK
OITZ OK
OITJ OK
OITL OK
OIST OK
OISZ OK
OISJ OK
OISL OK
OIZT OK
OIJT OK
OIZL OK
OIZJ OK
OIJL OK
OIJZ OK
OIJS OK
OILT OK
OILJ OK
OTIS OK
OILZ OK
OILS OK
OTIZ OK
OTIJ OK
OTIL OK
OTSI OK
OTSJ OK
OIZS OK
OTZI OK
OTZS OK
OTZJ OK
OTSL OK
OTZL OK
OTJI OK
OTSZ OK
OTJS OK
OTJL OK
OTJZ OK
OTLI OK
OTLJ OK
OSIT OK
OSIZ OK
OSIJ OK
OTLS OK
OTLZ OK
OSIL OK
OSTI OK
OSTJ OK
OSTZ OK
OSTL OK
OSZI OK
OSZT OK
OSJI OK
OSJT OK
OSJL OK
OSLI OK
OSLT OK
OSZL OK
OSLJ OK
OSJZ OK
OZIT OK
OSZJ OK
OZIL OK
OZIJ OK
OZTI OK
OSLZ OK
OZTS OK
OZTJ OK
OZTL OK
OZSI OK
OZST OK
OZIS OK
OZJT OK
OZJI OK
OZJL OK
OZLI OK
OZSJ OK
OZLT OK
OZLS OK
OZSL OK
OZLJ OK
OJIT OK
OJIL OK
OZJS OK
OJTI OK
OJIS OK
OJIZ OK
OJTS OK
OJTL OK
OJTZ OK
OJSL OK
OJSI OK
OJST OK
OJZI OK
OJZL OK
OJZT OK
OJLI OK
OJLT OK
OJLS OK
OJLZ OK
OLIT OK
OJSZ OK
OLIJ OK
OLIS OK
OLIZ OK
OLTI OK
OLTJ OK
OLTS OK
OLTZ OK
OLSI OK
OLSJ OK
OLST OK
OLZI OK
OLZT OK
OLZJ OK
OLJI OK
OLJT OK
OLJS OK
OLSZ OK
OLJZ OK
TIOS OK
OJZS OK
TIOZ OK
TIOJ OK
TIOL OK
OLZS OK
TISO OK
TISZ OK
TISJ OK
TISL OK
TIZO OK
TIZS OK
TIZJ OK
TIZL OK
TIJO OK
TIJZ OK
TIJS OK
TIJL OK
TILO OK
TILS OK
TILZ OK
TILJ OK
TOIS OK
TOIZ OK
TOIJ OK
TOIL OK
TOSI OK
TOSJ OK
TOZI OK
TOZS OK
TOZJ OK
TOJI OK
TOSL OK
TOZL OK
TOJL OK
TOJS OK
TOJZ OK
TOLI OK
TOSZ OK
TOLJ OK
TSIO OK
TSIZ OK
TSIJ OK
TSIL OK
TOLS OK
TSOI OK
TOLZ OK
TSZI OK
TSOJ OK
TSOL OK
TSZO OK
TSZJ OK
TSZL OK
TSJI OK
TSJO OK
TSJL OK
TSJZ OK
TSLI OK
TSLO OK
TSLJ OK
TSLZ OK
TZIO OK
TZIS OK
TSOZ OK
TZIJ OK
TZIL OK
TZOI OK
TZOS OK
TZOJ OK
TZSI OK
TZOL OK
TZSO OK
TZJI OK
TZSJ OK
TZSL OK
TZJO OK
TZJL OK
TZLI OK
TZJS OK
TZLJ OK
TJIO OK
TZLO OK
TZLS OK
TJIS OK
TJIZ OK
TJIL OK
TJOI OK
TJOL OK
TJSI OK
TJOS OK
TJOZ OK
TJSO OK
TJSL OK
TJZI OK
TJSZ OK
TJZL OK
TJZO OK
TJLI OK
TJZS OK
TJLO OK
TJLS OK
TJLZ OK
TLIO OK
TLIS OK
TLIZ OK
TLIJ OK
TLOI OK
TLOJ OK
TLSI OK
TLSO OK
TLSJ OK
TLSZ OK
TLZI OK
TLOS OK
TLOZ OK
TLZJ OK
TLJI OK
TLJO OK
TLJS OK
TLJZ OK
TLZO OK
SIOT OK
SIOZ OK
SIOJ OK
SIOL OK
SITO OK
SITZ OK
SITJ OK
SITL OK
TLZS OK
SIZT OK
SIZO OK
SIJT OK
SIZL OK
SIZJ OK
SIJO OK
SIJL OK
SILT OK
SILO OK
SILJ OK
SOIT OK
SOIZ OK
SOIJ OK
SILZ OK
SOIL OK
SOTI OK
SOTZ OK
SOTJ OK
SOTL OK
SOZI OK
SOZT OK
SIJZ OK
SOJI OK
SOJT OK
SOJL OK
SOLI OK
SOLT OK
SOZL OK
SOLJ OK
SOJZ OK
STIO OK
SOZJ OK
STIZ OK
STIJ OK
STIL OK
STOI OK
STOJ OK
STOL OK
STZI OK
SOLZ OK
STZO OK
STZJ OK
STZL OK
STJI OK
STJO OK
STOZ OK
STJL OK
STJZ OK
STLI OK
STLO OK
STLJ OK
STLZ OK
SZIT OK
SZIO OK
SZIL OK
SZIJ OK
SZOT OK
SZOI OK
SZTI OK
SZTO OK
SZTJ OK
SZTL OK
SZJI OK
SZJT OK
SZJL OK
SZLI OK
SZOL OK
SZOJ OK
SZLT OK
SZJO OK
SZLJ OK
SJIT OK
SJIL OK
SZLO OK
SJOT OK
SJIO OK
SJOL OK
SJTI OK
SJOI OK
SJIZ OK
SJTO OK
SJTZ OK
SJTL OK
SJZI OK
SJZL OK
SJLI OK
SJZT OK
SJOZ OK
SJLT OK
SJLO OK
SJLZ OK
SLIT OK
SLIJ OK
SJZO OK
SLIO OK
SLIZ OK
SLOJ OK
SLOI OK
SLTI OK
SLTO OK
SLTZ OK
SLTJ OK
SLOT OK
SLZI OK
SLZJ OK
SLJI OK
SLJO OK
SLJT OK
SLJZ OK
SLZT OK
ZIOT OK
ZIOS OK
ZIOJ OK
ZIOL OK
ZITO OK
SLOZ OK
ZITS OK
ZITJ OK
ZITL OK
ZIST OK
ZISO OK
ZISJ OK
ZISL OK
SLZO OK
ZIJT OK
ZIJO OK
ZIJL OK
ZILT OK
ZILO OK
ZILJ OK
ZOIT OK
ZILS OK
ZOIJ OK
ZOIS OK
ZIJS OK
ZOTI OK
ZOIL OK
ZOTS OK
ZOTJ OK
ZOTL OK
ZOSI OK
ZOST OK
ZOJT OK
ZOJI OK
ZOJL OK
ZOLI OK
ZOSJ OK
ZOLT OK
ZOSL OK
ZOLJ OK
ZTIO OK
ZTIS OK
ZOLS OK
ZTIJ OK
ZTIL OK
ZTOI OK
ZTOS OK
ZTOJ OK
ZTOL OK
ZTSI OK
ZOJS OK
ZTSO OK
ZTSJ OK
ZTSL OK
ZTJI OK
ZTJO OK
ZTJS OK
ZTJL OK
ZTLI OK
ZTLJ OK
ZTLO OK
ZTLS OK
ZSIT OK
ZSIO OK
ZSIL OK
ZSIJ OK
ZSOT OK
ZSOI OK
ZSTI OK
ZSTO OK
ZSTJ OK
ZSTL OK
ZSJI OK
ZSJT OK
ZSJL OK
ZSLI OK
ZSOJ OK
ZSOL OK
ZSLT OK
ZSLJ OK
ZSJO OK
ZJIO OK
ZJIT OK
ZJIL OK
ZJOT OK
ZSLO OK
ZJIS OK
ZJOI OK
ZJOL OK
ZJTI OK
ZJTO OK
ZJTL OK
ZJSI OK
ZJTS OK
ZJSL OK
ZJLI OK
ZJST OK
ZJLT OK
ZJLO OK
ZJSO OK
ZLIT OK
ZLIO OK
ZJLS OK
ZLIJ OK
ZLOI OK
ZLIS OK
ZLOJ OK
ZLOT OK
ZLTI OK
ZLOS OK
ZLTO OK
ZLTS OK
ZLTJ OK
ZLSI OK
ZLSJ OK
ZLJI OK
ZLJO OK
ZJOS OK
ZLJT OK
ZLJS OK
JIOT OK
ZLST OK
JIOL OK
JIOS OK
JIOZ OK
JITO OK
JITS OK
JITL OK
JITZ OK
JIST OK
JISL OK
ZLSO OK
JIZT OK
JISO OK
JIZL OK
JILO OK
JIZO OK
JILT OK
JILS OK
JILZ OK
JOIT OK
JIZS OK
JOIL OK
JOIS OK
JOTI OK
JOIZ OK
JOTL OK
JISZ OK
JOTS OK
JOTZ OK
JOSL OK
JOST OK
JOSI OK
JOZI OK
JOZL OK
JOLI OK
JOLT OK
JOLS OK
JOZT OK
JTIO OK
JOLZ OK
JTIS OK
JTIZ OK
JTIL OK
JTOI OK
JTOS OK
JOSZ OK
JTOZ OK
JTOL OK
JTSI OK
JTSO OK
JTSL OK
JTZI OK
JTSZ OK
JTZL OK
JTZO OK
JTZS OK
JTLI OK
JTLO OK
JTLS OK
JTLZ OK
JSIT OK
JSIL OK
JSIO OK
JSOI OK
JSOT OK
JSOL OK
JSTI OK
JSIZ OK
JSTO OK
JSTZ OK
JSTL OK
JSOZ OK
JSZI OK
JSZL OK
JSLI OK
JOZS OK
JSLT OK
JSLO OK
JSLZ OK
JZIT OK
JSZO OK
JZIL OK
JZIO OK
JZIS OK
JSZT OK
JZOL OK
JZOI OK
JZTI OK
JZOT OK
JZTL OK
JZTO OK
JZSI OK
JZTS OK
JZSL OK
JZLI OK
JZLO OK
JZLT OK
JZLS OK
JLIO OK
JLIT OK
JZST OK
JLIS OK
JLIZ OK
JLOI OK
JLOT OK
JLOS OK
JLOZ OK
JLTI OK
JLTO OK
JLTS OK
JLTZ OK
JLSI OK
JLSO OK
JLST OK
JLSZ OK
JLZI OK
JLZO OK
JLZT OK
LIOT OK
JLZS OK
LIOS OK
LIOZ OK
LIOJ OK
LITO OK
LITS OK
JZOS OK
LITZ OK
LITJ OK
LIST OK
LISJ OK
LISO OK
LISZ OK
JZSO OK
LIZT OK
LIZJ OK
LIZO OK
LIJO OK
LIJT OK
LIJS OK
LIJZ OK
LOIT OK
LOIJ OK
LIZS OK
LOTI OK
LOIS OK
LOIZ OK
LOTJ OK
LOTS OK
LOTZ OK
LOSJ OK
LOSI OK
LOZI OK
LOST OK
LOZJ OK
LOJI OK
LOZT OK
LOJT OK
LOJS OK
LOJZ OK
LTIO OK
LTIS OK
LTIZ OK
LTIJ OK
LTOI OK
LTOS OK
LTOZ OK
LTOJ OK
LTSI OK
LTSO OK
LOSZ OK
LTSJ OK
LTSZ OK
LTZI OK
LOZS OK
LTZJ OK
LTJI OK
LTJO OK
LTJS OK
LTJZ OK
LSIT OK
LTZO OK
LSIJ OK
LSIO OK
LTZS OK
LSIZ OK
LSOJ OK
LSOI OK
LSTI OK
LSTO OK
LSTJ OK
LSTZ OK
LSOT OK
LSZI OK
LSZJ OK
LSJI OK
LSJO OK
LSJT OK
LSJZ OK
LZIO OK
LZIT OK
LSZT OK
LZIS OK
LZIJ OK
LSOZ OK
LSZO OK
LZOJ OK
LZTI OK
LZOI OK
LZOT OK
LZTO OK
LZTJ OK
LZTS OK
LZSI OK
LZSJ OK
LZJI OK
LZJO OK
LZJT OK
LZJS OK
LZOS OK
LJIO OK
LJIT OK
LJIS OK
LJIZ OK
LJOI OK
LJOT OK
LJOS OK
LJOZ OK
LZST OK
LJTI OK
LJTO OK
LJTS OK
LJTZ OK
LJSI OK
LJSO OK
LJST OK
LJZI OK
LJSZ OK
LZSO OK
LJZT OK
LJZO OK
LJZS OK
