IOTS OK
IOTL OK
IOTZ OK
IOTJ OK
IOST OK
IOSL OK
IOZT OK
IOSJ OK
IOZJ OK
IOSZ OK
IOZL OK
IOJT OK
IOJL OK
IOLT OK
IOJS OK
IOJZ OK
IOLJ OK
ITOS OK
IOLS OK
IOLZ OK
ITOZ OK
ITOJ OK
ITOL OK
ITSO OK
ITSJ OK
ITSL OK
ITZO OK
ITZJ OK
ITZS OK
ITJO OK
ITZL OK
ITJS OK
ITJZ OK
ITJL OK
ITLO OK
ITLS OK
ITLZ OK
ITLJ OK
ISOT OK
ISOJ OK
ISOL OK
IOZS OK
ITSZ OK
ISTO OK
ISTZ OK
ISTJ OK
ISTL OK
ISZT OK
ISZL OK
ISZJ OK
ISJT OK
ISOZ OK
ISJO OK
ISZO OK
ISJL OK
ISLT OK
ISJZ OK
IZOT OK
ISLJ OK
ISLO OK
IZOJ OK
IZOL OK
IZTO OK
IZTS OK
IZTJ OK
IZTL OK
ISLZ OK
IZST OK
IZSJ OK
IZSL OK
IZSO OK
IZJT OK
IZJL OK
IZJO OK
IZLT OK
IZJS OK
IZLJ OK
IZLO OK
IJOT OK
IZLS OK
IJOL OK
IJOS OK
IJTO OK
IJOZ OK
IJTS OK
IJTZ OK
IJTL OK
IZOS OK
IJSL OK
IJST OK
IJSO OK
IJSZ OK
IJZL OK
IJZT OK
IJLO OK
IJZO OK
IJLT OK
IJLS OK
IJZS OK
IJLZ OK
ILOT OK
ILOJ OK
ILTO OK
ILTS OK
ILTZ OK
ILOS OK
ILOZ OK
ILTJ OK
ILSJ OK
ILST OK
ILSO OK
ILZO OK
ILZT OK
ILZJ OK
ILJO OK
ILJT OK
ILZS OK
ILJS OK
OITS OK
ILJZ OK
OITZ OK
OITJ OK
OITL OK
OIST OK
OISL OK
OISJ OK
OIZT OK
OIZS OK
OIZJ OK
OISZ OK
OIJT OK
OIZL OK
OIJL OK
OIJS OK
OILT OK
OIJZ OK
OILJ OK
OILS OK
OTIS OK
OILZ OK
OTIJ OK
OTIZ OK
OTIL OK
ILSZ OK
OTSI OK
OTSJ OK
OTZI OK
OTSL OK
OTZJ OK
OTJI OK
OTJS OK
OTZL OK
OTJL OK
OTJZ OK
OTLI OK
OTLS OK
OTLZ OK
OTLJ OK
OSIT OK
OSIJ OK
OSIL OK
OSIZ OK
OSTI OK
OTSZ OK
OSTJ OK
OSTL OK
OTZS OK
OSZI OK
OSZJ OK
OSTZ OK
OSZL OK
OSJI OK
OSJT OK
OSJL OK
OSJZ OK
OSLT OK
OSLI OK
OSLJ OK
OZIT OK
OZIS OK
OZIJ OK
OZIL OK
OSZT OK
OZTI OK
OZTJ OK
OSLZ OK
OZSI OK
OZTL OK
OZSJ OK
OZSL OK
OZJT OK
OZJI OK
OZTS OK
OZJL OK
OZLI OK
OZJS OK
OZLT OK
OZLJ OK
OJIT OK
OZLS OK
OJIL OK
OJIS OK
OJTI OK
OJIZ OK
OZST OK
OJTS OK
OJTL OK
OJTZ OK
OJSL OK
OJSI OK
OJST OK
OJZI OK
OJZT OK
OJSZ OK
OJLI OK
OJZL OK
OJLT OK
OJZS OK
OLIT OK
OJLS OK
OJLZ OK
OLIJ OK
OLTI OK
OLIS OK
OLIZ OK
OLTJ OK
OLTS OK
OLTZ OK
OLSJ OK
OLSI OK
OLST OK
OLZI OK
OLZT OK
OLZS OK
OLJI OK
OLJT OK
OLSZ OK
OLZJ OK
OLJS OK
OLJZ OK
TIOS OK
TIOJ OK
TIOZ OK
TIOL OK
TISJ OK
TISO OK
TISZ OK
TIZO OK
TISL OK
TIZS OK
TIZJ OK
TIJO OK
TIJS OK
TIZL OK
TIJZ OK
TIJL OK
TILO OK
TILJ OK
TILS OK
TILZ OK
TOIS OK
TOIJ OK
TOIZ OK
TOIL OK
TOSI OK
TOSJ OK
TOZI OK
TOZJ OK
TOSL OK
TOJI OK
TOJS OK
TOZL OK
TOJZ OK
TOJL OK
TOLI OK
TOLS OK
TOLZ OK
TOLJ OK
TSIO OK
TSIZ OK
TSIJ OK
TSIL OK
TSOI OK
TSOJ OK
TSOL OK
TSZI OK
TOSZ OK
TOZS OK
TSZJ OK
TSJI OK
TSJO OK
TSJZ OK
TSJL OK
TSZL OK
TSLI OK
TSLO OK
TSLJ OK
TZIO OK
TSLZ OK
TZIS OK
TZIJ OK
TZOI OK
TZIL OK
TZOJ OK
TSOZ OK
TZOL OK
TZSI OK
TZSJ OK
TSZO OK
TZSL OK
TZJI OK
TZJO OK
TZJS OK
TZJL OK
TZLO OK
TZLI OK
TZLJ OK
TZLS OK
TJIO OK
TJIS OK
TJIZ OK
TJIL OK
TJOI OK
TJOS OK
TJOZ OK
TJOL OK
TJSI OK
TJSO OK
TJSZ OK
TJSL OK
TJZI OK
TZOS OK
TJZL OK
TJZO OK
TJLI OK
TJLO OK
TJZS OK
TJLS OK
TJLZ OK
TLIO OK
TLIS OK
TLIZ OK
TZSO OK
TLIJ OK
TLOI OK
TLOJ OK
TLSI OK
TLSO OK
TLSJ OK
TLZI OK
TLSZ OK
TLOS OK
TLOZ OK
TLZJ OK
TLJI OK
TLZO OK
TLJO OK
TLJS OK
TLZS OK
TLJZ OK
SIOT OK
SIOL OK
SITO OK
SIOJ OK
SITZ OK
SITJ OK
SITL OK
SIZT OK
SIZO OK
SIZJ OK
SIZL OK
SIJT OK
SIJL OK
SIJO OK
SILT OK
SIJZ OK
SILO OK
SILJ OK
SIOZ OK
SOIT OK
SOIL OK
SOIJ OK
SOTI OK
SOTJ OK
SOIZ OK
SOTL OK
SILZ OK
SOZI OK
SOZJ OK
SOTZ OK
SOZL OK
SOJI OK
SOJT OK
SOJL OK
SOJZ OK
SOLT OK
SOLJ OK
SOLI OK
STIO OK
STIZ OK
STIJ OK
SOZT OK
STIL OK
STOI OK
SOLZ OK
STOJ OK
STOL OK
STZI OK
STZJ OK
STJI OK
STJO OK
STZL OK
STJZ OK
STJL OK
STLI OK
STLO OK
STLJ OK
STOZ OK
STLZ OK
SZIT OK
SZIO OK
SZIJ OK
SZOI OK
SZIL OK
SZOT OK
SZTI OK
SZTO OK
SZOL OK
SZOJ OK
SZTJ OK
SZTL OK
STZO OK
SZJI OK
SZJL OK
SZJT OK
SZLI OK
SZLJ OK
SZLT OK
SZJO OK
SZLO OK
SJIT OK
SJIL OK
SJIO OK
SJOT OK
SJIZ OK
SJOI OK
SJOL OK
SJTI OK
SJTO OK
SJTZ OK
SJTL OK
SJOZ OK
SJZL OK
SJLI OK
SJZI OK
SJLO OK
SJZT OK
SJLT OK
SJZO OK
SJLZ OK
SLIT OK
SLIJ OK
SLIO OK
SLOT OK
SLOJ OK
SLOI OK
SLTI OK
SLTO OK
SLTJ OK
SLIZ OK
SLTZ OK
SLOZ OK
SLZJ OK
SLJI OK
SLJO OK
SLZI OK
SLJT OK
SLJZ OK
ZIOT OK
ZIOS OK
ZIOJ OK
ZIOL OK
ZITO OK
ZITJ OK
ZITS OK
ZITL OK
ZISO OK
SLZT OK
ZIST OK
ZISJ OK
ZISL OK
ZIJT OK
ZIJO OK
ZIJL OK
ZILO OK
ZIJS OK
ZILT OK
ZILJ OK
ZOIT OK
ZOIS OK
ZOIJ OK
ZILS OK
ZOIL OK
ZOTI OK
ZOTJ OK
ZOSI OK
ZOTL OK
ZOSJ OK
ZOTS OK
ZOSL OK
ZOJI OK
ZOJT OK
ZOJL OK
ZOJS OK
ZOLI OK
ZOLT OK
ZOST OK
ZOLS OK
ZOLJ OK
ZTIO OK
ZTIS OK
SLZO OK
ZTIJ OK
ZTOI OK
ZTIL OK
ZTOJ OK
ZTSI OK
ZTSJ OK
ZTOL OK
ZTJI OK
ZTJO OK
ZTJS OK
ZTJL OK
ZTSL OK
ZTOS OK
ZTLI OK
ZTLO OK
ZTLS OK
ZTLJ OK
ZSIT OK
ZSIO OK
ZSIJ OK
ZSIL OK
ZSOI OK
ZSOT OK
ZSTI OK
ZSOJ OK
ZSOL OK
ZSTO OK
ZTSO OK
ZSTJ OK
ZSTL OK
ZSJI OK
ZSJL OK
ZSJT OK
ZSLI OK
ZSJO OK
ZSLT OK
ZSLJ OK
ZSLO OK
ZJIT OK
ZJIO OK
ZJIL OK
ZJOT OK
ZJIS OK
ZJOL OK
ZJTI OK
ZJOI OK
ZJOS OK
ZJTO OK
ZJTL OK
ZJSI OK
ZJTS OK
ZJSL OK
ZJLI OK
ZJSO OK
ZJLO OK
ZJST OK
ZJLT OK
ZJLS OK
ZLIT OK
ZLIO OK
ZLIJ OK
ZLIS OK
ZLOI OK
ZLOT OK
ZLOJ OK
ZLOS OK
ZLTI OK
ZLTO OK
ZLTJ OK
ZLTS OK
ZLSI OK
ZLSJ OK
ZLJI OK
ZLJO OK
ZLJT OK
ZLJS OK
ZLSO OK
JIOT OK
JIOL OK
JITO OK
JIOZ OK
JIOS OK
JITS OK
ZLST OK
JITZ OK
JITL OK
JISL OK
JIST OK
JISO OK
JISZ OK
JIZL OK
JIZO OK
JILO OK
JILT OK
JIZT OK
JILS OK
JILZ OK
JOIT OK
JOIL OK
JIZS OK
JOTI OK
JOTS OK
JOIS OK
JOIZ OK
JOTZ OK
JOTL OK
JOSL OK
JOST OK
JOSI OK
JOZI OK
JOSZ OK
JOZT OK
JOZL OK
JOLI OK
JOLT OK
JOLS OK
JTIO OK
JOLZ OK
JOZS OK
JTIS OK
JTIL OK
JTIZ OK
JTOI OK
JTOL OK
JTOS OK
JTSI OK
JTOZ OK
JTSZ OK
JTSO OK
JTSL OK
JTZI OK
JTZL OK
JTLI OK
JTZO OK
JTLO OK
JTLS OK
JTZS OK
JTLZ OK
JSIL OK
JSIT OK
JSIO OK
JSOT OK
JSIZ OK
JSOI OK
JSOL OK
JSTI OK
JSTO OK
JSTL OK
JSTZ OK
JSOZ OK
JSZL OK
JSZI OK
JSZT OK
JSLI OK
JSLT OK
JSLO OK
JSZO OK
JSLZ OK
JZIT OK
JZIL OK
JZIO OK
JZIS OK
JZOT OK
JZOI OK
JZOL OK
JZTI OK
JZTL OK
JZTO OK
JZOS OK
JZTS OK
JZSL OK
JZSI OK
JZLI OK
JZLO OK
JZLS OK
JZLT OK
JZST OK
JZSO OK
JLIT OK
JLIO OK
JLIS OK
JLIZ OK
JLOT OK
JLOI OK
JLTI OK
JLOS OK
JLTO OK
JLOZ OK
JLTS OK
JLTZ OK
JLSI OK
JLSO OK
JLST OK
JLSZ OK
JLZI OK
JLZT OK
JLZO OK
LIOT OK
JLZS OK
LIOJ OK
LITO OK
LIOS OK
LIOZ OK
LITS OK
LITJ OK
LITZ OK
LISJ OK
LIST OK
LISO OK
LIZO OK
LIZT OK
LIZJ OK
LIJO OK
LIZS OK
LIJT OK
LIJS OK
LOIT OK
LIJZ OK
LOIJ OK
LOTI OK
LOIZ OK
LOIS OK
LOTJ OK
LOTS OK
LOTZ OK
LOST OK
LOSI OK
LOSJ OK
LISZ OK
LOZT OK
LOZI OK
LOJI OK
LOSZ OK
LOJT OK
LOJS OK
LOZJ OK
LOZS OK
LOJZ OK
LTIO OK
LTIS OK
LTIZ OK
LTIJ OK
LTOI OK
LTOJ OK
LTSI OK
LTSO OK
LTSJ OK
LTOS OK
LTOZ OK
LTSZ OK
LTZI OK
LTZJ OK
LTJI OK
LTJO OK
LTZO OK
LTZS OK
LTJS OK
LTJZ OK
LSIT OK
LSIJ OK
LSIO OK
LSOT OK
LSOI OK
LSOJ OK
LSTI OK
LSTO OK
LSTJ OK
LSTZ OK
LSOZ OK
LSIZ OK
LSZI OK
LSZJ OK
LSJI OK
LSJO OK
LSJT OK
LSJZ OK
LZIT OK
LZIO OK
LZIJ OK
LZIS OK
LSZT OK
LZOI OK
LZOJ OK
LZOT OK
LZOS OK
LZTI OK
LZTJ OK
LZTO OK
LZSI OK
LZSO OK
LZSJ OK
LZTS OK
LZJI OK
LZJO OK
LZJT OK
LZJS OK
LJIO OK
LJIT OK
LJIS OK
LJIZ OK
LZST OK
LJOT OK
LJOI OK
LJOS OK
LJTI OK
LJOZ OK
LJTO OK
LJTS OK
LJTZ OK
LJSI OK
LJST OK
LJSO OK
LJSZ OK
LJZI OK
LJZT OK
LJZO OK
LJZS OK
LSZO OK
