IOTJ OK
IOTL OK
IOTS OK
IOTZ OK
IOSZ OK
IOST OK
IOSJ OK
IOSL OK
IOZJ OK
IOZL OK
IOZT OK
IOZS OK
IOJT OK
IOJS OK
IOJZ OK
IOJL OK
IOLT OK
IOLS OK
IOLZ OK
IOLJ OK
ITOS OK
ITOJ OK
ITOZ OK
ITOL OK
ITSJ OK
ITSO OK
ITSL OK
ITSZ OK
ITZO OK
ITZJ OK
ITZL OK
ITJO OK
ITJS OK
ITJZ OK
ITJL OK
ITLO OK
ITLS OK
ITLZ OK
ITLJ OK
ISOT OK
ISOJ OK
ISOZ OK
ISOL OK
ISTO OK
ISTJ OK
ISTZ OK
ISTL OK
ISZJ OK
ISZT OK
ISJO OK
ISJT OK
ISZL OK
ISJL OK
ISJZ OK
ISLO OK
ISLT OK
ISLZ OK
ISLJ OK
IZOT OK
IZOJ OK
IZOS OK
IZOL OK
IZTO OK
IZTS OK
IZTJ OK
IZTL OK
IZST OK
IZSO OK
ITZS OK
IZSJ OK
IZJO OK
IZSL OK
IZJT OK
IZJL OK
IZJS OK
IZLO OK
IZLT OK
IZLS OK
IZLJ OK
IJOT OK
IJOS OK
ISZO OK
IJOZ OK
IJOL OK
IJTO OK
IJTS OK
IJTZ OK
IJTL OK
IJSO OK
IJST OK
IJSL OK
IJZO OK
IJSZ OK
IJZT OK
IJZL OK
IJLT OK
IJLO OK
ILOT OK
IJLZ OK
IJLS OK
IJZS OK
ILOJ OK
ILOZ OK
ILOS OK
ILTO OK
ILTS OK
ILTZ OK
ILTJ OK
ILSO OK
ILST OK
ILZO OK
ILSZ OK
ILSJ OK
ILZT OK
ILJO OK
ILJT OK
ILZJ OK
ILJS OK
ILJZ OK
ILZS OK
OITS OK
OITZ OK
OITJ OK
OITL OK
OIST OK
OISJ OK
OISZ OK
OISL OK
OIZT OK
OIZJ OK
OIZL OK
OIZS OK
OIJT OK
OIJS OK
OIJZ OK
OILT OK
OIJL OK
OILS OK
OILZ OK
OILJ OK
OTIS OK
OTIZ OK
OTIJ OK
OTIL OK
OTSI OK
OTSJ OK
OTSL OK
OTZI OK
OTSZ OK
OTZJ OK
OTZL OK
OTJI OK
OTJS OK
OTJL OK
OTJZ OK
OTLI OK
OTLS OK
OTLZ OK
OTLJ OK
OSIT OK
OSIZ OK
OSIJ OK
OSIL OK
OSTI OK
OSTJ OK
OSTL OK
OSTZ OK
OSZI OK
OSZJ OK
OSJI OK
OSZL OK
OSJT OK
OSJL OK
OSJZ OK
OTZS OK
OSLT OK
OSLI OK
OSLJ OK
OSLZ OK
OZIT OK
OZIJ OK
OZIL OK
OZIS OK
OZTI OK
OZTJ OK
OSZT OK
OZTS OK
OZTL OK
OZSI OK
OZSJ OK
OZST OK
OZSL OK
OZJI OK
OZJT OK
OZJL OK
OZLI OK
OZJS OK
OZLT OK
OZLS OK
OZLJ OK
OJIT OK
OJIS OK
OJIZ OK
OJTI OK
OJIL OK
OJTS OK
OJTZ OK
OJTL OK
OJSI OK
OJST OK
OJZI OK
OJSZ OK
OJZT OK
OJSL OK
OJZL OK
OJLI OK
OJLT OK
OJZS OK
OJLS OK
OJLZ OK
OLIT OK
OLIS OK
OLIJ OK
OLTI OK
OLIZ OK
OLTS OK
OLTJ OK
OLTZ OK
OLSI OK
OLST OK
OLSJ OK
OLZI OK
OLSZ OK
OLZT OK
OLZJ OK
OLJI OK
OLJT OK
OLJS OK
OLJZ OK
OLZS OK
TIOS OK
TIOZ OK
TIOJ OK
TIOL OK
TISO OK
TISJ OK
TISL OK
TISZ OK
TIZO OK
TIZJ OK
TIZL OK
TIJO OK
TIJS OK
TIJZ OK
TIZS OK
TIJL OK
TILO OK
TILS OK
TILZ OK
TILJ OK
TOIS OK
TOIZ OK
TOIJ OK
TOIL OK
TOSI OK
TOSJ OK
TOSL OK
TOZI OK
TOSZ OK
TOZL OK
TOZJ OK
TOJI OK
TOJS OK
TOJZ OK
TOJL OK
TOLI OK
TOLS OK
TOLZ OK
TOLJ OK
TSIO OK
TSIZ OK
TSIJ OK
TSIL OK
TSOI OK
TSOJ OK
TSOZ OK
TSOL OK
TSZI OK
TSZO OK
TSZJ OK
TSZL OK
TSJI OK
TSJO OK
TSJL OK
TSLI OK
TSJZ OK
TSLO OK
TSLJ OK
TSLZ OK
TZIO OK
TOZS OK
TZIJ OK
TZIL OK
TZOI OK
TZIS OK
TZOJ OK
TZOL OK
TZSI OK
TZSJ OK
TZSO OK
TZJI OK
TZJO OK
TZSL OK
TZJS OK
TZJL OK
TZLI OK
TZLO OK
TZLS OK
TZLJ OK
TJIO OK
TJIS OK
TJIZ OK
TJIL OK
TJOI OK
TJOS OK
TJOZ OK
TJOL OK
TJSI OK
TJSO OK
TJSL OK
TJSZ OK
TJZI OK
TJZO OK
TJZL OK
TJLI OK
TJZS OK
TJLO OK
TZOS OK
TJLS OK
TJLZ OK
TLIO OK
TLIS OK
TLIZ OK
TLIJ OK
TLOI OK
TLOS OK
TLOZ OK
TLOJ OK
TLSI OK
TLSO OK
TLSJ OK
TLZI OK
TLZO OK
TLSZ OK
TLZJ OK
TLJI OK
TLJO OK
TLZS OK
TLJS OK
TLJZ OK
SIOT OK
SIOZ OK
SIOJ OK
SIOL OK
SITO OK
SITJ OK
SITL OK
SITZ OK
SIZJ OK
SIZT OK
SIZL OK
SIJO OK
SIJT OK
SIJZ OK
SIJL OK
SILO OK
SILT OK
SILZ OK
SILJ OK
SOIT OK
SOIZ OK
SOIJ OK
SOIL OK
SOTI OK
SOTJ OK
SOTZ OK
SOTL OK
SOZI OK
SOZJ OK
SOZT OK
SOJI OK
SOJT OK
SOZL OK
SOJZ OK
SOLI OK
SOJL OK
SOLT OK
SOLJ OK
SOLZ OK
STIO OK
STIJ OK
STIZ OK
STIL OK
SIZO OK
STOI OK
STOJ OK
STOL OK
STOZ OK
STZI OK
STZJ OK
STZL OK
STZO OK
STJI OK
STJL OK
STJO OK
STLI OK
STJZ OK
STLO OK
STLJ OK
STLZ OK
SZIO OK
SZIJ OK
SZIT OK
SZIL OK
SZOI OK
SZOJ OK
SZOL OK
SZOT OK
SZTI OK
SZTJ OK
SZTL OK
SZTO OK
SZJL OK
SZJI OK
SZJT OK
SZJO OK
SZLT OK
SZLJ OK
SZLI OK
SZLO OK
SJIO OK
SJIT OK
SJIL OK
SJIZ OK
SJOI OK
SJOT OK
SJOL OK
SJTI OK
SJOZ OK
SJTO OK
SJTL OK
SJTZ OK
SJZI OK
SJZL OK
SJZO OK
SJZT OK
SJLI OK
SJLT OK
SJLO OK
SJLZ OK
SLIO OK
SLIT OK
SLIZ OK
SLIJ OK
SLOI OK
SLOT OK
SLOJ OK
SLTI OK
SLOZ OK
SLTO OK
SLTJ OK
SLTZ OK
SLZO OK
SLZI OK
SLZT OK
SLZJ OK
SLJT OK
SLJI OK
SLJO OK
SLJZ OK
ZIOT OK
ZIOJ OK
ZIOL OK
ZIOS OK
ZITO OK
ZITS OK
ZITJ OK
ZITL OK
ZIST OK
ZISJ OK
ZISL OK
ZISO OK
ZIJO OK
ZIJT OK
ZIJL OK
ZILO OK
ZIJS OK
ZILT OK
ZILS OK
ZILJ OK
ZOIT OK
ZOIS OK
ZOIJ OK
ZOIL OK
ZOTI OK
ZOTL OK
ZOTJ OK
ZOTS OK
ZOSI OK
ZOST OK
ZOSJ OK
ZOJI OK
ZOSL OK
ZOJT OK
ZOJS OK
ZOJL OK
ZOLI OK
ZOLT OK
ZOLJ OK
ZOLS OK
ZTIO OK
ZTIL OK
ZTIJ OK
ZTOI OK
ZTOJ OK
ZTIS OK
ZTOL OK
ZTOS OK
ZTSJ OK
ZTSI OK
ZTSO OK
ZTSL OK
ZTJI OK
ZTJS OK
ZTJO OK
ZTLI OK
ZTJL OK
ZTLO OK
ZTLS OK
ZTLJ OK
ZSIJ OK
ZSIT OK
ZSIO OK
ZSIL OK
ZSOT OK
ZSOJ OK
ZSOI OK
ZSOL OK
ZSTJ OK
ZSTI OK
ZSTO OK
ZSTL OK
ZSJI OK
ZSJL OK
ZSJO OK
ZSJT OK
ZSLI OK
ZSLT OK
ZSLJ OK
ZSLO OK
ZJIO OK
ZJIT OK
ZJIL OK
ZJIS OK
ZJOI OK
ZJOT OK
ZJOL OK
ZJTI OK
ZJTO OK
ZJOS OK
ZJTS OK
ZJTL OK
ZJSI OK
ZJSL OK
ZJSO OK
ZJST OK
ZJLI OK
ZJLO OK
ZJLT OK
ZJLS OK
ZLIO OK
ZLIT OK
ZLIS OK
ZLIJ OK
ZLOI OK
ZLOT OK
ZLOS OK
ZLOJ OK
ZLTI OK
ZLTO OK
ZLTS OK
ZLTJ OK
ZLSI OK
ZLSO OK
ZLST OK
ZLSJ OK
ZLJI OK
ZLJO OK
ZLJT OK
ZLJS OK
JIOT OK
JIOS OK
JIOZ OK
JITO OK
JIOL OK
JITS OK
JITZ OK
JITL OK
JISO OK
JIST OK
JISL OK
JIZO OK
JISZ OK
JIZT OK
JIZL OK
JILO OK
JILT OK
JILS OK
JOIT OK
JILZ OK
JIZS OK
JOIS OK
JOIZ OK
JOIL OK
JOTI OK
JOTS OK
JOTL OK
JOTZ OK
JOSI OK
JOST OK
JOZI OK
JOSZ OK
JOSL OK
JOZT OK
JOLI OK
JOZL OK
JOLT OK
JOZS OK
JOLS OK
JOLZ OK
JTIO OK
JTIS OK
JTIZ OK
JTIL OK
JTOI OK
JTOS OK
JTOL OK
JTOZ OK
JTSI OK
JTSO OK
JTSL OK
JTZI OK
JTZO OK
JTSZ OK
JTZL OK
JTLI OK
JTLO OK
JTZS OK
JTLS OK
JTLZ OK
JSIO OK
JSIT OK
JSOI OK
JSIZ OK
JSOT OK
JSIL OK
JSTI OK
JSTO OK
JSOL OK
JSOZ OK
JSTL OK
JSTZ OK
JSZI OK
JSZT OK
JSZL OK
JSZO OK
JSLI OK
JSLT OK
JSLO OK
JZIO OK
JSLZ OK
JZIT OK
JZIL OK
JZOI OK
JZOT OK
JZIS OK
JZOL OK
JZTI OK
JZTO OK
JZOS OK
JZTS OK
JZTL OK
JZSI OK
JZST OK
JZSL OK
JZSO OK
JZLI OK
JZLO OK
JZLT OK
JZLS OK
JLIO OK
JLIT OK
JLOI OK
JLIS OK
JLOT OK
JLIZ OK
JLOS OK
JLOZ OK
JLTI OK
JLTO OK
JLTS OK
JLTZ OK
JLST OK
JLSO OK
JLSI OK
JLZI OK
JLZT OK
JLZO OK
JLZS OK
LIOT OK
LIOS OK
LIOZ OK
LIOJ OK
LITO OK
LITS OK
LITZ OK
LITJ OK
LISO OK
LIST OK
LISZ OK
LISJ OK
LIZO OK
LIZT OK
LIZS OK
LIZJ OK
JLSZ OK
LIJO OK
LIJT OK
LOIT OK
LOIS OK
LIJS OK
LIJZ OK
LOIZ OK
LOIJ OK
LOTI OK
LOTS OK
LOTZ OK
LOTJ OK
LOST OK
LOSI OK
LOSJ OK
LOSZ OK
LOZT OK
LOZI OK
LOZJ OK
LOJI OK
LOJT OK
LOJS OK
LOJZ OK
LTIO OK
LOZS OK
LTIS OK
LTIZ OK
LTIJ OK
LTOI OK
LTOS OK
LTOZ OK
LTOJ OK
LTSI OK
LTSO OK
LTSJ OK
LTZI OK
LTZO OK
LTSZ OK
LTZJ OK
LTJI OK
LTJO OK
LTZS OK
LTJS OK
LTJZ OK
LSIT OK
LSIO OK
LSIZ OK
LSIJ OK
LSOT OK
LSOI OK
LSOJ OK
LSTO OK
LSTI OK
LSOZ OK
LSTJ OK
LSZI OK
LSTZ OK
LSZO OK
LSZJ OK
LSZT OK
LSJI OK
LSJT OK
LSJO OK
LSJZ OK
LZIO OK
LZIT OK
LZIS OK
LZIJ OK
LZOI OK
LZOT OK
LZOJ OK
LZTI OK
LZTO OK
LZTS OK
LZTJ OK
LZOS OK
LZSI OK
LZST OK
LZJI OK
LZSJ OK
LZSO OK
LZJO OK
LZJT OK
LZJS OK
LJIO OK
LJIT OK
LJOI OK
LJOT OK
LJIS OK
LJOS OK
LJIZ OK
LJOZ OK
LJTO OK
LJTI OK
LJTS OK
LJTZ OK
LJST OK
LJSI OK
LJZI OK
LJSO OK
LJSZ OK
LJZT OK
LJZO OK
LJZS OK
