IOTJ OK
IOTL OK
IOTS OK
IOTZ OK
IOSJ OK
IOSL OK
IOST OK
IOZJ OK
IOZT OK
IOZS OK
IOZL OK
IOJT OK
IOJS OK
IOJZ OK
IOJL OK
IOLT OK
IOLS OK
IOLZ OK
IOLJ OK
ITOS OK
ITOZ OK
ITOJ OK
ITOL OK
ITSO OK
ITSJ OK
ITSL OK
ITSZ OK
ITZO OK
ITZJ OK
ITZL OK
ITJO OK
ITJS OK
ITJZ OK
ITJL OK
ITLO OK
ITLS OK
ITLZ OK
ITLJ OK
ITZS OK
ISOT OK
ISOJ OK
ISOL OK
ISTO OK
ISTJ OK
ISTZ OK
ISTL OK
ISZT OK
ISZJ OK
ISZO OK
ISJO OK
ISZL OK
ISJT OK
ISJZ OK
ISJL OK
ISLO OK
ISLT OK
ISLJ OK
ISLZ OK
IZOT OK
IZOS OK
IZOJ OK
IZOL OK
IZTO OK
IZTS OK
IZTJ OK
IZTL OK
IZSO OK
IZST OK
IZSL OK
IZSJ OK
IZJO OK
IZJT OK
IZJL OK
IZJS OK
IZLO OK
IZLT OK
IZLS OK
IZLJ OK
IJOT OK
IJOS OK
IJOZ OK
IJOL OK
IJTO OK
IJTS OK
IJTZ OK
IJTL OK
IJSO OK
IJST OK
IJSZ OK
IJSL OK
IJZO OK
IJZT OK
IOSZ CAP
IJZL OK
IJLO OK
IJLT OK
IJZS OK
IJLS OK
IJLZ OK
ILOT OK
ILOS OK
ILOZ OK
ILOJ OK
ILTO OK
ILTS OK
ILTZ OK
ILTJ OK
ILST OK
ILSO OK
ILZO OK
ILSZ OK
ILSJ OK
ILZT OK
ILJO OK
ILZJ OK
ILJT OK
ILZS OK
ILJS OK
ILJZ OK
OITS OK
OITZ OK
OITJ OK
OITL OK
OIST OK
OISJ OK
OISL OK
OIZT OK
OIZS OK
OIZJ OK
OIZL OK
OIJT OK
ISOZ CAP
OIJS OK
OIJZ OK
OIJL OK
OILT OK
OILS OK
OILZ OK
OILJ OK
OTIS OK
OTIZ OK
OTIJ OK
OTSI OK
OTIL OK
OTSL OK
OTSJ OK
OTZI OK
OTZJ OK
OTZL OK
OTSZ OK
OTJI OK
OTJS OK
OTJZ OK
OTJL OK
OTLI OK
OTLS OK
OTZS OK
OTLZ OK
OTLJ OK
OSIT OK
OSIJ OK
OSIL OK
OSTI OK
OSTJ OK
OSTL OK
OSZI OK
OSTZ OK
OSZJ OK
OISZ OK
OSJI OK
OSZL OK
OSJT OK
OSZT OK
OSJZ OK
OSLI OK
OSJL OK
OSLT OK
OSLJ OK
OSLZ OK
OSIZ OK
OZIT OK
OZIJ OK
OZIL OK
OZIS OK
OZTJ OK
OZTI OK
OZTL OK
OZTS OK
OZSI OK
OZSJ OK
OZST OK
OZSL OK
OZJI OK
OZJT OK
OZJL OK
OZJS OK
OZLI OK
OZLT OK
OZLS OK
OZLJ OK
OJIT OK
OJIS OK
OJIZ OK
OJTI OK
OJIL OK
OJTS OK
OJTZ OK
OJTL OK
OJSI OK
OJST OK
OJZI OK
OJZT OK
OJSL OK
OJZL OK
OJLI OK
OJZS OK
OJLT OK
OJLS OK
OLIT OK
OJLZ OK
OJSZ OK
OLIS OK
OLIZ OK
OLIJ OK
OLTI OK
OLTS OK
OLTZ OK
OLTJ OK
OLSI OK
OLST OK
OLZI OK
OLZT OK
OLSJ OK
OLJI OK
OLZJ OK
OLJT OK
OLJS OK
OLZS OK
TIOS OK
OLJZ OK
OLSZ OK
TIOZ OK
TIOJ OK
TIOL OK
TISO OK
TISJ OK
TISL OK
TIZO OK
TISZ OK
TIZJ OK
TIZL OK
TIJO OK
TIZS OK
TIJS OK
TIJZ OK
TIJL OK
TILO OK
TILS OK
TILZ OK
TILJ OK
TOIS OK
TOIZ OK
TOIJ OK
TOIL OK
TOSI OK
TOSL OK
TOSJ OK
TOZI OK
TOZJ OK
TOZL OK
TOJI OK
TOJS OK
TOJZ OK
TOJL OK
TOLI OK
TOSZ OK
TOLS OK
TOLZ OK
TOLJ OK
TSIO OK
TSIZ OK
TSIJ OK
TSIL OK
TOZS OK
TSOI OK
TSOJ OK
TSOL OK
TSZI OK
TSZJ OK
TSZL OK
TSJI OK
TSJO OK
TSJZ OK
TSJL OK
TSOZ OK
TSLI OK
TSLO OK
TSLJ OK
TSZO OK
TSLZ OK
TZIO OK
TZIJ OK
TZIL OK
TZOI OK
TZIS OK
TZOJ OK
TZOL OK
TZSJ OK
TZSI OK
TZSL OK
TZJI OK
TZJO OK
TZJS OK
TZJL OK
TZLI OK
TZLO OK
TZLS OK
TZOS OK
TZLJ OK
TJIO OK
TJIS OK
TJIZ OK
TJIL OK
TZSO OK
TJOI OK
TJOS OK
TJOZ OK
TJOL OK
TJSI OK
TJSO OK
TJSL OK
TJZI OK
TJSZ OK
TJZO OK
TJZL OK
TJLI OK
TJLO OK
TJZS OK
TJLS OK
TJLZ OK
TLIO OK
TLIS OK
TLIZ OK
TLIJ OK
TLOI OK
TLOS OK
TLOZ OK
TLOJ OK
TLSI OK
TLSO OK
TLSJ OK
TLSZ OK
TLZI OK
TLZO OK
TLZJ OK
TLJI OK
TLZS OK
TLJO OK
TLJS OK
TLJZ OK
SIOT OK
SIOJ OK
SIOL OK
SITO OK
SITJ OK
SITZ OK
SITL OK
SIZT OK
SIZJ OK
SIJO OK
SIZL OK
SIZO OK
SIJT OK
SIJZ OK
SIJL OK
SILO OK
SIOZ OK
SILT OK
SOIT OK
SILZ OK
SILJ OK
SOIJ OK
SOIL OK
SOTI OK
SOTJ OK
SOTL OK
SOZI OK
SOZJ OK
SOTZ OK
SOZL OK
SOIZ OK
SOZT OK
SOJI OK
SOJT OK
SOLI OK
SOLT OK
SOJL OK
SOJZ OK
SOLJ OK
SOLZ OK
STIZ OK
STIO OK
STIJ OK
STIL OK
STOI OK
STOJ OK
STOL OK
STZI OK
STZJ OK
STZL OK
STJI OK
STJO OK
STJZ OK
STJL OK
STOZ OK
STLI OK
STLO OK
STLZ OK
STLJ OK
STZO OK
SZIO OK
SZIT OK
SZIL OK
SZOI OK
SZIJ OK
SZOJ OK
SZOT OK
SZTI OK
SZOL OK
SZTJ OK
SZTO OK
SZJI OK
SZTL OK
SZJT OK
SZJO OK
SZJL OK
SZLI OK
SZLT OK
SJIO OK
SZLJ OK
SJIT OK
SZLO OK
SJOI OK
SJIZ OK
SJIL OK
SJOT OK
SJTI OK
SJOL OK
SJOZ OK
SJTO OK
SJTL OK
SJTZ OK
SJZI OK
SJZO OK
SJZT OK
SJZL OK
SJLI OK
SJLT OK
SJLO OK
SJLZ OK
SLIO OK
SLIT OK
SLOI OK
SLOT OK
SLIJ OK
SLIZ OK
SLTI OK
SLTO OK
SLOJ OK
SLTJ OK
SLTZ OK
SLZI OK
SLZT OK
SLZJ OK
SLJI OK
SLJT OK
SLZO OK
SLOZ OK
SLJO OK
ZIOT OK
ZIOJ OK
ZIOS OK
SLJZ OK
ZIOL OK
ZITJ OK
ZITO OK
ZITS OK
ZITL OK
ZIST OK
ZISJ OK
ZISO OK
ZIJO OK
ZISL OK
ZIJT OK
ZIJS OK
ZILO OK
ZIJL OK
ZILT OK
ZILJ OK
ZILS OK
ZOIT OK
ZOIJ OK
ZOIL OK
ZOIS OK
ZOTI OK
ZOTS OK
ZOTL OK
ZOTJ OK
ZOSI OK
ZOST OK
ZOSJ OK
ZOSL OK
ZOJI OK
ZOJT OK
ZOLI OK
ZOJL OK
ZOJS OK
ZOLT OK
ZOLS OK
ZOLJ OK
ZTIO OK
ZTIJ OK
ZTIL OK
ZTOI OK
ZTOJ OK
ZTIS OK
ZTOS OK
ZTOL OK
ZTSO OK
ZTSJ OK
ZTSI OK
ZTSL OK
ZTJO OK
ZTJI OK
ZTJS OK
ZTJL OK
ZTLI OK
ZTLO OK
ZTLJ OK
ZTLS OK
ZSIO OK
ZSIJ OK
ZSIL OK
ZSIT OK
ZSOI OK
ZSOT OK
ZSOJ OK
ZSOL OK
ZSTJ OK
ZSTI OK
ZSTO OK
ZSTL OK
ZSJI OK
ZSJO OK
ZSJT OK
ZSJL OK
ZSLI OK
ZSLT OK
ZSLJ OK
ZSLO OK
ZJIO OK
ZJIT OK
ZJIS OK
ZJIL OK
ZJOI OK
ZJOT OK
ZJOL OK
ZJTI OK
ZJTO OK
ZJOS OK
ZJTS OK
ZJTL OK
ZJSI OK
ZJST OK
ZJSL OK
ZJLI OK
ZJLT OK
ZJLS OK
ZJLO OK
ZJSO OK
ZLIT OK
ZLIO OK
ZLIS OK
ZLIJ OK
ZLOT OK
ZLOI OK
ZLOS OK
ZLOJ OK
ZLTI OK
ZLTO OK
ZLTJ OK
ZLTS OK
ZLSI OK
ZLSO OK
ZLST OK
ZLSJ OK
ZLJI OK
ZLJO OK
ZLJT OK
ZLJS OK
JIOT OK
JIOS OK
JIOZ OK
JIOL OK
JITO OK
JITS OK
JITZ OK
JITL OK
JISO OK
JIST OK
JISL OK
JISZ OK
JIZO OK
JIZT OK
JIZL OK
JILO OK
JILT OK
JILS OK
JOIT OK
JILZ OK
JIZS OK
JOIS OK
JOIZ OK
JOIL OK
JOTI OK
JOTS OK
JOTL OK
JOTZ OK
JOSI OK
JOST OK
JOZI OK
JOSL OK
JOZT OK
JOZL OK
JOLI OK
JOZS OK
JOLT OK
JOLS OK
JOLZ OK
JTIO OK
JTIS OK
JTIZ OK
JTIL OK
JOSZ OK
JTOI OK
JTOS OK
JTOZ OK
JTOL OK
JTSI OK
JTSO OK
JTSL OK
JTSZ OK
JTZI OK
JTZO OK
JTZL OK
JTLI OK
JTLO OK
JTZS OK
JTLS OK
JTLZ OK
JSIO OK
JSIT OK
JSOI OK
JSIL OK
JSIZ OK
JSOT OK
JSTI OK
JSTO OK
JSOL OK
JSOZ OK
JSTL OK
JSTZ OK
JSZI OK
JSZT OK
JSZL OK
JSZO OK
JSLI OK
JSLT OK
JSLO OK
JZIO OK
JSLZ OK
JZIT OK
JZIL OK
JZOI OK
JZOT OK
JZIS OK
JZOL OK
JZTI OK
JZTO OK
JZOS OK
JZTL OK
JZTS OK
JZSI OK
JZST OK
JZLI OK
JZSL OK
JZSO OK
JZLO OK
JZLT OK
JZLS OK
JLIO OK
JLIT OK
JLIS OK
JLOT OK
JLOI OK
JLIZ OK
JLTI OK
JLOS OK
JLOZ OK
JLTO OK
JLTS OK
JLTZ OK
JLST OK
JLSI OK
JLSO OK
JLZI OK
JLZO OK
JLZT OK
JLZS OK
LIOT OK
LIOS OK
LIOZ OK
LIOJ OK
LITO OK
LITS OK
LITZ OK
LITJ OK
LISO OK
LIST OK
JLSZ OK
LIZO OK
LIZT OK
LISZ OK
LISJ OK
LIZS OK
LIZJ OK
LIJT OK
LIJO OK
LOIT OK
LOIS OK
LIJS OK
LIJZ OK
LOIZ OK
LOIJ OK
LOTI OK
LOTS OK
LOTZ OK
LOST OK
LOSI OK
LOTJ OK
LOZT OK
LOZI OK
LOSJ OK
LOJI OK
LOZJ OK
LOJT OK
LOJS OK
LOZS OK
LOJZ OK
LTIO OK
LTIS OK
LOSZ OK
LTIZ OK
LTIJ OK
LTOI OK
LTOS OK
LTOZ OK
LTSI OK
LTOJ OK
LTSO OK
LTSJ OK
LTSZ OK
LTZI OK
LTZO OK
LTZJ OK
LTJI OK
LTZS OK
LTJO OK
LTJS OK
LTJZ OK
LSIO OK
LSIT OK
LSOT OK
LSOI OK
LSIJ OK
LSIZ OK
LSOJ OK
LSTI OK
LSTO OK
LSTJ OK
LSZI OK
LSTZ OK
LSZT OK
LSZJ OK
LSJI OK
LSJO OK
LSJT OK
LSOZ OK
LZIT OK
LZIO OK
LSJZ OK
LSZO OK
LZIS OK
LZIJ OK
LZOI OK
LZOT OK
LZTI OK
LZOJ OK
LZTO OK
LZTJ OK
LZTS OK
LZSI OK
LZOS OK
LZST OK
LZSJ OK
LZJI OK
LZJO OK
LZJT OK
LZJS OK
LJIO OK
LJIT OK
LJIS OK
LJOI OK
LJIZ OK
LZSO OK
LJOT OK
LJTI OK
LJOZ OK
LJOS OK
LJTO OK
LJTS OK
LJTZ OK
LJST OK
LJSI OK
LJSO OK
LJZI OK
LJZO OK
LJSZ OK
LJZT OK
LJZS OK
