IOTZ OK
IOTS OK
IOTJ OK
IOTL OK
IOSJ OK
IOSL OK
IOST OK
IOZJ OK
IOZT OK
IOZL OK
IOJT OK
IOJS OK
IOJZ OK
IOJL OK
IOLT OK
IOLS OK
IOLZ OK
IOLJ OK
ITOS OK
ITOZ OK
ITOJ OK
ITOL OK
ITSO OK
ITSJ OK
ITSL OK
ITZO OK
ITSZ OK
ITZJ OK
ITZL OK
IOZS OK
ITJO OK
ITJS OK
ITJZ OK
ITJL OK
ITLO OK
ITZS OK
ITLS OK
ITLZ OK
ITLJ OK
ISOT OK
ISOJ OK
ISOL OK
ISTO OK
ISTJ OK
ISTL OK
IOSZ OK
ISTZ OK
ISZJ OK
ISZL OK
ISZT OK
ISJO OK
ISJT OK
ISJZ OK
ISJL OK
ISLO OK
ISLT OK
ISLJ OK
IZOT OK
ISLZ OK
IZOJ OK
IZOL OK
IZTO OK
IZTS OK
IZTJ OK
IZTL OK
IZOS OK
IZST OK
IZSJ OK
IZSL OK
ISOZ CAP
IZJT OK
IZJO OK
IZJL OK
IZJS OK
IZLO OK
IZLT OK
IZLS OK
IZSO OK
IZLJ OK
IJOT OK
ISZO CAP
IJOS OK
IJOZ OK
IJOL OK
IJTO OK
IJTS OK
IJTZ OK
IJTL OK
IJST OK
IJSO OK
IJSL OK
IJSZ OK
IJZT OK
IJZL OK
IJZO OK
IJLO OK
IJLT OK
IJLS OK
IJLZ OK
ILOT OK
ILOS OK
ILOZ OK
ILOJ OK
ILTO OK
IJZS OK
ILTS OK
ILTZ OK
ILTJ OK
ILSO OK
ILST OK
ILSJ OK
ILZO OK
ILZT OK
ILZJ OK
ILJO OK
ILJT OK
ILJS OK
ILJZ OK
OITS OK
OITZ OK
ILSZ OK
OITJ OK
OITL OK
OIST OK
OISJ OK
OISL OK
OIZT OK
OIZJ OK
OIZL OK
OIJT OK
ILZS OK
OIJS OK
OIJZ OK
OIJL OK
OILT OK
OILS OK
OILZ OK
OILJ OK
OTIS OK
OTIZ OK
OTIJ OK
OTIL OK
OTSI OK
OTSJ OK
OTSL OK
OTZI OK
OIZS OK
OTZJ OK
OTZL OK
OTSZ OK
OTJI OK
OTJS OK
OTJZ OK
OTJL OK
OISZ OK
OTLI OK
OTLS OK
OTLZ OK
OTLJ OK
OTZS OK
OSIJ OK
OSIT OK
OSIL OK
OSTJ OK
OSTI OK
OSTL OK
OSTZ OK
OSZT OK
OSZI OK
OSZL OK
OSJI OK
OSZJ OK
OSJT OK
OSJL OK
OSLI OK
OSLT OK
OSJZ OK
OSLJ OK
OSLZ OK
OZIT OK
OZIJ OK
OZIL OK
OSIZ OK
OZTI OK
OZTJ OK
OZTL OK
OZTS OK
OZSJ OK
OZST OK
OZJI OK
OZJT OK
OZIS OK
OZSL OK
OZSI OK
OZJL OK
OZJS OK
OZLI OK
OZLT OK
OZLJ OK
OJIT OK
OJIS OK
OJIL OK
OJIZ OK
OJTI OK
OJTS OK
OJTZ OK
OJTL OK
OJSI OK
OJST OK
OJZI OK
OZLS OK
OJSL OK
OJZT OK
OJZL OK
OJLI OK
OJLT OK
OJLS OK
OJLZ OK
OLIT OK
OLIS OK
OLIZ OK
OLIJ OK
OLTI OK
OLTS OK
OLTZ OK
OLTJ OK
OLSI OK
OLST OK
OLSJ OK
OLSZ OK
OLZI OK
OJSZ OK
OLZT OK
OLZJ OK
OLJI OK
OJZS OK
OLJT OK
OLJS OK
OLJZ OK
TIOS OK
TIOZ OK
TIOJ OK
TIOL OK
TISO OK
TISJ OK
TISL OK
TIZO OK
OLZS OK
TIZJ OK
TIZL OK
TIJO OK
TIJS OK
TIJL OK
TIJZ OK
TILO OK
TILS OK
TISZ OK
TILZ OK
TILJ OK
TOIS OK
TOIZ OK
TOIJ OK
TOIL OK
TOSI OK
TOSJ OK
TIZS OK
TOSL OK
TOZI OK
TOZJ OK
TOZL OK
TOJI OK
TOJS OK
TOJZ OK
TOJL OK
TOLI OK
TOLS OK
TOLZ OK
TOLJ OK
TSIO OK
TOSZ OK
TSIJ OK
TSIL OK
TSOI OK
TOZS OK
TSOJ OK
TSOL OK
TSIZ OK
TSOZ OK
TSZJ OK
TSZL OK
TSJI OK
TSJO OK
TSZO OK
TSJZ OK
TSJL OK
TSLI OK
TSLO OK
TSZI OK
TSLJ OK
TSLZ OK
TZIO OK
TZIJ OK
TZIL OK
TZOI OK
TZOJ OK
TZOL OK
TZIS OK
TZSJ OK
TZSL OK
TZOS OK
TZSI OK
TZJI OK
TZJL OK
TZJO OK
TZJS OK
TZSO OK
TZLI OK
TZLO OK
TZLS OK
TZLJ OK
TJIO OK
TJIS OK
TJIZ OK
TJIL OK
TJOI OK
TJOL OK
TJSI OK
TJOS OK
TJOZ OK
TJSL OK
TJZI OK
TJSO OK
TJZO OK
TJZL OK
TJZS OK
TJLI OK
TJLO OK
TJLS OK
TJSZ OK
TLIO OK
TJLZ OK
TLIS OK
TLIZ OK
TLIJ OK
TLOI OK
TLOJ OK
TLSI OK
TLSO OK
TLSZ OK
TLSJ OK
TLZI OK
TLOS OK
TLOZ OK
TLZJ OK
TLZO OK
TLZS OK
TLJI OK
TLJO OK
TLJS OK
TLJZ OK
SIOJ OK
SIOL OK
SITO OK
SITJ OK
SITL OK
SIOT OK
SITZ OK
SIZJ OK
SIZL OK
SIJO OK
SIJT OK
SIJZ OK
SIZT OK
SIJL OK
SILO OK
SILT OK
SILZ OK
SILJ OK
SOIT OK
SOIJ OK
SOIL OK
SOTI OK
SOTZ OK
SOTJ OK
SOTL OK
SOIZ OK
SOZI OK
SOZT OK
SOZJ OK
SOJI OK
SOZL OK
SOJT OK
SOJL OK
SOLI OK
SIOZ CAP
SOLT OK
SOJZ OK
SOLJ OK
STIO OK
STIJ OK
STIL OK
SOLZ OK
STOI OK
STOJ OK
SIZO CAP
STIZ OK
STOL OK
STZJ OK
STOZ OK
STJI OK
STZL OK
STJO OK
STJZ OK
STZI OK
STZO OK
STJL OK
STLI OK
STLO OK
STLJ OK
STLZ OK
SZIJ OK
SZIL OK
SZIT OK
SZOT OK
SZOJ OK
SZIO OK
SZOL OK
SZOI OK
SZTJ OK
SZTL OK
SZJI OK
SZJT OK
SZJO OK
SZLI OK
SZJL OK
SZTI OK
SZLT OK
SZTO OK
SZLJ OK
SJIO OK
SJIT OK
SJIZ OK
SJIL OK
SJOI OK
SZLO OK
SJOT OK
SJOL OK
SJTI OK
SJTO OK
SJTL OK
SJTZ OK
SJZI OK
SJZT OK
SJZL OK
SJLI OK
SJOZ OK
SJLT OK
SJLO OK
SJLZ OK
SLIO OK
SLIT OK
SLIZ OK
SJZO OK
SLOI OK
SLIJ OK
SLOT OK
SLOJ OK
SLTI OK
SLTO OK
SLTJ OK
SLTZ OK
SLZI OK
SLZT OK
SLZJ OK
SLOZ OK
SLJI OK
SLJO OK
SLJT OK
SLJZ OK
ZIOJ OK
ZIOL OK
ZITO OK
ZIOT OK
ZITJ OK
ZITL OK
ZITS OK
ZIOS OK
SLZO OK
ZIST OK
ZISJ OK
ZISL OK
ZIJO OK
ZIJT OK
ZIJS OK
ZIJL OK
ZILO OK
ZILT OK
ZILS OK
ZILJ OK
ZOIT OK
ZOIJ OK
ZOIL OK
ZOTI OK
ZOTJ OK
ZISO OK
ZOTL OK
ZOTS OK
ZOSJ OK
ZOST OK
ZOSI OK
ZOJI OK
ZOSL OK
ZOJT OK
ZOIS OK
ZOJS OK
ZOLI OK
ZOJL OK
ZOLT OK
ZOLJ OK
ZTIO OK
ZTIJ OK
ZTIL OK
ZTOI OK
ZTOJ OK
ZTOL OK
ZOLS OK
ZTIS OK
ZTSJ OK
ZTSL OK
ZTOS OK
ZTJI OK
ZTJO OK
ZTJS OK
ZTJL OK
ZTSI OK
ZTLI OK
ZTLO OK
ZTLS OK
ZTLJ OK
ZSIJ OK
ZTSO OK
ZSIL OK
ZSIT OK
ZSOT OK
ZSOJ OK
ZSIO OK
ZSOI OK
ZSOL OK
ZSTJ OK
ZSTL OK
ZSJI OK
ZSJT OK
ZSJO OK
ZSTI OK
ZSLI OK
ZSJL OK
ZSTO OK
ZSLT OK
ZSLJ OK
ZJIO OK
ZJIT OK
ZJIS OK
ZJIL OK
ZSLO OK
ZJOI OK
ZJOT OK
ZJTI OK
ZJOL OK
ZJTO OK
ZJTS OK
ZJTL OK
ZJSI OK
ZJST OK
ZJSL OK
ZJLI OK
ZJSO OK
ZJLO OK
ZJLT OK
ZLIO OK
ZJLS OK
ZLIT OK
ZLIS OK
ZLIJ OK
ZLOI OK
ZLOT OK
ZLOJ OK
ZLTI OK
ZLTO OK
ZLTS OK
ZLTJ OK
ZLSI OK
ZLST OK
ZLSJ OK
ZLJI OK
ZJOS OK
ZLOS OK
ZLJO OK
ZLJT OK
ZLJS OK
JIOT OK
JIOS OK
JIOL OK
JIOZ OK
JITO OK
JITS OK
JITZ OK
JITL OK
ZLSO OK
JIST OK
JISL OK
JISO OK
JISZ OK
JIZT OK
JIZL OK
JIZO OK
JILO OK
JILT OK
JILS OK
JILZ OK
JOIT OK
JOIS OK
JOIZ OK
JOIL OK
JOTI OK
JOTS OK
JOTZ OK
JIZS OK
JOTL OK
JOSI OK
JOST OK
JOZI OK
JOZT OK
JOSL OK
JOLI OK
JOZL OK
JOLT OK
JOLS OK
JOLZ OK
JTIO OK
JTIS OK
JTIZ OK
JTIL OK
JTOI OK
JTOS OK
JTOZ OK
JTOL OK
JTSI OK
JTSO OK
JTSZ OK
JTSL OK
JTZI OK
JTZO OK
JTZS OK
JTZL OK
JTLI OK
JTLO OK
JTLS OK
JTLZ OK
JSIO OK
JSIT OK
JSIZ OK
JSIL OK
JSOI OK
JSOT OK
JOSZ OK
JSTI OK
JSOL OK
JSTO OK
JSTZ OK
JOZS OK
JSTL OK
JSZI OK
JSZT OK
JSZL OK
JSLI OK
JSOZ OK
JSLO OK
JSLT OK
JSLZ OK
JZIT OK
JZIO OK
JZIL OK
JZOI OK
JSZO OK
JZOT OK
JZOL OK
JZIS OK
JZTI OK
JZTL OK
JZTO OK
JZTS OK
JZST OK
JZSL OK
JZLI OK
JZLO OK
JZLT OK
JZLS OK
JLIO OK
JLIT OK
JLIS OK
JZSI OK
JLIZ OK
JLOI OK
JLOT OK
JLOS OK
JLOZ OK
JLTI OK
JLTO OK
JLTS OK
JLTZ OK
JLSI OK
JLSO OK
JLST OK
JLZI OK
JLZO OK
JLZT OK
JZOS OK
LIOT OK
JLSZ OK
LIOS OK
JLZS OK
LIOZ OK
LIOJ OK
LITO OK
LITS OK
LITZ OK
LITJ OK
JZSO OK
LIST OK
LISJ OK
LISO OK
LIZT OK
LIZJ OK
LIZO OK
LIJO OK
LIJT OK
LIJS OK
LIJZ OK
LOIT OK
LOIS OK
LISZ OK
LOIZ OK
LOIJ OK
LOTI OK
LOTS OK
LOTJ OK
LOTZ OK
LOSI OK
LOST OK
LOSJ OK
LOZI OK
LOZT OK
LOZJ OK
LIZS OK
LOJI OK
LOSZ OK
LOZS OK
LOJT OK
LOJS OK
LOJZ OK
LTIO OK
LTIS OK
LTIZ OK
LTOI OK
LTIJ OK
LTSI OK
LTOJ OK
LTSO OK
LTSZ OK
LTSJ OK
LTZI OK
LTOS OK
LTOZ OK
LTZO OK
LTZJ OK
LTJI OK
LTZS OK
LTJO OK
LTJS OK
LTJZ OK
LSIT OK
LSIJ OK
LSIO OK
LSOT OK
LSOJ OK
LSOI OK
LSTI OK
LSTO OK
LSIZ OK
LSTZ OK
LSTJ OK
LSZT OK
LSOZ OK
LSZJ OK
LSJI OK
LSJO OK
LSZO OK
LSJT OK
LSJZ OK
LZIO OK
LZIT OK
LSZI OK
LZIJ OK
LZIS OK
LZOI OK
LZOT OK
LZTI OK
LZOJ OK
LZTO OK
LZTJ OK
LZTS OK
LZSI OK
LZOS OK
LZST OK
LZSJ OK
LZJI OK
LZJO OK
LZJT OK
LZJS OK
LJIO OK
LZSO OK
LJIT OK
LJIS OK
LJIZ OK
LJOI OK
LJOT OK
LJOS OK
LJTI OK
LJOZ OK
LJTO OK
LJTS OK
LJSI OK
LJTZ OK
LJSO OK
LJST OK
LJZI OK
LJZO OK
LJZT OK
LJZS OK
LJSZ OK
