IOTJ OK
IOTL OK
IOTS OK
IOTZ OK
IOST OK
IOSJ OK
IOSL OK
IOZT OK
IOZJ OK
IOJT OK
IOZL OK
IOJS OK
IOJZ OK
IOJL OK
IOLT OK
IOLS OK
IOLZ OK
IOLJ OK
ITOS OK
ITOZ OK
ITOJ OK
IOSZ OK
ITOL OK
ITSJ OK
ITSL OK
ITSO OK
ITSZ OK
ITZJ OK
ITZL OK
ITZO OK
ITJO OK
ITJS OK
ITZS OK
ITJZ OK
ITJL OK
ITLO OK
ITLS OK
ITLZ OK
ITLJ OK
ISOJ OK
ISOT OK
ISTO OK
ISOL OK
ISTJ OK
ISTL OK
ISTZ OK
ISZT OK
ISZJ OK
ISZL OK
ISJO OK
ISOZ OK
ISJT OK
ISJZ OK
ISJL OK
ISLT OK
ISZO OK
ISLO OK
ISLJ OK
ISLZ OK
IZOT OK
IZOJ OK
IZOL OK
IZTO OK
IZTJ OK
IZTL OK
IZTS OK
IZST OK
IOZS CAP
IZSJ OK
IZSL OK
IZJO OK
IZJT OK
IZJS OK
IZJL OK
IZLO OK
IZLT OK
IZLS OK
IZLJ OK
IJOT OK
IJOS OK
IZSO OK
IJOZ OK
IJOL OK
IJTO OK
IJTS OK
IJTZ OK
IJTL OK
IJSO OK
IJST OK
IJSZ OK
IJSL OK
IJZT OK
IJZO OK
IJZL OK
IJLO OK
IJLT OK
IJLS OK
IJZS OK
IJLZ OK
ILOT OK
ILOJ OK
ILOS OK
ILOZ OK
ILTO OK
ILTS OK
ILTZ OK
ILTJ OK
ILST OK
ILSO OK
ILSJ OK
ILZT OK
ILZO OK
ILSZ OK
ILZJ OK
ILZS OK
ILJO OK
ILJT OK
ILJS OK
ILJZ OK
OITS OK
OITZ OK
OITJ OK
OITL OK
OIST OK
OISJ OK
OISL OK
OIZT OK
OIZS OK
OIZJ OK
OIZL OK
OIJT OK
OIJS OK
OIJZ OK
OIJL OK
OILT OK
OILS OK
OILZ OK
OILJ OK
OTIS OK
OISZ OK
OTIZ OK
OTIJ OK
OTIL OK
OTSI OK
OTSJ OK
OTSL OK
OTSZ OK
OTZI OK
IZOS CAP
OTZJ OK
OTJI OK
OTZL OK
OTJS OK
OTJL OK
OTJZ OK
OTLI OK
OTLS OK
OTLJ OK
OTLZ OK
OSIT OK
OSIJ OK
OSTI OK
OSIL OK
OSTJ OK
OSTZ OK
OSTL OK
OTZS OK
OSZI OK
OSIZ OK
OSZJ OK
OSZL OK
OSJI OK
OSJT OK
OSJL OK
OSJZ OK
OSLI OK
OSZT OK
OSLT OK
OSLJ OK
OZIT OK
OZIS OK
OZIJ OK
OZIL OK
OSLZ OK
OZTI OK
OZTJ OK
OZTL OK
OZSI OK
OZTS OK
OZSJ OK
OZJI OK
OZJT OK
OZSL OK
OZJS OK
OZJL OK
OZLI OK
OZLT OK
OZLJ OK
OJIT OK
OJIS OK
OJIZ OK
OZLS OK
OJIL OK
OJTI OK
OJTS OK
OJTZ OK
OZST OK
OJTL OK
OJSI OK
OJST OK
OJZI OK
OJSL OK
OJZT OK
OJSZ OK
OJLI OK
OJZL OK
OJLT OK
OJLS OK
OJLZ OK
OLIT OK
OLIJ OK
OLIS OK
OLIZ OK
OLTI OK
OLTS OK
OLTJ OK
OLTZ OK
OLST OK
OLSI OK
OLZI OK
OLSZ OK
OLSJ OK
OLZT OK
OLZJ OK
OLJI OK
OLJT OK
OLJS OK
OLJZ OK
OLZS OK
OJZS OK
TIOJ OK
TIOL OK
TIOS OK
TIOZ OK
TISJ OK
TISL OK
TISO OK
TISZ OK
TIZJ OK
TIZL OK
TIJO OK
TIJS OK
TIJZ OK
TIZO OK
TIJL OK
TIZS OK
TILO OK
TILS OK
TILJ OK
TILZ OK
TOIS OK
TOIZ OK
TOIJ OK
TOIL OK
TOSI OK
TOSJ OK
TOSL OK
TOZI OK
TOZJ OK
TOSZ OK
TOZL OK
TOJI OK
TOJS OK
TOJL OK
TOJZ OK
TOLI OK
TOLS OK
TOLZ OK
TOLJ OK
TSIJ OK
TSIL OK
TSIO OK
TSIZ OK
TSOJ OK
TSOI OK
TSOZ OK
TSOL OK
TSZJ OK
TSZL OK
TSZI OK
TSZO OK
TSJI OK
TSJO OK
TOZS OK
TSJL OK
TSJZ OK
TSLI OK
TSLJ OK
TSLO OK
TSLZ OK
TZIJ OK
TZIL OK
TZIO OK
TZIS OK
TZOJ OK
TZOI OK
TZOL OK
TZSJ OK
TZSL OK
TZSI OK
TZSO OK
TZJI OK
TZJO OK
TZJS OK
TZJL OK
TZLI OK
TZLO OK
TZLS OK
TZLJ OK
TJIO OK
TJIS OK
TJIZ OK
TJIL OK
TJOI OK
TJOL OK
TJOS OK
TJOZ OK
TJSI OK
TJSO OK
TJSZ OK
TJSL OK
TJZI OK
TJZO OK
TJZS OK
TJZL OK
TZOS OK
TJLI OK
TLIO OK
TJLO OK
TJLS OK
TJLZ OK
TLIJ OK
TLOI OK
TLIS OK
TLIZ OK
TLOJ OK
TLSI OK
TLOZ OK
TLOS OK
TLSO OK
TLSZ OK
TLSJ OK
TLZI OK
TLZO OK
TLZS OK
TLJI OK
TLZJ OK
TLJO OK
TLJS OK
TLJZ OK
SIOJ OK
SIOT OK
SIOL OK
SITO OK
SITJ OK
SITL OK
SITZ OK
SIZJ OK
SIZT OK
SIJO OK
SIZL OK
SIJT OK
SIJZ OK
SIJL OK
SILO OK
SILT OK
SIOZ OK
SILJ OK
SOIT OK
SILZ OK
SIZO OK
SOIJ OK
SOIL OK
SOTI OK
SOTJ OK
SOTL OK
SOTZ OK
SOZJ OK
SOZI OK
SOJI OK
SOJT OK
SOZL OK
SOIZ OK
SOJL OK
SOJZ OK
SOLI OK
SOZT OK
SOLT OK
SOLJ OK
STIO OK
STIJ OK
STIL OK
SOLZ OK
STIZ OK
STOI OK
STOJ OK
STOL OK
STOZ OK
STZJ OK
STZI OK
STZL OK
STZO OK
STJI OK
STJO OK
STJL OK
STJZ OK
STLI OK
STLO OK
STLJ OK
STLZ OK
SZIJ OK
SZIL OK
SZIO OK
SZIT OK
SZOI OK
SZOJ OK
SZOL OK
SZTJ OK
SZTI OK
SZTL OK
SZTO OK
SZJI OK
SZJO OK
SZJT OK
SZJL OK
SZLI OK
SZOT OK
SZLT OK
SZLJ OK
SZLO OK
SJIO OK
SJIT OK
SJIZ OK
SJIL OK
SJOI OK
SJOT OK
SJOL OK
SJTI OK
SJOZ OK
SJTO OK
SJTZ OK
SJTL OK
SJZI OK
SJZT OK
SJZL OK
SJLI OK
SJLO OK
SJLT OK
SJZO OK
SJLZ OK
SLIT OK
SLIO OK
SLIJ OK
SLOT OK
SLIZ OK
SLOI OK
SLTI OK
SLOJ OK
SLTO OK
SLTJ OK
SLTZ OK
SLOZ OK
SLZI OK
SLZT OK
SLZJ OK
SLJI OK
SLJO OK
SLJT OK
SLJZ OK
SLZO OK
ZIOJ OK
ZIOL OK
ZIOT OK
ZITO OK
ZITJ OK
ZITL OK
ZIOS OK
ZITS OK
ZISJ OK
ZISL OK
ZIST OK
ZIJO OK
ZIJT OK
ZIJS OK
ZIJL OK
ZILO OK
ZILT OK
ZILJ OK
ZILS OK
ZOIT OK
ZOIS OK
ZOIJ OK
ZOIL OK
ZOTI OK
ZOTJ OK
ZOTL OK
ZOTS OK
ZISO OK
ZOSI OK
ZOSJ OK
ZOJI OK
ZOJT OK
ZOSL OK
ZOJS OK
ZOJL OK
ZOLI OK
ZOLT OK
ZOLJ OK
ZTIO OK
ZTIJ OK
ZOLS OK
ZTIL OK
ZTIS OK
ZTOI OK
ZTOJ OK
ZTOL OK
ZOST OK
ZTOS OK
ZTSJ OK
ZTSL OK
ZTSI OK
ZTJI OK
ZTJO OK
ZTSO OK
ZTJS OK
ZTJL OK
ZTLI OK
ZTLO OK
ZTLJ OK
ZTLS OK
ZSIJ OK
ZSIL OK
ZSIT OK
ZSIO OK
ZSOJ OK
ZSOI OK
ZSOL OK
ZSTJ OK
ZSTI OK
ZSTO OK
ZSTL OK
ZSJI OK
ZSJO OK
ZSJT OK
ZSJL OK
ZSLI OK
ZSLT OK
ZSLO OK
ZSLJ OK
ZJIO OK
ZSOT OK
ZJIT OK
ZJIS OK
ZJIL OK
ZJOT OK
ZJOI OK
ZJOL OK
ZJTI OK
ZJTO OK
ZJTS OK
ZJTL OK
ZJSI OK
ZJST OK
ZJSL OK
ZJLI OK
ZJLO OK
ZJLT OK
ZJSO OK
ZJLS OK
ZLIO OK
ZJOS OK
ZLIT OK
ZLIS OK
ZLIJ OK
ZLOT OK
ZLOJ OK
ZLOI OK
ZLTI OK
ZLTO OK
ZLTS OK
ZLTJ OK
ZLST OK
ZLSI OK
ZLSJ OK
ZLJI OK
ZLSO OK
ZLJO OK
ZLJT OK
ZLOS OK
ZLJS OK
JIOT OK
JIOL OK
JIOZ OK
JIOS OK
JITO OK
JITS OK
JITL OK
JITZ OK
JISO OK
JIST OK
JISZ OK
JISL OK
JIZT OK
JIZO OK
JIZL OK
JILO OK
JILT OK
JILS OK
JILZ OK
JOIT OK
JOIS OK
JOIZ OK
JOIL OK
JOTI OK
JIZS OK
JOTS OK
JOTZ OK
JOTL OK
JOSI OK
JOST OK
JOZI OK
JOZT OK
JOSL OK
JOLI OK
JOSZ OK
JOZL OK
JOLT OK
JOLS OK
JTIO OK
JOLZ OK
JTIS OK
JTIZ OK
JTIL OK
JTOI OK
JTOS OK
JTOL OK
JTOZ OK
JTSI OK
JTSO OK
JTSZ OK
JTZI OK
JTSL OK
JTZO OK
JTZS OK
JTZL OK
JTLI OK
JTLO OK
JTLS OK
JTLZ OK
JSIT OK
JSIO OK
JSIZ OK
JSIL OK
JSOT OK
JSOI OK
JSOL OK
JSTI OK
JSTO OK
JSTZ OK
JSTL OK
JSOZ OK
JSZT OK
JSZL OK
JSLI OK
JSZI OK
JOZS OK
JSZO OK
JSLT OK
JSLO OK
JSLZ OK
JZIT OK
JZIO OK
JZIL OK
JZOT OK
JZOI OK
JZTI OK
JZOL OK
JZIS OK
JZTO OK
JZTS OK
JZTL OK
JZST OK
JZSL OK
JZLI OK
JZSI OK
JZSO OK
JZLO OK
JZLT OK
JLIO OK
JZLS OK
JLIT OK
JLIS OK
JLIZ OK
JLOI OK
JLOT OK
JLTI OK
JLTO OK
JLTS OK
JLTZ OK
JLOS OK
JLSI OK
JLOZ OK
JLST OK
JLZI OK
JLZO OK
JLZT OK
JLSO OK
JLSZ OK
JLZS OK
JZOS OK
LIOT OK
LIOJ OK
LITO OK
LIOS OK
LIOZ OK
LITS OK
LITJ OK
LITZ OK
LIST OK
LISJ OK
LISO OK
LIZT OK
LIZO OK
LIZJ OK
LIJO OK
LIJT OK
LISZ OK
LIJS OK
LIJZ OK
LIZS OK
LOIT OK
LOIJ OK
LOIS OK
LOTI OK
LOIZ OK
LOTJ OK
LOTS OK
LOTZ OK
LOST OK
LOSI OK
LOZT OK
LOZI OK
LOSJ OK
LOSZ OK
LOZJ OK
LOJI OK
LOJT OK
LTIO OK
LOJS OK
LOJZ OK
LTIS OK
LTIJ OK
LOZS OK
LTIZ OK
LTOI OK
LTOJ OK
LTSI OK
LTOS OK
LTOZ OK
LTSO OK
LTSZ OK
LTZI OK
LTSJ OK
LTZO OK
LTJI OK
LTZS OK
LTZJ OK
LTJO OK
LTJS OK
LTJZ OK
LSIT OK
LSIO OK
LSIJ OK
LSIZ OK
LSOT OK
LSOI OK
LSOJ OK
LSTI OK
LSTO OK
LSTJ OK
LSTZ OK
LSOZ OK
LSZT OK
LSZI OK
LSZJ OK
LSJI OK
LSJO OK
LSJT OK
LSJZ OK
LSZO OK
LZIT OK
LZIO OK
LZIJ OK
LZIS OK
LZOT OK
LZOI OK
LZOJ OK
LZTI OK
LZTO OK
LZTS OK
LZTJ OK
LZSI OK
LZST OK
LZOS OK
LZSJ OK
LZJI OK
LZJO OK
LZSO OK
LZJT OK
LZJS OK
LJIO OK
LJIT OK
LJIS OK
LJIZ OK
LJOI OK
LJOT OK
LJTI OK
LJTO OK
LJTS OK
LJOS OK
LJOZ OK
LJTZ OK
LJSI OK
LJST OK
LJZI OK
LJZO OK
LJZT OK
LJZS OK
LJSO OK
LJSZ OK
