IOTZ OK
IOTL OK
IOTJ OK
IOTS OK
IOSL OK
IOST OK
IOSJ OK
IOSZ OK
IOZJ OK
IOZL OK
IOJT OK
IOJS OK
IOJZ OK
IOJL OK
IOLT OK
IOZT OK
IOLS OK
IOLJ OK
IOLZ OK
ITOS OK
ITOZ OK
ITOJ OK
ITOL OK
ITSO OK
ITSL OK
ITSJ OK
IOZS OK
ITZO OK
ITZJ OK
ITZL OK
ITZS OK
ITJS OK
ITJO OK
ITJZ OK
ITJL OK
ITLO OK
ITLS OK
ITSZ OK
ITLJ OK
ITLZ OK
ISOT OK
ISOZ OK
ISOJ OK
ISOL OK
ISTO OK
ISTL OK
ISTJ OK
ISZJ OK
ISZL OK
ISJO OK
ISJT OK
ISTZ OK
ISZT OK
ISJZ OK
ISJL OK
ISLO OK
ISLT OK
ISLZ OK
ISLJ OK
ISZO OK
IZOT OK
IZOJ OK
IZOL OK
IZTO OK
IZTJ OK
IZTS OK
IZTL OK
IZSJ OK
IZST OK
IZSL OK
IZJO OK
IZJT OK
IZJS OK
IZJL OK
IZLO OK
IZLT OK
IZOS OK
IZLS OK
IZLJ OK
IJOT OK
IJOS OK
IJOZ OK
IJOL OK
IJTO OK
IJTS OK
IJTZ OK
IZSO OK
IJTL OK
IJST OK
IJSL OK
IJSO OK
IJZO OK
IJSZ OK
IJZT OK
IJZS OK
IJZL OK
IJLO OK
IJLT OK
IJLS OK
IJLZ OK
ILOT OK
ILOS OK
ILOJ OK
ILTO OK
ILOZ OK
ILTS OK
ILTZ OK
ILTJ OK
ILSO OK
ILST OK
ILSZ OK
ILSJ OK
ILZT OK
ILZJ OK
ILJO OK
ILZO OK
ILJT OK
ILJS OK
OITS OK
ILJZ OK
OITZ OK
OITL OK
OITJ OK
OIST OK
OISJ OK
OISZ OK
OISL OK
OIZJ OK
ILZS OK
OIJT OK
OIZL OK
OIJS OK
OIJZ OK
OIZT OK
OIJL OK
OILT OK
OILS OK
OILJ OK
OILZ OK
OTIS OK
OTIZ OK
OTIJ OK
OTIL OK
OTSI OK
OTSJ OK
OIZS OK
OTSL OK
OTZI OK
OTZJ OK
OTZL OK
OTJI OK
OTJS OK
OTJZ OK
OTSZ OK
OTJL OK
OTLI OK
OTLS OK
OTLZ OK
OTZS OK
OTLJ OK
OSIT OK
OSIZ OK
OSIJ OK
OSIL OK
OSTI OK
OSTJ OK
OSTL OK
OSZI OK
OSZL OK
OSJI OK
OSTZ OK
OSJT OK
OSZT OK
OSJZ OK
OSJL OK
OSLI OK
OSLT OK
OSLZ OK
OSLJ OK
OZIJ OK
OSZJ OK
OZIL OK
OZIT OK
OZTI OK
OZTJ OK
OZTL OK
OZTS OK
OZIS OK
OZST OK
OZSL OK
OZSI OK
OZJI OK
OZJT OK
OZJS OK
OZJL OK
OZLI OK
OZLT OK
OZSJ OK
OZLJ OK
OJIT OK
OJIS OK
OJIZ OK
OJIL OK
OJTI OK
OJTS OK
OJTZ OK
OJTL OK
OJSI OK
OJST OK
OZLS OK
OJSZ OK
OJZI OK
OJSL OK
OJZT OK
OJLI OK
OJZL OK
OJLT OK
OJLS OK
OJLZ OK
OLIT OK
OLIJ OK
OLIS OK
OLIZ OK
OLTI OK
OLTS OK
OLTZ OK
OLTJ OK
OLSI OK
OLST OK
OLSJ OK
OLSZ OK
OLZI OK
OLZT OK
OLZJ OK
OLJI OK
OLJT OK
OLJS OK
OLJZ OK
TIOS OK
TIOZ OK
TIOJ OK
TIOL OK
TISO OK
TISJ OK
TISL OK
TIZO OK
TIZS OK
TIZJ OK
TISZ OK
TIZL OK
TIJO OK
TIJS OK
OLZS OK
TIJZ OK
TIJL OK
TILO OK
TILS OK
TILZ OK
TILJ OK
TOIS OK
TOIZ OK
TOIJ OK
TOIL OK
TOSI OK
TOSJ OK
TOSL OK
TOZI OK
TOZJ OK
TOZL OK
OJZS OK
TOJI OK
TOSZ OK
TOJS OK
TOJZ OK
TOJL OK
TOZS OK
TOLS OK
TOLI OK
TOLZ OK
TOLJ OK
TSIO OK
TSIJ OK
TSOI OK
TSIL OK
TSOJ OK
TSOL OK
TSZI OK
TSZJ OK
TSZL OK
TSIZ OK
TSOZ OK
TSJI OK
TSJO OK
TSJL OK
TSLI OK
TSZO OK
TSJZ OK
TSLO OK
TSLZ OK
TSLJ OK
TZIO OK
TZIJ OK
TZIL OK
TZOI OK
TZIS OK
TZOJ OK
TZOL OK
TZSJ OK
TZSI OK
TZSL OK
TZJI OK
TZJO OK
TZJS OK
TZJL OK
TZOS OK
TZLI OK
TZLO OK
TZSO OK
TZLJ OK
TJIO OK
TZLS OK
TJIS OK
TJIZ OK
TJIL OK
TJOI OK
TJOS OK
TJOZ OK
TJOL OK
TJSI OK
TJSO OK
TJSL OK
TJZI OK
TJZO OK
TJZS OK
TJZL OK
TJSZ OK
TJLI OK
TJLO OK
TLIO OK
TLIS OK
TLIZ OK
TJLS OK
TJLZ OK
TLIJ OK
TLOI OK
TLOS OK
TLOZ OK
TLOJ OK
TLSI OK
TLSO OK
TLSZ OK
TLSJ OK
TLZI OK
TLZO OK
TLZJ OK
TLJI OK
TLJO OK
TLZS OK
TLJS OK
SIOT OK
TLJZ OK
SIOZ OK
SIOJ OK
SIOL OK
SITO OK
SITL OK
SITJ OK
SIZJ OK
SIZL OK
SIJO OK
SITZ OK
SIJT OK
SIZT OK
SIJZ OK
SIJL OK
SILO OK
SILT OK
SILZ OK
SILJ OK
SIZO OK
SOIT OK
SOIZ OK
SOIJ OK
SOIL OK
SOTI OK
SOTJ OK
SOTL OK
SOZI OK
SOZL OK
SOJI OK
SOTZ OK
SOJT OK
SOZT OK
SOJZ OK
SOJL OK
SOLI OK
SOLT OK
SOLZ OK
SOLJ OK
STIO OK
STIL OK
STIJ OK
SOZJ OK
STOI OK
STOJ OK
STOL OK
STZI OK
STZJ OK
STIZ OK
STOZ OK
STZL OK
STJI OK
STJO OK
STJL OK
STJZ OK
STLI OK
STZO OK
STLO OK
STLZ OK
STLJ OK
SZIL OK
SZIJ OK
SZIO OK
SZIT OK
SZOT OK
SZOL OK
SZOI OK
SZTJ OK
SZTL OK
SZJI OK
SZTO OK
SZTI OK
SZJT OK
SZOJ OK
SZLI OK
SZJL OK
SZLT OK
SJIO OK
SZLJ OK
SZJO OK
SJIT OK
SJIZ OK
SJIL OK
SJOI OK
SJOT OK
SZLO OK
SJOZ OK
SJOL OK
SJTO OK
SJTI OK
SJTL OK
SJTZ OK
SJZI OK
SJZT OK
SJLI OK
SJLO OK
SJLT OK
SLIO OK
SJLZ OK
SLIT OK
SLIZ OK
SLIJ OK
SLOI OK
SJZO OK
SJZL OK
SLOT OK
SLOZ OK
SLOJ OK
SLTI OK
SLTO OK
SLTZ OK
SLTJ OK
SLZI OK
SLZT OK
SLJI OK
SLZJ OK
SLJO OK
SLJT OK
SLJZ OK
ZIOT OK
ZIOJ OK
ZIOL OK
ZITO OK
ZITJ OK
ZITS OK
SLZO OK
ZITL OK
ZIST OK
ZISJ OK
ZISL OK
ZIJO OK
ZIJT OK
ZIOS OK
ZIJS OK
ZIJL OK
ZILO OK
ZILS OK
ZILT OK
ZILJ OK
ZOIT OK
ZOIJ OK
ZISO OK
ZOIL OK
ZOTI OK
ZOTJ OK
ZOTL OK
ZOTS OK
ZOIS OK
ZOST OK
ZOSI OK
ZOSL OK
ZOJI OK
ZOJT OK
ZOJS OK
ZOJL OK
ZOSJ OK
ZOLI OK
ZOLT OK
ZOLJ OK
ZTIO OK
ZTIJ OK
ZTIS OK
ZTIL OK
ZTOI OK
ZTOJ OK
ZTOL OK
ZOLS OK
ZTSI OK
ZTSJ OK
ZTSL OK
ZTJI OK
ZTOS OK
ZTJO OK
ZTJS OK
ZTJL OK
ZTLI OK
ZTLO OK
ZTSO OK
ZTLJ OK
ZTLS OK
ZSIJ OK
ZSIT OK
ZSIL OK
ZSIO OK
ZSOT OK
ZSOL OK
ZSOI OK
ZSOJ OK
ZSTI OK
ZSTJ OK
ZSTL OK
ZSJI OK
ZSJT OK
ZSLI OK
ZSTO OK
ZSLT OK
ZSJL OK
ZSJO OK
ZJIO OK
ZSLJ OK
ZJIT OK
ZJIL OK
ZJIS OK
ZJOI OK
ZSLO OK
ZJOT OK
ZJOS OK
ZJOL OK
ZJTI OK
ZJTO OK
ZJTS OK
ZJTL OK
ZJSI OK
ZJST OK
ZJLI OK
ZJLO OK
ZJLT OK
ZJLS OK
ZJSL OK
ZLIO OK
ZLIT OK
ZLIS OK
ZLIJ OK
ZLOI OK
ZJSO OK
ZLOT OK
ZLOJ OK
ZLTI OK
ZLTO OK
ZLTJ OK
ZLSI OK
ZLTS OK
ZLST OK
ZLJI OK
ZLSJ OK
ZLOS OK
ZLJO OK
ZLJT OK
ZLJS OK
JIOT OK
JIOS OK
JIOZ OK
JIOL OK
JITO OK
ZLSO OK
JITS OK
JITZ OK
JITL OK
JIST OK
JISL OK
JISO OK
JIZT OK
JISZ OK
JIZO OK
JIZL OK
JIZS OK
JILO OK
JILT OK
JILS OK
JILZ OK
JOIT OK
JOIS OK
JOIZ OK
JOIL OK
JOTI OK
JOTS OK
JOTZ OK
JOTL OK
JOSI OK
JOST OK
JOSZ OK
JOZI OK
JOSL OK
JOZT OK
JOZL OK
JOLI OK
JOLT OK
JOLZ OK
JTIO OK
JOLS OK
JTIS OK
JTIL OK
JTIZ OK
JTOI OK
JTOS OK
JTOZ OK
JTOL OK
JTSI OK
JTSO OK
JTSL OK
JTZI OK
JTZO OK
JTZS OK
JTSZ OK
JTZL OK
JTLI OK
JTLO OK
JSIO OK
JTLS OK
JTLZ OK
JSIT OK
JSIL OK
JSOI OK
JSIZ OK
JSOT OK
JSOZ OK
JSOL OK
JSTI OK
JSTO OK
JSTZ OK
JSTL OK
JSZI OK
JSZT OK
JSLI OK
JSLO OK
JSLT OK
JSZL OK
JSLZ OK
JZIO OK
JZIT OK
JZIL OK
JSZO OK
JZIS OK
JZOT OK
JZOI OK
JZOL OK
JZTI OK
JZTO OK
JZTS OK
JZTL OK
JZSI OK
JZST OK
JZSL OK
JZLI OK
JZLO OK
JZSO OK
JZLT OK
JLIO OK
JOZS OK
JZLS OK
JLIT OK
JLIS OK
JLIZ OK
JLOI OK
JLOT OK
JLOS OK
JLOZ OK
JLTI OK
JLTO OK
JLTS OK
JLSI OK
JLTZ OK
JLSO OK
JLST OK
JLZO OK
JLZI OK
JLZT OK
LIOT OK
LIOS OK
LIOZ OK
LIOJ OK
LITO OK
JLZS OK
LITS OK
LITZ OK
LITJ OK
LISO OK
LIST OK
LISZ OK
LISJ OK
LIZT OK
JLSZ OK
LIZO OK
LIJO OK
LIZJ OK
LIJT OK
LIJS OK
LIJZ OK
LOIT OK
LOIS OK
LOIZ OK
LOIJ OK
LOTI OK
JZOS OK
LOTS OK
LOTZ OK
LOTJ OK
LIZS OK
LOSI OK
LOST OK
LOSZ OK
LOSJ OK
LOZT OK
LOZI OK
LOZJ OK
LOJI OK
LOJT OK
LOJS OK
LOJZ OK
LTIO OK
LTIS OK
LTIZ OK
LTIJ OK
LTOI OK
LTOS OK
LTOZ OK
LTOJ OK
LTSI OK
LTSO OK
LTSZ OK
LTSJ OK
LTZI OK
LTZO OK
LTZJ OK
LTJI OK
LTZS OK
LTJO OK
LTJS OK
LSIO OK
LTJZ OK
LSIT OK
LSIZ OK
LSIJ OK
LSOI OK
LSOT OK
LSOZ OK
LSOJ OK
LSTI OK
LSTO OK
LSTZ OK
LSTJ OK
LSZI OK
LSZT OK
LSZJ OK
LSJI OK
LOZS OK
LSJO OK
LSJT OK
LSJZ OK
LZIT OK
LZIO OK
LZIJ OK
LZOT OK
LZOI OK
LZIS OK
LZOJ OK
LZTI OK
LSZO OK
LZTO OK
LZTJ OK
LZTS OK
LZST OK
LZSI OK
LZJI OK
LZSJ OK
LZJO OK
LZJT OK
LJIO OK
LZJS OK
LJIT OK
LJIS OK
LJIZ OK
LJOI OK
LZSO OK
LJOT OK
LJOS OK
LJTI OK
LZOS OK
LJOZ OK
LJTO OK
LJSI OK
LJSO OK
LJTS OK
LJTZ OK
LJST OK
LJZI OK
LJZO OK
LJZT OK
LJSZ OK
LJZS OK
