IOTZ OK
IOTL OK
IOTJ OK
IOTS OK
IOST OK
IOSZ OK
IOSJ OK
IOSL OK
IOZT OK
IOZJ OK
IOZL OK
IOJT OK
IOJS OK
IOJZ OK
IOJL OK
IOZS OK
IOLT OK
IOLS OK
IOLZ OK
IOLJ OK
ITOS OK
ITOZ OK
ITOJ OK
ITOL OK
ITSO OK
ITSZ OK
ITSJ OK
ITSL OK
ITZO OK
ITZS OK
ITZJ OK
ITJO OK
ITZL OK
ITJS OK
ITJZ OK
ITJL OK
ITLO OK
ITLS OK
ITLZ OK
ITLJ OK
ISOT OK
ISOZ OK
ISOJ OK
ISTO OK
ISOL OK
ISTZ OK
ISTJ OK
ISTL OK
ISZT OK
ISZJ OK
ISZL OK
ISZO OK
ISJO OK
ISJT OK
ISJL OK
ISLT OK
ISJZ OK
ISLO OK
ISLJ OK
IZOT OK
ISLZ OK
IZOJ OK
IZTO OK
IZOL OK
IZTS OK
IZTJ OK
IZTL OK
IZOS OK
IZST OK
IZSJ OK
IZSL OK
IZJO OK
IZJT OK
IZSO OK
IZJL OK
IZJS OK
IZLT OK
IZLO OK
IZLJ OK
IZLS OK
IJOT OK
IJOS OK
IJOL OK
IJOZ OK
IJTO OK
IJTS OK
IJTZ OK
IJTL OK
IJST OK
IJSL OK
IJSO OK
IJSZ OK
IJZT OK
IJZL OK
IJLO OK
IJZO OK
IJLT OK
IJZS OK
IJLS OK
IJLZ OK
ILOJ OK
ILOT OK
ILOS OK
ILOZ OK
ILTO OK
ILTS OK
ILTZ OK
ILTJ OK
ILST OK
ILSJ OK
ILSO OK
ILZT OK
ILSZ OK
ILZO OK
ILZJ OK
ILJO OK
ILJT OK
ILJS OK
ILJZ OK
OITS OK
OITZ OK
OITJ OK
OITL OK
OIST OK
OISZ OK
OISJ OK
OISL OK
OIZT OK
OIZJ OK
OIZL OK
OIZS OK
ILZS OK
OIJT OK
OIJS OK
OIJL OK
OIJZ OK
OILT OK
OILJ OK
OILS OK
OILZ OK
OTIS OK
OTIZ OK
OTIJ OK
OTIL OK
OTSI OK
OTZI OK
OTSJ OK
OTSZ OK
OTSL OK
OTJI OK
OTZJ OK
OTZL OK
OTJS OK
OTJL OK
OTZS OK
OTJZ OK
OTLI OK
OTLJ OK
OTLS OK
OSIT OK
OTLZ OK
OSIZ OK
OSIJ OK
OSIL OK
OSTI OK
OSTZ OK
OSZI OK
OSTJ OK
OSTL OK
OSZT OK
OSZJ OK
OSJI OK
OSZL OK
OSLI OK
OSJL OK
OSJZ OK
OSJT OK
OSLJ OK
OZIT OK
OSLT OK
OSLZ OK
OZIJ OK
OZIS OK
OZIL OK
OZTI OK
OZTJ OK
OZSI OK
OZTL OK
OZTS OK
OZSJ OK
OZSL OK
OZST OK
OZJI OK
OZJT OK
OZJL OK
OZLI OK
OZLT OK
OZLJ OK
OJIT OK
OJIS OK
OJIZ OK
OJIL OK
OZJS OK
OZLS OK
OJTI OK
OJTS OK
OJTZ OK
OJTL OK
OJSI OK
OJST OK
OJSZ OK
OJSL OK
OJZI OK
OJZL OK
OJZT OK
OJLI OK
OJLT OK
OJLS OK
OJLZ OK
OLIT OK
OLIS OK
OLIZ OK
OLIJ OK
OLTI OK
OLTJ OK
OLTZ OK
OLTS OK
OLSI OK
OLST OK
OLSZ OK
OJZS OK
OLSJ OK
OLZI OK
OLZJ OK
OLZT OK
OLJI OK
OLJT OK
OLJS OK
OLJZ OK
TIOS OK
TIOZ OK
TIOJ OK
TISO OK
TIOL OK
TISZ OK
TISJ OK
TISL OK
TIZO OK
OLZS OK
TIZS OK
TIZJ OK
TIJO OK
TIZL OK
TIJS OK
TIJZ OK
TIJL OK
TILO OK
TILS OK
TILZ OK
TILJ OK
TOIS OK
TOIZ OK
TOIJ OK
TOIL OK
TOSI OK
TOSJ OK
TOSZ OK
TOZI OK
TOSL OK
TOJI OK
TOZJ OK
TOZL OK
TOJS OK
TOJZ OK
TOJL OK
TOZS OK
TOLI OK
TOLJ OK
TOLS OK
TOLZ OK
TSIO OK
TSIZ OK
TSIJ OK
TSIL OK
TSOI OK
TSOZ OK
TSZI OK
TSOJ OK
TSOL OK
TSJI OK
TSZO OK
TSZL OK
TSZJ OK
TSJL OK
TSLI OK
TSJO OK
TSJZ OK
TSLJ OK
TSLO OK
TSLZ OK
TZIO OK
TZIS OK
TZIJ OK
TZOI OK
TZIL OK
TZSI OK
TZOJ OK
TZOL OK
TZSO OK
TZOS OK
TZSJ OK
TZSL OK
TZJI OK
TZJL OK
TZJO OK
TZLI OK
TZJS OK
TZLJ OK
TJIO OK
TZLO OK
TZLS OK
TJIS OK
TJIZ OK
TJIL OK
TJOI OK
TJOL OK
TJSI OK
TJOS OK
TJOZ OK
TJSL OK
TJZI OK
TJSO OK
TJSZ OK
TJZL OK
TJZO OK
TJLI OK
TJZS OK
TJLO OK
TJLS OK
TJLZ OK
TLIO OK
TLIS OK
TLIZ OK
TLIJ OK
TLOI OK
TLOJ OK
TLSI OK
TLOS OK
TLOZ OK
TLSJ OK
TLZI OK
TLSO OK
TLSZ OK
TLZJ OK
TLJI OK
TLZO OK
TLZS OK
TLJO OK
TLJS OK
TLJZ OK
SIOT OK
SIOZ OK
SIOJ OK
SIOL OK
SITO OK
SITZ OK
SITJ OK
SITL OK
SIZO OK
SIZT OK
SIZJ OK
SIZL OK
SIJO OK
SIJT OK
SIJL OK
SIJZ OK
SILT OK
SILO OK
SILJ OK
SILZ OK
SOIT OK
SOIZ OK
SOIJ OK
SOIL OK
SOTI OK
SOTZ OK
SOTJ OK
SOZI OK
SOTL OK
SOZJ OK
SOZT OK
SOJI OK
SOZL OK
SOJL OK
SOLI OK
SOJT OK
SOJZ OK
SOLJ OK
STIO OK
SOLT OK
SOLZ OK
STIZ OK
STIJ OK
STIL OK
STOI OK
STZI OK
STOJ OK
STOZ OK
STOL OK
STJI OK
STZO OK
STZL OK
STZJ OK
STJO OK
STJZ OK
STJL OK
STLI OK
STLO OK
STLJ OK
SZIO OK
STLZ OK
SZIT OK
SZIJ OK
SZIL OK
SZOI OK
SZOT OK
SZOJ OK
SZTI OK
SZOL OK
SZTO OK
SZTJ OK
SZTL OK
SZJI OK
SZJT OK
SZJL OK
SZLI OK
SZLT OK
SZLO OK
SZLJ OK
SJIT OK
SZJO OK
SJIO OK
SJIL OK
SJIZ OK
SJOI OK
SJOT OK
SJOL OK
SJOZ OK
SJTI OK
SJTO OK
SJTZ OK
SJTL OK
SJZL OK
SJZI OK
SJZT OK
SJLI OK
SJLO OK
SJLT OK
SJLZ OK
SLIT OK
SLIO OK
SJZO OK
SLIJ OK
SLIZ OK
SLOI OK
SLOJ OK
SLOT OK
SLOZ OK
SLTI OK
SLTJ OK
SLTO OK
SLTZ OK
SLZI OK
SLZT OK
SLZJ OK
SLJI OK
SLJO OK
SLJT OK
SLJZ OK
ZIOT OK
ZIOJ OK
ZIOL OK
ZITO OK
ZITS OK
ZIOS OK
ZITL OK
ZITJ OK
ZISO OK
ZIST OK
ZISJ OK
ZISL OK
ZIJT OK
ZIJO OK
ZIJS OK
ZIJL OK
ZILT OK
ZILO OK
ZILS OK
ZILJ OK
ZOIT OK
ZOIS OK
ZOIJ OK
ZOIL OK
ZOTI OK
ZOTJ OK
ZOTS OK
ZOTL OK
ZOSI OK
ZOST OK
ZOSJ OK
ZOSL OK
SLZO OK
ZOJI OK
ZOJT OK
ZOJL OK
ZOLI OK
ZOLT OK
ZOLJ OK
ZTIO OK
ZTIJ OK
ZTIS OK
ZOJS OK
ZTIL OK
ZTOI OK
ZOLS OK
ZTOJ OK
ZTSI OK
ZTOL OK
ZTOS OK
ZTSO OK
ZTSL OK
ZTJI OK
ZTSJ OK
ZTJO OK
ZTJL OK
ZTLI OK
ZTLO OK
ZTJS OK
ZTLS OK
ZTLJ OK
ZSIO OK
ZSIT OK
ZSIJ OK
ZSIL OK
ZSOI OK
ZSOT OK
ZSOJ OK
ZSOL OK
ZSTI OK
ZSTO OK
ZSTJ OK
ZSTL OK
ZSJI OK
ZSJT OK
ZSLI OK
ZSJL OK
ZSLT OK
ZSLO OK
ZSLJ OK
ZSJO OK
ZJIT OK
ZJIL OK
ZJIO OK
ZJIS OK
ZJOT OK
ZJOI OK
ZJOL OK
ZJTI OK
ZJTO OK
ZJTS OK
ZJTL OK
ZJSI OK
ZJST OK
ZJSL OK
ZJLI OK
ZJLO OK
ZJLT OK
ZJLS OK
ZJSO OK
ZJOS OK
ZLIO OK
ZLIT OK
ZLIJ OK
ZLIS OK
ZLOI OK
ZLOT OK
ZLOJ OK
ZLTI OK
ZLTO OK
ZLTS OK
ZLTJ OK
ZLSI OK
ZLSO OK
ZLST OK
ZLSJ OK
ZLJI OK
ZLJO OK
ZLJT OK
ZLJS OK
ZLOS OK
JIOT OK
JIOL OK
JIOZ OK
JIOS OK
JITO OK
JITS OK
JITZ OK
JITL OK
JIST OK
JISL OK
JISO OK
JIZT OK
JISZ OK
JIZO OK
JIZL OK
JILO OK
JILT OK
JIZS OK
JILS OK
JILZ OK
JOIT OK
JOIS OK
JOIL OK
JOIZ OK
JOTI OK
JOTL OK
JOTS OK
JOTZ OK
JOSI OK
JOSL OK
JOST OK
JOSZ OK
JOZI OK
JOZL OK
JOZT OK
JOLI OK
JOLT OK
JOLS OK
JOLZ OK
JTIO OK
JTIS OK
JTIZ OK
JTOI OK
JTIL OK
JTOL OK
JTOS OK
JTOZ OK
JTSI OK
JTSL OK
JTSO OK
JTZI OK
JTSZ OK
JTZO OK
JTZL OK
JTLI OK
JTLO OK
JTZS OK
JTLS OK
JTLZ OK
JOZS OK
JSIO OK
JSIT OK
JSIL OK
JSIZ OK
JSOI OK
JSOT OK
JSOZ OK
JSOL OK
JSTI OK
JSTO OK
JSTZ OK
JSTL OK
JSZL OK
JSZI OK
JSZT OK
JSLI OK
JSLO OK
JSLT OK
JSLZ OK
JZIT OK
JZIO OK
JZIL OK
JZIS OK
JZOI OK
JSZO OK
JZOT OK
JZOL OK
JZTI OK
JZTL OK
JZTO OK
JZTS OK
JZSI OK
JZST OK
JZLI OK
JZSL OK
JZLO OK
JZLT OK
JZLS OK
JLIO OK
JLIT OK
JLIS OK
JLIZ OK
JLOI OK
JLOT OK
JZOS OK
JLOS OK
JLOZ OK
JLTI OK
JLTO OK
JLTS OK
JLTZ OK
JLSI OK
JLST OK
JLSO OK
JZSO OK
JLSZ OK
JLZI OK
JLZO OK
JLZT OK
JLZS OK
LIOT OK
LIOJ OK
LIOZ OK
LIOS OK
LITO OK
LITS OK
LITZ OK
LITJ OK
LIST OK
LISJ OK
LISO OK
LIZT OK
LISZ OK
LIZJ OK
LIZO OK
LIJO OK
LIJT OK
LIJS OK
LIJZ OK
LOIT OK
LOIS OK
LOIZ OK
LOIJ OK
LOTI OK
LOTJ OK
LOTS OK
LOTZ OK
LOSI OK
LOST OK
LOSZ OK
LOSJ OK
LOZI OK
LOZT OK
LIZS OK
LOZJ OK
LOJI OK
LOJT OK
LOJS OK
LOJZ OK
LTIO OK
LTIS OK
LTIZ OK
LTIJ OK
LTOI OK
LTOJ OK
LTOS OK
LTSI OK
LTOZ OK
LOZS OK
LTSJ OK
LTSO OK
LTZI OK
LTSZ OK
LTZJ OK
LTJI OK
LTZO OK
LTJO OK
LTZS OK
LTJS OK
LTJZ OK
LSIT OK
LSIJ OK
LSIO OK
LSIZ OK
LSOI OK
LSOT OK
LSOJ OK
LSOZ OK
LSTI OK
LSTO OK
LSTJ OK
LSTZ OK
LSZI OK
LSZT OK
LSJI OK
LSZJ OK
LSJO OK
LSJT OK
LSJZ OK
LZIT OK
LZIO OK
LZIJ OK
LZIS OK
LZOI OK
LZOT OK
LZOJ OK
LZTI OK
LZTO OK
LZTS OK
LZTJ OK
LSZO OK
LZSI OK
LZSO OK
LZSJ OK
LZST OK
LZJI OK
LZJO OK
LZJT OK
LZJS OK
LZOS OK
LJIO OK
LJIT OK
LJIS OK
LJIZ OK
LJOI OK
LJOT OK
LJOS OK
LJOZ OK
LJTI OK
LJTO OK
LJTS OK
LJTZ OK
LJSI OK
LJST OK
LJSO OK
LJZI OK
LJSZ OK
LJZO OK
LJZT OK
LJZS OK
