IOTL OK
IOTZ OK
IOTJ OK
IOTS OK
IOSJ OK
IOSL OK
IOST OK
IOZJ OK
IOZT OK
IOSZ OK
IOZL OK
IOJT OK
IOZS OK
IOJS OK
IOJZ OK
IOJL OK
IOLT OK
IOLS OK
IOLZ OK
IOLJ OK
ITOS OK
ITOZ OK
ITOL OK
ITOJ OK
ITSO OK
ITSJ OK
ITSL OK
ITZO OK
ITZJ OK
ITSZ OK
ITZL OK
ITJO OK
ITJS OK
ITZS OK
ITJL OK
ITJZ OK
ITLO OK
ITLS OK
ITLZ OK
ITLJ OK
ISOL OK
ISOJ OK
ISOT OK
ISTO OK
ISTJ OK
ISTL OK
ISOZ OK
ISTZ OK
ISZJ OK
ISZL OK
ISZO OK
ISZT OK
ISJO OK
ISJT OK
ISJZ OK
ISJL OK
ISLO OK
ISLT OK
ISLZ OK
ISLJ OK
IZOJ OK
IZOT OK
IZOL OK
IZTO OK
IZTJ OK
IZOS OK
IZTL OK
IZTS OK
IZSJ OK
IZSL OK
IZSO OK
IZST OK
IZJO OK
IZJT OK
IZJS OK
IZJL OK
IZLO OK
IZLT OK
IZLS OK
IZLJ OK
IJOT OK
IJOS OK
IJOL OK
IJOZ OK
IJTO OK
IJTS OK
IJTZ OK
IJTL OK
IJSO OK
IJST OK
IJSL OK
IJZO OK
IJZT OK
IJZL OK
IJLO OK
IJLT OK
IJLS OK
IJLZ OK
ILOT OK
ILOS OK
ILOZ OK
ILOJ OK
ILTO OK
ILTS OK
ILTZ OK
ILTJ OK
IJSZ OK
ILST OK
IJZS OK
ILSJ OK
ILZT OK
ILSO OK
ILZJ OK
ILJO OK
ILZO OK
ILJT OK
ILJS OK
ILJZ OK
ILSZ OK
OITS OK
OITZ OK
OITJ OK
OITL OK
OISJ OK
OIST OK
OISL OK
OIZT OK
OISZ OK
OIZJ OK
ILZS OK
OIZL OK
OIJT OK
OIJS OK
OIJZ OK
OIZS OK
OIJL OK
OILT OK
OILS OK
OILZ OK
OILJ OK
OTIS OK
OTIJ OK
OTIZ OK
OTIL OK
OTSI OK
OTSJ OK
OTSL OK
OTSZ OK
OTZI OK
OTZJ OK
OTZS OK
OTZL OK
OTJI OK
OTJS OK
OTJZ OK
OTJL OK
OTLI OK
OTLS OK
OTLZ OK
OTLJ OK
OSIT OK
OSIJ OK
OSIL OK
OSTJ OK
OSTI OK
OSTZ OK
OSIZ OK
OSTL OK
OSZT OK
OSZI OK
OSZJ OK
OSZL OK
OSJI OK
OSJT OK
OSJL OK
OSLI OK
OSLT OK
OSLJ OK
OZIT OK
OSJZ OK
OZIJ OK
OZIL OK
OZIS OK
OZTI OK
OZTS OK
OSLZ OK
OZTJ OK
OZTL OK
OZST OK
OZSI OK
OZSJ OK
OZJI OK
OZJT OK
OZSL OK
OZLI OK
OZLT OK
OZJL OK
OJIT OK
OZLJ OK
OJIS OK
OJIZ OK
OJIL OK
OZLS OK
OJTI OK
OZJS OK
OJTS OK
OJTZ OK
OJTL OK
OJSI OK
OJST OK
OJSL OK
OJZI OK
OJZT OK
OJZL OK
OJLI OK
OJLT OK
OJLS OK
OJLZ OK
OLIT OK
OLIS OK
OLIZ OK
OLIJ OK
OJSZ OK
OLTI OK
OLTS OK
OLTZ OK
OLTJ OK
OLSI OK
OLST OK
OLSJ OK
OJZS OK
OLZI OK
OLZT OK
OLZJ OK
OLJI OK
OLJT OK
OLJS OK
OLJZ OK
TIOS OK
OLSZ OK
TIOZ OK
TIOJ OK
TIOL OK
TISO OK
TISJ OK
TISL OK
TIZO OK
TISZ OK
TIZJ OK
TIZL OK
TIJO OK
TIZS OK
TIJS OK
OLZS OK
TIJZ OK
TIJL OK
TILO OK
TILJ OK
TILS OK
TILZ OK
TOIS OK
TOIZ OK
TOIJ OK
TOIL OK
TOSI OK
TOSJ OK
TOSL OK
TOZI OK
TOSZ OK
TOZJ OK
TOZL OK
TOJI OK
TOZS OK
TOJS OK
TOJZ OK
TOJL OK
TOLI OK
TOLS OK
TOLZ OK
TOLJ OK
TSIO OK
TSIJ OK
TSIL OK
TSOI OK
TSIZ OK
TSOJ OK
TSOZ OK
TSOL OK
TSZJ OK
TSZL OK
TSZO OK
TSZI OK
TSJI OK
TSJO OK
TSJZ OK
TSJL OK
TSLI OK
TSLJ OK
TZIO OK
TSLO OK
TSLZ OK
TZIJ OK
TZIL OK
TZOI OK
TZIS OK
TZOJ OK
TZOL OK
TZOS OK
TZSJ OK
TZSL OK
TZSO OK
TZSI OK
TZJI OK
TZJO OK
TZJL OK
TZLI OK
TZJS OK
TZLO OK
TJIO OK
TZLJ OK
TZLS OK
TJIS OK
TJIL OK
TJIZ OK
TJOI OK
TJOS OK
TJSI OK
TJOL OK
TJOZ OK
TJSO OK
TJZI OK
TJSL OK
TJSZ OK
TJLI OK
TJZL OK
TJZO OK
TJZS OK
TJLO OK
TJLS OK
TJLZ OK
TLIO OK
TLIS OK
TLIZ OK
TLIJ OK
TLOI OK
TLOS OK
TLOZ OK
TLOJ OK
TLSI OK
TLSO OK
TLSZ OK
TLSJ OK
TLZI OK
TLZO OK
TLJI OK
TLZS OK
TLZJ OK
TLJO OK
TLJS OK
TLJZ OK
SIOT OK
SIOJ OK
SIOL OK
SITO OK
SITJ OK
SITL OK
SITZ OK
SIOZ OK
SIZJ OK
SIZL OK
SIZT OK
SIZO OK
SIJO OK
SIJT OK
SIJZ OK
SIJL OK
SILO OK
SILT OK
SILZ OK
SILJ OK
SOIJ OK
SOIT OK
SOIL OK
SOTJ OK
SOTI OK
SOTZ OK
SOIZ OK
SOTL OK
SOZL OK
SOZT OK
SOZI OK
SOZJ OK
SOJI OK
SOJT OK
SOJL OK
SOLI OK
SOLT OK
SOLZ OK
SOLJ OK
STIO OK
SOJZ OK
STIJ OK
STIL OK
STOI OK
STIZ OK
STOJ OK
STOL OK
STOZ OK
STZJ OK
STZL OK
STZI OK
STZO OK
STJI OK
STJO OK
STJZ OK
STJL OK
STLI OK
STLO OK
STLZ OK
STLJ OK
SZIJ OK
SZIL OK
SZIO OK
SZIT OK
SZOJ OK
SZOL OK
SZOI OK
SZOT OK
SZTJ OK
SZTL OK
SZTO OK
SZTI OK
SZJI OK
SZJO OK
SZJT OK
SZJL OK
SZLI OK
SZLO OK
SZLT OK
SZLJ OK
SJIO OK
SJIT OK
SJIL OK
SJIZ OK
SJOI OK
SJOT OK
SJTI OK
SJOL OK
SJTO OK
SJTZ OK
SJTL OK
SJZI OK
SJZT OK
SJOZ OK
SJZL OK
SJLI OK
SJZO OK
SJLO OK
SJLT OK
SJLZ OK
SLIO OK
SLIT OK
SLIZ OK
SLIJ OK
SLOI OK
SLOT OK
SLOJ OK
SLTI OK
SLTO OK
SLTZ OK
SLTJ OK
SLZI OK
SLZO OK
SLZT OK
SLZJ OK
SLJI OK
SLJO OK
SLJT OK
SLJZ OK
SLOZ OK
ZIOT OK
ZIOJ OK
ZIOL OK
ZITO OK
ZITJ OK
ZIOS OK
ZITL OK
ZITS OK
ZISJ OK
ZISL OK
ZIJO OK
ZIST OK
ZIJT OK
ZIJS OK
ZIJL OK
ZISO OK
ZILO OK
ZILT OK
ZILS OK
ZILJ OK
ZOIT OK
ZOIJ OK
ZOIL OK
ZOTJ OK
ZOTI OK
ZOTS OK
ZOIS OK
ZOTL OK
ZOSJ OK
ZOST OK
ZOSI OK
ZOJI OK
ZOJT OK
ZOSL OK
ZOJS OK
ZOJL OK
ZOLI OK
ZOLT OK
ZOLJ OK
ZTIO OK
ZTIJ OK
ZTIL OK
ZTIS OK
ZOLS OK
ZTOI OK
ZTOJ OK
ZTOL OK
ZTOS OK
ZTSJ OK
ZTSL OK
ZTSI OK
ZTSO OK
ZTJI OK
ZTJO OK
ZTJS OK
ZTLI OK
ZTJL OK
ZTLO OK
ZTLS OK
ZTLJ OK
ZSIJ OK
ZSIL OK
ZSIT OK
ZSIO OK
ZSOJ OK
ZSOL OK
ZSOI OK
ZSOT OK
ZSTJ OK
ZSTL OK
ZSTO OK
ZSTI OK
ZSJI OK
ZSJO OK
ZSJL OK
ZSJT OK
ZSLI OK
ZSLO OK
ZJIO OK
ZSLJ OK
ZSLT OK
ZJIT OK
ZJIS OK
ZJIL OK
ZJOI OK
ZJOT OK
ZJOL OK
ZJTI OK
ZJTO OK
ZJTS OK
ZJTL OK
ZJSI OK
ZJSO OK
ZJST OK
ZJSL OK
ZJLI OK
ZJLT OK
ZJLO OK
ZJLS OK
ZLIO OK
ZLIT OK
ZLIS OK
ZJOS OK
ZLIJ OK
ZLOI OK
ZLOT OK
ZLOJ OK
ZLTI OK
ZLTO OK
ZLTS OK
ZLTJ OK
ZLSI OK
ZLST OK
ZLOS OK
ZLSJ OK
ZLJI OK
ZLSO OK
ZLJT OK
ZLJO OK
ZLJS OK
JIOT OK
JIOS OK
JIOZ OK
JIOL OK
JITO OK
JITS OK
JITZ OK
JITL OK
JISO OK
JIST OK
JISL OK
JIZT OK
JIZO OK
JIZL OK
JILO OK
JILT OK
JILS OK
JILZ OK
JOIT OK
JOIS OK
JOIZ OK
JOIL OK
JOTI OK
JOTS OK
JOTZ OK
JOTL OK
JOSI OK
JOST OK
JOSL OK
JISZ OK
JOZI OK
JOZT OK
JIZS OK
JOZL OK
JOLI OK
JOLT OK
JOLS OK
JOLZ OK
JTIO OK
JTIS OK
JTIZ OK
JTIL OK
JTOI OK
JOSZ OK
JTOS OK
JTOZ OK
JTSI OK
JTOL OK
JTSO OK
JTSL OK
JTSZ OK
JTZI OK
JOZS OK
JTZO OK
JTZS OK
JTZL OK
JTLI OK
JTLO OK
JTLS OK
JTLZ OK
JSIT OK
JSIO OK
JSIZ OK
JSIL OK
JSOT OK
JSOI OK
JSOL OK
JSTI OK
JSTO OK
JSTZ OK
JSTL OK
JSZI OK
JSZT OK
JSLI OK
JSOZ OK
JSZL OK
JSZO OK
JSLO OK
JSLT OK
JSLZ OK
JZIO OK
JZIT OK
JZIS OK
JZIL OK
JZOI OK
JZOT OK
JZOL OK
JZTI OK
JZTO OK
JZTS OK
JZTL OK
JZSI OK
JZSL OK
JZST OK
JZLI OK
JZLO OK
JZSO OK
JZLT OK
JLIO OK
JZLS OK
JLIT OK
JLIS OK
JLIZ OK
JZOS OK
JLOI OK
JLOT OK
JLOS OK
JLTI OK
JLOZ OK
JLTO OK
JLTS OK
JLTZ OK
JLSI OK
JLSO OK
JLST OK
JLSZ OK
JLZI OK
JLZO OK
JLZT OK
LIOT OK
LIOS OK
LIOZ OK
LIOJ OK
LITO OK
LITS OK
LITZ OK
LITJ OK
LIST OK
JLZS OK
LISJ OK
LIZT OK
LISO OK
LIZJ OK
LIJO OK
LIZO OK
LIJT OK
LIJS OK
LIJZ OK
LOIT OK
LISZ OK
LOIS OK
LOIZ OK
LOIJ OK
LOTI OK
LOTS OK
LOTZ OK
LOTJ OK
LOSI OK
LOST OK
LOSJ OK
LOZI OK
LOZT OK
LIZS OK
LOZJ OK
LOJI OK
LOJT OK
LOJS OK
LOJZ OK
LTIO OK
LTIS OK
LTIZ OK
LOSZ OK
LTIJ OK
LTOI OK
LTOS OK
LTOZ OK
LTOJ OK
LTSI OK
LTSO OK
LTSZ OK
LTSJ OK
LTZI OK
LTZS OK
LTZO OK
LTZJ OK
LTJI OK
LTJO OK
LTJS OK
LTJZ OK
LSIT OK
LSIO OK
LOZS OK
LSIJ OK
LSIZ OK
LSOI OK
LSOT OK
LSOJ OK
LSTI OK
LSTO OK
LSTZ OK
LSTJ OK
LSZI OK
LSZT OK
LSZJ OK
LSJI OK
LSJO OK
LSZO OK
LSJT OK
LSJZ OK
LZIO OK
LZIT OK
LZIS OK
LSOZ OK
LZIJ OK
LZOI OK
LZOT OK
LZOJ OK
LZTI OK
LZTO OK
LZTJ OK
LZTS OK
LZSI OK
LZST OK
LZSJ OK
LZJI OK
LZOS OK
LZJT OK
LZJO OK
LZSO OK
LJIO OK
LZJS OK
LJIT OK
LJIS OK
LJIZ OK
LJOI OK
LJOT OK
LJOS OK
LJTO OK
LJTI OK
LJOZ OK
LJTS OK
LJTZ OK
LJSI OK
LJSO OK
LJST OK
LJZI OK
LJZT OK
LJZO OK
LJZS OK
LJSZ OK
