IOTJ OK
IOTL OK
IOTZ OK
IOTS OK
IOST OK
IOSL OK
IOSZ OK
IOSJ OK
IOZT OK
IOZS OK
IOZJ OK
IOJT OK
IOZL OK
IOJL OK
IOLT OK
IOJS OK
IOJZ OK
IOLS OK
IOLJ OK
IOLZ OK
ITOS OK
ITOZ OK
ITOJ OK
ITOL OK
ITSO OK
ITSZ OK
ITSJ OK
ITZO OK
ITSL OK
ITZS OK
ITZJ OK
ITZL OK
ITJO OK
ITJS OK
ITJZ OK
ITJL OK
ITLO OK
ITLS OK
ITLZ OK
ITLJ OK
ISOT OK
ISTO OK
ISOZ OK
ISOJ OK
ISOL OK
ISTZ OK
ISTJ OK
ISTL OK
ISZO OK
ISZT OK
ISZJ OK
ISZL OK
ISJT OK
ISJO OK
ISJL OK
ISLT OK
ISLO OK
ISJZ OK
ISLJ OK
IZOT OK
IZOS OK
IZOJ OK
IZOL OK
ISLZ OK
IZTO OK
IZTS OK
IZTJ OK
IZTL OK
IZSO OK
IZST OK
IZSL OK
IZSJ OK
IZJT OK
IZJO OK
IZJL OK
IZJS OK
IZLT OK
IZLO OK
IZLJ OK
IZLS OK
IJOT OK
IJOL OK
IJTO OK
IJTS OK
IJTZ OK
IJOS OK
IJOZ OK
IJTL OK
IJST OK
IJSL OK
IJZT OK
IJZO OK
IJSO OK
IJSZ OK
IJZL OK
IJZS OK
IJLO OK
IJLT OK
IJLS OK
ILOT OK
IJLZ OK
ILOS OK
ILOJ OK
ILOZ OK
ILTO OK
ILTS OK
ILTZ OK
ILTJ OK
ILST OK
ILSO OK
ILSJ OK
ILZT OK
ILZO OK
ILZJ OK
ILJO OK
ILZS OK
ILJS OK
ILJT OK
ILJZ OK
OITS OK
OITJ OK
OITZ OK
OIST OK
OITL OK
OISZ OK
OISJ OK
OISL OK
OIZT OK
OIZS OK
OIZJ OK
OIZL OK
OIJT OK
OIJS OK
OIJZ OK
ILSZ OK
OIJL OK
OILT OK
OILJ OK
OTIS OK
OTIZ OK
OTIJ OK
OILS OK
OILZ OK
OTIL OK
OTSI OK
OTSZ OK
OTSJ OK
OTSL OK
OTZI OK
OTZJ OK
OTZL OK
OTJI OK
OTJS OK
OTJZ OK
OTZS OK
OTJL OK
OTLI OK
OTLS OK
OTLZ OK
OTLJ OK
OSIT OK
OSIZ OK
OSTI OK
OSIJ OK
OSIL OK
OSTZ OK
OSTJ OK
OSTL OK
OSZI OK
OSZT OK
OSZJ OK
OSZL OK
OSJT OK
OSJI OK
OSJL OK
OSLT OK
OSLI OK
OSLJ OK
OZIT OK
OSJZ OK
OZIS OK
OZIJ OK
OZTI OK
OZIL OK
OZTS OK
OSLZ OK
OZTJ OK
OZTL OK
OZSI OK
OZST OK
OZSJ OK
OZSL OK
OZJT OK
OZJI OK
OZJS OK
OZJL OK
OZLT OK
OZLJ OK
OZLI OK
OZLS OK
OJIT OK
OJIL OK
OJIS OK
OJTI OK
OJIZ OK
OJTS OK
OJTZ OK
OJTL OK
OJST OK
OJSI OK
OJSL OK
OJZT OK
OJZI OK
OJZL OK
OJLI OK
OJLT OK
OJLS OK
OJZS OK
OJLZ OK
OLIT OK
OJSZ OK
OLIS OK
OLIJ OK
OLIZ OK
OLTI OK
OLTS OK
OLTZ OK
OLTJ OK
OLST OK
OLSI OK
OLZT OK
OLSJ OK
OLZI OK
OLJI OK
OLZJ OK
OLJT OK
OLJS OK
OLZS OK
OLJZ OK
TIOS OK
OLSZ OK
TIOZ OK
TIOJ OK
TIOL OK
TISO OK
TISZ OK
TISJ OK
TISL OK
TIZO OK
TIZJ OK
TIZS OK
TIZL OK
TIJO OK
TIJS OK
TIJZ OK
TIJL OK
TILO OK
TILS OK
TILZ OK
TILJ OK
TOIS OK
TOIZ OK
TOIJ OK
TOIL OK
TOSI OK
TOSZ OK
TOSJ OK
TOSL OK
TOZI OK
TOZJ OK
TOZL OK
TOJI OK
TOJS OK
TOJZ OK
TOJL OK
TOZS OK
TOLI OK
TOLS OK
TOLZ OK
TOLJ OK
TSIO OK
TSIJ OK
TSIZ OK
TSIL OK
TSOI OK
TSOZ OK
TSOJ OK
TSOL OK
TSZI OK
TSZO OK
TSZJ OK
TSZL OK
TSJI OK
TSJO OK
TSJZ OK
TSJL OK
TSLI OK
TSLO OK
TSLZ OK
TSLJ OK
TZIO OK
TZIS OK
TZIJ OK
TZIL OK
TZOI OK
TZOS OK
TZOJ OK
TZOL OK
TZSI OK
TZSO OK
TZSJ OK
TZSL OK
TZJI OK
TZJO OK
TZJS OK
TZLI OK
TZJL OK
TZLO OK
TZLS OK
TJIO OK
TZLJ OK
TJIS OK
TJIZ OK
TJIL OK
TJOI OK
TJOS OK
TJOZ OK
TJOL OK
TJSI OK
TJSO OK
TJSZ OK
TJSL OK
TJZI OK
TJZO OK
TJZS OK
TJZL OK
TJLI OK
TJLO OK
TJLS OK
TLIO OK
TLIS OK
TJLZ OK
TLIZ OK
TLIJ OK
TLOI OK
TLOS OK
TLOZ OK
TLOJ OK
TLSO OK
TLSI OK
TLZO OK
TLZI OK
TLSZ OK
TLSJ OK
TLJI OK
TLJO OK
TLZJ OK
TLZS OK
SIOT OK
TLJZ OK
TLJS OK
SIOZ OK
SITO OK
SITZ OK
SIOL OK
SIOJ OK
SITJ OK
SITL OK
SIZT OK
SIZO OK
SIZJ OK
SIJT OK
SIZL OK
SIJO OK
SIJL OK
SILT OK
SILO OK
SIJZ OK
SILJ OK
SOIT OK
SILZ OK
SOIZ OK
SOIJ OK
SOIL OK
SOTI OK
SOTZ OK
SOTJ OK
SOTL OK
SOZI OK
SOZT OK
SOZJ OK
SOZL OK
SOJT OK
SOJI OK
SOJL OK
SOLT OK
SOLI OK
SOLJ OK
STIO OK
STIZ OK
SOJZ OK
STIJ OK
STIL OK
STOI OK
STOZ OK
SOLZ OK
STOJ OK
STOL OK
STZI OK
STZO OK
STZL OK
STZJ OK
STJI OK
STJO OK
STLI OK
STJL OK
STJZ OK
STLO OK
STLZ OK
STLJ OK
SZIO OK
SZIT OK
SZIJ OK
SZIL OK
SZOI OK
SZOT OK
SZTI OK
SZOJ OK
SZTO OK
SZOL OK
SZTJ OK
SZTL OK
SZJI OK
SZJO OK
SZJT OK
SZJL OK
SZLI OK
SZLO OK
SZLJ OK
SZLT OK
SJIT OK
SJIO OK
SJIL OK
SJOT OK
SJOI OK
SJOL OK
SJTI OK
SJIZ OK
SJTO OK
SJTZ OK
SJTL OK
SJZI OK
SJZT OK
SJZO OK
SJOZ OK
SJZL OK
SJLI OK
SJLT OK
SJLO OK
SJLZ OK
SLIT OK
SLIO OK
SLIJ OK
SLIZ OK
SLOI OK
SLOT OK
SLOJ OK
SLTI OK
SLTO OK
SLTZ OK
SLTJ OK
SLZI OK
SLZT OK
SLZO OK
SLZJ OK
SLJI OK
SLJT OK
SLJO OK
SLOZ OK
SLJZ OK
ZIOT OK
ZIOS OK
ZIOL OK
ZIOJ OK
ZITO OK
ZITS OK
ZITL OK
ZITJ OK
ZISO OK
ZIST OK
ZISL OK
ZISJ OK
ZIJT OK
ZIJO OK
ZIJL OK
ZIJS OK
ZILO OK
ZILT OK
ZILS OK
ZILJ OK
ZOIT OK
ZOIS OK
ZOTI OK
ZOIL OK
ZOIJ OK
ZOTS OK
ZOTJ OK
ZOTL OK
ZOSI OK
ZOST OK
ZOSJ OK
ZOSL OK
ZOJI OK
ZOJT OK
ZOJL OK
ZOJS OK
ZOLT OK
ZOLI OK
ZOLS OK
ZOLJ OK
ZTIO OK
ZTIS OK
ZTIL OK
ZTOI OK
ZTIJ OK
ZTOS OK
ZTOJ OK
ZTSI OK
ZTOL OK
ZTSO OK
ZTJI OK
ZTSJ OK
ZTSL OK
ZTJO OK
ZTJL OK
ZTJS OK
ZTLI OK
ZTLO OK
ZTLS OK
ZTLJ OK
ZSIO OK
ZSIT OK
ZSIJ OK
ZSIL OK
ZSOI OK
ZSOT OK
ZSTI OK
ZSTO OK
ZSOJ OK
ZSOL OK
ZSTJ OK
ZSTL OK
ZSJI OK
ZSJO OK
ZSJT OK
ZSJL OK
ZSLI OK
ZSLO OK
ZSLJ OK
ZSLT OK
ZJIT OK
ZJIL OK
ZJIO OK
ZJIS OK
ZJOT OK
ZJOI OK
ZJOL OK
ZJOS OK
ZJTI OK
ZJTO OK
ZJTL OK
ZJTS OK
ZJSI OK
ZJST OK
ZJSL OK
ZJSO OK
ZJLI OK
ZJLO OK
ZJLT OK
ZJLS OK
ZLIT OK
ZLIO OK
ZLIJ OK
ZLIS OK
ZLOT OK
ZLOI OK
ZLOJ OK
ZLTI OK
ZLOS OK
ZLTO OK
ZLTS OK
ZLTJ OK
ZLSI OK
ZLSO OK
ZLST OK
ZLSJ OK
ZLJI OK
ZLJO OK
ZLJT OK
ZLJS OK
JIOT OK
JIOL OK
JITO OK
JIOS OK
JIOZ OK
JITS OK
JITZ OK
JITL OK
JIST OK
JISL OK
JISO OK
JIZT OK
JIZO OK
JIZS OK
JIZL OK
JILO OK
JISZ OK
JILT OK
JILS OK
JOIT OK
JILZ OK
JOIL OK
JOTI OK
JOIS OK
JOIZ OK
JOTS OK
JOTZ OK
JOTL OK
JOST OK
JOSL OK
JOSI OK
JOZT OK
JOZI OK
JOZL OK
JOLI OK
JOLT OK
JOSZ OK
JOLS OK
JOLZ OK
JOZS OK
JTIO OK
JTIS OK
JTIZ OK
JTIL OK
JTOI OK
JTOS OK
JTOZ OK
JTOL OK
JTSI OK
JTSO OK
JTSZ OK
JTZI OK
JTSL OK
JTZO OK
JTZS OK
JTLO OK
JTZL OK
JTLI OK
JTLS OK
JSIT OK
JTLZ OK
JSIO OK
JSIL OK
JSOT OK
JSOI OK
JSOL OK
JSTI OK
JSTO OK
JSIZ OK
JSTZ OK
JSTL OK
JSZT OK
JSOZ OK
JSZI OK
JSLI OK
JSZL OK
JSLO OK
JSZO OK
JSLT OK
JSLZ OK
JZIT OK
JZIO OK
JZIL OK
JZIS OK
JZOT OK
JZOI OK
JZOL OK
JZTI OK
JZTO OK
JZTS OK
JZTL OK
JZST OK
JZSI OK
JZOS OK
JZSL OK
JZLI OK
JZLO OK
JZLT OK
JZLS OK
JLIO OK
JZSO OK
JLIT OK
JLIS OK
JLIZ OK
JLOI OK
JLOT OK
JLOS OK
JLTI OK
JLOZ OK
JLTO OK
JLTS OK
JLSI OK
JLTZ OK
JLSO OK
JLST OK
JLZI OK
JLSZ OK
JLZO OK
JLZT OK
JLZS OK
LIOT OK
LIOJ OK
LITO OK
LIOS OK
LIOZ OK
LITS OK
LITZ OK
LITJ OK
LISO OK
LIST OK
LISJ OK
LIZT OK
LIZO OK
LIZJ OK
LIZS OK
LIJO OK
LIJT OK
LIJS OK
LIJZ OK
LOIT OK
LOIS OK
LOIZ OK
LOIJ OK
LOTI OK
LOTS OK
LOTZ OK
LOTJ OK
LOST OK
LISZ OK
LOSI OK
LOZT OK
LOZI OK
LOSJ OK
LOJI OK
LOZJ OK
LOJT OK
LOJS OK
LOJZ OK
LTIO OK
LOZS OK
LTIS OK
LTIZ OK
LTIJ OK
LOSZ OK
LTOI OK
LTOZ OK
LTOS OK
LTOJ OK
LTSI OK
LTSO OK
LTSZ OK
LTSJ OK
LTZI OK
LTZO OK
LTZS OK
LTJI OK
LTZJ OK
LTJO OK
LTJS OK
LTJZ OK
LSIT OK
LSIO OK
LSIJ OK
LSOT OK
LSOI OK
LSTI OK
LSOJ OK
LSTO OK
LSTZ OK
LSTJ OK
LSIZ OK
LSZI OK
LSZT OK
LSZO OK
LSZJ OK
LSJI OK
LSJO OK
LSJT OK
LSOZ OK
LSJZ OK
LZIT OK
LZIO OK
LZIJ OK
LZOT OK
LZOI OK
LZIS OK
LZTI OK
LZOJ OK
LZTO OK
LZTS OK
LZTJ OK
LZSI OK
LZST OK
LZOS OK
LZSO OK
LZSJ OK
LZJI OK
LZJT OK
LZJO OK
LZJS OK
LJIO OK
LJIT OK
LJIS OK
LJIZ OK
LJOI OK
LJOT OK
LJOS OK
LJOZ OK
LJTI OK
LJTO OK
LJSI OK
LJTS OK
LJTZ OK
LJSO OK
LJST OK
LJZI OK
LJSZ OK
LJZO OK
LJZT OK
LJZS OK
