IOTS OK
IOTJ OK
IOTL OK
IOTZ OK
IOST OK
IOSJ OK
IOSZ OK
IOSL OK
IOZT OK
IOJT OK
IOZL OK
IOZJ OK
IOJL OK
IOLT OK
IOJS OK
IOJZ OK
IOLJ OK
IOLS OK
IOLZ OK
ITOS OK
ITOZ OK
ITOJ OK
ITOL OK
ITSO OK
ITSZ OK
ITSJ OK
ITSL OK
ITZO OK
ITZS OK
ITZJ OK
ITZL OK
ITJO OK
ITJL OK
ITJS OK
ITJZ OK
ITLO OK
ITLS OK
ITLZ OK
ITLJ OK
ISOT OK
ISOZ OK
ISOJ OK
ISOL OK
ISTO OK
ISTZ OK
ISTJ OK
ISTL OK
ISZT OK
ISZL OK
ISZJ OK
ISJT OK
ISJO OK
ISJL OK
IOZS OK
ISLT OK
ISLO OK
ISLJ OK
IZOT OK
ISLZ OK
ISJZ OK
IZOL OK
IZOJ OK
IZTO OK
IZTS OK
IZTJ OK
IZTL OK
IZST OK
IZSJ OK
IZSO OK
IZSL OK
IZJT OK
IZJO OK
IZJL OK
IZJS OK
IZLT OK
ISZO OK
IZLJ OK
IZLO OK
IJOT OK
IZLS OK
IJOL OK
IJTO OK
IJTS OK
IJTZ OK
IJTL OK
IJOS OK
IJOZ OK
IJST OK
IJSL OK
IZOS OK
IJSO OK
IJZT OK
IJZL OK
IJZO OK
IJLO OK
IJLT OK
IJLS OK
IJLZ OK
ILOT OK
ILOS OK
ILOZ OK
ILOJ OK
ILTO OK
ILTS OK
ILTZ OK
ILTJ OK
ILST OK
IJSZ OK
ILSJ OK
ILSO OK
ILZT OK
ILSZ OK
ILZJ OK
ILZO OK
ILJO OK
ILJT OK
ILJS OK
ILJZ OK
OITS OK
ILZS OK
IJZS OK
OITZ OK
OITL OK
OITJ OK
OIST OK
OISZ OK
OISL OK
OISJ OK
OIZT OK
OIJT OK
OIZL OK
OIZJ OK
OIJL OK
OIJS OK
OILT OK
OIJZ OK
OILJ OK
OILS OK
OILZ OK
OTIS OK
OTIZ OK
OTIJ OK
OTIL OK
OTSI OK
OTSJ OK
OTSL OK
OTZI OK
OTZJ OK
OTZS OK
OTSZ OK
OTZL OK
OTJI OK
OTJS OK
OTJL OK
OTJZ OK
OTLI OK
OTLS OK
OTLZ OK
OTLJ OK
OSIT OK
OSIZ OK
OSIJ OK
OSIL OK
OSTI OK
OSTZ OK
OSTJ OK
OSTL OK
OSZI OK
OSZT OK
OSJI OK
OSJT OK
OIZS OK
OSJL OK
OSLI OK
OSZL OK
OSZJ OK
OSLT OK
OSLJ OK
OZIT OK
OSJZ OK
OZIJ OK
OZTI OK
OZIL OK
OZTJ OK
OZTS OK
OSLZ OK
OZTL OK
OZSI OK
OZST OK
OZSL OK
OZJI OK
OZIS OK
OZJT OK
OZJL OK
OZSJ OK
OZLI OK
OZLJ OK
OJIT OK
OZLT OK
OZLS OK
OJIL OK
OJTI OK
OJTS OK
OJTZ OK
OJIS OK
OJIZ OK
OJTL OK
OZJS OK
OJSL OK
OJST OK
OJSI OK
OJZI OK
OJZL OK
OJLI OK
OJLT OK
OJZT OK
OJSZ OK
OJLS OK
OJLZ OK
OLIT OK
OLIJ OK
OLTI OK
OLIS OK
OLIZ OK
OLTJ OK
OLTS OK
OLTZ OK
OLSI OK
OLSJ OK
OLST OK
OLZI OK
OLZT OK
OLZJ OK
OLJI OK
OLJT OK
OLSZ OK
OLJS OK
OJZS OK
OLJZ OK
TIOS OK
TIOZ OK
TIOJ OK
TIOL OK
TISO OK
TISZ OK
TISJ OK
TISL OK
TIZO OK
TIZS OK
TIZJ OK
TIZL OK
TIJO OK
TIJS OK
TIJZ OK
TIJL OK
TILO OK
TILS OK
TILZ OK
TILJ OK
TOIS OK
TOIZ OK
TOIJ OK
TOIL OK
TOSI OK
TOSJ OK
TOSL OK
TOZI OK
TOZS OK
TOZJ OK
TOJI OK
TOZL OK
TOSZ OK
TOJS OK
TOJZ OK
TOJL OK
TOLI OK
TOLJ OK
TOLS OK
TOLZ OK
TSIO OK
TSIZ OK
TSIJ OK
TSIL OK
TSOI OK
OLZS OK
TSOJ OK
TSOL OK
TSZI OK
TSZO OK
TSZJ OK
TSZL OK
TSJI OK
TSJO OK
TSJL OK
TSLI OK
TSOZ OK
TSJZ OK
TSLO OK
TSLJ OK
TZIO OK
TZIS OK
TSLZ OK
TZIJ OK
TZIL OK
TZOI OK
TZSI OK
TZOJ OK
TZOL OK
TZOS OK
TZJI OK
TZSO OK
TZSJ OK
TZSL OK
TZJO OK
TZJL OK
TZLI OK
TZLO OK
TZLJ OK
TZJS OK
TJIO OK
TJIS OK
TZLS OK
TJIZ OK
TJIL OK
TJOI OK
TJOL OK
TJOS OK
TJSI OK
TJOZ OK
TJSO OK
TJSL OK
TJZI OK
TJZL OK
TJZO OK
TJSZ OK
TJLI OK
TJLO OK
TJLS OK
TJZS OK
TJLZ OK
TLIO OK
TLIS OK
TLIZ OK
TLIJ OK
TLOI OK
TLOJ OK
TLOS OK
TLOZ OK
TLSI OK
TLSO OK
TLSJ OK
TLZI OK
TLZJ OK
TLSZ OK
TLZO OK
TLJI OK
TLJO OK
TLZS OK
TLJS OK
TLJZ OK
SIOT OK
SIOZ OK
SIOJ OK
SIOL OK
SITO OK
SITZ OK
SITJ OK
SITL OK
SIZT OK
SIZL OK
SIJT OK
SIJO OK
SIZJ OK
SIJL OK
SILT OK
SILO OK
SILJ OK
SIJZ OK
SILZ OK
SOIT OK
SOIZ OK
SOIJ OK
SOIL OK
SOTI OK
SOTZ OK
SOTJ OK
SOTL OK
SOZI OK
SOZT OK
SOJI OK
SIZO OK
SOJT OK
SOJL OK
SOLI OK
SOLT OK
SOZL OK
SOZJ OK
SOLJ OK
STIO OK
STIZ OK
STIJ OK
SOJZ OK
STIL OK
STOI OK
STOJ OK
STZI OK
SOLZ OK
STOL OK
STZO OK
STOZ OK
STZJ OK
STZL OK
STJI OK
STJO OK
STJL OK
STLI OK
STLO OK
STLJ OK
SZIT OK
STJZ OK
SZIO OK
SZIL OK
STLZ OK
SZOT OK
SZIJ OK
SZTI OK
SZOI OK
SZTO OK
SZTJ OK
SZTL OK
SZOJ OK
SZJI OK
SZOL OK
SZJL OK
SZJT OK
SZLI OK
SZLJ OK
SZLT OK
SJIT OK
SZJO OK
SJIL OK
SJIO OK
SZLO OK
SJOT OK
SJOL OK
SJIZ OK
SJOI OK
SJTI OK
SJTO OK
SJTL OK
SJTZ OK
SJOZ OK
SJZL OK
SJLI OK
SJLO OK
SJZI OK
SJLT OK
SJZT OK
SJZO OK
SJLZ OK
SLIT OK
SLIJ OK
SLIO OK
SLIZ OK
SLOI OK
SLOJ OK
SLTI OK
SLTO OK
SLTJ OK
SLOT OK
SLZI OK
SLTZ OK
SLZJ OK
SLJI OK
SLJO OK
SLJT OK
SLZT OK
SLJZ OK
ZIOT OK
SLOZ OK
ZIOL OK
ZIOJ OK
ZITO OK
ZITS OK
ZITJ OK
ZITL OK
ZIST OK
ZISJ OK
ZISO OK
ZISL OK
ZIJT OK
ZIJO OK
ZIJL OK
ZIJS OK
ZILT OK
ZIOS OK
ZILJ OK
ZILO OK
ZOIT OK
ZILS OK
SLZO OK
ZOTI OK
ZOIJ OK
ZOIL OK
ZOTS OK
ZOTJ OK
ZOTL OK
ZOSI OK
ZOST OK
ZOJI OK
ZOSL OK
ZOJT OK
ZOSJ OK
ZOIS OK
ZOJL OK
ZOLI OK
ZOLJ OK
ZOLT OK
ZOLS OK
ZTIO OK
ZTIS OK
ZTIJ OK
ZTIL OK
ZTOI OK
ZTOS OK
ZTOJ OK
ZTOL OK
ZTSI OK
ZTSO OK
ZTSJ OK
ZTSL OK
ZTJI OK
ZOJS OK
ZTJO OK
ZTJL OK
ZTLI OK
ZTJS OK
ZTLO OK
ZTLJ OK
ZSIT OK
ZSIL OK
ZSIJ OK
ZTLS OK
ZSIO OK
ZSOT OK
ZSTI OK
ZSOI OK
ZSTO OK
ZSTJ OK
ZSOL OK
ZSTL OK
ZSJI OK
ZSJT OK
ZSJL OK
ZSLI OK
ZSOJ OK
ZSLJ OK
ZSLT OK
ZJIT OK
ZSJO OK
ZJIO OK
ZJIL OK
ZJIS OK
ZJOT OK
ZJOL OK
ZJOI OK
ZSLO OK
ZJTI OK
ZJTO OK
ZJTL OK
ZJSI OK
ZJTS OK
ZJSL OK
ZJLI OK
ZJLO OK
ZJLT OK
ZJOS OK
ZJLS OK
ZJST OK
ZLIT OK
ZLIJ OK
ZLIO OK
ZJSO OK
ZLIS OK
ZLOJ OK
ZLOI OK
ZLTI OK
ZLTO OK
ZLTJ OK
ZLOT OK
ZLOS OK
ZLSI OK
ZLTS OK
ZLSJ OK
ZLJI OK
ZLJO OK
ZLJT OK
JIOT OK
ZLJS OK
ZLST OK
ZLSO OK
JIOL OK
JITO OK
JIOS OK
JIOZ OK
JITS OK
JITZ OK
JITL OK
JIST OK
JISL OK
JIZT OK
JISO OK
JIZL OK
JIZO OK
JILO OK
JILT OK
JILS OK
JILZ OK
JOIT OK
JOIS OK
JOIZ OK
JOIL OK
JOTI OK
JISZ OK
JOTS OK
JOTL OK
JOTZ OK
JIZS OK
JOSL OK
JOST OK
JOSI OK
JOZI OK
JOZL OK
JOLI OK
JOLT OK
JOZT OK
JOSZ OK
JOLS OK
JOLZ OK
JTIO OK
JTIS OK
JTIZ OK
JTIL OK
JTOI OK
JTOS OK
JTOL OK
JTOZ OK
JTSI OK
JTSO OK
JTSL OK
JTZI OK
JTZO OK
JTZL OK
JTZS OK
JTLI OK
JTLO OK
JTLS OK
JTLZ OK
JSIT OK
JTSZ OK
JSIL OK
JSIO OK
JSOI OK
JSOT OK
JSOL OK
JSTI OK
JSTO OK
JSIZ OK
JSTL OK
JOZS OK
JSOZ OK
JSTZ OK
JSZL OK
JSLI OK
JSLO OK
JSLT OK
JSLZ OK
JSZT OK
JZIT OK
JSZO OK
JZIL OK
JSZI OK
JZIO OK
JZIS OK
JZOL OK
JZTI OK
JZOI OK
JZOT OK
JZTL OK
JZTO OK
JZSI OK
JZTS OK
JZSL OK
JZLI OK
JZLO OK
JZLT OK
JZLS OK
JZST OK
JLIO OK
JLIT OK
JLIS OK
JLIZ OK
JLOI OK
JLOT OK
JLOS OK
JLOZ OK
JLTI OK
JLTO OK
JLTZ OK
JLTS OK
JLSI OK
JLSO OK
JLST OK
JLSZ OK
JLZI OK
JLZO OK
JLZT OK
LIOT OK
JLZS OK
JZOS OK
LIOJ OK
LIOS OK
LITO OK
LITS OK
LIOZ OK
LITZ OK
LITJ OK
LIST OK
LISJ OK
LISO OK
LIZT OK
LISZ OK
JZSO OK
LIZJ OK
LIJO OK
LIZO OK
LIJT OK
LIJS OK
LIJZ OK
LOIT OK
LOIJ OK
LOTI OK
LIZS OK
LOIS OK
LOIZ OK
LOTJ OK
LOTS OK
LOSI OK
LOTZ OK
LOSJ OK
LOST OK
LOZI OK
LOZT OK
LOZJ OK
LOJI OK
LOJT OK
LOJS OK
LOJZ OK
LTIO OK
LTIS OK
LTIZ OK
LTIJ OK
LTOI OK
LTOS OK
LTOZ OK
LTOJ OK
LTSI OK
LOSZ OK
LTSO OK
LTSJ OK
LTZI OK
LTZO OK
LTZS OK
LTZJ OK
LTJI OK
LTJO OK
LTJS OK
LTJZ OK
LSIT OK
LTSZ OK
LSIJ OK
LSIO OK
LSIZ OK
LSOI OK
LSOJ OK
LSTI OK
LSTO OK
LSOT OK
LSTJ OK
LSZI OK
LOZS OK
LSTZ OK
LSZJ OK
LSJI OK
LSOZ OK
LSJO OK
LSJT OK
LSJZ OK
LZIT OK
LZIO OK
LZIJ OK
LSZT OK
LZIS OK
LZOI OK
LZOJ OK
LZTI OK
LZOT OK
LZTO OK
LZTS OK
LZTJ OK
LZSI OK
LZSO OK
LZSJ OK
LZJI OK
LZST OK
LZJT OK
LZJO OK
LJIO OK
LZJS OK
LJIT OK
LJIS OK
LJIZ OK
LJOI OK
LJOT OK
LJOS OK
LJOZ OK
LZOS OK
LJTI OK
LJTO OK
LJTS OK
LJTZ OK
LJSI OK
LJST OK
LJSO OK
LJSZ OK
LJZI OK
LJZT OK
LJZO OK
LSZO CAP
LJZS OK
