IOTJ OK
IOTZ OK
IOTS OK
IOTL OK
IOST OK
IOSZ OK
IOSJ OK
IOSL OK
IOZT OK
IOZJ OK
IOZS OK
IOZL OK
IOJT OK
IOJL OK
IOJS OK
IOLT OK
IOJZ OK
IOLJ OK
ITOS OK
IOLS OK
IOLZ OK
ITOZ OK
ITOJ OK
ITSO OK
ITOL OK
ITSZ OK
ITSJ OK
ITSL OK
ITZO OK
ITZS OK
ITZJ OK
ITJO OK
ITZL OK
ITJS OK
ITLO OK
ITJL OK
ITJZ OK
ITLS OK
ITLZ OK
ITLJ OK
ISOT OK
ISTO OK
ISOJ OK
ISOL OK
ISTZ OK
ISTJ OK
ISTL OK
ISZT OK
ISZJ OK
ISZL OK
ISJO OK
ISOZ OK
ISJT OK
ISLO OK
ISLT OK
ISJL OK
ISJZ OK
ISLJ OK
ISZO OK
IZOT OK
IZOS OK
IZOJ OK
IZOL OK
ISLZ OK
IZTO OK
IZTS OK
IZTJ OK
IZTL OK
IZST OK
IZJO OK
IZSJ OK
IZJT OK
IZSL OK
IZSO OK
IZLT OK
IZLO OK
IZLJ OK
IZJS OK
IZJL OK
IJOT OK
IZLS OK
IJOS OK
IJOL OK
IJOZ OK
IJTO OK
IJTL OK
IJTS OK
IJTZ OK
IJST OK
IJSL OK
IJSO OK
IJZT OK
IJZO OK
IJZL OK
IJLO OK
IJLT OK
IJLS OK
IJSZ OK
IJLZ OK
IJZS OK
ILOT OK
ILOJ OK
ILOS OK
ILTO OK
ILOZ OK
ILTS OK
ILTZ OK
ILTJ OK
ILSO OK
ILSJ OK
ILST OK
ILZT OK
ILZO OK
ILZJ OK
ILJO OK
ILJT OK
ILSZ OK
ILJS OK
ILJZ OK
ILZS OK
OITS OK
OITZ OK
OITJ OK
OITL OK
OIST OK
OISZ OK
OISJ OK
OIZT OK
OISL OK
OIZJ OK
OIJT OK
OIZS OK
OIZL OK
OIJL OK
OIJS OK
OIJZ OK
OILT OK
OILJ OK
OTIS OK
OILS OK
OILZ OK
OTIJ OK
OTIZ OK
OTIL OK
OTSI OK
OTSZ OK
OTSJ OK
OTSL OK
OTZI OK
OTZJ OK
OTZS OK
OTZL OK
OTJI OK
OTJS OK
OTJZ OK
OTJL OK
OTLI OK
OTLJ OK
OTLS OK
OTLZ OK
OSIT OK
OSIZ OK
OSIL OK
OSIJ OK
OSTI OK
OSTJ OK
OSTZ OK
OSTL OK
OSZI OK
OSZT OK
OSZJ OK
OSZL OK
OSJI OK
OSJT OK
OSJL OK
OSJZ OK
OSLI OK
OSLT OK
OSLJ OK
OZIT OK
OSLZ OK
OZIS OK
OZIJ OK
OZTI OK
OZIL OK
OZTS OK
OZTJ OK
OZTL OK
OZSI OK
OZST OK
OZSJ OK
OZSL OK
OZJT OK
OZJI OK
OZJL OK
OZJS OK
OZLT OK
OZLI OK
OZLJ OK
OZLS OK
OJIT OK
OJIL OK
OJIS OK
OJTI OK
OJIZ OK
OJTS OK
OJTZ OK
OJTL OK
OJSI OK
OJST OK
OJSL OK
OJSZ OK
OJZT OK
OJZL OK
OJZI OK
OJZS OK
OJLI OK
OJLT OK
OJLS OK
OJLZ OK
OLIT OK
OLIJ OK
OLIS OK
OLIZ OK
OLTI OK
OLTS OK
OLTJ OK
OLTZ OK
OLSI OK
OLST OK
OLSJ OK
OLSZ OK
OLZT OK
OLZI OK
OLZJ OK
OLJI OK
OLZS OK
OLJT OK
OLJS OK
TIOS OK
OLJZ OK
TIOZ OK
TIOJ OK
TIOL OK
TISO OK
TISZ OK
TISJ OK
TISL OK
TIZO OK
TIZS OK
TIZJ OK
TIJO OK
TIZL OK
TIJS OK
TILO OK
TIJZ OK
TIJL OK
TILJ OK
TILS OK
TILZ OK
TOIS OK
TOIZ OK
TOIJ OK
TOSI OK
TOIL OK
TOSZ OK
TOSJ OK
TOSL OK
TOZI OK
TOZS OK
TOZJ OK
TOZL OK
TOJI OK
TOJS OK
TOJZ OK
TOJL OK
TOLI OK
TOLS OK
TOLZ OK
TOLJ OK
TSIO OK
TSIZ OK
TSIL OK
TSIJ OK
TSOI OK
TSOZ OK
TSOJ OK
TSOL OK
TSZI OK
TSZO OK
TSJI OK
TSJO OK
TSZL OK
TSZJ OK
TSLI OK
TSLO OK
TSJL OK
TSJZ OK
TZIO OK
TSLJ OK
TZIS OK
TZIL OK
TZIJ OK
TZOI OK
TSLZ OK
TZOS OK
TZOJ OK
TZOL OK
TZSI OK
TZSO OK
TZJI OK
TZJO OK
TZSL OK
TZSJ OK
TZLI OK
TZLO OK
TZJL OK
TZJS OK
TZLJ OK
TJIO OK
TJIS OK
TZLS OK
TJIZ OK
TJIL OK
TJOI OK
TJOS OK
TJOZ OK
TJOL OK
TJSI OK
TJSO OK
TJSL OK
TJZO OK
TJZI OK
TJZL OK
TJLI OK
TJLO OK
TJLS OK
TJSZ OK
TJLZ OK
TLIO OK
TJZS OK
TLIS OK
TLIZ OK
TLIJ OK
TLOI OK
TLOS OK
TLOZ OK
TLOJ OK
TLSI OK
TLSO OK
TLSJ OK
TLZI OK
TLZO OK
TLZJ OK
TLJI OK
TLSZ OK
TLJO OK
TLJS OK
TLJZ OK
TLZS OK
SIOT OK
SIOZ OK
SIOJ OK
SITO OK
SIOL OK
SITZ OK
SITJ OK
SITL OK
SIZT OK
SIJO OK
SIJT OK
SIZJ OK
SIZL OK
SILO OK
SILT OK
SIJZ OK
SIJL OK
SILJ OK
SOIT OK
SOIZ OK
SOIJ OK
SIZO OK
SILZ OK
SOIL OK
SOTI OK
SOTZ OK
SOTJ OK
SOTL OK
SOZI OK
SOZT OK
SOZJ OK
SOZL OK
SOJI OK
SOJT OK
SOJZ OK
SOJL OK
SOLI OK
SOLT OK
SOLJ OK
SOLZ OK
STIO OK
STIZ OK
STIJ OK
STIL OK
STOI OK
STOZ OK
STOJ OK
STOL OK
STZI OK
STZO OK
STJI OK
STJO OK
STZL OK
STZJ OK
STLI OK
STJZ OK
STLO OK
STJL OK
STLJ OK
SZIT OK
SZIO OK
STLZ OK
SZOI OK
SZOT OK
SZOJ OK
SZIJ OK
SZIL OK
SZOL OK
SZTI OK
SZTO OK
SZJO OK
SZTL OK
SZTJ OK
SZJI OK
SZJL OK
SZLO OK
SZJT OK
SJIO OK
SZLI OK
SZLT OK
SZLJ OK
SJIT OK
SJOT OK
SJOI OK
SJOL OK
SJOZ OK
SJIZ OK
SJTO OK
SJTI OK
SJIL OK
SJTL OK
SJZO OK
SJTZ OK
SJLI OK
SJZI OK
SJLT OK
SJZT OK
SJLO OK
SJZL OK
SLIT OK
SLIO OK
SLIJ OK
SLOI OK
SLOT OK
SJLZ OK
SLIZ OK
SLOZ OK
SLOJ OK
SLTI OK
SLTO OK
SLTJ OK
SLTZ OK
SLZT OK
SLZO OK
SLZI OK
SLJI OK
SLZJ OK
SLJT OK
SLJO OK
ZIOT OK
ZIOS OK
ZIOJ OK
ZITO OK
ZITS OK
ZIOL OK
ZITJ OK
ZITL OK
SLJZ OK
ZIST OK
ZIJO OK
ZISJ OK
ZISO OK
ZISL OK
ZIJT OK
ZILT OK
ZILO OK
ZIJL OK
ZILJ OK
ZIJS OK
ZOIT OK
ZOIS OK
ZOIJ OK
ZOIL OK
ZILS OK
ZOTI OK
ZOTS OK
ZOTJ OK
ZOTL OK
ZOSI OK
ZOST OK
ZOSJ OK
ZOSL OK
ZOJT OK
ZOJL OK
ZOJI OK
ZOJS OK
ZOLT OK
ZOLI OK
ZOLJ OK
ZOLS OK
ZTIO OK
ZTIS OK
ZTIJ OK
ZTIL OK
ZTOI OK
ZTOS OK
ZTOJ OK
ZTOL OK
ZTSO OK
ZTSI OK
ZTJI OK
ZTJO OK
ZTSL OK
ZTSJ OK
ZTLI OK
ZTLO OK
ZTJL OK
ZTJS OK
ZTLJ OK
ZSIO OK
ZSIT OK
ZTLS OK
ZSOI OK
ZSOT OK
ZSOJ OK
ZSIJ OK
ZSOL OK
ZSIL OK
ZSTI OK
ZSTO OK
ZSJO OK
ZSTL OK
ZSTJ OK
ZSJI OK
ZSJL OK
ZSLO OK
ZSJT OK
ZSLI OK
ZJIO OK
ZJIT OK
ZSLT OK
ZSLJ OK
ZJOT OK
ZJOI OK
ZJOS OK
ZJOL OK
ZJIL OK
ZJIS OK
ZJTO OK
ZJTI OK
ZJTL OK
ZJSO OK
ZJTS OK
ZJLI OK
ZJSI OK
ZJSL OK
ZJLO OK
ZJST OK
ZJLT OK
ZLIT OK
ZLIO OK
ZLIJ OK
ZJLS OK
ZLOI OK
ZLOT OK
ZLOJ OK
ZLIS OK
ZLOS OK
ZLTI OK
ZLTO OK
ZLTJ OK
ZLSO OK
ZLTS OK
ZLST OK
ZLJI OK
ZLSI OK
ZLJO OK
ZLSJ OK
ZLJT OK
JIOT OK
JIOL OK
JIOS OK
ZLJS OK
JIOZ OK
JITO OK
JITS OK
JITZ OK
JITL OK
JIST OK
JISL OK
JISO OK
JIZT OK
JIZO OK
JIZL OK
JILO OK
JILT OK
JILS OK
JILZ OK
JISZ OK
JOIT OK
JOIL OK
JIZS OK
JOIS OK
JOIZ OK
JOTI OK
JOTZ OK
JOTS OK
JOTL OK
JOST OK
JOSL OK
JOSI OK
JOSZ OK
JOZT OK
JOZI OK
JOZL OK
JOLI OK
JOZS OK
JOLT OK
JOLS OK
JOLZ OK
JTIO OK
JTIS OK
JTIZ OK
JTIL OK
JTOI OK
JTOS OK
JTOL OK
JTOZ OK
JTSI OK
JTSO OK
JTSL OK
JTZI OK
JTZO OK
JTZL OK
JTLI OK
JTLO OK
JTLS OK
JTLZ OK
JSIT OK
JTSZ OK
JSIO OK
JSIL OK
JTZS OK
JSOT OK
JSOI OK
JSOZ OK
JSTI OK
JSOL OK
JSTO OK
JSTL OK
JSIZ OK
JSZO OK
JSTZ OK
JSLI OK
JSZI OK
JSZT OK
JSLO OK
JSZL OK
JSLT OK
JZIT OK
JZIO OK
JZIL OK
JZOT OK
JSLZ OK
JZOI OK
JZOL OK
JZTI OK
JZOS OK
JZIS OK
JZTO OK
JZTL OK
JZSO OK
JZTS OK
JZLI OK
JZSI OK
JZST OK
JZLO OK
JZSL OK
JZLT OK
JLIO OK
JLIT OK
JLIS OK
JLIZ OK
JLOI OK
JLOT OK
JLOS OK
JLOZ OK
JZLS OK
JLTI OK
JLTO OK
JLTS OK
JLTZ OK
JLSI OK
JLST OK
JLZI OK
JLSO OK
JLZT OK
JLZO OK
LIOT OK
LIOS OK
JLSZ OK
LIOJ OK
LIOZ OK
LITO OK
JLZS OK
LITS OK
LITZ OK
LITJ OK
LISJ OK
LIST OK
LISO OK
LIZT OK
LIZO OK
LIZJ OK
LIJO OK
LIJT OK
LIJS OK
LIJZ OK
LISZ OK
LOIT OK
LOIS OK
LOIZ OK
LIZS OK
LOIJ OK
LOTI OK
LOTZ OK
LOTS OK
LOTJ OK
LOST OK
LOSJ OK
LOSI OK
LOSZ OK
LOZT OK
LOZI OK
LOZJ OK
LOJI OK
LOZS OK
LOJT OK
LOJS OK
LOJZ OK
LTIO OK
LTIS OK
LTIJ OK
LTIZ OK
LTOI OK
LTOS OK
LTOZ OK
LTOJ OK
LTSI OK
LTSO OK
LTSJ OK
LTZI OK
LTZO OK
LTJI OK
LTZJ OK
LTSZ OK
LTJS OK
LTJO OK
LTJZ OK
LSIT OK
LTZS OK
LSIO OK
LSIJ OK
LSOT OK
LSOI OK
LSOZ OK
LSOJ OK
LSTI OK
LSTO OK
LSTJ OK
LSIZ OK
LSTZ OK
LSZT OK
LSZI OK
LSJI OK
LSZO OK
LSZJ OK
LSJO OK
LSJT OK
LZIT OK
LZIO OK
LZIJ OK
LZOT OK
LZOI OK
LZOJ OK
LSJZ OK
LZIS OK
LZOS OK
LZTI OK
LZTO OK
LZTJ OK
LZSO OK
LZTS OK
LZJI OK
LZST OK
LZSI OK
LZJO OK
LZJT OK
LZSJ OK
LJIO OK
LJIT OK
LJIS OK
LJIZ OK
LJOI OK
LJOT OK
LJOS OK
LJOZ OK
LZJS OK
LJTI OK
LJTO OK
LJTS OK
LJTZ OK
LJSI OK
LJZI OK
LJST OK
LJSO OK
LJZT OK
LJZO OK
LJZS OK
LJSZ OK
