IOTZ OK
IOTL OK
IOTJ OK
IOTS OK
IOST OK
IOSZ OK
IOSJ OK
IOSL OK
IOZT OK
IOZS OK
IOZJ OK
IOZL OK
IOJT OK
IOJL OK
IOJS OK
IOJZ OK
IOLT OK
IOLJ OK
IOLS OK
ITOS OK
IOLZ OK
ITOZ OK
ITOJ OK
ITOL OK
ITSO OK
ITSJ OK
ITZO OK
ITSZ OK
ITSL OK
ITZJ OK
ITZS OK
ITJO OK
ITZL OK
ITJS OK
ITJZ OK
ITJL OK
ITLO OK
ITLS OK
ITLZ OK
ITLJ OK
ISOT OK
ISTO OK
ISOJ OK
ISOL OK
ISTJ OK
ISTZ OK
ISTL OK
ISZT OK
ISZJ OK
ISZL OK
ISJO OK
ISOZ OK
ISJT OK
ISLO OK
ISLT OK
ISJL OK
ISJZ OK
ISZO OK
IZOT OK
IZOS OK
ISLJ OK
IZOJ OK
IZOL OK
IZTO OK
IZTJ OK
IZTS OK
IZTL OK
IZST OK
ISLZ OK
IZSJ OK
IZSO OK
IZJO OK
IZSL OK
IZJT OK
IZLT OK
IZLO OK
IZLJ OK
IZJS OK
IJOT OK
IZJL OK
IJOL OK
IJOS OK
IJOZ OK
IZLS OK
IJTO OK
IJTS OK
IJTZ OK
IJTL OK
IJSO OK
IJST OK
IJSL OK
IJZT OK
IJZO OK
IJLO OK
IJZL OK
IJLT OK
IJLS OK
IJSZ OK
IJLZ OK
ILOT OK
IJZS OK
ILOJ OK
ILOS OK
ILTO OK
ILOZ OK
ILTS OK
ILTJ OK
ILTZ OK
ILSO OK
ILST OK
ILSJ OK
ILZT OK
ILZO OK
ILZJ OK
ILJO OK
ILJT OK
ILJS OK
ILJZ OK
OITS OK
OITZ OK
ILZS OK
OITJ OK
OITL OK
OIST OK
OISZ OK
OISJ OK
OISL OK
OIZT OK
OIZS OK
OIZJ OK
ILSZ OK
OIZL OK
OIJT OK
OIJS OK
OIJZ OK
OIJL OK
OILT OK
OILJ OK
OILS OK
OILZ OK
OTIS OK
OTIZ OK
OTIJ OK
OTIL OK
OTSI OK
OTSZ OK
OTSJ OK
OTSL OK
OTZI OK
OTZJ OK
OTZS OK
OTZL OK
OTJI OK
OTJL OK
OTJS OK
OTLI OK
OTJZ OK
OTLS OK
OTLZ OK
OTLJ OK
OSIT OK
OSTI OK
OSIJ OK
OSIL OK
OSIZ OK
OSTZ OK
OSTJ OK
OSTL OK
OSZI OK
OSZT OK
OSZJ OK
OSZL OK
OSJT OK
OSJI OK
OSJL OK
OSLT OK
OSJZ OK
OSLI OK
OSLJ OK
OZIT OK
OZIS OK
OZIJ OK
OZIL OK
OZTI OK
OZTJ OK
OZTS OK
OZTL OK
OSLZ OK
OZSI OK
OZST OK
OZSJ OK
OZSL OK
OZJI OK
OZJT OK
OZJS OK
OZJL OK
OZLI OK
OZLT OK
OZLS OK
OZLJ OK
OJIT OK
OJIS OK
OJIZ OK
OJIL OK
OJTI OK
OJTS OK
OJTZ OK
OJTL OK
OJSI OK
OJST OK
OJSL OK
OJZI OK
OJZT OK
OJSZ OK
OJZL OK
OJLI OK
OJZS OK
OJLT OK
OJLS OK
OJLZ OK
OLIT OK
OLIS OK
OLIZ OK
OLIJ OK
OLTI OK
OLTS OK
OLTZ OK
OLTJ OK
OLSI OK
OLST OK
OLSJ OK
OLZI OK
OLZT OK
OLZJ OK
OLJI OK
OLZS OK
OLJT OK
OLJS OK
OLJZ OK
TIOS OK
TIOZ OK
TIOJ OK
TIOL OK
OLSZ OK
TISO OK
TISZ OK
TISJ OK
TIZO OK
TISL OK
TIZJ OK
TIZS OK
TIJO OK
TIZL OK
TIJS OK
TIJZ OK
TIJL OK
TILO OK
TILJ OK
TILS OK
TOIS OK
TILZ OK
TOIZ OK
TOIJ OK
TOIL OK
TOSI OK
TOSZ OK
TOSJ OK
TOSL OK
TOZI OK
TOZJ OK
TOZS OK
TOZL OK
TOJI OK
TOJS OK
TOJZ OK
TOJL OK
TOLI OK
TOLS OK
TOLZ OK
TOLJ OK
TSIO OK
TSIJ OK
TSIZ OK
TSOI OK
TSIL OK
TSOZ OK
TSOJ OK
TSOL OK
TSZI OK
TSZO OK
TSJO OK
TSJI OK
TSZL OK
TSZJ OK
TSLI OK
TSJL OK
TSLO OK
TSLJ OK
TSJZ OK
TZIO OK
TSLZ OK
TZIJ OK
TZIS OK
TZOI OK
TZIL OK
TZOJ OK
TZOS OK
TZOL OK
TZSI OK
TZSO OK
TZJI OK
TZJO OK
TZSL OK
TZSJ OK
TZLI OK
TZLO OK
TZJL OK
TZLJ OK
TJIO OK
TZJS OK
TJIS OK
TJIZ OK
TJIL OK
TZLS OK
TJOI OK
TJOS OK
TJOZ OK
TJOL OK
TJSO OK
TJSL OK
TJSI OK
TJZO OK
TJZI OK
TJZL OK
TJLI OK
TJLO OK
TJLS OK
TJLZ OK
TLIO OK
TJSZ OK
TLIJ OK
TJZS OK
TLIS OK
TLIZ OK
TLOI OK
TLOS OK
TLOZ OK
TLOJ OK
TLSO OK
TLSJ OK
TLSI OK
TLZO OK
TLSZ OK
TLZI OK
TLZJ OK
TLJI OK
TLJO OK
TLJS OK
TLJZ OK
SIOT OK
TLZS OK
SIOJ OK
SIOZ OK
SIOL OK
SITO OK
SITJ OK
SITZ OK
SITL OK
SIZT OK
SIJO OK
SIZJ OK
SIZL OK
SIJT OK
SILO OK
SILT OK
SIJZ OK
SIJL OK
SOIT OK
SILJ OK
SIZO OK
SOIJ OK
SOIZ OK
SOIL OK
SOTI OK
SOTZ OK
SOTJ OK
SOTL OK
SOZI OK
SOZT OK
SOZJ OK
SOZL OK
SOJI OK
SILZ OK
SOJT OK
SOJL OK
SOLT OK
SOJZ OK
SOLI OK
SOLJ OK
STIO OK
STIZ OK
STIJ OK
STIL OK
STOI OK
STOZ OK
STOJ OK
SOLZ OK
STOL OK
STZO OK
STZI OK
STJO OK
STJI OK
STZL OK
STZJ OK
STLI OK
STJZ OK
STJL OK
STLO OK
STLJ OK
SZIO OK
STLZ OK
SZIT OK
SZOI OK
SZOT OK
SZOJ OK
SZOL OK
SZIJ OK
SZIL OK
SZTO OK
SZTI OK
SZJO OK
SZTL OK
SZTJ OK
SZJI OK
SZLO OK
SZJL OK
SZJT OK
SZLT OK
SJIO OK
SZLI OK
SZLJ OK
SJIT OK
SJOT OK
SJOI OK
SJOL OK
SJOZ OK
SJIZ OK
SJTI OK
SJIL OK
SJTO OK
SJTL OK
SJZO OK
SJTZ OK
SJLI OK
SJZI OK
SJZT OK
SJLO OK
SJLT OK
SJZL OK
SLIT OK
SLIO OK
SLIJ OK
SLOI OK
SLOT OK
SJLZ OK
SLOJ OK
SLTI OK
SLIZ OK
SLTO OK
SLTJ OK
SLTZ OK
SLOZ OK
SLZT OK
SLZJ OK
SLZI OK
SLZO OK
SLJI OK
SLJT OK
SLJO OK
ZIOT OK
ZIOS OK
ZIOJ OK
ZIOL OK
ZITO OK
ZITS OK
ZITJ OK
ZITL OK
SLJZ OK
ZIST OK
ZIJO OK
ZIJT OK
ZISO OK
ZISJ OK
ZISL OK
ZIJL OK
ZILO OK
ZILT OK
ZILJ OK
ZOIT OK
ZOIS OK
ZIJS OK
ZOIJ OK
ZOIL OK
ZOTI OK
ZILS OK
ZOTJ OK
ZOTL OK
ZOTS OK
ZOSI OK
ZOST OK
ZOSJ OK
ZOSL OK
ZOJI OK
ZOJT OK
ZOJL OK
ZOJS OK
ZOLT OK
ZOLI OK
ZOLJ OK
ZOLS OK
ZTIO OK
ZTIJ OK
ZTIS OK
ZTIL OK
ZTOI OK
ZTOJ OK
ZTOS OK
ZTOL OK
ZTSI OK
ZTSO OK
ZTJO OK
ZTJI OK
ZTSL OK
ZTSJ OK
ZTLI OK
ZTLO OK
ZTJS OK
ZTJL OK
ZTLJ OK
ZSIO OK
ZSIT OK
ZTLS OK
ZSOI OK
ZSOT OK
ZSOJ OK
ZSOL OK
ZSIJ OK
ZSTI OK
ZSIL OK
ZSTO OK
ZSJO OK
ZSTL OK
ZSTJ OK
ZSJI OK
ZSLO OK
ZSJL OK
ZSJT OK
ZJIO OK
ZSLT OK
ZSLI OK
ZSLJ OK
ZJIT OK
ZJIL OK
ZJOI OK
ZJOT OK
ZJOS OK
ZJOL OK
ZJTO OK
ZJTI OK
ZJTL OK
ZJIS OK
ZJSO OK
ZJTS OK
ZJLI OK
ZJSI OK
ZJLO OK
ZJSL OK
ZJST OK
ZJLT OK
ZLIO OK
ZLIT OK
ZLIJ OK
ZLOI OK
ZLOT OK
ZJLS OK
ZLOS OK
ZLOJ OK
ZLTO OK
ZLTI OK
ZLIS OK
ZLTJ OK
ZLSO OK
ZLTS OK
ZLST OK
ZLJI OK
ZLSJ OK
ZLJO OK
ZLSI OK
ZLJT OK
JIOT OK
JIOS OK
JIOZ OK
JIOL OK
ZLJS OK
JITO OK
JITS OK
JITZ OK
JITL OK
JISO OK
JIST OK
JISL OK
JIZO OK
JIZT OK
JIZL OK
JILO OK
JILT OK
JILS OK
JILZ OK
JOIT OK
JOIS OK
JOIZ OK
JISZ OK
JOIL OK
JOTI OK
JOTS OK
JIZS OK
JOTZ OK
JOTL OK
JOSI OK
JOST OK
JOSL OK
JOZI OK
JOZT OK
JOSZ OK
JOZL OK
JOLI OK
JOLT OK
JOZS OK
JOLS OK
JOLZ OK
JTIO OK
JTIS OK
JTIL OK
JTIZ OK
JTOI OK
JTOS OK
JTOZ OK
JTOL OK
JTSO OK
JTSI OK
JTSL OK
JTZO OK
JTZI OK
JTZL OK
JTLI OK
JTLO OK
JTLS OK
JTLZ OK
JSIO OK
JSIT OK
JTSZ OK
JSIL OK
JSOI OK
JTZS OK
JSOT OK
JSOL OK
JSTO OK
JSTI OK
JSOZ OK
JSTL OK
JSIZ OK
JSZO OK
JSTZ OK
JSLI OK
JSLO OK
JSZI OK
JSZT OK
JSZL OK
JSLT OK
JZIO OK
JZIT OK
JZIL OK
JZOI OK
JZOT OK
JSLZ OK
JZOL OK
JZOS OK
JZTO OK
JZTI OK
JZTL OK
JZIS OK
JZSO OK
JZTS OK
JZLI OK
JZLO OK
JZSI OK
JZST OK
JZSL OK
JZLT OK
JLIO OK
JLIT OK
JLIS OK
JLOI OK
JLIZ OK
JLOT OK
JLOS OK
JLOZ OK
JZLS OK
JLTI OK
JLTO OK
JLTS OK
JLTZ OK
JLSI OK
JLSO OK
JLST OK
JLZI OK
JLZT OK
JLZO OK
LIOT OK
LIOS OK
LIOZ OK
LIOJ OK
JLSZ OK
JLZS OK
LITO OK
LITJ OK
LITS OK
LITZ OK
LISO OK
LIST OK
LISJ OK
LIZO OK
LIZT OK
LIJO OK
LIZJ OK
LIJT OK
LIJS OK
LIJZ OK
LOIT OK
LOIS OK
LOIZ OK
LIZS OK
LOIJ OK
LOTI OK
LOTS OK
LOTZ OK
LOTJ OK
LOSI OK
LOST OK
LOSJ OK
LOZI OK
LOZT OK
LISZ OK
LOZJ OK
LOJI OK
LOZS OK
LOJT OK
LOJS OK
LOJZ OK
LTIO OK
LTIS OK
LTIJ OK
LOSZ OK
LTIZ OK
LTOI OK
LTOS OK
LTOZ OK
LTOJ OK
LTSO OK
LTSJ OK
LTSI OK
LTZO OK
LTZI OK
LTSZ OK
LTZJ OK
LTJI OK
LTJO OK
LTJS OK
LTJZ OK
LSIT OK
LSIO OK
LTZS OK
LSIJ OK
LSOT OK
LSOI OK
LSOJ OK
LSTI OK
LSTO OK
LSTJ OK
LSTZ OK
LSOZ OK
LSZT OK
LSIZ OK
LSJI OK
LSZO OK
LSZJ OK
LSJO OK
LSJT OK
LZIO OK
LZIT OK
LSZI OK
LZIJ OK
LZOT OK
LZOI OK
LZOJ OK
LSJZ OK
LZOS OK
LZTO OK
LZTI OK
LZTJ OK
LZIS OK
LZSO OK
LZTS OK
LZST OK
LZJO OK
LZJI OK
LZJT OK
LZSJ OK
LZSI OK
LJIO OK
LJIT OK
LJIS OK
LZJS OK
LJOI OK
LJIZ OK
LJOT OK
LJOS OK
LJOZ OK
LJTI OK
LJTO OK
LJTS OK
LJTZ OK
LJSI OK
LJST OK
LJZI OK
LJSO OK
LJZT OK
LJZO OK
LJZS OK
LJSZ OK
