IOTJ OK
IOTL OK
IOTZ OK
IOTS OK
IOSJ OK
IOSL OK
IOST OK
IOSZ OK
IOZJ OK
IOZT OK
IOZL OK
IOZS OK
IOJT OK
IOJS OK
IOJZ OK
IOJL OK
IOLT OK
IOLS OK
IOLZ OK
IOLJ OK
ITOJ OK
ITOS OK
ITOZ OK
ITOL OK
ITSJ OK
ITSO OK
ITSL OK
ITZO OK
ITZJ OK
ITZL OK
ITJO OK
ITJS OK
ITJZ OK
ITJL OK
ITLO OK
ITLZ OK
ITLS OK
ITLJ OK
ITSZ OK
ITZS OK
ISOJ OK
ISOL OK
ISTO OK
ISOT OK
ISTJ OK
ISTL OK
ISOZ OK
ISZJ OK
ISZL OK
ISTZ OK
ISJO OK
ISJT OK
ISZT OK
ISZO OK
ISJZ OK
ISJL OK
ISLO OK
ISLT OK
ISLJ OK
IZOJ OK
ISLZ OK
IZOL OK
IZTO OK
IZOT OK
IZTJ OK
IZTL OK
IZOS OK
IZSJ OK
IZTS OK
IZSL OK
IZSO OK
IZJT OK
IZJO OK
IZST OK
IZJL OK
IZLO OK
IZLT OK
IZJS OK
IZLJ OK
IZLS OK
IJOT OK
IJOS OK
IJOL OK
IJOZ OK
IJTO OK
IJTS OK
IJTZ OK
IJTL OK
IJSO OK
IJST OK
IJSZ OK
IJSL OK
IJZL OK
IJZT OK
IJZO OK
IJLO OK
IJLT OK
IJLS OK
IJLZ OK
ILOT OK
ILOS OK
ILOZ OK
ILOJ OK
ILTO OK
ILTS OK
ILTZ OK
ILTJ OK
ILSO OK
ILST OK
ILSJ OK
ILSZ OK
ILZO OK
ILZT OK
ILZJ OK
ILZS OK
ILJO OK
ILJT OK
ILJS OK
ILJZ OK
OITS OK
OITZ OK
OITJ OK
IJZS OK
OITL OK
OISJ OK
OISL OK
OIST OK
OISZ OK
OIZJ OK
OIZL OK
OIZT OK
OIJT OK
OIJS OK
OIJZ OK
OIZS OK
OIJL OK
OILT OK
OILS OK
OILZ OK
OILJ OK
OTIJ OK
OTIL OK
OTIS OK
OTIZ OK
OTSJ OK
OTSL OK
OTSI OK
OTZJ OK
OTZI OK
OTZL OK
OTJI OK
OTJZ OK
OTJS OK
OTJL OK
OTLI OK
OTLS OK
OTLZ OK
OTLJ OK
OTZS OK
OSIJ OK
OSIT OK
OSIL OK
OSIZ OK
OSTJ OK
OSTL OK
OSTI OK
OSTZ OK
OTSZ OK
OSZL OK
OSZJ OK
OSJI OK
OSZI OK
OSJT OK
OSZT OK
OSJL OK
OSLI OK
OSLT OK
OSJZ OK
OSLZ OK
OSLJ OK
OZIJ OK
OZIL OK
OZIT OK
OZTJ OK
OZIS OK
OZTI OK
OZTL OK
OZTS OK
OZSJ OK
OZSL OK
OZJI OK
OZSI OK
OZJT OK
OZJL OK
OZST OK
OZJS OK
OZLI OK
OZLT OK
OZLS OK
OZLJ OK
OJIT OK
OJIS OK
OJIL OK
OJIZ OK
OJTI OK
OJTS OK
OJTZ OK
OJTL OK
OJSI OK
OJST OK
OJSL OK
OJZI OK
OJZT OK
OJSZ OK
OJZL OK
OJLI OK
OJLT OK
OJLS OK
OJZS OK
OJLZ OK
OLIT OK
OLIJ OK
OLIZ OK
OLIS OK
OLTI OK
OLTS OK
OLTZ OK
OLTJ OK
OLSJ OK
OLSI OK
OLST OK
OLSZ OK
OLZJ OK
OLZT OK
OLZI OK
OLZS OK
OLJI OK
OLJT OK
OLJS OK
OLJZ OK
TIOS OK
TIOJ OK
TIOZ OK
TIOL OK
TISJ OK
TISL OK
TISO OK
TIZJ OK
TIZO OK
TIZL OK
TIJO OK
TIJS OK
TIJZ OK
TIJL OK
TILO OK
TILS OK
TILZ OK
TISZ OK
TILJ OK
TOIS OK
TOIJ OK
TOIZ OK
TOIL OK
TIZS OK
TOSI OK
TOSJ OK
TOSL OK
TOZI OK
TOZJ OK
TOZL OK
TOJI OK
TOJS OK
TOJZ OK
TOJL OK
TOLI OK
TOLS OK
TOLZ OK
TOLJ OK
TSIO OK
TOZS OK
TOSZ OK
TSIJ OK
TSIL OK
TSOI OK
TSOJ OK
TSOL OK
TSIZ OK
TSZJ OK
TSZL OK
TSJI OK
TSZI OK
TSJO OK
TSJZ OK
TSJL OK
TSZO OK
TSLI OK
TSLO OK
TSLZ OK
TSLJ OK
TZIO OK
TZIJ OK
TZIL OK
TZOI OK
TZOJ OK
TZOL OK
TZIS OK
TSOZ OK
TZOS OK
TZSJ OK
TZSL OK
TZJI OK
TZSI OK
TZJO OK
TZJL OK
TZJS OK
TZLI OK
TZLO OK
TZLS OK
TZLJ OK
TJIO OK
TJIS OK
TJIZ OK
TJIL OK
TJOI OK
TZSO OK
TJOS OK
TJOL OK
TJOZ OK
TJSI OK
TJSO OK
TJSZ OK
TJSL OK
TJZI OK
TJZO OK
TJZL OK
TJZS OK
TJLI OK
TJLO OK
TJLS OK
TJLZ OK
TLIO OK
TLIS OK
TLIZ OK
TLIJ OK
TLOI OK
TLOS OK
TLOZ OK
TLOJ OK
TLSI OK
TLSO OK
TLSJ OK
TLSZ OK
TLZI OK
TLZO OK
TLZS OK
TLZJ OK
TLJI OK
TLJO OK
TLJS OK
TLJZ OK
SIOJ OK
SIOL OK
SITO OK
SITJ OK
SIOT OK
SIOZ OK
SITL OK
SIZJ OK
SITZ OK
SIZL OK
SIJO OK
SIJT OK
SIZT OK
SIJZ OK
SIJL OK
SIZO OK
SILO OK
SILT OK
SILJ OK
SILZ OK
SOIJ OK
SOIL OK
SOIT OK
SOIZ OK
SOTJ OK
SOTL OK
SOTI OK
SOTZ OK
SOZJ OK
SOZL OK
SOJI OK
SOJT OK
SOZT OK
SOZI OK
SOJL OK
SOLI OK
SOLT OK
SOJZ OK
SOLZ OK
SOLJ OK
STIJ OK
STIO OK
STIL OK
STOI OK
STOJ OK
STOL OK
STIZ OK
STZJ OK
STOZ OK
STZL OK
STJI OK
STJO OK
STJZ OK
STZI OK
STZO OK
STJL OK
STLI OK
STLO OK
STLJ OK
STLZ OK
SZIJ OK
SZIL OK
SZIT OK
SZIO OK
SZOL OK
SZOT OK
SZOJ OK
SZOI OK
SZTJ OK
SZTL OK
SZJI OK
SZTI OK
SZTO OK
SZJT OK
SZJO OK
SZLI OK
SZLO OK
SZLT OK
SZLJ OK
SJIO OK
SZJL OK
SJIT OK
SJIZ OK
SJIL OK
SJOI OK
SJOT OK
SJOL OK
SJTI OK
SJTO OK
SJOZ OK
SJTZ OK
SJTL OK
SJZI OK
SJZT OK
SJLI OK
SJZL OK
SJZO OK
SJLO OK
SJLT OK
SJLZ OK
SLIO OK
SLIT OK
SLIJ OK
SLIZ OK
SLOI OK
SLOT OK
SLOZ OK
SLOJ OK
SLTI OK
SLTO OK
SLTZ OK
SLTJ OK
SLZO OK
SLZI OK
SLZJ OK
SLZT OK
SLJI OK
SLJO OK
SLJT OK
SLJZ OK
ZIOJ OK
ZIOL OK
ZITO OK
ZITJ OK
ZIOT OK
ZITL OK
ZIOS OK
ZISJ OK
ZITS OK
ZISL OK
ZIJT OK
ZIJO OK
ZISO OK
ZIJL OK
ZIST OK
ZILO OK
ZIJS OK
ZILT OK
ZILS OK
ZILJ OK
ZOIJ OK
ZOIL OK
ZOIT OK
ZOTJ OK
ZOIS OK
ZOTI OK
ZOTL OK
ZOTS OK
ZOSJ OK
ZOSL OK
ZOJI OK
ZOSI OK
ZOJT OK
ZOJL OK
ZOST OK
ZOLI OK
ZOLT OK
ZOLS OK
ZOLJ OK
ZOJS OK
ZTIO OK
ZTIJ OK
ZTIL OK
ZTOI OK
ZTOJ OK
ZTOL OK
ZTIS OK
ZTSJ OK
ZTSL OK
ZTOS OK
ZTJI OK
ZTJO OK
ZTSI OK
ZTSO OK
ZTJS OK
ZTJL OK
ZTLI OK
ZTLO OK
ZTLS OK
ZTLJ OK
ZSIJ OK
ZSIL OK
ZSIO OK
ZSIT OK
ZSOI OK
ZSOL OK
ZSOJ OK
ZSOT OK
ZSTL OK
ZSTJ OK
ZSJI OK
ZSJT OK
ZSTI OK
ZSJO OK
ZSTO OK
ZSLI OK
ZSLO OK
ZSLT OK
ZJIT OK
ZSJL OK
ZJIO OK
ZSLJ OK
ZJIL OK
ZJOI OK
ZJIS OK
ZJOT OK
ZJOL OK
ZJTI OK
ZJTO OK
ZJTS OK
ZJTL OK
ZJST OK
ZJSI OK
ZJLI OK
ZJSL OK
ZJSO OK
ZJLO OK
ZJLT OK
ZJOS OK
ZJLS OK
ZLIT OK
ZLIO OK
ZLIJ OK
ZLIS OK
ZLOT OK
ZLOI OK
ZLOJ OK
ZLOS OK
ZLTI OK
ZLTO OK
ZLTJ OK
ZLTS OK
ZLSI OK
ZLSO OK
ZLSJ OK
ZLST OK
ZLJI OK
ZLJT OK
ZLJO OK
ZLJS OK
JIOT OK
JIOL OK
JIOS OK
JIOZ OK
JITO OK
JITS OK
JITZ OK
JITL OK
JISO OK
JISL OK
JIST OK
JISZ OK
JIZO OK
JIZL OK
JIZT OK
JILO OK
JILT OK
JILS OK
JILZ OK
JOIT OK
JOIS OK
JOTI OK
JOIL OK
JOIZ OK
JOTZ OK
JOTS OK
JOTL OK
JOSI OK
JOST OK
JOSL OK
JOZI OK
JOSZ OK
JOZT OK
JOZL OK
JOLI OK
JOLT OK
JOLZ OK
JOLS OK
JTIS OK
JTIO OK
JIZS OK
JTIZ OK
JTIL OK
JTOI OK
JTOS OK
JTOZ OK
JTOL OK
JTSI OK
JTSO OK
JTSZ OK
JOZS OK
JTSL OK
JTZI OK
JTZO OK
JTZL OK
JTLI OK
JTZS OK
JTLO OK
JTLS OK
JTLZ OK
JSIO OK
JSIT OK
JSIL OK
JSIZ OK
JSOI OK
JSOT OK
JSTI OK
JSOL OK
JSTO OK
JSTL OK
JSOZ OK
JSTZ OK
JSZI OK
JSZT OK
JSZL OK
JSLI OK
JSZO OK
JSLT OK
JSLO OK
JSLZ OK
JZIO OK
JZIT OK
JZIL OK
JZOI OK
JZIS OK
JZOT OK
JZTI OK
JZOL OK
JZTO OK
JZTL OK
JZTS OK
JZST OK
JZSI OK
JZSL OK
JZLI OK
JZLT OK
JZLO OK
JZOS OK
JLIO OK
JZLS OK
JLIT OK
JLIS OK
JLOI OK
JLIZ OK
JLOT OK
JLOS OK
JLOZ OK
JZSO OK
JLTI OK
JLTO OK
JLTS OK
JLTZ OK
JLSI OK
JLST OK
JLSO OK
JLZI OK
JLZO OK
JLZT OK
JLSZ OK
JLZS OK
LIOT OK
LIOS OK
LIOJ OK
LIOZ OK
LITO OK
LITS OK
LITZ OK
LITJ OK
LISO OK
LIST OK
LISJ OK
LIZO OK
LISZ OK
LIZT OK
LIZS OK
LIZJ OK
LIJO OK
LIJT OK
LIJS OK
LIJZ OK
LOIT OK
LOIS OK
LOIJ OK
LOIZ OK
LOTI OK
LOTS OK
LOTZ OK
LOTJ OK
LOSI OK
LOST OK
LOSJ OK
LOSZ OK
LOZI OK
LOZJ OK
LOZT OK
LOJI OK
LOZS OK
LOJT OK
LOJS OK
LOJZ OK
LTIO OK
LTIS OK
LTIZ OK
LTIJ OK
LTOI OK
LTOS OK
LTOZ OK
LTOJ OK
LTSI OK
LTSO OK
LTSZ OK
LTSJ OK
LTZI OK
LTZO OK
LTZS OK
LTZJ OK
LTJI OK
LTJO OK
LTJS OK
LTJZ OK
LSIO OK
LSIT OK
LSIJ OK
LSOI OK
LSOT OK
LSIZ OK
LSOZ OK
LSOJ OK
LSTI OK
LSTO OK
LSTZ OK
LSTJ OK
LSZO OK
LSZJ OK
LSZT OK
LSZI OK
LSJI OK
LSJO OK
LSJT OK
LSJZ OK
LZIO OK
LZIT OK
LZIJ OK
LZIS OK
LZOI OK
LZOT OK
LZOJ OK
LZOS OK
LZTI OK
LZTO OK
LZTJ OK
LZTS OK
LZSI OK
LZSJ OK
LZST OK
LZSO OK
LZJI OK
LZJT OK
LZJO OK
LZJS OK
LJIO OK
LJIT OK
LJIS OK
LJIZ OK
LJOT OK
LJOI OK
LJOS OK
LJOZ OK
LJTI OK
LJTO OK
LJTS OK
LJTZ OK
LJSI OK
LJST OK
LJSO OK
LJZI OK
LJZT OK
LJZO OK
LJZS OK
LJSZ OK
