IOTL OK
IOTJ OK
IOTS OK
IOTZ OK
IOST OK
IOSZ OK
IOSJ OK
IOSL OK
IOZT OK
IOJT OK
IOZJ OK
IOZL OK
IOJL OK
IOJS OK
IOLT OK
IOJZ OK
IOLJ OK
IOLS OK
ITOS OK
IOLZ OK
ITOZ OK
ITOJ OK
ITOL OK
ITSO OK
ITSL OK
ITSJ OK
ITZO OK
ITZS OK
ITZJ OK
ITZL OK
ITJO OK
ITJS OK
ITJZ OK
ITSZ OK
ITJL OK
ITLO OK
ITLS OK
ITLJ OK
ITLZ OK
ISOT OK
ISOJ OK
ISTO OK
ISTZ OK
ISOZ OK
ISOL OK
ISTJ OK
ISTL OK
ISZT OK
ISZJ OK
ISZL OK
ISJT OK
IOZS OK
ISZO OK
ISJO OK
ISJL OK
ISLT OK
ISLJ OK
IZOT OK
ISLO OK
ISJZ OK
ISLZ OK
IZOJ OK
IZOL OK
IZTO OK
IZTS OK
IZTJ OK
IZTL OK
IZST OK
IZSJ OK
IZSL OK
IZJT OK
IZJO OK
IZJL OK
IZJS OK
IZLT OK
IZLO OK
IZLJ OK
IZLS OK
IJOT OK
IJOS OK
IJOL OK
IJOZ OK
IJTO OK
IJTS OK
IJTL OK
IJTZ OK
IJST OK
IJSO OK
IJSL OK
IZOS OK
IJZO OK
IJZT OK
IJZL OK
IJLO OK
IJZS OK
IJSZ OK
IJLT OK
IJLS OK
IJLZ OK
ILOT OK
ILOJ OK
ILTO OK
ILTS OK
ILTZ OK
ILTJ OK
ILOZ OK
ILOS OK
ILSO OK
ILST OK
ILSZ OK
ILSJ OK
ILZT OK
ILZO OK
ILZJ OK
ILJO OK
ILZS OK
ILJT OK
ILJS OK
ILJZ OK
OITS OK
OITZ OK
OITJ OK
OITL OK
OIST OK
OISZ OK
OISJ OK
OIZT OK
OISL OK
IZSO CAP
OIJT OK
OIZJ OK
OIZL OK
OIJL OK
OIJS OK
OILT OK
OIJZ OK
OILJ OK
OILS OK
OTIS OK
OILZ OK
OTIZ OK
OTIJ OK
OTIL OK
OTSJ OK
OTSI OK
OTZI OK
OTSL OK
OTZJ OK
OTZL OK
OTJI OK
OTSZ OK
OTJS OK
OTJZ OK
OTJL OK
OTLI OK
OTZS OK
OTLS OK
OTLZ OK
OTLJ OK
OSIT OK
OSIZ OK
OSIJ OK
OSIL OK
OSTI OK
OSTJ OK
OSZI OK
OSTL OK
OSTZ OK
OSZT OK
OSZL OK
OSJI OK
OSJT OK
OSZJ OK
OSJL OK
OSLI OK
OIZS OK
OSLT OK
OSLJ OK
OZIT OK
OSLZ OK
OSJZ OK
OZIJ OK
OZIL OK
OZTI OK
OZTJ OK
OZTL OK
OZSI OK
OZST OK
OZTS OK
OZJI OK
OZJT OK
OZIS OK
OZJL OK
OZLI OK
OZSJ OK
OZSL OK
OZLJ OK
OZLT OK
OJIT OK
OJIS OK
OJIZ OK
OJIL OK
OJTI OK
OZJS OK
OJTS OK
OJTL OK
OJTZ OK
OJSI OK
OJST OK
OJSL OK
OJZT OK
OJZI OK
OJZL OK
OJLI OK
OZLS OK
OJLT OK
OJLS OK
OJLZ OK
OLIT OK
OLIS OK
OLIZ OK
OLIJ OK
OLTI OK
OLTS OK
OLTZ OK
OLTJ OK
OLSI OK
OLST OK
OLSJ OK
OJSZ OK
OLZT OK
OLZI OK
OLZJ OK
OLJI OK
OLJT OK
OLJS OK
OLJZ OK
TIOS OK
TIOZ OK
TIOJ OK
TIOL OK
TISO OK
OLSZ OK
TISZ OK
TISJ OK
TISL OK
TIZO OK
TIZS OK
TIZJ OK
TIZL OK
TIJO OK
TIJS OK
TIJZ OK
TIJL OK
TILO OK
TILS OK
TILZ OK
TILJ OK
TOIS OK
TOIZ OK
TOIJ OK
TOIL OK
TOSI OK
TOSJ OK
TOSL OK
TOZI OK
TOSZ OK
TOZJ OK
TOZL OK
TOJI OK
TOZS OK
OJZS CAP
TOJS OK
TOJZ OK
TOJL OK
TOLI OK
TOLJ OK
TOLS OK
TOLZ OK
OLZS OK
TSIJ OK
TSIO OK
TSIZ OK
TSIL OK
TSOI OK
TSOJ OK
TSOL OK
TSZI OK
TSZJ OK
TSZL OK
TSJI OK
TSJO OK
TSJL OK
TSJZ OK
TSLI OK
TSOZ OK
TSLO OK
TSLJ OK
TSLZ OK
TSZO OK
TZIO OK
TZIS OK
TZIJ OK
TZIL OK
TZOI OK
TZOJ OK
TZOL OK
TZSI OK
TZSO OK
TZSJ OK
TZSL OK
TZJI OK
TZJO OK
TZJL OK
TZLI OK
TZJS OK
TZLJ OK
TZOS OK
TZLO OK
TJIO OK
TZLS OK
TJIS OK
TJIL OK
TJIZ OK
TJOI OK
TJOS OK
TJOZ OK
TJOL OK
TJSI OK
TJSO OK
TJSL OK
TJZO OK
TJSZ OK
TJZI OK
TJZL OK
TJLO OK
TJLI OK
TLIO OK
TJLS OK
TJLZ OK
TLIJ OK
TJZS OK
TLIS OK
TLIZ OK
TLOI OK
TLOJ OK
TLOS OK
TLOZ OK
TLSI OK
TLSJ OK
TLSO OK
TLSZ OK
TLZI OK
TLZJ OK
TLJO OK
TLJI OK
TLJS OK
TLJZ OK
TLZO OK
TLZS OK
SIOT OK
SITO OK
SIOJ OK
SITZ OK
SIOL OK
SITJ OK
SITL OK
SIOZ OK
SIZT OK
SIZJ OK
SIZL OK
SIJT OK
SIZO OK
SIJO OK
SIJL OK
SILT OK
SILJ OK
SOIT OK
SOIZ OK
SIJZ OK
SILO OK
SOIJ OK
SOIL OK
SOTI OK
SILZ OK
SOTJ OK
SOZI OK
SOTL OK
SOTZ OK
SOJI OK
SOZT OK
SOZL OK
SOJT OK
SOJL OK
SOLI OK
SOZJ OK
SOLJ OK
SOLT OK
STIO OK
STIZ OK
SOLZ OK
SOJZ OK
STIJ OK
STIL OK
STOI OK
STOJ OK
STZI OK
STOL OK
STZJ OK
STOZ OK
STJI OK
STJO OK
STZL OK
STJZ OK
STJL OK
STLI OK
STZO OK
STLJ OK
STLO OK
SZIT OK
STLZ OK
SZIJ OK
SZIL OK
SZOT OK
SZIO OK
SZTI OK
SZOI OK
SZOL OK
SZTO OK
SZTJ OK
SZTL OK
SZOJ OK
SZJT OK
SZJI OK
SZJL OK
SZLT OK
SZLI OK
SZLJ OK
SZJO OK
SJIT OK
SJIL OK
SJIO OK
SZLO OK
SJOT OK
SJOI OK
SJOL OK
SJTI OK
SJTO OK
SJTL OK
SJTZ OK
SJIZ OK
SJOZ OK
SJZL OK
SJZT OK
SJLI OK
SJLO OK
SJLT OK
SJLZ OK
SJZI OK
SJZO OK
SLIT OK
SLIJ OK
SLIO OK
SLOT OK
SLIZ OK
SLOI OK
SLOJ OK
SLTI OK
SLOZ OK
SLTJ OK
SLTO OK
SLTZ OK
SLZI OK
SLZJ OK
SLZT OK
SLJI OK
SLJO OK
SLJT OK
SLJZ OK
ZIOT OK
SLZO OK
ZIOJ OK
ZIOL OK
ZITO OK
ZITS OK
ZITJ OK
ZITL OK
ZIST OK
ZISJ OK
ZISL OK
ZIJT OK
ZIJO OK
ZIJL OK
ZIJS OK
ZILT OK
ZILO OK
ZILJ OK
ZILS OK
ZOIT OK
ZIOS OK
ZOIJ OK
ZOIL OK
ZOTI OK
ZOTJ OK
ZOTL OK
ZOTS OK
ZOSI OK
ZOST OK
ZOIS OK
ZOJI OK
ZOJT OK
ZOSJ OK
ZOSL OK
ZOJL OK
ZOLI OK
ZOLT OK
ZOLJ OK
ZTIO OK
ZTIS OK
ZTIJ OK
ZTIL OK
ZTOI OK
ZOJS OK
ZTOJ OK
ZTOL OK
ZTOS OK
ZOLS OK
ZTSI OK
ZTSO OK
ZTSJ OK
ZTSL OK
ZTJI OK
ZTJO OK
ZTJL OK
ZTLI OK
ZTJS OK
ZTLJ OK
ZTLO OK
ZISO CAP
ZTLS OK
ZSIT OK
ZSIJ OK
ZSIL OK
ZSOT OK
ZSIO OK
ZSTI OK
ZSOI OK
ZSTO OK
ZSTJ OK
ZSTL OK
ZSJI OK
ZSJT OK
ZSJL OK
ZSLI OK
ZSOJ OK
ZSOL OK
ZSLT OK
ZSLJ OK
ZJIT OK
ZJIO OK
ZSJO OK
ZJIL OK
ZJIS OK
ZJOT OK
ZJOI OK
ZSLO OK
ZJOL OK
ZJTI OK
ZJTO OK
ZJTL OK
ZJTS OK
ZJST OK
ZJSI OK
ZJLI OK
ZJSL OK
ZJLO OK
ZJLT OK
ZJLS OK
ZLIT OK
ZLIO OK
ZLIJ OK
ZLIS OK
ZLOT OK
ZLOI OK
ZJOS OK
ZLOJ OK
ZLTI OK
ZLTO OK
ZLTJ OK
ZJSO OK
ZLTS OK
ZLST OK
ZLSI OK
ZLSJ OK
ZLJI OK
ZLJO OK
ZLJT OK
ZLJS OK
JIOT OK
JIOS OK
JIOL OK
JIOZ OK
JITO OK
ZLOS OK
JITL OK
JITS OK
JITZ OK
JIST OK
ZLSO OK
JISO OK
JISL OK
JIZT OK
JIZL OK
JIZO OK
JILO OK
JIZS OK
JILT OK
JILS OK
JILZ OK
JOIT OK
JISZ OK
JOIL OK
JOIS OK
JOTI OK
JOIZ OK
JOTS OK
JOTL OK
JOTZ OK
JOST OK
JOSL OK
JOSI OK
JOZT OK
JOZL OK
JOZI OK
JOLI OK
JOLT OK
JOLS OK
JOLZ OK
JTIO OK
JTIS OK
JTIZ OK
JTIL OK
JTOI OK
JTOS OK
JTOZ OK
JTOL OK
JTSO OK
JTSI OK
JTSL OK
JTSZ OK
JTZI OK
JTZO OK
JTZL OK
JTLI OK
JTLO OK
JTZS OK
JTLS OK
JTLZ OK
JSIT OK
JOSZ OK
JSIO OK
JSIL OK
JSOT OK
JSOI OK
JSOL OK
JSIZ OK
JSTI OK
JSTO OK
JSTL OK
JSTZ OK
JSZI OK
JSZT OK
JSZL OK
JSLI OK
JSOZ OK
JSLO OK
JSLT OK
JSLZ OK
JZIT OK
JZIO OK
JZIL OK
JZIS OK
JZOT OK
JSZO OK
JOZS CAP
JZOI OK
JZOL OK
JZTI OK
JZTO OK
JZTL OK
JZTS OK
JZSI OK
JZST OK
JZLI OK
JZSL OK
JZLO OK
JZLT OK
JZLS OK
JLIO OK
JLIT OK
JLIS OK
JLIZ OK
JLOI OK
JLOT OK
JLOS OK
JLOZ OK
JLTI OK
JLTO OK
JLTS OK
JLTZ OK
JLSI OK
JLSO OK
JLST OK
JLSZ OK
JLZI OK
JLZO OK
JLZT OK
LIOT OK
JLZS OK
LIOS OK
LIOZ OK
LIOJ OK
LITO OK
LITS OK
LITZ OK
LITJ OK
LIST OK
LISO OK
LISJ OK
LISZ OK
LIZO OK
LIZT OK
LIZJ OK
LIJO OK
LIJT OK
LIZS OK
LIJS OK
LIJZ OK
LOIT OK
LOIS OK
LOIJ OK
LOIZ OK
JZOS CAP
LOTI OK
LOTJ OK
LOTZ OK
LOTS OK
JZSO CAP
LOSI OK
LOST OK
LOSJ OK
LOZT OK
LOZJ OK
LOJI OK
LOJT OK
LOJS OK
LOJZ OK
LOZI OK
LTIO OK
LTIS OK
LTIJ OK
LTIZ OK
LTOI OK
LTOS OK
LTOJ OK
LTOZ OK
LOSZ OK
LTSI OK
LTSO OK
LTSJ OK
LTSZ OK
LTZI OK
LTZJ OK
LTJI OK
LTZO OK
LTJO OK
LTZS OK
LTJS OK
LTJZ OK
LSIT OK
LSIJ OK
LSIO OK
LSIZ OK
LSOI OK
LSOT OK
LSOJ OK
LSTI OK
LSTO OK
LSTJ OK
LSTZ OK
LSZI OK
LSZT OK
LSZJ OK
LSJI OK
LSJO OK
LOZS OK
LSJT OK
LSJZ OK
LZIT OK
LZIO OK
LZIJ OK
LSOZ OK
LZIS OK
LZOT OK
LZOI OK
LZOJ OK
LZTI OK
LZTO OK
LZTJ OK
LSZO OK
LZTS OK
LZST OK
LZSI OK
LZSJ OK
LZJI OK
LZJO OK
LZJT OK
LZJS OK
LJIO OK
LJIT OK
LJIS OK
LJIZ OK
LJOI OK
LJOT OK
LJOS OK
LJOZ OK
LJTI OK
LJTO OK
LJTZ OK
LJTS OK
LJSO OK
LJSI OK
LJST OK
LJZI OK
LJZO OK
LJZT OK
LJSZ OK
LJZS OK
LZOS OK
LZSO CAP
