IOTL OK
IOTJ OK
IOTZ OK
IOTS OK
IOST OK
IOZT OK
IOSJ OK
IOSL OK
IOZJ OK
IOZL OK
IOSZ OK
IOJT OK
IOJL OK
IOJS OK
IOJZ OK
IOLT OK
IOZS OK
IOLJ OK
IOLS OK
ITOZ OK
ITOS OK
IOLZ OK
ITOJ OK
ITOL OK
ITSO OK
ITSL OK
ITZO OK
ITZS OK
ITZJ OK
ITSJ OK
ITZL OK
ITJO OK
ITJL OK
ITJS OK
ITLO OK
ITSZ OK
ITJZ OK
ITLS OK
ITLZ OK
ITLJ OK
ISOT OK
ISOZ OK
ISTO OK
ISOJ OK
ISOL OK
ISTZ OK
ISTJ OK
ISTL OK
ISZT OK
ISZO OK
ISJT OK
ISZJ OK
ISJO OK
ISZL OK
ISJL OK
ISLT OK
ISLO OK
ISJZ OK
ISLJ OK
IZOT OK
ISLZ OK
IZTO OK
IZOJ OK
IZOL OK
IZTS OK
IZTJ OK
IZTL OK
IZST OK
IZOS OK
IZSJ OK
IZSL OK
IZJT OK
IZJL OK
IZSO OK
IZJO OK
IZLT OK
IZLJ OK
IZLO OK
IZJS OK
IJOT OK
IZLS OK
IJOL OK
IJTO OK
IJOS OK
IJOZ OK
IJTL OK
IJTS OK
IJTZ OK
IJSL OK
IJSO OK
IJST OK
IJSZ OK
IJZT OK
IJZL OK
IJZO OK
IJLO OK
IJLT OK
IJLS OK
IJLZ OK
ILOT OK
ILOJ OK
ILTO OK
ILOS OK
ILOZ OK
ILTJ OK
ILTS OK
ILTZ OK
ILSO OK
ILSJ OK
ILST OK
ILSZ OK
ILZT OK
ILZO OK
ILZJ OK
ILZS OK
ILJO OK
ILJT OK
ILJS OK
ILJZ OK
OITS OK
OITZ OK
OITJ OK
OITL OK
OIST OK
OISJ OK
OISL OK
OIZT OK
OISZ OK
OIZJ OK
OIJT OK
OIZL OK
OIJS OK
OIJZ OK
OIZS OK
OIJL OK
OILT OK
OILJ OK
OILS OK
OILZ OK
OTIS OK
OTIJ OK
OTIZ OK
OTIL OK
OTSI OK
OTSJ OK
OTSL OK
OTZI OK
OTZJ OK
OTZS OK
OTZL OK
OTJI OK
OTJS OK
OTJZ OK
OTJL OK
OTLI OK
OTSZ OK
OTLS OK
OTLZ OK
IJZS OK
OTLJ OK
OSIT OK
OSIZ OK
OSIL OK
OSIJ OK
OSTI OK
OSTJ OK
OSZI OK
OSTL OK
OSZT OK
OSJI OK
OSZL OK
OSTZ OK
OSZJ OK
OSJT OK
OSLI OK
OSJL OK
OSLJ OK
OSLT OK
OZIT OK
OSJZ OK
OZIJ OK
OZIL OK
OZTI OK
OSLZ OK
OZTS OK
OZTJ OK
OZIS OK
OZTL OK
OZST OK
OZJI OK
OZSL OK
OZSJ OK
OZSI OK
OZJT OK
OZJL OK
OZLT OK
OZLI OK
OZLJ OK
OJIT OK
OZLS OK
OJIL OK
OJTI OK
OJIS OK
OJIZ OK
OJTS OK
OJTZ OK
OJTL OK
OJSI OK
OJST OK
OJSL OK
OJZT OK
OJZI OK
OJSZ OK
OJZL OK
OJLI OK
OJLT OK
OJLS OK
OJLZ OK
OLIT OK
OLIS OK
OLIZ OK
OLIJ OK
OLTI OK
OLTS OK
OLTZ OK
OLTJ OK
OLSI OK
OLST OK
OLSJ OK
OLZI OK
OZJS OK
OLZT OK
OLZJ OK
OLJI OK
OLZS OK
OLJT OK
OLJS OK
OLJZ OK
TIOS OK
TIOZ OK
TIOJ OK
TIOL OK
TISO OK
TISZ OK
TISJ OK
TISL OK
TIZO OK
TIZJ OK
TIZS OK
OLSZ OK
TIZL OK
TIJO OK
TIJS OK
TIJZ OK
TIJL OK
TILO OK
TILS OK
TILJ OK
TILZ OK
TOIJ OK
TOIS OK
TOIZ OK
TOIL OK
TOSI OK
TOSJ OK
TOSL OK
TOZI OK
TOZS OK
TOZJ OK
TOJI OK
TOZL OK
TOJS OK
TOJZ OK
OJZS OK
TOJL OK
TOLI OK
TOLS OK
TOSZ OK
TOLJ OK
TOLZ OK
TSIO OK
TSIZ OK
TSIJ OK
TSIL OK
TSOI OK
TSOJ OK
TSOL OK
TSZI OK
TSZJ OK
TSZL OK
TSJI OK
TSJO OK
TSJZ OK
TSJL OK
TSLI OK
TSLO OK
TSLZ OK
TSLJ OK
TSOZ OK
TZIO OK
TZIS OK
TZIJ OK
TZIL OK
TZOI OK
TSZO OK
TZOJ OK
TZSI OK
TZOL OK
TZOS OK
TZSO OK
TZSJ OK
TZSL OK
TZJI OK
TZJO OK
TZJL OK
TZLI OK
TZLO OK
TZLJ OK
TZJS OK
TJIO OK
TJIS OK
TJIZ OK
TZLS OK
TJIL OK
TJOI OK
TJOS OK
TJOZ OK
TJOL OK
TJSI OK
TJSO OK
TJSZ OK
TJSL OK
TJZI OK
TJZO OK
TJZL OK
TJLI OK
TJLO OK
TJLS OK
TJLZ OK
TLIO OK
TLIS OK
TJZS OK
TLIZ OK
TLIJ OK
TLOI OK
TLOS OK
TLOJ OK
TLOZ OK
TLSI OK
TLSO OK
TLSJ OK
TLSZ OK
TLZI OK
TLZJ OK
TLZO OK
TLJI OK
TLJO OK
TLJS OK
TLJZ OK
SIOT OK
TLZS OK
SIOZ OK
SIOJ OK
SITO OK
SIOL OK
SITZ OK
SITJ OK
SITL OK
SIZT OK
SIZO OK
SIJT OK
SIZJ OK
SIJO OK
SIZL OK
SIJL OK
SILT OK
SILO OK
SIJZ OK
SILJ OK
SOIT OK
SOIZ OK
SILZ OK
SOIJ OK
SOIL OK
SOTI OK
SOTJ OK
SOZI OK
SOZT OK
SOTL OK
SOJI OK
SOZL OK
SOTZ OK
SOZJ OK
SOJT OK
SOJL OK
SOLI OK
SOLJ OK
SOLT OK
STIO OK
SOJZ OK
STIZ OK
STIJ OK
STIL OK
STOI OK
STOJ OK
SOLZ OK
STZI OK
STOL OK
STZJ OK
STJI OK
STZL OK
STJO OK
STOZ OK
STJZ OK
STJL OK
STZO OK
STLI OK
STLJ OK
STLO OK
STLZ OK
SZIO OK
SZIT OK
SZOT OK
SZIJ OK
SZIL OK
SZTI OK
SZOL OK
SZTO OK
SZOI OK
SZTJ OK
SZOJ OK
SZTL OK
SZJT OK
SZJI OK
SZLI OK
SZJO OK
SZLT OK
SZLO OK
SZJL OK
SZLJ OK
SJIT OK
SJIO OK
SJIL OK
SJIZ OK
SJOI OK
SJOL OK
SJOT OK
SJTI OK
SJTO OK
SJTZ OK
SJTL OK
SJOZ OK
SJZL OK
SJZI OK
SJZT OK
SJLI OK
SJLO OK
SJLT OK
SJLZ OK
SLIT OK
SJZO OK
SLIO OK
SLIJ OK
SLIZ OK
SLOI OK
SLOJ OK
SLOT OK
SLTI OK
SLTO OK
SLTZ OK
SLTJ OK
SLOZ OK
SLZI OK
SLZJ OK
SLZT OK
SLJI OK
SLJO OK
SLJT OK
SLJZ OK
ZIOT OK
ZIOJ OK
ZIOL OK
SLZO OK
ZITO OK
ZITS OK
ZITJ OK
ZIOS OK
ZITL OK
ZIST OK
ZISJ OK
ZISL OK
ZIJT OK
ZISO OK
ZIJL OK
ZIJO OK
ZILT OK
ZILO OK
ZILJ OK
ZIJS OK
ZILS OK
ZOIT OK
ZOTI OK
ZOIJ OK
ZOIL OK
ZOTS OK
ZOTJ OK
ZOTL OK
ZOIS OK
ZOST OK
ZOSJ OK
ZOJI OK
ZOSL OK
ZOJT OK
ZOSI OK
ZOJL OK
ZOLT OK
ZOLI OK
ZOLJ OK
ZOLS OK
ZTIO OK
ZTIS OK
ZTIJ OK
ZTIL OK
ZTOI OK
ZTOJ OK
ZTOS OK
ZTOL OK
ZTSI OK
ZTSO OK
ZTSJ OK
ZTSL OK
ZTJI OK
ZTJO OK
ZTJL OK
ZTLI OK
ZTJS OK
ZTLJ OK
ZTLO OK
ZTLS OK
ZSIT OK
ZSIO OK
ZSIJ OK
ZSIL OK
ZSOT OK
ZSOJ OK
ZSOI OK
ZSOL OK
ZSTI OK
ZSTO OK
ZSTJ OK
ZSTL OK
ZSJT OK
ZSJI OK
ZSJO OK
ZSJL OK
ZSLI OK
ZSLT OK
ZSLO OK
ZSLJ OK
ZJIT OK
ZJIL OK
ZJIO OK
ZJIS OK
ZOJS OK
ZJOT OK
ZJOL OK
ZJOI OK
ZJTI OK
ZJTL OK
ZJTO OK
ZJTS OK
ZJST OK
ZJSI OK
ZJSO OK
ZJLI OK
ZJLT OK
ZJLO OK
ZJSL OK
ZJLS OK
ZLIT OK
ZLIJ OK
ZLIO OK
ZLIS OK
ZLOT OK
ZLOI OK
ZLOJ OK
ZLTI OK
ZLOS OK
ZLTJ OK
ZLTO OK
ZLTS OK
ZLST OK
ZLSI OK
ZLSJ OK
ZLSO OK
ZLJI OK
ZLJO OK
ZLJT OK
ZLJS OK
JIOT OK
JIOL OK
JIOS OK
JIOZ OK
JITO OK
JITL OK
JITS OK
JITZ OK
JISO OK
JISL OK
JIST OK
JISZ OK
ZJOS OK
JIZL OK
JIZT OK
JIZO OK
JILO OK
JILT OK
JILS OK
JILZ OK
JOIT OK
JOIL OK
JOIS OK
JOTI OK
JOIZ OK
JOTS OK
JOTZ OK
JOTL OK
JOSI OK
JOST OK
JOSL OK
JOZT OK
JOSZ OK
JOZI OK
JOZL OK
JOLI OK
JOLT OK
JOLS OK
JOLZ OK
JTIO OK
JTIS OK
JTIZ OK
JTIL OK
JTOI OK
JTOS OK
JTOZ OK
JTOL OK
JTSI OK
JTSO OK
JTSL OK
JTSZ OK
JTZI OK
JTZO OK
JTZL OK
JTLI OK
JTZS OK
JTLO OK
JTLS OK
JTLZ OK
JSIT OK
JSIO OK
JSIL OK
JSIZ OK
JSOI OK
JSOT OK
JSOL OK
JSTI OK
JSOZ OK
JSTO OK
JSTZ OK
JSTL OK
JSZI OK
JIZS OK
JSZL OK
JSLI OK
JSZT OK
JSLO OK
JSZO OK
JSLT OK
JSLZ OK
JZIT OK
JZIL OK
JZIO OK
JZOT OK
JZOI OK
JOZS OK
JZOL OK
JZTI OK
JZIS OK
JZTL OK
JZTO OK
JZTS OK
JZST OK
JZSL OK
JZLI OK
JZLO OK
JZLT OK
JZSI OK
JZLS OK
JLIO OK
JLIT OK
JLIZ OK
JLIS OK
JLOI OK
JLOT OK
JLOS OK
JLOZ OK
JLTI OK
JLTO OK
JLTS OK
JLTZ OK
JLSI OK
JLSO OK
JLST OK
JLSZ OK
JLZI OK
JLZO OK
JLZT OK
JLZS OK
LIOT OK
LIOS OK
LIOZ OK
LIOJ OK
LITO OK
LITS OK
LITZ OK
LITJ OK
LISO OK
LIST OK
LISJ OK
LISZ OK
LIZT OK
LIZO OK
LIZJ OK
LIJO OK
LIJT OK
LIZS OK
LIJS OK
JZOS OK
LIJZ OK
LOIT OK
LOIJ OK
LOTI OK
LOIS OK
LOIZ OK
LOTJ OK
LOTS OK
LOTZ OK
JZSO OK
LOSJ OK
LOSI OK
LOST OK
LOZT OK
LOZI OK
LOZJ OK
LOZS OK
LOJI OK
LOJT OK
LOJS OK
LOJZ OK
LTIO OK
LTIS OK
LTIZ OK
LTIJ OK
LTOI OK
LTOS OK
LTOZ OK
LTOJ OK
LTSI OK
LTSO OK
LTSJ OK
LTSZ OK
LTZI OK
LTZO OK
LTZJ OK
LTJI OK
LTJO OK
LTZS OK
LTJS OK
LTJZ OK
LSIT OK
LSIO OK
LSIJ OK
LOSZ OK
LSIZ OK
LSOJ OK
LSOI OK
LSOT OK
LSTI OK
LSTJ OK
LSTO OK
LSTZ OK
LSZI OK
LSZJ OK
LSZO OK
LSZT OK
LSJI OK
LSJT OK
LSJO OK
LSJZ OK
LZIT OK
LZIJ OK
LZIO OK
LZIS OK
LZOT OK
LZOI OK
LZOJ OK
LZTI OK
LZOS OK
LSOZ OK
LZTJ OK
LZTO OK
LZTS OK
LZST OK
LZSJ OK
LZSO OK
LZJI OK
LZSI OK
LZJO OK
LZJT OK
LZJS OK
LJIO OK
LJIT OK
LJIS OK
LJIZ OK
LJOI OK
LJOT OK
LJOS OK
LJOZ OK
LJTI OK
LJTO OK
LJTS OK
LJTZ OK
LJSI OK
LJSO OK
LJST OK
LJZI OK
LJZT OK
LJZO OK
LJZS OK
LJSZ OK
