IOTL OK
IOTJ OK
IOTS OK
IOTZ OK
IOST OK
IOZT OK
IOSJ OK
IOSL OK
IOZJ OK
IOJT OK
IOZL OK
IOJS OK
IOJL OK
IOLT OK
IOJZ OK
IOLS OK
IOSZ OK
IOLJ OK
ITOS OK
ITOZ OK
ITOJ OK
ITOL OK
ITSO OK
ITSJ OK
IOZS CAP
ITSL OK
ITZO OK
IOLZ OK
ITZJ OK
ITZL OK
ITJO OK
ITJS OK
ITJZ OK
ITJL OK
ITLO OK
ITLS OK
ITLZ OK
ITLJ OK
ISOT OK
ITZS OK
ITSZ OK
ISTO OK
ISOJ OK
ISOL OK
ISTZ OK
ISTJ OK
ISTL OK
ISZT OK
ISZJ OK
ISZL OK
ISZO OK
ISJO OK
ISJL OK
ISJT OK
ISOZ OK
ISJZ OK
ISLJ OK
IZOT OK
ISLO OK
IZOJ OK
ISLT OK
ISLZ OK
IZTO OK
IZTJ OK
IZTS OK
IZTL OK
IZST OK
IZOL OK
IZSJ OK
IZSO OK
IZSL OK
IZOS OK
IZJT OK
IZJL OK
IZLT OK
IZJO OK
IZLJ OK
IJOT OK
IZJS OK
IZLO OK
IJOL OK
IJTO OK
IZLS OK
IJTS OK
IJTZ OK
IJTL OK
IJOS OK
IJOZ OK
IJSL OK
IJST OK
IJSO OK
IJZT OK
IJZL OK
IJLO OK
IJLT OK
IJLS OK
IJLZ OK
IJSZ OK
ILOT OK
IJZO OK
ILOJ OK
ILTO OK
ILTS OK
ILTZ OK
ILTJ OK
ILOS OK
IJZS OK
ILOZ OK
ILSJ OK
ILSO OK
ILZT OK
ILST OK
ILZJ OK
ILSZ OK
ILJO OK
ILJT OK
ILZO OK
ILJS OK
ILJZ OK
OITS OK
OITJ OK
OITZ OK
OITL OK
OIST OK
OISJ OK
OISL OK
OIZT OK
OIZJ OK
ILZS OK
OIJT OK
OIZL OK
OIJS OK
OIJL OK
OILT OK
OIZS OK
OISZ OK
OIJZ OK
OILJ OK
OTIS OK
OTIZ OK
OTIJ OK
OTIL OK
OTSI OK
OTSJ OK
OILS OK
OTZI OK
OILZ OK
OTSL OK
OTZJ OK
OTJI OK
OTZL OK
OTJS OK
OTJZ OK
OTZS OK
OTJL OK
OTLI OK
OTSZ OK
OTLJ OK
OSIT OK
OTLS OK
OTLZ OK
OSTI OK
OSTZ OK
OSTJ OK
OSIJ OK
OSIL OK
OSTL OK
OSZT OK
OSZJ OK
OSZL OK
OSZI OK
OSJT OK
OSJL OK
OSIZ OK
OSJI OK
OSLT OK
OSLJ OK
OZIT OK
OSJZ OK
OZIJ OK
OSLI OK
OZTI OK
OZTS OK
OZIS OK
OZTJ OK
OZIL OK
OSLZ OK
OZTL OK
OZSI OK
OZSJ OK
OZSL OK
OZJI OK
OZJL OK
OZLI OK
OZJT OK
OZST OK
OZLJ OK
OZJS OK
OJIT OK
OZLT OK
OJIL OK
OJTI OK
OZLS OK
OJTS OK
OJTL OK
OJTZ OK
OJIS OK
OJIZ OK
OJSL OK
OJSI OK
OJST OK
OJSZ OK
OJZL OK
OJZI OK
OJLI OK
OJLT OK
OJLS OK
OJLZ OK
OLIT OK
OJZT OK
OLIJ OK
OLTI OK
OJZS OK
OLTS OK
OLTJ OK
OLIS OK
OLTZ OK
OLIZ OK
OLSJ OK
OLST OK
OLSI OK
OLZI OK
OLZJ OK
OLJI OK
OLJT OK
OLJS OK
OLSZ OK
OLJZ OK
TIOS OK
TIOJ OK
TIOZ OK
TIOL OK
TISO OK
TISZ OK
TISJ OK
OLZT OK
TISL OK
TIZO OK
TIZS OK
TIZJ OK
TIZL OK
TIJO OK
TIJS OK
TIJZ OK
TIJL OK
TILO OK
TILS OK
TILZ OK
TILJ OK
TOIS OK
TOIJ OK
TOIZ OK
TOIL OK
TOSI OK
OLZS OK
TOZI OK
TOSJ OK
TOSL OK
TOZJ OK
TOJI OK
TOZL OK
TOJS OK
TOJL OK
TOJZ OK
TOLI OK
TOZS OK
TOLJ OK
TSIO OK
TOLS OK
TOLZ OK
TSIZ OK
TSIJ OK
TSIL OK
TSOI OK
TOSZ OK
TSZI OK
TSOJ OK
TSOL OK
TSZJ OK
TSJI OK
TSJO OK
TSJZ OK
TSZL OK
TSJL OK
TSLI OK
TSLO OK
TSLJ OK
TSLZ OK
TZIO OK
TZIS OK
TZIJ OK
TZIL OK
TZOI OK
TZOJ OK
TZOL OK
TSOZ OK
TZSI OK
TZSJ OK
TZSL OK
TSZO OK
TZJI OK
TZJO OK
TZJL OK
TZJS OK
TZLI OK
TZLO OK
TZLS OK
TZLJ OK
TJIO OK
TJIS OK
TJIL OK
TJIZ OK
TJOI OK
TJOS OK
TJOL OK
TJOZ OK
TJSI OK
TZOS OK
TJSL OK
TJSO OK
TJZI OK
TJZO OK
TZSO OK
TJZL OK
TJSZ OK
TJZS OK
TJLI OK
TJLO OK
TJLS OK
TJLZ OK
TLIO OK
TLIS OK
TLIZ OK
TLIJ OK
TLOI OK
TLOJ OK
TLSI OK
TLOZ OK
TLOS OK
TLSJ OK
TLZI OK
TLSO OK
TLZO OK
TLZS OK
TLZJ OK
TLJI OK
TLJO OK
TLJS OK
TLJZ OK
SIOT OK
TLSZ OK
SITO OK
SITZ OK
SITJ OK
SITL OK
SIOJ OK
SIOL OK
SIZT OK
SIZJ OK
SIZL OK
SIJT OK
SIZO OK
SIJL OK
SIJO OK
SILT OK
SIJZ OK
SIOZ OK
SILJ OK
SILO OK
SOIT OK
SOIJ OK
SOIL OK
SOTI OK
SILZ OK
SOTZ OK
SOTJ OK
SOTL OK
SOZT OK
SOZJ OK
SOZL OK
SOJT OK
SOZI OK
SOJL OK
SOIZ OK
SOJI OK
SOLT OK
SOLJ OK
STIO OK
SOJZ OK
STIJ OK
STIL OK
STOI OK
STIZ OK
SOLI OK
STOZ OK
STOJ OK
SOLZ OK
STOL OK
STZJ OK
STJI OK
STZL OK
STJO OK
STJZ OK
STJL OK
STLI OK
STZI OK
STLJ OK
STLO OK
STZO OK
STLZ OK
SZIT OK
SZIJ OK
SZIL OK
SZIO OK
SZOT OK
SZTI OK
SZOI OK
SZTJ OK
SZOL OK
SZOJ OK
SZTO OK
SZTL OK
SZJL OK
SZJI OK
SZJO OK
SZJT OK
SZLJ OK
SZLI OK
SZLO OK
SZLT OK
SJIL OK
SJIT OK
SJIO OK
SJOT OK
SJOL OK
SJTI OK
SJTO OK
SJTZ OK
SJTL OK
SJIZ OK
SJOI OK
SJOZ OK
SJZL OK
SJLI OK
SJLO OK
SJLT OK
SJLZ OK
SJZI OK
SJZT OK
SLIT OK
SLIJ OK
SLIO OK
SLOT OK
SLIZ OK
SLOJ OK
SLTI OK
SLOI OK
SLTO OK
SLTJ OK
SLOZ OK
SLTZ OK
SJZO OK
SLZJ OK
SLJI OK
SLJO OK
SLJT OK
SLZI OK
SLZO OK
SLJZ OK
ZIOT OK
SLZT OK
ZIOJ OK
ZITO OK
ZITS OK
ZITJ OK
ZITL OK
ZIST OK
ZIOS OK
ZIOL OK
ZISO OK
ZIJT OK
ZISJ OK
ZIJL OK
ZIJO OK
ZILT OK
ZISL OK
ZILJ OK
ZOIT OK
ZIJS OK
ZILO OK
ZOIJ OK
ZOTI OK
ZOIS OK
ZOTS OK
ZOTJ OK
ZOTL OK
ZOIL OK
ZILS OK
ZOSI OK
ZOST OK
ZOJI OK
ZOSJ OK
ZOJL OK
ZOJT OK
ZOSL OK
ZOLI OK
ZOLT OK
ZOLJ OK
ZTIO OK
ZTIS OK
ZTIJ OK
ZTIL OK
ZTOI OK
ZOJS OK
ZTOS OK
ZTOJ OK
ZTSI OK
ZTOL OK
ZTSJ OK
ZTSL OK
ZOLS OK
ZTJI OK
ZTJO OK
ZTJS OK
ZTJL OK
ZTLI OK
ZTLO OK
ZTLS OK
ZTLJ OK
ZSIT OK
ZTSO OK
ZSIL OK
ZSIO OK
ZSIJ OK
ZSOI OK
ZSOT OK
ZSTI OK
ZSTJ OK
ZSTL OK
ZSOJ OK
ZSOL OK
ZSJT OK
ZSTO OK
ZSJL OK
ZSJI OK
ZSJO OK
ZSLJ OK
ZSLI OK
ZJIT OK
ZSLO OK
ZJIL OK
ZSLT OK
ZJIO OK
ZJIS OK
ZJOT OK
ZJOL OK
ZJTI OK
ZJOI OK
ZJTO OK
ZJTS OK
ZJTL OK
ZJOS OK
ZJSL OK
ZJLI OK
ZJLO OK
ZJLT OK
ZJLS OK
ZJSI OK
ZJSO OK
ZJST OK
ZLIJ OK
ZLIT OK
ZLOT OK
ZLIO OK
ZLOJ OK
ZLTI OK
ZLOI OK
ZLTO OK
ZLTS OK
ZLTJ OK
ZLIS OK
ZLOS OK
ZLSJ OK
ZLJI OK
ZLJO OK
ZLSI OK
ZLJT OK
ZLSO OK
ZLJS OK
ZLST OK
JIOT OK
JIOL OK
JITO OK
JITS OK
JITZ OK
JITL OK
JIOS OK
JIOZ OK
JISL OK
JIST OK
JISO OK
JIZT OK
JIZL OK
JILO OK
JILT OK
JILS OK
JILZ OK
JISZ OK
JOIT OK
JIZO OK
JOIL OK
JOTI OK
JIZS OK
JOTS OK
JOTL OK
JOTZ OK
JOIS OK
JOIZ OK
JOSL OK
JOSI OK
JOST OK
JOSZ OK
JOZL OK
JOLI OK
JOZI OK
JOLT OK
JOLS OK
JOLZ OK
JTIO OK
JTIS OK
JTIZ OK
JTIL OK
JTOI OK
JOZT OK
JTOL OK
JOZS OK
JTSI OK
JTOS OK
JTOZ OK
JTSL OK
JTZI OK
JTZO OK
JTZL OK
JTZS OK
JTSO OK
JTLI OK
JTLO OK
JTLS OK
JTSZ OK
JTLZ OK
JSIL OK
JSIT OK
JSIO OK
JSIZ OK
JSOI OK
JSOL OK
JSTI OK
JSTO OK
JSTL OK
JSTZ OK
JSOT OK
JSOZ OK
JSZL OK
JSLI OK
JSLO OK
JSLT OK
JSLZ OK
JSZI OK
JZIT OK
JSZT OK
JZIL OK
JZIO OK
JZIS OK
JZOI OK
JZOL OK
JZTI OK
JZTO OK
JZTS OK
JZOT OK
JZTL OK
JZOS OK
JSZO OK
JZSL OK
JZSI OK
JZLI OK
JZLO OK
JZLT OK
JZLS OK
JLIO OK
JLIT OK
JLIS OK
JLIZ OK
JLOI OK
JLOT OK
JZST OK
JLTI OK
JLOS OK
JLOZ OK
JLTO OK
JLTS OK
JLTZ OK
JLSI OK
JLST OK
JLZI OK
JLSO OK
JLZO OK
JLZT OK
JLZS OK
LIOT OK
JLSZ OK
LIOJ OK
LITO OK
LITS OK
LITZ OK
LITJ OK
LIOS OK
LIOZ OK
LISO OK
LISJ OK
JZSO CAP
LIZT OK
LIST OK
LIZJ OK
LISZ OK
LIJO OK
LIJT OK
LIJS OK
LIJZ OK
LOIT OK
LIZO OK
LOIJ OK
LOTI OK
LOTS OK
LOTZ OK
LOIS OK
LOTJ OK
LOIZ OK
LIZS OK
LOSJ OK
LOSI OK
LOST OK
LOSZ OK
LOZJ OK
LOJI OK
LOZI OK
LOJT OK
LOJS OK
LOJZ OK
LTIO OK
LTIS OK
LTIZ OK
LTIJ OK
LTOI OK
LTOS OK
LTOZ OK
LTOJ OK
LTSI OK
LOZT OK
LTSJ OK
LTSO OK
LTZI OK
LTZO OK
LTZS OK
LTZJ OK
LTJI OK
LTJO OK
LTJS OK
LTJZ OK
LTSZ OK
LSIT OK
LOZS OK
LSIJ OK
LSIO OK
LSIZ OK
LSOJ OK
LSTI OK
LSOI OK
LSOT OK
LSTJ OK
LSOZ OK
LSTO OK
LSTZ OK
LSZI OK
LSZJ OK
LSJI OK
LSJO OK
LSJT OK
LSJZ OK
LZIT OK
LSZO OK
LZIJ OK
LSZT OK
LZIO OK
LZIS OK
LZOI OK
LZOJ OK
LZTI OK
LZTO OK
LZTS OK
LZTJ OK
LZOT OK
LZSI OK
LZSJ OK
LZSO OK
LZJI OK
LZJO OK
LZJT OK
LZJS OK
LZOS OK
LJIO OK
LJIT OK
LJIS OK
LJIZ OK
LJOI OK
LJOT OK
LJTI OK
LZST OK
LJTO OK
LJTS OK
LJTZ OK
LJSI OK
LJOS OK
LJOZ OK
LJST OK
LJZI OK
LJZO OK
LJZT OK
LJZS OK
LJSO OK
LJSZ OK
