IOTJ OK
IOTL OK
IOTS OK
IOTZ OK
IOST OK
IOSZ OK
IOSJ OK
IOSL OK
IOZJ OK
IOZT OK
IOJT OK
IOZL OK
IOZS OK
IOJL OK
IOJS OK
IOJZ OK
IOLT OK
IOLJ OK
IOLS OK
IOLZ OK
ITOJ OK
ITOL OK
ITOS OK
ITOZ OK
ITSJ OK
ITSL OK
ITSO OK
ITZJ OK
ITSZ OK
ITJO OK
ITZL OK
ITJS OK
ITJZ OK
ITZO OK
ITJL OK
ITLO OK
ITZS OK
ITLS OK
ITLZ OK
ITLJ OK
ISOJ OK
ISOL OK
ISOT OK
ISOZ OK
ISTJ OK
ISTL OK
ISTO OK
ISZJ OK
ISTZ OK
ISJO OK
ISZO OK
ISJT OK
ISZT OK
ISJZ OK
ISJL OK
ISLT OK
ISZL OK
ISLJ OK
ISLO OK
ISLZ OK
IZOT OK
IZOS OK
IZOJ OK
IZTJ OK
IZOL OK
IZTL OK
IZTO OK
IZTS OK
IZSO OK
IZST OK
IZJO OK
IZJT OK
IZSL OK
IZSJ OK
IZJL OK
IZLT OK
IZLJ OK
IJOT OK
IZJS OK
IZLO OK
IJOL OK
IZLS OK
IJOS OK
IJTO OK
IJTS OK
IJOZ OK
IJTZ OK
IJTL OK
IJST OK
IJSL OK
IJSO OK
IJZT OK
IJZO OK
IJZL OK
IJLO OK
IJLT OK
IJLS OK
IJLZ OK
ILOT OK
IJSZ OK
IJZS OK
ILOJ OK
ILOS OK
ILTO OK
ILOZ OK
ILTS OK
ILTZ OK
ILTJ OK
ILST OK
ILSJ OK
ILZT OK
ILSO OK
ILZJ OK
ILZO OK
ILJO OK
ILSZ OK
ILJT OK
ILZS OK
ILJS OK
ILJZ OK
OITJ OK
OITL OK
OITS OK
OIST OK
OITZ OK
OISZ OK
OISJ OK
OISL OK
OIZJ OK
OIZT OK
OIZL OK
OIJT OK
OIZS OK
OIJS OK
OIJL OK
OILT OK
OIJZ OK
OILJ OK
OILS OK
OILZ OK
OTIJ OK
OTIS OK
OTIL OK
OTIZ OK
OTSJ OK
OTSL OK
OTSI OK
OTZJ OK
OTZI OK
OTZL OK
OTJI OK
OTJS OK
OTJZ OK
OTJL OK
OTLI OK
OTLS OK
OTLZ OK
OTLJ OK
OSIT OK
OSIZ OK
OSIJ OK
OSIL OK
OSTI OK
OSTJ OK
OSTL OK
OSZI OK
OTSZ OK
OTZS OK
OSZJ OK
OSJI OK
OSZL OK
OSJT OK
OSTZ OK
OSJL OK
OSLI OK
OSLT OK
OSLJ OK
OSLZ OK
OZIT OK
OSZT OK
OZIJ OK
OZIS OK
OZIL OK
OZTJ OK
OZTL OK
OZTI OK
OSJZ OK
OZSI OK
OZSJ OK
OZSL OK
OZJT OK
OZJI OK
OZJL OK
OZLI OK
OZJS OK
OZLT OK
OZLJ OK
OJIT OK
OZLS OK
OJIS OK
OJIL OK
OJIZ OK
OJTI OK
OJTS OK
OJTZ OK
OJTL OK
OJST OK
OJSI OK
OZTS OK
OJSL OK
OJZT OK
OJZI OK
OZST OK
OJLI OK
OJZL OK
OJLT OK
OJLS OK
OJLZ OK
OLIT OK
OJZS OK
OLIJ OK
OLTI OK
OLIS OK
OLIZ OK
OLTS OK
OLTZ OK
OLTJ OK
OLST OK
OLSI OK
OLZI OK
OLSJ OK
OLZT OK
OLSZ OK
OLZJ OK
OLJT OK
OLJI OK
OLJS OK
OLJZ OK
OLZS OK
TIOJ OK
TIOL OK
TIOS OK
TIOZ OK
TISJ OK
TISL OK
TISO OK
TISZ OK
TIZJ OK
TIZS OK
TIZO OK
TIZL OK
TIJO OK
TIJS OK
TIJZ OK
TIJL OK
TILO OK
TILS OK
TILZ OK
TILJ OK
TOIJ OK
TOIL OK
TOIS OK
TOIZ OK
TOSJ OK
TOSI OK
TOSL OK
TOZI OK
TOZJ OK
TOZL OK
TOJI OK
TOJS OK
TOJZ OK
TOJL OK
OJSZ CAP
TOLI OK
TOLS OK
TOLZ OK
TOLJ OK
TSIO OK
TSIZ OK
TSIJ OK
TSIL OK
TSOI OK
TSOJ OK
TSOL OK
TSZI OK
TOSZ OK
TSZO OK
TSZJ OK
TSJI OK
TSZL OK
TSJO OK
TOZS OK
TSJZ OK
TSJL OK
TSLO OK
TSLI OK
TSLJ OK
TSLZ OK
TZIJ OK
TZIL OK
TSOZ OK
TZIO OK
TZIS OK
TZOJ OK
TZOL OK
TZOI OK
TZSJ OK
TZSI OK
TZSL OK
TZJI OK
TZJO OK
TZJS OK
TZSO OK
TZJL OK
TZLO OK
TZLI OK
TZLJ OK
TJIO OK
TZLS OK
TJIS OK
TJIZ OK
TJIL OK
TJOI OK
TJOS OK
TJOZ OK
TJOL OK
TJSI OK
TJSO OK
TJSZ OK
TJSL OK
TJZI OK
TJZO OK
TJZS OK
TJZL OK
TJLI OK
TJLO OK
TJLS OK
TJLZ OK
TLIO OK
TLIS OK
TLIZ OK
TLIJ OK
TLOI OK
TLOS OK
TLOZ OK
TLOJ OK
TLSI OK
TLSO OK
TLSJ OK
TLZI OK
TZOS OK
TLZO OK
TLZJ OK
TLJI OK
TLSZ OK
TLJO OK
TLJS OK
TLJZ OK
SIOJ OK
SIOT OK
SIOZ OK
SIOL OK
TLZS OK
SITJ OK
SITL OK
SITO OK
SITZ OK
SIZJ OK
SIZT OK
SIZO OK
SIJO OK
SIJT OK
SIJL OK
SIJZ OK
SILT OK
SILO OK
SIZL OK
SILJ OK
SOIJ OK
SOIT OK
SILZ OK
SOIZ OK
SOIL OK
SOTJ OK
SOTL OK
SOTI OK
SOZI OK
SOZJ OK
SOZL OK
SOJI OK
SOJT OK
SOJL OK
SOLI OK
SOLT OK
SOLZ OK
SOLJ OK
STIO OK
SOTZ OK
SOJZ OK
SOZT OK
STIJ OK
STIL OK
STIZ OK
STOJ OK
STOL OK
STOI OK
STZJ OK
STZI OK
STZL OK
STJI OK
STJO OK
STZO OK
STJZ OK
STJL OK
STLI OK
STLO OK
STLZ OK
STLJ OK
SZIO OK
SZIT OK
SZIJ OK
SZOI OK
SZIL OK
STOZ OK
SZOJ OK
SZOL OK
SZTJ OK
SZTL OK
SZTI OK
SZJI OK
SZJO OK
SZJT OK
SZJL OK
SZLI OK
SZLO OK
SZLT OK
SZLJ OK
SJIT OK
SJIO OK
SJIL OK
SZOT OK
SJOT OK
SJIZ OK
SJOI OK
SJOL OK
SJTI OK
SJTO OK
SJTZ OK
SJTL OK
SZTO OK
SJZI OK
SJZO OK
SJZT OK
SJZL OK
SJLI OK
SJLO OK
SJLT OK
SJLZ OK
SLIT OK
SLIO OK
SLIJ OK
SLOI OK
SLOT OK
SLOJ OK
SLTI OK
SLIZ OK
SLTO OK
SLTZ OK
SLTJ OK
SLOZ OK
SJOZ OK
SLZT OK
SLZJ OK
SLJI OK
SLJO OK
SLZI OK
SLJT OK
SLJZ OK
SLZO OK
ZIOJ OK
ZIOT OK
ZIOS OK
ZIOL OK
ZITJ OK
ZITL OK
ZITO OK
ZITS OK
ZISO OK
ZIST OK
ZIJT OK
ZISJ OK
ZIJO OK
ZISL OK
ZIJL OK
ZILT OK
ZILJ OK
ZIJS OK
ZILO OK
ZILS OK
ZOIJ OK
ZOIT OK
ZOIL OK
ZOIS OK
ZOTJ OK
ZOTL OK
ZOTI OK
ZOSI OK
ZOSJ OK
ZOJI OK
ZOSL OK
ZOJT OK
ZOJL OK
ZOLI OK
ZOJS OK
ZOLT OK
ZOLJ OK
ZOLS OK
ZTIO OK
ZTIJ OK
ZTIS OK
ZTIL OK
ZTOI OK
ZTOJ OK
ZOTS OK
ZTOL OK
ZOST OK
ZTSJ OK
ZTSL OK
ZTSI OK
ZTJI OK
ZTJO OK
ZTJS OK
ZTJL OK
ZTLI OK
ZTLO OK
ZTLS OK
ZTLJ OK
ZSIO OK
ZSIT OK
ZSIJ OK
ZSIL OK
ZTOS OK
ZSOI OK
ZSOJ OK
ZSOL OK
ZTSO OK
ZSTJ OK
ZSTI OK
ZSTL OK
ZSJI OK
ZSJO OK
ZSJT OK
ZSJL OK
ZSLI OK
ZSLT OK
ZSLO OK
ZSLJ OK
ZJIT OK
ZJIO OK
ZJIL OK
ZJIS OK
ZSOT OK
ZJOT OK
ZJOI OK
ZJOL OK
ZJTI OK
ZJTO OK
ZJTS OK
ZJTL OK
ZJOS OK
ZJST OK
ZJSL OK
ZJLI OK
ZJSI OK
ZJSO OK
ZJLO OK
ZSTO OK
ZJLT OK
ZJLS OK
ZLIT OK
ZLIJ OK
ZLOT OK
ZLIO OK
ZLIS OK
ZLOI OK
ZLOJ OK
ZLTI OK
ZLTO OK
ZLTS OK
ZLTJ OK
ZLST OK
ZLOS OK
ZLJI OK
ZLSJ OK
ZLJO OK
ZLJT OK
ZLJS OK
JIOT OK
ZLSI OK
JIOL OK
JIOS OK
JIOZ OK
ZLSO OK
JITO OK
JITS OK
JITZ OK
JITL OK
JISO OK
JIST OK
JISL OK
JIZT OK
JIZO OK
JIZL OK
JILO OK
JILT OK
JILS OK
JILZ OK
JOIT OK
JOIS OK
JOIZ OK
JOIL OK
JOTI OK
JOTS OK
JISZ OK
JOTZ OK
JIZS OK
JOTL OK
JOST OK
JOSI OK
JOSL OK
JOZT OK
JOZI OK
JOLI OK
JOZL OK
JOLT OK
JOLS OK
JOLZ OK
JTIO OK
JTIZ OK
JTIS OK
JTIL OK
JTOI OK
JOZS OK
JTOS OK
JTOZ OK
JTOL OK
JTSI OK
JTSO OK
JTSL OK
JTSZ OK
JTZI OK
JTZO OK
JTZS OK
JTZL OK
JTLI OK
JTLO OK
JTLS OK
JTLZ OK
JSIO OK
JSIT OK
JSIL OK
JSOI OK
JSOT OK
JSOL OK
JSTI OK
JSTO OK
JSTZ OK
JSTL OK
JSIZ OK
JSZI OK
JSZO OK
JSZT OK
JSZL OK
JSLI OK
JSLO OK
JSLT OK
JSLZ OK
JZIO OK
JZIT OK
JZIL OK
JZOI OK
JZOT OK
JZIS OK
JZOL OK
JZTI OK
JZTO OK
JZOS OK
JZTS OK
JZTL OK
JSOZ OK
JZST OK
JZSL OK
JZLI OK
JZLO OK
JZSI OK
JZSO OK
JZLT OK
JLIO OK
JOSZ CAP
JZLS OK
JLIT OK
JLIS OK
JLOI OK
JLIZ OK
JLOT OK
JLTI OK
JLOS OK
JLOZ OK
JLTO OK
JLSI OK
JLTS OK
JLTZ OK
JLSO OK
JLST OK
JLZI OK
JLSZ OK
JLZO OK
JLZT OK
LIOT OK
JLZS OK
LIOJ OK
LITO OK
LITZ OK
LITS OK
LITJ OK
LIOS OK
LIOZ OK
LIST OK
LISJ OK
LIZT OK
LISO OK
LIZJ OK
LIZO OK
LIJO OK
LIJT OK
LIJS OK
LIZS OK
LIJZ OK
LISZ OK
LOIT OK
LOIJ OK
LOTI OK
LOTS OK
LOTZ OK
LOTJ OK
LOIS OK
LOIZ OK
LOST OK
LOSI OK
LOSJ OK
LOZT OK
LOZJ OK
LOJI OK
LOZI OK
LOJT OK
LOJS OK
LOJZ OK
LTIO OK
LTIS OK
LTIZ OK
LTIJ OK
LTOI OK
LOSZ OK
LTOJ OK
LTOS OK
LTOZ OK
LOZS OK
LTSI OK
LTSO OK
LTSZ OK
LTSJ OK
LTZI OK
LTZO OK
LTZS OK
LTJI OK
LTZJ OK
LTJO OK
LTJS OK
LTJZ OK
LSIJ OK
LSIT OK
LSIO OK
LSOT OK
LSOI OK
LSTI OK
LSOJ OK
LSTO OK
LSTZ OK
LSTJ OK
LSIZ OK
LSZT OK
LSOZ OK
LSJI OK
LSZJ OK
LSJO OK
LSJT OK
LSZI OK
LSJZ OK
LZIT OK
LZIJ OK
LSZO OK
LZOT OK
LZIO OK
LZIS OK
LZOJ OK
LZOI OK
LZTI OK
LZTO OK
LZTS OK
LZTJ OK
LZST OK
LZOS OK
LZSJ OK
LZJI OK
LZJO OK
LZJT OK
LZJS OK
LJIO OK
LJIT OK
LJIS OK
LZSI OK
LJIZ OK
LJOI OK
LJOT OK
LJOS OK
LJOZ OK
LZSO OK
LJTI OK
LJTO OK
LJTZ OK
LJTS OK
LJSI OK
LJSO OK
LJSZ OK
LJZI OK
LJST OK
LJZO OK
LJZT OK
LJZS OK
