IOTJ OK
IOTL OK
IOTS OK
IOTZ OK
IOSJ OK
IOSL OK
IOST OK
IOZJ OK
IOSZ OK
IOZT OK
IOZL OK
IOJT OK
IOJS OK
IOJL OK
IOJZ OK
IOLT OK
IOLS OK
IOLZ OK
IOLJ OK
ITOJ OK
ITOZ OK
ITOS OK
ITOL OK
ITSO OK
ITSJ OK
ITSL OK
ITZO OK
ITZJ OK
ITZL OK
ITJO OK
ITJS OK
ITSZ OK
ITJZ OK
ITJL OK
ITLO OK
ITLS OK
ITLZ OK
ITZS OK
ITLJ OK
ISOJ OK
ISOL OK
ISOT OK
ISTO OK
ISTZ OK
ISTJ OK
ISTL OK
IOZS CAP
ISZJ OK
ISZL OK
ISJO OK
ISJT OK
ISJZ OK
ISJL OK
ISLO OK
ISLT OK
ISLZ OK
ISLJ OK
ISOZ CAP
IZOT OK
IZOJ OK
IZOL OK
ISZT OK
IZTO OK
IZTJ OK
IZTL OK
ISZO CAP
IZTS OK
IZSJ OK
IZSO OK
IZSL OK
IZST OK
IZJO OK
IZJT OK
IZJS OK
IZJL OK
IZLO OK
IZLT OK
IZLJ OK
IJOT OK
IJOS OK
IJOZ OK
IJOL OK
IJTO OK
IZLS OK
IJTS OK
IJTL OK
IJTZ OK
IJSO OK
IJST OK
IJSZ OK
IJSL OK
IJZO OK
IJZT OK
IJZL OK
IJLO OK
IJLT OK
IJLS OK
IJLZ OK
ILOT OK
ILOS OK
ILOZ OK
ILOJ OK
ILTO OK
ILTS OK
ILTZ OK
ILTJ OK
IJZS OK
ILSO OK
ILST OK
ILSJ OK
ILSZ OK
ILZO OK
ILZT OK
ILZJ OK
ILJO OK
ILZS OK
ILJT OK
ILJS OK
ILJZ OK
OITS OK
OITJ OK
OITZ OK
OITL OK
OISJ OK
OISL OK
OIST OK
IZOS CAP
OISZ OK
OIZJ OK
OIZL OK
OIJT OK
OIZT OK
OIJS OK
OIJZ OK
OIJL OK
OILT OK
OILS OK
OILZ OK
OILJ OK
OTIS OK
OTIZ OK
OTIJ OK
OTIL OK
OTSI OK
OTSJ OK
OTSL OK
OTZI OK
OTZJ OK
OTZL OK
OTJI OK
OTSZ OK
OTJS OK
OTJZ OK
OTJL OK
OTZS OK
OTLI OK
OTLS OK
OTLZ OK
OTLJ OK
OSIJ OK
OSIL OK
OSTI OK
OSIT OK
OSTJ OK
OSIZ OK
OSTL OK
OSTZ OK
OSZJ OK
OSZL OK
OSZT OK
OSZI OK
OSJI OK
OSJT OK
OSJL OK
OSLI OK
OSLT OK
OSLZ OK
OSLJ OK
OZIT OK
OZIJ OK
OZIL OK
OZTI OK
OSJZ OK
OZTS OK
OZTJ OK
OZTL OK
OIZS CAP
OZSJ OK
OZSL OK
OZST OK
OZSI OK
OZJI OK
OZJT OK
OZJS OK
OZJL OK
OZLI OK
OZLT OK
OZLS OK
OZLJ OK
OJIT OK
OJIS OK
OJIZ OK
OJIL OK
OJTI OK
OJTS OK
OJTZ OK
OJTL OK
OJSI OK
OJST OK
OJSL OK
OJZI OK
OJZT OK
OJZS OK
OJZL OK
OJLI OK
OJLT OK
OJLS OK
OJLZ OK
OLIT OK
OLIS OK
OLIZ OK
OLIJ OK
OJSZ OK
OLTI OK
OLTZ OK
OLTS OK
OZIS OK
OLTJ OK
OLST OK
OLSI OK
OLSJ OK
OLSZ OK
OLZI OK
OLZT OK
OLZS OK
OLZJ OK
OLJT OK
OLJI OK
OLJS OK
OLJZ OK
TIOJ OK
TIOS OK
TIOL OK
TIOZ OK
TISJ OK
TISL OK
TISO OK
TIZJ OK
TIZO OK
TIZL OK
TIJO OK
TIJS OK
TIJZ OK
TIJL OK
TILO OK
TILS OK
TILZ OK
TILJ OK
TOIS OK
TOIZ OK
TOIJ OK
TISZ OK
TOIL OK
TOSI OK
TIZS OK
TOSJ OK
TOSL OK
TOZI OK
TOZJ OK
TOZL OK
TOJI OK
TOJS OK
TOJZ OK
TOJL OK
TOLI OK
TOLS OK
TOLZ OK
TOSZ OK
TOLJ OK
TSIO OK
TSIJ OK
TOZS OK
TSIL OK
TSOI OK
TSOJ OK
TSOL OK
TSIZ OK
TSZJ OK
TSOZ OK
TSZL OK
TSJI OK
TSJO OK
TSZI OK
TSJZ OK
TSJL OK
TSLI OK
TSZO OK
TSLO OK
TSLZ OK
TSLJ OK
TZIO OK
TZIJ OK
TZIL OK
TZOI OK
TZOJ OK
TZOL OK
TZIS OK
TZSJ OK
TZOS OK
TZSI OK
TZJI OK
TZJO OK
TZSO OK
TZJL OK
TZJS OK
TZLO OK
TZLI OK
TZLJ OK
TJIO OK
TJIS OK
TJIZ OK
TJIL OK
TZSL OK
TJOI OK
TJOS OK
TJOZ OK
TJOL OK
TJSI OK
TJSO OK
TJSZ OK
TZLS OK
TJSL OK
TJZI OK
TJZO OK
TJZL OK
TJLI OK
TJLO OK
TJZS OK
TJLS OK
TJLZ OK
TLIO OK
TLIS OK
TLIJ OK
TLIZ OK
TLOI OK
TLOS OK
TLOZ OK
TLOJ OK
TLSI OK
TLSO OK
TLSZ OK
TLSJ OK
TLZO OK
TLZI OK
TLZJ OK
TLJI OK
TLJO OK
TLJS OK
TLJZ OK
SIOJ OK
SIOL OK
SIOT OK
SIOZ OK
TLZS OK
SITL OK
SITO OK
SITZ OK
SITJ OK
SIZL OK
SIJO OK
SIJT OK
SIZJ OK
SIJL OK
SILO OK
SILT OK
SIJZ OK
SILZ OK
SILJ OK
SOIT OK
SOIZ OK
SOIJ OK
SOTI OK
SOIL OK
SOTJ OK
SOTL OK
SOTZ OK
SOZI OK
SOZJ OK
SOZT OK
SOZL OK
SOJI OK
SOJT OK
SOJL OK
SOLI OK
SOLT OK
SOJZ OK
SOLZ OK
SOLJ OK
STIO OK
SIZT OK
STIL OK
STOI OK
STIJ OK
SIZO OK
STIZ OK
STOJ OK
STOL OK
STOZ OK
STZI OK
STZJ OK
STZO OK
STJO OK
STJL OK
STLI OK
STZL OK
STLO OK
STLZ OK
STJI OK
STLJ OK
STJZ OK
SZIL OK
SZIO OK
SZIT OK
SZIJ OK
SZOJ OK
SZOL OK
SZOI OK
SZTI OK
SZTJ OK
SZTL OK
SZJI OK
SZJT OK
SZJO OK
SZJL OK
SZLI OK
SZLO OK
SZLJ OK
SZLT OK
SJIO OK
SJIT OK
SJIZ OK
SJIL OK
SJOT OK
SJOI OK
SJOL OK
SJTI OK
SJTO OK
SZOT OK
SJTZ OK
SJTL OK
SJZI OK
SZTO OK
SJOZ OK
SJZT OK
SJLI OK
SJLO OK
SJLT OK
SJLZ OK
SLIO OK
SLIT OK
SLIZ OK
SJZL OK
SJZO OK
SLIJ OK
SLOT OK
SLOI OK
SLOJ OK
SLOZ OK
SLTI OK
SLTO OK
SLTJ OK
SLTZ OK
SLZI OK
SLZO OK
SLZT OK
SLZJ OK
SLJI OK
SLJO OK
SLJT OK
SLJZ OK
ZIOJ OK
ZIOL OK
ZIOT OK
ZIOS OK
ZITJ OK
ZITL OK
ZITO OK
ZITS OK
ZISJ OK
ZIJO OK
ZIJT OK
ZISL OK
ZIJS OK
ZISO OK
ZIST OK
ZIJL OK
ZILO OK
ZILT OK
ZILJ OK
ZOIJ OK
ZOIL OK
ZOTI OK
ZILS OK
ZOIT OK
ZOTJ OK
ZOTL OK
ZOIS OK
ZOSJ OK
ZOSL OK
ZOTS OK
ZOJI OK
ZOJT OK
ZOJS OK
ZOST OK
ZOSI OK
ZOJL OK
ZOLI OK
ZOLT OK
ZOLS OK
ZOLJ OK
ZTIJ OK
ZTIO OK
ZTIL OK
ZTOI OK
ZTOJ OK
ZTOL OK
ZTIS OK
ZTSI OK
ZTSL OK
ZTJI OK
ZTSJ OK
ZTJO OK
ZTJL OK
ZTJS OK
ZTLI OK
ZTLO OK
ZTLS OK
ZTLJ OK
ZSIT OK
ZSIO OK
ZSIJ OK
ZSIL OK
ZSOI OK
ZSOJ OK
ZSOL OK
ZSTI OK
ZTOS OK
ZTSO OK
ZSTL OK
ZSTJ OK
ZSJI OK
ZSJO OK
ZSJT OK
ZSJL OK
ZSLI OK
ZSLO OK
ZSLT OK
ZSLJ OK
ZJIO OK
ZJIT OK
ZJIL OK
ZJIS OK
ZJOI OK
ZJOT OK
ZSOT OK
ZJOL OK
ZJOS OK
ZJTI OK
ZJTO OK
ZJTS OK
ZJTL OK
ZJSI OK
ZJSO OK
ZJST OK
ZJLI OK
ZJSL OK
ZJLO OK
ZJLT OK
ZJLS OK
ZLIO OK
ZLIT OK
ZLIJ OK
ZLOI OK
ZLOT OK
ZLOS OK
ZLOJ OK
ZLTI OK
ZLIS OK
ZLTO OK
ZLTS OK
ZLTJ OK
ZLSI OK
ZLSO OK
ZLST OK
ZLSJ OK
ZLJI OK
ZLJO OK
ZLJT OK
ZLJS OK
JIOT OK
JIOS OK
ZSTO OK
JIOZ OK
JIOL OK
JITO OK
JITS OK
JITL OK
JITZ OK
JISO OK
JISL OK
JIST OK
JISZ OK
JIZO OK
JIZL OK
JIZT OK
JILO OK
JILT OK
JILS OK
JILZ OK
JOIT OK
JOIS OK
JOIZ OK
JOIL OK
JOTI OK
JOTS OK
JOTZ OK
JOTL OK
JOSI OK
JOST OK
JOSL OK
JOZI OK
JOZT OK
JOZS OK
JOZL OK
JIZS OK
JOLI OK
JOLT OK
JOLS OK
JOLZ OK
JTIO OK
JTIS OK
JTIZ OK
JTIL OK
JTOI OK
JTOS OK
JTOZ OK
JTOL OK
JTSI OK
JTSO OK
JTSZ OK
JTSL OK
JTZI OK
JTZO OK
JTZS OK
JTZL OK
JTLI OK
JTLO OK
JTLS OK
JTLZ OK
JSIT OK
JSIO OK
JSIZ OK
JSIL OK
JSOI OK
JSOT OK
JSTI OK
JSOL OK
JSTO OK
JSTZ OK
JSTL OK
JSZI OK
JSZT OK
JSZL OK
JSLI OK
JSLO OK
JSLT OK
JSLZ OK
JZIO OK
JZIT OK
JZIS OK
JZIL OK
JZOI OK
JOSZ CAP
JZOT OK
JZOS OK
JZOL OK
JZTI OK
JZTO OK
JZTS OK
JZTL OK
JZSI OK
JZST OK
JZSL OK
JZLI OK
JZLO OK
JZLT OK
JZLS OK
JLIO OK
JZSO OK
JLIT OK
JLIS OK
JLIZ OK
JLOI OK
JLOT OK
JLOS OK
JLOZ OK
JLTI OK
JLTO OK
JLTS OK
JLTZ OK
JLSI OK
JSOZ CAP
JLST OK
JLSO OK
JLZI OK
JLZO OK
JLZT OK
LIOT OK
JLZS OK
LIOS OK
LIOZ OK
JSZO CAP
LIOJ OK
LITO OK
LITS OK
LITJ OK
LITZ OK
LISO OK
LIST OK
LISZ OK
LISJ OK
LIZO OK
LIZT OK
JLSZ OK
LIZJ OK
LIJO OK
LIJT OK
LIJS OK
LIJZ OK
LOIT OK
LOIS OK
LOIZ OK
LOIJ OK
LOTI OK
LOTS OK
LOTZ OK
LOTJ OK
LOSI OK
LOST OK
LIZS OK
LOSZ OK
LOSJ OK
LOZI OK
LOZT OK
LOZJ OK
LOZS OK
LOJI OK
LOJT OK
LOJS OK
LOJZ OK
LTIO OK
LTIS OK
LTIJ OK
LTIZ OK
LTOI OK
LTOS OK
LTOZ OK
LTOJ OK
LTSI OK
LTSO OK
LTSZ OK
LTSJ OK
LTZI OK
LTZO OK
LTZJ OK
LTJI OK
LTJO OK
LTJS OK
LTJZ OK
LSIO OK
LSIT OK
LSIZ OK
LSIJ OK
LSOI OK
LSOT OK
LSOZ OK
LSOJ OK
LSTI OK
LSTO OK
LSTZ OK
LSTJ OK
LTZS OK
LSZI OK
LSZO OK
LSZT OK
LSJI OK
LSJO OK
LSJT OK
LSZJ OK
LZIO OK
LZIT OK
LZIJ OK
LZOI OK
LZOT OK
LZOS OK
LZOJ OK
LZTI OK
LZTO OK
LSJZ OK
LZIS OK
LZTJ OK
LZSI OK
LZSO OK
LZST OK
LZSJ OK
LZJI OK
LZJO OK
LZJT OK
LZJS OK
LJIO OK
LJIT OK
LJIS OK
LJIZ OK
LJOI OK
LZTS OK
LJOT OK
LJOS OK
LJOZ OK
LJTI OK
LJTO OK
LJTS OK
LJTZ OK
LJSI OK
LJST OK
LJSO OK
LJZI OK
LJZT OK
LJZO OK
LJZS OK
LJSZ OK
