IOTJ OK
IOTL OK
IOTZ OK
IOTS OK
IOSL OK
IOSJ OK
IOST OK
IOSZ OK
IOZL OK
IOZJ OK
IOJT OK
IOJS OK
IOJZ OK
IOJL OK
IOLT OK
IOLS OK
IOLZ OK
IOLJ OK
ITOS OK
ITOZ OK
IOZT OK
ITOJ OK
ITOL OK
ITSJ OK
IOZS OK
ITSO OK
ITSL OK
ITZJ OK
ITZO OK
ITZL OK
ITJO OK
ITJS OK
ITJZ OK
ITJL OK
ITLO OK
ITLS OK
ITLZ OK
ITLJ OK
ITSZ OK
ISOJ OK
ISOL OK
ISTO OK
ITZS OK
ISTJ OK
ISTL OK
ISOT OK
ISTZ OK
ISZJ OK
ISZL OK
ISJO OK
ISJT OK
ISJZ OK
ISJL OK
ISLO OK
ISLT OK
ISZT OK
ISLZ OK
ISLJ OK
ISZO OK
IZOJ OK
IZOL OK
IZTO OK
IZOT OK
IZTJ OK
IZTL OK
IZOS OK
IZTS OK
IZSJ OK
ISOZ CAP
IZSL OK
IZST OK
IZSO OK
IZJT OK
IZJO OK
IZJS OK
IZJL OK
IZLT OK
IZLO OK
IZLS OK
IZLJ OK
IJOT OK
IJOS OK
IJOL OK
IJTO OK
IJOZ OK
IJTL OK
IJTS OK
IJTZ OK
IJSO OK
IJSL OK
IJST OK
IJSZ OK
IJZO OK
IJZT OK
IJZL OK
IJLO OK
IJLT OK
IJLS OK
IJLZ OK
ILOT OK
ILOS OK
ILOZ OK
ILOJ OK
ILTO OK
IJZS OK
ILTS OK
ILTJ OK
ILTZ OK
ILST OK
ILSO OK
ILSJ OK
ILZO OK
ILZT OK
ILZS OK
ILJO OK
ILZJ OK
ILJT OK
ILJS OK
ILJZ OK
ILSZ OK
OITS OK
OITJ OK
OITZ OK
OITL OK
OIST OK
OISJ OK
OISL OK
OIZJ OK
OIZT OK
OIZS OK
OIZL OK
OIJT OK
OIJS OK
OIJZ OK
OIJL OK
OILT OK
OISZ OK
OILS OK
OILZ OK
OILJ OK
OTIS OK
OTIJ OK
OTIL OK
OTIZ OK
OTSJ OK
OTSI OK
OTSL OK
OTZI OK
OTZJ OK
OTJI OK
OTZL OK
OTJS OK
OTJZ OK
OTJL OK
OTLI OK
OTLZ OK
OTLS OK
OTLJ OK
OSIT OK
OSIJ OK
OTSZ OK
OSIL OK
OSTI OK
OSTJ OK
OSIZ OK
OSTL OK
OTZS OK
OSZI OK
OSZJ OK
OSZL OK
OSTZ OK
OSJI OK
OSJT OK
OSJZ OK
OSJL OK
OSLI OK
OSLT OK
OSLJ OK
OZIT OK
OZIS OK
OZIJ OK
OSLZ OK
OSZT OK
OZIL OK
OZTI OK
OZTJ OK
OZTL OK
OZSI OK
OZSJ OK
OZJI OK
OZSL OK
OZJT OK
OZJS OK
OZJL OK
OZLI OK
OZLT OK
OZLJ OK
OZLS OK
OJIT OK
OJIS OK
OZTS OK
OJIZ OK
OZST OK
OJIL OK
OJTI OK
OJTS OK
OJTZ OK
OJTL OK
OJSI OK
OJST OK
OJZI OK
OJSL OK
OJZT OK
OJLI OK
OJZL OK
OJSZ OK
OJLT OK
OJLS OK
OLIT OK
OLIS OK
OJLZ OK
OLIZ OK
OLIJ OK
OLTI OK
OLTS OK
OLTZ OK
OLTJ OK
OJZS OK
OLSI OK
OLST OK
OLZI OK
OLZT OK
OLSJ OK
OLSZ OK
OLJI OK
OLZJ OK
OLJT OK
OLZS OK
OLJS OK
OLJZ OK
TIOJ OK
TIOL OK
TIOS OK
TIOZ OK
TISL OK
TISO OK
TISJ OK
TIZJ OK
TIZO OK
TIZL OK
TIJO OK
TIJS OK
TIJZ OK
TIJL OK
TILO OK
TILS OK
TILZ OK
TILJ OK
TISZ OK
TOIS OK
TOIJ OK
TOIZ OK
TOIL OK
TOSI OK
TOSJ OK
TOSL OK
TOZI OK
TIZS OK
TOZJ OK
TOZL OK
TOJI OK
TOJS OK
TOJZ OK
TOLI OK
TOJL OK
TOLS OK
TOLZ OK
TOLJ OK
TSIO OK
TOSZ OK
TSIJ OK
TSIL OK
TSOI OK
TSOJ OK
TSOL OK
TSOZ OK
TOZS OK
TSIZ OK
TSZJ OK
TSJI OK
TSZL OK
TSJO OK
TSZO OK
TSJZ OK
TSLI OK
TSJL OK
TSLO OK
TSLJ OK
TSLZ OK
TZIO OK
TZIJ OK
TSZI OK
TZIL OK
TZOI OK
TZOJ OK
TZOL OK
TZIS OK
TZSJ OK
TZSL OK
TZSI OK
TZJI OK
TZJO OK
TZSO OK
TZJS OK
TZOS OK
TZJL OK
TZLI OK
TZLO OK
TZLS OK
TJIO OK
TZLJ OK
TJIL OK
TJOI OK
TJIS OK
TJIZ OK
TJOS OK
TJOL OK
TJOZ OK
TJSI OK
TJSO OK
TJSZ OK
TJZI OK
TJSL OK
TJZO OK
TJLI OK
TJLO OK
TJZS OK
TJZL OK
TJLS OK
TLIO OK
TJLZ OK
TLIJ OK
TLIS OK
TLOI OK
TLIZ OK
TLOJ OK
TLOS OK
TLOZ OK
TLSI OK
TLSO OK
TLSZ OK
TLSJ OK
TLZI OK
TLJI OK
TLZO OK
TLZS OK
TLZJ OK
TLJO OK
TLJS OK
TLJZ OK
SIOJ OK
SIOL OK
SITO OK
SITJ OK
SIOT OK
SITL OK
SITZ OK
SIZJ OK
SIZL OK
SIOZ OK
SIJO OK
SIJT OK
SIJZ OK
SIJL OK
SILO OK
SIZT OK
SILT OK
SILJ OK
SILZ OK
SOIT OK
SOIJ OK
SOIL OK
SOTI OK
SOTJ OK
SOIZ OK
SOTL OK
SIZO OK
SOZI OK
SOZJ OK
SOTZ OK
SOJI OK
SOZL OK
SOJT OK
SOJZ OK
SOLI OK
SOJL OK
SOLT OK
SOLJ OK
STIO OK
STIJ OK
SOLZ OK
SOZT OK
STIL OK
STOI OK
STOJ OK
STOL OK
STIZ OK
STZJ OK
STOZ OK
STJI OK
STZL OK
STZI OK
STJO OK
STZO OK
STJZ OK
STJL OK
STLI OK
STLO OK
STLZ OK
STLJ OK
SZIL OK
SZIJ OK
SZIT OK
SZOT OK
SZOJ OK
SZIO OK
SZOL OK
SZOI OK
SZTJ OK
SZTL OK
SZJI OK
SZJT OK
SZJO OK
SZLI OK
SZJL OK
SZTI OK
SZLT OK
SZLJ OK
SZTO OK
SZLO OK
SJIO OK
SJIL OK
SJIT OK
SJOI OK
SJIZ OK
SJOT OK
SJOZ OK
SJOL OK
SJTI OK
SJTO OK
SJTZ OK
SJTL OK
SJZI OK
SJZT OK
SJLI OK
SJZL OK
SJLT OK
SJLO OK
SJZO OK
SJLZ OK
SLIO OK
SLIT OK
SLIZ OK
SLIJ OK
SLOI OK
SLOT OK
SLTI OK
SLOJ OK
SLTO OK
SLZI OK
SLTJ OK
SLTZ OK
SLOZ OK
SLJI OK
SLZJ OK
SLZT OK
SLJO OK
SLJZ OK
SLJT OK
SLZO OK
ZIOJ OK
ZIOL OK
ZITO OK
ZITJ OK
ZITL OK
ZIOT OK
ZIOS OK
ZISJ OK
ZITS OK
ZIJO OK
ZISL OK
ZIJT OK
ZIJS OK
ZIJL OK
ZISO OK
ZILO OK
ZILT OK
ZILS OK
ZILJ OK
ZOIT OK
ZIST OK
ZOIS OK
ZOIL OK
ZOIJ OK
ZOTI OK
ZOTJ OK
ZOTL OK
ZOSI OK
ZOSJ OK
ZOJI OK
ZOSL OK
ZOJT OK
ZOJS OK
ZOJL OK
ZOLI OK
ZOLT OK
ZOLJ OK
ZOLS OK
ZTIO OK
ZOTS OK
ZOST OK
ZTIJ OK
ZTIL OK
ZTOI OK
ZTOJ OK
ZTOL OK
ZTIS OK
ZTSJ OK
ZTSL OK
ZTSI OK
ZTJI OK
ZTSO OK
ZTJO OK
ZTOS OK
ZTJS OK
ZTJL OK
ZTLI OK
ZTLO OK
ZTLS OK
ZTLJ OK
ZSIL OK
ZSIJ OK
ZSIT OK
ZSOJ OK
ZSOT OK
ZSIO OK
ZSOL OK
ZSTJ OK
ZSOI OK
ZSTL OK
ZSJI OK
ZSJT OK
ZSJO OK
ZSLI OK
ZSJL OK
ZSTI OK
ZSLT OK
ZSLJ OK
ZSTO OK
ZSLO OK
ZJIO OK
ZJIT OK
ZJIL OK
ZJIS OK
ZJOT OK
ZJOI OK
ZJOL OK
ZJTI OK
ZJTO OK
ZJTS OK
ZJTL OK
ZJSI OK
ZJST OK
ZJOS OK
ZJSL OK
ZJLI OK
ZJSO OK
ZJLT OK
ZJLO OK
ZJLS OK
ZLIO OK
ZLIT OK
ZLIJ OK
ZLIS OK
ZLOI OK
ZLOT OK
ZLOJ OK
ZLTI OK
ZLTO OK
ZLOS OK
ZLTS OK
ZLTJ OK
ZLSI OK
ZLST OK
ZLSJ OK
ZLSO OK
ZLJI OK
ZLJO OK
ZLJT OK
JIOT OK
JIOS OK
ZLJS OK
JIOZ OK
JIOL OK
JITO OK
JITL OK
JITS OK
JITZ OK
JISO OK
JISL OK
JIST OK
JISZ OK
JIZO OK
JIZT OK
JIZL OK
JILO OK
JILT OK
JILS OK
JILZ OK
JOIT OK
JOIS OK
JOIL OK
JOIZ OK
JOTI OK
JIZS OK
JOTS OK
JOTZ OK
JOTL OK
JOSI OK
JOST OK
JOSL OK
JOZI OK
JOZT OK
JOLI OK
JOZL OK
JOLT OK
JOLS OK
JOSZ OK
JTIO OK
JOLZ OK
JTIS OK
JTIL OK
JTIZ OK
JTOI OK
JTOS OK
JTOL OK
JTOZ OK
JOZS OK
JTSI OK
JTSO OK
JTSZ OK
JTZO OK
JTZI OK
JTSL OK
JTLI OK
JTLO OK
JTZS OK
JTZL OK
JTLS OK
JTLZ OK
JSIL OK
JSIT OK
JSIO OK
JSIZ OK
JSOT OK
JSOI OK
JSOL OK
JSTO OK
JSTI OK
JSTZ OK
JSTL OK
JSOZ OK
JSZI OK
JSLI OK
JSZT OK
JSZL OK
JSLT OK
JSLO OK
JSLZ OK
JZIT OK
JZIO OK
JSZO OK
JZIL OK
JZOT OK
JZOI OK
JZOL OK
JZTI OK
JZIS OK
JZTO OK
JZTS OK
JZTL OK
JZST OK
JZOS OK
JZSL OK
JZLI OK
JZLO OK
JZLT OK
JZSI OK
JLIO OK
JLIT OK
JLIS OK
JZLS OK
JLIZ OK
JZSO OK
JLOI OK
JLOT OK
JLTI OK
JLOS OK
JLOZ OK
JLTO OK
JLSI OK
JLTS OK
JLTZ OK
JLZI OK
JLST OK
JLSO OK
JLZT OK
JLZO OK
JLZS OK
LIOT OK
LIOS OK
LIOZ OK
LIOJ OK
LITO OK
LITZ OK
LITS OK
JLSZ OK
LITJ OK
LIST OK
LISO OK
LISJ OK
LIZT OK
LIZO OK
LIJO OK
LIZJ OK
LIJT OK
LISZ OK
LIJS OK
LIJZ OK
LOIT OK
LOIS OK
LOIZ OK
LOIJ OK
LOTI OK
LOTS OK
LOTZ OK
LOTJ OK
LIZS OK
LOSI OK
LOST OK
LOZI OK
LOZT OK
LOZJ OK
LOSJ OK
LOSZ OK
LOJI OK
LOZS OK
LOJT OK
LOJS OK
LOJZ OK
LTIO OK
LTIJ OK
LTOI OK
LTIS OK
LTIZ OK
LTOJ OK
LTSI OK
LTOS OK
LTOZ OK
LTSO OK
LTSZ OK
LTSJ OK
LTZI OK
LTJI OK
LTZO OK
LTZS OK
LTZJ OK
LTJO OK
LTJS OK
LSIO OK
LTJZ OK
LSIT OK
LSIZ OK
LSIJ OK
LSOI OK
LSOT OK
LSTI OK
LSTO OK
LSOJ OK
LSZI OK
LSTZ OK
LSTJ OK
LSOZ OK
LSZT OK
LSZJ OK
LSJI OK
LSJT OK
LSZO OK
LSJO OK
LSJZ OK
LZIO OK
LZIT OK
LZIJ OK
LZIS OK
LZOT OK
LZOI OK
LZOJ OK
LZTI OK
LZTO OK
LZTS OK
LZOS OK
LZTJ OK
LZST OK
LZSI OK
LZSJ OK
LZJI OK
LZSO OK
LZJO OK
LZJT OK
LJIO OK
LJIT OK
LZJS OK
LJIS OK
LJIZ OK
LJOI OK
LJOT OK
LJTI OK
LJOS OK
LJOZ OK
LJTO OK
LJSI OK
LJTS OK
LJTZ OK
LJZI OK
LJST OK
LJSO OK
LJZT OK
LJZO OK
LJZS OK
LJSZ OK
