IOTJ OK
IOTL OK
IOTZ OK
IOTS OK
IOSL OK
IOSJ OK
IOSZ OK
IOST OK
IOZL OK
IOZJ OK
IOJT OK
IOJS OK
IOJZ OK
IOJL OK
IOLT OK
IOLS OK
IOLZ OK
IOLJ OK
ITOS OK
ITOZ OK
IOZT OK
ITOJ OK
ITOL OK
ITSJ OK
IOZS OK
ITSL OK
ITSO OK
ITZJ OK
ITZL OK
ITZO OK
ITJO OK
ITJS OK
ITJZ OK
ITJL OK
ITLO OK
ITLS OK
ITLZ OK
ITLJ OK
ITSZ OK
ISOJ OK
ISOL OK
ISTO OK
ITZS OK
ISOT OK
ISTJ OK
ISTL OK
ISTZ OK
ISZJ OK
ISZL OK
ISJO OK
ISJT OK
ISJZ OK
ISJL OK
ISLO OK
ISLT OK
ISZT OK
ISLZ OK
ISLJ OK
ISZO OK
IZOT OK
IZOJ OK
IZOL OK
IZTO OK
IZTJ OK
IZOS OK
IZTL OK
IZTS OK
IZSJ OK
IZST OK
IZSL OK
IZSO OK
ISOZ CAP
IZJO OK
IZJT OK
IZJL OK
IZJS OK
IZLO OK
IZLT OK
IZLS OK
IZLJ OK
IJOT OK
IJOS OK
IJOL OK
IJOZ OK
IJTO OK
IJTL OK
IJTS OK
IJTZ OK
IJSO OK
IJSL OK
IJST OK
IJSZ OK
IJZO OK
IJZT OK
IJZL OK
IJLO OK
IJLT OK
IJLS OK
IJLZ OK
ILOT OK
ILOS OK
ILOZ OK
ILOJ OK
ILTO OK
IJZS OK
ILTS OK
ILTZ OK
ILTJ OK
ILST OK
ILSO OK
ILZO OK
ILSJ OK
ILZT OK
ILZS OK
ILJO OK
ILZJ OK
ILJT OK
ILJS OK
ILJZ OK
ILSZ OK
OITJ OK
OITS OK
OITZ OK
OITL OK
OISL OK
OIST OK
OISJ OK
OIZJ OK
OIZT OK
OIZS OK
OIZL OK
OIJT OK
OIJS OK
OIJL OK
OIJZ OK
OILT OK
OISZ OK
OILZ OK
OILS OK
OILJ OK
OTIJ OK
OTIS OK
OTIL OK
OTIZ OK
OTSJ OK
OTSI OK
OTSL OK
OTZI OK
OTZJ OK
OTJI OK
OTZL OK
OTJS OK
OTJZ OK
OTLI OK
OTJL OK
OTLS OK
OTLZ OK
OTLJ OK
OSIT OK
OSIJ OK
OTSZ OK
OSIL OK
OSTI OK
OSIZ OK
OSTJ OK
OSTL OK
OTZS OK
OSZI OK
OSTZ OK
OSZL OK
OSZJ OK
OSJI OK
OSJZ OK
OSJT OK
OSJL OK
OSLI OK
OSLT OK
OZIT OK
OSLJ OK
OSLZ OK
OZIJ OK
OSZT OK
OZIS OK
OZIL OK
OZTJ OK
OZTI OK
OZTL OK
OZSI OK
OZSJ OK
OZJI OK
OZSL OK
OZJT OK
OZJS OK
OZJL OK
OZLI OK
OZLT OK
OZLJ OK
OZLS OK
OJIT OK
OJIS OK
OJIZ OK
OZTS OK
OJIL OK
OJTI OK
OZST OK
OJTS OK
OJTZ OK
OJTL OK
OJSI OK
OJST OK
OJSL OK
OJZI OK
OJZT OK
OJZL OK
OJLI OK
OJSZ OK
OJLT OK
OJLS OK
OLIT OK
OLIS OK
OJLZ OK
OLIZ OK
OLIJ OK
OLTI OK
OLTS OK
OLTJ OK
OLTZ OK
OJZS OK
OLSI OK
OLST OK
OLZI OK
OLZT OK
OLSJ OK
OLSZ OK
OLZJ OK
OLJI OK
OLZS OK
OLJT OK
OLJS OK
OLJZ OK
TIOJ OK
TIOL OK
TIOS OK
TIOZ OK
TISL OK
TISO OK
TISJ OK
TIZJ OK
TIZL OK
TIJO OK
TIZO OK
TIJS OK
TIJZ OK
TIJL OK
TISZ OK
TILO OK
TILS OK
TILZ OK
TILJ OK
TOIJ OK
TOIS OK
TOIZ OK
TOIL OK
TOSI OK
TOSJ OK
TOSL OK
TOZI OK
TOZJ OK
TOZL OK
TOJI OK
TIZS OK
TOJS OK
TOJZ OK
TOLI OK
TOJL OK
TOLS OK
TOLZ OK
TOSZ OK
TOLJ OK
TSIO OK
TSIJ OK
TSIL OK
TSOI OK
TSOJ OK
TSOL OK
TOZS OK
TSIZ OK
TSZJ OK
TSOZ OK
TSZL OK
TSJI OK
TSJO OK
TSJZ OK
TSJL OK
TSLI OK
TSZO OK
TSLO OK
TSLZ OK
TSLJ OK
TSZI OK
TZIJ OK
TZIL OK
TZIO OK
TZOJ OK
TZOI OK
TZOL OK
TZIS OK
TZSJ OK
TZSO OK
TZSI OK
TZSL OK
TZOS OK
TZJO OK
TZJI OK
TZJS OK
TZJL OK
TZLI OK
TZLO OK
TZLJ OK
TJIO OK
TZLS OK
TJIS OK
TJIL OK
TJOI OK
TJIZ OK
TJOS OK
TJOZ OK
TJOL OK
TJSI OK
TJSO OK
TJSZ OK
TJSL OK
TJZI OK
TJZO OK
TJLI OK
TJLO OK
TJZS OK
TJZL OK
TJLS OK
TLIO OK
TJLZ OK
TLIJ OK
TLIS OK
TLOI OK
TLIZ OK
TLOJ OK
TLSI OK
TLOS OK
TLOZ OK
TLSO OK
TLSZ OK
TLSJ OK
TLZI OK
TLJI OK
TLZO OK
TLZS OK
TLZJ OK
TLJO OK
TLJS OK
TLJZ OK
SIOJ OK
SIOL OK
SITO OK
SITJ OK
SIOT OK
SITL OK
SITZ OK
SIZJ OK
SIZL OK
SIJO OK
SIOZ OK
SIZT OK
SIJT OK
SIJL OK
SILO OK
SIJZ OK
SILT OK
SILZ OK
SILJ OK
SOIT OK
SOIJ OK
SOIL OK
SOTI OK
SOTJ OK
SOIZ OK
SOTL OK
SIZO OK
SOZI OK
SOZJ OK
SOTZ OK
SOJI OK
SOZL OK
SOJT OK
SOJZ OK
SOLI OK
SOJL OK
SOLT OK
SOLJ OK
STIO OK
STIJ OK
SOLZ OK
SOZT OK
STIL OK
STOI OK
STOJ OK
STOL OK
STIZ OK
STZJ OK
STOZ OK
STZL OK
STZI OK
STJI OK
STZO OK
STJO OK
STJZ OK
STJL OK
STLI OK
STLO OK
STLZ OK
STLJ OK
SZIL OK
SZIJ OK
SZIT OK
SZOJ OK
SZOT OK
SZOL OK
SZIO OK
SZTJ OK
SZOI OK
SZTL OK
SZJI OK
SZJO OK
SZJT OK
SZJL OK
SZLI OK
SZTI OK
SZLT OK
SZTO OK
SZLO OK
SZLJ OK
SJIO OK
SJIT OK
SJIL OK
SJOI OK
SJIZ OK
SJOT OK
SJOZ OK
SJOL OK
SJTO OK
SJTI OK
SJTZ OK
SJTL OK
SJZI OK
SJLI OK
SJZT OK
SJZL OK
SJLT OK
SJLO OK
SJZO OK
SJLZ OK
SLIO OK
SLIT OK
SLIZ OK
SLIJ OK
SLOI OK
SLOT OK
SLTI OK
SLOJ OK
SLTO OK
SLTZ OK
SLZI OK
SLTJ OK
SLOZ OK
SLJI OK
SLZT OK
SLZJ OK
SLJT OK
SLJO OK
SLJZ OK
SLZO OK
ZIOL OK
ZIOJ OK
ZITO OK
ZITJ OK
ZITL OK
ZIOT OK
ZIOS OK
ZITS OK
ZISJ OK
ZISL OK
ZIJO OK
ZIJT OK
ZIJS OK
ZIJL OK
ZISO OK
ZILO OK
ZILT OK
ZILS OK
ZOIT OK
ZILJ OK
ZOIS OK
ZIST OK
ZOIJ OK
ZOIL OK
ZOTI OK
ZOTJ OK
ZOTL OK
ZOSI OK
ZOSJ OK
ZOJI OK
ZOJT OK
ZOSL OK
ZOJL OK
ZOJS OK
ZOLI OK
ZOLT OK
ZOLJ OK
ZOLS OK
ZTIO OK
ZOTS OK
ZTIJ OK
ZOST OK
ZTIL OK
ZTOI OK
ZTOJ OK
ZTOL OK
ZTIS OK
ZTSJ OK
ZTSI OK
ZTSO OK
ZTJI OK
ZTSL OK
ZTOS OK
ZTJO OK
ZTJS OK
ZTJL OK
ZTLI OK
ZTLJ OK
ZTLO OK
ZTLS OK
ZSIL OK
ZSIJ OK
ZSIT OK
ZSOJ OK
ZSOT OK
ZSIO OK
ZSOL OK
ZSOI OK
ZSTJ OK
ZSTL OK
ZSJI OK
ZSJO OK
ZSJT OK
ZSJL OK
ZSLI OK
ZSTI OK
ZSLT OK
ZSTO OK
ZSLO OK
ZSLJ OK
ZJIO OK
ZJIT OK
ZJIL OK
ZJIS OK
ZJOI OK
ZJOT OK
ZJOL OK
ZJTI OK
ZJTO OK
ZJTS OK
ZJTL OK
ZJSI OK
ZJST OK
ZJOS OK
ZJLI OK
ZJSL OK
ZJSO OK
ZJLT OK
ZLIO OK
ZJLO OK
ZJLS OK
ZLIT OK
ZLIJ OK
ZLIS OK
ZLOI OK
ZLOT OK
ZLOJ OK
ZLTI OK
ZLTO OK
ZLOS OK
ZLTS OK
ZLTJ OK
ZLSI OK
ZLST OK
ZLSJ OK
ZLSO OK
ZLJI OK
ZLJO OK
ZLJT OK
JIOT OK
JIOS OK
ZLJS OK
JIOZ OK
JIOL OK
JITO OK
JITL OK
JITS OK
JITZ OK
JISO OK
JISL OK
JIST OK
JISZ OK
JIZO OK
JIZT OK
JIZL OK
JILO OK
JILT OK
JILS OK
JILZ OK
JOIT OK
JOIS OK
JOIZ OK
JOIL OK
JOTI OK
JIZS OK
JOTS OK
JOTZ OK
JOTL OK
JOSI OK
JOST OK
JOZI OK
JOSL OK
JOZT OK
JOZL OK
JOLI OK
JOLT OK
JOLS OK
JOSZ OK
JTIO OK
JOLZ OK
JTIL OK
JTIS OK
JTIZ OK
JTOI OK
JTOL OK
JTOS OK
JTOZ OK
JOZS OK
JTSO OK
JTSI OK
JTSZ OK
JTSL OK
JTZO OK
JTZI OK
JTLI OK
JTZS OK
JTLO OK
JTZL OK
JTLS OK
JTLZ OK
JSIO OK
JSIL OK
JSIT OK
JSIZ OK
JSOT OK
JSOI OK
JSTI OK
JSOL OK
JSTO OK
JSTZ OK
JSTL OK
JSOZ OK
JSZI OK
JSZT OK
JSLI OK
JSZL OK
JSLT OK
JSLO OK
JSLZ OK
JZIT OK
JSZO OK
JZIO OK
JZIL OK
JZOT OK
JZOI OK
JZOL OK
JZTI OK
JZIS OK
JZTO OK
JZTS OK
JZTL OK
JZST OK
JZSL OK
JZOS OK
JZLI OK
JZLO OK
JZLT OK
JLIO OK
JZSI OK
JZLS OK
JLIT OK
JLIS OK
JLIZ OK
JZSO OK
JLOI OK
JLOT OK
JLTI OK
JLOS OK
JLOZ OK
JLTO OK
JLSI OK
JLTS OK
JLTZ OK
JLZI OK
JLST OK
JLSO OK
JLZT OK
JLZO OK
LIOT OK
JLZS OK
LIOS OK
LIOZ OK
LIOJ OK
LITO OK
JLSZ OK
LITS OK
LITZ OK
LITJ OK
LIST OK
LISO OK
LISJ OK
LIZT OK
LIZO OK
LIJO OK
LIJT OK
LIZJ OK
LISZ OK
LIJS OK
LIJZ OK
LOIT OK
LOIS OK
LOIZ OK
LOIJ OK
LOTI OK
LOTS OK
LOTZ OK
LOTJ OK
LOSI OK
LIZS OK
LOST OK
LOZI OK
LOZT OK
LOSJ OK
LOZJ OK
LOSZ OK
LOJI OK
LOZS OK
LOJT OK
LOJS OK
LOJZ OK
LTIO OK
LTIJ OK
LTOI OK
LTIS OK
LTIZ OK
LTSI OK
LTOS OK
LTOJ OK
LTOZ OK
LTSO OK
LTSZ OK
LTZI OK
LTSJ OK
LTJI OK
LTZO OK
LTZS OK
LTZJ OK
LTJO OK
LSIO OK
LTJS OK
LTJZ OK
LSIT OK
LSIZ OK
LSIJ OK
LSOI OK
LSOT OK
LSTI OK
LSOJ OK
LSTO OK
LSTZ OK
LSTJ OK
LSZI OK
LSOZ OK
LSZT OK
LSZJ OK
LSJI OK
LSZO OK
LSJT OK
LSJO OK
LSJZ OK
LZIT OK
LZIO OK
LZIJ OK
LZIS OK
LZOT OK
LZOI OK
LZOJ OK
LZTI OK
LZTO OK
LZOS OK
LZTS OK
LZTJ OK
LZSI OK
LZST OK
LZSJ OK
LZJI OK
LZSO OK
LZJO OK
LZJT OK
LJIO OK
LJIT OK
LZJS OK
LJIS OK
LJIZ OK
LJOI OK
LJOT OK
LJOS OK
LJTI OK
LJOZ OK
LJTO OK
LJSI OK
LJTS OK
LJTZ OK
LJST OK
LJZI OK
LJSO OK
LJZT OK
LJZO OK
LJZS OK
LJSZ OK
