IOTL OK
IOTZ OK
IOTS OK
IOTJ OK
IOST OK
IOSJ OK
IOSZ OK
IOSL OK
IOZJ OK
IOZL OK
IOJT OK
IOJS OK
IOJZ OK
IOJL OK
IOLT OK
IOZT OK
IOLS OK
IOLZ OK
IOLJ OK
ITOS OK
ITOZ OK
ITOJ OK
IOZS OK
ITOL OK
ITSO OK
ITSL OK
ITSJ OK
ITZO OK
ITZL OK
ITZJ OK
ITZS OK
ITJO OK
ITJS OK
ITJZ OK
ITJL OK
ITLO OK
ITLS OK
ITLZ OK
ITLJ OK
ITSZ OK
ISOT OK
ISOZ OK
ISOJ OK
ISOL OK
ISTO OK
ISTJ OK
ISTL OK
ISZJ OK
ISZL OK
ISJO OK
ISTZ OK
ISJT OK
ISJL OK
ISZT OK
ISJZ OK
ISZO OK
ISLO OK
ISLT OK
ISLZ OK
ISLJ OK
IZOJ OK
IZOT OK
IZOL OK
IZTO OK
IZTJ OK
IZTL OK
IZTS OK
IZSJ OK
IZST OK
IZSL OK
IZOS OK
IZJO OK
IZJT OK
IZJL OK
IZJS OK
IZLO OK
IZLT OK
IZLS OK
IZSO OK
IZLJ OK
IJOT OK
IJOS OK
IJOZ OK
IJOL OK
IJTO OK
IJTZ OK
IJTS OK
IJTL OK
IJST OK
IJSL OK
IJSO OK
IJZT OK
IJSZ OK
IJZO OK
IJZS OK
IJZL OK
IJLO OK
IJLT OK
IJLS OK
IJLZ OK
ILOT OK
ILOS OK
ILOZ OK
ILOJ OK
ILTO OK
ILTS OK
ILTZ OK
ILTJ OK
ILSO OK
ILST OK
ILSZ OK
ILSJ OK
ILZT OK
ILZJ OK
ILJO OK
ILZO OK
ILJT OK
ILZS OK
ILJS OK
ILJZ OK
OITS OK
OITZ OK
OITJ OK
OITL OK
OIST OK
OISJ OK
OISZ OK
OISL OK
OIZJ OK
OIZL OK
OIJT OK
OIJS OK
OIJZ OK
OIJL OK
OILT OK
OIZT OK
OILS OK
OILJ OK
OILZ OK
OTIS OK
OTIZ OK
OTIJ OK
OIZS OK
OTIL OK
OTSI OK
OTSJ OK
OTSL OK
OTZI OK
OTZJ OK
OTZL OK
OTJI OK
OTJS OK
OTJZ OK
OTJL OK
OTSZ OK
OTLI OK
OTLS OK
OTLZ OK
OTZS OK
OTLJ OK
OSIT OK
OSIZ OK
OSIJ OK
OSIL OK
OSTI OK
OSTJ OK
OSZI OK
OSTL OK
OSZL OK
OSZJ OK
OSJI OK
OSTZ OK
OSJT OK
OSJZ OK
OSZT OK
OSJL OK
OSLI OK
OSLT OK
OSLJ OK
OSLZ OK
OZIJ OK
OZIL OK
OZIT OK
OZTJ OK
OZTI OK
OZTL OK
OZTS OK
OZIS OK
OZSL OK
OZSJ OK
OZJI OK
OZJT OK
OZJL OK
OZST OK
OZJS OK
OZSI OK
OZLT OK
OZLI OK
OZLJ OK
OJIT OK
OJIS OK
OJIZ OK
OJIL OK
OJTI OK
OJTS OK
OJTZ OK
OJTL OK
OJSI OK
OZLS OK
OJST OK
OJSZ OK
OJSL OK
OJZI OK
OJZT OK
OJZL OK
OJLI OK
OJLT OK
OJLS OK
OJLZ OK
OLIT OK
OLIS OK
OLIZ OK
OLIJ OK
OLTI OK
OLTS OK
OLTZ OK
OLTJ OK
OLSI OK
OLST OK
OLSZ OK
OLSJ OK
OLZI OK
OLZT OK
OLZJ OK
OLJI OK
OLJT OK
OLJS OK
OLJZ OK
TIOS OK
TIOJ OK
TIOZ OK
TIOL OK
TISO OK
TISJ OK
TISL OK
TIZO OK
TIZS OK
TIZJ OK
TISZ OK
TIZL OK
TIJO OK
TIJS OK
OLZS OK
TIJZ OK
TIJL OK
TILO OK
TILS OK
TILZ OK
TILJ OK
TOIS OK
TOIZ OK
TOIJ OK
TOIL OK
TOSI OK
TOSJ OK
TOSL OK
TOZI OK
TOZJ OK
TOZL OK
TOJI OK
TOSZ OK
TOJS OK
TOJZ OK
TOJL OK
TOZS OK
TOLI OK
OJZS OK
TOLS OK
TOLZ OK
TOLJ OK
TSIO OK
TSIJ OK
TSIL OK
TSOI OK
TSOJ OK
TSOL OK
TSZI OK
TSZJ OK
TSZL OK
TSIZ OK
TSOZ OK
TSJI OK
TSJO OK
TSLI OK
TSJL OK
TSZO OK
TSJZ OK
TSLO OK
TSLZ OK
TSLJ OK
TZIJ OK
TZIO OK
TZIL OK
TZIS OK
TZOI OK
TZOJ OK
TZOL OK
TZSI OK
TZSJ OK
TZJI OK
TZSL OK
TZJO OK
TZJS OK
TZOS OK
TZLI OK
TZJL OK
TZLO OK
TZSO OK
TZLJ OK
TJIO OK
TJIS OK
TZLS OK
TJIZ OK
TJIL OK
TJOI OK
TJOS OK
TJOZ OK
TJOL OK
TJSI OK
TJSO OK
TJZI OK
TJZO OK
TJSL OK
TJSZ OK
TJZS OK
TJLI OK
TJZL OK
TJLO OK
TLIO OK
TLIS OK
TLIZ OK
TJLS OK
TLIJ OK
TJLZ OK
TLOI OK
TLOS OK
TLOZ OK
TLOJ OK
TLSI OK
TLSO OK
TLSZ OK
TLSJ OK
TLZI OK
TLZO OK
TLZJ OK
TLJI OK
TLJO OK
TLZS OK
TLJS OK
TLJZ OK
SIOT OK
SIOZ OK
SIOJ OK
SIOL OK
SITO OK
SITL OK
SITJ OK
SIZJ OK
SIZL OK
SIJO OK
SITZ OK
SIJT OK
SIZT OK
SIZO OK
SIJZ OK
SIJL OK
SILO OK
SILT OK
SILZ OK
SILJ OK
SOIT OK
SOIZ OK
SOIJ OK
SOIL OK
SOTI OK
SOTJ OK
SOTL OK
SOZI OK
SOZL OK
SOZJ OK
SOTZ OK
SOJI OK
SOJT OK
SOJZ OK
SOJL OK
SOZT OK
SOLI OK
SOLT OK
SOLZ OK
SOLJ OK
STIO OK
STIL OK
STIJ OK
STOI OK
STOJ OK
STOL OK
STZI OK
STIZ OK
STZJ OK
STOZ OK
STZL OK
STJI OK
STJO OK
STJZ OK
STJL OK
STZO OK
STLI OK
STLO OK
STLZ OK
STLJ OK
SZIL OK
SZIJ OK
SZIO OK
SZIT OK
SZOT OK
SZOJ OK
SZOL OK
SZOI OK
SZTJ OK
SZTL OK
SZJI OK
SZJO OK
SZJT OK
SZTO OK
SZTI OK
SZLI OK
SZLT OK
SZJL OK
SZLJ OK
SJIO OK
SJIT OK
SJIZ OK
SJIL OK
SJOI OK
SJOT OK
SJOZ OK
SZLO OK
SJOL OK
SJTO OK
SJTI OK
SJTL OK
SJTZ OK
SJZI OK
SJZO OK
SJZT OK
SJLI OK
SJLO OK
SJLT OK
SLIO OK
SJLZ OK
SLIT OK
SLIZ OK
SLIJ OK
SLOI OK
SLOT OK
SLOZ OK
SJZL OK
SLOJ OK
SLTI OK
SLTO OK
SLTZ OK
SLTJ OK
SLZI OK
SLZT OK
SLJI OK
SLZJ OK
SLJO OK
SLJT OK
SLJZ OK
ZIOT OK
ZIOJ OK
ZIOL OK
ZITO OK
SLZO OK
ZITS OK
ZITJ OK
ZITL OK
ZIOS OK
ZIST OK
ZISJ OK
ZISL OK
ZIJT OK
ZIJO OK
ZIJS OK
ZIJL OK
ZILO OK
ZILT OK
ZILS OK
ZISO OK
ZILJ OK
ZOIT OK
ZOIJ OK
ZOIL OK
ZOTJ OK
ZOTI OK
ZOTL OK
ZOIS OK
ZOTS OK
ZOSL OK
ZOSJ OK
ZOJI OK
ZOST OK
ZOSI OK
ZOJT OK
ZOJS OK
ZOLI OK
ZOJL OK
ZOLT OK
ZOLJ OK
ZTIO OK
ZTIS OK
ZTIJ OK
ZTIL OK
ZTOI OK
ZTOJ OK
ZTOL OK
ZOLS OK
ZTSI OK
ZTSJ OK
ZTSL OK
ZTJI OK
ZTOS OK
ZTJO OK
ZTJS OK
ZTJL OK
ZTLI OK
ZTSO OK
ZTLO OK
ZTLJ OK
ZTLS OK
ZSIT OK
ZSIJ OK
ZSIL OK
ZSOJ OK
ZSOL OK
ZSIO OK
ZSOT OK
ZSTI OK
ZSOI OK
ZSTJ OK
ZSTL OK
ZSJI OK
ZSJT OK
ZSJO OK
ZSTO OK
ZSLI OK
ZSLT OK
ZSJL OK
ZSLJ OK
ZJIO OK
ZJIT OK
ZJIL OK
ZJIS OK
ZJOI OK
ZJOT OK
ZSLO OK
ZJOS OK
ZJOL OK
ZJTI OK
ZJTO OK
ZJTS OK
ZJTL OK
ZJST OK
ZJSI OK
ZJLI OK
ZJLO OK
ZJLT OK
ZJLS OK
ZJSO OK
ZLIO OK
ZLIT OK
ZJSL OK
ZLIS OK
ZLIJ OK
ZLOI OK
ZLOT OK
ZLOJ OK
ZLTI OK
ZLTO OK
ZLTJ OK
ZLSI OK
ZLTS OK
ZLST OK
ZLSJ OK
ZLJI OK
ZLOS OK
ZLJO OK
ZLJT OK
ZLJS OK
JIOT OK
JIOS OK
JIOZ OK
JIOL OK
JITO OK
ZLSO OK
JITS OK
JITZ OK
JITL OK
JIST OK
JISL OK
JISO OK
JIZO OK
JIZT OK
JISZ OK
JIZL OK
JIZS OK
JILT OK
JILO OK
JILS OK
JOIT OK
JILZ OK
JOIS OK
JOIZ OK
JOTI OK
JOIL OK
JOTS OK
JOTZ OK
JOTL OK
JOST OK
JOSI OK
JOSZ OK
JOSL OK
JOZI OK
JOZT OK
JOZL OK
JOLI OK
JOLT OK
JOLZ OK
JOLS OK
JTIO OK
JTIZ OK
JTIS OK
JTIL OK
JTOI OK
JTOS OK
JTOZ OK
JTOL OK
JTSI OK
JTSO OK
JTSL OK
JTZI OK
JTZO OK
JTZS OK
JTSZ OK
JOZS OK
JTZL OK
JTLI OK
JTLO OK
JSIT OK
JSIO OK
JTLS OK
JTLZ OK
JSIL OK
JSIZ OK
JSOT OK
JSOI OK
JSOL OK
JSOZ OK
JSTI OK
JSTO OK
JSTL OK
JSTZ OK
JSZI OK
JSZO OK
JSLI OK
JSZT OK
JSLO OK
JSLT OK
JZIT OK
JSLZ OK
JZIO OK
JZIS OK
JZIL OK
JZOI OK
JSZL OK
JZOT OK
JZOL OK
JZTI OK
JZTO OK
JZTS OK
JZTL OK
JZSI OK
JZST OK
JZLI OK
JZLO OK
JZLT OK
JZSL OK
JZOS OK
JZLS OK
JLIO OK
JLIT OK
JLIS OK
JLIZ OK
JLOI OK
JLOT OK
JZSO OK
JLOS OK
JLTI OK
JLOZ OK
JLTO OK
JLTS OK
JLTZ OK
JLSI OK
JLSO OK
JLST OK
JLZI OK
JLZO OK
JLZT OK
LIOT OK
LIOS OK
LIOZ OK
LIOJ OK
JLSZ OK
LITO OK
LITS OK
LITZ OK
LITJ OK
JLZS OK
LISO OK
LIST OK
LISZ OK
LISJ OK
LIZT OK
LIZJ OK
LIJO OK
LIZO OK
LIJT OK
LIJS OK
LIJZ OK
LIZS OK
LOIT OK
LOIJ OK
LOIS OK
LOIZ OK
LOTI OK
LOTS OK
LOTJ OK
LOTZ OK
LOSI OK
LOST OK
LOSJ OK
LOSZ OK
LOZT OK
LOZJ OK
LOZI OK
LOJI OK
LOJT OK
LOJS OK
LOJZ OK
LTIO OK
LTIS OK
LTIZ OK
LTIJ OK
LTOI OK
LTOS OK
LTOZ OK
LTOJ OK
LTSI OK
LTSO OK
LTSZ OK
LTSJ OK
LTZI OK
LTZO OK
LTZJ OK
LTJI OK
LTJO OK
LTZS OK
LTJS OK
LTJZ OK
LSIO OK
LSIT OK
LSIZ OK
LSIJ OK
LSOI OK
LSOT OK
LSOZ OK
LSOJ OK
LSTI OK
LSTO OK
LSTZ OK
LSTJ OK
LSZI OK
LSZT OK
LOZS OK
LSJI OK
LSZJ OK
LSJO OK
LSJT OK
LSJZ OK
LZIT OK
LZIO OK
LZIJ OK
LZIS OK
LZOT OK
LZOI OK
LZOJ OK
LZTI OK
LZTO OK
LSZO OK
LZTJ OK
LZTS OK
LZST OK
LZSI OK
LZJI OK
LZSJ OK
LZJO OK
LZJT OK
LZJS OK
LJIO OK
LJIT OK
LJIS OK
LJIZ OK
LJOI OK
LJOT OK
LJOS OK
LZSO OK
LJOZ OK
LJTI OK
LZOS OK
LJTO OK
LJTS OK
LJTZ OK
LJSI OK
LJSO OK
LJST OK
LJZI OK
LJZO OK
LJZT OK
LJSZ OK
LJZS OK
