IOTJ OK
IOTL OK
IOTZ OK
IOTS OK
IOSJ OK
IOSL OK
IOSZ OK
IOST OK
IOZJ OK
IOZL OK
IOZT OK
IOZS OK
IOJT OK
IOJS OK
IOJZ OK
IOJL OK
IOLT OK
IOLS OK
IOLZ OK
IOLJ OK
ITOJ OK
ITOS OK
ITOZ OK
ITOL OK
ITSJ OK
ITSO OK
ITSL OK
ITZO OK
ITZJ OK
ITZL OK
ITJO OK
ITJS OK
ITJZ OK
ITJL OK
ITLO OK
ITLS OK
ITLZ OK
ITSZ OK
ITLJ OK
ITZS OK
ISOJ OK
ISOL OK
ISTO OK
ISOT OK
ISTJ OK
ISOZ OK
ISTL OK
ISZJ OK
ISZL OK
ISTZ OK
ISJO OK
ISJT OK
ISZT OK
ISZO OK
ISJL OK
ISJZ OK
ISLO OK
ISLT OK
ISLZ OK
ISLJ OK
IZOL OK
IZOJ OK
IZTO OK
IZOT OK
IZTJ OK
IZTL OK
IZOS OK
IZSJ OK
IZTS OK
IZSL OK
IZSO OK
IZJT OK
IZJO OK
IZJL OK
IZST OK
IZLO OK
IZJS OK
IZLJ OK
IZLT OK
IZLS OK
IJOT OK
IJOL OK
IJOS OK
IJOZ OK
IJTO OK
IJTS OK
IJTZ OK
IJTL OK
IJSO OK
IJST OK
IJSL OK
IJSZ OK
IJZT OK
IJZL OK
IJZO OK
IJLO OK
IJLT OK
IJLS OK
IJLZ OK
ILOT OK
ILOS OK
ILOZ OK
ILOJ OK
ILTO OK
ILTS OK
ILTZ OK
ILTJ OK
ILSO OK
ILST OK
ILSZ OK
ILSJ OK
ILZO OK
ILZT OK
ILZJ OK
ILJO OK
ILZS OK
ILJT OK
ILJS OK
ILJZ OK
OITS OK
OITJ OK
OITZ OK
IJZS OK
OITL OK
OISJ OK
OISL OK
OIST OK
OISZ OK
OIZT OK
OIZJ OK
OIZL OK
OIJT OK
OIJS OK
OIJZ OK
OIZS OK
OIJL OK
OILT OK
OILS OK
OILZ OK
OILJ OK
OTIS OK
OTIZ OK
OTIJ OK
OTIL OK
OTSI OK
OTSJ OK
OTSL OK
OTZJ OK
OTZI OK
OTZL OK
OTJI OK
OTJS OK
OTJZ OK
OTJL OK
OTLI OK
OTLS OK
OTLZ OK
OTLJ OK
OTZS OK
OSIJ OK
OSIT OK
OSIL OK
OSIZ OK
OSTJ OK
OSTL OK
OSTI OK
OSTZ OK
OTSZ OK
OSZL OK
OSJI OK
OSZJ OK
OSZI OK
OSZT OK
OSJL OK
OSLI OK
OSLT OK
OSLZ OK
OSJT OK
OSJZ OK
OSLJ OK
OZIJ OK
OZIL OK
OZIT OK
OZTJ OK
OZIS OK
OZTI OK
OZTL OK
OZTS OK
OZSL OK
OZSI OK
OZSJ OK
OZJI OK
OZST OK
OZJL OK
OZJT OK
OZLT OK
OZLI OK
OZLJ OK
OZJS OK
OZLS OK
OJIT OK
OJIL OK
OJTI OK
OJIS OK
OJIZ OK
OJTS OK
OJTZ OK
OJTL OK
OJSI OK
OJSL OK
OJZI OK
OJST OK
OJZL OK
OJZT OK
OJLI OK
OJLT OK
OJLS OK
OJLZ OK
OLIT OK
OLIS OK
OLIJ OK
OLIZ OK
OLTI OK
OLTS OK
OJSZ OK
OJZS OK
OLTZ OK
OLTJ OK
OLSI OK
OLST OK
OLSJ OK
OLSZ OK
OLZI OK
OLZT OK
OLZJ OK
OLZS OK
OLJI OK
OLJT OK
OLJS OK
OLJZ OK
TIOJ OK
TIOS OK
TIOZ OK
TIOL OK
TISJ OK
TISO OK
TISL OK
TIZO OK
TIZJ OK
TIZL OK
TIJO OK
TIJS OK
TIJZ OK
TIJL OK
TILO OK
TILS OK
TILZ OK
TISZ OK
TILJ OK
TOIS OK
TOIZ OK
TOIJ OK
TOIL OK
TIZS OK
TOSI OK
TOSJ OK
TOSL OK
TOZI OK
TOZJ OK
TOZL OK
TOJI OK
TOJS OK
TOJZ OK
TOJL OK
TOLI OK
TOLS OK
TOLZ OK
TOLJ OK
TSIO OK
TOZS OK
TSIJ OK
TSIL OK
TSOI OK
TSOJ OK
TSOL OK
TSIZ OK
TOSZ OK
TSZJ OK
TSZL OK
TSZI OK
TSJI OK
TSZO OK
TSJO OK
TSJL OK
TSJZ OK
TSLI OK
TSLO OK
TSLZ OK
TSLJ OK
TZIJ OK
TZIO OK
TZIL OK
TZOI OK
TZOJ OK
TZOL OK
TSOZ OK
TZIS OK
TZSJ OK
TZOS OK
TZSL OK
TZJI OK
TZJO OK
TZSI OK
TZJL OK
TZLI OK
TZJS OK
TZLO OK
TZLS OK
TZLJ OK
TZSO OK
TJIO OK
TJIS OK
TJIZ OK
TJIL OK
TJOI OK
TJOS OK
TJOZ OK
TJOL OK
TJSI OK
TJSO OK
TJSZ OK
TJSL OK
TJZI OK
TJZO OK
TJZS OK
TJZL OK
TJLI OK
TJLO OK
TJLS OK
TJLZ OK
TLIO OK
TLIS OK
TLIZ OK
TLIJ OK
TLOI OK
TLOS OK
TLOZ OK
TLOJ OK
TLSI OK
TLSO OK
TLSZ OK
TLSJ OK
TLZO OK
TLZI OK
TLZS OK
TLZJ OK
TLJI OK
TLJO OK
TLJS OK
TLJZ OK
SIOJ OK
SIOL OK
SITO OK
SIOT OK
SIOZ OK
SITJ OK
SITL OK
SIZJ OK
SITZ OK
SIZL OK
SIJO OK
SIJT OK
SIZT OK
SIJZ OK
SIJL OK
SIZO OK
SILO OK
SILT OK
SILZ OK
SILJ OK
SOIJ OK
SOIL OK
SOIT OK
SOIZ OK
SOTJ OK
SOTL OK
SOTI OK
SOTZ OK
SOZL OK
SOZJ OK
SOJI OK
SOZT OK
SOZI OK
SOJL OK
SOJT OK
SOLI OK
SOLT OK
SOJZ OK
SOLJ OK
SOLZ OK
STIO OK
STIJ OK
STIL OK
STOI OK
STOJ OK
STOL OK
STIZ OK
STZJ OK
STOZ OK
STZL OK
STJI OK
STZI OK
STJO OK
STZO OK
STJZ OK
STJL OK
STLI OK
STLO OK
STLZ OK
STLJ OK
SZIJ OK
SZIL OK
SZIT OK
SZIO OK
SZOT OK
SZOL OK
SZOJ OK
SZOI OK
SZTJ OK
SZTL OK
SZTI OK
SZJI OK
SZTO OK
SZLI OK
SZJO OK
SZJT OK
SZJL OK
SZLO OK
SZLJ OK
SZLT OK
SJIO OK
SJIT OK
SJIL OK
SJIZ OK
SJOI OK
SJOL OK
SJTI OK
SJOT OK
SJTO OK
SJOZ OK
SJTZ OK
SJTL OK
SJZI OK
SJLI OK
SJZT OK
SJZL OK
SJLO OK
SJLT OK
SJZO OK
SJLZ OK
SLIO OK
SLIT OK
SLIZ OK
SLIJ OK
SLOI OK
SLOJ OK
SLOT OK
SLOZ OK
SLTI OK
SLTO OK
SLTJ OK
SLTZ OK
SLZI OK
SLZO OK
SLZJ OK
SLZT OK
SLJI OK
SLJT OK
SLJO OK
SLJZ OK
ZIOL OK
ZIOJ OK
ZITO OK
ZIOT OK
ZITJ OK
ZIOS OK
ZITL OK
ZISJ OK
ZITS OK
ZISL OK
ZIJT OK
ZIJO OK
ZISO OK
ZIST OK
ZIJL OK
ZILO OK
ZIJS OK
ZILT OK
ZILS OK
ZILJ OK
ZOIJ OK
ZOIL OK
ZOIT OK
ZOTJ OK
ZOIS OK
ZOTL OK
ZOTI OK
ZOTS OK
ZOSI OK
ZOSL OK
ZOSJ OK
ZOJI OK
ZOST OK
ZOJT OK
ZOJL OK
ZOLI OK
ZOLT OK
ZOLS OK
ZOLJ OK
ZOJS OK
ZTIO OK
ZTIJ OK
ZTIL OK
ZTOI OK
ZTOJ OK
ZTOL OK
ZTIS OK
ZTSJ OK
ZTOS OK
ZTSL OK
ZTJI OK
ZTJO OK
ZTSI OK
ZTSO OK
ZTJS OK
ZTJL OK
ZTLI OK
ZTLO OK
ZTLS OK
ZTLJ OK
ZSIJ OK
ZSIL OK
ZSIO OK
ZSIT OK
ZSOL OK
ZSOI OK
ZSOT OK
ZSOJ OK
ZSTJ OK
ZSTL OK
ZSJI OK
ZSTI OK
ZSTO OK
ZSLI OK
ZSJO OK
ZSJT OK
ZSJL OK
ZSLO OK
ZSLT OK
ZJIT OK
ZJIO OK
ZSLJ OK
ZJIL OK
ZJOI OK
ZJIS OK
ZJOT OK
ZJOL OK
ZJTI OK
ZJTO OK
ZJTL OK
ZJTS OK
ZJST OK
ZJSI OK
ZJLI OK
ZJSL OK
ZJSO OK
ZJLO OK
ZJOS OK
ZJLT OK
ZLIT OK
ZJLS OK
ZLIO OK
ZLIS OK
ZLIJ OK
ZLOT OK
ZLOI OK
ZLOJ OK
ZLOS OK
ZLTI OK
ZLTO OK
ZLTS OK
ZLTJ OK
ZLSI OK
ZLSO OK
ZLST OK
ZLSJ OK
ZLJI OK
ZLJO OK
ZLJT OK
ZLJS OK
JIOT OK
JIOL OK
JITO OK
JIOS OK
JIOZ OK
JITS OK
JITZ OK
JITL OK
JISO OK
JIST OK
JISL OK
JISZ OK
JIZT OK
JIZO OK
JIZL OK
JILT OK
JILO OK
JILS OK
JILZ OK
JOIT OK
JOIS OK
JOIL OK
JOIZ OK
JOTI OK
JOTS OK
JOTZ OK
JOTL OK
JOSI OK
JOST OK
JOSL OK
JOZI OK
JOZT OK
JOZL OK
JIZS OK
JOLI OK
JOLT OK
JOLS OK
JOLZ OK
JTIO OK
JOSZ OK
JTIS OK
JTIZ OK
JTIL OK
JTOI OK
JTOS OK
JTOZ OK
JTOL OK
JOZS OK
JTSI OK
JTSO OK
JTSZ OK
JTSL OK
JTZI OK
JTZO OK
JTZS OK
JTZL OK
JTLI OK
JTLO OK
JTLZ OK
JTLS OK
JSIO OK
JSIT OK
JSIL OK
JSIZ OK
JSOI OK
JSOL OK
JSOT OK
JSTI OK
JSTL OK
JSTO OK
JSTZ OK
JSZI OK
JSZL OK
JSZT OK
JSLI OK
JSLO OK
JSLT OK
JSOZ OK
JSLZ OK
JZIT OK
JZIO OK
JZIL OK
JZOI OK
JSZO OK
JZIS OK
JZOT OK
JZOL OK
JZTI OK
JZTO OK
JZTL OK
JZTS OK
JZST OK
JZSI OK
JZLI OK
JZSL OK
JZLO OK
JZLT OK
JZOS OK
JLIT OK
JLIO OK
JZLS OK
JLIZ OK
JLIS OK
JLOI OK
JLOT OK
JLOS OK
JZSO OK
JLOZ OK
JLTI OK
JLTO OK
JLTS OK
JLTZ OK
JLSI OK
JLST OK
JLSO OK
JLZI OK
JLZT OK
JLZO OK
JLSZ OK
JLZS OK
LIOT OK
LIOS OK
LIOJ OK
LIOZ OK
LITO OK
LITS OK
LITZ OK
LITJ OK
LISO OK
LIST OK
LISJ OK
LISZ OK
LIZO OK
LIZT OK
LIZJ OK
LIJO OK
LIZS OK
LIJT OK
LIJS OK
LIJZ OK
LOIT OK
LOIS OK
LOIZ OK
LOIJ OK
LOTI OK
LOTS OK
LOTZ OK
LOTJ OK
LOSI OK
LOST OK
LOSZ OK
LOSJ OK
LOZJ OK
LOZI OK
LOZT OK
LOZS OK
LOJT OK
LOJI OK
LOJS OK
LOJZ OK
LTIO OK
LTIS OK
LTIZ OK
LTIJ OK
LTOS OK
LTOI OK
LTOZ OK
LTOJ OK
LTSI OK
LTSO OK
LTSZ OK
LTSJ OK
LTZI OK
LTZO OK
LTZS OK
LTZJ OK
LTJI OK
LTJO OK
LTJS OK
LTJZ OK
LSIO OK
LSIT OK
LSIZ OK
LSIJ OK
LSOI OK
LSOT OK
LSOJ OK
LSOZ OK
LSTI OK
LSTO OK
LSTJ OK
LSTZ OK
LSZI OK
LSZO OK
LSZJ OK
LSZT OK
LSJI OK
LSJT OK
LSJO OK
LSJZ OK
LZIJ OK
LZIT OK
LZIO OK
LZIS OK
LZOT OK
LZOJ OK
LZOI OK
LZOS OK
LZTI OK
LZTO OK
LZTJ OK
LZTS OK
LZSI OK
LZST OK
LZSJ OK
LZSO OK
LZJI OK
LZJT OK
LZJO OK
LZJS OK
LJIO OK
LJIT OK
LJIS OK
LJIZ OK
LJOI OK
LJOT OK
LJOS OK
LJOZ OK
LJTI OK
LJTO OK
LJTS OK
LJTZ OK
LJSI OK
LJST OK
LJSO OK
LJZI OK
LJZT OK
LJZO OK
LJZS OK
LJSZ OK
