IOTZ OK
IOTJ OK
IOTL OK
IOTS OK
IOST OK
IOZT OK
IOSJ OK
IOSL OK
IOZJ OK
IOJT OK
IOZL OK
IOSZ OK
IOJS OK
IOJL OK
IOJZ OK
IOLT OK
IOZS OK
IOLJ OK
ITOS OK
ITOZ OK
ITOJ OK
IOLS OK
IOLZ OK
ITOL OK
ITSO OK
ITZO OK
ITSL OK
ITSJ OK
ITZL OK
ITZJ OK
ITZS OK
ITJO OK
ITSZ OK
ITJS OK
ITJL OK
ITJZ OK
ITLO OK
ITLJ OK
ITLS OK
ITLZ OK
ISOT OK
ISTO OK
ISOJ OK
ISOL OK
ISTZ OK
ISTJ OK
ISTL OK
ISZT OK
ISOZ OK
ISZJ OK
ISZL OK
ISJO OK
ISJT OK
ISZO OK
ISJL OK
ISLT OK
ISLO OK
ISJZ OK
ISLJ OK
ISLZ OK
IZOT OK
IZOJ OK
IZOS OK
IZTO OK
IZOL OK
IZTS OK
IZTJ OK
IZTL OK
IZSO OK
IZST OK
IZJT OK
IZSL OK
IZJO OK
IZSJ OK
IZJL OK
IZLO OK
IZLT OK
IZLJ OK
IZJS OK
IJOT OK
IZLS OK
IJOL OK
IJTO OK
IJOS OK
IJOZ OK
IJTL OK
IJTS OK
IJTZ OK
IJSO OK
IJSL OK
IJST OK
IJSZ OK
IJZO OK
IJZT OK
IJZL OK
IJLO OK
IJZS OK
IJLT OK
IJLS OK
IJLZ OK
ILOT OK
ILOJ OK
ILTO OK
ILOS OK
ILOZ OK
ILTS OK
ILTZ OK
ILTJ OK
ILSJ OK
ILSO OK
ILST OK
ILSZ OK
ILZJ OK
ILZO OK
ILJO OK
ILJT OK
ILZT OK
ILJS OK
ILJZ OK
OITS OK
OITZ OK
ILZS OK
OITJ OK
OITL OK
OIST OK
OIZT OK
OISJ OK
OISL OK
OIZJ OK
OIJT OK
OIZL OK
OISZ OK
OIJS OK
OIJL OK
OIZS OK
OILT OK
OIJZ OK
OILJ OK
OTIS OK
OTIZ OK
OTIJ OK
OILS OK
OILZ OK
OTIL OK
OTSI OK
OTSJ OK
OTZI OK
OTSL OK
OTZJ OK
OTZL OK
OTZS OK
OTJI OK
OTJS OK
OTJZ OK
OTJL OK
OTLI OK
OTLS OK
OTLZ OK
OTLJ OK
OSIT OK
OTSZ OK
OSIZ OK
OSIJ OK
OSIL OK
OSTI OK
OSTJ OK
OSTZ OK
OSTL OK
OSZI OK
OSZT OK
OSZJ OK
OSJI OK
OSZL OK
OSJT OK
OSJL OK
OSLI OK
OSLT OK
OSLJ OK
OZIT OK
OSLZ OK
OZIJ OK
OZIS OK
OZTI OK
OZIL OK
OZTS OK
OZTL OK
OZTJ OK
OSJZ OK
OZSI OK
OZSJ OK
OZJI OK
OZSL OK
OZJL OK
OZJT OK
OZLI OK
OZJS OK
OZST OK
OZLJ OK
OJIT OK
OZLT OK
OZLS OK
OJIL OK
OJTI OK
OJIS OK
OJIZ OK
OJTS OK
OJTZ OK
OJTL OK
OJSL OK
OJSI OK
OJST OK
OJZI OK
OJZL OK
OJZT OK
OJLI OK
OJZS OK
OJLT OK
OJLS OK
OJLZ OK
OLIT OK
OLIJ OK
OLTI OK
OLIS OK
OLIZ OK
OLTS OK
OLTJ OK
OLTZ OK
OLSI OK
OLST OK
OLSJ OK
OLSZ OK
OJSZ OK
OLZI OK
OLZJ OK
OLZT OK
OLJI OK
OLJT OK
OLZS OK
OLJS OK
OLJZ OK
TIOS OK
TIOZ OK
TIOJ OK
TIOL OK
TISO OK
TISJ OK
TIZO OK
TISZ OK
TISL OK
TIJO OK
TIZJ OK
TIZL OK
TIZS OK
TIJL OK
TILO OK
TIJS OK
TIJZ OK
TILJ OK
TILZ OK
TILS OK
TOIS OK
TOIZ OK
TOIL OK
TOIJ OK
TOSI OK
TOZI OK
TOSL OK
TOSJ OK
TOZL OK
TOZJ OK
TOZS OK
TOJI OK
TOJS OK
TOJL OK
TOJZ OK
TOLI OK
TOLS OK
TOLJ OK
TOLZ OK
TSIO OK
TSIJ OK
TOSZ OK
TSIZ OK
TSOI OK
TSIL OK
TSOJ OK
TSOL OK
TSZI OK
TSZJ OK
TSZL OK
TSJI OK
TSJO OK
TSJL OK
TSJZ OK
TSOZ OK
TSLI OK
TSLO OK
TSLJ OK
TZIO OK
TSZO OK
TSLZ OK
TZIJ OK
TZOI OK
TZIL OK
TZIS OK
TZOL OK
TZOJ OK
TZSI OK
TZSJ OK
TZJI OK
TZSL OK
TZJO OK
TZJS OK
TZJL OK
TZOS OK
TZLI OK
TZLO OK
TZSO OK
TZLJ OK
TJIO OK
TJIL OK
TJIS OK
TZLS OK
TJIZ OK
TJOI OK
TJOL OK
TJOS OK
TJOZ OK
TJSI OK
TJSL OK
TJSO OK
TJZI OK
TJSZ OK
TJZO OK
TJLI OK
TJZL OK
TJZS OK
TJLO OK
TJLS OK
TJLZ OK
TLIO OK
TLIJ OK
TLIS OK
TLOI OK
TLIZ OK
TLOJ OK
TLOS OK
TLOZ OK
TLSI OK
TLSJ OK
TLSO OK
TLZI OK
TLSZ OK
TLZO OK
TLZJ OK
TLJI OK
TLJO OK
TLJS OK
TLJZ OK
SIOT OK
TLZS OK
SIOJ OK
SIOL OK
SIOZ OK
SITO OK
SITZ OK
SITJ OK
SITL OK
SIZT OK
SIZJ OK
SIZL OK
SIJT OK
SIJO OK
SIZO OK
SIJL OK
SIJZ OK
SILT OK
SILJ OK
SILO OK
SOIT OK
SILZ OK
SOIZ OK
SOIJ OK
SOTI OK
SOIL OK
SOTJ OK
SOTZ OK
SOTL OK
SOZI OK
SOZT OK
SOJI OK
SOZJ OK
SOZL OK
SOJT OK
SOJL OK
SOLT OK
SOLI OK
STIO OK
SOLJ OK
SOLZ OK
STIJ OK
STIZ OK
STIL OK
STOI OK
SOJZ OK
STOJ OK
STOZ OK
STOL OK
STZI OK
STZJ OK
STJI OK
STJO OK
STZL OK
STJZ OK
STJL OK
STLI OK
STZO OK
STLJ OK
STLO OK
SZIT OK
STLZ OK
SZIJ OK
SZIL OK
SZOT OK
SZIO OK
SZOJ OK
SZTI OK
SZOL OK
SZOI OK
SZTO OK
SZTJ OK
SZTL OK
SZJI OK
SZJT OK
SZLI OK
SZLO OK
SZLT OK
SZJL OK
SZJO OK
SZLJ OK
SJIL OK
SJIT OK
SJIO OK
SJOT OK
SJIZ OK
SJOL OK
SJOI OK
SJTI OK
SJTL OK
SJTO OK
SJTZ OK
SJZI OK
SJOZ OK
SJZT OK
SJLI OK
SJZL OK
SJLO OK
SJLT OK
SJLZ OK
SJZO OK
SLIT OK
SLIJ OK
SLIO OK
SLIZ OK
SLOT OK
SLOI OK
SLOZ OK
SLTI OK
SLOJ OK
SLTJ OK
SLTO OK
SLZI OK
SLTZ OK
SLZO OK
SLJI OK
SLZJ OK
SLZT OK
SLJT OK
ZIOT OK
SLJO OK
SLJZ OK
ZIOJ OK
ZITO OK
ZIOS OK
ZIOL OK
ZITS OK
ZITL OK
ZITJ OK
ZIST OK
ZISO OK
ZIJT OK
ZISL OK
ZISJ OK
ZIJO OK
ZIJL OK
ZILO OK
ZILT OK
ZIJS OK
ZILJ OK
ZOIT OK
ZILS OK
ZOIS OK
ZOIJ OK
ZOTI OK
ZOIL OK
ZOTS OK
ZOTJ OK
ZOTL OK
ZOSI OK
ZOST OK
ZOSJ OK
ZOSL OK
ZOJI OK
ZOJL OK
ZOJT OK
ZOLI OK
ZOJS OK
ZOLJ OK
ZTIO OK
ZOLT OK
ZOLS OK
ZTIS OK
ZTIJ OK
ZTIL OK
ZTOI OK
ZTOS OK
ZTOJ OK
ZTOL OK
ZTSI OK
ZTJI OK
ZTSO OK
ZTSJ OK
ZTSL OK
ZTJO OK
ZTJL OK
ZTLI OK
ZTJS OK
ZTLJ OK
ZSIT OK
ZSIO OK
ZTLO OK
ZTLS OK
ZSOT OK
ZSOI OK
ZSIJ OK
ZSIL OK
ZSTI OK
ZSTO OK
ZSOL OK
ZSOJ OK
ZSTJ OK
ZSTL OK
ZSJI OK
ZSJT OK
ZSJO OK
ZSLT OK
ZSLI OK
ZSJL OK
ZSLO OK
ZSLJ OK
ZJIO OK
ZJIT OK
ZJIL OK
ZJIS OK
ZJOI OK
ZJOT OK
ZJOL OK
ZJOS OK
ZJTI OK
ZJTL OK
ZJTO OK
ZJTS OK
ZJST OK
ZJSL OK
ZJSI OK
ZJLI OK
ZJSO OK
ZJLT OK
ZJLO OK
ZJLS OK
ZLIT OK
ZLIO OK
ZLIJ OK
ZLIS OK
ZLOI OK
ZLOJ OK
ZLOT OK
ZLTI OK
ZLOS OK
ZLTJ OK
ZLTO OK
ZLTS OK
ZLSI OK
ZLST OK
ZLJI OK
ZLSJ OK
ZLSO OK
ZLJT OK
ZLJO OK
ZLJS OK
JIOT OK
JIOL OK
JITO OK
JIOS OK
JIOZ OK
JITL OK
JITS OK
JITZ OK
JISL OK
JIST OK
JISO OK
JISZ OK
JIZO OK
JIZL OK
JIZT OK
JILO OK
JIZS OK
JILT OK
JILS OK
JILZ OK
JOIT OK
JOIL OK
JOTI OK
JOTS OK
JOIS OK
JOTZ OK
JOIZ OK
JOTL OK
JOSL OK
JOSI OK
JOST OK
JOZI OK
JOZT OK
JOZL OK
JOZS OK
JOLI OK
JOLT OK
JOLS OK
JOLZ OK
JTIO OK
JTIS OK
JTIL OK
JTIZ OK
JTOI OK
JTOS OK
JTOZ OK
JTOL OK
JTSI OK
JTSO OK
JTSL OK
JTSZ OK
JTZI OK
JTZO OK
JTZL OK
JTLI OK
JTLO OK
JTLS OK
JTLZ OK
JOSZ OK
JTZS OK
JSIT OK
JSIL OK
JSIO OK
JSIZ OK
JSOT OK
JSOL OK
JSOI OK
JSTI OK
JSTO OK
JSTL OK
JSTZ OK
JSZI OK
JSZL OK
JSZT OK
JSLI OK
JSLO OK
JSLT OK
JSLZ OK
JZIO OK
JSOZ OK
JZIT OK
JZIL OK
JZIS OK
JZOI OK
JZOT OK
JZOL OK
JZOS OK
JSZO OK
JZTL OK
JZTI OK
JZTO OK
JZTS OK
JZSI OK
JZSL OK
JZST OK
JZLI OK
JZLO OK
JZLT OK
JZLS OK
JLIO OK
JLIT OK
JLIS OK
JLIZ OK
JLOI OK
JLOT OK
JLOS OK
JLOZ OK
JLTI OK
JLTO OK
JLTS OK
JLTZ OK
JLSI OK
JLST OK
JLSO OK
JLZI OK
JLZO OK
JLSZ OK
JLZT OK
LIOT OK
JLZS OK
LIOJ OK
LIOS OK
LITO OK
LIOZ OK
JZSO OK
LITS OK
LITZ OK
LITJ OK
LISJ OK
LISO OK
LIST OK
LISZ OK
LIZJ OK
LIZO OK
LIJO OK
LIJT OK
LIZT OK
LIJS OK
LIJZ OK
LOIT OK
LOIJ OK
LIZS OK
LOTI OK
LOTS OK
LOIS OK
LOTZ OK
LOIZ OK
LOTJ OK
LOSJ OK
LOST OK
LOSI OK
LOSZ OK
LOZI OK
LOZJ OK
LOJI OK
LOZT OK
LOJT OK
LOZS OK
LOJS OK
LOJZ OK
LTIO OK
LTIJ OK
LTIS OK
LTIZ OK
LTOI OK
LTOJ OK
LTOZ OK
LTOS OK
LTSI OK
LTSJ OK
LTSO OK
LTZI OK
LTSZ OK
LTZO OK
LTZJ OK
LTJI OK
LTJO OK
LTJS OK
LTJZ OK
LSIT OK
LTZS OK
LSIJ OK
LSIO OK
LSIZ OK
LSOJ OK
LSOI OK
LSOT OK
LSTI OK
LSOZ OK
LSTJ OK
LSTO OK
LSZI OK
LSTZ OK
LSJI OK
LSZO OK
LSZJ OK
LSJT OK
LSJO OK
LSZT OK
LSJZ OK
LZIJ OK
LZIO OK
LZIT OK
LZIS OK
LZOI OK
LZOJ OK
LZOT OK
LZOS OK
LZTI OK
LZTJ OK
LZTO OK
LZTS OK
LZSI OK
LZJI OK
LZSJ OK
LZSO OK
LZST OK
LZJT OK
LZJO OK
LJIO OK
LJIT OK
LZJS OK
LJIS OK
LJIZ OK
LJOI OK
LJOT OK
LJTI OK
LJOS OK
LJOZ OK
LJTO OK
LJTS OK
LJTZ OK
LJSI OK
LJSO OK
LJST OK
LJZI OK
LJZT OK
LJZO OK
LJSZ OK
LJZS OK
