IOTJ OK
IOTL OK
IOTS OK
IOTZ OK
IOST OK
IOZT OK
IOSJ OK
IOSL OK
IOZS OK
IOZJ OK
IOZL OK
IOJT OK
IOSZ OK
IOJL OK
IOLT OK
IOJS OK
IOJZ OK
IOLJ OK
ITOS OK
IOLS OK
ITOZ OK
IOLZ OK
ITOJ OK
ITOL OK
ITSO OK
ITSL OK
ITZO OK
ITZS OK
ITSJ OK
ITZJ OK
ITZL OK
ITJO OK
ITJS OK
ITJL OK
ITJZ OK
ITLO OK
ITSZ OK
ITLS OK
ITLZ OK
ITLJ OK
ISOT OK
ISOZ OK
ISOJ OK
ISTO OK
ISOL OK
ISTZ OK
ISTJ OK
ISTL OK
ISZO OK
ISZT OK
ISJT OK
ISZJ OK
ISZL OK
ISJO OK
ISJL OK
ISLT OK
ISLO OK
ISJZ OK
ISLJ OK
IZOT OK
IZOS OK
ISLZ OK
IZOJ OK
IZOL OK
IZTO OK
IZTS OK
IZTJ OK
IZTL OK
IZSO OK
IZST OK
IZJO OK
IZJT OK
IZSJ OK
IZSL OK
IZJL OK
IZLO OK
IZLT OK
IZLJ OK
IJOT OK
IZLS OK
IZJS OK
IJOL OK
IJOS OK
IJTO OK
IJOZ OK
IJTS OK
IJTZ OK
IJTL OK
IJSL OK
IJSO OK
IJST OK
IJSZ OK
IJZT OK
IJZL OK
IJZO OK
IJLO OK
IJLT OK
IJLS OK
IJLZ OK
ILOT OK
ILOJ OK
ILTO OK
ILOS OK
ILOZ OK
ILTJ OK
ILTS OK
ILTZ OK
ILSO OK
ILSJ OK
ILST OK
ILSZ OK
ILZT OK
ILZO OK
ILZJ OK
ILJO OK
ILJT OK
ILZS OK
ILJZ OK
ILJS OK
OITS OK
OITJ OK
OITZ OK
OITL OK
IJZS OK
OIST OK
OIZT OK
OISJ OK
OISL OK
OIZS OK
OIZJ OK
OIZL OK
OIJT OK
OISZ OK
OIJL OK
OILT OK
OIJS OK
OIJZ OK
OILJ OK
OILS OK
OTIS OK
OILZ OK
OTIZ OK
OTIJ OK
OTIL OK
OTSI OK
OTSJ OK
OTSL OK
OTZI OK
OTZJ OK
OTZS OK
OTZL OK
OTJI OK
OTJS OK
OTJZ OK
OTJL OK
OTLI OK
OTLS OK
OTLJ OK
OTLZ OK
OSIT OK
OSIZ OK
OSIJ OK
OTSZ OK
OSIL OK
OSTI OK
OSTZ OK
OSTJ OK
OSTL OK
OSZI OK
OSZT OK
OSJI OK
OSJT OK
OSJL OK
OSZL OK
OSLT OK
OSLI OK
OSLJ OK
OSZJ OK
OZIT OK
OSLZ OK
OZIS OK
OZIJ OK
OSJZ OK
OZIL OK
OZTI OK
OZTS OK
OZTJ OK
OZTL OK
OZST OK
OZSL OK
OZSI OK
OZJI OK
OZJT OK
OZJL OK
OZLT OK
OZLI OK
OZSJ OK
OZLJ OK
OJIT OK
OZLS OK
OJIL OK
OJIS OK
OJTI OK
OZJS OK
OJIZ OK
OJTS OK
OJTZ OK
OJTL OK
OJSL OK
OJSI OK
OJST OK
OJZT OK
OJZI OK
OJZL OK
OJLI OK
OJLT OK
OJLS OK
OJLZ OK
OLIT OK
OLIS OK
OLIZ OK
OLIJ OK
OLTI OK
OLTS OK
OLTZ OK
OLTJ OK
OJSZ OK
OLSI OK
OLST OK
OJZS OK
OLSJ OK
OLSZ OK
OLZJ OK
OLZT OK
OLZI OK
OLJI OK
OLJT OK
OLJS OK
OLZS OK
OLJZ OK
TIOS OK
TIOZ OK
TIOJ OK
TIOL OK
TISO OK
TISZ OK
TISJ OK
TISL OK
TIZO OK
TIZS OK
TIZJ OK
TIZL OK
TIJO OK
TIJS OK
TIJZ OK
TIJL OK
TILO OK
TILJ OK
TILS OK
TOIS OK
TILZ OK
TOIJ OK
TOIL OK
TOIZ OK
TOSI OK
TOSJ OK
TOSL OK
TOZI OK
TOZJ OK
TOZS OK
TOZL OK
TOJI OK
TOJS OK
TOJZ OK
TOJL OK
TOLI OK
TOLS OK
TOLZ OK
TOLJ OK
TSIO OK
TSIZ OK
TSIJ OK
TSIL OK
TOSZ OK
TSOI OK
TSOJ OK
TSOL OK
TSZI OK
TSZJ OK
TSZL OK
TSJI OK
TSJO OK
TSJL OK
TSJZ OK
TSLI OK
TSLO OK
TSOZ OK
TSLZ OK
TSLJ OK
TZIO OK
TZIS OK
TZIJ OK
TSZO OK
TZIL OK
TZOI OK
TZOS OK
TZOJ OK
TZOL OK
TZSI OK
TZSO OK
TZSJ OK
TZSL OK
TZJI OK
TZJO OK
TZJL OK
TZLI OK
TZLO OK
TZLJ OK
TJIO OK
TZJS OK
TJIS OK
TJIZ OK
TJIL OK
TZLS OK
TJOI OK
TJOS OK
TJOZ OK
TJOL OK
TJSI OK
TJSO OK
TJSL OK
TJSZ OK
TJZI OK
TJZO OK
TJZL OK
TJLI OK
TJLO OK
TJLS OK
TLIO OK
TJLZ OK
TJZS OK
TLIS OK
TLIJ OK
TLIZ OK
TLOI OK
TLOS OK
TLOZ OK
TLOJ OK
TLSI OK
TLSO OK
TLSJ OK
TLSZ OK
TLZI OK
TLZO OK
TLZJ OK
TLJI OK
TLJO OK
TLJS OK
TLJZ OK
SIOT OK
TLZS OK
SIOZ OK
SIOJ OK
SITO OK
SITZ OK
SIOL OK
SITJ OK
SITL OK
SIZT OK
SIZO OK
SIJT OK
SIZJ OK
SIJO OK
SIZL OK
SIJL OK
SILT OK
SILO OK
SILJ OK
SIJZ OK
SOIT OK
SOIZ OK
SOIJ OK
SILZ OK
SOIL OK
SOTI OK
SOTZ OK
SOTJ OK
SOTL OK
SOZT OK
SOZI OK
SOJI OK
SOJT OK
SOZL OK
SOJL OK
SOLI OK
SOLT OK
SOZJ OK
SOLJ OK
STIO OK
SOLZ OK
STIZ OK
STIJ OK
SOJZ OK
STOI OK
STIL OK
STOZ OK
STOJ OK
STOL OK
STZI OK
STZJ OK
STJI OK
STJO OK
STJZ OK
STZL OK
STJL OK
STLI OK
STZO OK
STLO OK
STLZ OK
STLJ OK
SZIT OK
SZIO OK
SZOT OK
SZIJ OK
SZIL OK
SZTI OK
SZOL OK
SZTO OK
SZOI OK
SZTJ OK
SZTL OK
SZOJ OK
SZJT OK
SZJI OK
SZLI OK
SZLO OK
SZLT OK
SZLJ OK
SZJO OK
SZJL OK
SJIO OK
SJIT OK
SJIL OK
SJOT OK
SJIZ OK
SJOL OK
SJOI OK
SJTI OK
SJTO OK
SJTZ OK
SJTL OK
SJZI OK
SJOZ OK
SJZL OK
SJZT OK
SJLI OK
SJLO OK
SJLT OK
SJLZ OK
SLIT OK
SJZO OK
SLIO OK
SLIJ OK
SLOT OK
SLIZ OK
SLOJ OK
SLOI OK
SLTI OK
SLOZ OK
SLTJ OK
SLTO OK
SLTZ OK
SLZI OK
SLZJ OK
SLZO OK
SLJI OK
SLJO OK
SLZT OK
SLJT OK
SLJZ OK
ZIOT OK
ZIOS OK
ZIOJ OK
ZITO OK
ZIOL OK
ZITS OK
ZITJ OK
ZITL OK
ZISO OK
ZIST OK
ZIJT OK
ZISJ OK
ZIJO OK
ZISL OK
ZIJL OK
ZILT OK
ZILO OK
ZILJ OK
ZOIT OK
ZILS OK
ZOIS OK
ZIJS OK
ZOIJ OK
ZOTI OK
ZOIL OK
ZOTS OK
ZOTJ OK
ZOTL OK
ZOST OK
ZOSI OK
ZOSL OK
ZOJI OK
ZOJT OK
ZOJL OK
ZOLT OK
ZOLI OK
ZOSJ OK
ZOLJ OK
ZTIO OK
ZOLS OK
ZTIS OK
ZTIJ OK
ZTIL OK
ZTOI OK
ZOJS OK
ZTOS OK
ZTOJ OK
ZTOL OK
ZTSI OK
ZTSO OK
ZTSJ OK
ZTSL OK
ZTJI OK
ZTJO OK
ZTJL OK
ZTLI OK
ZTLO OK
ZTJS OK
ZTLJ OK
ZSIT OK
ZTLS OK
ZSIO OK
ZSIJ OK
ZSOT OK
ZSIL OK
ZSTI OK
ZSOI OK
ZSOL OK
ZSTO OK
ZSTJ OK
ZSTL OK
ZSJT OK
ZSJI OK
ZSOJ OK
ZSLI OK
ZSJL OK
ZSLT OK
ZSLO OK
ZSLJ OK
ZSJO OK
ZJIT OK
ZJIL OK
ZJIO OK
ZJOT OK
ZJOI OK
ZJOL OK
ZJTI OK
ZJIS OK
ZJTL OK
ZJTO OK
ZJTS OK
ZJST OK
ZJSI OK
ZJSL OK
ZJLI OK
ZJLO OK
ZJLT OK
ZJSO OK
ZJLS OK
ZJOS OK
ZLIT OK
ZLIJ OK
ZLIO OK
ZLOT OK
ZLIS OK
ZLOI OK
ZLOJ OK
ZLTI OK
ZLOS OK
ZLTJ OK
ZLTO OK
ZLTS OK
ZLST OK
ZLSJ OK
ZLSI OK
ZLSO OK
ZLJI OK
ZLJO OK
ZLJT OK
ZLJS OK
JIOT OK
JIOL OK
JITO OK
JIOS OK
JIOZ OK
JITS OK
JITL OK
JITZ OK
JISL OK
JISO OK
JIST OK
JISZ OK
JIZL OK
JIZT OK
JILO OK
JIZO OK
JILT OK
JILS OK
JILZ OK
JOIT OK
JOIL OK
JOTI OK
JOIS OK
JOIZ OK
JOTS OK
JOTZ OK
JOTL OK
JOSI OK
JOST OK
JOSL OK
JOZT OK
JOZI OK
JOZL OK
JOLI OK
JOLT OK
JIZS OK
JOLS OK
JOLZ OK
JTIO OK
JTIS OK
JTIZ OK
JTIL OK
JTOI OK
JTOS OK
JOSZ OK
JTOZ OK
JTOL OK
JTSI OK
JTSO OK
JTSL OK
JTSZ OK
JTZI OK
JTZO OK
JTZL OK
JTLI OK
JOZS OK
JTLO OK
JTLS OK
JTZS OK
JTLZ OK
JSIT OK
JSIO OK
JSIL OK
JSIZ OK
JSOI OK
JSOL OK
JSOT OK
JSTI OK
JSTO OK
JSTL OK
JSTZ OK
JSZI OK
JSZL OK
JSZT OK
JSLI OK
JSLO OK
JSLT OK
JSLZ OK
JZIT OK
JSOZ OK
JZIO OK
JZIL OK
JZOT OK
JZOI OK
JZOL OK
JZIS OK
JZTI OK
JSZO OK
JZTL OK
JZTO OK
JZTS OK
JZST OK
JZSL OK
JZLI OK
JZLO OK
JZSI OK
JZLT OK
JZLS OK
JLIO OK
JLIT OK
JLIS OK
JZOS OK
JLIZ OK
JLOI OK
JLOT OK
JLOS OK
JLTI OK
JLOZ OK
JLTO OK
JLTZ OK
JLTS OK
JLSI OK
JLST OK
JLSO OK
JLSZ OK
JZSO OK
JLZI OK
JLZO OK
JLZT OK
JLZS OK
LIOT OK
LIOJ OK
LITO OK
LITS OK
LIOS OK
LIOZ OK
LITZ OK
LITJ OK
LISJ OK
LISO OK
LIST OK
LISZ OK
LIZJ OK
LIZO OK
LIZT OK
LIJO OK
LIJT OK
LIJS OK
LIJZ OK
LOIT OK
LIZS OK
LOIJ OK
LOTI OK
LOTS OK
LOIS OK
LOTZ OK
LOIZ OK
LOTJ OK
LOSJ OK
LOSI OK
LOST OK
LOSZ OK
LOZT OK
LOZJ OK
LOZI OK
LOJI OK
LOJT OK
LOJS OK
LOZS OK
LOJZ OK
LTIO OK
LTIS OK
LTIZ OK
LTIJ OK
LTOI OK
LTOS OK
LTOZ OK
LTOJ OK
LTSI OK
LTSO OK
LTSZ OK
LTSJ OK
LTZI OK
LTZO OK
LTZJ OK
LTJI OK
LTJO OK
LTJS OK
LTJZ OK
LTZS OK
LSIT OK
LSIO OK
LSIJ OK
LSIZ OK
LSOI OK
LSOT OK
LSOZ OK
LSOJ OK
LSTI OK
LSTJ OK
LSTO OK
LSTZ OK
LSZI OK
LSJI OK
LSZO OK
LSZJ OK
LSJO OK
LSJT OK
LSJZ OK
LSZT OK
LZIT OK
LZIJ OK
LZOT OK
LZIO OK
LZIS OK
LZOJ OK
LZTI OK
LZOI OK
LZTJ OK
LZOS OK
LZTO OK
LZTS OK
LZST OK
LZSJ OK
LZSI OK
LZJI OK
LZJO OK
LZSO OK
LZJT OK
LZJS OK
LJIO OK
LJIT OK
LJIS OK
LJIZ OK
LJOI OK
LJOT OK
LJOS OK
LJTI OK
LJOZ OK
LJTO OK
LJTS OK
LJTZ OK
LJSI OK
LJSO OK
LJST OK
LJZI OK
LJZO OK
LJZT OK
LJZS OK
LJSZ OK
