IOTL OK
IOTJ OK
IOTS OK
IOTZ OK
IOST OK
IOSJ OK
IOSL OK
IOZT OK
IOZS OK
IOZJ OK
IOZL OK
IOJT OK
IOJS OK
IOJZ OK
IOJL OK
IOLT OK
IOLS OK
IOLZ OK
IOLJ OK
ITOS OK
ITOJ OK
ITOZ OK
ITOL OK
ITSO OK
ITSJ OK
ITSL OK
ITZO OK
ITZS OK
ITZJ OK
ITZL OK
ITJO OK
ITJS OK
ITJZ OK
ITJL OK
ITLO OK
ITLS OK
ITSZ OK
ITLZ OK
IOSZ OK
ITLJ OK
ISOT OK
ISOZ OK
ISOJ OK
ISOL OK
ISTO OK
ISTZ OK
ISTJ OK
ISTL OK
ISZO OK
ISZT OK
ISZJ OK
ISJO OK
ISZL OK
ISJT OK
ISJL OK
ISLO OK
ISLT OK
ISJZ OK
ISLJ OK
IZOT OK
IZOS OK
ISLZ OK
IZOJ OK
IZOL OK
IZTO OK
IZTS OK
IZTJ OK
IZTL OK
IZST OK
IZSO OK
IZSJ OK
IZJO OK
IZJT OK
IZSL OK
IZJL OK
IZLT OK
IZLO OK
IZJS OK
IZLJ OK
IJOT OK
IJOS OK
IJOZ OK
IZLS OK
IJOL OK
IJTO OK
IJTS OK
IJTL OK
IJTZ OK
IJSO OK
IJST OK
IJSL OK
IJSZ OK
IJZO OK
IJZT OK
IJLO OK
IJLT OK
IJZL OK
IJLZ OK
IJLS OK
ILOT OK
ILOS OK
ILOJ OK
ILOZ OK
ILTO OK
ILTS OK
ILTZ OK
ILTJ OK
ILST OK
ILSO OK
ILSJ OK
ILSZ OK
ILZT OK
ILZO OK
ILZJ OK
ILJO OK
ILJT OK
ILJS OK
ILJZ OK
OITS OK
OITZ OK
OITJ OK
OITL OK
OIST OK
IJZS OK
OISJ OK
OISL OK
OIZT OK
OIZS OK
OIZJ OK
OIZL OK
OIJT OK
OIJS OK
OIJZ OK
OIJL OK
OILT OK
OILS OK
OILZ OK
OILJ OK
OTIS OK
OTIZ OK
OTIJ OK
OTIL OK
ILZS OK
OTSI OK
OTSZ OK
OTSJ OK
OTSL OK
OTZI OK
OTZS OK
OTZJ OK
OTJI OK
OTZL OK
OTJS OK
OTJZ OK
OTJL OK
OISZ OK
OTLI OK
OTLS OK
OTLJ OK
OTLZ OK
OSIT OK
OSIJ OK
OSIL OK
OSTI OK
OSTZ OK
OSTJ OK
OSTL OK
OSZT OK
OSZI OK
OSZJ OK
OSZL OK
OSJT OK
OSJI OK
OSJZ OK
OSJL OK
OSLI OK
OSLT OK
OSIZ OK
OSLJ OK
OSLZ OK
OZIT OK
OZIS OK
OZIJ OK
OZIL OK
OZTI OK
OZTS OK
OZTJ OK
OZTL OK
OZST OK
OZSI OK
OZSL OK
OZSJ OK
OZJT OK
OZJI OK
OZJL OK
OZJS OK
OZLI OK
OZLT OK
OZLS OK
OZLJ OK
OJIT OK
OJIS OK
OJIZ OK
OJIL OK
OJTI OK
OJTS OK
OJTZ OK
OJTL OK
OJST OK
OJSI OK
OJSZ OK
OJSL OK
OJZT OK
OJZI OK
OJZL OK
OJLI OK
OJLT OK
OJLS OK
OJZS OK
OJLZ OK
OLIT OK
OLIS OK
OLIZ OK
OLIJ OK
OLTI OK
OLTS OK
OLTJ OK
OLTZ OK
OLSI OK
OLST OK
OLSJ OK
OLZI OK
OLSZ OK
OLZT OK
OLZJ OK
OLJI OK
OLJT OK
OLZS OK
OLJS OK
OLJZ OK
TIOS OK
TIOJ OK
TIOL OK
TIOZ OK
TISO OK
TISZ OK
TISJ OK
TISL OK
TIZO OK
TIZS OK
TIZJ OK
TIZL OK
TIJO OK
TIJL OK
TIJS OK
TIJZ OK
TILO OK
TILJ OK
TOIS OK
TILS OK
TILZ OK
TOIJ OK
TOIZ OK
TOIL OK
TOSI OK
TOSZ OK
TOSJ OK
TOSL OK
TOZI OK
TOZS OK
TOZJ OK
TOZL OK
TOJI OK
TOLI OK
TOJS OK
TOJZ OK
TOJL OK
TOLJ OK
TOLS OK
TOLZ OK
TSIO OK
TSIZ OK
TSIJ OK
TSIL OK
TSOI OK
TSOZ OK
TSOL OK
TSOJ OK
TSZI OK
TSZO OK
TSJI OK
TSZJ OK
TSZL OK
TSJO OK
TSJL OK
TSLI OK
TSJZ OK
TSLO OK
TSLJ OK
TZIS OK
TZIO OK
TSLZ OK
TZIJ OK
TZIL OK
TZOI OK
TZOS OK
TZOJ OK
TZOL OK
TZSI OK
TZSO OK
TZSL OK
TZJI OK
TZJO OK
TZSJ OK
TZJL OK
TZLI OK
TZLO OK
TZLJ OK
TZLS OK
TJIO OK
TJIL OK
TJIS OK
TJIZ OK
TJOI OK
TJOS OK
TZJS OK
TJOZ OK
TJOL OK
TJSI OK
TJSO OK
TJSL OK
TJSZ OK
TJZI OK
TJZO OK
TJZL OK
TJLI OK
TJLO OK
TJLS OK
TJLZ OK
TLIO OK
TLIJ OK
TLIS OK
TLIZ OK
TLOI OK
TLOS OK
TLOZ OK
TLOJ OK
TJZS OK
TLSI OK
TLSO OK
TLSJ OK
TLZI OK
TLSZ OK
TLZO OK
TLZS OK
TLZJ OK
TLJI OK
TLJO OK
TLJS OK
TLJZ OK
SIOT OK
SIOZ OK
SIOJ OK
SIOL OK
SITO OK
SITZ OK
SITJ OK
SITL OK
SIZO OK
SIZT OK
SIJO OK
SIZJ OK
SIZL OK
SIJT OK
SILO OK
SIJL OK
SIJZ OK
SILT OK
SILJ OK
SOIT OK
SILZ OK
SOIJ OK
SOIL OK
SOTI OK
SOTZ OK
SOTJ OK
SOTL OK
SOZT OK
SOZJ OK
SOZI OK
SOZL OK
SOJT OK
SOJI OK
SOJZ OK
SOJL OK
SOLI OK
SOLT OK
SOLJ OK
SOLZ OK
STIO OK
STIZ OK
STIJ OK
SOIZ OK
STIL OK
STOI OK
STOZ OK
STOJ OK
STOL OK
STZI OK
STZO OK
STJI OK
STZL OK
STZJ OK
STJO OK
STLI OK
STJL OK
STLO OK
STJZ OK
STLJ OK
SZIT OK
STLZ OK
SZIO OK
SZIJ OK
SZIL OK
SZOT OK
SZOI OK
SZOJ OK
SZOL OK
SZTO OK
SZTI OK
SZTJ OK
SZTL OK
SZJI OK
SZJO OK
SZJT OK
SZJL OK
SZLI OK
SZLO OK
SZLJ OK
SZLT OK
SJIO OK
SJIT OK
SJIL OK
SJIZ OK
SJOT OK
SJOI OK
SJOL OK
SJOZ OK
SJTI OK
SJTO OK
SJTL OK
SJTZ OK
SJZI OK
SJZO OK
SJZT OK
SJZL OK
SJLO OK
SJLI OK
SJLT OK
SLIT OK
SJLZ OK
SLIO OK
SLIJ OK
SLIZ OK
SLOT OK
SLOI OK
SLOZ OK
SLTO OK
SLOJ OK
SLTI OK
SLTJ OK
SLTZ OK
SLZI OK
SLZO OK
SLZT OK
SLJI OK
SLJO OK
SLZJ OK
SLJT OK
ZIOT OK
ZIOS OK
ZIOJ OK
SLJZ OK
ZIOL OK
ZITO OK
ZITS OK
ZITJ OK
ZITL OK
ZIST OK
ZISJ OK
ZISO OK
ZIJO OK
ZIJT OK
ZISL OK
ZIJL OK
ZILT OK
ZIJS OK
ZILO OK
ZILJ OK
ZOIT OK
ZOIS OK
ZOIJ OK
ZILS OK
ZOIL OK
ZOTI OK
ZOTS OK
ZOTJ OK
ZOTL OK
ZOST OK
ZOSI OK
ZOSJ OK
ZOSL OK
ZOJT OK
ZOJI OK
ZOJL OK
ZOJS OK
ZOLI OK
ZOLT OK
ZOLS OK
ZOLJ OK
ZTIO OK
ZTIS OK
ZTIJ OK
ZTIL OK
ZTOI OK
ZTOS OK
ZTOJ OK
ZTOL OK
ZTSI OK
ZTSO OK
ZTJI OK
ZTSL OK
ZTJO OK
ZTJL OK
ZTLI OK
ZTSJ OK
ZTLO OK
ZTLS OK
ZTLJ OK
ZSIT OK
ZTJS OK
ZSIO OK
ZSIJ OK
ZSIL OK
ZSOT OK
ZSOI OK
ZSOJ OK
ZSOL OK
ZSTO OK
ZSTL OK
ZSTI OK
ZSJI OK
ZSJO OK
ZSJT OK
ZSTJ OK
ZSJL OK
ZSLI OK
ZSLT OK
ZSLJ OK
ZSLO OK
ZJIT OK
ZJIO OK
ZJIL OK
ZJOT OK
ZJIS OK
ZJOI OK
ZJOL OK
ZJOS OK
ZJTI OK
ZJTO OK
ZJTL OK
ZJSI OK
ZJSO OK
ZJTS OK
ZJSL OK
ZJLI OK
ZJST OK
ZJLT OK
ZJLO OK
ZJLS OK
ZLIT OK
ZLIO OK
ZLIJ OK
ZLOI OK
ZLOT OK
ZLIS OK
ZLOS OK
ZLOJ OK
ZLTO OK
ZLTI OK
ZLTS OK
ZLTJ OK
ZLST OK
ZLSI OK
ZLSJ OK
ZLSO OK
ZLJI OK
ZLJT OK
ZLJO OK
JIOT OK
ZLJS OK
JIOS OK
JIOZ OK
JIOL OK
JITO OK
JITS OK
JITZ OK
JITL OK
JISO OK
JIST OK
JISL OK
JISZ OK
JIZO OK
JIZT OK
JIZL OK
JILT OK
JILO OK
JILS OK
JILZ OK
JOIT OK
JOIS OK
JOIZ OK
JOIL OK
JOTI OK
JOTS OK
JOTZ OK
JOTL OK
JOST OK
JOSI OK
JOSL OK
JOSZ OK
JOZI OK
JOZT OK
JOZL OK
JOLI OK
JOZS OK
JOLT OK
JOLS OK
JOLZ OK
JTIO OK
JTIS OK
JTIZ OK
JTIL OK
JTOI OK
JIZS OK
JTOS OK
JTOZ OK
JTOL OK
JTSI OK
JTSO OK
JTSL OK
JTZI OK
JTZO OK
JTZL OK
JTLI OK
JTLS OK
JTLO OK
JTLZ OK
JTSZ OK
JSIO OK
JSIT OK
JSIL OK
JTZS OK
JSIZ OK
JSOT OK
JSOI OK
JSOL OK
JSOZ OK
JSTO OK
JSTI OK
JSTL OK
JSTZ OK
JSZI OK
JSZO OK
JSZT OK
JSZL OK
JSLI OK
JSLO OK
JSLT OK
JZIO OK
JSLZ OK
JZIT OK
JZIL OK
JZOT OK
JZOI OK
JZIS OK
JZOL OK
JZTI OK
JZTO OK
JZOS OK
JZTL OK
JZSI OK
JZTS OK
JZSL OK
JZLI OK
JZST OK
JZLO OK
JZLT OK
JLIO OK
JZLS OK
JLIT OK
JLIS OK
JLIZ OK
JLOI OK
JLOT OK
JLOS OK
JLOZ OK
JLTI OK
JLTO OK
JLTS OK
JLTZ OK
JLSI OK
JLST OK
JLSO OK
JLZI OK
JLZT OK
JLZO OK
LIOT OK
JZSO OK
JLZS OK
LIOS OK
LIOZ OK
LIOJ OK
LITO OK
LITS OK
LITJ OK
LITZ OK
JLSZ OK
LIST OK
LISO OK
LISJ OK
LISZ OK
LIZT OK
LIZJ OK
LIZO OK
LIJO OK
LIJT OK
LIJS OK
LIJZ OK
LOIT OK
LOIS OK
LOIJ OK
LOIZ OK
LOTI OK
LOTZ OK
LOTS OK
LOTJ OK
LOST OK
LOSI OK
LOSJ OK
LOSZ OK
LOZI OK
LOZT OK
LOZJ OK
LOJI OK
LOJT OK
LOJS OK
LOZS OK
LOJZ OK
LTIO OK
LTIS OK
LTIJ OK
LTIZ OK
LTOI OK
LTOS OK
LTOZ OK
LTOJ OK
LTSI OK
LTSO OK
LTSJ OK
LTZI OK
LIZS OK
LTSZ OK
LTZJ OK
LTZO OK
LTJI OK
LTZS OK
LTJO OK
LTJS OK
LTJZ OK
LSIT OK
LSIO OK
LSIJ OK
LSIZ OK
LSOT OK
LSOI OK
LSOJ OK
LSOZ OK
LSTI OK
LSTO OK
LSTJ OK
LSTZ OK
LSZI OK
LSZT OK
LSJI OK
LSZO OK
LSZJ OK
LSJO OK
LSJT OK
LZIT OK
LSJZ OK
LZIO OK
LZIJ OK
LZOT OK
LZOI OK
LZOJ OK
LZTI OK
LZOS OK
LZTO OK
LZTS OK
LZTJ OK
LZST OK
LZSI OK
LZSO OK
LZJI OK
LZSJ OK
LZIS OK
LZJT OK
LJIO OK
LZJO OK
LZJS OK
LJIT OK
LJIS OK
LJIZ OK
LJOI OK
LJOT OK
LJOS OK
LJOZ OK
LJTI OK
LJTO OK
LJTS OK
LJTZ OK
LJSI OK
LJST OK
LJSO OK
LJZI OK
LJZT OK
LJZO OK
LJZS OK
LJSZ OK
