IOTL OK
IOTS OK
IOTZ OK
IOTJ OK
IOSJ OK
IOSL OK
IOSZ OK
IOST OK
IOZT OK
IOZJ OK
IOZL OK
IOJT OK
IOJS OK
IOZS OK
IOJZ OK
IOJL OK
IOLT OK
IOLZ OK
IOLS OK
IOLJ OK
ITOS OK
ITOZ OK
ITOJ OK
ITOL OK
ITSO OK
ITSJ OK
ITSL OK
ITZO OK
ITZJ OK
ITZL OK
ITJO OK
ITJS OK
ITJZ OK
ITJL OK
ITLO OK
ITLS OK
ITLZ OK
ITLJ OK
ITZS OK
ITSZ OK
ISOJ OK
ISOL OK
ISTO OK
ISOT OK
ISOZ OK
ISTJ OK
ISTL OK
ISZJ OK
ISZL OK
ISJO OK
ISTZ OK
ISJT OK
ISJZ OK
ISZO OK
ISZT OK
ISJL OK
ISLO OK
ISLT OK
ISLZ OK
ISLJ OK
IZOJ OK
IZOL OK
IZTO OK
IZTJ OK
IZOT OK
IZTL OK
IZOS OK
IZTS OK
IZSJ OK
IZSL OK
IZJO OK
IZJT OK
IZSO OK
IZST OK
IZJL OK
IZJS OK
IZLO OK
IZLT OK
IZLS OK
IZLJ OK
IJOT OK
IJOS OK
IJOZ OK
IJOL OK
IJTO OK
IJTS OK
IJTZ OK
IJTL OK
IJSO OK
IJST OK
IJSL OK
IJZO OK
IJZT OK
IJSZ OK
IJLO OK
IJZL OK
IJZS OK
IJLT OK
IJLS OK
ILOT OK
IJLZ OK
ILOS OK
ILOJ OK
ILTO OK
ILOZ OK
ILTS OK
ILTZ OK
ILTJ OK
ILSO OK
ILST OK
ILSZ OK
ILSJ OK
ILZO OK
ILZT OK
ILJO OK
ILZJ OK
ILJT OK
ILZS OK
ILJS OK
ILJZ OK
OITS OK
OITZ OK
OITJ OK
OITL OK
OISJ OK
OISL OK
OIST OK
OISZ OK
OIZJ OK
OIZT OK
OIZL OK
OIJT OK
OIJS OK
OIJZ OK
OIJL OK
OIZS OK
OILT OK
OILS OK
OILJ OK
OILZ OK
OTIS OK
OTIZ OK
OTIJ OK
OTIL OK
OTSI OK
OTSJ OK
OTSL OK
OTZI OK
OTZJ OK
OTZL OK
OTJI OK
OTJS OK
OTJZ OK
OTJL OK
OTLI OK
OTLS OK
OTLZ OK
OTLJ OK
OTSZ OK
OSIJ OK
OTZS OK
OSIL OK
OSTI OK
OSTJ OK
OSIT OK
OSIZ OK
OSTL OK
OSZJ OK
OSZL OK
OSJI OK
OSTZ OK
OSJT OK
OSZT OK
OSJL OK
OSZI OK
OSLI OK
OSLT OK
OSLZ OK
OSLJ OK
OSJZ OK
OZIJ OK
OZIL OK
OZTI OK
OZTJ OK
OZIT OK
OZTL OK
OZIS OK
OZSJ OK
OZTS OK
OZSL OK
OZJI OK
OZJT OK
OZJS OK
OZSI OK
OZST OK
OZJL OK
OZLI OK
OZLT OK
OZLS OK
OZLJ OK
OJIT OK
OJIS OK
OJIZ OK
OJIL OK
OJTI OK
OJTS OK
OJTZ OK
OJTL OK
OJSI OK
OJST OK
OJSL OK
OJZI OK
OJZT OK
OJZL OK
OJZS OK
OJLI OK
OJLT OK
OJLS OK
OJLZ OK
OLIT OK
OLIS OK
OLIZ OK
OLIJ OK
OLTI OK
OLTS OK
OLTZ OK
OLTJ OK
OLSI OK
OLST OK
OLSJ OK
OLZI OK
OLZT OK
OJSZ OK
OLZS OK
OLZJ OK
OLJI OK
OLJT OK
OLJS OK
OLJZ OK
TIOS OK
TIOZ OK
TIOJ OK
TIOL OK
TISO OK
TISJ OK
TISL OK
TIZO OK
TIZJ OK
OLSZ OK
TIZL OK
TIJO OK
TIJS OK
TIJZ OK
TIJL OK
TISZ OK
TILO OK
TILS OK
TILZ OK
TILJ OK
TOIS OK
TIZS OK
TOIZ OK
TOIJ OK
TOIL OK
TOSI OK
TOSJ OK
TOSL OK
TOZI OK
TOZJ OK
TOZL OK
TOJI OK
TOJS OK
TOJZ OK
TOJL OK
TOLI OK
TOLS OK
TOLZ OK
TOLJ OK
TOSZ OK
TSIO OK
TSIJ OK
TOZS OK
TSIL OK
TSOI OK
TSOJ OK
TSOL OK
TSIZ OK
TSZJ OK
TSOZ OK
TSZI OK
TSZL OK
TSJI OK
TSZO OK
TSJO OK
TSLI OK
TSJZ OK
TSLO OK
TSJL OK
TZIO OK
TSLZ OK
TSLJ OK
TZIJ OK
TZIL OK
TZOI OK
TZOJ OK
TZOL OK
TZIS OK
TZSJ OK
TZSL OK
TZOS OK
TZSI OK
TZJI OK
TZJO OK
TZSO OK
TZJS OK
TZJL OK
TZLI OK
TZLO OK
TZLS OK
TZLJ OK
TJIO OK
TJIS OK
TJIZ OK
TJIL OK
TJOI OK
TJOS OK
TJOZ OK
TJOL OK
TJSI OK
TJSO OK
TJZI OK
TJSZ OK
TJSL OK
TJZO OK
TJLI OK
TJLO OK
TJZS OK
TJZL OK
TLIO OK
TJLS OK
TLIS OK
TJLZ OK
TLIZ OK
TLOI OK
TLOS OK
TLIJ OK
TLOZ OK
TLOJ OK
TLSI OK
TLSO OK
TLZI OK
TLZO OK
TLSZ OK
TLSJ OK
TLJI OK
TLJO OK
TLZS OK
TLZJ OK
TLJS OK
TLJZ OK
SIOJ OK
SIOL OK
SITO OK
SIOT OK
SIOZ OK
SITJ OK
SITL OK
SIZJ OK
SIZL OK
SITZ OK
SIJO OK
SIJT OK
SIJZ OK
SIJL OK
SIZT OK
SIZO OK
SILO OK
SILT OK
SILZ OK
SILJ OK
SOIJ OK
SOIL OK
SOTI OK
SOTJ OK
SOIT OK
SOIZ OK
SOTL OK
SOZJ OK
SOZL OK
SOTZ OK
SOJI OK
SOJT OK
SOZT OK
SOJL OK
SOZI OK
SOLI OK
SOLT OK
SOLZ OK
SOLJ OK
SOJZ OK
STIO OK
STIJ OK
STIL OK
STOI OK
STOJ OK
STOL OK
STIZ OK
STZJ OK
STOZ OK
STZI OK
STZL OK
STJI OK
STZO OK
STJO OK
STLI OK
STJZ OK
STJL OK
STLO OK
STLZ OK
STLJ OK
SZIL OK
SZIJ OK
SZIT OK
SZIO OK
SZOJ OK
SZOL OK
SZOT OK
SZOI OK
SZTJ OK
SZTL OK
SZJI OK
SZJT OK
SZTI OK
SZTO OK
SZJO OK
SZLI OK
SZLO OK
SZLT OK
SZJL OK
SJIT OK
SJIO OK
SJIZ OK
SZLJ OK
SJIL OK
SJOI OK
SJOT OK
SJOL OK
SJTI OK
SJTO OK
SJTZ OK
SJZI OK
SJTL OK
SJOZ OK
SJLI OK
SJZT OK
SJLO OK
SJZL OK
SJLT OK
SJZO OK
SLIO OK
SLIT OK
SLIZ OK
SLIJ OK
SJLZ OK
SLOI OK
SLOT OK
SLOZ OK
SLOJ OK
SLTI OK
SLTO OK
SLZI OK
SLTZ OK
SLTJ OK
SLJI OK
SLZT OK
SLJO OK
SLZO OK
SLJT OK
SLZJ OK
ZIOJ OK
ZIOL OK
ZIOT OK
SLJZ OK
ZITO OK
ZITJ OK
ZIOS OK
ZITL OK
ZISJ OK
ZISL OK
ZITS OK
ZIJO OK
ZIJT OK
ZIST OK
ZIJL OK
ZILO OK
ZIJS OK
ZISO OK
ZILS OK
ZILT OK
ZILJ OK
ZOIJ OK
ZOIL OK
ZOTI OK
ZOIT OK
ZOTJ OK
ZOTL OK
ZOIS OK
ZOSJ OK
ZOTS OK
ZOSL OK
ZOJI OK
ZOJT OK
ZOST OK
ZOJS OK
ZOSI OK
ZOJL OK
ZOLI OK
ZOLT OK
ZOLS OK
ZOLJ OK
ZTIO OK
ZTIJ OK
ZTIL OK
ZTOI OK
ZTOJ OK
ZTOL OK
ZTIS OK
ZTSJ OK
ZTOS OK
ZTSL OK
ZTJI OK
ZTJO OK
ZTSI OK
ZTSO OK
ZTJL OK
ZTJS OK
ZTLI OK
ZTLO OK
ZTLJ OK
ZTLS OK
ZSIL OK
ZSIJ OK
ZSIT OK
ZSIO OK
ZSOJ OK
ZSOT OK
ZSOL OK
ZSOI OK
ZSTL OK
ZSTJ OK
ZSJI OK
ZSTI OK
ZSJT OK
ZSTO OK
ZSLI OK
ZSLO OK
ZSLT OK
ZJIO OK
ZJIT OK
ZSJO OK
ZSLJ OK
ZSJL OK
ZJIL OK
ZJIS OK
ZJOI OK
ZJOT OK
ZJOL OK
ZJOS OK
ZJTI OK
ZJTO OK
ZJTL OK
ZJTS OK
ZJSI OK
ZJST OK
ZJSL OK
ZJLI OK
ZJLO OK
ZJLT OK
ZJLS OK
ZLIO OK
ZLIT OK
ZLIS OK
ZLIJ OK
ZLOI OK
ZLOT OK
ZLOJ OK
ZLOS OK
ZLTI OK
ZLTO OK
ZLTS OK
ZLTJ OK
ZLSI OK
ZLST OK
ZLSO OK
ZLJI OK
ZLJO OK
ZLJT OK
ZLSJ OK
JIOT OK
JIOS OK
JIOZ OK
ZJSO OK
ZLJS OK
JIOL OK
JITO OK
JITS OK
JITZ OK
JITL OK
JIST OK
JISO OK
JISL OK
JISZ OK
JIZO OK
JIZT OK
JIZS OK
JIZL OK
JILO OK
JILT OK
JILS OK
JILZ OK
JOIT OK
JOIS OK
JOIZ OK
JOIL OK
JOTI OK
JOTS OK
JOTZ OK
JOTL OK
JOSI OK
JOST OK
JOSL OK
JOZI OK
JOZT OK
JOZL OK
JOZS OK
JOLI OK
JOLT OK
JOLS OK
JOLZ OK
JTIO OK
JTIS OK
JTIZ OK
JTIL OK
JTOI OK
JTOS OK
JTOZ OK
JTOL OK
JTSI OK
JTSO OK
JTSZ OK
JTZI OK
JTSL OK
JTZO OK
JOSZ OK
JTZS OK
JTZL OK
JTLI OK
JTLO OK
JTLS OK
JTLZ OK
JSIO OK
JSIT OK
JSIL OK
JSOT OK
JSIZ OK
JSOI OK
JSOL OK
JSTI OK
JSTO OK
JSZI OK
JSTL OK
JSTZ OK
JSZT OK
JSZL OK
JSLI OK
JSLO OK
JSOZ OK
JSLT OK
JZIO OK
JZIT OK
JSLZ OK
JZIL OK
JZIS OK
JZOI OK
JSZO OK
JZOT OK
JZOS OK
JZOL OK
JZTI OK
JZTO OK
JZTL OK
JZTS OK
JZSI OK
JZST OK
JZSL OK
JZLI OK
JZLO OK
JZLT OK
JZLS OK
JLIO OK
JLIT OK
JLIS OK
JLIZ OK
JLOI OK
JLOT OK
JLOS OK
JLOZ OK
JLTI OK
JLTO OK
JLTS OK
JLSI OK
JLTZ OK
JLSO OK
JLST OK
JLZI OK
JLZO OK
JLSZ OK
JLZT OK
LIOT OK
LIOS OK
LIOZ OK
LIOJ OK
JLZS OK
LITO OK
LITS OK
LITZ OK
LITJ OK
LISO OK
LIST OK
LISJ OK
LISZ OK
JZSO OK
LIZO OK
LIZT OK
LIJO OK
LIZJ OK
LIJT OK
LIZS OK
LIJS OK
LIJZ OK
LOIT OK
LOIS OK
LOIJ OK
LOIZ OK
LOTI OK
LOTS OK
LOTZ OK
LOTJ OK
LOSI OK
LOST OK
LOSJ OK
LOZT OK
LOZI OK
LOZS OK
LOZJ OK
LOJI OK
LOJT OK
LOJS OK
LOJZ OK
LTIO OK
LTIS OK
LTIZ OK
LTOI OK
LTIJ OK
LTOS OK
LTOZ OK
LTOJ OK
LTSI OK
LTSO OK
LTZI OK
LTSZ OK
LTSJ OK
LTZO OK
LTZS OK
LTJI OK
LTZJ OK
LOSZ OK
LTJO OK
LSIO OK
LTJS OK
LTJZ OK
LSIT OK
LSIJ OK
LSIZ OK
LSOI OK
LSOT OK
LSOJ OK
LSTI OK
LSTO OK
LSZI OK
LSTZ OK
LSTJ OK
LSZT OK
LSJI OK
LSJO OK
LSJT OK
LSZJ OK
LSJZ OK
LZIO OK
LZIT OK
LZIS OK
LZIJ OK
LZOI OK
LSOZ OK
LZOT OK
LZOJ OK
LZOS OK
LZTI OK
LZTO OK
LZTS OK
LZTJ OK
LZSI OK
LZST OK
LZSO OK
LZJI OK
LZJO OK
LSZO OK
LZJT OK
LJIO OK
LJIT OK
LJIS OK
LZSJ OK
LJIZ OK
LJOI OK
LJOT OK
LJOS OK
LJOZ OK
LJTI OK
LZJS OK
LJTO OK
LJSI OK
LJTS OK
LJTZ OK
LJSO OK
LJZI OK
LJST OK
LJZO OK
LJZT OK
LJSZ OK
LJZS OK
