IOTJ OK
IOTL OK
IOTS OK
IOTZ OK
IOSJ OK
IOSL OK
IOST OK
IOZJ OK
IOZT OK
IOZL OK
IOJT OK
IOJS OK
IOJZ OK
IOJL OK
IOLT OK
IOLS OK
IOZS OK
IOLZ OK
IOLJ OK
ITOS OK
ITOZ OK
ITOJ OK
IOSZ OK
ITOL OK
ITSJ OK
ITSO OK
ITSZ OK
ITSL OK
ITZO OK
ITZJ OK
ITJO OK
ITZL OK
ITJS OK
ITJZ OK
ITJL OK
ITZS OK
ITLO OK
ITLS OK
ITLZ OK
ITLJ OK
ISOJ OK
ISOT OK
ISOL OK
ISTJ OK
ISTO OK
ISTZ OK
ISTL OK
ISZT OK
ISZJ OK
ISJO OK
ISJT OK
ISZL OK
ISJZ OK
ISOZ OK
ISJL OK
ISLT OK
ISLO OK
ISLJ OK
ISLZ OK
ISZO OK
IZOT OK
IZOJ OK
IZOS OK
IZOL OK
IZTJ OK
IZTO OK
IZTS OK
IZTL OK
IZSO OK
IZST OK
IZJO OK
IZSJ OK
IZJT OK
IZJS OK
IZJL OK
IZLO OK
IZLT OK
IZLJ OK
IZLS OK
IJOT OK
IJOS OK
IZSL OK
IJOZ OK
IJTO OK
IJOL OK
IJTS OK
IJTL OK
IJTZ OK
IJSO OK
IJST OK
IJZO OK
IJSZ OK
IJSL OK
IJZT OK
IJLO OK
IJZL OK
IJLT OK
IJLS OK
IJLZ OK
ILOT OK
ILOS OK
ILOZ OK
ILOJ OK
ILTO OK
ILTS OK
ILTZ OK
ILTJ OK
ILSO OK
ILST OK
IJZS OK
ILSJ OK
ILZO OK
ILZT OK
ILZJ OK
ILJO OK
ILJT OK
ILJS OK
ILJZ OK
ILSZ OK
OITS OK
OITJ OK
OITZ OK
OITL OK
OIST OK
OISJ OK
OISL OK
OISZ OK
OIZT OK
OIZJ OK
OIZL OK
OIJT OK
OIJS OK
OIJZ OK
OIJL OK
OILT OK
OILS OK
OILZ OK
OIZS OK
OILJ OK
OTIS OK
OTIJ OK
OTIZ OK
OTIL OK
OTSI OK
OTSJ OK
OTSL OK
OTZI OK
OTSZ OK
OTZJ OK
OTZL OK
OTJI OK
OTJS OK
OTZS OK
OTJZ OK
OTJL OK
OTLI OK
OTLS OK
OTLZ OK
OTLJ OK
OSIJ OK
OSIT OK
OSIZ OK
OSIL OK
OSTI OK
OSTJ OK
OSTZ OK
OSTL OK
OSZJ OK
OSZI OK
OSZT OK
OSJI OK
OSZL OK
OSJT OK
OSJZ OK
OSJL OK
OSLI OK
OSLT OK
OSLJ OK
OZIT OK
OSLZ OK
OZIS OK
OZIJ OK
OZIL OK
OZTI OK
OZTJ OK
OZTS OK
OZTL OK
OZSI OK
OZSJ OK
OZJI OK
OZSL OK
OZST OK
OZJT OK
OZJS OK
OZJL OK
OZLI OK
OZLJ OK
OZLT OK
OZLS OK
OJIT OK
OJIS OK
OJIZ OK
OJIL OK
OJTI OK
OJTS OK
OJTZ OK
OJTL OK
OJSI OK
OJST OK
OJSZ OK
OJSL OK
OJZI OK
OJZT OK
OJZL OK
OJLI OK
OJLT OK
OJLS OK
OJLZ OK
OLIT OK
OLIS OK
OLIZ OK
OLIJ OK
OLTI OK
OJZS OK
OLTS OK
OLTZ OK
OLTJ OK
OLSI OK
OLST OK
OLSJ OK
OLZI OK
OLZT OK
OLZJ OK
OLSZ OK
OLZS OK
OLJI OK
OLJT OK
OLJS OK
OLJZ OK
TIOJ OK
TIOS OK
TIOZ OK
TIOL OK
TISO OK
TISJ OK
TISZ OK
TISL OK
TIZO OK
TIZJ OK
TIZL OK
TIZS OK
TIJO OK
TIJS OK
TIJZ OK
TIJL OK
TILO OK
TILS OK
TILZ OK
TILJ OK
ILZS CAP
TOIS OK
TOIJ OK
TOIZ OK
TOIL OK
TOSJ OK
TOSI OK
TOSL OK
TOZI OK
TOZJ OK
TOZL OK
TOJI OK
TOSZ OK
TOJS OK
TOJZ OK
TOJL OK
TOZS OK
TOLI OK
TOLS OK
TOLZ OK
TOLJ OK
TSIJ OK
TSIO OK
TSIL OK
TSIZ OK
TSOI OK
TSOJ OK
TSOL OK
TSZJ OK
TSZI OK
TSJI OK
TSZL OK
TSJO OK
TSOZ OK
TSJZ OK
TSJL OK
TSZO OK
TSLI OK
TSLO OK
TSLJ OK
TZIO OK
TSLZ OK
TZIJ OK
TZIS OK
TZIL OK
TZOI OK
TZOJ OK
TZOL OK
TZSJ OK
TZSI OK
TZJI OK
TZJO OK
TZSL OK
TZJS OK
TZOS OK
TZSO OK
TZJL OK
TZLI OK
TZLO OK
TZLJ OK
TJIO OK
TJIS OK
TZLS OK
TJIZ OK
TJIL OK
TJOI OK
TJOS OK
TJOZ OK
TJOL OK
TJSI OK
TJSO OK
TJSZ OK
TJSL OK
TJZI OK
TJZO OK
TJZL OK
TJLI OK
TJLO OK
TJLS OK
TJLZ OK
TLIO OK
TLIS OK
TLIJ OK
TLIZ OK
TLOI OK
TLOS OK
TLOZ OK
TLOJ OK
TLSO OK
TLSI OK
TLSJ OK
TLZI OK
TLSZ OK
TLZO OK
TLZJ OK
TLJI OK
TJZS OK
TLJO OK
TLJS OK
TLJZ OK
SIOT OK
SIOZ OK
SIOJ OK
SIOL OK
SITO OK
SITJ OK
SITZ OK
SITL OK
SIZT OK
SIZJ OK
TLZS OK
SIJO OK
SIZL OK
SIJT OK
SIJZ OK
SIJL OK
SILT OK
SILO OK
SILJ OK
SIZO OK
SILZ OK
SOIT OK
SOIZ OK
SOIJ OK
SOIL OK
SOTI OK
SOTJ OK
SOTZ OK
SOTL OK
SOZJ OK
SOZT OK
SOJI OK
SOJT OK
SOZL OK
SOJZ OK
SOJL OK
SOLI OK
SOLT OK
SOLJ OK
SOLZ OK
STIO OK
SOZI OK
STIJ OK
STIZ OK
STIL OK
STOI OK
STOJ OK
STOZ OK
STOL OK
STZI OK
STZJ OK
STJI OK
STZL OK
STJO OK
STJZ OK
STJL OK
STZO OK
STLI OK
STLO OK
STLJ OK
STLZ OK
SZIO OK
SZIJ OK
SZIT OK
SZOI OK
SZIL OK
SZOJ OK
SZOT OK
SZTO OK
SZTI OK
SZTJ OK
SZOL OK
SZJI OK
SZJO OK
SZJT OK
SZTL OK
SZJL OK
SZLT OK
SZLJ OK
SZLI OK
SZLO OK
SJIO OK
SJIT OK
SJIZ OK
SJIL OK
SJOI OK
SJOT OK
SJOZ OK
SJOL OK
SJTI OK
SJTO OK
SJTZ OK
SJTL OK
SJZI OK
SJZO OK
SJZT OK
SJLI OK
SJLO OK
SJZL OK
SJLT OK
SJLZ OK
SLIO OK
SLIT OK
SLIJ OK
SLOI OK
SLIZ OK
SLOT OK
SLOJ OK
SLOZ OK
SLTI OK
SLTO OK
SLTZ OK
SLTJ OK
SLZT OK
SLZJ OK
SLJI OK
SLZI OK
SLJO OK
SLJT OK
SLJZ OK
ZIOT OK
ZIOJ OK
ZIOS OK
ZIOL OK
ZITO OK
ZITJ OK
SLZO OK
ZITS OK
ZISO OK
ZISJ OK
ZITL OK
ZIST OK
ZIJO OK
ZIJT OK
ZIJS OK
ZIJL OK
ZILO OK
ZILT OK
ZILJ OK
ZOIT OK
ZILS OK
ZOIS OK
ZOIJ OK
ZISL OK
ZOIL OK
ZOTI OK
ZOTJ OK
ZOTS OK
ZOTL OK
ZOSI OK
ZOSJ OK
ZOST OK
ZOJI OK
ZOSL OK
ZOJT OK
ZOJS OK
ZOJL OK
ZOLI OK
ZOLT OK
ZOLJ OK
ZOLS OK
ZTIO OK
ZTIJ OK
ZTIS OK
ZTIL OK
ZTOI OK
ZTOJ OK
ZTOS OK
ZTOL OK
ZTSJ OK
ZTSI OK
ZTJI OK
ZTJO OK
ZTJS OK
ZTSO OK
ZTJL OK
ZTLI OK
ZTSL OK
ZTLJ OK
ZTLO OK
ZTLS OK
ZSIO OK
ZSIJ OK
ZSIT OK
ZSOI OK
ZSOJ OK
ZSOT OK
ZSIL OK
ZSOL OK
ZSTJ OK
ZSTO OK
ZSTI OK
ZSJI OK
ZSTL OK
ZSJO OK
ZSJT OK
ZSJL OK
ZSLT OK
ZSLJ OK
ZSLI OK
ZSLO OK
ZJIO OK
ZJIT OK
ZJIS OK
ZJIL OK
ZJOI OK
ZJOS OK
ZJOT OK
ZJOL OK
ZJTI OK
ZJTO OK
ZJTS OK
ZJTL OK
ZJSI OK
ZJSO OK
ZJST OK
ZJSL OK
ZJLO OK
ZJLI OK
ZJLT OK
ZJLS OK
ZLIO OK
ZLIT OK
ZLIJ OK
ZLOI OK
ZLOT OK
ZLOS OK
ZLOJ OK
ZLTI OK
ZLTO OK
ZLTS OK
ZLTJ OK
ZLSO OK
ZLST OK
ZLSJ OK
ZLJI OK
ZLJO OK
ZLJT OK
ZLSI OK
ZLJS OK
JIOT OK
JIOS OK
JIOZ OK
JIOL OK
JITO OK
JITS OK
JITZ OK
JITL OK
ZLIS OK
JISO OK
JIST OK
JISZ OK
JIZO OK
JISL OK
JIZT OK
JILO OK
JILT OK
JIZL OK
JILS OK
JOIT OK
JILZ OK
JOIS OK
JOIL OK
JOIZ OK
JOTS OK
JOTZ OK
JOTI OK
JOTL OK
JOSI OK
JOST OK
JOSL OK
JOSZ OK
JOZI OK
JOZT OK
JOZS OK
JIZS OK
JOZL OK
JOLI OK
JOLT OK
JOLS OK
JOLZ OK
JTIO OK
JTIS OK
JTIZ OK
JTIL OK
JTOS OK
JTOI OK
JTOZ OK
JTOL OK
JTSI OK
JTSO OK
JTSL OK
JTSZ OK
JTZI OK
JTZO OK
JTZL OK
JTLI OK
JTLO OK
JTLS OK
JTLZ OK
JSIO OK
JSIT OK
JSIZ OK
JSIL OK
JSOT OK
JSOI OK
JSOZ OK
JSTI OK
JSOL OK
JSTO OK
JSTL OK
JSTZ OK
JSZI OK
JSZO OK
JSZT OK
JSZL OK
JSLI OK
JSLO OK
JSLT OK
JTZS OK
JSLZ OK
JZIO OK
JZIT OK
JZOI OK
JZIL OK
JZOT OK
JZOS OK
JZOL OK
JZIS OK
JZTI OK
JZTO OK
JZTS OK
JZTL OK
JZSI OK
JZSO OK
JZST OK
JZLI OK
JZSL OK
JZLO OK
JZLT OK
JZLS OK
JLIO OK
JLIT OK
JLIS OK
JLOI OK
JLIZ OK
JLOT OK
JLOS OK
JLTI OK
JLOZ OK
JLTO OK
JLTS OK
JLTZ OK
JLSI OK
JLST OK
JLSO OK
JLZI OK
JLSZ OK
JLZO OK
JLZT OK
LIOS OK
LIOT OK
LIOZ OK
LIOJ OK
LITO OK
LITS OK
LITJ OK
LITZ OK
LISO OK
JLZS OK
LIST OK
LISJ OK
LIZO OK
LIZT OK
LIZJ OK
LIJO OK
LIJT OK
LIJS OK
LIJZ OK
LOIT OK
LISZ OK
LOIS OK
LOIZ OK
LOIJ OK
LOTI OK
LOTS OK
LOTZ OK
LOTJ OK
LOSI OK
LOST OK
LOSJ OK
LOZI OK
LOZT OK
LOSZ OK
LOZS OK
LOZJ OK
LOJI OK
LOJT OK
LOJS OK
LTIO OK
LOJZ OK
LTIJ OK
LTIS OK
LTIZ OK
LTOI OK
LTOS OK
LTOZ OK
LTOJ OK
LTSO OK
LTSI OK
LTSJ OK
LTZI OK
LTSZ OK
LTZO OK
LTZJ OK
LTJI OK
LTJO OK
LTJS OK
LTJZ OK
LSIO OK
LSIT OK
LSIJ OK
LSIZ OK
LSOI OK
LSOT OK
LTZS OK
LSOJ OK
LSTI OK
LSOZ OK
LSTJ OK
LSTO OK
LSTZ OK
LSZT OK
LSZI OK
LSJI OK
LSZJ OK
LSJO OK
LSJT OK
LSJZ OK
LZIO OK
LSZO OK
LZIT OK
LZIJ OK
LZOI OK
LZOT OK
LZOS OK
LZOJ OK
LZTI OK
LZTO OK
LZTS OK
LZTJ OK
LZSO OK
LZST OK
LZSJ OK
LZSI OK
LZJI OK
LZJO OK
LZJT OK
LZJS OK
LJIO OK
LJIT OK
LJIS OK
LJIZ OK
LJOI OK
LJOT OK
LJOS OK
LJOZ OK
LJTI OK
LJTO OK
LJTZ OK
LJTS OK
LZIS OK
LJSO OK
LJSI OK
LJST OK
LJZI OK
LJSZ OK
LJZO OK
LJZT OK
LJZS OK
LIZS CAP
