IOTJ OK
IOTL OK
IOTZ OK
IOTS OK
IOST OK
IOSZ OK
IOSJ OK
IOSL OK
IOZT OK
IOZS OK
IOJT OK
IOZL OK
IOZJ OK
IOJL OK
IOLT OK
IOJS OK
IOLJ OK
IOJZ OK
IOLS OK
ITOJ OK
ITOS OK
ITOZ OK
ITOL OK
ITSJ OK
ITSL OK
IOLZ OK
ITSO OK
ITZJ OK
ITZL OK
ITZO OK
ITJO OK
ITSZ OK
ITJS OK
ITJZ OK
ITJL OK
ITLO OK
ITLS OK
ITLZ OK
ITLJ OK
ISOT OK
ITZS OK
ISOJ OK
ISTO OK
ISTJ OK
ISOZ OK
ISOL OK
ISTZ OK
ISTL OK
ISZT OK
ISZJ OK
ISZO OK
ISJO OK
ISJL OK
ISJT OK
ISLT OK
ISLO OK
ISLJ OK
ISJZ OK
ISZL OK
IZOT OK
IZOS OK
IZTO OK
IZOJ OK
IZOL OK
IZTJ OK
IZTS OK
IZTL OK
IZST OK
IZSO OK
IZSJ OK
ISLZ CAP
IZJO OK
IZJL OK
IZJT OK
IZLO OK
IZJS OK
IZLJ OK
IZLT OK
IJOT OK
IZSL CAP
IJOL OK
IJOS OK
IJTO OK
IJTS OK
IJTZ OK
IJTL OK
IJOZ OK
IJST OK
IJSL OK
IJSO OK
IJZO OK
IJSZ OK
IJZL OK
IJLO OK
IJZT OK
IJLT OK
IJLS OK
IJLZ OK
IZLS CAP
ILOT OK
ILOJ OK
ILTO OK
ILOS OK
ILTS OK
ILTJ OK
ILOZ OK
ILTZ OK
ILST OK
IJZS OK
ILSJ OK
ILSO OK
ILZO OK
ILZT OK
ILJO OK
ILZJ OK
ILJT OK
ILJS OK
ILJZ OK
OITS OK
OITZ OK
OITJ OK
OITL OK
OIST OK
OISZ OK
ILSZ OK
OISJ OK
OISL OK
OIZT OK
OIZS OK
OIZJ OK
OIZL OK
OIJT OK
OIJL OK
OILT OK
OIJS OK
OIJZ OK
OILJ OK
ILZS CAP
OTIS OK
OILS OK
OTIJ OK
OTIL OK
OTIZ OK
OTSJ OK
OILZ OK
OTSL OK
OTSI OK
OTZJ OK
OTZL OK
OTZI OK
OTJI OK
OTJS OK
OTJZ OK
OTJL OK
OTSZ OK
OTLI OK
OTLJ OK
OTZS OK
OTLS OK
OTLZ OK
OSIT OK
OSIZ OK
OSIJ OK
OSIL OK
OSTJ OK
OSTI OK
OSTZ OK
OSTL OK
OSZI OK
OSZT OK
OSJI OK
OSJT OK
OSJL OK
OSZJ OK
OSZL OK
OSLI OK
OSLT OK
OSLJ OK
OSJZ OK
OZIT OK
OZIS OK
OZIJ OK
OZIL OK
OZTJ OK
OSLZ OK
OZTI OK
OZSI OK
OZTS OK
OZTL OK
OZST OK
OZJI OK
OZSJ OK
OZJL OK
OZJT OK
OZSL OK
OZLI OK
OZLJ OK
OZJS OK
OZLT OK
OZLS OK
OJIT OK
OJIL OK
OJTI OK
OJTS OK
OJTZ OK
OJTL OK
OJST OK
OJIS OK
OJSI OK
OJIZ OK
OJSL OK
OJZT OK
OJZL OK
OJLI OK
OJLT OK
OJLS OK
OJZI OK
OJSZ OK
OJLZ OK
OJZS OK
OLIJ OK
OLIT OK
OLTI OK
OLTS OK
OLTJ OK
OLTZ OK
OLIS OK
OLIZ OK
OLSI OK
OLSJ OK
OLST OK
OLZI OK
OLZT OK
OLJI OK
OLJT OK
OLZJ OK
OLJS OK
OLJZ OK
OLZS OK
TIOJ OK
TIOL OK
OLSZ OK
TIOS OK
TISJ OK
TIOZ OK
TISL OK
TISO OK
TIZJ OK
TISZ OK
TIZL OK
TIJO OK
TIJS OK
TIZO OK
TIJZ OK
TIJL OK
TILO OK
TILS OK
TILZ OK
TILJ OK
TIZS OK
TOIJ OK
TOIL OK
TOIZ OK
TOIS OK
TOSI OK
TOSJ OK
TOSL OK
TOZJ OK
TOZL OK
TOJI OK
TOZI OK
TOJS OK
TOJZ OK
TOJL OK
TOLI OK
TOSZ OK
TOLJ OK
TOZS OK
TOLS OK
TOLZ OK
TSIJ OK
TSIL OK
TSIO OK
TSOJ OK
TSIZ OK
TSOI OK
TSOL OK
TSZJ OK
TSZL OK
TSJI OK
TSZI OK
TSJO OK
TSJL OK
TSLI OK
TSJZ OK
TSOZ OK
TSLJ OK
TSLO OK
TSLZ OK
TZIJ OK
TZIL OK
TSZO OK
TZIO OK
TZIS OK
TZOJ OK
TZOL OK
TZOI OK
TZSJ OK
TZSL OK
TZJI OK
TZJO OK
TZJS OK
TZJL OK
TZSI OK
TZLI OK
TZLO OK
TZLS OK
TZLJ OK
TJIO OK
TJIS OK
TJIZ OK
TJIL OK
TJOI OK
TJOS OK
TJOZ OK
TJOL OK
TJSI OK
TJSO OK
TJSL OK
TJZI OK
TJZO OK
TJSZ OK
TJZS OK
TJZL OK
TJLI OK
TJLO OK
TJLS OK
TJLZ OK
TLIO OK
TLIS OK
TLIZ OK
TLIJ OK
TZOS OK
TLOI OK
TLOJ OK
TLSI OK
TLOS OK
TLOZ OK
TZSO OK
TLSJ OK
TLZI OK
TLZS OK
TLZO OK
TLSO OK
TLZJ OK
TLJI OK
TLJO OK
TLSZ OK
TLJS OK
TLJZ OK
SIOT OK
SITO OK
SIOJ OK
SIOL OK
SIOZ OK
SITJ OK
SITL OK
SITZ OK
SIZT OK
SIZO OK
SIZJ OK
SIJO OK
SIJL OK
SIZL OK
SIJT OK
SIJZ OK
SILO OK
SILJ OK
SILT OK
SOIT OK
SOIZ OK
SOIJ OK
SOIL OK
SOTI OK
SOTJ OK
SOTZ OK
SOTL OK
SOZI OK
SOZT OK
SILZ OK
SOJI OK
SOJT OK
SOZL OK
SOZJ OK
SOJL OK
SOLI OK
SOLT OK
SOLJ OK
SOJZ OK
STIJ OK
STIL OK
STIO OK
SOLZ OK
STIZ OK
STOJ OK
STOI OK
STOL OK
STZJ OK
STOZ OK
STJI OK
STZL OK
STJO OK
STJL OK
STZI OK
STLI OK
STJZ OK
STLO OK
STLJ OK
STLZ OK
STZO OK
SZIT OK
SZIO OK
SZIJ OK
SZOT OK
SZOI OK
SZIL OK
SZTI OK
SZOJ OK
SZOL OK
SZTJ OK
SZTO OK
SZTL OK
SZJL OK
SZJI OK
SZJO OK
SZJT OK
SZLJ OK
SZLO OK
SZLT OK
SZLI OK
SJIL OK
SJIO OK
SJIT OK
SJOT OK
SJOI OK
SJOL OK
SJTI OK
SJIZ OK
SJTL OK
SJOZ OK
SJTO OK
SJTZ OK
SJZL OK
SJLI OK
SJLO OK
SJLT OK
SJLZ OK
SJZO OK
SJZI OK
SJZT OK
SLIJ OK
SLIO OK
SLIT OK
SLOT OK
SLOJ OK
SLOI OK
SLTI OK
SLTO OK
SLTZ OK
SLTJ OK
SLOZ OK
SLIZ OK
SLZJ OK
SLZI OK
SLJI OK
SLZO OK
SLJO OK
SLJT OK
SLJZ OK
ZIOT OK
SLZT OK
ZIOS OK
ZIOJ OK
ZITJ OK
ZITL OK
ZITO OK
ZIOL OK
ZITS OK
ZISO OK
ZIST OK
ZIJO OK
ZISJ OK
ZIJL OK
ZIJT OK
ZILO OK
ZIJS OK
ZILJ OK
ZOIT OK
ZILT OK
ZOIS OK
ZOIJ OK
ZOTI OK
ZOIL OK
ZOTJ OK
ZOTL OK
ZISL OK
ZOTS OK
ZOST OK
ZOSI OK
ZILS OK
ZOJI OK
ZOSJ OK
ZOJT OK
ZOJL OK
ZOSL OK
ZOLT OK
ZOLJ OK
ZOLI OK
ZOJS OK
ZTIJ OK
ZTIL OK
ZTIO OK
ZOLS OK
ZTIS OK
ZTOJ OK
ZTOL OK
ZTOI OK
ZTSJ OK
ZTSL OK
ZTOS OK
ZTJI OK
ZTJO OK
ZTJS OK
ZTJL OK
ZTLI OK
ZTLO OK
ZTLS OK
ZTLJ OK
ZTSI OK
ZSIO OK
ZSIT OK
ZTSO OK
ZSOI OK
ZSIJ OK
ZSOT OK
ZSTI OK
ZSOJ OK
ZSTJ OK
ZSTL OK
ZSOL OK
ZSJO OK
ZSTO OK
ZSIL OK
ZSJL OK
ZSJI OK
ZSLO OK
ZSLJ OK
ZSJT OK
ZSLT OK
ZJIO OK
ZJIL OK
ZJOI OK
ZSLI OK
ZJIT OK
ZJOL OK
ZJTI OK
ZJTO OK
ZJTS OK
ZJOT OK
ZJTL OK
ZJIS OK
ZJOS OK
ZJSL OK
ZJLI OK
ZJLO OK
ZJLT OK
ZJLS OK
ZJSO OK
ZJSI OK
ZLIO OK
ZLIJ OK
ZJST OK
ZLOT OK
ZLOI OK
ZLIT OK
ZLOJ OK
ZLTI OK
ZLTO OK
ZLTS OK
ZLTJ OK
ZLOS OK
ZLSO OK
ZLSJ OK
ZLJI OK
ZLJO OK
ZLJT OK
ZLJS OK
ZLIS OK
ZLST OK
JIOT OK
JIOL OK
JITO OK
JITS OK
ZLSI OK
JITZ OK
JITL OK
JIOS OK
JIOZ OK
JISL OK
JIST OK
JISO OK
JIZO OK
JIZL OK
JILO OK
JILT OK
JILS OK
JILZ OK
JIZT OK
JISZ OK
JOIT OK
JOIL OK
JOTI OK
JOTS OK
JOTZ OK
JOTL OK
JOIS OK
JOIZ OK
JIZS OK
JOSL OK
JOSI OK
JOST OK
JOZT OK
JOZL OK
JOLI OK
JOLT OK
JOSZ OK
JOLS OK
JOZI OK
JOLZ OK
JTIO OK
JTIL OK
JTIS OK
JOZS OK
JTIZ OK
JTOL OK
JTOI OK
JTOS OK
JTOZ OK
JTSL OK
JTSI OK
JTSO OK
JTZI OK
JTZO OK
JTZL OK
JTLI OK
JTSZ OK
JTLO OK
JTLS OK
JTLZ OK
JTZS OK
JSIL OK
JSIO OK
JSIT OK
JSOI OK
JSOL OK
JSTI OK
JSOT OK
JSIZ OK
JSTL OK
JSTO OK
JSOZ OK
JSTZ OK
JSZL OK
JSLI OK
JSZO OK
JSLO OK
JSLT OK
JSLZ OK
JSZT OK
JSZI OK
JZIL OK
JZIO OK
JZIT OK
JZOI OK
JZOT OK
JZOL OK
JZTI OK
JZIS OK
JZOS OK
JZTL OK
JZTO OK
JZTS OK
JZSL OK
JZLI OK
JZSO OK
JZLO OK
JZLT OK
JZLS OK
JLIO OK
JLIT OK
JLIS OK
JLIZ OK
JLOI OK
JLOT OK
JZST OK
JLOS OK
JLTI OK
JLOZ OK
JLTO OK
JLTS OK
JLSI OK
JLTZ OK
JLSO OK
JLST OK
JLZI OK
JZSI OK
JLZO OK
JLZT OK
JLSZ OK
JLZS OK
LIOJ OK
LITO OK
LIOT OK
LITS OK
LITJ OK
LITZ OK
LIOS OK
LIOZ OK
LISJ OK
LISO OK
LIST OK
LIZO OK
LIZJ OK
LIJO OK
LIJT OK
LIJS OK
LIJZ OK
LIZT OK
LOIT OK
LOIS OK
LOIJ OK
LOTI OK
LOTS OK
LOIZ OK
LOTJ OK
LISZ OK
LOTZ OK
LOSI OK
LOSJ OK
LOST OK
LIZS CAP
LOZI OK
LOZT OK
LOZJ OK
LOJI OK
LOJT OK
LOJS OK
LOJZ OK
LTIO OK
LOZS OK
LOSZ OK
LTIJ OK
LTIS OK
LTIZ OK
LTOI OK
LTOJ OK
LTOS OK
LTOZ OK
LTSJ OK
LTSO OK
LTSI OK
LTZO OK
LTZI OK
LTZJ OK
LTJI OK
LTJO OK
LTJS OK
LTZS OK
LTJZ OK
LTSZ OK
LSIJ OK
LSIO OK
LSIT OK
LSOI OK
LSOJ OK
LSTI OK
LSOT OK
LSTO OK
LSTJ OK
LSTZ OK
LSIZ OK
LSOZ OK
LSZJ OK
LSJI OK
LSJO OK
LSJT OK
LSZT OK
LSJZ OK
LZIO OK
LZIT OK
LSZO OK
LZIJ OK
LSZI OK
LZOI OK
LZOT OK
LZOJ OK
LZTI OK
LZOS OK
LZTJ OK
LZTO OK
LZTS OK
LZIS OK
LZSJ OK
LZJI OK
LZJO OK
LZJT OK
LZJS OK
LJIO OK
LJIT OK
LZSO OK
LJIS OK
LJIZ OK
LJOI OK
LJOT OK
LJOS OK
LJOZ OK
LJTI OK
LJTO OK
LJTS OK
LJSI OK
LJTZ OK
LZST OK
LJSO OK
LJST OK
LJZI OK
LJZO OK
LJZT OK
LJSZ OK
LJZS OK
LZSI OK
