IOTJ OK
IOTL OK
IOTS OK
IOTZ OK
IOST OK
IOSZ OK
IOZT OK
IOSL OK
IOSJ OK
IOJT OK
IOZJ OK
IOZL OK
IOJL OK
IOLT OK
IOJS OK
IOZS OK
IOLJ OK
IOJZ OK
ITOS OK
ITOJ OK
ITOL OK
IOLS OK
IOLZ OK
ITOZ OK
ITSJ OK
ITSL OK
ITSO OK
ITZJ OK
ITZL OK
ITZO OK
ITZS OK
ITJO OK
ITJS OK
ITJZ OK
ITJL OK
ITLO OK
ITLS OK
ITLZ OK
ITLJ OK
ISOT OK
ITSZ OK
ISOJ OK
ISTO OK
ISTJ OK
ISOZ OK
ISTL OK
ISOL OK
ISTZ OK
ISZT OK
ISZJ OK
ISJT OK
ISZO OK
ISJL OK
ISZL OK
ISJO OK
ISLT OK
ISLJ OK
ISJZ OK
ISLO OK
IZOT OK
ISLZ OK
IZTO OK
IZOJ OK
IZOL OK
IZTS OK
IZTJ OK
IZTL OK
IZST OK
IZOS OK
IZSJ OK
IZSL OK
IZJT OK
IZJL OK
IZJO OK
IZLT OK
IZJS OK
IZLJ OK
IZLO OK
IJOT OK
IZLS OK
IJOL OK
IJTO OK
IJTS OK
IJTZ OK
IJTL OK
IJOS OK
IZSO CAP
IJOZ OK
IJSL OK
IJSO OK
IJST OK
IJZT OK
IJZL OK
IJLO OK
IJLT OK
IJLS OK
IJLZ OK
IJZO OK
IJSZ OK
ILOT OK
ILOJ OK
ILTO OK
IJZS OK
ILTS OK
ILTJ OK
ILTZ OK
ILOS OK
ILOZ OK
ILSJ OK
ILSO OK
ILST OK
ILSZ OK
ILZJ OK
ILZT OK
ILZO OK
ILJO OK
ILJT OK
ILJS OK
ILJZ OK
OITJ OK
OITL OK
OITZ OK
OITS OK
OIST OK
OISJ OK
OISZ OK
ILZS OK
OISL OK
OIZT OK
OIJT OK
OIZJ OK
OIZL OK
OIJL OK
OILT OK
OIJS OK
OIZS OK
OILJ OK
OIJZ OK
OTIS OK
OTIJ OK
OILS OK
OTIL OK
OTIZ OK
OILZ OK
OTSJ OK
OTSL OK
OTSI OK
OTZJ OK
OTZI OK
OTZL OK
OTJI OK
OTJS OK
OTJZ OK
OTJL OK
OTLI OK
OTLS OK
OTLZ OK
OTLJ OK
OSIT OK
OSIZ OK
OTSZ OK
OSIJ OK
OTZS OK
OSIL OK
OSTI OK
OSTJ OK
OSZI OK
OSTL OK
OSTZ OK
OSZT OK
OSZJ OK
OSJI OK
OSJL OK
OSJT OK
OSZL OK
OSLI OK
OSLJ OK
OZIT OK
OSLT OK
OSJZ OK
OSLZ OK
OZTI OK
OZIL OK
OZIJ OK
OZTJ OK
OZIS OK
OZSI OK
OZTS OK
OZTL OK
OZST OK
OZSJ OK
OZJT OK
OZJL OK
OZJI OK
OZSL OK
OZJS OK
OZLJ OK
OZLI OK
OZLT OK
OJIT OK
OJIL OK
OJTI OK
OZLS OK
OJTS OK
OJTZ OK
OJTL OK
OJST OK
OJSI OK
OJIS OK
OJSL OK
OJIZ OK
OJZT OK
OJZL OK
OJLI OK
OJLT OK
OJLS OK
OJLZ OK
OJZI OK
OJZS OK
OLIT OK
OLIJ OK
OLTI OK
OLTS OK
OLTZ OK
OLTJ OK
OLIS OK
OLIZ OK
OLSI OK
OLSJ OK
OJSZ OK
OLST OK
OLZI OK
OLZT OK
OLZJ OK
OLJI OK
OLJT OK
OLJS OK
OLJZ OK
OLZS OK
TIOS OK
TIOZ OK
TIOJ OK
OLSZ OK
TIOL OK
TISJ OK
TISL OK
TISO OK
TIZJ OK
TIZO OK
TIZL OK
TIZS OK
TIJO OK
TIJS OK
TIJZ OK
TIJL OK
TILO OK
TILS OK
TILZ OK
TILJ OK
TOIJ OK
TOIL OK
TOIS OK
TOIZ OK
TISZ OK
TOSJ OK
TOSL OK
TOSI OK
TOZJ OK
TOZL OK
TOJI OK
TOJS OK
TOJZ OK
TOJL OK
TOZI OK
TOLI OK
TOLS OK
TOLZ OK
TOLJ OK
TSIO OK
TSIJ OK
TSIL OK
TSIZ OK
TOSZ OK
TSOJ OK
TOZS OK
TSOL OK
TSOI OK
TSZJ OK
TSZL OK
TSJI OK
TSJO OK
TSJZ OK
TSJL OK
TSLI OK
TSLO OK
TSZI OK
TSLZ OK
TSLJ OK
TSOZ OK
TZIJ OK
TZIL OK
TSZO OK
TZIO OK
TZIS OK
TZOJ OK
TZOL OK
TZOI OK
TZSJ OK
TZSL OK
TZJI OK
TZSI OK
TZJO OK
TZJL OK
TZLI OK
TZLO OK
TZLS OK
TZLJ OK
TZJS OK
TJIO OK
TJIS OK
TJIZ OK
TJIL OK
TJOI OK
TJOS OK
TJOZ OK
TZSO OK
TJOL OK
TJSI OK
TJSO OK
TZOS OK
TJSL OK
TJZI OK
TJZO OK
TJZL OK
TJLI OK
TJLO OK
TJSZ OK
TJLS OK
TJLZ OK
TLIO OK
TLIS OK
TLIZ OK
TLIJ OK
TLOI OK
TLOJ OK
TLOS OK
TLOZ OK
TLSI OK
TLSO OK
TLSJ OK
TLSZ OK
TLZI OK
TLZO OK
TLZJ OK
TJZS OK
TLZS OK
TLJI OK
TLJO OK
TLJS OK
TLJZ OK
SIOT OK
SITO OK
SIOJ OK
SIOL OK
SITJ OK
SITL OK
SIOZ OK
SITZ OK
SIZT OK
SIZJ OK
SIJT OK
SIZO OK
SIZL OK
SIJL OK
SIJO OK
SILT OK
SILJ OK
SIJZ OK
SOIT OK
SILO OK
SILZ OK
SOIZ OK
SOIJ OK
SOIL OK
SOTJ OK
SOTI OK
SOZI OK
SOTL OK
SOTZ OK
SOZT OK
SOJI OK
SOZJ OK
SOJL OK
SOJT OK
SOZL OK
SOLI OK
SOLJ OK
STIO OK
SOLT OK
SOJZ OK
STIJ OK
STIL OK
SOLZ OK
STOJ OK
STOL OK
STIZ OK
STOI OK
STZJ OK
STZL OK
STJI OK
STJO OK
STJZ OK
STOZ OK
STLI OK
STJL OK
STZI OK
STLJ OK
STLO OK
STLZ OK
STZO OK
SZIT OK
SZIJ OK
SZIO OK
SZIL OK
SZOI OK
SZOT OK
SZTI OK
SZOJ OK
SZOL OK
SZTJ OK
SZTO OK
SZTL OK
SZJL OK
SZJI OK
SZJO OK
SZJT OK
SZLJ OK
SZLI OK
SJIT OK
SZLO OK
SZLT OK
SJIL OK
SJIO OK
SJOT OK
SJOL OK
SJTI OK
SJIZ OK
SJTO OK
SJTL OK
SJTZ OK
SJOI OK
SJOZ OK
SJZL OK
SJLI OK
SJLO OK
SJZI OK
SJLT OK
SJLZ OK
SJZT OK
SJZO OK
SLIJ OK
SLIT OK
SLIO OK
SLIZ OK
SLOJ OK
SLOI OK
SLTI OK
SLTO OK
SLTJ OK
SLTZ OK
SLOT OK
SLOZ OK
SLZJ OK
SLJI OK
SLJO OK
SLJT OK
SLJZ OK
SLZI OK
SLZT OK
ZIOT OK
SLZO OK
ZITO OK
ZIOJ OK
ZIOL OK
ZITJ OK
ZITL OK
ZITS OK
ZIST OK
ZIOS OK
ZISJ OK
ZISL OK
ZIJO OK
ZIJT OK
ZIJL OK
ZILT OK
ZIJS OK
ZILO OK
ZILJ OK
ZOIT OK
ZILS OK
ZOIJ OK
ZOIL OK
ZOTI OK
ZOIS OK
ZOTJ OK
ZOSI OK
ZISO OK
ZOTL OK
ZOTS OK
ZOST OK
ZOSJ OK
ZOJT OK
ZOJL OK
ZOJI OK
ZOSL OK
ZOJS OK
ZOLJ OK
ZOLI OK
ZOLT OK
ZTIJ OK
ZTIL OK
ZTIO OK
ZTIS OK
ZOLS OK
ZTOI OK
ZTOL OK
ZTOJ OK
ZTSI OK
ZTSJ OK
ZTSL OK
ZTJI OK
ZTJO OK
ZTJL OK
ZTLI OK
ZTJS OK
ZTOS OK
ZTSO OK
ZTLO OK
ZTLJ OK
ZTLS OK
ZSIT OK
ZSIJ OK
ZSIL OK
ZSIO OK
ZSOI OK
ZSOT OK
ZSOJ OK
ZSTI OK
ZSTJ OK
ZSOL OK
ZSTO OK
ZSTL OK
ZSJL OK
ZSJI OK
ZSJT OK
ZSLI OK
ZSLJ OK
ZSLT OK
ZSJO OK
ZJIT OK
ZJIL OK
ZSLO OK
ZJIO OK
ZJOT OK
ZJIS OK
ZJOL OK
ZJTI OK
ZJOI OK
ZJTL OK
ZJOS OK
ZJTO OK
ZJTS OK
ZJSL OK
ZJLI OK
ZJLO OK
ZJLT OK
ZJLS OK
ZJST OK
ZJSI OK
ZLIT OK
ZLIJ OK
ZLIO OK
ZLIS OK
ZJSO OK
ZLOJ OK
ZLTI OK
ZLOI OK
ZLTO OK
ZLTS OK
ZLTJ OK
ZLOT OK
ZLOS OK
ZLSJ OK
ZLJI OK
ZLSI OK
ZLJO OK
ZLJT OK
ZLJS OK
ZLST OK
JIOT OK
JIOL OK
JITO OK
JITS OK
JITZ OK
JITL OK
ZLSO OK
JIOS OK
JIOZ OK
JISL OK
JIST OK
JISO OK
JIZT OK
JIZL OK
JILO OK
JIZO OK
JILT OK
JILS OK
JILZ OK
JISZ OK
JOIT OK
JOIL OK
JOTI OK
JOTS OK
JIZS OK
JOTZ OK
JOTL OK
JOIS OK
JOSI OK
JOST OK
JOIZ OK
JOSL OK
JOZT OK
JOZL OK
JOLI OK
JOLT OK
JOLS OK
JOLZ OK
JTIO OK
JTIS OK
JTIZ OK
JOZI OK
JTIL OK
JOZS OK
JTOI OK
JTOS OK
JTSI OK
JTOZ OK
JTOL OK
JTSO OK
JTSL OK
JTZI OK
JTZO OK
JTZL OK
JTLI OK
JTLO OK
JTLS OK
JTLZ OK
JTZS OK
JTSZ OK
JOSZ OK
JSIL OK
JSIT OK
JSIO OK
JSOT OK
JSOL OK
JSTI OK
JSIZ OK
JSOI OK
JSTO OK
JSTL OK
JSTZ OK
JSZI OK
JSZL OK
JSLI OK
JSLO OK
JSLT OK
JSOZ OK
JSLZ OK
JZIT OK
JSZT OK
JSZO OK
JZIL OK
JZIO OK
JZOT OK
JZOL OK
JZTI OK
JZIS OK
JZOI OK
JZTL OK
JZTO OK
JZOS OK
JZTS OK
JZSL OK
JZLI OK
JZSI OK
JZLT OK
JZLO OK
JLIO OK
JZLS OK
JLIT OK
JLIS OK
JLIZ OK
JLOI OK
JZST OK
JLOT OK
JLTI OK
JLOS OK
JLOZ OK
JLTO OK
JLTS OK
JLTZ OK
JLSI OK
JLST OK
JLSO OK
JLZI OK
JLZO OK
JLZT OK
LIOT OK
JLZS OK
JLSZ OK
LIOJ OK
LITO OK
LITS OK
LITZ OK
LITJ OK
LIOS OK
LIOZ OK
JZSO CAP
LISJ OK
LISO OK
LIST OK
LISZ OK
LIZJ OK
LIJO OK
LIJT OK
LIJS OK
LIZT OK
LIJZ OK
LIZO OK
LOIT OK
LOIJ OK
LOTI OK
LOTS OK
LOTZ OK
LOTJ OK
LIZS OK
LOIS OK
LOSI OK
LOIZ OK
LOSJ OK
LOST OK
LOZI OK
LOZT OK
LOZJ OK
LOJI OK
LOJT OK
LOJS OK
LOJZ OK
LTIO OK
LTIS OK
LTIZ OK
LTIJ OK
LTOI OK
LTOS OK
LTOZ OK
LTOJ OK
LTSI OK
LTSO OK
LTSJ OK
LTZI OK
LOSZ OK
LTZO OK
LOZS OK
LTZJ OK
LTJI OK
LTJO OK
LTJS OK
LTJZ OK
LTSZ OK
LTZS OK
LSIJ OK
LSIT OK
LSIO OK
LSIZ OK
LSOJ OK
LSTI OK
LSOI OK
LSOT OK
LSTJ OK
LSTO OK
LSZI OK
LSTZ OK
LSZJ OK
LSJI OK
LSJO OK
LSOZ OK
LSJT OK
LSJZ OK
LZIT OK
LSZT OK
LZIJ OK
LZIO OK
LZIS OK
LZOI OK
LSZO OK
LZOT OK
LZTI OK
LZOJ OK
LZTJ OK
LZOS OK
LZTO OK
LZTS OK
LZSI OK
LZJI OK
LZJO OK
LZJT OK
LZJS OK
LZSJ OK
LJIO OK
LJIT OK
LJIS OK
LJIZ OK
LJOI OK
LJOT OK
LJOS OK
LJOZ OK
LJTI OK
LJTO OK
LJTS OK
LJTZ OK
LJSI OK
LJST OK
LJSO OK
LZST OK
LJZI OK
LJZT OK
LJZO OK
LJZS OK
LJSZ OK
LZSO CAP
