IOTS OK
IOTL OK
IOTJ OK
IOTZ OK
IOST OK
IOZT OK
IOZS OK
IOZJ OK
IOSZ OK
IOSJ OK
IOSL OK
IOJT OK
IOJL OK
IOZL OK
IOLT OK
IOJS OK
IOJZ OK
IOLJ OK
ITOS OK
ITOZ OK
IOLS OK
ITOJ OK
ITOL OK
ITSO OK
IOLZ OK
ITSJ OK
ITZO OK
ITSL OK
ITZJ OK
ITZL OK
ITJO OK
ITJS OK
ITJL OK
ITJZ OK
ITLO OK
ITLS OK
ITLJ OK
ITLZ OK
ITZS OK
ITSZ OK
ISOT OK
ISTO OK
ISTZ OK
ISTJ OK
ISTL OK
ISOZ OK
ISOJ OK
ISOL OK
ISZT OK
ISZO OK
ISZJ OK
ISZL OK
ISJT OK
ISJO OK
ISJL OK
ISLT OK
ISLJ OK
ISJZ OK
IZOT OK
ISLO OK
IZOS OK
IZOJ OK
IZTO OK
IZOL OK
ISLZ OK
IZTS OK
IZTJ OK
IZTL OK
IZSO OK
IZST OK
IZJO OK
IZJT OK
IZJL OK
IZLO OK
IZSJ OK
IZSL OK
IZLJ OK
IZLT OK
IJOT OK
IZJS OK
IJOL OK
IJTO OK
IJTS OK
IJTZ OK
IJTL OK
IJOS OK
IJOZ OK
IJST OK
IJSL OK
IJSO OK
IJZT OK
IJSZ OK
IJZL OK
IJLO OK
IJLT OK
IJLS OK
IJLZ OK
ILOT OK
IZLS OK
IJZO OK
ILOJ OK
ILTO OK
ILTS OK
ILTZ OK
ILTJ OK
IJZS OK
ILST OK
ILOS OK
ILOZ OK
ILSJ OK
ILZT OK
ILSO OK
ILZJ OK
ILJO OK
ILJT OK
ILJS OK
ILJZ OK
OITS OK
OITZ OK
ILSZ OK
OITJ OK
OITL OK
OIST OK
ILZO OK
OISZ OK
OISJ OK
OIZT OK
ILZS OK
OISL OK
OIZS OK
OIZJ OK
OIJT OK
OIZL OK
OIJL OK
OILT OK
OIJS OK
OIJZ OK
OILJ OK
OTIS OK
OILZ OK
OILS OK
OTIZ OK
OTIJ OK
OTIL OK
OTSI OK
OTSJ OK
OTSL OK
OTZJ OK
OTZI OK
OTZL OK
OTJI OK
OTJS OK
OTJZ OK
OTJL OK
OTLI OK
OTLS OK
OTLZ OK
OTLJ OK
OSIT OK
OTSZ OK
OTZS OK
OSTI OK
OSTZ OK
OSTJ OK
OSTL OK
OSIZ OK
OSIJ OK
OSIL OK
OSZT OK
OSZI OK
OSJT OK
OSJI OK
OSJL OK
OSZJ OK
OSZL OK
OSLT OK
OSLJ OK
OZIT OK
OZIS OK
OSJZ OK
OZIJ OK
OZIL OK
OZTI OK
OZTJ OK
OSLI OK
OZTS OK
OZSI OK
OZTL OK
OZST OK
OZJI OK
OSLZ OK
OZJT OK
OZJL OK
OZLI OK
OZSJ OK
OZLT OK
OZLJ OK
OZSL OK
OJIT OK
OZJS OK
OJIL OK
OJTI OK
OJTS OK
OJTZ OK
OJTL OK
OZLS OK
OJST OK
OJIS OK
OJIZ OK
OJSL OK
OJZT OK
OJSI OK
OJZL OK
OJLI OK
OJLT OK
OJLS OK
OJLZ OK
OLIT OK
OJZI OK
OJSZ OK
OLIJ OK
OLTI OK
OLTS OK
OJZS OK
OLTZ OK
OLTJ OK
OLIS OK
OLST OK
OLSJ OK
OLIZ OK
OLSI OK
OLZT OK
OLZJ OK
OLJI OK
OLJT OK
OLJS OK
OLJZ OK
OLZI OK
TIOS OK
TIOJ OK
TIOZ OK
TIOL OK
TISO OK
TISJ OK
TISL OK
TIZO OK
OLSZ OK
TIZJ OK
TIZL OK
TIJO OK
TIJS OK
TISZ OK
TIJZ OK
TIJL OK
TIZS OK
TILO OK
TILJ OK
TILS OK
TILZ OK
TOIJ OK
TOIS OK
TOIZ OK
TOIL OK
TOSI OK
TOSJ OK
TOSL OK
OLZS OK
TOZI OK
TOZJ OK
TOZL OK
TOJI OK
TOJS OK
TOJZ OK
TOJL OK
TOLI OK
TOLS OK
TOLZ OK
TOLJ OK
TSIO OK
TOSZ OK
TSIJ OK
TOZS OK
TSOI OK
TSIL OK
TSOJ OK
TSOL OK
TSIZ OK
TSZJ OK
TSZI OK
TSZL OK
TSJI OK
TSJO OK
TSJZ OK
TSJL OK
TSLO OK
TSLI OK
TSLJ OK
TSLZ OK
TZIO OK
TZIJ OK
TZIL OK
TZOI OK
TZIS OK
TZOJ OK
TZOL OK
TSOZ OK
TZOS OK
TSZO OK
TZSL OK
TZSJ OK
TZSI OK
TZJI OK
TZJO OK
TZJL OK
TZLI OK
TZJS OK
TZLS OK
TZLO OK
TZLJ OK
TJIO OK
TJIS OK
TJIZ OK
TJIL OK
TJOI OK
TJOS OK
TJOZ OK
TJOL OK
TJSI OK
TJSO OK
TJSL OK
TJSZ OK
TJZI OK
TJZO OK
TJZL OK
TJZS OK
TJLI OK
TJLO OK
TJLS OK
TJLZ OK
TLIO OK
TLIS OK
TLIZ OK
TLIJ OK
TLOS OK
TLOI OK
TLOZ OK
TLOJ OK
TLSO OK
TLSI OK
TLSJ OK
TLZI OK
TLZO OK
TLZS OK
TLZJ OK
TLJI OK
TLJO OK
TLJS OK
TLJZ OK
SIOT OK
TZSO OK
TLSZ OK
SITO OK
SITZ OK
SITJ OK
SITL OK
SIOZ OK
SIOL OK
SIOJ OK
SIZT OK
SIZO OK
SIZJ OK
SIZL OK
SIJL OK
SIJO OK
SIJT OK
SILT OK
SILJ OK
SOIT OK
SILO OK
SIJZ OK
SILZ OK
SOIZ OK
SOTI OK
SOTZ OK
SOTJ OK
SOIJ OK
SOTL OK
SOZT OK
SOIL OK
SOZI OK
SOJT OK
SOJI OK
SOJL OK
SOZJ OK
SOZL OK
SOLT OK
SOLJ OK
STIO OK
STIZ OK
STIJ OK
STIL OK
STOI OK
STOZ OK
SOLI OK
STOJ OK
STOL OK
STZI OK
SOJZ OK
STZJ OK
STZL OK
STJI OK
STJO OK
STJZ OK
SOLZ OK
STJL OK
STLI OK
STLJ OK
STZO OK
SZIO OK
SZIT OK
STLO OK
STLZ OK
SZOT OK
SZIJ OK
SZOI OK
SZIL OK
SZTI OK
SZOJ OK
SZOL OK
SZTO OK
SZTJ OK
SZJI OK
SZJL OK
SZTL OK
SZJO OK
SZJT OK
SZLJ OK
SZLI OK
SZLO OK
SZLT OK
SJIL OK
SJIO OK
SJOT OK
SJIT OK
SJOL OK
SJTI OK
SJOI OK
SJIZ OK
SJTL OK
SJOZ OK
SJTO OK
SJZI OK
SJZL OK
SJTZ OK
SJLI OK
SJLO OK
SJLT OK
SJLZ OK
SJZT OK
SJZO OK
SLIJ OK
SLIT OK
SLOT OK
SLIO OK
SLOJ OK
SLTI OK
SLOI OK
SLIZ OK
SLTJ OK
SLOZ OK
SLTO OK
SLTZ OK
SLZJ OK
SLZI OK
SLJI OK
SLJO OK
SLJT OK
SLJZ OK
ZIOT OK
ZIOS OK
ZIOJ OK
ZIOL OK
ZITO OK
ZITS OK
ZITJ OK
ZITL OK
ZISO OK
SLZT OK
SLZO OK
ZIJO OK
ZIST OK
ZIJT OK
ZIJL OK
ZILO OK
ZILT OK
ZISL OK
ZISJ OK
ZOIT OK
ZILJ OK
ZOIS OK
ZOIJ OK
ZOTI OK
ZOIL OK
ZOTS OK
ZOTJ OK
ZOTL OK
ZOSI OK
ZOST OK
ZIJS OK
ZOJI OK
ZOJT OK
ZILS OK
ZOJL OK
ZOSJ OK
ZOLI OK
ZOSL OK
ZOLT OK
ZOLJ OK
ZTIO OK
ZTIJ OK
ZTIS OK
ZTIL OK
ZTOI OK
ZTOS OK
ZOJS OK
ZTOJ OK
ZTOL OK
ZTSI OK
ZTSJ OK
ZTJI OK
ZTSL OK
ZTJO OK
ZTJS OK
ZTJL OK
ZTLI OK
ZTLO OK
ZTLS OK
ZSIO OK
ZTLJ OK
ZSIT OK
ZOLS OK
ZSOI OK
ZSOT OK
ZTSO OK
ZSIJ OK
ZSIL OK
ZSTI OK
ZSOJ OK
ZSOL OK
ZSTO OK
ZSTJ OK
ZSTL OK
ZSJL OK
ZSJI OK
ZSJT OK
ZSJO OK
ZSLI OK
ZJIO OK
ZSLO OK
ZSLJ OK
ZJIL OK
ZJOI OK
ZJIT OK
ZJOT OK
ZJOL OK
ZJTI OK
ZSLT OK
ZJIS OK
ZJTL OK
ZJTO OK
ZJOS OK
ZJTS OK
ZJSL OK
ZJLI OK
ZJLO OK
ZJLT OK
ZJLS OK
ZLIO OK
ZJSI OK
ZLIT OK
ZLIJ OK
ZLOI OK
ZLOT OK
ZJSO OK
ZJST OK
ZLOJ OK
ZLTI OK
ZLTO OK
ZLTS OK
ZLTJ OK
ZLOS OK
ZLIS OK
ZLSJ OK
ZLJI OK
ZLJO OK
ZLJT OK
ZLJS OK
JIOT OK
ZLSI OK
ZLSO OK
JIOL OK
ZLST OK
JITO OK
JITS OK
JITZ OK
JITL OK
JIOS OK
JIOZ OK
JISL OK
JIST OK
JISO OK
JIZT OK
JIZL OK
JILO OK
JILT OK
JILS OK
JILZ OK
JOIT OK
JISZ OK
JIZO OK
JOIL OK
JOTI OK
JOTS OK
JOTZ OK
JOTL OK
JIZS OK
JOIS OK
JOST OK
JOSL OK
JOIZ OK
JOSI OK
JOZT OK
JOZL OK
JOLI OK
JOLT OK
JOLS OK
JOLZ OK
JTIO OK
JTIS OK
JTIZ OK
JTIL OK
JTOI OK
JTOS OK
JTOZ OK
JTOL OK
JOZI OK
JTSI OK
JTSO OK
JTSZ OK
JTSL OK
JOSZ OK
JTZI OK
JTZO OK
JTLI OK
JTZS OK
JTZL OK
JTLO OK
JTLS OK
JTLZ OK
JOZS OK
JSIL OK
JSIT OK
JSIO OK
JSIZ OK
JSOI OK
JSOL OK
JSTI OK
JSOT OK
JSTL OK
JSOZ OK
JSTO OK
JSTZ OK
JSZL OK
JSLI OK
JSLO OK
JSLT OK
JSLZ OK
JSZI OK
JZIT OK
JSZO OK
JZIL OK
JSZT OK
JZIO OK
JZOT OK
JZOL OK
JZTI OK
JZOI OK
JZIS OK
JZTL OK
JZTO OK
JZOS OK
JZTS OK
JZSL OK
JZLI OK
JZLO OK
JZSI OK
JZLT OK
JLIO OK
JLIT OK
JLIS OK
JLIZ OK
JLOI OK
JLOT OK
JLOS OK
JZSO OK
JZLS OK
JLOZ OK
JLTI OK
JZST OK
JLTO OK
JLTS OK
JLTZ OK
JLSI OK
JLSO OK
JLST OK
JLZO OK
JLZI OK
JLSZ OK
JLZT OK
LIOT OK
LIOJ OK
LITO OK
LITS OK
LITZ OK
LITJ OK
JLZS OK
LIOZ OK
LIOS OK
LISJ OK
LIST OK
LISO OK
LIZT OK
LIZJ OK
LIJO OK
LIJT OK
LIJS OK
LIJZ OK
LOIT OK
LISZ OK
LIZO OK
LOIJ OK
LOTI OK
LOTS OK
LOTZ OK
LOTJ OK
LIZS OK
LOIS OK
LOST OK
LOSJ OK
LOSI OK
LOIZ OK
LOZT OK
LOZJ OK
LOJI OK
LOJT OK
LOJS OK
LOJZ OK
LTIO OK
LTIS OK
LTIZ OK
LTIJ OK
LOZI OK
LOSZ OK
LTOI OK
LTOS OK
LTOZ OK
LTOJ OK
LTSI OK
LTSO OK
LTSJ OK
LTZI OK
LTZO OK
LTZS OK
LTZJ OK
LTJI OK
LTJO OK
LTJS OK
LTJZ OK
LOZS OK
LTSZ OK
LSIJ OK
LSIT OK
LSIO OK
LSIZ OK
LSOI OK
LSTI OK
LSOJ OK
LSOT OK
LSTJ OK
LSOZ OK
LSTO OK
LSTZ OK
LSZJ OK
LSJI OK
LSJO OK
LSJT OK
LSZI OK
LSJZ OK
LZIT OK
LSZO OK
LZIJ OK
LSZT OK
LZIO OK
LZOT OK
LZOJ OK
LZTI OK
LZOI OK
LZIS OK
LZTJ OK
LZOS OK
LZTO OK
LZTS OK
LZSJ OK
LZJI OK
LZSI OK
LZJO OK
LZJT OK
LZST OK
LZSO OK
LJIT OK
LJIO OK
LJIS OK
LJIZ OK
LJOI OK
LJOT OK
LJOS OK
LJOZ OK
LJTI OK
LJTO OK
LJTS OK
LJTZ OK
LJSI OK
LJSO OK
LJST OK
LJZI OK
LJZO OK
LJSZ OK
LZJS OK
LJZT OK
LJZS OK
