IOTJ OK
IOTZ OK
IOTS OK
IOTL OK
IOST OK
IOZT OK
IOSJ OK
IOSL OK
IOSZ OK
IOJT OK
IOZS OK
IOZJ OK
IOZL OK
IOJL OK
IOLT OK
IOJS OK
IOJZ OK
IOLJ OK
ITOS OK
ITOZ OK
ITOJ OK
ITOL OK
IOLZ OK
IOLS OK
ITSO OK
ITSL OK
ITZO OK
ITZS OK
ITSJ OK
ITZJ OK
ITJO OK
ITZL OK
ITJL OK
ITSZ OK
ITJS OK
ITLO OK
ITJZ OK
ITLJ OK
ITLS OK
ITLZ OK
ISOT OK
ISTO OK
ISTZ OK
ISOZ OK
ISOJ OK
ISOL OK
ISTJ OK
ISTL OK
ISZT OK
ISZJ OK
ISJT OK
ISZO OK
ISJL OK
ISJO OK
ISLT OK
ISLO OK
ISZL OK
ISLJ OK
IZOT OK
ISJZ OK
IZOS OK
IZOJ OK
IZTO OK
ISLZ OK
IZTS OK
IZTJ OK
IZTL OK
IZOL OK
IZST OK
IZSO OK
IZJT OK
IZJO OK
IZJL OK
IZSJ OK
IZSL OK
IZLT OK
IZLO OK
IZLJ OK
IJOT OK
IZJS OK
IJOL OK
IJTO OK
IJTS OK
IJOS OK
IJTZ OK
IJTL OK
IJOZ OK
IJST OK
IJSL OK
IJSO OK
IJZT OK
IJSZ OK
IJZL OK
IJLO OK
IJLT OK
IJLS OK
IJLZ OK
IJZO OK
ILOT OK
IJZS OK
ILOJ OK
ILTO OK
IZLS OK
ILTS OK
ILOS OK
ILOZ OK
ILTJ OK
ILTZ OK
ILSJ OK
ILST OK
ILSO OK
ILSZ OK
ILZJ OK
ILJO OK
ILZO OK
ILJT OK
ILJS OK
ILJZ OK
OITS OK
OITZ OK
OITJ OK
OITL OK
ILZT OK
OIST OK
OISZ OK
OISJ OK
OISL OK
OIZT OK
ILZS OK
OIZS OK
OIJT OK
OIZJ OK
OIZL OK
OIJL OK
OILT OK
OIJS OK
OIJZ OK
OILJ OK
OILS OK
OTIS OK
OILZ OK
OTIZ OK
OTIL OK
OTIJ OK
OTSI OK
OTSJ OK
OTSL OK
OTZI OK
OTZL OK
OTZJ OK
OTZS OK
OTJI OK
OTJS OK
OTJZ OK
OTJL OK
OTLI OK
OTLS OK
OTSZ OK
OTLZ OK
OTLJ OK
OSIT OK
OSIZ OK
OSIJ OK
OSTI OK
OSIL OK
OSTZ OK
OSTJ OK
OSTL OK
OSZI OK
OSZT OK
OSJT OK
OSJI OK
OSJL OK
OSLI OK
OSLT OK
OSZL OK
OSZJ OK
OSLJ OK
OZIT OK
OZIS OK
OZIJ OK
OSJZ OK
OZIL OK
OZTI OK
OZTS OK
OZTJ OK
OZTL OK
OZSI OK
OZST OK
OSLZ OK
OZJI OK
OZJT OK
OZJL OK
OZLI OK
OZLT OK
OZSJ OK
OZSL OK
OZLJ OK
OJIT OK
OZJS OK
OJIL OK
OJTI OK
OJTS OK
OJTZ OK
OJTL OK
OJSI OK
OZLS OK
OJIS OK
OJIZ OK
OJSL OK
OJZT OK
OJST OK
OJZI OK
OJZL OK
OJLI OK
OJLT OK
OJLS OK
OLIT OK
OJLZ OK
OJSZ OK
OLIJ OK
OLTI OK
OJZS OK
OLTS OK
OLTZ OK
OLTJ OK
OLSI OK
OLIS OK
OLIZ OK
OLSJ OK
OLST OK
OLZI OK
OLZJ OK
OLJI OK
OLJT OK
OLZT OK
OLJS OK
OLJZ OK
TIOS OK
TIOZ OK
OLSZ OK
TIOJ OK
TIOL OK
TISO OK
TISZ OK
TISJ OK
TISL OK
TIZO OK
TIZS OK
TIZJ OK
TIZL OK
TIJO OK
TIJS OK
TIJZ OK
TIJL OK
TILO OK
TILS OK
TILZ OK
TILJ OK
TOIZ OK
TOIS OK
TOIJ OK
TOSI OK
TOIL OK
TOSL OK
TOSJ OK
TOZI OK
OLZS OK
TOZS OK
TOZJ OK
TOZL OK
TOJI OK
TOJZ OK
TOJS OK
TOJL OK
TOSZ OK
TOLS OK
TOLI OK
TOLZ OK
TSIO OK
TOLJ OK
TSIZ OK
TSIJ OK
TSIL OK
TSOI OK
TSOJ OK
TSOL OK
TSZI OK
TSZL OK
TSZJ OK
TSJI OK
TSJO OK
TSJZ OK
TSJL OK
TSLI OK
TSLO OK
TSOZ OK
TSLZ OK
TSLJ OK
TZIO OK
TSZO OK
TZIJ OK
TZIS OK
TZIL OK
TZOI OK
TZOL OK
TZOJ OK
TZSI OK
TZOS OK
TZJI OK
TZSO OK
TZSL OK
TZSJ OK
TZJO OK
TZLI OK
TZJL OK
TZJS OK
TZLO OK
TZLJ OK
TJIO OK
TJIS OK
TJIZ OK
TJIL OK
TZLS OK
TJOI OK
TJOS OK
TJOL OK
TJOZ OK
TJSI OK
TJSO OK
TJSL OK
TJSZ OK
TJZI OK
TJZO OK
TJZL OK
TJLI OK
TJLO OK
TJZS OK
TJLS OK
TJLZ OK
TLIO OK
TLIS OK
TLIZ OK
TLIJ OK
TLOI OK
TLOS OK
TLOZ OK
TLOJ OK
TLSI OK
TLSO OK
TLSJ OK
TLSZ OK
TLZI OK
TLZO OK
TLZJ OK
TLJI OK
TLJO OK
TLJS OK
TLJZ OK
SIOT OK
TLZS OK
SIOZ OK
SIOJ OK
SITO OK
SIOL OK
SITZ OK
SITJ OK
SITL OK
SIZT OK
SIZO OK
SIJT OK
SIZJ OK
SIJO OK
SIJL OK
SILT OK
SILO OK
SIZL OK
SILJ OK
SOIT OK
SOIZ OK
SOIJ OK
SOIL OK
SOTI OK
SOTZ OK
SOTJ OK
SOTL OK
SIJZ OK
SOZI OK
SOZT OK
SILZ OK
SOJI OK
SOJT OK
SOJL OK
SOZJ OK
SOZL OK
SOLI OK
SOLT OK
SOLJ OK
STIO OK
STIZ OK
STIJ OK
STIL OK
STOI OK
STOZ OK
STOJ OK
SOJZ OK
STOL OK
STZI OK
STZJ OK
STJI OK
SOLZ OK
STJO OK
STJZ OK
STZO OK
STZL OK
STJL OK
STLJ OK
STLI OK
STLO OK
SZIO OK
SZIT OK
SZIJ OK
SZOI OK
SZOT OK
STLZ OK
SZIL OK
SZTI OK
SZTO OK
SZTJ OK
SZOJ OK
SZOL OK
SZTL OK
SZJT OK
SZJI OK
SZJL OK
SZLT OK
SZLJ OK
SZJO OK
SJIT OK
SJIO OK
SZLI OK
SZLO OK
SJIL OK
SJOT OK
SJOI OK
SJOL OK
SJTI OK
SJTO OK
SJTZ OK
SJTL OK
SJIZ OK
SJOZ OK
SJZI OK
SJZO OK
SJLI OK
SJZL OK
SJLO OK
SJLT OK
SJLZ OK
SJZT OK
SLIT OK
SLIJ OK
SLIO OK
SLOT OK
SLOI OK
SLOJ OK
SLTI OK
SLTO OK
SLTJ OK
SLIZ OK
SLOZ OK
SLTZ OK
SLZI OK
SLZT OK
SLZJ OK
SLZO OK
SLJI OK
SLJT OK
SLJO OK
SLJZ OK
ZIOT OK
ZIOS OK
ZIOJ OK
ZIOL OK
ZITO OK
ZITJ OK
ZITS OK
ZITL OK
ZISO OK
ZIST OK
ZIJO OK
ZIJT OK
ZIJL OK
ZILO OK
ZILT OK
ZISJ OK
ZISL OK
ZILJ OK
ZOIT OK
ZIJS OK
ZOIS OK
ZOIJ OK
ZOIL OK
ZOTI OK
ZOTS OK
ZOTJ OK
ZOTL OK
ZOSI OK
ZOST OK
ZILS OK
ZOJI OK
ZOJT OK
ZOJL OK
ZOLI OK
ZOLT OK
ZOSJ OK
ZOSL OK
ZOLJ OK
ZTIO OK
ZTIS OK
ZOJS OK
ZTIJ OK
ZTIL OK
ZTOI OK
ZTOS OK
ZTOJ OK
ZTOL OK
ZTSI OK
ZTSO OK
ZTSJ OK
ZTSL OK
ZTJI OK
ZTJO OK
ZOLS OK
ZTJL OK
ZTJS OK
ZTLI OK
ZTLO OK
ZTLJ OK
ZSIO OK
ZSIT OK
ZTLS OK
ZSOI OK
ZSOT OK
ZSOJ OK
ZSOL OK
ZSTI OK
ZSIJ OK
ZSTO OK
ZSIL OK
ZSTL OK
ZSTJ OK
ZSJT OK
ZSJL OK
ZSJO OK
ZSLT OK
ZSLJ OK
ZSJI OK
ZJIO OK
ZJIT OK
ZSLO OK
ZJIL OK
ZJOI OK
ZSLI OK
ZJOT OK
ZJOL OK
ZJTI OK
ZJTO OK
ZJTL OK
ZJTS OK
ZJIS OK
ZJOS OK
ZJST OK
ZJSL OK
ZJLI OK
ZJLO OK
ZJLT OK
ZJLS OK
ZLIO OK
ZJSI OK
ZJSO OK
ZLIT OK
ZLIJ OK
ZLOI OK
ZLOT OK
ZLOJ OK
ZLTI OK
ZLTO OK
ZLTS OK
ZLTJ OK
ZLIS OK
ZLST OK
ZLSJ OK
ZLOS OK
ZLJI OK
ZLJO OK
ZLJT OK
ZLJS OK
ZLSI OK
ZLSO OK
JIOT OK
JIOL OK
JITO OK
JITS OK
JITZ OK
JITL OK
JIOS OK
JIOZ OK
JISL OK
JIST OK
JIZT OK
JISO OK
JIZL OK
JILO OK
JILT OK
JISZ OK
JILS OK
JILZ OK
JIZO OK
JOIT OK
JOIL OK
JOTI OK
JOTS OK
JIZS OK
JOTZ OK
JOTL OK
JOSI OK
JOST OK
JOIS OK
JOIZ OK
JOSL OK
JOZT OK
JOZL OK
JOLI OK
JOZI OK
JOLT OK
JOLS OK
JOLZ OK
JTIO OK
JTIS OK
JTIZ OK
JTIL OK
JOSZ OK
JTOI OK
JTOS OK
JTOZ OK
JTOL OK
JTSI OK
JTSO OK
JTSZ OK
JTSL OK
JOZS OK
JTZO OK
JTZL OK
JTZI OK
JTLI OK
JTLO OK
JTLS OK
JTLZ OK
JSIT OK
JSIL OK
JSIO OK
JSOI OK
JTZS OK
JSOL OK
JSOT OK
JSTI OK
JSIZ OK
JSTL OK
JSTO OK
JSOZ OK
JSTZ OK
JSZI OK
JSZL OK
JSLI OK
JSLO OK
JSZO OK
JSLT OK
JSLZ OK
JZIT OK
JZIL OK
JSZT OK
JZIO OK
JZOT OK
JZOI OK
JZOL OK
JZTI OK
JZTO OK
JZIS OK
JZTL OK
JZOS OK
JZST OK
JZSL OK
JZLI OK
JZTS OK
JZLO OK
JZLT OK
JZLS OK
JLIO OK
JLIT OK
JLIS OK
JLIZ OK
JZSI OK
JLOI OK
JLOT OK
JLOS OK
JZSO OK
JLOZ OK
JLTI OK
JLTS OK
JLTO OK
JLTZ OK
JLSI OK
JLST OK
JLSO OK
JLZI OK
JLSZ OK
JLZO OK
JLZT OK
JLZS OK
LIOT OK
LIOJ OK
LITO OK
LITS OK
LITZ OK
LITJ OK
LIST OK
LIOZ OK
LIOS OK
LISJ OK
LISO OK
LISZ OK
LIZJ OK
LIZO OK
LIZT OK
LIJO OK
LIJT OK
LIJS OK
LIJZ OK
LOIT OK
LOIJ OK
LOTI OK
LOTS OK
LOTZ OK
LOTJ OK
LIZS OK
LOSI OK
LOIS OK
LOIZ OK
LOST OK
LOSJ OK
LOZI OK
LOZJ OK
LOJI OK
LOZT OK
LOJT OK
LOJS OK
LOSZ OK
LOJZ OK
LTIO OK
LTIZ OK
LTIS OK
LTIJ OK
LTOI OK
LTOS OK
LTOZ OK
LTOJ OK
LTSI OK
LTSO OK
LTSZ OK
LTSJ OK
LTZI OK
LTZO OK
LTZJ OK
LTJI OK
LTJO OK
LTJS OK
LTJZ OK
LTZS OK
LSIT OK
LOZS OK
LSIJ OK
LSIO OK
LSOI OK
LSOT OK
LSOJ OK
LSTI OK
LSIZ OK
LSTJ OK
LSTO OK
LSOZ OK
LSTZ OK
LSZJ OK
LSJI OK
LSJO OK
LSZI OK
LSZO OK
LSJT OK
LSJZ OK
LZIT OK
LSZT OK
LZIJ OK
LZIO OK
LZOT OK
LZOI OK
LZOJ OK
LZTI OK
LZTO OK
LZTJ OK
LZIS OK
LZOS OK
LZTS OK
LZST OK
LZSJ OK
LZJI OK
LZJT OK
LZJO OK
LJIO OK
LZJS OK
LZSI OK
LJIT OK
LJIS OK
LJIZ OK
LJOI OK
LJOT OK
LJOS OK
LJOZ OK
LJTI OK
LZSO OK
LJTO OK
LJTS OK
LJTZ OK
LJSI OK
LJST OK
LJZI OK
LJSO OK
LJZO OK
LJZT OK
LJZS OK
LJSZ OK
