IOTJ OK
IOTL OK
IOTZ OK
IOTS OK
IOST OK
IOSL OK
IOSJ OK
IOZT OK
IOZS OK
IOZL OK
IOZJ OK
IOJT OK
IOJS OK
IOJL OK
IOJZ OK
IOLT OK
IOLS OK
IOLZ OK
IOLJ OK
ITOJ OK
ITOL OK
ITOS OK
ITOZ OK
ITSJ OK
ITSO OK
IOSZ OK
ITSL OK
ITZJ OK
ITZL OK
ITSZ OK
ITJO OK
ITJS OK
ITJZ OK
ITZO OK
ITZS OK
ITJL OK
ITLO OK
ITLS OK
ITLZ OK
ITLJ OK
ISOL OK
ISOJ OK
ISOT OK
ISTJ OK
ISTO OK
ISTL OK
ISTZ OK
ISZT OK
ISZL OK
ISZJ OK
ISJT OK
ISJO OK
ISJL OK
ISLO OK
ISJZ OK
ISLT OK
ISLZ OK
ISLJ OK
IZOT OK
IZOJ OK
IZOS OK
IZOL OK
IZTO OK
IZTJ OK
IZTL OK
IZTS OK
IZST OK
IZSJ OK
IZSL OK
IZJO OK
IZJT OK
IZJS OK
IZJL OK
IZLO OK
IZLT OK
IZLS OK
IZSO OK
IZLJ OK
IJOT OK
IJOS OK
IJOZ OK
IJOL OK
IJTO OK
IJTS OK
IJTZ OK
IJTL OK
IJST OK
IJSO OK
IJSL OK
ISOZ CAP
IJZT OK
IJZO OK
IJZL OK
IJLO OK
IJZS OK
IJSZ OK
IJLT OK
IJLS OK
IJLZ OK
ISZO CAP
ILOT OK
ILOS OK
ILOJ OK
ILTO OK
ILOZ OK
ILTS OK
ILTZ OK
ILTJ OK
ILSO OK
ILST OK
ILSJ OK
ILSZ OK
ILZO OK
ILZT OK
ILZS OK
ILZJ OK
ILJO OK
ILJT OK
ILJS OK
ILJZ OK
OITJ OK
OITL OK
OITS OK
OITZ OK
OISL OK
OIST OK
OISJ OK
OIZT OK
OIZS OK
OIZJ OK
OISZ OK
OIZL OK
OIJT OK
OIJL OK
OIJS OK
OIJZ OK
OILT OK
OILS OK
OILJ OK
OILZ OK
OTIJ OK
OTIL OK
OTIS OK
OTSI OK
OTSZ OK
OTIZ OK
OTSJ OK
OTSL OK
OTZI OK
OTZS OK
OTJI OK
OTJS OK
OTJZ OK
OTZJ OK
OTJL OK
OTZL OK
OTLI OK
OTLJ OK
OTLS OK
OTLZ OK
OSIL OK
OSIT OK
OSIJ OK
OSTI OK
OSIZ OK
OSTZ OK
OSTJ OK
OSTL OK
OSZT OK
OSZI OK
OSJI OK
OSZL OK
OSJT OK
OSZJ OK
OSLI OK
OSJL OK
OSLT OK
OSLJ OK
OZIT OK
OSJZ OK
OZIS OK
OZIL OK
OSLZ OK
OZIJ OK
OZTI OK
OZTS OK
OZTJ OK
OZTL OK
OZST OK
OZSI OK
OZJI OK
OZSJ OK
OZJT OK
OZJL OK
OZLI OK
OZSL OK
OZLT OK
OZLS OK
OZLJ OK
OJIT OK
OJIL OK
OJIZ OK
OJIS OK
OJTI OK
OJTS OK
OJTZ OK
OJTL OK
OZJS OK
OJSI OK
OJST OK
OJSL OK
OJZI OK
OJZT OK
OJZL OK
OJLI OK
OJLT OK
OJLS OK
OJLZ OK
OJSZ OK
OLIT OK
OLIJ OK
OLIS OK
OLIZ OK
OLTI OK
OLTS OK
OLTZ OK
OLTJ OK
OLSI OK
OLSJ OK
OLST OK
OLZI OK
OJZS OK
OLZT OK
OLZJ OK
OLJI OK
OLJT OK
OLJS OK
OLJZ OK
OLZS OK
OLSZ OK
TIOJ OK
TIOL OK
TIOS OK
TIOZ OK
TISJ OK
TISL OK
TISO OK
TISZ OK
TIZJ OK
TIZL OK
TIJO OK
TIZO OK
TIJS OK
TIZS OK
TIJZ OK
TIJL OK
TILO OK
TILS OK
TILZ OK
TILJ OK
TOIJ OK
TOIL OK
TOSI OK
TOSZ OK
TOIS OK
TOIZ OK
TOSJ OK
TOSL OK
TOZI OK
TOZS OK
TOJI OK
TOJS OK
TOJZ OK
TOZJ OK
TOZL OK
TOJL OK
TOLI OK
TOLJ OK
TOLS OK
TOLZ OK
TSIJ OK
TSIL OK
TSIO OK
TSIZ OK
TSOI OK
TSOZ OK
TSOJ OK
TSOL OK
TSZO OK
TSJI OK
TSZI OK
TSJO OK
TSJL OK
TSZJ OK
TSZL OK
TSLI OK
TSJZ OK
TSLO OK
TSLJ OK
TZIJ OK
TZIL OK
TZIO OK
TSLZ OK
TZIS OK
TZOI OK
TZOS OK
TZOJ OK
TZOL OK
TZSO OK
TZSI OK
TZJI OK
TZJO OK
TZSJ OK
TZJL OK
TZLI OK
TZSL OK
TZLO OK
TZLJ OK
TJIO OK
TJIS OK
TJIZ OK
TZJS OK
TJIL OK
TJOI OK
TJOS OK
TJOZ OK
TJOL OK
TJSI OK
TJSO OK
TZLS OK
TJSL OK
TJZI OK
TJZO OK
TJZL OK
TJLI OK
TJLO OK
TJLS OK
TJSZ OK
TJLZ OK
TLIO OK
TLIS OK
TLIZ OK
TLIJ OK
TLOI OK
TLOJ OK
TLOS OK
TLOZ OK
TJZS OK
TLSI OK
TLSO OK
TLSJ OK
TLZI OK
TLZJ OK
TLZO OK
TLJI OK
TLJO OK
TLJS OK
TLJZ OK
SIOT OK
TLSZ OK
SIOJ OK
SIOL OK
TLZS OK
SITJ OK
SITO OK
SITL OK
SITZ OK
SIZJ OK
SIZL OK
SIZT OK
SIJT OK
SIJO OK
SIJL OK
SIJZ OK
SILO OK
SILT OK
SILJ OK
SILZ OK
SOIT OK
SOIJ OK
SOIZ OK
SOIL OK
SOTI OK
SOTZ OK
SOTJ OK
SOTL OK
SOZT OK
SOZI OK
SOZL OK
SOZJ OK
SOJI OK
SOJT OK
SOJL OK
SOLI OK
SOJZ OK
SOLT OK
SOLJ OK
SOLZ OK
STIO OK
STIJ OK
STIL OK
STIZ OK
STOI OK
STOZ OK
STOJ OK
STOL OK
SIOZ CAP
STZI OK
STZO OK
STJI OK
STJO OK
STZJ OK
STJL OK
STZL OK
STLI OK
STLO OK
STJZ OK
STLJ OK
SIZO CAP
SZIJ OK
STLZ OK
SZIT OK
SZIL OK
SZOT OK
SZIO OK
SZOI OK
SZTI OK
SZOJ OK
SZTO OK
SZOL OK
SZJI OK
SZTJ OK
SZTL OK
SZJL OK
SZLI OK
SZJT OK
SZLT OK
SZJO OK
SZLO OK
SJIT OK
SJIO OK
SJIZ OK
SZLJ OK
SJIL OK
SJOI OK
SJOL OK
SJTI OK
SJTO OK
SJOT OK
SJTL OK
SJZI OK
SJTZ OK
SJZT OK
SJOZ OK
SJLI OK
SJLO OK
SJZL OK
SJLT OK
SJLZ OK
SLIO OK
SLIT OK
SLIZ OK
SLIJ OK
SJZO OK
SLOI OK
SLOJ OK
SLTI OK
SLTO OK
SLOT OK
SLTJ OK
SLZI OK
SLTZ OK
SLZT OK
SLJI OK
SLJO OK
SLZJ OK
SLJT OK
SLJZ OK
ZIOT OK
SLZO OK
ZIOS OK
SLOZ OK
ZIOJ OK
ZIOL OK
ZITO OK
ZITJ OK
ZITL OK
ZISJ OK
ZITS OK
ZISL OK
ZIST OK
ZIJO OK
ZIJT OK
ZIJS OK
ZIJL OK
ZILO OK
ZILT OK
ZILS OK
ZILJ OK
ZOIT OK
ZOIS OK
ZOIJ OK
ZOIL OK
ZOTI OK
ZOTS OK
ZOTJ OK
ZOTL OK
ZOST OK
ZISO OK
ZOJI OK
ZOSI OK
ZOSJ OK
ZOJT OK
ZOJL OK
ZOLI OK
ZOLT OK
ZOLS OK
ZOLJ OK
ZOSL OK
ZTIO OK
ZTIJ OK
ZTIL OK
ZTOI OK
ZTIS OK
ZTOS OK
ZTOJ OK
ZTOL OK
ZOJS OK
ZTSO OK
ZTSI OK
ZTJI OK
ZTJO OK
ZTSJ OK
ZTJL OK
ZTLI OK
ZTLO OK
ZTSL OK
ZTLS OK
ZTLJ OK
ZSIJ OK
ZTJS OK
ZSIL OK
ZSIT OK
ZSIO OK
ZSOT OK
ZSOI OK
ZSTO OK
ZSTI OK
ZSOJ OK
ZSOL OK
ZSJI OK
ZSTJ OK
ZSTL OK
ZSJL OK
ZSLI OK
ZSJT OK
ZSLJ OK
ZSJO OK
ZJIO OK
ZJIT OK
ZSLT OK
ZSLO OK
ZJIS OK
ZJIL OK
ZJOI OK
ZJOL OK
ZJTI OK
ZJTO OK
ZJOT OK
ZJTL OK
ZJSI OK
ZJTS OK
ZJSL OK
ZJST OK
ZJLI OK
ZJLO OK
ZJLT OK
ZJLS OK
ZJSO OK
ZLIO OK
ZLIT OK
ZLIS OK
ZLIJ OK
ZLOI OK
ZLOJ OK
ZJOS OK
ZLOT OK
ZLTI OK
ZLOS OK
ZLTO OK
ZLTS OK
ZLTJ OK
ZLSI OK
ZLSJ OK
ZLJI OK
ZLJO OK
ZLJT OK
ZLJS OK
JIOT OK
ZLST OK
JIOS OK
JIOL OK
JITO OK
JIOZ OK
JITS OK
JITZ OK
JITL OK
JIST OK
JISL OK
JISO OK
JIZT OK
JIZO OK
JIZL OK
ZLSO OK
JILO OK
JIZS OK
JILT OK
JISZ OK
JILS OK
JILZ OK
JOIT OK
JOIL OK
JOTI OK
JOIS OK
JOIZ OK
JOTS OK
JOTZ OK
JOTL OK
JOSL OK
JOST OK
JOSI OK
JOZI OK
JOZL OK
JOZT OK
JOLI OK
JOLT OK
JOLS OK
JOLZ OK
JTIO OK
JTIS OK
JTIZ OK
JTIL OK
JTOI OK
JOSZ OK
JTOS OK
JTOZ OK
JTOL OK
JTSI OK
JTSO OK
JTSL OK
JTZI OK
JTZO OK
JTZL OK
JTLI OK
JTSZ OK
JTLO OK
JTLS OK
JTLZ OK
JSIT OK
JSIO OK
JOZS OK
JTZS OK
JSIL OK
JSOI OK
JSOT OK
JSOL OK
JSIZ OK
JSTI OK
JSTO OK
JSTL OK
JSTZ OK
JSZI OK
JSOZ OK
JSLI OK
JSLO OK
JSZT OK
JSLT OK
JSLZ OK
JSZL OK
JZIT OK
JSZO OK
JZIL OK
JZIO OK
JZIS OK
JZOL OK
JZOI OK
JZTI OK
JZOT OK
JZTO OK
JZTL OK
JZSI OK
JZTS OK
JZSL OK
JZLI OK
JZLO OK
JZST OK
JZLT OK
JZLS OK
JLIO OK
JZSO OK
JLIT OK
JLIS OK
JLIZ OK
JLOI OK
JLOT OK
JLOS OK
JLTI OK
JLOZ OK
JLTO OK
JLTS OK
JLTZ OK
JLSI OK
JLST OK
JLSO OK
JZOS OK
JLZI OK
JLZO OK
JLZT OK
JLZS OK
LIOT OK
LIOS OK
LIOJ OK
LIOZ OK
LITO OK
LITS OK
LITZ OK
LITJ OK
LISO OK
LIST OK
LISZ OK
LISJ OK
LIZO OK
LIZT OK
LIZS OK
LIZJ OK
JLSZ OK
LIJO OK
LIJT OK
LIJS OK
LIJZ OK
LOIT OK
LOIS OK
LOIJ OK
LOIZ OK
LOTI OK
LOTJ OK
LOTS OK
LOSI OK
LOTZ OK
LOSJ OK
LOZI OK
LOST OK
LOZT OK
LOZJ OK
LOJI OK
LOJT OK
LOJS OK
LOJZ OK
LTIO OK
LTIS OK
LTIZ OK
LTIJ OK
LTOI OK
LTOS OK
LTOZ OK
LTOJ OK
LOZS OK
LTSI OK
LTSO OK
LTSJ OK
LTZI OK
LOSZ OK
LTZO OK
LTZJ OK
LTJI OK
LTJO OK
LTJS OK
LTJZ OK
LSIO OK
LSIT OK
LSIJ OK
LSIZ OK
LTSZ OK
LSOI OK
LSOJ OK
LTZS OK
LSOT OK
LSTI OK
LSTO OK
LSTJ OK
LSZI OK
LSTZ OK
LSZT OK
LSJI OK
LSJO OK
LSJT OK
LSZO OK
LSZJ OK
LSJZ OK
LZIO OK
LSOZ OK
LZIT OK
LZIS OK
LZIJ OK
LZOI OK
LZOJ OK
LZTI OK
LZTO OK
LZTS OK
LZOT OK
LZTJ OK
LZSI OK
LZSJ OK
LZJI OK
LZJO OK
LZJT OK
LZJS OK
LJIO OK
LZST OK
LZOS OK
LJIT OK
LJIS OK
LJIZ OK
LJOI OK
LJOT OK
LJOS OK
LJOZ OK
LJTI OK
LJTO OK
LJTS OK
LJTZ OK
LZSO OK
LJSI OK
LJST OK
LJSO OK
LJZI OK
LJZT OK
LJZO OK
LJZS OK
LJSZ OK
