IOTL OK
IOTJ OK
IOTS OK
IOTZ OK
IOST OK
IOSJ OK
IOSZ OK
IOSL OK
IOZJ OK
IOZL OK
IOJT OK
IOJS OK
IOJZ OK
IOJL OK
IOZT OK
IOLT OK
IOZS OK
IOLS OK
IOLZ OK
IOLJ OK
ITOS OK
ITOZ OK
ITOJ OK
ITOL OK
ITSO OK
ITSJ OK
ITSL OK
ITZO OK
ITZJ OK
ITZL OK
ITJO OK
ITJS OK
ITJZ OK
ITJL OK
ITLO OK
ITLS OK
ITLZ OK
ITLJ OK
ITZS OK
ISOT OK
ISOZ OK
ISOJ OK
ISOL OK
ISTO OK
ITSZ OK
ISTJ OK
ISTL OK
ISZJ OK
ISZL OK
ISJO OK
ISTZ OK
ISJT OK
ISZO OK
ISZT OK
ISJL OK
ISJZ OK
ISLT OK
ISLO OK
ISLZ OK
ISLJ OK
IZOJ OK
IZOL OK
IZTO OK
IZTJ OK
IZTL OK
IZOS OK
IZOT OK
IZSJ OK
IZSL OK
IZTS OK
IZJO OK
IZJT OK
IZSO OK
IZJL OK
IZJS OK
IZLO OK
IZST OK
IZLT OK
IZLS OK
IZLJ OK
IJOT OK
IJOS OK
IJOZ OK
IJOL OK
IJTO OK
IJTS OK
IJTZ OK
IJTL OK
IJST OK
IJSO OK
IJSL OK
IJSZ OK
IJZT OK
IJZO OK
IJZS OK
IJLT OK
IJZL OK
IJLO OK
IJLS OK
ILOT OK
IJLZ OK
ILOS OK
ILOZ OK
ILOJ OK
ILTS OK
ILTO OK
ILTZ OK
ILTJ OK
ILST OK
ILSO OK
ILSZ OK
ILSJ OK
ILZT OK
ILZO OK
ILZJ OK
ILJO OK
ILZS OK
ILJT OK
ILJS OK
ILJZ OK
OITS OK
OITZ OK
OITJ OK
OITL OK
OIST OK
OISZ OK
OISJ OK
OISL OK
OIZT OK
OIZJ OK
OIZL OK
OIJT OK
OIJS OK
OIJZ OK
OIJL OK
OILT OK
OILS OK
OILJ OK
OILZ OK
OIZS OK
OTIS OK
OTIJ OK
OTIZ OK
OTIL OK
OTSI OK
OTSJ OK
OTSL OK
OTZI OK
OTZJ OK
OTZL OK
OTJI OK
OTJS OK
OTJZ OK
OTJL OK
OTLI OK
OTLS OK
OTLZ OK
OTLJ OK
OSIT OK
OTSZ OK
OTZS OK
OSIZ OK
OSIJ OK
OSIL OK
OSTI OK
OSTJ OK
OSTL OK
OSZI OK
OSZJ OK
OSZL OK
OSJI OK
OSJT OK
OSJL OK
OSJZ OK
OSLI OK
OSLT OK
OSTZ OK
OSLJ OK
OSLZ OK
OSZT OK
OZIJ OK
OZIT OK
OZIL OK
OZTI OK
OZTJ OK
OZTS OK
OZTL OK
OZIS OK
OZST OK
OZSJ OK
OZSL OK
OZJI OK
OZJT OK
OZJS OK
OZSI OK
OZJL OK
OZLI OK
OZLT OK
OZLJ OK
OJIT OK
OJIS OK
OJIZ OK
OJIL OK
OJTI OK
OZLS OK
OJTS OK
OJTZ OK
OJTL OK
OJSI OK
OJST OK
OJSL OK
OJSZ OK
OJZI OK
OJZT OK
OJZL OK
OJLI OK
OJLT OK
OJZS OK
OJLS OK
OLIT OK
OJLZ OK
OLIS OK
OLIZ OK
OLIJ OK
OLTI OK
OLTS OK
OLTZ OK
OLTJ OK
OLSI OK
OLST OK
OLSZ OK
OLSJ OK
OLZT OK
OLZI OK
OLZJ OK
OLJI OK
OLJT OK
OLJS OK
OLJZ OK
TIOS OK
TIOZ OK
OLZS OK
TIOJ OK
TIOL OK
TISO OK
TISJ OK
TISL OK
TIZO OK
TIZJ OK
TIZL OK
TISZ OK
TIJO OK
TIJS OK
TIJZ OK
TIJL OK
TILO OK
TILS OK
TILZ OK
TILJ OK
TOIS OK
TOIZ OK
TOIJ OK
TOIL OK
TIZS OK
TOSI OK
TOSJ OK
TOSL OK
TOZI OK
TOZJ OK
TOZL OK
TOJI OK
TOJS OK
TOJZ OK
TOJL OK
TOLI OK
TOLS OK
TOLZ OK
TOLJ OK
TSIO OK
TSIJ OK
TOSZ OK
TOZS OK
TSIL OK
TSOI OK
TSIZ OK
TSOJ OK
TSOL OK
TSZJ OK
TSZL OK
TSZI OK
TSJI OK
TSJO OK
TSJZ OK
TSJL OK
TSLI OK
TSLO OK
TSLZ OK
TSLJ OK
TSOZ OK
TZIO OK
TZIJ OK
TZIL OK
TSZO OK
TZOI OK
TZOJ OK
TZOL OK
TZIS OK
TZSI OK
TZSJ OK
TZSL OK
TZJI OK
TZJO OK
TZJS OK
TZJL OK
TZLI OK
TZOS OK
TZLO OK
TZSO OK
TZLJ OK
TJIO OK
TJIS OK
TZLS OK
TJIZ OK
TJIL OK
TJOI OK
TJOS OK
TJOZ OK
TJOL OK
TJSI OK
TJSO OK
TJSL OK
TJZI OK
TJZO OK
TJZS OK
TJSZ OK
TJZL OK
TJLI OK
TJLO OK
TLIO OK
TLIS OK
TJLS OK
TJLZ OK
TLIZ OK
TLIJ OK
TLOI OK
TLOS OK
TLOZ OK
TLOJ OK
TLSI OK
TLSO OK
TLSZ OK
TLSJ OK
TLZI OK
TLZO OK
TLZJ OK
TLJI OK
TLJO OK
TLZS OK
TLJS OK
TLJZ OK
SIOT OK
SIOZ OK
SIOJ OK
SIOL OK
SITO OK
SITL OK
SITJ OK
SIZJ OK
SIZL OK
SITZ OK
SIJO OK
SIJT OK
SIZT OK
SIJZ OK
SIJL OK
SILO OK
SILT OK
SILJ OK
SILZ OK
SOIT OK
SOIZ OK
SOIJ OK
SOIL OK
SOTI OK
SOTJ OK
SOTL OK
SOZI OK
SOZJ OK
SIZO OK
SOZL OK
SOJI OK
SOJT OK
SOTZ OK
SOJZ OK
SOZT OK
SOJL OK
SOLI OK
SOLT OK
SOLZ OK
SOLJ OK
STIO OK
STIL OK
STIJ OK
STOI OK
STOJ OK
STOL OK
STIZ OK
STZJ OK
STZL OK
STZI OK
STJI OK
STJO OK
STOZ OK
STJL OK
STJZ OK
STLI OK
STZO OK
STLO OK
STLZ OK
STLJ OK
SZIJ OK
SZIL OK
SZIT OK
SZOJ OK
SZOL OK
SZOT OK
SZOI OK
SZTJ OK
SZTI OK
SZTL OK
SZIO OK
SZJI OK
SZJT OK
SZJO OK
SZTO OK
SZJL OK
SZLI OK
SZLT OK
SZLO OK
SJIO OK
SZLJ OK
SJIT OK
SJIL OK
SJOI OK
SJIZ OK
SJOT OK
SJOZ OK
SJOL OK
SJTI OK
SJTO OK
SJTL OK
SJTZ OK
SJZI OK
SJZT OK
SJZO OK
SJZL OK
SJLI OK
SJLO OK
SJLT OK
SJLZ OK
SLIO OK
SLIT OK
SLIZ OK
SLIJ OK
SLOI OK
SLOT OK
SLOZ OK
SLOJ OK
SLTI OK
SLTO OK
SLTZ OK
SLTJ OK
SLZI OK
SLZT OK
SLJI OK
SLZO OK
SLZJ OK
SLJO OK
SLJT OK
SLJZ OK
ZIOT OK
ZIOJ OK
ZIOL OK
ZITO OK
ZITJ OK
ZITL OK
ZIOS OK
ZISJ OK
ZISL OK
ZITS OK
ZIJO OK
ZISO OK
ZIJT OK
ZIJL OK
ZIJS OK
ZIST OK
ZILO OK
ZILT OK
ZILS OK
ZILJ OK
ZOIJ OK
ZOIL OK
ZOIT OK
ZOTI OK
ZOTJ OK
ZOTS OK
ZOTL OK
ZOIS OK
ZOST OK
ZOSJ OK
ZOSL OK
ZOJI OK
ZOJT OK
ZOJS OK
ZOSI OK
ZOJL OK
ZOLI OK
ZOLT OK
ZOLJ OK
ZTIO OK
ZTIJ OK
ZTIL OK
ZOLS OK
ZTOI OK
ZTOJ OK
ZTOS OK
ZTOL OK
ZTIS OK
ZTSJ OK
ZTSL OK
ZTJI OK
ZTJO OK
ZTJS OK
ZTJL OK
ZTSI OK
ZTLI OK
ZTLO OK
ZTLJ OK
ZTSO OK
ZTLS OK
ZSIJ OK
ZSIL OK
ZSOT OK
ZSIO OK
ZSOJ OK
ZSIT OK
ZSOL OK
ZSOI OK
ZSTJ OK
ZSTL OK
ZSJI OK
ZSJO OK
ZSJT OK
ZSLI OK
ZSTI OK
ZSTO OK
ZSLT OK
ZSJL OK
ZSLJ OK
ZJIO OK
ZSLO OK
ZJIT OK
ZJIS OK
ZJIL OK
ZJOI OK
ZJOT OK
ZJOS OK
ZJTI OK
ZJOL OK
ZJTO OK
ZJTS OK
ZJTL OK
ZJSI OK
ZJST OK
ZJSO OK
ZJLI OK
ZJLO OK
ZJSL OK
ZJLT OK
ZLIO OK
ZLIT OK
ZJLS OK
ZLIS OK
ZLIJ OK
ZLOI OK
ZLOT OK
ZLOJ OK
ZLTI OK
ZLTO OK
ZLTJ OK
ZLSI OK
ZLOS OK
ZLTS OK
ZLST OK
ZLJI OK
ZLSJ OK
ZLJO OK
ZLJT OK
ZLSO OK
JIOT OK
ZLJS OK
JIOS OK
JIOZ OK
JIOL OK
JITO OK
JITS OK
JITZ OK
JITL OK
JIST OK
JISL OK
JISO OK
JIZO OK
JIZT OK
JISZ OK
JIZS OK
JIZL OK
JILO OK
JILT OK
JILS OK
JILZ OK
JOIT OK
JOIS OK
JOIZ OK
JOTI OK
JOIL OK
JOTS OK
JOTZ OK
JOTL OK
JOSI OK
JOST OK
JOSZ OK
JOSL OK
JOZI OK
JOZT OK
JOLI OK
JOZL OK
JOLT OK
JOZS OK
JOLS OK
JOLZ OK
JTIO OK
JTIS OK
JTIZ OK
JTIL OK
JTOI OK
JTOS OK
JTOZ OK
JTOL OK
JTSI OK
JTSO OK
JTSL OK
JTZI OK
JTZO OK
JTZS OK
JTSZ OK
JTZL OK
JTLI OK
JTLO OK
JSIT OK
JSIO OK
JTLS OK
JTLZ OK
JSIL OK
JSOI OK
JSIZ OK
JSOT OK
JSOZ OK
JSOL OK
JSTI OK
JSTO OK
JSTL OK
JSTZ OK
JSZI OK
JSZO OK
JSZT OK
JSZL OK
JSLI OK
JSLT OK
JSLO OK
JSLZ OK
JZIO OK
JZIT OK
JZIL OK
JZIS OK
JZOI OK
JZOT OK
JZOL OK
JZTI OK
JZTO OK
JZOS OK
JZTS OK
JZTL OK
JZSI OK
JZST OK
JZLI OK
JZLO OK
JZSO OK
JZSL OK
JZLT OK
JLIO OK
JLIT OK
JZLS OK
JLIS OK
JLIZ OK
JLOI OK
JLOT OK
JLOS OK
JLOZ OK
JLTO OK
JLTI OK
JLTS OK
JLSO OK
JLSI OK
JLTZ OK
JLST OK
JLZI OK
JLZO OK
JLZT OK
LIOT OK
LIOS OK
LIOZ OK
LIOJ OK
LITO OK
LITS OK
LITZ OK
LITJ OK
LISO OK
LIST OK
LISZ OK
LISJ OK
LIZT OK
LIZO OK
LIZJ OK
JLSZ OK
LIZS OK
LIJO OK
LIJT OK
LIJS OK
LIJZ OK
LOIT OK
LOIS OK
LOIZ OK
LOIJ OK
LOTI OK
LOTS OK
LOTZ OK
LOTJ OK
LOSI OK
LOST OK
LOSZ OK
LOSJ OK
JLZS OK
LOZI OK
LOZT OK
LOJI OK
LOZJ OK
LOJT OK
LOJS OK
LOJZ OK
LTIO OK
LTIS OK
LTIZ OK
LTIJ OK
LOZS OK
LTOS OK
LTOI OK
LTOZ OK
LTOJ OK
LTSI OK
LTSO OK
LTSZ OK
LTSJ OK
LTZI OK
LTZO OK
LTZJ OK
LTJI OK
LTZS OK
LTJO OK
LTJS OK
LSIO OK
LSIT OK
LTJZ OK
LSIZ OK
LSIJ OK
LSOI OK
LSOT OK
LSOZ OK
LSOJ OK
LSTI OK
LSTO OK
LSTZ OK
LSTJ OK
LSZI OK
LSZT OK
LSJI OK
LSJO OK
LSJT OK
LSJZ OK
LZIO OK
LSZJ OK
LZIT OK
LZIJ OK
LZIS OK
LZOT OK
LZOI OK
LZOJ OK
LZTI OK
LZTO OK
LZOS OK
LZTS OK
LZTJ OK
LZST OK
LZSI OK
LZSJ OK
LZJI OK
LZSO OK
LZJO OK
LZJT OK
LJIO OK
LJIT OK
LZJS OK
LJIS OK
LJIZ OK
LJOI OK
LJOT OK
LJOS OK
LJOZ OK
LJTI OK
LJTO OK
LJTS OK
LJSI OK
LJTZ OK
LJSO OK
LJST OK
LJZI OK
LJZO OK
LJZT OK
LJZS OK
LJSZ OK
LSZO OK
