IOTJ OK
IOTS OK
IOTL OK
IOTZ OK
IOST OK
IOSJ OK
IOSL OK
IOSZ OK
IOZT OK
IOZS OK
IOZJ OK
IOZL OK
IOJT OK
IOJL OK
IOLT OK
IOJS OK
IOJZ OK
IOLJ OK
ITOS OK
IOLZ OK
IOLS OK
ITOZ OK
ITOJ OK
ITOL OK
ITSO OK
ITSZ OK
ITSJ OK
ITSL OK
ITZO OK
ITZS OK
ITJO OK
ITZL OK
ITZJ OK
ITLO OK
ITJL OK
ITLS OK
ITJS OK
ITJZ OK
ITLZ OK
ITLJ OK
ISOT OK
ISOJ OK
ISTO OK
ISOL OK
ISTZ OK
ISTJ OK
ISTL OK
ISZT OK
ISZJ OK
ISJO OK
ISJT OK
ISOZ OK
ISZO OK
ISZL OK
ISJZ OK
ISJL OK
ISLO OK
ISLT OK
IZOT OK
ISLJ OK
IZOS OK
IZOJ OK
IZOL OK
IZTO OK
IZTS OK
IZTJ OK
IZTL OK
IZST OK
IZSO OK
IZSJ OK
IZJO OK
IZJT OK
ISLZ OK
IZJS OK
IZJL OK
IZLT OK
IZLO OK
IJOT OK
IZLJ OK
IZSL OK
IJOS OK
IJOZ OK
IJOL OK
IJTO OK
IJTL OK
IJTS OK
IJTZ OK
IJSO OK
IJST OK
IJSL OK
IJZO OK
IJZT OK
IJZL OK
IJLO OK
IJLT OK
IJSZ OK
IJLS OK
IJLZ OK
IZLS OK
ILOT OK
ILOJ OK
ILOS OK
ILOZ OK
ILTO OK
ILTS OK
ILTZ OK
ILTJ OK
ILST OK
ILSO OK
ILSJ OK
ILZO OK
ILZT OK
ILZJ OK
ILJO OK
ILJT OK
IJZS OK
ILJS OK
ILJZ OK
OITS OK
OITZ OK
OITJ OK
OITL OK
OIST OK
OISZ OK
OISJ OK
OIZT OK
OISL OK
OIZS OK
OIZJ OK
ILSZ OK
OIJT OK
OIZL OK
OIJS OK
OIJL OK
OIJZ OK
OILT OK
OILS OK
OILJ OK
OILZ OK
OTIS OK
OTIZ OK
OTIJ OK
OTIL OK
OTSI OK
OTSZ OK
OTSJ OK
ILZS OK
OTSL OK
OTZI OK
OTZJ OK
OTZS OK
OTJI OK
OTZL OK
OTJS OK
OTJZ OK
OTJL OK
OTLI OK
OTLJ OK
OTLS OK
OTLZ OK
OSIT OK
OSTI OK
OSIZ OK
OSIJ OK
OSIL OK
OSTJ OK
OSTZ OK
OSTL OK
OSZI OK
OSZT OK
OSZJ OK
OSZL OK
OSJI OK
OSJT OK
OSJL OK
OSJZ OK
OSLI OK
OSLT OK
OSLJ OK
OZIT OK
OSLZ OK
OZIS OK
OZTI OK
OZIJ OK
OZIL OK
OZTS OK
OZTJ OK
OZTL OK
OZSI OK
OZST OK
OZSJ OK
OZSL OK
OZJT OK
OZJI OK
OZJL OK
OZJS OK
OZLT OK
OZLI OK
OZLJ OK
OZLS OK
OJIT OK
OJIL OK
OJTI OK
OJIS OK
OJIZ OK
OJTS OK
OJTZ OK
OJTL OK
OJST OK
OJSI OK
OJSL OK
OJSZ OK
OJZT OK
OJZL OK
OJZI OK
OJLI OK
OJZS OK
OJLT OK
OJLS OK
OJLZ OK
OLIT OK
OLIJ OK
OLIS OK
OLIZ OK
OLTI OK
OLTJ OK
OLTS OK
OLTZ OK
OLSI OK
OLST OK
OLSJ OK
OLSZ OK
OLZT OK
OLZI OK
OLZJ OK
OLJI OK
OLJT OK
OLJS OK
OLJZ OK
TIOS OK
TIOZ OK
TIOJ OK
TIOL OK
TISO OK
TISZ OK
TISJ OK
TISL OK
TIZO OK
TIZS OK
TIZJ OK
TIZL OK
TIJO OK
TIJL OK
OLZS OK
TIJS OK
TILO OK
TIJZ OK
TILJ OK
TOIS OK
TILS OK
TILZ OK
TOIZ OK
TOIJ OK
TOIL OK
TOSI OK
TOSZ OK
TOSJ OK
TOSL OK
TOZI OK
TOZS OK
TOZJ OK
TOZL OK
TOJI OK
TOJL OK
TOJS OK
TOJZ OK
TOLI OK
TOLS OK
TOLZ OK
TOLJ OK
TSIO OK
TSIZ OK
TSOI OK
TSIJ OK
TSIL OK
TSOZ OK
TSOJ OK
TSOL OK
TSZI OK
TSZO OK
TSJI OK
TSJO OK
TSZL OK
TSLI OK
TSJL OK
TSLO OK
TSZJ OK
TSJZ OK
TSLJ OK
TZIO OK
TZIS OK
TZIJ OK
TZIL OK
TSLZ OK
TZOI OK
TZOS OK
TZOJ OK
TZOL OK
TZSO OK
TZSI OK
TZJO OK
TZJI OK
TZSL OK
TZLI OK
TZSJ OK
TZJL OK
TZLO OK
TZLJ OK
TZJS OK
TJIO OK
TJIS OK
TZLS OK
TJIZ OK
TJIL OK
TJOI OK
TJOS OK
TJOZ OK
TJOL OK
TJSI OK
TJSO OK
TJSL OK
TJZI OK
TJZO OK
TJZL OK
TJLI OK
TJLO OK
TJLS OK
TJLZ OK
TLIO OK
TLIS OK
TLIZ OK
TJSZ OK
TJZS OK
TLIJ OK
TLOI OK
TLOS OK
TLOZ OK
TLOJ OK
TLSO OK
TLSI OK
TLSJ OK
TLZO OK
TLZI OK
TLZJ OK
TLJI OK
TLSZ OK
TLJO OK
TLJS OK
TLJZ OK
SIOT OK
TLZS OK
SIOZ OK
SIOJ OK
SIOL OK
SITO OK
SITZ OK
SITJ OK
SITL OK
SIZT OK
SIJO OK
SIJT OK
SIZJ OK
SIJZ OK
SIJL OK
SILO OK
SIZO OK
SILT OK
SIZL OK
SILJ OK
SOIT OK
SOIZ OK
SOIJ OK
SOIL OK
SOTI OK
SOTZ OK
SOTJ OK
SOTL OK
SOZT OK
SOZI OK
SOZJ OK
SOZL OK
SOJI OK
SOJT OK
SOJL OK
SOJZ OK
SOLI OK
SOLT OK
SOLZ OK
SOLJ OK
STIO OK
STIZ OK
STIJ OK
STIL OK
STOI OK
STOJ OK
STOZ OK
SILZ OK
STOL OK
STZO OK
STZI OK
STJI OK
STJO OK
STZL OK
STLI OK
STJL OK
STZJ OK
STJZ OK
STLO OK
STLJ OK
SZIO OK
SZIT OK
SZOI OK
STLZ OK
SZOT OK
SZOJ OK
SZIJ OK
SZOL OK
SZTI OK
SZTO OK
SZTL OK
SZJO OK
SZTJ OK
SZJI OK
SZIL OK
SZJL OK
SZJT OK
SZLT OK
SZLJ OK
SJIO OK
SJIT OK
SZLO OK
SJOI OK
SZLI OK
SJIZ OK
SJOT OK
SJIL OK
SJOZ OK
SJOL OK
SJTO OK
SJTI OK
SJTL OK
SJZO OK
SJTZ OK
SJLI OK
SJZI OK
SJZT OK
SJLO OK
SJLT OK
SLIO OK
SLIT OK
SJZL OK
SLIJ OK
SLOI OK
SLOT OK
SJLZ OK
SLOJ OK
SLOZ OK
SLTO OK
SLTI OK
SLTJ OK
SLTZ OK
SLZT OK
SLZJ OK
SLIZ OK
SLJI OK
SLJO OK
SLJT OK
SLZO OK
ZIOT OK
ZIOS OK
ZIOJ OK
ZIOL OK
SLZI OK
ZITO OK
ZITS OK
ZITJ OK
SLJZ OK
ZITL OK
ZIST OK
ZIJO OK
ZISO OK
ZISJ OK
ZIJT OK
ZILO OK
ZIJL OK
ZILT OK
ZIJS OK
ZOIT OK
ZILJ OK
ZOIS OK
ZOIJ OK
ZOIL OK
ZOTI OK
ZISL OK
ZOTS OK
ZOTJ OK
ZOTL OK
ZOSI OK
ZOST OK
ZOSJ OK
ZOSL OK
ZOJT OK
ZOJI OK
ZOJL OK
ZOJS OK
ZOLI OK
ZOLT OK
ZOLS OK
ZOLJ OK
ZILS OK
ZTIO OK
ZTIS OK
ZTIJ OK
ZTOI OK
ZTIL OK
ZTOS OK
ZTOJ OK
ZTOL OK
ZTSI OK
ZTSO OK
ZTJI OK
ZTJO OK
ZTSL OK
ZTSJ OK
ZTLI OK
ZTJS OK
ZTJL OK
ZTLO OK
ZTLJ OK
ZSIO OK
ZSIT OK
ZTLS OK
ZSOI OK
ZSOT OK
ZSOJ OK
ZSIJ OK
ZSOL OK
ZSTO OK
ZSTI OK
ZSTL OK
ZSTJ OK
ZSJI OK
ZSJO OK
ZSJL OK
ZSJT OK
ZSIL OK
ZSLO OK
ZSLT OK
ZSLJ OK
ZJIO OK
ZJIT OK
ZJOI OK
ZJIL OK
ZJOT OK
ZJIS OK
ZJOL OK
ZJTI OK
ZJOS OK
ZSLI OK
ZJTO OK
ZJTL OK
ZJSO OK
ZJTS OK
ZJLI OK
ZJSI OK
ZJST OK
ZJSL OK
ZJLT OK
ZJLO OK
ZLIT OK
ZLIO OK
ZJLS OK
ZLIJ OK
ZLOI OK
ZLOT OK
ZLOJ OK
ZLOS OK
ZLTI OK
ZLTO OK
ZLTJ OK
ZLSO OK
ZLTS OK
ZLSJ OK
ZLST OK
ZLJO OK
ZLJI OK
ZLIS OK
ZLJT OK
JIOT OK
JIOS OK
ZLJS OK
JIOZ OK
JIOL OK
JITO OK
JITS OK
JITZ OK
ZLSI OK
JITL OK
JIST OK
JISL OK
JISO OK
JIZT OK
JIZO OK
JIZL OK
JILO OK
JILT OK
JILS OK
JILZ OK
JOIT OK
JOIS OK
JISZ OK
JOIZ OK
JOIL OK
JOTI OK
JOTS OK
JOTZ OK
JOTL OK
JOST OK
JOSI OK
JOSL OK
JOSZ OK
JOZT OK
JOZI OK
JIZS OK
JOZL OK
JOZS OK
JOLI OK
JOLT OK
JOLS OK
JOLZ OK
JTIO OK
JTIS OK
JTIZ OK
JTIL OK
JTOI OK
JTOS OK
JTOL OK
JTOZ OK
JTSI OK
JTSO OK
JTSL OK
JTZI OK
JTZO OK
JTZL OK
JTLI OK
JTLO OK
JTLS OK
JTLZ OK
JSIT OK
JSIO OK
JTSZ OK
JSIL OK
JTZS OK
JSOT OK
JSOI OK
JSOL OK
JSTI OK
JSOZ OK
JSTO OK
JSTL OK
JSIZ OK
JSZO OK
JSTZ OK
JSLI OK
JSLO OK
JSZT OK
JSLT OK
JSZI OK
JZIT OK
JSZL OK
JZIO OK
JZIL OK
JZOT OK
JZOI OK
JZOL OK
JZTI OK
JZOS OK
JZTO OK
JZTL OK
JSLZ OK
JZTS OK
JZSO OK
JZIS OK
JZLI OK
JZSL OK
JZLO OK
JZST OK
JZSI OK
JZLT OK
JLIO OK
JLIT OK
JLIS OK
JLIZ OK
JLOI OK
JLOT OK
JLOS OK
JZLS OK
JLOZ OK
JLTI OK
JLTO OK
JLTS OK
JLTZ OK
JLSI OK
JLST OK
JLZI OK
JLSO OK
JLZT OK
JLZO OK
LIOT OK
LIOS OK
LIOJ OK
LIOZ OK
JLZS OK
LITO OK
LITS OK
LITJ OK
LITZ OK
LIST OK
LISO OK
LISJ OK
LIZO OK
LIZT OK
LIZJ OK
LIJO OK
JLSZ OK
LIJT OK
LIJS OK
LIJZ OK
LOIT OK
LOIS OK
LOIZ OK
LOIJ OK
LOTI OK
LOTS OK
LOTZ OK
LOTJ OK
LOST OK
LOSI OK
LOSJ OK
LOSZ OK
LOZI OK
LOZT OK
LOZJ OK
LOJI OK
LISZ OK
LOJT OK
LOJS OK
LOJZ OK
LTIO OK
LTIS OK
LTIZ OK
LTIJ OK
LTOI OK
LTOS OK
LTOZ OK
LTOJ OK
LIZS OK
LTSI OK
LTSO OK
LOZS OK
LTSJ OK
LTZO OK
LTZI OK
LTZJ OK
LTJI OK
LTSZ OK
LTJO OK
LTJS OK
LTJZ OK
LTZS OK
LSIT OK
LSIO OK
LSIJ OK
LSOT OK
LSOI OK
LSOJ OK
LSOZ OK
LSTI OK
LSTO OK
LSTJ OK
LSTZ OK
LSZT OK
LSZJ OK
LSJI OK
LSJO OK
LSZO OK
LSIZ OK
LSJT OK
LZIT OK
LZIO OK
LZIJ OK
LSZI OK
LZOI OK
LZOT OK
LSJZ OK
LZOJ OK
LZTI OK
LZTO OK
LZTJ OK
LZTS OK
LZOS OK
LZST OK
LZSO OK
LZIS OK
LZSJ OK
LZJI OK
LZJO OK
LZJT OK
LJIO OK
LJIT OK
LJIS OK
LJIZ OK
LZJS OK
LJOI OK
LJOT OK
LJOS OK
LJOZ OK
LJTI OK
LJTO OK
LZSI OK
LJTS OK
LJTZ OK
LJSI OK
LJST OK
LJZI OK
LJSO OK
LJZT OK
LJZO OK
LJZS OK
LJSZ OK
