IOTJ OK
IOTL OK
IOTZ OK
IOTS OK
IOST OK
IOZT OK
IOSZ OK
IOSJ OK
IOSL OK
IOJT OK
IOZS OK
IOZJ OK
IOJL OK
IOZL OK
IOLT OK
IOJS CAP
IOLJ OK
ITOS OK
IOJZ CAP
ITOJ OK
ITOL OK
ITOZ OK
IOLS CAP
ITSJ OK
IOLZ CAP
ITSL OK
ITSO OK
ITZJ OK
ITZL OK
ITZO OK
ITJO OK
ITZS OK
ITJS OK
ITJZ OK
ITJL OK
ITLO OK
ITLS OK
ITLZ OK
ITLJ OK
ISOT OK
ITSZ OK
ISTO OK
ISTZ OK
ISOZ OK
ISOJ OK
ISTJ OK
ISTL OK
ISOL OK
ISZT OK
ISZO OK
ISJT OK
ISJO OK
ISJL OK
ISZJ OK
ISZL OK
ISLT OK
ISLJ OK
IZOT OK
ISLO OK
IZOS OK
IZOJ OK
ISJZ CAP
IZTO OK
IZTJ OK
ISLZ CAP
IZTS OK
IZTL OK
IZST OK
IZOL OK
IZSO OK
IZJT OK
IZJO OK
IZJL OK
IZSJ CAP
IZSL CAP
IZLT OK
IZLJ OK
IZLO OK
IJOT OK
IZJS CAP
IJOL OK
IJTO OK
IJTS OK
IJTZ OK
IJTL OK
IZLS CAP
IJOS CAP
IJOZ CAP
IJSL OK
IJST OK
IJZT OK
IJSO CAP
IJZL OK
IJLO OK
IJLT OK
IJLS OK
IJLZ OK
ILOT OK
IJSZ CAP
IJZO CAP
ILOJ OK
ILTO OK
ILTS OK
ILTZ OK
ILTJ OK
IJZS CAP
ILOS CAP
ILST OK
ILSJ OK
ILOZ CAP
ILZT OK
ILSO CAP
ILZJ OK
ILJO OK
ILJT OK
ILJS OK
ILJZ OK
OITS OK
OITZ OK
OITJ OK
OITL OK
OIST OK
ILSZ CAP
OISZ OK
ILZO CAP
OIZT OK
OISJ OK
ILZS CAP
OISL OK
OIJT OK
OIZS OK
OIZJ OK
OIJL OK
OIZL OK
OILT OK
OIJS CAP
OILJ OK
OTIS OK
OIJZ CAP
OTIJ OK
OTIL OK
OTIZ OK
OILS CAP
OTSI OK
OTSJ OK
OTSZ OK
OILZ CAP
OTSL OK
OTZJ OK
OTZL OK
OTJI OK
OTZI OK
OTZS OK
OTJS OK
OTJZ OK
OTJL OK
OTLI OK
OTLJ OK
OTLS OK
OTLZ OK
OSIT OK
OSTI OK
OSTZ OK
OSIL OK
OSIZ OK
OSIJ OK
OSTJ OK
OSZT OK
OSTL OK
OSZI OK
OSZJ OK
OSJT OK
OSJI OK
OSJL OK
OSZL OK
OSLT OK
OSLJ OK
OZIT OK
OSLI OK
OZIS OK
OZIJ OK
OZTI OK
OZTS OK
OZTJ OK
OSJZ CAP
OZTL OK
OSLZ CAP
OZST OK
OZIL OK
OZSI OK
OZJT OK
OZJI OK
OZJL OK
OZSL CAP
OZSJ CAP
OZLT OK
OZLJ OK
OZLI OK
OJIT OK
OZJS CAP
OJIL OK
OJTI OK
OJTS OK
OJTZ OK
OJTL OK
OJSI OK
OZLS CAP
OJST OK
OJSL OK
OJIS CAP
OJIZ CAP
OJZT OK
OJZL OK
OJLI OK
OJLT OK
OJLS OK
OJLZ OK
OLIT OK
OJZI OK
OJSZ CAP
OLIJ OK
OLTI OK
OLTS OK
OLTZ OK
OLTJ OK
OJZS CAP
OLSI OK
OLST OK
OLSJ OK
OLIS CAP
OLZT OK
OLIZ CAP
OLZJ OK
OLJI OK
OLJT OK
OLJS OK
OLJZ OK
TIOS OK
OLZI OK
TIOJ OK
TIOL OK
TIOZ OK
TISO OK
TISJ OK
TISL OK
TIZO OK
OLSZ CAP
TIZJ OK
TIZL OK
TIZS OK
TIJO OK
TIJS OK
TIJZ OK
TILO OK
TIJL OK
TILS OK
TILZ OK
TILJ OK
TISZ OK
TOIJ OK
TOIL OK
TOIS OK
TOIZ OK
OLZS CAP
TOSJ OK
TOSL OK
TOSI OK
TOSZ OK
TOZJ OK
TOJI OK
TOZI OK
TOZS OK
TOZL OK
TOJL OK
TOLI OK
TOJS OK
TOJZ OK
TOLS OK
TOLZ OK
TOLJ OK
TSIJ OK
TSIL OK
TSIZ OK
TSIO OK
TSOJ OK
TSOL OK
TSOI OK
TSZJ OK
TSZL OK
TSJI OK
TSJO OK
TSJZ OK
TSJL OK
TSZI OK
TSLI OK
TSLO OK
TSLZ OK
TSLJ OK
TZIO OK
TZIS OK
TZIJ OK
TZIL OK
TZOI OK
TZOS OK
TZOJ OK
TSOZ OK
TZOL OK
TZSJ OK
TZSI OK
TZJI OK
TZSL OK
TSZO OK
TZJL OK
TZJO OK
TZLI OK
TZLO OK
TZLJ OK
TJIO OK
TJIS OK
TZLS OK
TJIZ OK
TJIL OK
TJOI OK
TJOS OK
TJOZ OK
TJOL OK
TJSI OK
TJSO OK
TJSZ OK
TJSL OK
TJZI OK
TZJS OK
TJZO OK
TJZL OK
TJLI OK
TJLO OK
TZSO OK
TJLS OK
TJLZ OK
TLIO OK
TLIS OK
TLIZ OK
TLIJ OK
TLOI OK
TLOS OK
TLOZ OK
TLOJ OK
TLSI OK
TLSO OK
TLSZ OK
TLSJ OK
TLZI OK
TLZO OK
TLZJ OK
TLJI OK
TLJO OK
TLJS OK
TLJZ OK
TLZS OK
SIOT OK
TJZS OK
SITO OK
SIOJ OK
SIOZ OK
SITJ OK
SITZ OK
SITL OK
SIOL OK
SIZT OK
SIZO OK
SIJO OK
SIJT OK
SIZJ OK
SIJL OK
SIZL OK
SILT OK
SILJ OK
SOIT OK
SILO OK
SOIZ OK
SOIJ OK
SOTI OK
SOIL OK
SOTJ OK
SOTL OK
SOTZ OK
SOZT OK
SIJZ CAP
SOZI OK
SILZ CAP
SOJT OK
SOZJ OK
SOJL OK
SOJI OK
SOZL OK
SOLT OK
SOLJ OK
SOLI OK
STIO OK
STIJ OK
STIL OK
STIZ OK
STOI OK
STOJ OK
STOL OK
STZI OK
STOZ OK
STZJ OK
SOJZ CAP
STZL OK
STJI OK
STJO OK
STJZ OK
STJL OK
STLI OK
STLO OK
STLZ OK
STLJ OK
SZIT OK
SOLZ CAP
STZO OK
SZIO OK
SZOT OK
SZIJ OK
SZOI OK
SZIL OK
SZTI OK
SZTJ OK
SZTL OK
SZOJ OK
SZOL OK
SZTO OK
SZJL OK
SZJI OK
SZJT OK
SZLI OK
SZLJ OK
SZLT OK
SJIT OK
SJIO OK
SJIL OK
SZJO CAP
SZLO CAP
SJOI OK
SJOL OK
SJTI OK
SJTO OK
SJTZ OK
SJOT OK
SJTL OK
SJZI OK
SJIZ CAP
SJZL OK
SJLI OK
SJLO OK
SJLT OK
SJLZ OK
SJZT OK
SJOZ CAP
SLIO OK
SLIJ OK
SLIT OK
SJZO CAP
SLOI OK
SLOJ OK
SLOT OK
SLTI OK
SLTO OK
SLTZ OK
SLTJ OK
SLZI OK
SLIZ CAP
SLZJ OK
SLJI OK
SLJO OK
SLJT OK
SLJZ OK
SLOZ CAP
ZIOT OK
SLZT OK
ZIOJ OK
ZIOS OK
SLZO CAP
ZITO OK
ZITJ OK
ZITS OK
ZITL OK
ZIST OK
ZIOL OK
ZISO OK
ZIJT OK
ZIJO OK
ZIJL OK
ZISL OK
ZILT OK
ZILO OK
ZILJ OK
ZISJ CAP
ZOIT OK
ZOIJ OK
ZOIS OK
ZOTI OK
ZOTS OK
ZIJS CAP
ZOTJ OK
ZOTL OK
ZOST OK
ZILS CAP
ZOIL OK
ZOSI OK
ZOJT OK
ZOJI OK
ZOJL OK
ZOSL CAP
ZOSJ CAP
ZOLT OK
ZOLI OK
ZOLJ OK
ZTIO OK
ZTIS OK
ZTIJ OK
ZTIL OK
ZTOI OK
ZOJS CAP
ZTOS OK
ZTOJ OK
ZTOL OK
ZTSI OK
ZTSJ OK
ZTJI OK
ZTSL OK
ZTJO OK
ZTJL OK
ZTLI OK
ZTLO OK
ZTLS OK
ZTLJ OK
ZTJS OK
ZTSO OK
ZSIT OK
ZSIO OK
ZSIJ OK
ZSIL OK
ZOLS CAP
ZSOT OK
ZSTI OK
ZSOI OK
ZSTO OK
ZSTJ OK
ZSTL OK
ZSJI OK
ZSOL OK
ZSOJ CAP
ZSJL OK
ZSJT OK
ZSLT OK
ZSLI OK
ZSLJ OK
ZJIT OK
ZSJO CAP
ZJIL OK
ZJIO OK
ZJOT OK
ZSLO OK
ZJOL OK
ZJTI OK
ZJOI OK
ZJTO OK
ZJTL OK
ZJTS OK
ZJIS CAP
ZJST OK
ZJSL OK
ZJLI OK
ZJLO OK
ZJLT OK
ZJLS OK
ZJOS CAP
ZLIT OK
ZJSI CAP
ZLIO OK
ZLIJ OK
ZLOT OK
ZJSO CAP
ZLOJ OK
ZLTI OK
ZLTO OK
ZLOI OK
ZLTJ OK
ZLIS CAP
ZLTS OK
ZLOS CAP
ZLSJ OK
ZLJI OK
ZLJO OK
ZLJT OK
ZLJS OK
ZLST OK
JIOT OK
ZLSI CAP
JIOL OK
JITO OK
JITS OK
JITZ OK
JITL OK
ZLSO CAP
JIST OK
JIOS CAP
JISL OK
JIOZ CAP
JIZT OK
JISO CAP
JIZL OK
JILO OK
JILT OK
JILS OK
JILZ OK
JOIT OK
JISZ CAP
JIZO CAP
JOIL OK
JOTI OK
JOTS OK
JOTZ OK
JOTL OK
JIZS CAP
JOST OK
JOIS CAP
JOSL OK
JOSI OK
JOZT OK
JOIZ CAP
JOZL OK
JOLI OK
JOLT OK
JOLS OK
JOLZ OK
JTIO OK
JTIS OK
JTIZ OK
JTIL OK
JTOI OK
JTOS OK
JTOZ OK
JOZI OK
JTOL OK
JTSI OK
JOSZ CAP
JTSL OK
JTSO OK
JTZI OK
JTSZ OK
JTZO OK
JTZL OK
JTLI OK
JTLO OK
JTLS OK
JTLZ OK
JSIT OK
JOZS CAP
JTZS OK
JSIL OK
JSIO OK
JSOI OK
JSOL OK
JSTI OK
JSOT OK
JSTO OK
JSTL OK
JSIZ CAP
JSOZ CAP
JSZI OK
JSZL OK
JSLI OK
JSLO OK
JSLT OK
JSLZ OK
JSTZ CAP
JZIT OK
JSZT OK
JZIL OK
JSZO CAP
JZOT OK
JZIO OK
JZOL OK
JZTI OK
JZOI OK
JZTO OK
JZTL OK
JZIS CAP
JZTS OK
JZOS CAP
JZSL OK
JZLI OK
JZLO OK
JZLT OK
JZST OK
JLIO OK
JZLS OK
JLIT OK
JLIS OK
JLIZ OK
JLOI OK
JLOT OK
JLOS OK
JLOZ OK
JLTI OK
JLTO OK
JLTS OK
JLTZ OK
JLSI OK
JLSO OK
JLST OK
JLZI OK
JLZO OK
JLZT OK
JLSZ OK
JLZS OK
LIOT OK
JZSI CAP
LIOJ OK
LITO OK
JZSO CAP
LITS OK
LITJ OK
LITZ OK
LIST OK
LIOS CAP
LISJ OK
LIOZ CAP
LIZT OK
LISO CAP
LIZJ OK
LIJO OK
LIJT OK
LIJS OK
LIJZ OK
LOIT OK
LISZ CAP
LIZO CAP
LOIJ OK
LOTI OK
LOTS OK
LOTZ OK
LIZS CAP
LOTJ OK
LOST OK
LOIS CAP
LOSI OK
LOSJ OK
LOZT OK
LOIZ CAP
LOZJ OK
LOJI OK
LOJT OK
LOJS OK
LOJZ OK
LTIO OK
LTIS OK
LTIZ OK
LTIJ OK
LTOI OK
LTOS OK
LTOZ OK
LTOJ OK
LTSI OK
LTSO OK
LOZI OK
LTSJ OK
LTZI OK
LTZO OK
LOSZ CAP
LTZJ OK
LTSZ OK
LTZS OK
LTJI OK
LTJO OK
LTJS OK
LTJZ OK
LSIT OK
LSIJ OK
LOZS CAP
LSIO OK
LSOI OK
LSOJ OK
LSTI OK
LSOT OK
LSTO OK
LSTJ OK
LSIZ CAP
LSZI OK
LSTZ OK
LSZJ OK
LSJI OK
LSJO OK
LSJT OK
LSJZ OK
LSOZ CAP
LZIT OK
LSZT OK
LZIJ OK
LSZO CAP
LZIO OK
LZOT OK
LZOJ OK
LZTI OK
LZOI OK
LZTO OK
LZIS CAP
LZTJ OK
LZOS CAP
LZTS OK
LZSJ OK
LZJI OK
LZJO OK
LZJT OK
LZJS OK
LJIO OK
LJIT OK
LZST OK
LJIS OK
LJOI OK
LZSI CAP
LJIZ OK
LJOT OK
LJOS OK
LJOZ OK
LZSO CAP
LJTI OK
LJTO OK
LJTS OK
LJTZ OK
LJSO OK
LJST OK
LJSI OK
LJZO OK
LJZT OK
LJZI OK
LJZS OK
LJSZ OK
