IOTJ OK
IOTZ OK
IOTS OK
IOTL OK
IOST OK
IOSZ OK
IOSJ OK
IOSL OK
IOZJ OK
IOZL OK
IOJT OK
IOJS OK
IOJZ OK
IOJL OK
IOLT OK
IOLS OK
IOLZ OK
IOLJ OK
ITOS OK
IOZT OK
ITOJ OK
ITOZ OK
ITOL OK
ITSO OK
ITSJ OK
ITSL OK
ITZO OK
IOZS OK
ITZJ OK
ITZL OK
ITJO OK
ITJS OK
ITJZ OK
ITJL OK
ITLO OK
ITLS OK
ITLZ OK
ITLJ OK
ISOT OK
ISOZ OK
ISOJ OK
ISOL OK
ISTO OK
ISTZ OK
ISTJ OK
ISTL OK
ITSZ OK
ISZO OK
ISZJ OK
ISZL OK
ISJO OK
ISJT OK
ISJZ OK
ISJL OK
ISLO OK
ISLT OK
ISLZ OK
ISLJ OK
ISZT OK
ITZS OK
IZOJ OK
IZOL OK
IZTO OK
IZTS OK
IZOT OK
IZTJ OK
IZTL OK
IZOS OK
IZSJ OK
IZSL OK
IZJO OK
IZJT OK
IZST OK
IZJS OK
IZJL OK
IZLO OK
IZLT OK
IZLJ OK
IZLS OK
IJOT OK
IJOS OK
IJOZ OK
IJOL OK
IJTO OK
IZSO OK
IJTL OK
IJSO OK
IJTS OK
IJTZ OK
IJSL OK
IJZO OK
IJZT OK
IJST OK
IJZS OK
IJSZ OK
IJZL OK
IJLO OK
IJLT OK
IJLS OK
IJLZ OK
ILOT OK
ILOS OK
ILOZ OK
ILOJ OK
ILTO OK
ILTJ OK
ILTS OK
ILTZ OK
ILSO OK
ILST OK
ILSJ OK
ILSZ OK
ILZO OK
ILZT OK
ILZJ OK
ILZS OK
ILJO OK
ILJT OK
ILJS OK
ILJZ OK
OITS OK
OITJ OK
OITZ OK
OITL OK
OIST OK
OISZ OK
OISJ OK
OISL OK
OIZJ OK
OIZL OK
OIJT OK
OIJS OK
OIJZ OK
OIJL OK
OILT OK
OILS OK
OILZ OK
OILJ OK
OIZT OK
OTIS OK
OTIJ OK
OTIZ OK
OTIL OK
OTSI OK
OTSJ OK
OTSL OK
OTZI OK
OIZS OK
OTZJ OK
OTZL OK
OTJI OK
OTSZ OK
OTJS OK
OTJZ OK
OTJL OK
OTLI OK
OTLS OK
OTZS OK
OTLZ OK
OTLJ OK
OSIT OK
OSIJ OK
OSIZ OK
OSIL OK
OSTI OK
OSTL OK
OSTJ OK
OSZI OK
OSZJ OK
OSZL OK
OSJI OK
OSJT OK
OSJZ OK
OSJL OK
OSLI OK
OSLT OK
OSTZ OK
OSLZ OK
OSLJ OK
OSZT OK
OZIJ OK
OZIL OK
OZTI OK
OZIT OK
OZTJ OK
OZTL OK
OZIS OK
OZSI OK
OZSJ OK
OZTS OK
OZJI OK
OZJT OK
OZSL OK
OZJL OK
OZLI OK
OZJS OK
OZLT OK
OZLJ OK
OZLS OK
OJIT OK
OJIS OK
OZST OK
OJIZ OK
OJIL OK
OJTI OK
OJTL OK
OJSI OK
OJST OK
OJTS OK
OJTZ OK
OJSZ OK
OJSL OK
OJZI OK
OJZL OK
OJLI OK
OJZT OK
OJZS OK
OJLT OK
OJLS OK
OJLZ OK
OLIT OK
OLIS OK
OLIJ OK
OLIZ OK
OLTI OK
OLTS OK
OLTZ OK
OLTJ OK
OLSI OK
OLSJ OK
OLZI OK
OLST OK
OLSZ OK
OLZJ OK
OLJI OK
OLJT OK
OLZT OK
OLJS OK
OLJZ OK
TIOZ OK
TIOS OK
TIOJ OK
TIOL OK
TISO OK
TISJ OK
TISL OK
TIZO OK
OLZS OK
TIZJ OK
TISZ OK
TIZL OK
TIJO OK
TIJS OK
TIJZ OK
TIJL OK
TILO OK
TILS OK
TIZS OK
TILJ OK
TILZ OK
TOIS OK
TOIJ OK
TOIZ OK
TOIL OK
TOSI OK
TOSL OK
TOSJ OK
TOZI OK
TOZJ OK
TOZL OK
TOJI OK
TOJS OK
TOSZ OK
TOJL OK
TOLI OK
TOLS OK
TOZS OK
TOLJ OK
TOLZ OK
TOJZ OK
TSIO OK
TSIJ OK
TSIL OK
TSOI OK
TSOJ OK
TSOL OK
TSZI OK
TSIZ OK
TSZJ OK
TSOZ OK
TSJI OK
TSJO OK
TSZL OK
TSJL OK
TSZO OK
TSLI OK
TSJZ OK
TSLJ OK
TZIO OK
TSLO OK
TSLZ OK
TZIJ OK
TZIL OK
TZOI OK
TZOJ OK
TZOL OK
TZIS OK
TZSI OK
TZSJ OK
TZOS OK
TZJI OK
TZSL OK
TZJO OK
TZJS OK
TZSO OK
TZJL OK
TZLI OK
TZLJ OK
TZLO OK
TJIO OK
TJIS OK
TJIZ OK
TJIL OK
TJOI OK
TZLS OK
TJOL OK
TJSI OK
TJOS OK
TJOZ OK
TJSL OK
TJZI OK
TJSO OK
TJSZ OK
TJZO OK
TJZS OK
TJLI OK
TJZL OK
TJLO OK
TLIO OK
TJLZ OK
TJLS OK
TLIJ OK
TLIS OK
TLIZ OK
TLOI OK
TLOS OK
TLOZ OK
TLOJ OK
TLSI OK
TLSJ OK
TLZI OK
TLSO OK
TLSZ OK
TLZJ OK
TLJI OK
TLZO OK
TLJO OK
TLJS OK
TLJZ OK
SIOT OK
SIOZ OK
SIOJ OK
SIOL OK
SITO OK
SITJ OK
SITZ OK
SITL OK
SIZO OK
SIZJ OK
SIZL OK
SIJO OK
SIJT OK
TLZS OK
SIJZ OK
SIJL OK
SILO OK
SILT OK
SILZ OK
SILJ OK
SOIT OK
SOIZ OK
SOIJ OK
SOIL OK
SOTI OK
SIZT OK
SOTJ OK
SOTL OK
SOZI OK
SOZJ OK
SOZL OK
SOJI OK
SOJT OK
SOJZ OK
SOJL OK
SOLI OK
SOLT OK
SOLZ OK
SOLJ OK
SOTZ OK
STIO OK
STIJ OK
STIZ OK
SOZT OK
STIL OK
STOI OK
STOJ OK
STOL OK
STZI OK
STZJ OK
STZL OK
STJI OK
STJO OK
STOZ OK
STJZ OK
STLI OK
STJL OK
STZO OK
STLJ OK
SZIO OK
STLO OK
STLZ OK
SZIJ OK
SZIL OK
SZOI OK
SZOJ OK
SZIT OK
SZOL OK
SZTI OK
SZTJ OK
SZTL OK
SZJI OK
SZJO OK
SZJT OK
SZJL OK
SZLI OK
SZOT OK
SZLO OK
SZLT OK
SZLJ OK
SJIO OK
SJIT OK
SJIZ OK
SJIL OK
SJOI OK
SJOT OK
SZTO OK
SJOZ OK
SJOL OK
SJTI OK
SJTO OK
SJTZ OK
SJZI OK
SJTL OK
SJZO OK
SJZT OK
SJZL OK
SJLI OK
SJLO OK
SLIO OK
SJLT OK
SJLZ OK
SLIT OK
SLIZ OK
SLIJ OK
SLOI OK
SLOJ OK
SLTI OK
SLOT OK
SLOZ OK
SLTO OK
SLTJ OK
SLZI OK
SLTZ OK
SLZJ OK
SLJI OK
SLZO OK
SLZT OK
SLJO OK
SLJT OK
SLJZ OK
ZIOJ OK
ZIOL OK
ZITO OK
ZITS OK
ZITJ OK
ZITL OK
ZISO OK
ZIOT OK
ZISJ OK
ZIST OK
ZISL OK
ZIJO OK
ZIJT OK
ZIJS OK
ZIJL OK
ZILO OK
ZILT OK
ZILJ OK
ZILS OK
ZIOS OK
ZOIJ OK
ZOIL OK
ZOTI OK
ZOIT OK
ZOTJ OK
ZOTL OK
ZOSI OK
ZOIS OK
ZOSJ OK
ZOSL OK
ZOJI OK
ZOJT OK
ZOTS OK
ZOJL OK
ZOLI OK
ZOST OK
ZOJS OK
ZOLJ OK
ZOLT OK
ZTIO OK
ZTIS OK
ZTIJ OK
ZTIL OK
ZTOI OK
ZTOJ OK
ZOLS OK
ZTOL OK
ZTSI OK
ZTSJ OK
ZTSL OK
ZTJI OK
ZTJO OK
ZTJS OK
ZTJL OK
ZTLI OK
ZTOS OK
ZTLS OK
ZTLO OK
ZTSO OK
ZTLJ OK
ZSIJ OK
ZSIO OK
ZSIL OK
ZSIT OK
ZSOI OK
ZSOJ OK
ZSTI OK
ZSOL OK
ZSTJ OK
ZSTL OK
ZSJI OK
ZSJO OK
ZSJT OK
ZSJL OK
ZSLI OK
ZSOT OK
ZSLO OK
ZSLT OK
ZSLJ OK
ZJIO OK
ZJIT OK
ZJIS OK
ZJIL OK
ZJOI OK
ZSTO OK
ZJOT OK
ZJOL OK
ZJTI OK
ZJOS OK
ZJTO OK
ZJTS OK
ZJSI OK
ZJTL OK
ZJST OK
ZJSL OK
ZJSO OK
ZJLI OK
ZJLO OK
ZLIO OK
ZJLT OK
ZJLS OK
ZLIJ OK
ZLIT OK
ZLIS OK
ZLOI OK
ZLOT OK
ZLOJ OK
ZLTI OK
ZLTO OK
ZLTS OK
ZLTJ OK
ZLSI OK
ZLST OK
ZLOS OK
ZLSJ OK
ZLJI OK
ZLJO OK
ZLJT OK
ZLSO OK
ZLJS OK
JIOT OK
JIOS OK
JIOZ OK
JIOL OK
JITO OK
JITL OK
JISO OK
JITZ OK
JITS OK
JISL OK
JIZO OK
JIZT OK
JIST OK
JISZ OK
JIZS OK
JIZL OK
JILO OK
JILT OK
JILS OK
JILZ OK
JOIT OK
JOIS OK
JOIZ OK
JOIL OK
JOTI OK
JOTL OK
JOSI OK
JOST OK
JOTS OK
JOTZ OK
JOZI OK
JOSL OK
JOSZ OK
JOZL OK
JOLI OK
JOZT OK
JOZS OK
JOLT OK
JOLS OK
JTIO OK
JOLZ OK
JTIL OK
JTOI OK
JTIS OK
JTIZ OK
JTOL OK
JTSI OK
JTOS OK
JTOZ OK
JTSL OK
JTSO OK
JTZI OK
JTSZ OK
JTZO OK
JTZS OK
JTLI OK
JTZL OK
JTLO OK
JSIO OK
JTLS OK
JTLZ OK
JSIL OK
JSOI OK
JSIT OK
JSIZ OK
JSOL OK
JSOT OK
JSOZ OK
JSTI OK
JSTO OK
JSTL OK
JSZI OK
JSTZ OK
JSZO OK
JSLI OK
JSZT OK
JSZL OK
JSLO OK
JZIO OK
JSLT OK
JSLZ OK
JZIT OK
JZIL OK
JZIS OK
JZOI OK
JZOL OK
JZTI OK
JZOS OK
JZOT OK
JZTL OK
JZTO OK
JZSI OK
JZTS OK
JZSL OK
JZSO OK
JZLI OK
JZST OK
JZLO OK
JZLT OK
JLIO OK
JZLS OK
JLIT OK
JLIS OK
JLIZ OK
JLOI OK
JLOT OK
JLOS OK
JLOZ OK
JLTI OK
JLTO OK
JLSI OK
JLTS OK
JLTZ OK
JLSO OK
JLZI OK
JLST OK
JLZO OK
JLSZ OK
LIOT OK
LIOS OK
LIOZ OK
LIOJ OK
JLZT OK
LITO OK
LITS OK
LITZ OK
LITJ OK
LISO OK
LIST OK
LISZ OK
LISJ OK
LIZO OK
LIZT OK
LIZS OK
LIZJ OK
LIJO OK
LIJT OK
LIJS OK
LIJZ OK
LOIT OK
LOIS OK
LOIZ OK
LOIJ OK
LOTI OK
LOTS OK
LOTZ OK
LOTJ OK
LOSI OK
LOST OK
LOSZ OK
LOSJ OK
LOZI OK
LOZT OK
LOZJ OK
LOJI OK
LOJT OK
LOJS OK
LOJZ OK
LTIO OK
LTIS OK
LTIZ OK
LTIJ OK
LTOI OK
LTOS OK
LOZS OK
LTOZ OK
LTOJ OK
LTSI OK
LTSO OK
LTSZ OK
LTSJ OK
LTZI OK
JLZS OK
LTZJ OK
LTJI OK
LTJO OK
LTJS OK
LTJZ OK
LTZO OK
LSIO OK
LSIT OK
LSIZ OK
LSIJ OK
LSOI OK
LTZS OK
LSOJ OK
LSTI OK
LSOT OK
LSOZ OK
LSTJ OK
LSZI OK
LSTO OK
LSTZ OK
LSZJ OK
LSJI OK
LSZO OK
LSJO OK
LSJT OK
LSJZ OK
LSZT OK
LZIO OK
LZIJ OK
LZIT OK
LZIS OK
LZOI OK
LZOJ OK
LZTI OK
LZOT OK
LZOS OK
LZTO OK
LZTJ OK
LZSI OK
LZTS OK
LZSJ OK
LZJI OK
LZSO OK
LZJO OK
LZST OK
LJIO OK
LZJS OK
LZJT OK
LJIT OK
LJIS OK
LJIZ OK
LJOI OK
LJOT OK
LJOS OK
LJOZ OK
LJTI OK
LJTO OK
LJSI OK
LJTS OK
LJTZ OK
LJSO OK
LJZI OK
LJST OK
LJZO OK
LJSZ OK
LJZT OK
LJZS OK
