IOTL OK
IOTJ OK
IOTS OK
IOTZ OK
IOSL OK
IOSJ OK
IOST OK
IOZJ OK
IOZL OK
IOJT OK
IOZT OK
IOSZ OK
IOJL OK
IOJS OK
IOJZ OK
IOLT OK
IOLS OK
IOLZ OK
IOLJ OK
ITOJ OK
IOZS OK
ITOL OK
ITOS OK
ITOZ OK
ITSJ OK
ITSL OK
ITSO OK
ITZJ OK
ITZL OK
ITJO OK
ITZO OK
ITJS OK
ITJZ OK
ITJL OK
ITLO OK
ITSZ OK
ITLS OK
ITLZ OK
ITLJ OK
ISOJ OK
ITZS OK
ISOL OK
ISOT OK
ISTJ OK
ISTZ OK
ISTO OK
ISOZ OK
ISTL OK
ISZT OK
ISZJ OK
ISZL OK
ISJO OK
ISJL OK
ISJT OK
ISJZ OK
ISLO OK
ISLJ OK
ISLT OK
ISZO OK
ISLZ OK
IZOJ OK
IZOL OK
IZOT OK
IZTJ OK
IZTO OK
IZTL OK
IZOS OK
IZST OK
IZSL OK
IZSJ OK
IZJO OK
IZJT OK
IZJL OK
IZJS OK
IZLO OK
IZLT OK
IZTS OK
IZLS OK
IZLJ OK
IZSO OK
IJOT OK
IJOS OK
IJOZ OK
IJOL OK
IJTO OK
IJTL OK
IJTS OK
IJTZ OK
IJSO OK
IJSL OK
IJST OK
IJZO OK
IJSZ OK
IJZL OK
IJLO OK
IJLT OK
IJZT OK
IJLS OK
IJLZ OK
IJZS OK
ILOT OK
ILOS OK
ILOJ OK
ILOZ OK
ILTO OK
ILTJ OK
ILSO OK
ILTS OK
ILTZ OK
ILSJ OK
ILST OK
ILZO OK
ILZJ OK
ILZT OK
ILJO OK
ILSZ OK
ILJT OK
ILJS OK
ILJZ OK
OITJ OK
OITS OK
OITL OK
OITZ OK
OISJ OK
OISL OK
ILZS OK
OIST OK
OIZJ OK
OIZL OK
OIZT OK
OIJT OK
OISZ OK
OIJS OK
OIJL OK
OILT OK
OIJZ OK
OILS OK
OILZ OK
OILJ OK
OTIJ OK
OTIL OK
OTIZ OK
OTIS OK
OTSJ OK
OIZS OK
OTSL OK
OTSI OK
OTZJ OK
OTZI OK
OTZL OK
OTJI OK
OTJS OK
OTJZ OK
OTJL OK
OTLI OK
OTLS OK
OTLZ OK
OTLJ OK
OSIT OK
OSIJ OK
OSIL OK
OSTI OK
OSTZ OK
OSTJ OK
OSIZ OK
OSTL OK
OSZT OK
OSZJ OK
OSZL OK
OSJI OK
OSJT OK
OSZI OK
OSJZ OK
OSJL OK
OSLI OK
OSLT OK
OSLZ OK
OSLJ OK
OTSZ OK
OZIJ OK
OTZS OK
OZIL OK
OZIT OK
OZIS OK
OZTI OK
OZTJ OK
OZTL OK
OZSJ OK
OZST OK
OZSL OK
OZJI OK
OZJT OK
OZJS OK
OZLI OK
OZJL OK
OZSI OK
OZLJ OK
OZLT OK
OZLS OK
OJIT OK
OJIS OK
OJIZ OK
OJIL OK
OZTS OK
OJTI OK
OJTL OK
OJSI OK
OJTS OK
OJTZ OK
OJST OK
OJSL OK
OJSZ OK
OJZI OK
OJZL OK
OJLI OK
OJLT OK
OJLS OK
OJZT OK
OJLZ OK
OLIS OK
OLIT OK
OJZS OK
OLIZ OK
OLIJ OK
OLTI OK
OLTJ OK
OLSI OK
OLTS OK
OLTZ OK
OLST OK
OLSZ OK
OLSJ OK
OLZI OK
OLZJ OK
OLJI OK
OLJT OK
OLJS OK
OLJZ OK
OLZT OK
TIOJ OK
TIOL OK
TIOS OK
TIOZ OK
TISJ OK
TISL OK
TISO OK
TISZ OK
TIZJ OK
TIZL OK
OLZS OK
TIJO OK
TIZO OK
TIJS OK
TIJZ OK
TIJL OK
TILO OK
TILS OK
TILZ OK
TILJ OK
TOIJ OK
TOIL OK
TIZS OK
TOIS OK
TOIZ OK
TOSJ OK
TOSL OK
TOSI OK
TOZJ OK
TOZL OK
TOJI OK
TOZI OK
TOJS OK
TOJZ OK
TOJL OK
TOLI OK
TOLS OK
TOLZ OK
TOLJ OK
TSIZ OK
TSIO OK
TSIJ OK
TSIL OK
TOSZ OK
TSOI OK
TSOJ OK
TSOL OK
TOZS OK
TSZI OK
TSZL OK
TSZJ OK
TSJI OK
TSZO OK
TSJO OK
TSOZ OK
TSJL OK
TSLI OK
TSLO OK
TSLZ OK
TSLJ OK
TZIJ OK
TSJZ OK
TZIL OK
TZIO OK
TZOJ OK
TZOL OK
TZOI OK
TZIS OK
TZSI OK
TZSO OK
TZJI OK
TZSJ OK
TZJO OK
TZSL OK
TZJL OK
TZLI OK
TZLO OK
TZLJ OK
TZJS OK
TJIO OK
TJIS OK
TJIZ OK
TJIL OK
TJOI OK
TJOS OK
TZLS OK
TJOZ OK
TJOL OK
TJSI OK
TJSO OK
TJSL OK
TJZI OK
TJZO OK
TJZL OK
TJLI OK
TJSZ OK
TJLO OK
TJLS OK
TJLZ OK
TLIO OK
TJZS OK
TZOS OK
TLIS OK
TLIJ OK
TLIZ OK
TLOI OK
TLOS OK
TLOZ OK
TLOJ OK
TLSI OK
TLSO OK
TLSJ OK
TLSZ OK
TLZI OK
TLZO OK
TLZJ OK
TLJI OK
TLJO OK
TLJS OK
TLJZ OK
SIOT OK
SIOJ OK
SIOL OK
TLZS OK
SITJ OK
SITO OK
SITZ OK
SITL OK
SIZO OK
SIZT OK
SIZJ OK
SIJO OK
SIZL OK
SIOZ OK
SIJL OK
SIJT OK
SIJZ OK
SILO OK
SILJ OK
SILT OK
SOIT OK
SILZ OK
SOIJ OK
SOIL OK
SOTI OK
SOTZ OK
SOTJ OK
SOTL OK
SOZT OK
SOZJ OK
SOZI OK
SOZL OK
SOJI OK
SOJT OK
SOJL OK
SOJZ OK
SOLI OK
SOLT OK
SOLJ OK
SOIZ OK
SOLZ OK
STIL OK
STIJ OK
STIO OK
STOI OK
STOZ OK
STIZ OK
STOL OK
STOJ OK
STZL OK
STZI OK
STJI OK
STZJ OK
STJL OK
STJO OK
STLI OK
STLO OK
STLJ OK
STLZ OK
STJZ OK
SZIO OK
SZIT OK
SZIJ OK
SZOT OK
SZIL OK
SZOI OK
SZOJ OK
SZOL OK
SZTI OK
SZTJ OK
SZTO OK
SZTL OK
STZO OK
SZJO OK
SZJL OK
SZJI OK
SZJT OK
SZLO OK
SZLJ OK
SZLI OK
SZLT OK
SJIO OK
SJIL OK
SJIT OK
SJOI OK
SJIZ OK
SJOL OK
SJOT OK
SJTI OK
SJOZ OK
SJTL OK
SJTO OK
SJZI OK
SJZO OK
SJZL OK
SJLI OK
SJTZ OK
SJZT OK
SJLO OK
SJLT OK
SJLZ OK
SLIJ OK
SLIO OK
SLOI OK
SLIT OK
SLIZ OK
SLOT OK
SLOJ OK
SLOZ OK
SLTO OK
SLTI OK
SLTJ OK
SLTZ OK
SLZO OK
SLZJ OK
SLJI OK
SLJO OK
SLZI OK
SLZT OK
SLJT OK
SLJZ OK
ZIOJ OK
ZIOL OK
ZIOT OK
ZITO OK
ZITJ OK
ZITS OK
ZITL OK
ZIST OK
ZISO OK
ZISJ OK
ZIJO OK
ZIOS OK
ZIJL OK
ZISL OK
ZIJT OK
ZIJS OK
ZILT OK
ZILO OK
ZILJ OK
ZILS OK
ZOIJ OK
ZOIL OK
ZOTI OK
ZOTJ OK
ZOTL OK
ZOIT OK
ZOIS OK
ZOSJ OK
ZOST OK
ZOSL OK
ZOJI OK
ZOJT OK
ZOJS OK
ZOJL OK
ZOLT OK
ZOLI OK
ZOLJ OK
ZOSI OK
ZOTS OK
ZTIO OK
ZTIS OK
ZOLS OK
ZTIJ OK
ZTIL OK
ZTOJ OK
ZTOL OK
ZTOI OK
ZTSI OK
ZTSJ OK
ZTSO OK
ZTSL OK
ZTJI OK
ZTJL OK
ZTJO OK
ZTJS OK
ZTLI OK
ZTLO OK
ZTLS OK
ZTLJ OK
ZSIO OK
ZSIT OK
ZSIJ OK
ZSIL OK
ZSOI OK
ZSOJ OK
ZSOT OK
ZSOL OK
ZSTI OK
ZSTJ OK
ZSTL OK
ZSTO OK
ZSJO OK
ZSJT OK
ZSJI OK
ZSJL OK
ZTOS OK
ZSLJ OK
ZSLT OK
ZSLI OK
ZSLO OK
ZJIO OK
ZJIL OK
ZJOI OK
ZJIT OK
ZJOT OK
ZJOL OK
ZJIS OK
ZJOS OK
ZJTL OK
ZJTO OK
ZJTI OK
ZJTS OK
ZJSL OK
ZJSO OK
ZJLI OK
ZJST OK
ZJSI OK
ZJLO OK
ZJLT OK
ZJLS OK
ZLIJ OK
ZLIT OK
ZLIO OK
ZLOT OK
ZLIS OK
ZLOI OK
ZLOJ OK
ZLTI OK
ZLOS OK
ZLTO OK
ZLTJ OK
ZLTS OK
ZLSJ OK
ZLSI OK
ZLST OK
ZLSO OK
ZLJI OK
ZLJO OK
ZLJT OK
ZLJS OK
JIOL OK
JIOT OK
JIOS OK
JIOZ OK
JITL OK
JITO OK
JITS OK
JITZ OK
JISO OK
JISL OK
JIST OK
JIZO OK
JISZ OK
JIZL OK
JILO OK
JILT OK
JILS OK
JILZ OK
JIZT OK
JOIT OK
JOIS OK
JOIZ OK
JIZS OK
JOIL OK
JOTL OK
JOTI OK
JOSI OK
JOST OK
JOTS OK
JOTZ OK
JOSL OK
JOSZ OK
JOZI OK
JOLI OK
JOZL OK
JOLT OK
JOLS OK
JOZT OK
JOLZ OK
JOZS OK
JTIO OK
JTIS OK
JTIL OK
JTIZ OK
JTOI OK
JTOL OK
JTSI OK
JTOS OK
JTOZ OK
JTSL OK
JTSO OK
JTZI OK
JTZL OK
JTSZ OK
JTLI OK
JTLO OK
JTZO OK
JTZS OK
JTLS OK
JTLZ OK
JSIO OK
JSIL OK
JSIT OK
JSOI OK
JSIZ OK
JSOT OK
JSOL OK
JSOZ OK
JSTI OK
JSTL OK
JSTO OK
JSZO OK
JSZI OK
JSZL OK
JSLI OK
JSZT OK
JSLO OK
JSLT OK
JSLZ OK
JZIO OK
JZIL OK
JZOI OK
JZIT OK
JZIS OK
JSTZ OK
JZOL OK
JZTI OK
JZOT OK
JZOS OK
JZTL OK
JZTO OK
JZTS OK
JZSI OK
JZLI OK
JZSL OK
JZST OK
JZLO OK
JZLT OK
JZSO OK
JZLS OK
JLIO OK
JLIS OK
JLIT OK
JLIZ OK
JLOI OK
JLOT OK
JLOS OK
JLOZ OK
JLTI OK
JLTO OK
JLTS OK
JLSI OK
JLTZ OK
JLSO OK
JLST OK
JLSZ OK
JLZI OK
JLZO OK
JLZT OK
LIOT OK
LIOS OK
LIOJ OK
LIOZ OK
LITO OK
LITJ OK
LISO OK
LITS OK
LITZ OK
JLZS OK
LISJ OK
LIZO OK
LIST OK
LIZJ OK
LIZT OK
LISZ OK
LIJO OK
LIJT OK
LIJZ OK
LIJS OK
LOIT OK
LOIS OK
LOIZ OK
LOIJ OK
LOTI OK
LOTJ OK
LOSI OK
LOTS OK
LOTZ OK
LIZS OK
LOSJ OK
LOZI OK
LOSZ OK
LOST OK
LOZJ OK
LOJI OK
LOJT OK
LOJS OK
LOJZ OK
LTIO OK
LOZT OK
LTIS OK
LTIJ OK
LTIZ OK
LTOI OK
LTOS OK
LTOJ OK
LTOZ OK
LTSO OK
LTSJ OK
LTSI OK
LTZO OK
LTZI OK
LTSZ OK
LTJI OK
LTZJ OK
LTJO OK
LTJS OK
LTJZ OK
LSIO OK
LTZS OK
LSIJ OK
LSIT OK
LSOI OK
LSIZ OK
LSOT OK
LSOJ OK
LSOZ OK
LOZS OK
LSTO OK
LSTJ OK
LSTI OK
LSZO OK
LSZJ OK
LSJI OK
LSZI OK
LSJO OK
LSJT OK
LSJZ OK
LSTZ OK
LZIO OK
LZIT OK
LSZT OK
LZIJ OK
LZIS OK
LZOI OK
LZOJ OK
LZTI OK
LZOT OK
LZOS OK
LZTJ OK
LZSI OK
LZSO OK
LZSJ OK
LZJI OK
LZST OK
LZJO OK
LZJT OK
LZTO OK
LZJS OK
LJIO OK
LJIT OK
LJIS OK
LJIZ OK
LJOI OK
LZTS OK
LJOT OK
LJOS OK
LJOZ OK
LJTI OK
LJTO OK
LJSI OK
LJSO OK
LJTS OK
LJTZ OK
LJST OK
LJSZ OK
LJZI OK
LJZO OK
LJZT OK
LJZS OK
