IOTL OK
IOTJ OK
IOTS OK
IOTZ OK
IOSL OK
IOSJ OK
IOZT OK
IOZS OK
IOZJ OK
IOZL OK
IOJT OK
IOJS OK
IOJL OK
IOJZ OK
IOLS OK
IOLT OK
IOLZ OK
IOLJ OK
ITOS OK
ITOZ OK
ITOL OK
ITOJ OK
IOST OK
ITSO OK
ITSJ OK
ITSL OK
ITZO OK
ITZJ OK
ITZL OK
ITJO OK
ITJS OK
ITJZ OK
ITJL OK
ITLO OK
ITLS OK
ITLZ OK
ITLJ OK
ISOT OK
ITZS OK
ISOJ OK
IOSZ CAP
ISOL OK
ISTO OK
ISTZ OK
ISTL OK
ISTJ OK
ISZT OK
ITSZ OK
ISZL OK
ISZJ OK
ISJO OK
ISJT OK
ISJZ OK
ISJL OK
ISLO OK
ISLT OK
ISLZ OK
ISLJ OK
IZOT OK
IZOS OK
IZOJ OK
IZOL OK
IZTO OK
IZTJ OK
IZTL OK
IZSO OK
ISOZ CAP
IZSJ OK
IZSL OK
IZJO OK
IZJT OK
IZJS OK
IZJL OK
IZLO OK
IZLT OK
IZTS OK
IZLJ OK
IJOT OK
IJOS OK
IZLS OK
ISZO CAP
IJOZ OK
IJOL OK
IJTO OK
IJTS OK
IJTL OK
IJTZ OK
IJSO OK
IJSL OK
IJST OK
IJZO OK
IJSZ OK
IJZL OK
IJLO OK
IJZT OK
IJLT OK
IJZS OK
IZST OK
IJLS OK
IJLZ OK
ILOT OK
ILOS OK
ILOJ OK
ILOZ OK
ILTO OK
ILTJ OK
ILSO OK
ILTS OK
ILTZ OK
ILSJ OK
ILSZ OK
ILST OK
ILZO OK
ILZJ OK
ILJO OK
ILJT OK
ILZT OK
ILJS OK
ILJZ OK
OITJ OK
ILZS OK
OITL OK
OITZ OK
OITS OK
OISL OK
OISJ OK
OIZT OK
OIZS OK
OIZL OK
OIZJ OK
OIJS OK
OIJT OK
OIJL OK
OIJZ OK
OILT OK
OILS OK
OILJ OK
OILZ OK
OTIS OK
OTIZ OK
OTIJ OK
OTIL OK
OIST OK
OTSI OK
OTSZ OK
OTSJ OK
OTSL OK
OTZJ OK
OTZL OK
OTZI OK
OTJI OK
OTZS OK
OTJL OK
OTJS OK
OTJZ OK
OTLI OK
OTLZ OK
OTLS OK
OTLJ OK
OSIJ OK
OSIL OK
OSIT OK
OSTI OK
OSTJ OK
OSTL OK
OSTZ OK
OSZI OK
OSZJ OK
OSZL OK
OSJI OK
OSJT OK
OSZT OK
OISZ CAP
OSJZ OK
OSJL OK
OSLI OK
OSLT OK
OSLJ OK
OSLZ OK
OZIJ OK
OZIT OK
OZIL OK
OZIS OK
OSIZ OK
OZTL OK
OZTJ OK
OZTI OK
OZSJ OK
OZSI OK
OZSL OK
OZJI OK
OZJT OK
OZJL OK
OZLI OK
OZLT OK
OZJS OK
OZLS OK
OZLJ OK
OJIT OK
OJIS OK
OJIZ OK
OJIL OK
OJTI OK
OJTS OK
OJTZ OK
OJTL OK
OJSI OK
OJST OK
OJSZ OK
OJSL OK
OJZI OK
OJZT OK
OJZL OK
OJZS OK
OJLI OK
OZST OK
OJLT OK
OJLS OK
OJLZ OK
OLIT OK
OLIS OK
OLIZ OK
OLIJ OK
OLTI OK
OLTS OK
OLTZ OK
OLTJ OK
OLSI OK
OLST OK
OLSJ OK
OLZI OK
OLZT OK
OLSZ OK
OZTS OK
OLJI OK
OLZJ OK
OLJT OK
OLJS OK
OLJZ OK
TIOJ OK
OLZS OK
TIOL OK
TISO OK
TIOS OK
TISJ OK
TIOZ OK
TISL OK
TIZJ OK
TIZL OK
TIZO OK
TIJO OK
TIJS OK
TIJZ OK
TIJL OK
TILO OK
TILS OK
TILZ OK
TILJ OK
TIZS OK
TOIJ OK
TOIL OK
TOIS OK
TOIZ OK
TOSI OK
TOSZ OK
TOSJ OK
TISZ OK
TOSL OK
TOZL OK
TOZJ OK
TOJI OK
TOZI OK
TOJS OK
TOZS OK
TOJZ OK
TOJL OK
TOLI OK
TOLS OK
TOLZ OK
TOLJ OK
TSIO OK
TSIJ OK
TSIL OK
TSOI OK
TSOZ OK
TSOJ OK
TSOL OK
TSZO OK
TSZL OK
TSZJ OK
TSJI OK
TSJO OK
TSIZ OK
TSJL OK
TSLI OK
TSLO OK
TSJZ OK
TSLJ OK
TSZI OK
TZIO OK
TZIJ OK
TZIL OK
TSLZ OK
TZOI OK
TZOS OK
TZOJ OK
TZOL OK
TZIS OK
TZSO OK
TZSL OK
TZJI OK
TZSJ OK
TZJL OK
TZJO OK
TZLI OK
TZLO OK
TZLS OK
TZLJ OK
TZJS OK
TJIO OK
TJIS OK
TJIZ OK
TJIL OK
TJOI OK
TJOL OK
TJOS OK
TJOZ OK
TZSI OK
TJSI OK
TJSL OK
TJSO OK
TJZI OK
TJZL OK
TJZO OK
TJLI OK
TJSZ OK
TJLS OK
TJLO OK
TJLZ OK
TLIO OK
TLIS OK
TLIZ OK
TJZS OK
TLIJ OK
TLOI OK
TLOS OK
TLOJ OK
TLOZ OK
TLSO OK
TLSJ OK
TLSI OK
TLZI OK
TLZO OK
TLZS OK
TLZJ OK
TLJI OK
TLJO OK
TLJS OK
TLJZ OK
SIOJ OK
SIOL OK
SIOT OK
SITO OK
SITJ OK
SITL OK
SITZ OK
TLSZ OK
SIZJ OK
SIZT OK
SIZL OK
SIJO OK
SIJT OK
SIJL OK
SIJZ OK
SILO OK
SILT OK
SILJ OK
SILZ OK
SOIT OK
SOIJ OK
SOIL OK
SIOZ OK
SOTI OK
SOTJ OK
SOTL OK
SOTZ OK
SOZI OK
SIZO OK
SOZJ OK
SOJI OK
SOZL OK
SOZT OK
SOJT OK
SOJZ OK
SOJL OK
SOLI OK
SOLT OK
SOLJ OK
STIO OK
SOLZ OK
STIJ OK
STIL OK
STOI OK
STOZ OK
STOJ OK
STOL OK
SOIZ OK
STZO OK
STIZ OK
STZJ OK
STJI OK
STJO OK
STJL OK
STZL OK
STLI OK
STLO OK
STJZ OK
STLJ OK
STLZ OK
SZIJ OK
SZIO OK
SZIL OK
SZIT OK
STZI OK
SZOI OK
SZOJ OK
SZOL OK
SZOT OK
SZTJ OK
SZJI OK
SZJO OK
SZTL OK
SZJL OK
SZJT OK
SZLI OK
SZTI OK
SZLO OK
SJIO OK
SZLJ OK
SJIT OK
SJIZ OK
SJIL OK
SJOI OK
SZLT OK
SJOT OK
SJOZ OK
SJOL OK
SJTI OK
SJTO OK
SJTL OK
SJZI OK
SJTZ OK
SJZO OK
SJZL OK
SJLI OK
SJLO OK
SJLT OK
SJZT OK
SLIO OK
SJLZ OK
SLIT OK
SLIJ OK
SLIZ OK
SLOI OK
SLOT OK
SLOJ OK
SLOZ OK
SLTI OK
SZTO OK
SLTJ OK
SLZI OK
SLTO OK
SLTZ OK
SLZJ OK
SLJI OK
SLZO OK
SLZT OK
SLJO OK
SLJT OK
SLJZ OK
ZIOJ OK
ZIOL OK
ZIOT OK
ZIOS OK
ZITO OK
ZITL OK
ZITJ OK
ZISJ OK
ZISL OK
ZISO OK
ZIJO OK
ZITS OK
ZIJL OK
ZIJT OK
ZIJS OK
ZILO OK
ZILT OK
ZILJ OK
ZILS OK
ZOIJ OK
ZOIL OK
ZOIT OK
ZOIS OK
ZOTJ OK
ZOTI OK
ZOTL OK
ZOSI OK
ZOSJ OK
ZOSL OK
ZOJI OK
ZOJT OK
ZOJS OK
ZOJL OK
ZIST OK
ZOLI OK
ZOLT OK
ZOLS OK
ZOLJ OK
ZTIO OK
ZTIJ OK
ZTIL OK
ZTIS OK
ZTOI OK
ZTOJ OK
ZTOL OK
ZTOS OK
ZOTS OK
ZOST OK
ZTSO OK
ZTSL OK
ZTJI OK
ZTJO OK
ZTSJ OK
ZTJL OK
ZTLI OK
ZTLO OK
ZTLS OK
ZTJS OK
ZTLJ OK
ZSIJ OK
ZTSI OK
ZSIL OK
ZSIO OK
ZSOJ OK
ZSOI OK
ZSIT OK
ZSOL OK
ZSTJ OK
ZSTL OK
ZSJI OK
ZSJO OK
ZSJT OK
ZSJL OK
ZSLI OK
ZSTI OK
ZSLO OK
ZSLJ OK
ZJIO OK
ZSLT OK
ZJIT OK
ZJIL OK
ZJIS OK
ZJOI OK
ZJOT OK
ZJOL OK
ZJTI OK
ZJOS OK
ZJTO OK
ZJTL OK
ZJSI OK
ZJSO OK
ZJTS OK
ZJST OK
ZJSL OK
ZJLI OK
ZJLO OK
ZJLT OK
ZJLS OK
ZSOT OK
ZLIT OK
ZLIO OK
ZLIJ OK
ZLIS OK
ZLOI OK
ZLOT OK
ZLOS OK
ZLOJ OK
ZSTO OK
ZLTI OK
ZLTS OK
ZLTO OK
ZLTJ OK
ZLSJ OK
ZLJI OK
ZLSI OK
ZLST OK
ZLJO OK
ZLJT OK
ZLJS OK
ZLSO OK
JIOT OK
JIOS OK
JIOL OK
JIOZ OK
JITO OK
JITS OK
JITL OK
JITZ OK
JISO OK
JISL OK
JIZO OK
JISZ OK
JIST OK
JILO OK
JIZL OK
JIZT OK
JILT OK
JILS OK
JIZS OK
JILZ OK
JOIZ OK
JOIT OK
JOIS OK
JOIL OK
JOTI OK
JOTL OK
JOSI OK
JOTS OK
JOTZ OK
JOZI OK
JOSL OK
JOST OK
JOSZ OK
JOZL OK
JOZT OK
JOLI OK
JOLT OK
JOLS OK
JOZS OK
JOLZ OK
JTIO OK
JTIS OK
JTIL OK
JTIZ OK
JTOI OK
JTOL OK
JTSI OK
JTOS OK
JTOZ OK
JTSO OK
JTSL OK
JTZI OK
JTZL OK
JTZO OK
JTLI OK
JTLO OK
JTLS OK
JTLZ OK
JTSZ OK
JSIO OK
JTZS OK
JSIL OK
JSOI OK
JSIT OK
JSIZ OK
JSOT OK
JSOZ OK
JSTI OK
JSOL OK
JSTO OK
JSTL OK
JSZI OK
JSZO OK
JSLI OK
JSZL OK
JSZT OK
JSLO OK
JSLT OK
JZIO OK
JSTZ OK
JZIL OK
JZIT OK
JZOI OK
JZIS OK
JSLZ OK
JZOT OK
JZOL OK
JZTI OK
JZTO OK
JZTL OK
JZOS OK
JZSI OK
JZTS OK
JZLI OK
JZSL OK
JZSO OK
JZST OK
JZLO OK
JZLT OK
JZLS OK
JLIO OK
JLIT OK
JLIS OK
JLIZ OK
JLOI OK
JLTI OK
JLOT OK
JLOS OK
JLOZ OK
JLTO OK
JLTS OK
JLTZ OK
JLSI OK
JLZI OK
JLSO OK
JLST OK
JLZO OK
JLZT OK
JLZS OK
LIOT OK
LIOS OK
LIOZ OK
LIOJ OK
LITO OK
JLSZ OK
LISO OK
LITJ OK
LITS OK
LITZ OK
LIST OK
LISZ OK
LISJ OK
LIZO OK
LIZJ OK
LIJO OK
LIJT OK
LIJS OK
LIZT OK
LIJZ OK
LOIT OK
LOIS OK
LOIZ OK
LOIJ OK
LIZS OK
LOTI OK
LOTS OK
LOTZ OK
LOTJ OK
LOSI OK
LOZI OK
LOST OK
LOSZ OK
LOSJ OK
LOZT OK
LOJI OK
LOJT OK
LOZS OK
LOJS OK
LOZJ OK
LTIO OK
LOJZ OK
LTIJ OK
LTIS OK
LTOI OK
LTOS OK
LTIZ OK
LTOJ OK
LTOZ OK
LTSJ OK
LTSO OK
LTSI OK
LTZO OK
LTZI OK
LTSZ OK
LTZJ OK
LTJI OK
LTJO OK
LTJS OK
LTJZ OK
LSIO OK
LTZS OK
LSIT OK
LSIZ OK
LSIJ OK
LSOI OK
LSOT OK
LSTI OK
LSOZ OK
LSOJ OK
LSTO OK
LSZI OK
LSTJ OK
LSTZ OK
LSJI OK
LSZO OK
LSZT OK
LSJT OK
LSJO OK
LSZJ OK
LZIO OK
LZIJ OK
LZIT OK
LZOI OK
LSJZ OK
LZOT OK
LZOS OK
LZOJ OK
LZIS OK
LZTJ OK
LZTI OK
LZTO OK
LZTS OK
LZSJ OK
LZJI OK
LZSI OK
LZST OK
LZSO OK
LZJO OK
LZJT OK
LJIO OK
LZJS OK
LJIT OK
LJIS OK
LJIZ OK
LJOI OK
LJOT OK
LJTI OK
LJOS OK
LJTO OK
LJOZ OK
LJTS OK
LJSI OK
LJTZ OK
LJST OK
LJZI OK
LJSO OK
LJZT OK
LJZO OK
LJZS OK
LJSZ OK
