IOTS OK
IOTL OK
IOTJ OK
IOTZ OK
IOSZ OK
IOSJ OK
IOSL OK
IOST OK
IOZT OK
IOJT OK
IOZL OK
IOZJ OK
IOJL OK
IOLT OK
IOJS OK
IOJZ OK
IOLJ OK
IOLS OK
IOLZ OK
ITOS OK
ITOJ OK
ITOZ OK
ITOL OK
ITSO OK
ITSZ OK
ITSJ OK
ITSL OK
ITZO OK
ITZS OK
ITZJ OK
ITZL OK
ITJO OK
ITJS OK
ITJZ OK
ITJL OK
ITLO OK
ITLS OK
ITLZ OK
ITLJ OK
ISOT OK
ISOZ OK
ISOJ OK
ISOL OK
ISTZ OK
ISTO OK
ISTJ OK
ISTL OK
ISZT OK
ISZL OK
ISZO OK
ISJT OK
ISZJ OK
ISJL OK
ISLO OK
IOZS OK
ISLT OK
ISJO OK
ISLJ OK
IZOT OK
ISLZ OK
ISJZ OK
IZOJ OK
IZTO OK
IZTS OK
IZTJ OK
IZOL OK
IZTL OK
IZST OK
IZSL OK
IZSJ OK
IZSO OK
IZJT OK
IZJO OK
IZJL OK
IZLT OK
IZJS OK
IZLO OK
IZLJ OK
IJOT OK
IZLS OK
IJOL OK
IJTO OK
IJTS OK
IJTZ OK
IJTL OK
IJOS OK
IJOZ OK
IJST OK
IJSL OK
IJZO OK
IJSO OK
IJZT OK
IJZL OK
IJLO OK
IZOS OK
IJLT OK
IJLS OK
IJLZ OK
ILOT OK
IJZS OK
ILOS OK
ILOZ OK
ILOJ OK
ILTO OK
ILTS OK
ILTZ OK
ILTJ OK
ILST OK
IJSZ OK
ILSJ OK
ILZT OK
ILSO OK
ILSZ OK
ILZJ OK
ILZO OK
ILJT OK
ILJO OK
ILJS OK
ILJZ OK
ILZS OK
OITS OK
OITZ OK
OIST OK
OITJ OK
OITL OK
OISZ OK
OISJ OK
OIZT OK
OISL OK
OIJT OK
OIZL OK
OIZJ OK
OIJL OK
OIJS OK
OILT OK
OIJZ OK
OILJ OK
OILS OK
OILZ OK
OTIS OK
OTIZ OK
OTIJ OK
OTIL OK
OTSI OK
OTSJ OK
OTSL OK
OTZI OK
OTZS OK
OTZJ OK
OTSZ OK
OTJI OK
OTZL OK
OTJL OK
OTJS OK
OTJZ OK
OTLI OK
OTLZ OK
OTLS OK
OTLJ OK
OSIT OK
OSIZ OK
OSIJ OK
OSIL OK
OSTI OK
OSTZ OK
OSTJ OK
OSTL OK
OSZI OK
OIZS OK
OSZT OK
OSJI OK
OSJT OK
OSJL OK
OSLI OK
OSLT OK
OSZL OK
OSLJ OK
OSJZ OK
OZIT OK
OSLZ OK
OZIJ OK
OZTI OK
OZIL OK
OZTS OK
OZTJ OK
OZTL OK
OZSI OK
OZST OK
OSZJ OK
OZIS OK
OZJT OK
OZSL OK
OZJI OK
OZJL OK
OZLI OK
OZLT OK
OZSJ OK
OZLJ OK
OJIT OK
OZLS OK
OJIL OK
OJTI OK
OZJS OK
OJTS OK
OJTZ OK
OJTL OK
OJIS OK
OJIZ OK
OJST OK
OJSL OK
OJSI OK
OJZI OK
OJZT OK
OJZL OK
OJLI OK
OJLT OK
OJLS OK
OJLZ OK
OLIT OK
OLIS OK
OLIZ OK
OLIJ OK
OLTI OK
OLTS OK
OLTZ OK
OLTJ OK
OLSI OK
OLST OK
OLSJ OK
OLZI OK
OJSZ OK
OLZT OK
OJZS OK
OLSZ OK
OLZJ OK
OLJI OK
OLJT OK
OLJS OK
TIOS OK
OLJZ OK
TIOZ OK
TIOJ OK
TIOL OK
TISO OK
TISJ OK
TISZ OK
TISL OK
TIZS OK
TIZO OK
TIZJ OK
TIJO OK
TIZL OK
TIJS OK
TIJZ OK
TIJL OK
TILO OK
TILJ OK
TILS OK
TILZ OK
TOIS OK
TOIJ OK
TOIZ OK
TOIL OK
TOSI OK
TOSJ OK
TOSL OK
TOZI OK
TOZS OK
TOZJ OK
TOJI OK
TOZL OK
TOSZ OK
TOJS OK
TOJZ OK
TOJL OK
TOLI OK
TOLJ OK
TOLS OK
TOLZ OK
TSIO OK
TSIZ OK
TSIJ OK
TSIL OK
OLZS OK
TSOI OK
TSOJ OK
TSZI OK
TSOL OK
TSZO OK
TSZJ OK
TSZL OK
TSJI OK
TSJO OK
TSJZ OK
TSJL OK
TSLI OK
TSLO OK
TSLJ OK
TSLZ OK
TZIO OK
TZIS OK
TSOZ OK
TZIJ OK
TZIL OK
TZOI OK
TZOJ OK
TZOS OK
TZSI OK
TZOL OK
TZSO OK
TZSJ OK
TZJI OK
TZSL OK
TZJO OK
TZJL OK
TZLI OK
TZJS OK
TZLO OK
TZLS OK
TZLJ OK
TJIO OK
TJIS OK
TJIZ OK
TJIL OK
TJOI OK
TJOL OK
TJSI OK
TJOS OK
TJOZ OK
TJSO OK
TJSZ OK
TJSL OK
TJZI OK
TJZL OK
TJLI OK
TJZO OK
TJLO OK
TJZS OK
TJLS OK
TJLZ OK
TLIO OK
TLIJ OK
TLIS OK
TLIZ OK
TLOI OK
TLOJ OK
TLSI OK
TLOS OK
TLOZ OK
TLSO OK
TLSZ OK
TLSJ OK
TLZI OK
TLZJ OK
TLJI OK
TLZO OK
TLZS OK
TLJO OK
TLJS OK
TLJZ OK
SIOT OK
SIOZ OK
SIOJ OK
SIOL OK
SITO OK
SITZ OK
SITJ OK
SITL OK
SIZT OK
SIZL OK
SIJT OK
SIZO OK
SIZJ OK
SIJL OK
SILT OK
SIJO OK
SILO OK
SOIT OK
SILJ OK
SILZ OK
SOIZ OK
SOIJ OK
SOIL OK
SOTI OK
SOTZ OK
SOTJ OK
SIJZ OK
SOTL OK
SOZI OK
SOZT OK
SOJI OK
SOJT OK
SOJL OK
SOLI OK
SOLT OK
SOZL OK
SOJZ OK
SOLJ OK
STIO OK
STIZ OK
STIJ OK
STIL OK
STOI OK
SOLZ OK
STOJ OK
STZI OK
STOL OK
STZO OK
STZJ OK
STOZ OK
STZL OK
STJI OK
STJO OK
STJL OK
STJZ OK
STLI OK
STLO OK
STLZ OK
STLJ OK
SZIT OK
SZIL OK
SOZJ OK
SZIO OK
SZIJ OK
SZOT OK
SZTI OK
SZOI OK
SZTO OK
SZTJ OK
SZTL OK
SZJI OK
SZJT OK
SZJL OK
SZLI OK
SZOJ OK
SZOL OK
SZJO OK
SZLT OK
SZLJ OK
SJIT OK
SJIL OK
SZLO OK
SJOT OK
SJIO OK
SJIZ OK
SJTI OK
SJOL OK
SJTO OK
SJTZ OK
SJTL OK
SJOI OK
SJZI OK
SJZL OK
SJZT OK
SJLI OK
SJOZ OK
SJLO OK
SJLT OK
SJLZ OK
SLIT OK
SLIJ OK
SJZO OK
SLIO OK
SLIZ OK
SLOJ OK
SLOI OK
SLTI OK
SLTO OK
SLTZ OK
SLTJ OK
SLOT OK
SLZI OK
SLZJ OK
SLJI OK
SLJO OK
SLZT OK
SLJT OK
SLJZ OK
ZIOT OK
SLOZ OK
ZIOJ OK
ZITO OK
ZITS OK
ZIOL OK
ZITJ OK
ZITL OK
ZIST OK
ZISO OK
ZISJ OK
ZISL OK
ZIJT OK
ZIJO OK
ZIJL OK
ZIJS OK
ZILT OK
ZIOS OK
ZILO OK
ZILJ OK
ZOIT OK
ZILS OK
ZOIJ OK
ZOIL OK
ZOTI OK
ZOTS OK
ZOTJ OK
ZOTL OK
SLZO OK
ZOSI OK
ZOST OK
ZOJI OK
ZOSL OK
ZOJT OK
ZOIS OK
ZOJL OK
ZOLI OK
ZOSJ OK
ZOLT OK
ZOLJ OK
ZTIO OK
ZTIS OK
ZOLS OK
ZTIJ OK
ZTIL OK
ZTOI OK
ZTOS OK
ZTOJ OK
ZTOL OK
ZTSI OK
ZTSO OK
ZTSJ OK
ZTJI OK
ZTSL OK
ZOJS OK
ZTJL OK
ZTJO OK
ZTLI OK
ZTJS OK
ZTLO OK
ZTLS OK
ZTLJ OK
ZSIT OK
ZSIL OK
ZSIJ OK
ZSOT OK
ZSIO OK
ZSTI OK
ZSOI OK
ZSTO OK
ZSTJ OK
ZSTL OK
ZSOL OK
ZSJT OK
ZSJI OK
ZSJL OK
ZSLI OK
ZSLT OK
ZSLJ OK
ZSOJ OK
ZJIO OK
ZSJO OK
ZJIT OK
ZJIL OK
ZJOT OK
ZJIS OK
ZSLO OK
ZJOI OK
ZJTI OK
ZJOL OK
ZJTO OK
ZJTL OK
ZJSI OK
ZJTS OK
ZJSL OK
ZJLI OK
ZJLO OK
ZJLT OK
ZJOS OK
ZJLS OK
ZJST OK
ZLIT OK
ZLIJ OK
ZLIO OK
ZJSO OK
ZLIS OK
ZLOJ OK
ZLOI OK
ZLTI OK
ZLTO OK
ZLTS OK
ZLTJ OK
ZLSI OK
ZLOT OK
ZLOS OK
ZLSJ OK
ZLJI OK
ZLJO OK
ZLJT OK
ZLJS OK
JIOT OK
ZLST OK
JIOL OK
JITO OK
JITS OK
JITZ OK
JITL OK
JIOS OK
JIOZ OK
JIST OK
JISL OK
ZLSO OK
JIZT OK
JIZO OK
JIZL OK
JILO OK
JISO OK
JIZS OK
JILT OK
JILS OK
JILZ OK
JOIT OK
JOIL OK
JOTI OK
JOTS OK
JOTZ OK
JOTL OK
JISZ OK
JOIS OK
JOIZ OK
JOSL OK
JOST OK
JOSI OK
JOZI OK
JOZT OK
JOZL OK
JOLI OK
JOLT OK
JOLS OK
JOLZ OK
JTIO OK
JTIS OK
JTIL OK
JTIZ OK
JTOI OK
JTOS OK
JTOL OK
JTOZ OK
JTSI OK
JTSO OK
JTSZ OK
JTSL OK
JTZI OK
JTZO OK
JTZL OK
JTZS OK
JTLI OK
JTLO OK
JTLS OK
JTLZ OK
JSIT OK
JSIO OK
JSIL OK
JSIZ OK
JOSZ OK
JSOT OK
JSOL OK
JSTI OK
JOZS OK
JSTO OK
JSTZ OK
JSTL OK
JSOI OK
JSOZ OK
JSZL OK
JSLI OK
JSLO OK
JSZI OK
JSLT OK
JSLZ OK
JZIT OK
JSZT OK
JZIL OK
JSZO OK
JZIO OK
JZIS OK
JZOI OK
JZOL OK
JZTI OK
JZOT OK
JZTO OK
JZTL OK
JZSI OK
JZTS OK
JZSL OK
JZLI OK
JZLO OK
JZLT OK
JZLS OK
JLIO OK
JLIT OK
JZST OK
JLIS OK
JLIZ OK
JLOI OK
JLOT OK
JLOZ OK
JLOS OK
JLTI OK
JLTO OK
JLTS OK
JLTZ OK
JLSI OK
JLSO OK
JLST OK
JLSZ OK
JLZI OK
JLZT OK
JLZO OK
LIOT OK
JLZS OK
LIOS OK
LIOJ OK
JZOS OK
LIOZ OK
LITO OK
LITS OK
LITZ OK
LITJ OK
LIST OK
LISJ OK
LISO OK
LISZ OK
LIZT OK
LIZO OK
LIZJ OK
LIJO OK
LIJT OK
LIJS OK
LIJZ OK
LIZS OK
LOIT OK
LOIJ OK
LOTI OK
LOIS OK
LOIZ OK
LOTJ OK
LOTS OK
LOTZ OK
JZSO CAP
LOSI OK
LOSJ OK
LOZI OK
LOST OK
LOZT OK
LOJI OK
LOZJ OK
LOJT OK
LOJS OK
LOJZ OK
LTIO OK
LTIS OK
LTIZ OK
LTIJ OK
LTOI OK
LOSZ OK
LTOZ OK
LTOS OK
LTOJ OK
LTSI OK
LTSO OK
LTSJ OK
LTSZ OK
LTZI OK
LTZJ OK
LTZO OK
LTZS OK
LTJI OK
LTJO OK
LTJS OK
LTJZ OK
LSIT OK
LSIJ OK
LSIO OK
LSIZ OK
LSOI OK
LSOJ OK
LSTI OK
LSTO OK
LSTZ OK
LSOT OK
LSTJ OK
LSZI OK
LOZS OK
LSZJ OK
LSJI OK
LSJO OK
LSJT OK
LSOZ OK
LSJZ OK
LZIT OK
LSZT OK
LZIO OK
LZIJ OK
LZIS OK
LZOI OK
LZOJ OK
LZTI OK
LZOT OK
LZTO OK
LZTJ OK
LZTS OK
LZSI OK
LZST OK
LZSJ OK
LZJI OK
LZJO OK
LZJT OK
LZJS OK
LJIO OK
LJIT OK
LJIS OK
LSZO CAP
LJIZ OK
LJOI OK
LJOT OK
LJOS OK
LJOZ OK
LJTI OK
LJTO OK
LZOS OK
LJTS OK
LJTZ OK
LJSI OK
LJSO OK
LJST OK
LJSZ OK
LJZI OK
LJZT OK
LJZO OK
LJZS OK
LZSO OK
