IOTS OK
IOTZ OK
IOTL OK
IOTJ OK
IOST OK
IOSJ OK
IOSL OK
IOSZ OK
IOZT OK
IOJT OK
IOZJ OK
IOZL OK
IOJL OK
IOJS OK
IOLT OK
IOJZ OK
IOLJ OK
ITOS OK
IOLS OK
IOLZ OK
ITOZ OK
ITOJ OK
ITOL OK
ITSO OK
ITSZ OK
ITSJ OK
ITSL OK
ITZO OK
ITZS OK
ITZJ OK
ITZL OK
ITJO OK
ITJL OK
ITJS OK
ITJZ OK
ITLO OK
ITLS OK
ITLZ OK
ITLJ OK
ISOT OK
ISOZ OK
ISOJ OK
ISOL OK
ISTO OK
ISTZ OK
ISTJ OK
ISTL OK
ISZT OK
IOZS OK
ISZL OK
ISJT OK
ISJO OK
ISZJ OK
ISJL OK
ISLT OK
ISLO OK
ISLJ OK
ISLZ OK
ISJZ OK
IZOT OK
IZOJ OK
IZOL OK
IZTS OK
IZTO OK
IZTJ OK
IZTL OK
IZST OK
IZSJ OK
IZSO OK
IZSL OK
IZJT OK
IZJO OK
IZJL OK
IZJS OK
IZLT OK
IZLO OK
IZLS OK
IZLJ OK
IZOS OK
ISZO OK
IJOT OK
IJOL OK
IJTO OK
IJOS OK
IJOZ OK
IJTS OK
IJTL OK
IJTZ OK
IJST OK
IJSL OK
IJZT OK
IJSO OK
IJZL OK
IJZO OK
IJLO OK
IJLT OK
IJLS OK
IJLZ OK
ILOT OK
ILOS OK
ILOZ OK
IJSZ OK
ILOJ OK
ILTO OK
ILTS OK
ILTZ OK
ILTJ OK
ILST OK
ILSJ OK
ILSO OK
ILSZ OK
ILZT OK
IJZS OK
ILZJ OK
ILJO OK
ILJT OK
ILJS OK
ILZO OK
ILJZ OK
OITS OK
OITZ OK
OITJ OK
OITL OK
OIST OK
ILZS OK
OISZ OK
OISJ OK
OISL OK
OIZT OK
OIJT OK
OIZJ OK
OIZL OK
OIJL OK
OIJS OK
OILT OK
OIJZ OK
OILJ OK
OTIS OK
OILS OK
OILZ OK
OTIJ OK
OTIZ OK
OTIL OK
OTSI OK
OTSL OK
OTSJ OK
OTZI OK
OTZS OK
OTZJ OK
OTSZ OK
OTZL OK
OTJI OK
OTJS OK
OTJL OK
OTJZ OK
OIZS OK
OTLI OK
OTLS OK
OTLJ OK
OSIT OK
OTLZ OK
OSIZ OK
OSIJ OK
OSIL OK
OSTI OK
OSTZ OK
OSTJ OK
OSTL OK
OSZI OK
OSZT OK
OSJI OK
OSJT OK
OSJL OK
OSLI OK
OSLT OK
OSZJ OK
OSZL OK
OSLJ OK
OZIT OK
OSJZ OK
OZIJ OK
OZIL OK
OZTI OK
OSLZ OK
OZTJ OK
OZTS OK
OZTL OK
OZSI OK
OZST OK
OZJI OK
OZSL OK
OZSJ OK
OZIS OK
OZJL OK
OZJT OK
OZLI OK
OZLJ OK
OJIT OK
OZLT OK
OZLS OK
OJIS OK
OJIL OK
OJIZ OK
OJTI OK
OJTS OK
OJTL OK
OJTZ OK
OZJS OK
OJSL OK
OJST OK
OJSI OK
OJZI OK
OJZL OK
OJLI OK
OJZT OK
OJSZ OK
OJLT OK
OJLS OK
OJLZ OK
OLIT OK
OLIJ OK
OLTI OK
OLIS OK
OLIZ OK
OLTJ OK
OLTS OK
OLTZ OK
OLSI OK
OLSJ OK
OLST OK
OLZI OK
OJZS OK
OLZJ OK
OLJI OK
OLZT OK
OLJT OK
OLJS OK
OLJZ OK
TIOS OK
TIOZ OK
TIOJ OK
TIOL OK
TISO OK
TISZ OK
OLSZ OK
TISJ OK
TISL OK
TIZO OK
TIZS OK
TIZJ OK
TIZL OK
TIJO OK
TIJS OK
TIJZ OK
TIJL OK
TILO OK
TILS OK
TILZ OK
TILJ OK
TOIS OK
TOIZ OK
TOIJ OK
TOIL OK
TOSI OK
OLZS OK
TOSJ OK
TOSL OK
TOZI OK
TOZJ OK
TOZL OK
TOZS OK
TOJI OK
TOJS OK
TOJZ OK
TOJL OK
TOLI OK
TOSZ OK
TOLS OK
TOLJ OK
TOLZ OK
TSIO OK
TSIZ OK
TSIJ OK
TSIL OK
TSOI OK
TSZI OK
TSOJ OK
TSOL OK
TSZO OK
TSZL OK
TSZJ OK
TSJI OK
TSJO OK
TSJL OK
TSJZ OK
TSLI OK
TSLO OK
TSOZ OK
TSLZ OK
TSLJ OK
TZIO OK
TZIS OK
TZIJ OK
TZIL OK
TZOI OK
TZOJ OK
TZSI OK
TZOS OK
TZOL OK
TZJI OK
TZSL OK
TZSO OK
TZSJ OK
TZJO OK
TZJL OK
TZLI OK
TZLO OK
TZLJ OK
TZJS OK
TJIO OK
TJIS OK
TZLS OK
TJIZ OK
TJIL OK
TJOI OK
TJOL OK
TJSI OK
TJOZ OK
TJOS OK
TJZI OK
TJSL OK
TJSO OK
TJSZ OK
TJZL OK
TJZO OK
TJLI OK
TJZS OK
TJLO OK
TJLS OK
TJLZ OK
TLIO OK
TLIS OK
TLIZ OK
TLIJ OK
TLOI OK
TLOJ OK
TLSI OK
TLOZ OK
TLOS OK
TLSJ OK
TLSO OK
TLZI OK
TLSZ OK
TLZJ OK
TLJI OK
TLZO OK
TLJO OK
TLJS OK
TLZS OK
TLJZ OK
SIOT OK
SIOZ OK
SIOJ OK
SIOL OK
SITO OK
SITZ OK
SITJ OK
SITL OK
SIZT OK
SIZJ OK
SIZL OK
SIJO OK
SIJT OK
SIJL OK
SILT OK
SIJZ OK
SILO OK
SILJ OK
SOIT OK
SOIZ OK
SILZ OK
SOIJ OK
SOIL OK
SOTI OK
SOTZ OK
SOTJ OK
SOTL OK
SOZI OK
SOZT OK
SOJI OK
SOJT OK
SIZO OK
SOJL OK
SOZJ OK
SOZL OK
SOLI OK
SOLT OK
SOLJ OK
STIO OK
SOJZ OK
STIZ OK
STIJ OK
STIL OK
STOI OK
STOJ OK
STZI OK
STOL OK
STZO OK
SOLZ OK
STOZ OK
STZJ OK
STJI OK
STZL OK
STJO OK
STJL OK
STLI OK
STLO OK
STLZ OK
STLJ OK
SZIT OK
SZIL OK
STJZ OK
SZIJ OK
SZIO OK
SZOT OK
SZTI OK
SZOI OK
SZTO OK
SZTJ OK
SZTL OK
SZJI OK
SZOJ OK
SZOL OK
SZJL OK
SZJT OK
SZLI OK
SZLJ OK
SZLT OK
SJIT OK
SZJO OK
SJIO OK
SJIL OK
SJIZ OK
SJOI OK
SZLO OK
SJOL OK
SJTI OK
SJOT OK
SJTL OK
SJTO OK
SJZI OK
SJTZ OK
SJZL OK
SJOZ OK
SJLI OK
SJLO OK
SJLT OK
SJLZ OK
SLIT OK
SJZT OK
SLIO OK
SLIJ OK
SJZO OK
SLIZ OK
SLOJ OK
SLOI OK
SLTI OK
SLTO OK
SLTZ OK
SLTJ OK
SLOT OK
SLZI OK
SLZJ OK
SLJI OK
SLOZ OK
SLJO OK
SLZT OK
SLJT OK
SLJZ OK
ZIOT OK
ZIOJ OK
ZIOL OK
SLZO OK
ZITO OK
ZITS OK
ZITJ OK
ZITL OK
ZIST OK
ZISL OK
ZISJ OK
ZISO OK
ZIJT OK
ZIJO OK
ZIOS OK
ZIJL OK
ZILT OK
ZILJ OK
ZIJS OK
ZOIT OK
ZILO OK
ZILS OK
ZOIJ OK
ZOTI OK
ZOIL OK
ZOTJ OK
ZOTS OK
ZOTL OK
ZOIS OK
ZOSI OK
ZOST OK
ZOJI OK
ZOSL OK
ZOSJ OK
ZOJT OK
ZOJL OK
ZOLI OK
ZOLJ OK
ZOLT OK
ZOLS OK
ZTIO OK
ZTIS OK
ZTIJ OK
ZTIL OK
ZTOI OK
ZOJS OK
ZTOS OK
ZTOJ OK
ZTSI OK
ZTOL OK
ZTJI OK
ZTSO OK
ZTSJ OK
ZTSL OK
ZTJO OK
ZTJL OK
ZTLI OK
ZTJS OK
ZTLO OK
ZTLJ OK
ZSIT OK
ZSIL OK
ZSIJ OK
ZSIO OK
ZTLS OK
ZSOT OK
ZSOI OK
ZSTI OK
ZSTO OK
ZSTJ OK
ZSOL OK
ZSTL OK
ZSJT OK
ZSJI OK
ZSJL OK
ZSLI OK
ZSOJ OK
ZSLT OK
ZSLJ OK
ZJIT OK
ZJIO OK
ZJIL OK
ZSJO OK
ZJIS OK
ZSLO OK
ZJOI OK
ZJTI OK
ZJOL OK
ZJOT OK
ZJTO OK
ZJTL OK
ZJSI OK
ZJTS OK
ZJSL OK
ZJLI OK
ZJLO OK
ZJOS OK
ZJLT OK
ZJSO OK
ZJLS OK
ZLIT OK
ZJST OK
ZLIJ OK
ZLIO OK
ZLIS OK
ZLOJ OK
ZLOI OK
ZLTI OK
ZLTO OK
ZLOT OK
ZLTJ OK
ZLOS OK
ZLSI OK
ZLTS OK
ZLSJ OK
ZLJI OK
ZLJO OK
ZLJT OK
JIOT OK
ZLJS OK
JIOS OK
JIOZ OK
JIOL OK
JITO OK
ZLST OK
ZLSO OK
JITS OK
JITL OK
JITZ OK
JIST OK
JISL OK
JIZT OK
JISO OK
JIZL OK
JIZO OK
JILO OK
JILT OK
JILS OK
JILZ OK
JOIT OK
JOIS OK
JOIZ OK
JOIL OK
JISZ OK
JOTI OK
JOTS OK
JOTZ OK
JOTL OK
JIZS OK
JOSL OK
JOST OK
JOSI OK
JOZT OK
JOZI OK
JOSZ OK
JOZL OK
JOLI OK
JOLT OK
JOLS OK
JOLZ OK
JTIO OK
JTIS OK
JTIZ OK
JTIL OK
JTOI OK
JTOS OK
JTOL OK
JTOZ OK
JTSI OK
JTSO OK
JTSL OK
JTZI OK
JTZO OK
JTZL OK
JTZS OK
JTLI OK
JTLO OK
JTLS OK
JTLZ OK
JTSZ OK
JSIT OK
JSIL OK
JOZS OK
JSIO OK
JSOI OK
JSOT OK
JSOL OK
JSTI OK
JSIZ OK
JSTL OK
JSTO OK
JSTZ OK
JSOZ OK
JSZL OK
JSLI OK
JSLO OK
JSLT OK
JSLZ OK
JSZT OK
JZIT OK
JSZI OK
JSZO OK
JZIL OK
JZIO OK
JZIS OK
JZOL OK
JZOI OK
JZOT OK
JZTI OK
JZTL OK
JZTO OK
JZSI OK
JZTS OK
JZSL OK
JZLI OK
JZLO OK
JZLT OK
JZST OK
JZLS OK
JLIO OK
JZOS OK
JLIT OK
JLIS OK
JLIZ OK
JLOI OK
JLOT OK
JLOS OK
JLTI OK
JLOZ OK
JLTO OK
JLTS OK
JLTZ OK
JLSI OK
JLSO OK
JLST OK
JLSZ OK
JLZI OK
JLZT OK
JLZO OK
LIOT OK
JLZS OK
LIOJ OK
LITO OK
LIOS OK
LITS OK
LIOZ OK
LITJ OK
LITZ OK
LIST OK
LISJ OK
LISO OK
LISZ OK
LIZT OK
LIZJ OK
LIJO OK
LIZO OK
LIJT OK
LIJS OK
JZSO OK
LIJZ OK
LOIT OK
LOIJ OK
LIZS OK
LOTI OK
LOIS OK
LOIZ OK
LOTJ OK
LOTS OK
LOTZ OK
LOSI OK
LOSJ OK
LOST OK
LOZI OK
LOZT OK
LOZJ OK
LOJI OK
LOJT OK
LOJS OK
LOJZ OK
LTIO OK
LTIS OK
LTIZ OK
LTIJ OK
LTOI OK
LOSZ OK
LTOJ OK
LTSI OK
LTSO OK
LTSZ OK
LTOS OK
LTSJ OK
LTOZ OK
LTZI OK
LTZJ OK
LTZO OK
LTJI OK
LOZS OK
LTZS OK
LTJO OK
LTJS OK
LTJZ OK
LSIT OK
LSIJ OK
LSIO OK
LSIZ OK
LSOI OK
LSOJ OK
LSTI OK
LSTO OK
LSTJ OK
LSTZ OK
LSOT OK
LSZI OK
LSZJ OK
LSJI OK
LSJO OK
LSJT OK
LSJZ OK
LSOZ OK
LZIT OK
LZIO OK
LSZT OK
LSZO OK
LZIJ OK
LZIS OK
LZOJ OK
LZTI OK
LZOI OK
LZOT OK
LZTJ OK
LZTO OK
LZTS OK
LZSI OK
LZSJ OK
LZJI OK
LZJO OK
LZJT OK
LZOS OK
LZJS OK
LJIO OK
LJIT OK
LJIS OK
LJIZ OK
LJOI OK
LJOT OK
LJOS OK
LJOZ OK
LZST OK
LJTI OK
LZSO OK
LJTO OK
LJTS OK
LJTZ OK
LJSI OK
LJSO OK
LJST OK
LJSZ OK
LJZI OK
LJZT OK
LJZO OK
LJZS OK
