IOTL OK
IOTS OK
IOTJ OK
IOTZ OK
IOST OK
IOSJ OK
IOSL OK
IOZT OK
IOSZ OK
IOZJ OK
IOZS OK
IOZL OK
IOJT OK
IOJS OK
IOJZ OK
IOJL OK
IOLT OK
IOLS OK
IOLJ OK
ITOS OK
IOLZ OK
ITOZ OK
ITOJ OK
ITOL OK
ITSO OK
ITSL OK
ITSJ OK
ITSZ OK
ITZO OK
ITZS OK
ITZJ OK
ITZL OK
ITJO OK
ITJS OK
ITJZ OK
ITJL OK
ITLO OK
ITLS OK
ITLZ OK
ISOT OK
ITLJ OK
ISTO OK
ISOL OK
ISOJ OK
ISTZ OK
ISOZ OK
ISTL OK
ISTJ OK
ISZT OK
ISJO OK
ISZJ OK
ISZL OK
ISJT OK
ISJL OK
ISLO OK
ISZO OK
ISJZ OK
ISLT OK
ISLJ OK
IZOT OK
ISLZ OK
IZOJ OK
IZOS OK
IZOL OK
IZTO OK
IZTS OK
IZTJ OK
IZTL OK
IZST OK
IZSL OK
IZSO OK
IZJO OK
IZSJ OK
IZJT OK
IZJL OK
IZLT OK
IZLO OK
IZJS OK
IZLS OK
IZLJ OK
IJOT OK
IJOS OK
IJOZ OK
IJOL OK
IJTO OK
IJTS OK
IJTZ OK
IJTL OK
IJSO OK
IJST OK
IJSL OK
IJZT OK
IJZO OK
IJSZ OK
IJZL OK
IJLO OK
IJLT OK
IJZS OK
IJLS OK
IJLZ OK
ILOT OK
ILOS OK
ILOZ OK
ILOJ OK
ILTO OK
ILTS OK
ILTZ OK
ILTJ OK
ILST OK
ILSO OK
ILSJ OK
ILZT OK
ILZO OK
ILZJ OK
ILSZ OK
ILJO OK
ILJS OK
ILJT OK
ILJZ OK
OITS OK
ILZS OK
OITZ OK
OITJ OK
OITL OK
OIST OK
OISJ OK
OIZT OK
OISL OK
OISZ OK
OIZJ OK
OIZS OK
OIZL OK
OIJT OK
OIJS OK
OIJZ OK
OIJL OK
OILT OK
OILS OK
OILJ OK
OILZ OK
OTIS OK
OTIZ OK
OTIJ OK
OTIL OK
OTSI OK
OTSJ OK
OTSL OK
OTZI OK
OTZJ OK
OTZL OK
OTSZ OK
OTJI OK
OTJS OK
OTJZ OK
OTJL OK
OTLI OK
OTZS OK
OTLS OK
OTLZ OK
OSIT OK
OTLJ OK
OSIJ OK
OSTI OK
OSIL OK
OSIZ OK
OSTZ OK
OSTL OK
OSTJ OK
OSZI OK
OSZJ OK
OSZL OK
OSJI OK
OSJT OK
OSJZ OK
OSJL OK
OSZT OK
OSLI OK
OSLT OK
OSLJ OK
OSLZ OK
OZIT OK
OZIJ OK
OZTI OK
OZIL OK
OZIS OK
OZTS OK
OZTJ OK
OZTL OK
OZSI OK
OZST OK
OZSJ OK
OZSL OK
OZJI OK
OZJT OK
OZJL OK
OZJS OK
OZLI OK
OZLT OK
OZLS OK
OZLJ OK
OJIT OK
OJIS OK
OJIZ OK
OJIL OK
OJTI OK
OJTS OK
OJTZ OK
OJTL OK
OJSI OK
OJST OK
OJSL OK
OJZI OK
OJZT OK
OJSZ OK
OJLI OK
OJZL OK
OJLT OK
OJZS OK
OJLS OK
OJLZ OK
OLIT OK
OLIS OK
OLIJ OK
OLIZ OK
OLTI OK
OLTS OK
OLTZ OK
OLTJ OK
OLSI OK
OLST OK
OLSJ OK
OLSZ OK
OLZI OK
OLZT OK
OLJI OK
OLZJ OK
OLJT OK
OLJS OK
TIOS OK
OLJZ OK
OLZS OK
TIOZ OK
TIOJ OK
TIOL OK
TISO OK
TISZ OK
TISL OK
TISJ OK
TIZO OK
TIZS OK
TIZJ OK
TIZL OK
TIJO OK
TIJS OK
TIJZ OK
TIJL OK
TILO OK
TILS OK
TILZ OK
TILJ OK
TOIS OK
TOIZ OK
TOIJ OK
TOIL OK
TOSI OK
TOSJ OK
TOZI OK
TOSL OK
TOZL OK
TOZJ OK
TOSZ OK
TOJI OK
TOJS OK
TOJZ OK
TOJL OK
TOLI OK
TOZS OK
TOLS OK
TOLZ OK
TOLJ OK
TSIO OK
TSIZ OK
TSIJ OK
TSIL OK
TSOI OK
TSOL OK
TSOJ OK
TSOZ OK
TSZI OK
TSJI OK
TSZL OK
TSZJ OK
TSZO OK
TSJO OK
TSLI OK
TSJL OK
TSJZ OK
TSLO OK
TZIO OK
TSLJ OK
TZIS OK
TSLZ OK
TZIL OK
TZIJ OK
TZOI OK
TZOJ OK
TZOL OK
TZSI OK
TZSJ OK
TZSL OK
TZJI OK
TZJO OK
TZJS OK
TZSO OK
TZOS OK
TZJL OK
TZLI OK
TZLO OK
TZLS OK
TZLJ OK
TJIS OK
TJIZ OK
TJIO OK
TJIL OK
TJOI OK
TJOS OK
TJOZ OK
TJOL OK
TJSI OK
TJSO OK
TJZI OK
TJSL OK
TJZO OK
TJZL OK
TJZS OK
TJSZ OK
TJLI OK
TJLO OK
TJLS OK
TJLZ OK
TLIO OK
TLIZ OK
TLIS OK
TLIJ OK
TLOI OK
TLOS OK
TLSI OK
TLOZ OK
TLOJ OK
TLZI OK
TLSO OK
TLSJ OK
TLZO OK
TLSZ OK
TLZS OK
TLZJ OK
TLJI OK
TLJO OK
TLJS OK
TLJZ OK
SIOT OK
SIOJ OK
SIOL OK
SITO OK
SIOZ OK
SITZ OK
SITJ OK
SITL OK
SIZT OK
SIJO OK
SIZJ OK
SIZL OK
SIJT OK
SIZO OK
SIJL OK
SILO OK
SIJZ OK
SILT OK
SILJ OK
SOIT OK
SILZ OK
SOIZ OK
SOIJ OK
SOIL OK
SOTI OK
SOTZ OK
SOTJ OK
SOTL OK
SOZT OK
SOZJ OK
SOZI OK
SOZL OK
SOJI OK
SOJT OK
SOJZ OK
SOJL OK
SOLI OK
SOLT OK
SOLJ OK
STIO OK
SOLZ OK
STIZ OK
STIJ OK
STIL OK
STOI OK
STOZ OK
STOJ OK
STOL OK
STZI OK
STZO OK
STZJ OK
STZL OK
STJI OK
STJO OK
STJL OK
STLI OK
STJZ OK
STLO OK
STLJ OK
STLZ OK
SZIT OK
SZIO OK
SZOT OK
SZIJ OK
SZOI OK
SZIL OK
SZTI OK
SZOJ OK
SZTO OK
SZTJ OK
SZTL OK
SZOL OK
SZJT OK
SZJI OK
SZJL OK
SZJO OK
SZLT OK
SZLJ OK
SZLI OK
SZLO OK
SJIO OK
SJIT OK
SJIL OK
SJOI OK
SJOT OK
SJIZ OK
SJTI OK
SJTO OK
SJOL OK
SJOZ OK
SJTL OK
SJTZ OK
SJZT OK
SJZI OK
SJZO OK
SJZL OK
SJLI OK
SJLO OK
SJLT OK
SJLZ OK
SLIO OK
SLIT OK
SLIJ OK
SLOI OK
SLOT OK
SLIZ OK
SLOZ OK
SLOJ OK
SLTI OK
SLTO OK
SLTJ OK
SLTZ OK
SLZT OK
SLZJ OK
SLZI OK
SLZO OK
SLJI OK
SLJO OK
SLJT OK
SLJZ OK
ZIOT OK
ZITO OK
ZIOJ OK
ZIOL OK
ZIOS OK
ZITS OK
ZITJ OK
ZITL OK
ZIST OK
ZISO OK
ZISL OK
ZIJO OK
ZIJT OK
ZISJ OK
ZIJL OK
ZILT OK
ZILO OK
ZIJS OK
ZILJ OK
ZILS OK
ZOIT OK
ZOTI OK
ZOIJ OK
ZOIL OK
ZOIS OK
ZOTS OK
ZOTL OK
ZOTJ OK
ZOSI OK
ZOST OK
ZOSJ OK
ZOSL OK
ZOJI OK
ZOJT OK
ZOJL OK
ZOLI OK
ZOJS OK
ZOLT OK
ZOLS OK
ZOLJ OK
ZTIO OK
ZTIS OK
ZTIJ OK
ZTIL OK
ZTOI OK
ZTOS OK
ZTOJ OK
ZTOL OK
ZTSI OK
ZTSO OK
ZTSJ OK
ZTSL OK
ZTJI OK
ZTJO OK
ZTJS OK
ZTJL OK
ZTLI OK
ZTLO OK
ZTLJ OK
ZTLS OK
ZSIT OK
ZSIO OK
ZSIJ OK
ZSIL OK
ZSOT OK
ZSOI OK
ZSTI OK
ZSTO OK
ZSOJ OK
ZSOL OK
ZSTJ OK
ZSTL OK
ZSJI OK
ZSJT OK
ZSJO OK
ZSJL OK
ZSLT OK
ZSLJ OK
ZSLI OK
ZSLO OK
ZJIT OK
ZJIL OK
ZJIO OK
ZJOI OK
ZJOT OK
ZJIS OK
ZJOS OK
ZJTI OK
ZJOL OK
ZJTO OK
ZJTS OK
ZJTL OK
ZJSI OK
ZJSL OK
ZJSO OK
ZJST OK
ZJLI OK
ZJLO OK
ZJLT OK
ZJLS OK
ZLIT OK
ZLIO OK
ZLIS OK
ZLIJ OK
ZLOI OK
ZLOT OK
ZLOS OK
ZLOJ OK
ZLTI OK
ZLTO OK
ZLTS OK
ZLTJ OK
ZLSI OK
ZLSO OK
ZLSJ OK
ZLST OK
ZLJI OK
ZLJO OK
ZLJT OK
ZLJS OK
JIOT OK
JIOS OK
JIOL OK
JIOZ OK
JITO OK
JITS OK
JITZ OK
JITL OK
JIST OK
JISO OK
JISL OK
JIZT OK
JIZO OK
JISZ OK
JIZL OK
JILO OK
JILT OK
JIZS OK
JILS OK
JOIT OK
JILZ OK
JOIZ OK
JOIS OK
JOIL OK
JOTI OK
JOTS OK
JOTL OK
JOTZ OK
JOSI OK
JOST OK
JOZI OK
JOSL OK
JOZT OK
JOSZ OK
JOZL OK
JOLI OK
JOZS OK
JOLT OK
JOLS OK
JOLZ OK
JTIO OK
JTIS OK
JTIZ OK
JTIL OK
JTOI OK
JTOS OK
JTSI OK
JTOL OK
JTOZ OK
JTSO OK
JTZI OK
JTSL OK
JTZO OK
JTSZ OK
JTZL OK
JTLI OK
JTLO OK
JTZS OK
JTLS OK
JTLZ OK
JSIT OK
JSIO OK
JSOI OK
JSOT OK
JSIL OK
JSIZ OK
JSTI OK
JSTO OK
JSOL OK
JSOZ OK
JSTL OK
JSTZ OK
JSZI OK
JSZT OK
JSZL OK
JSZO OK
JSLI OK
JSLO OK
JSLT OK
JSLZ OK
JZIO OK
JZIT OK
JZIL OK
JZOI OK
JZOT OK
JZIS OK
JZTI OK
JZOL OK
JZOS OK
JZTO OK
JZTL OK
JZTS OK
JZSI OK
JZSO OK
JZSL OK
JZST OK
JZLI OK
JZLO OK
JZLT OK
JZLS OK
JLIO OK
JLIS OK
JLIT OK
JLIZ OK
JLOI OK
JLOS OK
JLOT OK
JLTI OK
JLOZ OK
JLTO OK
JLTS OK
JLSI OK
JLTZ OK
JLZI OK
JLST OK
JLZT OK
JLZO OK
JLSO OK
LIOT OK
JLZS OK
LIOS OK
LIOJ OK
LITO OK
LIOZ OK
LITS OK
LITZ OK
LITJ OK
JLSZ OK
LIST OK
LISJ OK
LISO OK
LIZT OK
LIZO OK
LIZS OK
LISZ OK
LIZJ OK
LIJO OK
LIJT OK
LIJS OK
LIJZ OK
LOIT OK
LOIS OK
LOIZ OK
LOIJ OK
LOTI OK
LOTS OK
LOTZ OK
LOTJ OK
LOSI OK
LOST OK
LOSJ OK
LOSZ OK
LOZT OK
LOZI OK
LOZJ OK
LOJI OK
LOJT OK
LOJS OK
LOJZ OK
LTIO OK
LTIS OK
LTIZ OK
LTIJ OK
LOZS OK
LTOI OK
LTOS OK
LTOZ OK
LTOJ OK
LTSI OK
LTSO OK
LTZI OK
LTSJ OK
LTSZ OK
LTZO OK
LTZJ OK
LTJI OK
LTZS OK
LTJO OK
LTJS OK
LTJZ OK
LSIO OK
LSIT OK
LSIJ OK
LSOI OK
LSOT OK
LSIZ OK
LSOJ OK
LSOZ OK
LSTI OK
LSTO OK
LSTJ OK
LSZI OK
LSTZ OK
LSZJ OK
LSJI OK
LSZT OK
LSJO OK
LSZO OK
LSJT OK
LSJZ OK
LZIT OK
LZIO OK
LZIJ OK
LZIS OK
LZOT OK
LZOI OK
LZOJ OK
LZTI OK
LZTO OK
LZOS OK
LZTS OK
LZTJ OK
LZSI OK
LZST OK
LZSJ OK
LZJI OK
LZJO OK
LZJT OK
LZSO OK
LZJS OK
LJIO OK
LJIT OK
LJIS OK
LJIZ OK
LJOI OK
LJOT OK
LJOS OK
LJTI OK
LJOZ OK
LJTO OK
LJTS OK
LJSI OK
LJTZ OK
LJST OK
LJZI OK
LJZO OK
LJSO OK
LJZT OK
LJSZ OK
LJZS OK
