IOTL OK
IOTJ OK
IOTS OK
IOTZ OK
IOST OK
IOSJ OK
IOSL OK
IOZT OK
IOZJ OK
IOZL OK
IOJT OK
IOJS OK
IOJZ OK
IOJL OK
IOZS OK
IOLT OK
IOLS OK
IOLJ OK
IOLZ OK
IOSZ OK
ITOJ OK
ITOZ OK
ITOS OK
ITOL OK
ITSJ OK
ITSO OK
ITSZ OK
ITSL OK
ITZJ OK
ITZO OK
ITZL OK
ITZS OK
ITJO OK
ITJL OK
ITJZ OK
ITJS OK
ITLO OK
ITLS OK
ITLZ OK
ITLJ OK
ISOT OK
ISOJ OK
ISOL OK
ISTO OK
ISTZ OK
ISTJ OK
ISTL OK
ISZT OK
ISZJ OK
ISZL OK
ISJO OK
ISOZ OK
ISJT OK
ISJL OK
ISJZ OK
ISLO OK
ISLT OK
ISZO OK
ISLJ OK
IZOT OK
ISLZ OK
IZTO OK
IZOJ OK
IZOL OK
IZTS OK
IZOS OK
IZTJ OK
IZTL OK
IZST OK
IZSJ OK
IZJO OK
IZJT OK
IZSO OK
IZJL OK
IZJS OK
IZSL OK
IZLT OK
IZLJ OK
IJOT OK
IZLO OK
IJOL OK
IJOS OK
IJOZ OK
IJTO OK
IJTS OK
IJTL OK
IJTZ OK
IZLS OK
IJST OK
IJSO OK
IJSL OK
IJSZ OK
IJZT OK
IJZL OK
IJZO OK
IJLO OK
IJZS OK
IJLT OK
IJLS OK
IJLZ OK
ILOT OK
ILOJ OK
ILOS OK
ILTO OK
ILOZ OK
ILTS OK
ILTZ OK
ILTJ OK
ILST OK
ILSJ OK
ILZT OK
ILSO OK
ILZJ OK
ILJO OK
ILZO OK
ILJT OK
ILJS OK
ILSZ OK
ILJZ OK
OITS OK
OITJ OK
OITZ OK
OITL OK
ILZS OK
OIST OK
OISJ OK
OISL OK
OIZT OK
OIZJ OK
OIZL OK
OIJT OK
OIJS OK
OIZS OK
OIJL OK
OIJZ OK
OILT OK
OISZ OK
OILJ OK
OILS OK
OILZ OK
OTIS OK
OTIZ OK
OTIJ OK
OTIL OK
OTSI OK
OTSJ OK
OTSL OK
OTZI OK
OTZJ OK
OTSZ OK
OTZL OK
OTJI OK
OTJS OK
OTJZ OK
OTZS OK
OTJL OK
OTLI OK
OTLS OK
OTLZ OK
OTLJ OK
OSIT OK
OSIJ OK
OSTI OK
OSIL OK
OSTZ OK
OSTJ OK
OSTL OK
OSZT OK
OSZJ OK
OSZL OK
OSJI OK
OSIZ OK
OSJT OK
OSJL OK
OSJZ OK
OSLI OK
OSLT OK
OSLZ OK
OSZI OK
OSLJ OK
OZIT OK
OZIS OK
OZIJ OK
OZTI OK
OZIL OK
OZTJ OK
OZSI OK
OZTS OK
OZTL OK
OZSJ OK
OZST OK
OZSL OK
OZJI OK
OZJT OK
OZJL OK
OZLI OK
OZLJ OK
OZLT OK
OJIT OK
OJIS OK
OZJS OK
OJIZ OK
OZLS OK
OJIL OK
OJTI OK
OJTS OK
OJTZ OK
OJTL OK
OJSI OK
OJST OK
OJSL OK
OJSZ OK
OJZI OK
OJZL OK
OJZT OK
OJLI OK
OJLT OK
OJLS OK
OJLZ OK
OLIT OK
OLIS OK
OLIJ OK
OLIZ OK
OLTI OK
OLTS OK
OLTZ OK
OLTJ OK
OLSI OK
OLST OK
OLSZ OK
OLSJ OK
OLZI OK
OLZT OK
OLJI OK
OLZJ OK
OLJT OK
OLJS OK
OJZS OK
OLJZ OK
TIOS OK
TIOJ OK
TIOZ OK
TIOL OK
OLZS OK
TISO OK
TISZ OK
TISJ OK
TISL OK
TIZO OK
TIZJ OK
TIZL OK
TIZS OK
TIJO OK
TIJS OK
TIJZ OK
TIJL OK
TILO OK
TILS OK
TILZ OK
TILJ OK
TOIJ OK
TOIS OK
TOIL OK
TOIZ OK
TOSI OK
TOSL OK
TOSJ OK
TOZI OK
TOZJ OK
TOSZ OK
TOZL OK
TOJI OK
TOJS OK
TOJZ OK
TOZS OK
TOJL OK
TOLI OK
TOLS OK
TOLJ OK
TOLZ OK
TSIO OK
TSIZ OK
TSIJ OK
TSIL OK
TSOI OK
TSZI OK
TSOJ OK
TSOL OK
TSZL OK
TSOZ OK
TSZJ OK
TSJI OK
TSJO OK
TSJZ OK
TSZO OK
TSJL OK
TSLI OK
TSLO OK
TSLJ OK
TSLZ OK
TZIO OK
TZIS OK
TZIJ OK
TZIL OK
TZOI OK
TZOJ OK
TZSI OK
TZOL OK
TZSL OK
TZOS OK
TZSJ OK
TZJI OK
TZSO OK
TZJO OK
TZJL OK
TZJS OK
TZLI OK
TZLO OK
TZLS OK
TZLJ OK
TJIO OK
TJIS OK
TJIZ OK
TJIL OK
TJOI OK
TJSI OK
TJOS OK
TJOL OK
TJOZ OK
TJSL OK
TJSZ OK
TJSO OK
TJZI OK
TJZL OK
TJLI OK
TJZO OK
TJLO OK
TJLS OK
TJLZ OK
TJZS OK
TLIO OK
TLIS OK
TLIZ OK
TLIJ OK
TLOI OK
TLOS OK
TLOJ OK
TLSI OK
TLOZ OK
TLSO OK
TLSJ OK
TLZI OK
TLSZ OK
TLZJ OK
TLZO OK
TLJI OK
TLJO OK
TLJS OK
TLJZ OK
SIOT OK
SIOZ OK
SIOJ OK
SIOL OK
SITO OK
TLZS OK
SITJ OK
SITL OK
SITZ OK
SIZT OK
SIZO OK
SIZJ OK
SIZL OK
SIJT OK
SIJL OK
SIJO OK
SIJZ OK
SILT OK
SILO OK
SILJ OK
SILZ OK
SOIT OK
SOIZ OK
SOTI OK
SOIJ OK
SOIL OK
SOTZ OK
SOTJ OK
SOZI OK
SOTL OK
SOZT OK
SOZJ OK
SOZL OK
SOJI OK
SOJL OK
SOJT OK
SOJZ OK
SOLI OK
SOLJ OK
SOLT OK
SOLZ OK
STIO OK
STIZ OK
STIJ OK
STIL OK
STOI OK
STOJ OK
STOL OK
STZI OK
STOZ OK
STZJ OK
STJI OK
STJO OK
STZO OK
STZL OK
STJZ OK
STJL OK
STLI OK
STLO OK
STLJ OK
SZIO OK
SZIT OK
SZIJ OK
SZIL OK
SZOI OK
SZOT OK
STLZ OK
SZOJ OK
SZOL OK
SZTI OK
SZTJ OK
SZTO OK
SZTL OK
SZJI OK
SZJL OK
SZJT OK
SZLI OK
SZLJ OK
SZLT OK
SZJO OK
SJIT OK
SJIO OK
SJIL OK
SJIZ OK
SZLO OK
SJOI OK
SJOL OK
SJOT OK
SJOZ OK
SJTI OK
SJTO OK
SJTZ OK
SJTL OK
SJZI OK
SJZL OK
SJZT OK
SJLI OK
SJLO OK
SJLT OK
SJLZ OK
SLIO OK
SLIT OK
SLIZ OK
SLIJ OK
SLOI OK
SJZO OK
SLOT OK
SLOZ OK
SLOJ OK
SLTI OK
SLTO OK
SLTJ OK
SLZI OK
SLZJ OK
SLTZ OK
SLJI OK
SLZT OK
SLJT OK
SLJO OK
SLJZ OK
ZIOT OK
SLZO OK
ZIOJ OK
ZIOS OK
ZIOL OK
ZITO OK
ZITJ OK
ZITS OK
ZITL OK
ZIST OK
ZISO OK
ZISJ OK
ZISL OK
ZIJT OK
ZIJO OK
ZIJL OK
ZIJS OK
ZILJ OK
ZILT OK
ZILO OK
ZILS OK
ZOIT OK
ZOIS OK
ZOIJ OK
ZOTI OK
ZOIL OK
ZOTJ OK
ZOSI OK
ZOTS OK
ZOTL OK
ZOSJ OK
ZOSL OK
ZOST OK
ZOJI OK
ZOJT OK
ZOJL OK
ZOLI OK
ZOLJ OK
ZOLT OK
ZTIO OK
ZTIS OK
ZOJS OK
ZTIJ OK
ZTIL OK
ZOLS OK
ZTOI OK
ZTOJ OK
ZTOL OK
ZTSI OK
ZTOS OK
ZTSJ OK
ZTJI OK
ZTSL OK
ZTSO OK
ZTJO OK
ZTLI OK
ZTLO OK
ZTJS OK
ZTJL OK
ZTLJ OK
ZTLS OK
ZSIT OK
ZSIO OK
ZSIJ OK
ZSIL OK
ZSOI OK
ZSTI OK
ZSOJ OK
ZSOT OK
ZSOL OK
ZSJI OK
ZSTJ OK
ZSTO OK
ZSTL OK
ZSJT OK
ZSJL OK
ZSLI OK
ZSLJ OK
ZSJO OK
ZSLT OK
ZJIO OK
ZJIT OK
ZSLO OK
ZJIL OK
ZJIS OK
ZJOI OK
ZJOT OK
ZJOL OK
ZJTI OK
ZJTO OK
ZJTL OK
ZJSI OK
ZJTS OK
ZJSL OK
ZJST OK
ZJLI OK
ZJOS OK
ZJLO OK
ZJLT OK
ZJLS OK
ZJSO OK
ZLIT OK
ZLIO OK
ZLIS OK
ZLIJ OK
ZLOT OK
ZLOJ OK
ZLOI OK
ZLTO OK
ZLTI OK
ZLTS OK
ZLTJ OK
ZLSI OK
ZLSJ OK
ZLJI OK
ZLOS OK
ZLST OK
ZLJO OK
ZLJT OK
ZLJS OK
JIOT OK
JIOL OK
JIOS OK
ZLSO OK
JIOZ OK
JITO OK
JITS OK
JITL OK
JITZ OK
JISL OK
JIST OK
JISO OK
JISZ OK
JIZT OK
JIZL OK
JIZO OK
JILO OK
JIZS OK
JILT OK
JILS OK
JILZ OK
JOIT OK
JOIL OK
JOIS OK
JOTI OK
JOIZ OK
JOTL OK
JOTS OK
JOTZ OK
JOSI OK
JOSL OK
JOST OK
JOSZ OK
JOZT OK
JOZL OK
JOZI OK
JOLI OK
JOLT OK
JOLS OK
JTIO OK
JOLZ OK
JTIS OK
JTIZ OK
JTIL OK
JTOI OK
JTOS OK
JTOL OK
JTOZ OK
JTSI OK
JTSO OK
JTSZ OK
JTSL OK
JTZI OK
JOZS OK
JTZO OK
JTZL OK
JTLI OK
JTLO OK
JTLS OK
JTLZ OK
JTZS OK
JSIT OK
JSIO OK
JSIL OK
JSIZ OK
JSOI OK
JSOT OK
JSOZ OK
JSOL OK
JSTI OK
JSTO OK
JSTL OK
JSTZ OK
JSZL OK
JSZI OK
JSZT OK
JSLI OK
JSLO OK
JSLT OK
JSLZ OK
JZIT OK
JZIO OK
JZIS OK
JZIL OK
JZOI OK
JZOT OK
JSZO OK
JZOL OK
JZTI OK
JZTO OK
JZTL OK
JZTS OK
JZSI OK
JZSL OK
JZST OK
JZLI OK
JZLO OK
JZLT OK
JZLS OK
JZOS OK
JLIO OK
JLIT OK
JLIS OK
JLIZ OK
JLOI OK
JLOT OK
JLOS OK
JLOZ OK
JLTI OK
JLTO OK
JZSO OK
JLTS OK
JLTZ OK
JLSI OK
JLST OK
JLSO OK
JLSZ OK
JLZI OK
JLZT OK
JLZO OK
LIOT OK
JLZS OK
LIOS OK
LIOJ OK
LITO OK
LIOZ OK
LITS OK
LITZ OK
LITJ OK
LISJ OK
LIST OK
LIZT OK
LISO OK
LIZJ OK
LIZO OK
LIJO OK
LIJT OK
LIJS OK
LISZ OK
LIJZ OK
LOIT OK
LOIJ OK
LOIS OK
LOIZ OK
LOTI OK
LOTS OK
LOTZ OK
LOTJ OK
LOSI OK
LIZS OK
LOST OK
LOSZ OK
LOSJ OK
LOZJ OK
LOZI OK
LOZT OK
LOJI OK
LOJT OK
LOJS OK
LTIO OK
LOJZ OK
LTIS OK
LTIZ OK
LTIJ OK
LTOI OK
LTOS OK
LTOZ OK
LTOJ OK
LTSI OK
LTSO OK
LOZS OK
LTZI OK
LTSJ OK
LTZJ OK
LTZO OK
LTJI OK
LTJO OK
LTJS OK
LTJZ OK
LSIT OK
LTZS OK
LSIJ OK
LTSZ OK
LSIO OK
LSOI OK
LSOJ OK
LSIZ OK
LSOT OK
LSOZ OK
LSTI OK
LSTO OK
LSTJ OK
LSZI OK
LSZJ OK
LSTZ OK
LSJI OK
LSJO OK
LSZT OK
LSJT OK
LSJZ OK
LZIT OK
LZIJ OK
LZIO OK
LZIS OK
LZOT OK
LZOI OK
LZOJ OK
LZTI OK
LZTO OK
LZTJ OK
LZTS OK
LZOS OK
LZSI OK
LZSJ OK
LZST OK
LZJI OK
LZSO OK
LZJO OK
LZJT OK
LZJS OK
LJIO OK
LJIT OK
LJIS OK
LJIZ OK
LJOI OK
LJOT OK
LJOS OK
LJOZ OK
LJTI OK
LJTO OK
LJTS OK
LJTZ OK
LJSI OK
LJST OK
LJSO OK
LJZI OK
LJZO OK
LJZT OK
LJSZ OK
LJZS OK
LSZO CAP
