IOTJ OK
IOTL OK
IOTS OK
IOTZ OK
IOST OK
IOSJ OK
IOSZ OK
IOSL OK
IOZT OK
IOZS OK
IOZJ OK
IOJT OK
IOZL OK
IOJL OK
IOLT OK
IOJZ OK
IOJS OK
IOLJ OK
IOLZ OK
IOLS OK
ITOS OK
ITOJ OK
ITOZ OK
ITOL OK
ITSO OK
ITSJ OK
ITSZ OK
ITSL OK
ITZO OK
ITZJ OK
ITZL OK
ITZS OK
ITJO OK
ITJS OK
ITJZ OK
ITJL OK
ITLO OK
ITLJ OK
ITLS OK
ITLZ OK
ISOT OK
ISOZ OK
ISTO OK
ISOL OK
ISOJ OK
ISTZ OK
ISTJ OK
ISTL OK
ISZO OK
ISZT OK
ISZJ OK
ISJT OK
ISJO OK
ISJL OK
ISLT OK
ISZL OK
ISLO OK
ISLJ OK
ISJZ OK
IZOT OK
IZOS OK
IZOJ OK
IZOL OK
IZTO OK
IZTS OK
IZTJ OK
IZTL OK
IZST OK
ISLZ OK
IZSO OK
IZSJ OK
IZSL OK
IZJT OK
IZJO OK
IZJL OK
IZLT OK
IZLJ OK
IJOT OK
IZJS OK
IZLO OK
IZLS OK
IJOL OK
IJTO OK
IJTS OK
IJTZ OK
IJTL OK
IJST OK
IJOS OK
IJSL OK
IJOZ OK
IJZT OK
IJSO OK
IJZL OK
IJSZ OK
IJLO OK
IJZO OK
IJLT OK
IJLS OK
IJLZ OK
ILOT OK
IJZS OK
ILOJ OK
ILTO OK
ILTS OK
ILTZ OK
ILTJ OK
ILST OK
ILOS OK
ILOZ OK
ILSJ OK
ILZT OK
ILSO OK
ILZJ OK
ILZO OK
ILJO OK
ILJT OK
ILJS OK
ILZS OK
ILJZ OK
OITS OK
OITZ OK
OITJ OK
OITL OK
OIST OK
OISZ OK
ILSZ OK
OISJ OK
OISL OK
OIZT OK
OIZS OK
OIZJ OK
OIJT OK
OIZL OK
OIJL OK
OILT OK
OIJS OK
OIJZ OK
OILJ OK
OTIS OK
OILS OK
OTIZ OK
OILZ OK
OTIJ OK
OTIL OK
OTSI OK
OTSJ OK
OTSL OK
OTZI OK
OTSZ OK
OTZJ OK
OTZL OK
OTJI OK
OTJS OK
OTJZ OK
OTJL OK
OTLI OK
OTLS OK
OTLZ OK
OTLJ OK
OSIT OK
OSIZ OK
OSIJ OK
OSIL OK
OSTI OK
OSTZ OK
OSTJ OK
OSTL OK
OSZI OK
OSZT OK
OTZS OK
OSJI OK
OSJT OK
OSJL OK
OSZJ OK
OSLI OK
OSZL OK
OSLT OK
OSJZ OK
OZIT OK
OSLJ OK
OZIS OK
OZIJ OK
OZIL OK
OZTI OK
OZTS OK
OZTJ OK
OZTL OK
OZST OK
OZSI OK
OSLZ OK
OZJI OK
OZJT OK
OZJL OK
OZLI OK
OZSJ OK
OZSL OK
OZLT OK
OZLJ OK
OJIT OK
OZJS OK
OJIL OK
OJTI OK
OZLS OK
OJTS OK
OJTZ OK
OJTL OK
OJIS OK
OJIZ OK
OJSI OK
OJSL OK
OJZI OK
OJST OK
OJZL OK
OJSZ OK
OJLI OK
OJZT OK
OJLT OK
OJLS OK
OJLZ OK
OLIT OK
OLIJ OK
OLTI OK
OLTS OK
OJZS OK
OLTZ OK
OLTJ OK
OLIS OK
OLIZ OK
OLSI OK
OLSJ OK
OLST OK
OLZI OK
OLSZ OK
OLZT OK
OLZJ OK
OLJI OK
OLJT OK
OLJS OK
OLJZ OK
TIOS OK
TIOZ OK
TIOJ OK
TIOL OK
TISO OK
TISZ OK
TISJ OK
TISL OK
TIZO OK
OLZS OK
TIZS OK
TIZJ OK
TIZL OK
TIJO OK
TIJS OK
TIJZ OK
TIJL OK
TILO OK
TILS OK
TILZ OK
TILJ OK
TOIS OK
TOIZ OK
TOIJ OK
TOIL OK
TOSI OK
TOSJ OK
TOSL OK
TOZI OK
TOZS OK
TOZJ OK
TOSZ OK
TOZL OK
TOJI OK
TOJS OK
TOJZ OK
TOJL OK
TOLI OK
TOLS OK
TOLZ OK
TOLJ OK
TSIO OK
TSIZ OK
TSIJ OK
TSIL OK
TSOI OK
TSOZ OK
TSOJ OK
TSOL OK
TSZI OK
TSZO OK
TSZJ OK
TSZL OK
TSJI OK
TSJO OK
TSJZ OK
TSJL OK
TSLI OK
TSLO OK
TSLZ OK
TSLJ OK
TZIO OK
TZIS OK
TZIJ OK
TZIL OK
TZOI OK
TZOS OK
TZOJ OK
TZOL OK
TZSI OK
TZSO OK
TZSJ OK
TZSL OK
TZJI OK
TZJO OK
TZJS OK
TZJL OK
TZLI OK
TZLO OK
TZLS OK
TZLJ OK
TJIO OK
TJIZ OK
TJIS OK
TJIL OK
TJOI OK
TJOS OK
TJOZ OK
TJOL OK
TJSI OK
TJSO OK
TJSZ OK
TJSL OK
TJZI OK
TJZO OK
TJZS OK
TJZL OK
TJLI OK
TJLO OK
TJLS OK
TJLZ OK
TLIO OK
TLIJ OK
TLIS OK
TLIZ OK
TLOI OK
TLOS OK
TLOJ OK
TLOZ OK
TLSI OK
TLSO OK
TLSZ OK
TLSJ OK
TLZI OK
TLZO OK
TLZS OK
TLZJ OK
TLJI OK
TLJO OK
TLJS OK
TLJZ OK
SIOT OK
SIOZ OK
SIOJ OK
SIOL OK
SITO OK
SITJ OK
SITZ OK
SITL OK
SIZO OK
SIZJ OK
SIZT OK
SIJO OK
SIZL OK
SIJT OK
SIJL OK
SILO OK
SILT OK
SILJ OK
SOIT OK
SOIZ OK
SOIJ OK
SOIL OK
SIJZ OK
SOTI OK
SOTZ OK
SOTJ OK
SOTL OK
SILZ OK
SOZI OK
SOZT OK
SOJI OK
SOJT OK
SOJL OK
SOLI OK
SOZJ OK
SOLT OK
SOZL OK
SOJZ OK
SOLJ OK
STIO OK
STIZ OK
STIJ OK
STIL OK
STOI OK
STOZ OK
STOJ OK
STOL OK
STZI OK
STZO OK
STZJ OK
STZL OK
SOLZ OK
STJI OK
STJO OK
STJL OK
STLI OK
STLO OK
STLJ OK
STJZ OK
STLZ OK
SZIO OK
SZIT OK
SZIJ OK
SZIL OK
SZOT OK
SZOI OK
SZTI OK
SZTO OK
SZTJ OK
SZTL OK
SZJI OK
SZOJ OK
SZJT OK
SZJL OK
SZOL OK
SZLI OK
SZLT OK
SZJO OK
SZLJ OK
SJIO OK
SJIT OK
SJIL OK
SJOI OK
SJOT OK
SZLO OK
SJOL OK
SJTI OK
SJTO OK
SJTL OK
SJIZ OK
SJTZ OK
SJOZ OK
SJZL OK
SJZT OK
SJLI OK
SJLO OK
SJLT OK
SJLZ OK
SJZI OK
SLIO OK
SJZO OK
SLIT OK
SLIJ OK
SLOI OK
SLOT OK
SLOJ OK
SLTI OK
SLTO OK
SLIZ OK
SLTJ OK
SLTZ OK
SLZT OK
SLZJ OK
SLJI OK
SLZI OK
SLJO OK
SLOZ OK
SLJT OK
SLJZ OK
ZIOT OK
ZIOS OK
ZIOJ OK
ZIOL OK
ZITO OK
ZITS OK
ZITJ OK
ZITL OK
ZISO OK
ZIST OK
SLZO OK
ZISJ OK
ZISL OK
ZIJT OK
ZIJL OK
ZIJO OK
ZILT OK
ZILJ OK
ZILO OK
ZOIT OK
ZOIS OK
ZOIJ OK
ZIJS OK
ZOIL OK
ZOTI OK
ZOTS OK
ZOTJ OK
ZILS OK
ZOTL OK
ZOSI OK
ZOST OK
ZOJT OK
ZOJI OK
ZOJL OK
ZOLI OK
ZOLT OK
ZOSJ OK
ZOSL OK
ZOLJ OK
ZTIO OK
ZOJS OK
ZTIS OK
ZTIJ OK
ZTIL OK
ZTOI OK
ZTOS OK
ZTOJ OK
ZTOL OK
ZTSI OK
ZTSO OK
ZOLS OK
ZTSJ OK
ZTSL OK
ZTJI OK
ZTJO OK
ZTJS OK
ZTJL OK
ZTLI OK
ZTLJ OK
ZSIO OK
ZTLO OK
ZSIT OK
ZTLS OK
ZSIJ OK
ZSIL OK
ZSOI OK
ZSOT OK
ZSTI OK
ZSTO OK
ZSTJ OK
ZSTL OK
ZSJI OK
ZSJT OK
ZSOJ OK
ZSOL OK
ZSJL OK
ZSLI OK
ZSLT OK
ZSLJ OK
ZSJO OK
ZJIT OK
ZJIL OK
ZJIO OK
ZJOT OK
ZSLO OK
ZJOL OK
ZJOI OK
ZJTI OK
ZJTO OK
ZJTS OK
ZJTL OK
ZJIS OK
ZJSI OK
ZJST OK
ZJSL OK
ZJLI OK
ZJOS OK
ZJLO OK
ZJLT OK
ZJLS OK
ZLIT OK
ZLIO OK
ZLIJ OK
ZJSO OK
ZLOT OK
ZLOJ OK
ZLTI OK
ZLIS OK
ZLTO OK
ZLOI OK
ZLTS OK
ZLTJ OK
ZLOS OK
ZLSI OK
ZLST OK
ZLSJ OK
ZLJI OK
ZLJO OK
ZLJT OK
ZLJS OK
JIOT OK
JIOL OK
JITO OK
ZLSO OK
JITS OK
JITZ OK
JITL OK
JIST OK
JIOS OK
JIOZ OK
JISL OK
JIZT OK
JISO OK
JIZL OK
JILO OK
JISZ OK
JILT OK
JILS OK
JIZO OK
JILZ OK
JOIT OK
JOIL OK
JIZS OK
JOTI OK
JOTS OK
JOTZ OK
JOTL OK
JOSI OK
JOIS OK
JOIZ OK
JOSL OK
JOZI OK
JOST OK
JOZL OK
JOLI OK
JOSZ OK
JOLT OK
JOLS OK
JOLZ OK
JOZT OK
JTIO OK
JTIS OK
JTIZ OK
JTIL OK
JTOI OK
JOZS OK
JTOS OK
JTOZ OK
JTOL OK
JTSO OK
JTSI OK
JTSL OK
JTZI OK
JTZO OK
JTZS OK
JTZL OK
JTLI OK
JTLO OK
JTLS OK
JTLZ OK
JTSZ OK
JSIT OK
JSIL OK
JSIO OK
JSOI OK
JSOL OK
JSTI OK
JSIZ OK
JSOT OK
JSTL OK
JSTO OK
JSOZ OK
JSTZ OK
JSZT OK
JSZL OK
JSLI OK
JSLO OK
JSLT OK
JSZI OK
JSLZ OK
JZIT OK
JZIO OK
JZIL OK
JSZO OK
JZOI OK
JZOT OK
JZOL OK
JZTI OK
JZTO OK
JZTL OK
JZTS OK
JZIS OK
JZSI OK
JZSL OK
JZLI OK
JZOS OK
JZLO OK
JZLT OK
JZLS OK
JLIO OK
JLIT OK
JLIS OK
JLIZ OK
JZSO OK
JLOI OK
JLOT OK
JZST OK
JLOS OK
JLOZ OK
JLTI OK
JLTO OK
JLTS OK
JLTZ OK
JLSI OK
JLSO OK
JLST OK
JLSZ OK
JLZI OK
JLZT OK
JLZO OK
LIOT OK
JLZS OK
LIOJ OK
LITO OK
LITS OK
LITZ OK
LITJ OK
LIST OK
LIOS OK
LIOZ OK
LISJ OK
LIZT OK
LISO OK
LIZJ OK
LISZ OK
LIJO OK
LIJT OK
LIJS OK
LIZO OK
LIJZ OK
LOIT OK
LIZS OK
LOIJ OK
LOTI OK
LOTS OK
LOTZ OK
LOTJ OK
LOSI OK
LOIS OK
LOIZ OK
LOSJ OK
LOST OK
LOZI OK
LOSZ OK
LOZT OK
LOZJ OK
LOJI OK
LOJT OK
LOJS OK
LOJZ OK
LTIO OK
LTIS OK
LTIZ OK
LTIJ OK
LTOI OK
LTOS OK
LTOZ OK
LTOJ OK
LTSI OK
LTSO OK
LTSJ OK
LTSZ OK
LTZI OK
LOZS OK
LTZS OK
LTZO OK
LTZJ OK
LTJI OK
LTJO OK
LTJS OK
LTJZ OK
LSIT OK
LSIJ OK
LSIO OK
LSOI OK
LSOJ OK
LSIZ OK
LSTI OK
LSOT OK
LSTJ OK
LSTO OK
LSTZ OK
LSZT OK
LSZJ OK
LSZI OK
LSJI OK
LSJO OK
LSJT OK
LSJZ OK
LZIT OK
LZIO OK
LZIJ OK
LZIS OK
LZOT OK
LZOI OK
LZOJ OK
LZTI OK
LZTO OK
LZOS OK
LZTJ OK
LZTS OK
LZSI OK
LZSO OK
LZST OK
LZSJ OK
LZJI OK
LZJO OK
LZJT OK
LZJS OK
LJIO OK
LJIT OK
LJIS OK
LJIZ OK
LJOI OK
LJOT OK
LJOS OK
LJOZ OK
LJTI OK
LJTO OK
LJTS OK
LJTZ OK
LJSI OK
LJSO OK
LJST OK
LJSZ OK
LJZI OK
LJZO OK
LJZT OK
LJZS OK
LSOZ CAP
LSZO CAP
