IOTS OK
IOTJ OK
IOTL OK
IOTZ OK
IOST OK
IOSZ OK
IOSJ OK
IOSL OK
IOZT OK
IOJT OK
IOZS OK
IOZJ OK
IOZL OK
IOJL OK
IOLT OK
IOJS OK
IOJZ OK
ITOS OK
IOLJ OK
ITOZ OK
ITOJ OK
ITOL OK
ITSO OK
ITSZ OK
ITSJ OK
IOLS OK
ITZO OK
ITSL OK
IOLZ OK
ITZL OK
ITZJ OK
ITZS OK
ITJO OK
ITJZ OK
ITJS OK
ITLO OK
ITJL OK
ITLJ OK
ISOT OK
ITLZ OK
ITLS OK
ISTO OK
ISOJ OK
ISOZ OK
ISOL OK
ISTZ OK
ISTJ OK
ISTL OK
ISZO OK
ISZT OK
ISJT OK
ISZJ OK
ISJO OK
ISJL OK
ISLO OK
ISLT OK
ISLJ OK
ISZL OK
IZOT OK
IZOS OK
IZOJ OK
IZTO OK
IZOL OK
IZTS OK
IZTJ OK
IZTL OK
ISJZ OK
IZSO OK
IZST OK
IZSJ OK
IZSL OK
ISLZ OK
IZJT OK
IZJO OK
IZJL OK
IZJS OK
IZLT OK
IZLO OK
IZLJ OK
IJOT OK
IZLS OK
IJOL OK
IJOS OK
IJTO OK
IJOZ OK
IJTS OK
IJTZ OK
IJTL OK
IJST OK
IJSL OK
IJZT OK
IJZO OK
IJZL OK
IJZS OK
IJLO OK
IJLT OK
IJLS OK
IJSO OK
IJLZ OK
ILOT OK
IJSZ OK
ILTO OK
ILOJ OK
ILTS OK
ILTZ OK
ILTJ OK
ILST OK
ILOS OK
ILOZ OK
ILSJ OK
ILZT OK
ILZO OK
ILSO OK
ILZJ OK
ILJO OK
ILJT OK
ILZS OK
ILJS OK
ILJZ OK
OITS OK
OITZ OK
OITJ OK
OITL OK
OIST OK
ILSZ OK
OISZ OK
OISJ OK
OISL OK
OIZT OK
OIZS OK
OIZJ OK
OIJT OK
OIZL OK
OIJL OK
OIJS OK
OILT OK
OIJZ OK
OTIS OK
OILJ OK
OTIZ OK
OTIJ OK
OTIL OK
OTSI OK
OTSJ OK
OILS OK
OILZ OK
OTSL OK
OTZI OK
OTZS OK
OTZJ OK
OTZL OK
OTJI OK
OTJS OK
OTJZ OK
OTJL OK
OTLI OK
OTLS OK
OTLZ OK
OTLJ OK
OSIT OK
OTSZ OK
OSIZ OK
OSIJ OK
OSIL OK
OSTI OK
OSTJ OK
OSTL OK
OSZI OK
OSTZ OK
OSZT OK
OSJI OK
OSJT OK
OSZL OK
OSZJ OK
OSJL OK
OSLI OK
OSLT OK
OZIT OK
OSLJ OK
OSJZ OK
OZIS OK
OZIJ OK
OZTI OK
OZIL OK
OZTJ OK
OZTL OK
OZTS OK
OZSI OK
OZST OK
OZSJ OK
OSLZ OK
OZSL OK
OZJT OK
OZJI OK
OZJL OK
OZJS OK
OZLT OK
OZLI OK
OZLJ OK
OJIT OK
OZLS OK
OJIS OK
OJIL OK
OJIZ OK
OJTI OK
OJTS OK
OJTZ OK
OJTL OK
OJSI OK
OJST OK
OJSL OK
OJZT OK
OJZI OK
OJZL OK
OJLI OK
OJLT OK
OJLS OK
OJLZ OK
OLIT OK
OLIS OK
OLIZ OK
OJSZ OK
OLTI OK
OLIJ OK
OLTS OK
OLTJ OK
OLTZ OK
OLSI OK
OLST OK
OLSJ OK
OLZI OK
OLZT OK
OLZJ OK
OLJI OK
OLJT OK
OLJS OK
OLZS OK
TIOS OK
OLSZ OK
OLJZ OK
TIOZ OK
TIOJ OK
TIOL OK
TISO OK
TISZ OK
TISJ OK
TISL OK
TIZO OK
TIZS OK
TIZJ OK
TIZL OK
TIJO OK
TIJS OK
TIJL OK
TIJZ OK
TILO OK
TILS OK
TILZ OK
TILJ OK
TOIS OK
TOIZ OK
TOIJ OK
TOIL OK
TOSI OK
TOSL OK
TOSJ OK
TOZI OK
TOZS OK
TOZJ OK
TOZL OK
TOJI OK
TOJS OK
TOJZ OK
TOJL OK
TOLI OK
TOLS OK
TOLZ OK
TOLJ OK
TSIO OK
TSIZ OK
TSIJ OK
TOSZ OK
TSIL OK
TSOI OK
TSOL OK
TSOJ OK
TSZI OK
TSZO OK
TSOZ OK
TSZJ OK
TSJI OK
TSZL OK
TSJO OK
TSJL OK
TSJZ OK
TSLI OK
TSLO OK
TSLJ OK
TSLZ OK
TZIO OK
TZIS OK
TZIJ OK
TZIL OK
TZOI OK
TZOS OK
TZOJ OK
TZOL OK
TZSI OK
TZSO OK
TZSJ OK
TZSL OK
TZJI OK
TZJO OK
TZJS OK
TZJL OK
TZLI OK
TZLO OK
TZLS OK
TZLJ OK
TJIO OK
TJIS OK
TJIZ OK
TJIL OK
OJZS CAP
TJOI OK
TJOS OK
TJOZ OK
TJOL OK
TJSI OK
TJSO OK
TJSZ OK
TJSL OK
TJZI OK
TJZO OK
TJZL OK
TJZS OK
TJLI OK
TJLO OK
TJLS OK
TJLZ OK
TLIO OK
TLIS OK
TLIZ OK
TLIJ OK
TLOI OK
TLOS OK
TLOJ OK
TLOZ OK
TLSI OK
TLSO OK
TLSJ OK
TLZI OK
TLSZ OK
TLZO OK
TLZS OK
TLZJ OK
TLJI OK
TLJO OK
TLJS OK
TLJZ OK
SIOT OK
SIOZ OK
SIOJ OK
SIOL OK
SITO OK
SITZ OK
SITJ OK
SITL OK
SIZO OK
SIZT OK
SIJT OK
SIJO OK
SIZJ OK
SIJL OK
SILO OK
SILT OK
SIZL OK
SILJ OK
SOIT OK
SOIZ OK
SIJZ OK
SOIJ OK
SOIL OK
SOTI OK
SOTJ OK
SILZ OK
SOTL OK
SOTZ OK
SOZI OK
SOJI OK
SOZT OK
SOJT OK
SOZL OK
SOZJ OK
SOJL OK
SOLI OK
SOLT OK
STIO OK
SOLJ OK
SOJZ OK
STIZ OK
STIJ OK
STIL OK
STOI OK
STOJ OK
STOL OK
STZI OK
STZO OK
STOZ OK
STZJ OK
SOLZ OK
STZL OK
STJI OK
STJO OK
STJZ OK
STJL OK
STLI OK
STLO OK
STLJ OK
STLZ OK
SZIO OK
SZIT OK
SZOI OK
SZIJ OK
SZIL OK
SZOT OK
SZTI OK
SZTJ OK
SZTL OK
SZTO OK
SZOL OK
SZJI OK
SZJT OK
SZOJ OK
SZJL OK
SZLT OK
SZLI OK
SZLJ OK
SJIO OK
SJIT OK
SJIL OK
SZLO OK
SZJO OK
SJOT OK
SJOI OK
SJTI OK
SJOL OK
SJTO OK
SJTZ OK
SJTL OK
SJIZ OK
SJZT OK
SJZI OK
SJLI OK
SJZL OK
SJOZ OK
SJLT OK
SJLO OK
SJLZ OK
SLIO OK
SLIT OK
SLIJ OK
SLOI OK
SLOT OK
SJZO OK
SLTI OK
SLOJ OK
SLTO OK
SLTZ OK
SLTJ OK
SLIZ OK
SLZT OK
SLZI OK
SLZJ OK
SLJI OK
SLJT OK
SLJO OK
ZIOT OK
SLOZ OK
SLJZ OK
ZIOS OK
ZIOJ OK
ZIOL OK
ZITO OK
ZITS OK
ZITJ OK
ZITL OK
ZISO OK
ZIST OK
ZISJ OK
SLZO OK
ZISL OK
ZIJO OK
ZIJT OK
ZIJL OK
ZILO OK
ZILT OK
ZIJS OK
ZILJ OK
ZILS OK
ZOIT OK
ZOIS OK
ZOIJ OK
ZOIL OK
ZOTI OK
ZOTJ OK
ZOTS OK
ZOTL OK
ZOSI OK
ZOST OK
ZOSJ OK
ZOSL OK
ZOJI OK
ZOJT OK
ZOLI OK
ZOJL OK
ZOJS OK
ZOLT OK
ZOLJ OK
ZTIO OK
ZTIS OK
ZOLS OK
ZTIJ OK
ZTIL OK
ZTOI OK
ZTOS OK
ZTOJ OK
ZTOL OK
ZTSI OK
ZTSO OK
ZTSJ OK
ZTSL OK
ZTJI OK
ZTJO OK
ZTJS OK
ZTJL OK
ZTLI OK
ZTLO OK
ZTLS OK
ZTLJ OK
ZSIO OK
ZSIT OK
ZSIJ OK
ZSIL OK
ZSOI OK
ZSTI OK
ZSOJ OK
ZSOL OK
ZSOT OK
ZSTJ OK
ZSTO OK
ZSTL OK
ZSJI OK
ZSJT OK
ZSLI OK
ZSJL OK
ZSJO OK
ZSLT OK
ZSLJ OK
ZJIO OK
ZSLO OK
ZJIT OK
ZJIL OK
ZJOI OK
ZJOT OK
ZJIS OK
ZJOL OK
ZJTI OK
ZJTO OK
ZJOS OK
ZJTS OK
ZJTL OK
ZJST OK
ZJSI OK
ZJSL OK
ZJSO OK
ZJLI OK
ZJLO OK
ZJLT OK
ZLIO OK
ZJLS OK
ZLIT OK
ZLIS OK
ZLIJ OK
ZLOT OK
ZLOI OK
ZLOJ OK
ZLTI OK
ZLTO OK
ZLTS OK
ZLOS OK
ZLTJ OK
ZLST OK
ZLSI OK
ZLSJ OK
ZLSO OK
ZLJI OK
ZLJT OK
ZLJO OK
ZLJS OK
JIOT OK
JIOL OK
JITO OK
JIOS OK
JIOZ OK
JITS OK
JITZ OK
JITL OK
JIST OK
JISL OK
JISO OK
JIZT OK
JIZL OK
JIZO OK
JILO OK
JILT OK
JIZS OK
JILS OK
JILZ OK
JOIT OK
JOIL OK
JOIS OK
JOIZ OK
JOTI OK
JOTS OK
JOTZ OK
JOTL OK
JISZ OK
JOST OK
JOSL OK
JOSI OK
JOZT OK
JOZI OK
JOZL OK
JOLI OK
JOLT OK
JOLS OK
JOLZ OK
JTIO OK
JTIS OK
JTIZ OK
JTIL OK
JTOI OK
JTOS OK
JTOZ OK
JTOL OK
JTSI OK
JOSZ OK
JTSO OK
JTSZ OK
JTSL OK
JTZI OK
JTZO OK
JTZL OK
JTZS OK
JTLI OK
JTLO OK
JTLS OK
JTLZ OK
JSIT OK
JOZS OK
JSIO OK
JSIL OK
JSOT OK
JSOI OK
JSOL OK
JSTI OK
JSTO OK
JSTZ OK
JSTL OK
JSZI OK
JSIZ OK
JSZT OK
JSZL OK
JSLI OK
JSLT OK
JSLO OK
JSLZ OK
JSOZ OK
JZIT OK
JZIO OK
JZIL OK
JZIS OK
JZOT OK
JZOI OK
JSZO OK
JZOL OK
JZTI OK
JZTO OK
JZTL OK
JZTS OK
JZSI OK
JZST OK
JZLI OK
JZSL OK
JZLT OK
JZLO OK
JLIO OK
JZLS OK
JLIT OK
JLIS OK
JLIZ OK
JLOI OK
JLOT OK
JLOS OK
JLOZ OK
JLTI OK
JLTO OK
JLTS OK
JZOS OK
JLTZ OK
JLSI OK
JLST OK
JLSO OK
JLSZ OK
JZSO OK
JLZI OK
JLZO OK
LIOT OK
JLZT OK
JLZS OK
LITO OK
LIOJ OK
LITS OK
LITZ OK
LITJ OK
LIST OK
LIOS OK
LIOZ OK
LISJ OK
LIZT OK
LIZO OK
LISO OK
LIZJ OK
LIJO OK
LIJT OK
LIZS OK
LIJS OK
LIJZ OK
LOIT OK
LOIS OK
LOIJ OK
LOIZ OK
LISZ OK
LOTI OK
LOTS OK
LOTZ OK
LOTJ OK
LOST OK
LOSI OK
LOZT OK
LOSJ OK
LOZI OK
LOZJ OK
LOJI OK
LOJT OK
LOJS OK
LOJZ OK
LTIO OK
LTIS OK
LTIZ OK
LTIJ OK
LTOI OK
LTOS OK
LOZS OK
LTOZ OK
LTOJ OK
LTSI OK
LTSO OK
LTSZ OK
LTSJ OK
LTZI OK
LTZO OK
LOSZ OK
LTZS OK
LTZJ OK
LTJI OK
LTJO OK
LTJS OK
LTJZ OK
LSIT OK
LSIO OK
LSIJ OK
LSOT OK
LSOI OK
LSTI OK
LSOJ OK
LSTO OK
LSTZ OK
LSTJ OK
LSZI OK
LSZT OK
LSZJ OK
LSIZ OK
LSJI OK
LSJT OK
LSJO OK
LSJZ OK
LSOZ OK
LZIT OK
LZIO OK
LZIJ OK
LZIS OK
LZOT OK
LZOI OK
LZOJ OK
LSZO OK
LZTI OK
LZTO OK
LZTS OK
LZTJ OK
LZST OK
LZSI OK
LZSJ OK
LZJI OK
LZJO OK
LZJT OK
LZJS OK
LJIO OK
LZOS OK
LJIT OK
LJIS OK
LJIZ OK
LJOI OK
LJOT OK
LJTI OK
LJOS OK
LZSO OK
LJOZ OK
LJTO OK
LJTS OK
LJTZ OK
LJSI OK
LJST OK
LJZI OK
LJSO OK
LJSZ OK
LJZO OK
LJZT OK
LJZS OK
