IOTZ OK
IOTL OK
IOTJ OK
IOTS OK
IOST OK
IOZT OK
IOSJ OK
IOSZ OK
IOSL OK
IOZS OK
IOJT OK
IOZJ OK
IOZL OK
IOJS OK
IOJZ OK
IOLT OK
IOJL OK
ITOS OK
IOLJ OK
ITOZ OK
ITOJ OK
ITOL OK
ITSO OK
ITSJ OK
ITSZ OK
ITSL OK
IOLZ OK
IOLS OK
ITZO OK
ITZJ OK
ITJO OK
ITZS OK
ITZL OK
ITJS OK
ITJZ OK
ITJL OK
ITLO OK
ITLS OK
ITLJ OK
ISOT OK
ITLZ OK
ISTO OK
ISTZ OK
ISOZ OK
ISOJ OK
ISOL OK
ISTJ OK
ISTL OK
ISZT OK
ISZJ OK
ISZO OK
ISJT OK
ISJO OK
ISJL OK
ISLT OK
ISZL OK
ISLO OK
ISLJ OK
IZOT OK
ISJZ OK
IZOS OK
IZOJ OK
IZTO OK
IZOL OK
IZTS OK
IZTJ OK
IZTL OK
IZSO OK
IZST OK
IZSJ OK
IZSL OK
IZJO OK
IZJT OK
IZJS OK
IZJL OK
ISLZ OK
IZLO OK
IZLT OK
IZLJ OK
IZLS OK
IJOT OK
IJOS OK
IJOL OK
IJOZ OK
IJTO OK
IJTL OK
IJTS OK
IJTZ OK
IJSL OK
IJST OK
IJZT OK
IJZO OK
IJZL OK
IJZS OK
IJLO OK
IJLT OK
IJSO OK
IJLS OK
IJLZ OK
ILOT OK
IJSZ OK
ILOS OK
ILOJ OK
ILOZ OK
ILTO OK
ILTJ OK
ILTS OK
ILTZ OK
ILST OK
ILSJ OK
ILSO OK
ILZT OK
ILZO OK
ILZS OK
ILZJ OK
ILJO OK
ILJT OK
ILJS OK
ILJZ OK
OITS OK
OITZ OK
OITL OK
OITJ OK
OIST OK
OISJ OK
OISZ OK
OIZT OK
OISL OK
OIZS OK
OIZJ OK
ILSZ OK
OIZL OK
OIJT OK
OIJS OK
OIJZ OK
OIJL OK
OILT OK
OILJ OK
OTIS OK
OTIZ OK
OTIJ OK
OTIL OK
OTSI OK
OTSZ OK
OILS OK
OTSJ OK
OILZ OK
OTSL OK
OTZI OK
OTZJ OK
OTZS OK
OTZL OK
OTJI OK
OTJZ OK
OTJS OK
OTJL OK
OTLI OK
OTLZ OK
OTLS OK
OTLJ OK
OSIT OK
OSTI OK
OSIJ OK
OSIZ OK
OSTZ OK
OSTJ OK
OSIL OK
OSTL OK
OSZT OK
OSZI OK
OSJT OK
OSJI OK
OSJL OK
OSZL OK
OSLI OK
OSZJ OK
OSLT OK
OZIT OK
OSLJ OK
OSJZ OK
OZIS OK
OZIJ OK
OZIL OK
OZTI OK
OZTJ OK
OZTS OK
OZTL OK
OZSI OK
OZST OK
OZSJ OK
OZSL OK
OZJT OK
OZJI OK
OSLZ OK
OZJS OK
OZJL OK
OZLI OK
OZLT OK
OZLS OK
OZLJ OK
OJIT OK
OJIS OK
OJIL OK
OJIZ OK
OJTI OK
OJTS OK
OJTZ OK
OJTL OK
OJSI OK
OJST OK
OJSL OK
OJZI OK
OJZT OK
OJZL OK
OJLI OK
OJLT OK
OJLS OK
OJLZ OK
OLIT OK
OJZS OK
OLIS OK
OLIZ OK
OJSZ OK
OLIJ OK
OLTI OK
OLTS OK
OLTZ OK
OLTJ OK
OLSI OK
OLST OK
OLSJ OK
OLZT OK
OLZI OK
OLZJ OK
OLJI OK
OLJT OK
OLJS OK
OLJZ OK
TIOS OK
TIOZ OK
TIOJ OK
OLZS OK
TIOL OK
TISO OK
TISJ OK
TISL OK
TISZ OK
OLSZ OK
TIZO OK
TIZS OK
TIZJ OK
TIZL OK
TIJO OK
TIJS OK
TIJZ OK
TIJL OK
TILO OK
TILS OK
TILZ OK
TILJ OK
TOIS OK
TOIZ OK
TOIJ OK
TOIL OK
TOSI OK
TOSZ OK
TOSJ OK
TOSL OK
TOZI OK
TOZJ OK
TOZL OK
TOZS OK
TOJI OK
TOJS OK
TOJZ OK
TOJL OK
TOLI OK
TOLS OK
TOLJ OK
TSIO OK
TOLZ OK
TSIZ OK
TSIJ OK
TSIL OK
TSOI OK
TSOZ OK
TSOJ OK
TSOL OK
TSZI OK
TSZO OK
TSZJ OK
TSJI OK
TSZL OK
TSJO OK
TSJL OK
TSLI OK
TSJZ OK
TSLO OK
TSLJ OK
TSLZ OK
TZIS OK
TZIO OK
TZIJ OK
TZIL OK
TZOI OK
TZOS OK
TZOJ OK
TZOL OK
TZSI OK
TZSO OK
TZSJ OK
TZSL OK
TZJI OK
TZJO OK
TZJS OK
TZJL OK
TZLI OK
TZLO OK
TZLS OK
TZLJ OK
TJIO OK
TJIS OK
TJIZ OK
TJIL OK
TJOI OK
TJOS OK
TJOZ OK
TJOL OK
TJSI OK
TJSL OK
TJSO OK
TJZI OK
TJSZ OK
TJZO OK
TJZS OK
TJZL OK
TJLI OK
TJLO OK
TJLS OK
TJLZ OK
TLIO OK
TLIS OK
TLIZ OK
TLIJ OK
TLOI OK
TLOJ OK
TLOS OK
TLSI OK
TLOZ OK
TLSJ OK
TLSO OK
TLZI OK
TLSZ OK
TLZO OK
TLZS OK
TLZJ OK
TLJI OK
TLJO OK
TLJS OK
TLJZ OK
SIOT OK
SITO OK
SITZ OK
SIOZ OK
SIOJ OK
SIOL OK
SITJ OK
SITL OK
SIZT OK
SIZO OK
SIZJ OK
SIZL OK
SIJT OK
SIJL OK
SIJO OK
SILT OK
SILO OK
SILJ OK
SOIT OK
SILZ OK
SOIZ OK
SOIJ OK
SIJZ OK
SOIL OK
SOTZ OK
SOTI OK
SOTJ OK
SOTL OK
SOZT OK
SOZI OK
SOZJ OK
SOJT OK
SOJL OK
SOJI OK
SOLT OK
SOLI OK
SOZL OK
STIO OK
SOLJ OK
STIZ OK
STIJ OK
STIL OK
STOI OK
SOJZ OK
STOZ OK
STOJ OK
STOL OK
STZI OK
STZO OK
STZJ OK
STJI OK
STZL OK
STJO OK
STJL OK
STLI OK
STJZ OK
SOLZ OK
STLO OK
STLJ OK
STLZ OK
SZIO OK
SZIT OK
SZIJ OK
SZOT OK
SZIL OK
SZOI OK
SZTI OK
SZTO OK
SZOJ OK
SZTJ OK
SZTL OK
SZJI OK
SZJT OK
SZJL OK
SZJO OK
SZLI OK
SZLT OK
SZOL OK
SZLJ OK
SZLO OK
SJIL OK
SJIT OK
SJOT OK
SJIO OK
SJOL OK
SJOI OK
SJTI OK
SJTO OK
SJTL OK
SJTZ OK
SJIZ OK
SJZI OK
SJZT OK
SJZO OK
SJZL OK
SJLI OK
SJLO OK
SJLT OK
SJLZ OK
SLIT OK
SJOZ OK
SLIO OK
SLIJ OK
SLIZ OK
SLOT OK
SLOI OK
SLTI OK
SLOJ OK
SLTO OK
SLTJ OK
SLTZ OK
SLZI OK
SLZT OK
SLZO OK
SLZJ OK
SLJI OK
SLJT OK
SLJO OK
ZIOT OK
SLJZ OK
ZIOS OK
ZIOJ OK
ZITO OK
ZIOL OK
ZITS OK
ZITJ OK
ZITL OK
ZISO OK
ZIST OK
ZISJ OK
ZISL OK
ZIJO OK
ZIJT OK
SLOZ OK
ZILO OK
ZIJL OK
ZIJS OK
ZILT OK
ZILJ OK
ZOIT OK
ZILS OK
ZOIS OK
ZOIJ OK
ZOIL OK
ZOTI OK
ZOTS OK
ZOTJ OK
ZOSI OK
ZOTL OK
ZOST OK
ZOSJ OK
ZOJI OK
ZOSL OK
ZOJT OK
ZOLI OK
ZOJS OK
ZOJL OK
ZOLJ OK
ZTIO OK
ZOLT OK
ZOLS OK
ZTIS OK
ZTIJ OK
ZTIL OK
ZTOI OK
ZTOS OK
ZTOJ OK
ZTOL OK
ZTSI OK
ZTSO OK
ZTSJ OK
ZTSL OK
ZTJI OK
ZTJO OK
ZTJS OK
ZTJL OK
ZTLI OK
ZTLO OK
ZTLS OK
ZTLJ OK
ZSIO OK
ZSIT OK
ZSIJ OK
ZSIL OK
ZSOI OK
ZSOT OK
ZSTI OK
ZSOJ OK
ZSOL OK
ZSTJ OK
ZSTL OK
ZSJI OK
ZSTO OK
ZSLI OK
ZSJT OK
ZSJO OK
ZSJL OK
ZJIO OK
ZSLT OK
ZSLO OK
ZSLJ OK
ZJIT OK
ZJOI OK
ZJIL OK
ZJIS OK
ZJOT OK
ZJOL OK
ZJTI OK
ZJOS OK
ZJTO OK
ZJTS OK
ZJTL OK
ZJSI OK
ZJST OK
ZJSL OK
ZJSO OK
ZJLI OK
ZJLT OK
ZLIO OK
ZJLO OK
ZJLS OK
ZLIJ OK
ZLIT OK
ZLIS OK
ZLOI OK
ZLOT OK
ZLOJ OK
ZLTI OK
ZLOS OK
ZLTO OK
ZLTS OK
ZLTJ OK
ZLSI OK
ZLSJ OK
ZLST OK
ZLSO OK
ZLJI OK
ZLJO OK
ZLJT OK
ZLJS OK
JIOT OK
JIOL OK
JIOS OK
JITO OK
JIOZ OK
JITS OK
JITL OK
JITZ OK
JISL OK
JISO OK
JIST OK
JIZT OK
JIZO OK
JIZS OK
JIZL OK
JILO OK
JILT OK
JILS OK
JILZ OK
JOIT OK
JOIS OK
JOIZ OK
JOIL OK
JOTI OK
JOTS OK
JOTZ OK
JOTL OK
JOST OK
JOSI OK
JISZ OK
JOSL OK
JOZI OK
JOZT OK
JOLI OK
JOZL OK
JOLT OK
JOLS OK
JOLZ OK
JTIO OK
JTIS OK
JTIZ OK
JTIL OK
JTOI OK
JTOS OK
JOZS OK
JTOZ OK
JTOL OK
JTSI OK
JOSZ OK
JTSO OK
JTSL OK
JTSZ OK
JTZI OK
JTZO OK
JTZL OK
JTLI OK
JTZS OK
JTLO OK
JTLS OK
JTLZ OK
JSIL OK
JSIT OK
JSIO OK
JSOT OK
JSOI OK
JSOL OK
JSTI OK
JSTO OK
JSTZ OK
JSTL OK
JSZI OK
JSZT OK
JSIZ OK
JSLI OK
JSZL OK
JSLO OK
JSLT OK
JSLZ OK
JSOZ OK
JZIO OK
JZIT OK
JZIL OK
JZIS OK
JZOI OK
JSZO OK
JZOT OK
JZTI OK
JZOL OK
JZTO OK
JZTL OK
JZTS OK
JZSI OK
JZST OK
JZLI OK
JZSL OK
JZLT OK
JZLO OK
JLIO OK
JZLS OK
JZOS OK
JLIT OK
JLIS OK
JLIZ OK
JLOI OK
JLOT OK
JLOS OK
JLTI OK
JZSO OK
JLOZ OK
JLTO OK
JLTS OK
JLTZ OK
JLSI OK
JLST OK
JLZI OK
JLSO OK
JLSZ OK
JLZT OK
JLZO OK
LIOT OK
JLZS OK
LITO OK
LIOJ OK
LIOS OK
LIOZ OK
LITJ OK
LITS OK
LITZ OK
LIST OK
LISJ OK
LISO OK
LIZT OK
LIZO OK
LIZS OK
LIZJ OK
LIJO OK
LIJT OK
LIJS OK
LIJZ OK
LOIT OK
LOIS OK
LOIZ OK
LOIJ OK
LOTI OK
LOTS OK
LOTZ OK
LOTJ OK
LOST OK
LOSI OK
LOZI OK
LOSJ OK
LISZ OK
LOZT OK
LOZJ OK
LOJT OK
LOJI OK
LOJZ OK
LOJS OK
LTIO OK
LTIS OK
LTIZ OK
LTIJ OK
LTOI OK
LTOS OK
LOZS OK
LTOJ OK
LTOZ OK
LTSI OK
LTSO OK
LTSZ OK
LTSJ OK
LOSZ OK
LTZI OK
LTZO OK
LTZS OK
LTZJ OK
LTJI OK
LTJO OK
LTJS OK
LTJZ OK
LSIT OK
LSIJ OK
LSIO OK
LSOT OK
LSOI OK
LSTI OK
LSOJ OK
LSTO OK
LSTZ OK
LSTJ OK
LSZI OK
LSZO OK
LSZT OK
LSZJ OK
LSJI OK
LSIZ OK
LSJT OK
LSJO OK
LSJZ OK
LZIO OK
LZIT OK
LZIJ OK
LZIS OK
LZOI OK
LZOT OK
LSOZ OK
LZOJ OK
LZTI OK
LZTO OK
LZTS OK
LZTJ OK
LZSI OK
LZST OK
LZSO OK
LZSJ OK
LZJI OK
LZJO OK
LZJT OK
LZJS OK
LJIO OK
LJIT OK
LJIS OK
LZOS OK
LJIZ OK
LJOI OK
LJOT OK
LJTI OK
LJOS OK
LJOZ OK
LJTO OK
LJTS OK
LJTZ OK
LJSI OK
LJST OK
LJSO OK
LJZI OK
LJZO OK
LJSZ OK
LJZT OK
LJZS OK
