IOTZ OK
IOTS OK
IOTJ OK
IOTL OK
IOST OK
IOSL OK
IOSJ OK
IOSZ OK
IOZT OK
IOZS OK
IOZJ OK
IOZL OK
IOJT OK
IOJL OK
IOJS OK
IOJZ OK
IOLT OK
IOLJ OK
ITOS OK
ITOZ OK
ITOJ OK
ITOL OK
ITSO OK
ITSJ OK
ITSZ OK
IOLZ OK
IOLS OK
ITSL OK
ITZO OK
ITZJ OK
ITJO OK
ITZL OK
ITZS OK
ITJS OK
ITJZ OK
ITJL OK
ITLO OK
ITLS OK
ITLJ OK
ITLZ OK
ISOT OK
ISOZ OK
ISTO OK
ISOJ OK
ISOL OK
ISTZ OK
ISTJ OK
ISTL OK
ISZO OK
ISZT OK
ISZJ OK
ISJT OK
ISJO OK
ISJL OK
ISLO OK
ISLT OK
ISLJ OK
ISZL OK
IZOT OK
IZOS OK
ISJZ OK
IZOJ OK
IZOL OK
IZTO OK
IZTS OK
IZTJ OK
IZTL OK
IZST OK
IZSJ OK
IZSL OK
IZJO OK
IZJT OK
ISLZ OK
IZJS OK
IZJL OK
IZLT OK
IZLO OK
IZLS OK
IZLJ OK
IJOT OK
IJOL OK
IZSO OK
IJOS OK
IJOZ OK
IJTO OK
IJTL OK
IJTZ OK
IJTS OK
IJSL OK
IJST OK
IJZT OK
IJZO OK
IJZL OK
IJZS OK
IJLO OK
IJLT OK
IJLS OK
IJLZ OK
ILOT OK
IJSO OK
IJSZ OK
ILOJ OK
ILOS OK
ILTO OK
ILOZ OK
ILTS OK
ILTJ OK
ILTZ OK
ILSJ OK
ILST OK
ILSO OK
ILZT OK
ILZO OK
ILZS OK
ILZJ OK
ILJO OK
ILJT OK
ILJS OK
ILJZ OK
OITS OK
OITZ OK
OITJ OK
OITL OK
OIST OK
OISZ OK
OISJ OK
OISL OK
OIZT OK
OIZS OK
OIZJ OK
OIZL OK
OIJT OK
ILSZ OK
OIJS OK
OIJZ OK
OIJL OK
OILT OK
OTIS OK
OILJ OK
OTIZ OK
OTIJ OK
OTIL OK
OTSI OK
OTSZ OK
OTSJ OK
OILZ OK
OILS OK
OTSL OK
OTZI OK
OTZJ OK
OTJI OK
OTZL OK
OTJS OK
OTJZ OK
OTJL OK
OTLI OK
OTLS OK
OTZS OK
OTLJ OK
OTLZ OK
OSIT OK
OSIJ OK
OSIZ OK
OSIL OK
OSTI OK
OSTZ OK
OSTJ OK
OSTL OK
OSZI OK
OSZT OK
OSJT OK
OSJI OK
OSJL OK
OSZL OK
OSLI OK
OSLT OK
OSZJ OK
OSLJ OK
OZIT OK
OSJZ OK
OZIS OK
OZIJ OK
OZIL OK
OZTI OK
OZTJ OK
OZTL OK
OZTS OK
OZSI OK
OZST OK
OZSJ OK
OSLZ OK
OZSL OK
OZJI OK
OZJT OK
OZJS OK
OZJL OK
OZLI OK
OZLT OK
OZLS OK
OZLJ OK
OJIT OK
OJIS OK
OJIZ OK
OJIL OK
OJTI OK
OJTS OK
OJTL OK
OJTZ OK
OJSI OK
OJST OK
OJSL OK
OJZI OK
OJZT OK
OJLI OK
OJZL OK
OJLT OK
OJLS OK
OJLZ OK
OLIT OK
OJZS OK
OJSZ OK
OLIS OK
OLIZ OK
OLIJ OK
OLTI OK
OLTJ OK
OLTS OK
OLTZ OK
OLST OK
OLSI OK
OLSJ OK
OLZI OK
OLZT OK
OLZJ OK
OLJI OK
OLJT OK
OLJS OK
OLJZ OK
TIOS OK
TIOZ OK
TIOJ OK
OLZS OK
TIOL OK
TISO OK
TISJ OK
TISL OK
TISZ OK
OLSZ OK
TIZO OK
TIZJ OK
TIZL OK
TIZS OK
TIJO OK
TIJS OK
TIJZ OK
TIJL OK
TILO OK
TILS OK
TILJ OK
TILZ OK
TOIS OK
TOIZ OK
TOIJ OK
TOIL OK
TOSI OK
TOSZ OK
TOSJ OK
TOSL OK
TOZI OK
TOZJ OK
TOZL OK
TOJI OK
TOJS OK
TOJZ OK
TOJL OK
TOZS OK
TOLI OK
TOLS OK
TOLJ OK
TSIO OK
TOLZ OK
TSIZ OK
TSIJ OK
TSIL OK
TSOI OK
TSOZ OK
TSOJ OK
TSOL OK
TSZI OK
TSZO OK
TSZJ OK
TSJI OK
TSZL OK
TSJO OK
TSJL OK
TSLI OK
TSLO OK
TSJZ OK
TSLJ OK
TSLZ OK
TZIO OK
TZIS OK
TZIL OK
TZIJ OK
TZOI OK
TZOS OK
TZOL OK
TZOJ OK
TZSI OK
TZSO OK
TZSJ OK
TZSL OK
TZJI OK
TZJO OK
TZJL OK
TZJS OK
TZLI OK
TZLO OK
TZLS OK
TZLJ OK
TJIO OK
TJIS OK
TJIL OK
TJIZ OK
TJOI OK
TJOS OK
TJOZ OK
TJOL OK
TJSI OK
TJSL OK
TJSO OK
TJZI OK
TJSZ OK
TJZO OK
TJZL OK
TJZS OK
TJLI OK
TJLO OK
TJLS OK
TJLZ OK
TLIO OK
TLIS OK
TLIZ OK
TLIJ OK
TLOI OK
TLOJ OK
TLOS OK
TLSI OK
TLOZ OK
TLSJ OK
TLSO OK
TLZI OK
TLSZ OK
TLZO OK
TLZS OK
TLZJ OK
TLJI OK
TLJO OK
TLJS OK
TLJZ OK
SIOT OK
SITO OK
SIOJ OK
SIOZ OK
SIOL OK
SITZ OK
SITJ OK
SITL OK
SIZO OK
SIZT OK
SIZL OK
SIZJ OK
SIJT OK
SIJO OK
SIJL OK
SILT OK
SILO OK
SILZ OK
SILJ OK
SOIT OK
SOIZ OK
SOIL OK
SOIJ OK
SOTI OK
SOTZ OK
SOTJ OK
SIJZ OK
SOTL OK
SOZT OK
SOZI OK
SOJT OK
SOZJ OK
SOJI OK
SOJL OK
SOLI OK
SOLT OK
SOLJ OK
SOZL OK
STIO OK
STIZ OK
STIJ OK
STIL OK
STOI OK
STOZ OK
SOJZ OK
STOJ OK
STOL OK
STZI OK
STZO OK
STZJ OK
STZL OK
STJI OK
STJO OK
STJL OK
STLI OK
STJZ OK
SOLZ OK
STLO OK
STLJ OK
SZIO OK
SZIT OK
STLZ OK
SZIJ OK
SZOT OK
SZIL OK
SZOI OK
SZTI OK
SZOJ OK
SZTO OK
SZTJ OK
SZTL OK
SZJI OK
SZJO OK
SZJT OK
SZJL OK
SZLI OK
SZLT OK
SZOL OK
SZLO OK
SZLJ OK
SJIL OK
SJIT OK
SJIO OK
SJOT OK
SJOI OK
SJOL OK
SJTI OK
SJTO OK
SJTL OK
SJTZ OK
SJZI OK
SJIZ OK
SJZO OK
SJZT OK
SJOZ OK
SJLI OK
SJZL OK
SJLO OK
SJLT OK
SJLZ OK
SLIT OK
SLIO OK
SLIJ OK
SLOT OK
SLIZ OK
SLOI OK
SLTI OK
SLOJ OK
SLTO OK
SLTJ OK
SLTZ OK
SLZI OK
SLZT OK
SLZJ OK
SLZO OK
SLJI OK
SLJT OK
SLJO OK
ZIOT OK
SLJZ OK
ZIOS OK
ZIOJ OK
ZIOL OK
ZITO OK
ZITJ OK
ZITS OK
ZITL OK
ZISO OK
ZIST OK
ZISJ OK
SLOZ OK
ZISL OK
ZIJO OK
ZIJT OK
ZIJL OK
ZILO OK
ZIJS OK
ZILT OK
ZILJ OK
ZOIT OK
ZILS OK
ZOIS OK
ZOIJ OK
ZOIL OK
ZOTI OK
ZOTJ OK
ZOTL OK
ZOTS OK
ZOSI OK
ZOST OK
ZOSJ OK
ZOJI OK
ZOSL OK
ZOJT OK
ZOLI OK
ZOJS OK
ZOJL OK
ZOLJ OK
ZTIO OK
ZOLT OK
ZOLS OK
ZTIS OK
ZTIJ OK
ZTIL OK
ZTOI OK
ZTOJ OK
ZTOS OK
ZTOL OK
ZTSI OK
ZTSJ OK
ZTSO OK
ZTSL OK
ZTJI OK
ZTJS OK
ZTJO OK
ZTJL OK
ZTLI OK
ZTLO OK
ZTLS OK
ZTLJ OK
ZSIO OK
ZSIJ OK
ZSIT OK
ZSIL OK
ZSOI OK
ZSOJ OK
ZSOT OK
ZSTI OK
ZSOL OK
ZSTJ OK
ZSTL OK
ZSJI OK
ZSTO OK
ZSLI OK
ZSJO OK
ZSJT OK
ZSJL OK
ZJIO OK
ZSLT OK
ZSLO OK
ZSLJ OK
ZJIT OK
ZJIL OK
ZJOI OK
ZJIS OK
ZJOT OK
ZJTI OK
ZJOL OK
ZJOS OK
ZJTO OK
ZJTS OK
ZJTL OK
ZJSI OK
ZJST OK
ZJSO OK
ZJSL OK
ZJLI OK
ZJLT OK
ZLIO OK
ZJLO OK
ZJLS OK
ZLIJ OK
ZLIT OK
ZLIS OK
ZLOI OK
ZLOJ OK
ZLOT OK
ZLTI OK
ZLOS OK
ZLTO OK
ZLTS OK
ZLTJ OK
ZLSI OK
ZLSJ OK
ZLST OK
ZLJI OK
ZLSO OK
ZLJO OK
ZLJT OK
ZLJS OK
JIOT OK
JIOL OK
JIOS OK
JITO OK
JIOZ OK
JITS OK
JITL OK
JITZ OK
JISL OK
JISO OK
JIST OK
JIZT OK
JIZO OK
JIZS OK
JIZL OK
JILO OK
JILT OK
JILS OK
JILZ OK
JOIT OK
JOIS OK
JOIZ OK
JOIL OK
JOTI OK
JOTS OK
JOTZ OK
JOTL OK
JOSI OK
JOST OK
JISZ OK
JOSL OK
JOZI OK
JOZT OK
JOLI OK
JOZL OK
JOLT OK
JOLS OK
JOLZ OK
JTIO OK
JTIS OK
JTIZ OK
JTIL OK
JTOI OK
JOZS OK
JTOS OK
JOSZ OK
JTOL OK
JTOZ OK
JTSI OK
JTSL OK
JTZI OK
JTSO OK
JTSZ OK
JTZL OK
JTLI OK
JTZO OK
JTZS OK
JTLO OK
JTLS OK
JTLZ OK
JSIL OK
JSIT OK
JSIO OK
JSOI OK
JSOT OK
JSOL OK
JSTI OK
JSTO OK
JSTZ OK
JSTL OK
JSZI OK
JSIZ OK
JSZT OK
JSLI OK
JSOZ OK
JSLO OK
JSZL OK
JSLT OK
JSLZ OK
JZIT OK
JZIO OK
JZIL OK
JZIS OK
JZOI OK
JZOT OK
JSZO OK
JZOL OK
JZTI OK
JZTO OK
JZTL OK
JZTS OK
JZSI OK
JZST OK
JZSL OK
JZLI OK
JZLT OK
JZLO OK
JZOS OK
JLIO OK
JZLS OK
JLIT OK
JLIS OK
JLIZ OK
JLOI OK
JLOT OK
JLOS OK
JLOZ OK
JZSO OK
JLTI OK
JLTO OK
JLTS OK
JLTZ OK
JLSI OK
JLST OK
JLZI OK
JLSO OK
JLZT OK
JLSZ OK
JLZO OK
LIOT OK
JLZS OK
LIOJ OK
LIOS OK
LITO OK
LIOZ OK
LITS OK
LITZ OK
LITJ OK
LIST OK
LISJ OK
LISO OK
LIZT OK
LIZO OK
LIZS OK
LIZJ OK
LIJO OK
LIJT OK
LIJS OK
LIJZ OK
LOIT OK
LOIS OK
LOIJ OK
LOIZ OK
LOTI OK
LOTS OK
LOTZ OK
LOTJ OK
LOST OK
LOSI OK
LISZ OK
LOSJ OK
LOZI OK
LOZJ OK
LOZT OK
LOJT OK
LOJI OK
LOJS OK
LOJZ OK
LTIO OK
LTIS OK
LTIJ OK
LTIZ OK
LTOI OK
LOZS OK
LTOS OK
LTOJ OK
LTOZ OK
LTSI OK
LTSO OK
LTSJ OK
LTSZ OK
LOSZ OK
LTZI OK
LTZO OK
LTZS OK
LTZJ OK
LTJI OK
LTJO OK
LTJS OK
LTJZ OK
LSIJ OK
LSIT OK
LSIO OK
LSOT OK
LSOI OK
LSTI OK
LSOJ OK
LSTO OK
LSTZ OK
LSTJ OK
LSZI OK
LSZT OK
LSZO OK
LSZJ OK
LSJI OK
LSIZ OK
LSJT OK
LSJO OK
LSJZ OK
LZIO OK
LZIT OK
LZIJ OK
LZIS OK
LSOZ OK
LZOI OK
LZOT OK
LZOJ OK
LZTI OK
LZTO OK
LZTS OK
LZTJ OK
LZSI OK
LZST OK
LZSJ OK
LZSO OK
LZJI OK
LZJO OK
LZJT OK
LZJS OK
LJIO OK
LJIT OK
LZOS OK
LJIS OK
LJOI OK
LJIZ OK
LJOT OK
LJOS OK
LJTI OK
LJTO OK
LJOZ OK
LJTS OK
LJTZ OK
LJSI OK
LJST OK
LJZI OK
LJSO OK
LJZO OK
LJSZ OK
LJZT OK
LJZS OK
