IOTJ OK
IOTL OK
IOTZ OK
IOTS OK
IOST OK
IOZT OK
IOSZ OK
IOSJ OK
IOSL OK
IOJT OK
IOZJ OK
IOZL OK
IOJS OK
IOZS OK
IOJL OK
IOLT OK
IOLJ OK
IOJZ OK
ITOS OK
IOLS OK
IOLZ OK
ITOJ OK
ITOL OK
ITSJ OK
ITSL OK
ITOZ OK
ITSO OK
ITZJ OK
ITZL OK
ITZO OK
ITJO OK
ITSZ OK
ITJS OK
ITJZ OK
ITJL OK
ITLO OK
ITLS OK
ITLZ OK
ITLJ OK
ITZS OK
ISOT OK
ISOJ OK
ISTO OK
ISTJ OK
ISOZ OK
ISTL OK
ISOL OK
ISTZ OK
ISZT OK
ISZO OK
ISZJ OK
ISZL OK
ISJO OK
ISJL OK
ISJT OK
ISLT OK
ISLJ OK
ISJZ OK
ISLO OK
IZOT OK
ISLZ OK
IZOJ OK
IZOL OK
IZTO OK
IZTJ OK
IZTL OK
IZOS OK
IZTS OK
IZST OK
IZJO OK
IZJT OK
IZSL OK
IZJL OK
IZSO CAP
IZSJ CAP
IZLT OK
IZLJ OK
IZLO OK
IJOT OK
IJOS OK
IJOL OK
IJTO OK
IZJS CAP
IJTS OK
IJTZ OK
IJTL OK
IJOZ OK
IZLS OK
IJSL OK
IJST OK
IJSO OK
IJZT OK
IJZL OK
IJZO OK
IJLO OK
IJLT OK
IJLS OK
IJLZ OK
IJSZ OK
ILOT OK
ILOJ OK
ILTO OK
ILTS OK
ILTZ OK
ILTJ OK
IJZS OK
ILOS OK
ILOZ OK
ILSJ OK
ILST OK
ILSO OK
ILSZ OK
ILZT OK
ILZJ OK
ILJO OK
ILJT OK
ILJS OK
ILJZ OK
OITS OK
OITZ OK
OITJ OK
ILZO OK
OITL OK
OIST OK
OISJ OK
OISZ OK
OISL OK
OIZT OK
OIZJ OK
OIZL OK
OIJT OK
OIZS OK
OIJL OK
OILT OK
ILZS OK
OIJS OK
OILJ OK
OIJZ OK
OILS OK
OTIJ OK
OTIL OK
OILZ OK
OTIS OK
OTIZ OK
OTSJ OK
OTSL OK
OTSI OK
OTZJ OK
OTZL OK
OTJI OK
OTJS OK
OTJZ OK
OTJL OK
OTLI OK
OTLS OK
OTZI OK
OTLZ OK
OTLJ OK
OSIT OK
OSIZ OK
OSIJ OK
OSIL OK
OTSZ OK
OSTJ OK
OSTI OK
OTZS OK
OSZI OK
OSTL OK
OSTZ OK
OSZT OK
OSJI OK
OSZL OK
OSJL OK
OSJT OK
OSLI OK
OSLT OK
OSLJ OK
OSZJ OK
OZIT OK
OSLZ OK
OZIJ OK
OZIS OK
OZIL OK
OZTJ OK
OSJZ OK
OZTI OK
OZSI OK
OZTL OK
OZTS OK
OZSL OK
OZST OK
OZJT OK
OZJL OK
OZJI OK
OZLI OK
OZLT OK
OZLJ OK
OZSJ CAP
OJIT OK
OJIS OK
OJIL OK
OJTI OK
OJTS OK
OZLS OK
OJTZ OK
OJTL OK
OJIZ OK
OZJS CAP
OJSL OK
OJST OK
OJSI OK
OJZT OK
OJZL OK
OJLI OK
OJLT OK
OJLS OK
OJLZ OK
OJSZ OK
OJZI OK
OLIT OK
OLIJ OK
OLTI OK
OLTS OK
OLIS OK
OLIZ OK
OLTZ OK
OLTJ OK
OLSI OK
OLST OK
OLSJ OK
OLZT OK
OLZI OK
OJZS CAP
OLJI OK
OLZJ OK
OLJT OK
OLJS OK
OLJZ OK
TIOS OK
TIOZ OK
TIOJ OK
TIOL OK
OLSZ CAP
TISJ OK
TISL OK
OLZS OK
TISO OK
TIZJ OK
TIZL OK
TISZ OK
TIJO OK
TIJS OK
TIJZ OK
TIJL OK
TILO OK
TILS OK
TILZ OK
TILJ OK
TIZO OK
TOIJ OK
TOIL OK
TOIS OK
TOIZ OK
TIZS OK
TOSJ OK
TOSL OK
TOSI OK
TOZJ OK
TOZL OK
TOJI OK
TOJS OK
TOJZ OK
TOJL OK
TOZI OK
TOLI OK
TOLS OK
TOLZ OK
TOLJ OK
TOZS OK
TSIJ OK
TSIL OK
TSIO OK
TSIZ OK
TSOJ OK
TSOL OK
TSOI OK
TOSZ CAP
TSZJ OK
TSZL OK
TSZI OK
TSJI OK
TSJO OK
TSJZ OK
TSJL OK
TSLI OK
TSLO OK
TSLJ OK
TSOZ OK
TSLZ OK
TZIJ OK
TZIL OK
TZIO OK
TZOI OK
TZOJ OK
TZIS OK
TZOL OK
TSZO CAP
TZSJ OK
TZSL OK
TZJI OK
TZSI OK
TZJO OK
TZJS OK
TZJL OK
TZLI OK
TZLO OK
TZLS OK
TZLJ OK
TJIO OK
TJIS OK
TJIZ OK
TJIL OK
TJOI OK
TJOS OK
TJOZ OK
TJSI OK
TJOL OK
TJSZ OK
TJSO OK
TJSL OK
TJZI OK
TJZO OK
TJZL OK
TJLI OK
TJZS OK
TJLO OK
TJLS OK
TJLZ OK
TLIO OK
TLIS OK
TLIZ OK
TLIJ OK
TLOI OK
TZOS CAP
TLOJ OK
TLOS OK
TLSI OK
TLOZ OK
TLSJ OK
TLZI OK
TLSO OK
TLZO OK
TLSZ OK
TLZJ OK
TLZS OK
TLJI OK
TLJO OK
TLJS OK
TLJZ OK
TZSO OK
SIOT OK
SIOL OK
SIOJ OK
SITJ OK
SITO OK
SIOZ OK
SITL OK
SIZT OK
SITZ OK
SIZO OK
SIZJ OK
SIZL OK
SIJL OK
SIJT OK
SIJO OK
SILT OK
SILO OK
SILJ OK
SIJZ OK
SOIT OK
SILZ OK
SOIZ OK
SOIJ OK
SOTJ OK
SOIL OK
SOTI OK
SOTL OK
SOZI OK
SOTZ OK
SOZT OK
SOJI OK
SOZL OK
SOJL OK
SOJT OK
SOLI OK
SOLT OK
SOLJ OK
SOZJ OK
STIO OK
STIJ OK
SOLZ OK
STIL OK
STIZ OK
STOJ OK
STOL OK
SOJZ OK
STOI OK
STZJ OK
STZL OK
STJI OK
STJO OK
STJZ OK
STJL OK
STOZ OK
STLI OK
STZI OK
STLJ OK
STLO OK
STLZ OK
SZIT OK
SZIO OK
STZO OK
SZIJ OK
SZIL OK
SZOI OK
SZOT OK
SZTI OK
SZOL OK
SZTJ OK
SZTL OK
SZJI OK
SZOJ OK
SZJL OK
SZJT OK
SZTO OK
SZLI OK
SZLJ OK
SZLT OK
SJIT OK
SZLO OK
SJIL OK
SJIO OK
SZJO OK
SJOT OK
SJOL OK
SJTI OK
SJTO OK
SJTZ OK
SJTL OK
SJIZ OK
SJOI OK
SJZT OK
SJZL OK
SJLI OK
SJZI OK
SJLT OK
SJLO OK
SJLZ OK
SLIT OK
SLIO OK
SLIJ OK
SJOZ OK
SLOI OK
SLIZ OK
SLOJ OK
SLTI OK
SLOT OK
SJZO OK
SLTJ OK
SLTO OK
SLTZ OK
SLOZ OK
SLZJ OK
SLJI OK
SLJO OK
SLJT OK
SLJZ OK
SLZI OK
ZIOT OK
SLZT OK
ZIOJ OK
ZIOL OK
ZIOS OK
ZITJ OK
ZITL OK
ZITO OK
ZITS OK
ZIST OK
SLZO OK
ZIJO OK
ZIJT OK
ZISL OK
ZISO OK
ZIJL OK
ZIJS OK
ZILT OK
ZILJ OK
ZISJ OK
ZOIT OK
ZILO OK
ZOIJ OK
ZOIL OK
ZOIS OK
ZOTJ OK
ZILS OK
ZOTI OK
ZOTL OK
ZOSI OK
ZOTS OK
ZOSL OK
ZOST OK
ZOJI OK
ZOJT OK
ZOJL OK
ZOLI OK
ZOLT OK
ZOLJ OK
ZOSJ CAP
ZTIO OK
ZTIJ OK
ZTIL OK
ZOLS OK
ZTIS OK
ZTOJ OK
ZTOL OK
ZTOI OK
ZOJS CAP
ZTSJ OK
ZTSL OK
ZTSI OK
ZTJI OK
ZTJO OK
ZTJS OK
ZTJL OK
ZTLI OK
ZTLO OK
ZTLS OK
ZTLJ OK
ZSIT OK
ZSIO OK
ZTOS OK
ZSIL OK
ZSOI OK
ZTSO OK
ZSIJ OK
ZSOT OK
ZSTI OK
ZSOL OK
ZSTJ OK
ZSTL OK
ZSJI OK
ZSTO OK
ZSJL OK
ZSOJ OK
ZSJT OK
ZSLI OK
ZSLJ OK
ZSLT OK
ZJIT OK
ZSLO OK
ZJIL OK
ZJIO OK
ZSJO OK
ZJOT OK
ZJIS OK
ZJOL OK
ZJTI OK
ZJTO OK
ZJTL OK
ZJTS OK
ZJOI OK
ZJST OK
ZJSL OK
ZJLI OK
ZJLO OK
ZJSI OK
ZJLT OK
ZJLS OK
ZLIT OK
ZLIO OK
ZLIJ OK
ZLOI OK
ZJOS CAP
ZLIS OK
ZLOJ OK
ZJSO CAP
ZLTI OK
ZLTO OK
ZLTJ OK
ZLTS OK
ZLOT OK
ZLST OK
ZLSJ OK
ZLJI OK
ZLJO OK
ZLJT OK
ZLSI OK
ZLJS OK
ZLOS OK
ZLSO OK
JIOT OK
JIOL OK
JITO OK
JITS OK
JITZ OK
JITL OK
JIOS OK
JIOZ OK
JISL OK
JIST OK
JISO OK
JIZO OK
JIZT OK
JIZL OK
JILO OK
JILT OK
JILS OK
JILZ OK
JISZ OK
JOIT OK
JOIL OK
JOTI OK
JOTS OK
JOIS OK
JOTL OK
JOTZ OK
JIZS OK
JOIZ OK
JOSL OK
JOST OK
JOSI OK
JOZT OK
JOZL OK
JOLI OK
JOLT OK
JOLS OK
JOZI OK
JOLZ OK
JTIO OK
JTIS OK
JTIZ OK
JTIL OK
JOSZ OK
JTOI OK
JTOL OK
JTOS OK
JTOZ OK
JTSI OK
JTSL OK
JTSO OK
JTSZ OK
JTZI OK
JTZL OK
JTLI OK
JTZO OK
JTLO OK
JTLS OK
JTLZ OK
JTZS OK
JSIT OK
JSIL OK
JSIO OK
JSOT OK
JSIZ OK
JSOI OK
JSOL OK
JOZS CAP
JSTI OK
JSTO OK
JSTL OK
JSTZ OK
JSZT OK
JSZL OK
JSLI OK
JSLO OK
JSZI OK
JSLT OK
JSLZ OK
JZIT OK
JZIO OK
JZIL OK
JSOZ CAP
JZIS OK
JSZO CAP
JZOI OK
JZOT OK
JZOL OK
JZTI OK
JZTL OK
JZTO OK
JZTS OK
JZSI OK
JZSL OK
JZLI OK
JZLO OK
JZST OK
JZLT OK
JLIO OK
JZLS OK
JLIT OK
JLIS OK
JLIZ OK
JLOI OK
JLOT OK
JLOS OK
JLOZ OK
JLTI OK
JLTO OK
JLTS OK
JLTZ OK
JLSI OK
JLST OK
JLSO OK
JLZI OK
JLZO OK
JLZT OK
JLZS OK
JZOS CAP
LIOT OK
JZSO CAP
LIOJ OK
LITO OK
LITS OK
LITZ OK
LITJ OK
JLSZ OK
LIOS OK
LIOZ OK
LISJ OK
LISO OK
LIST OK
LIZO OK
LIZJ OK
LIJO OK
LIJT OK
LISZ OK
LIZT OK
LIJS OK
LIJZ OK
LOIT OK
LOIJ OK
LOTI OK
LOTS OK
LOIS OK
LOIZ OK
LOTJ OK
LOTZ OK
LOSI OK
LOST OK
LOSJ OK
LIZS OK
LOZT OK
LOZI OK
LOJI OK
LOJT OK
LOJS OK
LOZJ OK
LTIO OK
LOJZ OK
LTIS OK
LTIZ OK
LTIJ OK
LTOI OK
LTOS OK
LTOZ OK
LTOJ OK
LTSI OK
LTSO OK
LTSJ OK
LTZI OK
LTSZ OK
LTZO OK
LTZS OK
LTZJ OK
LTJI OK
LTJO OK
LOSZ CAP
LTJS OK
LTJZ OK
LOZS OK
LSIJ OK
LSIT OK
LSIO OK
LSIZ OK
LSOI OK
LSOT OK
LSOJ OK
LSTI OK
LSTJ OK
LSTO OK
LSTZ OK
LSZI OK
LSZJ OK
LSJI OK
LSJO OK
LSJT OK
LSJZ OK
LSZT OK
LSOZ CAP
LZIO OK
LZIJ OK
LZIT OK
LZOI OK
LSZO CAP
LZOJ OK
LZTI OK
LZOT OK
LZIS OK
LZTJ OK
LZTO OK
LZTS OK
LZOS OK
LZSJ OK
LZJI OK
LZJO OK
LZJT OK
LZJS OK
LJIO OK
LJIT OK
LJIS OK
LZSI OK
LJIZ OK
LJOI OK
LJOT OK
LZST OK
LJOS OK
LJOZ OK
LJTI OK
LJTO OK
LJTS OK
LJTZ OK
LJSI OK
LJST OK
LJSO OK
LJZI OK
LJZT OK
LJZO OK
LJZS OK
LZSO OK
LJSZ OK
