IOTJ OK
IOTL OK
IOTS OK
IOTZ OK
IOST OK
IOZT OK
IOSJ OK
IOSZ OK
IOSL OK
IOJT OK
IOZS OK
IOZJ OK
IOJL OK
IOZL OK
IOLT OK
IOJS OK
IOLJ OK
IOJZ OK
IOLS OK
ITOJ OK
IOLZ OK
ITOL OK
ITOZ OK
ITSJ OK
ITOS OK
ITSL OK
ITSO OK
ITSZ OK
ITZJ OK
ITZL OK
ITJO OK
ITJS OK
ITJZ OK
ITJL OK
ITLO OK
ITLS OK
ITLZ OK
ITLJ OK
ITZO OK
ISOT OK
ISOZ OK
ISOJ OK
ISOL OK
ISTJ OK
ISTL OK
ISTO OK
ISTZ OK
ITZS OK
ISZO OK
ISZT OK
ISJO OK
ISZJ OK
ISJL OK
ISJT OK
ISZL OK
ISLO OK
ISLJ OK
ISLT OK
IZOT OK
IZOJ OK
IZOS OK
IZTO OK
IZOL OK
ISLZ OK
IZTJ OK
IZTS OK
IZTL OK
ISJZ CAP
IZST OK
IZSO OK
IZSJ OK
IZSL OK
IZJL OK
IZJO OK
IZJT OK
IZJS OK
IZLJ OK
IZLO OK
IZLT OK
IJOT OK
IJOL OK
IJTO OK
IZLS OK
IJTS OK
IJTZ OK
IJTL OK
IJOS OK
IJOZ OK
IJSL OK
IJST OK
IJSO OK
IJZO OK
IJZL OK
IJLO OK
IJLT OK
IJZT OK
IJLS OK
IJLZ OK
IJSZ OK
IJZS OK
ILOJ OK
ILTO OK
ILTS OK
ILTZ OK
ILTJ OK
ILOT OK
ILOZ OK
ILOS OK
ILSJ OK
ILST OK
ILSO OK
ILZO OK
ILZT OK
ILZJ OK
ILSZ OK
ILJO OK
ILJT OK
ILJS OK
ILJZ OK
OITJ OK
OITL OK
OITS OK
OITZ OK
OIST OK
ILZS OK
OISJ OK
OIZT OK
OISZ OK
OISL OK
OIJT OK
OIZJ OK
OIZS OK
OIJL OK
OIZL OK
OILT OK
OIJS OK
OILJ OK
OIJZ OK
OTIS OK
OTIJ OK
OTIL OK
OILS OK
OILZ OK
OTIZ OK
OTSJ OK
OTSL OK
OTSI OK
OTZJ OK
OTZI OK
OTZS OK
OTJI OK
OTZL OK
OTJS OK
OTJZ OK
OTJL OK
OTLI OK
OTLJ OK
OTLZ OK
OTLS OK
OSIT OK
OSIJ OK
OSTI OK
OSIZ OK
OSIL OK
OSTJ OK
OSTZ OK
OSTL OK
OTSZ OK
OSZT OK
OSZI OK
OSJI OK
OSJT OK
OSJL OK
OSLI OK
OSLT OK
OSZJ OK
OSZL OK
OSLJ OK
OZIT OK
OZIS OK
OZIJ OK
OZTI OK
OZIL OK
OZTJ OK
OSJZ OK
OZSI OK
OZTL OK
OSLZ OK
OZTS OK
OZJI OK
OZST OK
OZJT OK
OZSL OK
OZJL OK
OZLI OK
OZSJ CAP
OZJS OK
OZLJ OK
OZLT OK
OJIT OK
OJIL OK
OJTI OK
OJTS OK
OJTZ OK
OJTL OK
OJIS OK
OJIZ OK
OZLS OK
OJST OK
OJSL OK
OJSI OK
OJZT OK
OJZL OK
OJLI OK
OJLT OK
OJLS OK
OJLZ OK
OJZI OK
OLIT OK
OJZS OK
OLIJ OK
OLTI OK
OLTS OK
OLIS OK
OLTJ OK
OLTZ OK
OLIZ OK
OLST OK
OLSJ OK
OLSI OK
OJSZ CAP
OLZT OK
OLZJ OK
OLJI OK
OLZI OK
OLJT OK
OLJS OK
OLJZ OK
TIOS OK
TIOZ OK
TIOJ OK
OLSZ CAP
TIOL OK
TISJ OK
TISL OK
TIZO OK
TIZS OK
OLZS CAP
TIZJ OK
TIZL OK
TIJO OK
TIJS OK
TIJZ OK
TIJL OK
TILO OK
TISO OK
TILS OK
TILZ OK
TILJ OK
TOIJ OK
TOIL OK
TISZ OK
TOIZ OK
TOIS OK
TOSJ OK
TOSI OK
TOSL OK
TOZJ OK
TOZL OK
TOZI OK
TOJI OK
TOZS OK
TOJL OK
TOJS OK
TOJZ OK
TOLI OK
TOLJ OK
TOLS OK
TOSZ OK
TOLZ OK
TSIJ OK
TSIL OK
TSIO OK
TSOI OK
TSOJ OK
TSIZ OK
TSOL OK
TSZJ OK
TSZL OK
TSZI OK
TSJI OK
TSJO OK
TSJZ OK
TSJL OK
TSLI OK
TSLO OK
TSLJ OK
TZIO OK
TSOZ OK
TZIJ OK
TZIL OK
TZIS OK
TZOI OK
TZOJ OK
TSLZ OK
TZOL OK
TZSI OK
TZSJ OK
TZSL OK
TZJI OK
TZJO OK
TZJS OK
TSZO OK
TZJL OK
TZLI OK
TZLO OK
TZLS OK
TJIO OK
TZLJ OK
TJIS OK
TJIZ OK
TJIL OK
TJOI OK
TJOS OK
TJOZ OK
TJSI OK
TJOL OK
TJSO OK
TJSZ OK
TJSL OK
TJZI OK
TJZO OK
TJZS OK
TJZL OK
TJLI OK
TJLO OK
TJLS OK
TLIO OK
TJLZ OK
TLIS OK
TLIZ OK
TLOI OK
TLIJ OK
TLOS OK
TLOZ OK
TLOJ OK
TLSI OK
TZOS OK
TLSJ OK
TLZI OK
TLSO OK
TLZO OK
TLZJ OK
TZSO OK
TLZS OK
TLJI OK
TLJO OK
TLJS OK
TLSZ OK
TLJZ OK
SIOT OK
SITO OK
SIOJ OK
SIOL OK
SIOZ OK
SITJ OK
SITL OK
SIZT OK
SITZ OK
SIZO OK
SIZJ OK
SIJO OK
SIJL OK
SIJT OK
SIZL OK
SILT OK
SIJZ OK
SILJ OK
SOIT OK
SILO OK
SOIJ OK
SOIZ OK
SILZ OK
SOTI OK
SOTZ OK
SOIL OK
SOTJ OK
SOTL OK
SOZT OK
SOZI OK
SOJI OK
SOJT OK
SOJL OK
SOLI OK
SOLT OK
SOZJ OK
SOLJ OK
SOZL OK
SOJZ OK
STIJ OK
STIO OK
STIZ OK
STIL OK
STOJ OK
STOI OK
STOZ OK
STOL OK
STZJ OK
STZL OK
STJI OK
STJO OK
STJZ OK
STJL OK
STLI OK
SOLZ OK
STZI OK
STLJ OK
STLO OK
STZO OK
STLZ OK
SZIO OK
SZIT OK
SZOT OK
SZOI OK
SZIL OK
SZIJ OK
SZTI OK
SZTJ OK
SZTL OK
SZOL OK
SZOJ OK
SZTO OK
SZJL OK
SZJI OK
SZJO OK
SZJT OK
SZLJ OK
SZLI OK
SZLT OK
SJIO OK
SJIL OK
SJIT OK
SJOT OK
SZLO OK
SJOL OK
SJTI OK
SJTO OK
SJTZ OK
SJTL OK
SJIZ OK
SJOI OK
SJZI OK
SJZT OK
SJLI OK
SJZL OK
SJLO OK
SJLT OK
SJZO OK
SJLZ OK
SLIT OK
SLIJ OK
SLIO OK
SLOT OK
SLIZ OK
SLOJ OK
SJOZ OK
SLTI OK
SLOI OK
SLTJ OK
SLTO OK
SLTZ OK
SLZI OK
SLZT OK
SLJI OK
SLZJ OK
SLJT OK
SLJO OK
SLJZ OK
ZIOT OK
ZIOJ OK
ZIOS OK
ZITO OK
SLOZ OK
ZITJ OK
ZITL OK
ZIOL OK
ZITS OK
ZISO OK
SLZO OK
ZIST OK
ZISJ OK
ZISL OK
ZIJO OK
ZIJL OK
ZIJT OK
ZILT OK
ZILJ OK
ZIJS OK
ZOIT OK
ZOIS OK
ZILO OK
ZOIJ OK
ZOTI OK
ZOIL OK
ZOTJ OK
ZILS OK
ZOTL OK
ZOSI OK
ZOSJ OK
ZOJI OK
ZOSL OK
ZOJT OK
ZOJL OK
ZOTS OK
ZOST OK
ZOLI OK
ZOLJ OK
ZTIO OK
ZOLT OK
ZTIJ OK
ZOJS OK
ZTIL OK
ZTOI OK
ZTOJ OK
ZTOL OK
ZTIS OK
ZOLS OK
ZTSJ OK
ZTSL OK
ZTJI OK
ZTJO OK
ZTSI OK
ZTJS OK
ZTJL OK
ZTLI OK
ZTLO OK
ZTLS OK
ZTLJ OK
ZSIT OK
ZSIO OK
ZSIJ OK
ZTOS OK
ZSIL OK
ZSOI OK
ZTSO OK
ZSOJ OK
ZSTI OK
ZSTJ OK
ZSTL OK
ZSOL OK
ZSOT OK
ZSJI OK
ZSJL OK
ZSJT OK
ZSJO OK
ZSLI OK
ZSLJ OK
ZSTO OK
ZSLT OK
ZJIO OK
ZJIL OK
ZJIT OK
ZSLO OK
ZJOT OK
ZJOL OK
ZJTI OK
ZJTO OK
ZJIS OK
ZJTS OK
ZJOI OK
ZJTL OK
ZJOS OK
ZJSL OK
ZJLI OK
ZJLO OK
ZJLT OK
ZJLS OK
ZJST OK
ZJSI OK
ZJSO OK
ZLIJ OK
ZLIT OK
ZLIO OK
ZLIS OK
ZLOJ OK
ZLTI OK
ZLTO OK
ZLOI OK
ZLOT OK
ZLTS OK
ZLTJ OK
ZLST OK
ZLSJ OK
ZLJI OK
ZLSI OK
ZLJT OK
ZLJO OK
ZLJS OK
ZLOS OK
JIOT OK
JIOL OK
JITO OK
JITS OK
JITZ OK
JITL OK
ZLSO OK
JIOS OK
JIOZ OK
JISL OK
JISO OK
JIST OK
JIZO OK
JIZL OK
JILO OK
JILT OK
JILS OK
JILZ OK
JISZ OK
JIZT OK
JOIT OK
JOIL OK
JOTI OK
JOTS OK
JIZS OK
JOTZ OK
JOTL OK
JOIS OK
JOIZ OK
JOSL OK
JOST OK
JOSI OK
JOZT OK
JOZL OK
JOLI OK
JOLT OK
JOZI OK
JOLS OK
JOLZ OK
JTIO OK
JTIS OK
JTIZ OK
JTIL OK
JTOI OK
JTOS OK
JTOZ OK
JTOL OK
JTSI OK
JTSO OK
JTSZ OK
JTSL OK
JTZI OK
JTZO OK
JTZL OK
JTLI OK
JOZS OK
JTLO OK
JTLS OK
JTZS OK
JTLZ OK
JOSZ CAP
JSIO OK
JSIL OK
JSIT OK
JSIZ OK
JSOL OK
JSTI OK
JSOI OK
JSTO OK
JSOT OK
JSTL OK
JSTZ OK
JSZT OK
JSZL OK
JSLI OK
JSLO OK
JSLT OK
JSZI OK
JSZO OK
JSLZ OK
JSOZ CAP
JZIL OK
JZIT OK
JZIO OK
JZIS OK
JZOL OK
JZTI OK
JZOI OK
JZOT OK
JZTL OK
JZTO OK
JZOS OK
JZTS OK
JZSL OK
JZLI OK
JZLO OK
JZLT OK
JZLS OK
JLIO OK
JZSI OK
JLIT OK
JLIS OK
JLIZ OK
JLOI OK
JLOT OK
JZST OK
JLOS OK
JLTI OK
JZSO OK
JLOZ OK
JLTO OK
JLTS OK
JLTZ OK
JLSI OK
JLST OK
JLSO OK
JLZI OK
JLZT OK
JLZO OK
JLSZ OK
JLZS OK
LIOJ OK
LIOT OK
LITO OK
LITS OK
LITZ OK
LITJ OK
LIST OK
LIOS OK
LISJ OK
LIOZ OK
LISO OK
LIZT OK
LIZJ OK
LIJO OK
LIJT OK
LIJS OK
LIJZ OK
LOIT OK
LIZO OK
LISZ OK
LOIJ OK
LOTI OK
LOTS OK
LIZS OK
LOTZ OK
LOTJ OK
LOIS OK
LOIZ OK
LOSJ OK
LOST OK
LOSI OK
LOZT OK
LOZI OK
LOZJ OK
LOJI OK
LOJT OK
LOJS OK
LOJZ OK
LTIO OK
LTIS OK
LTIZ OK
LTIJ OK
LTOI OK
LTOS OK
LTOZ OK
LTOJ OK
LTSI OK
LTSO OK
LTSJ OK
LTZI OK
LTSZ OK
LTZO OK
LTZJ OK
LTZS OK
LTJI OK
LTJO OK
LTJS OK
LTJZ OK
LOSZ CAP
LOZS CAP
LSIT OK
LSIJ OK
LSIO OK
LSIZ OK
LSOT OK
LSOJ OK
LSTI OK
LSOI OK
LSTJ OK
LSTO OK
LSTZ OK
LSZI OK
LSZT OK
LSJI OK
LSZJ OK
LSJT OK
LSJO OK
LSJZ OK
LSOZ CAP
LZIT OK
LZIJ OK
LZIO OK
LZIS OK
LSZO CAP
LZOJ OK
LZTI OK
LZOT OK
LZOI OK
LZTJ OK
LZTO OK
LZTS OK
LZSI OK
LZSJ OK
LZJI OK
LZJO OK
LZJT OK
LZJS OK
LJIO OK
LJIT OK
LJIS OK
LJIZ OK
LZST OK
LJOI OK
LJOT OK
LJOS OK
LJOZ OK
LJTI OK
LJTO OK
LZOS OK
LJTS OK
LJTZ OK
LJSI OK
LJST OK
LJSO OK
LJZI OK
LJZO OK
LJZT OK
LJZS OK
LJSZ OK
LZSO OK
