IOTJ OK
IOTL OK
IOTS OK
IOTZ OK
IOST OK
IOZT OK
IOZS OK
IOSZ OK
IOSJ OK
IOSL OK
IOZJ OK
IOZL OK
IOJL OK
IOJT OK
IOLT OK
IOJS OK
IOJZ OK
IOLJ OK
IOLS OK
ITOJ OK
ITOZ OK
ITOS OK
ITOL OK
ITSJ OK
IOLZ OK
ITSL OK
ITSO OK
ITZJ OK
ITZO OK
ITZL OK
ITZS OK
ITJO OK
ITJS OK
ITJZ OK
ITJL OK
ITLO OK
ITLS OK
ITLZ OK
ITLJ OK
ISOT OK
ITSZ OK
ISTO OK
ISOJ OK
ISOZ OK
ISTJ OK
ISTL OK
ISTZ OK
ISOL OK
ISZT OK
ISZO OK
ISJT OK
ISJO OK
ISJL OK
ISZL OK
ISZJ OK
ISLT OK
ISLJ OK
IZOT OK
ISLO OK
IZOS OK
IZOJ OK
ISJZ OK
IZOL OK
IZTO OK
IZTJ OK
IZTS OK
ISLZ OK
IZTL OK
IZSO OK
IZST OK
IZJO OK
IZJT OK
IZJL OK
IZLO OK
IZLT OK
IZSJ OK
IZLJ OK
IZSL OK
IZJS OK
IJOT OK
IJOL OK
IJTO OK
IJTS OK
IJTZ OK
IJTL OK
IZLS OK
IJOS OK
IJOZ OK
IJSL OK
IJST OK
IJSO OK
IJZT OK
IJZL OK
IJLO OK
IJLT OK
IJLS OK
IJLZ OK
IJSZ OK
IJZO OK
ILOT OK
ILOJ OK
ILTO OK
ILTS OK
ILTZ OK
IJZS OK
ILTJ OK
ILOS OK
ILOZ OK
ILSJ OK
ILST OK
ILZT OK
ILSO OK
ILZJ OK
ILJO OK
ILJT OK
ILJS OK
ILJZ OK
OITS OK
ILZO OK
OITJ OK
OITL OK
ILSZ OK
OITZ OK
OIST OK
OISZ OK
ILZS OK
OISJ OK
OISL OK
OIZT OK
OIZS OK
OIZJ OK
OIZL OK
OIJL OK
OIJT OK
OILT OK
OIJZ OK
OIJS OK
OILJ OK
OILS OK
OTIJ OK
OTIL OK
OILZ OK
OTSI OK
OTSZ OK
OTSJ OK
OTIS OK
OTIZ OK
OTSL OK
OTZL OK
OTJI OK
OTZJ OK
OTZI OK
OTZS OK
OTJS OK
OTJZ OK
OTJL OK
OTLI OK
OTLS OK
OTLZ OK
OTLJ OK
OSIT OK
OSTI OK
OSIZ OK
OSIJ OK
OSIL OK
OSTJ OK
OSTZ OK
OSTL OK
OSZT OK
OSZI OK
OSJT OK
OSZJ OK
OSJI OK
OSJL OK
OSZL OK
OSLT OK
OSLJ OK
OSLI OK
OZIT OK
OZIS OK
OZIJ OK
OSJZ OK
OZIL OK
OZTI OK
OSLZ OK
OZTJ OK
OZTS OK
OZTL OK
OZST OK
OZSI OK
OZJT OK
OZJI OK
OZJL OK
OZSJ OK
OZSL OK
OZLT OK
OZLJ OK
OZLI OK
OZJS OK
OZLS OK
OJIL OK
OJIT OK
OJTI OK
OJTS OK
OJTL OK
OJTZ OK
OJST OK
OJIS OK
OJSL OK
OJIZ OK
OJSI OK
OJZT OK
OJZL OK
OJLI OK
OJLT OK
OJZI OK
OJLS OK
OJLZ OK
OLIT OK
OJZS OK
OLIJ OK
OLTI OK
OLTS OK
OLTZ OK
OLTJ OK
OLIS OK
OLIZ OK
OLST OK
OLSJ OK
OLSI OK
OJSZ OK
OLZT OK
OLZJ OK
OLJI OK
OLJT OK
OLZI OK
OLJS OK
OLJZ OK
OLSZ OK
TIOJ OK
TIOL OK
TIOS OK
TIOZ OK
TISJ OK
TISL OK
TISO OK
TIZO OK
TIZJ OK
TIZS OK
TIZL OK
TIJO OK
OLZS OK
TIJS OK
TIJL OK
TIJZ OK
TILO OK
TILS OK
TILZ OK
TILJ OK
TOIJ OK
TOIL OK
TISZ OK
TOIZ OK
TOIS OK
TOSL OK
TOSI OK
TOSJ OK
TOZI OK
TOZJ OK
TOJI OK
TOZL OK
TOSZ OK
TOJL OK
TOZS OK
TOLI OK
TOJS OK
TOJZ OK
TOLS OK
TOLZ OK
TOLJ OK
TSIJ OK
TSIL OK
TSIO OK
TSIZ OK
TSOJ OK
TSOL OK
TSOI OK
TSZJ OK
TSZI OK
TSZL OK
TSJI OK
TSJO OK
TSJZ OK
TSJL OK
TSLI OK
TSLO OK
TSLZ OK
TSLJ OK
TSOZ OK
TZIO OK
TZIJ OK
TZIS OK
TZIL OK
TZOJ OK
TZOI OK
TZOL OK
TZOS OK
TSZO OK
TZSI OK
TZJI OK
TZSJ OK
TZSL OK
TZJO OK
TZJL OK
TZSO OK
TZJS OK
TZLI OK
TZLO OK
TJIO OK
TZLJ OK
TJIS OK
TJIL OK
TJIZ OK
TJOI OK
TZLS OK
TJOL OK
TJSI OK
TJOS OK
TJSO OK
TJOZ OK
TJSZ OK
TJSL OK
TJZI OK
TJLI OK
TJZL OK
TJZO OK
TJLS OK
TJLO OK
TJZS OK
TJLZ OK
TLIO OK
TLIS OK
TLIZ OK
TLIJ OK
TLOI OK
TLOS OK
TLOZ OK
TLOJ OK
TLSI OK
TLSO OK
TLSZ OK
TLSJ OK
TLZI OK
TLZO OK
TLJI OK
TLZJ OK
TLJO OK
TLJS OK
TLJZ OK
TLZS OK
SIOT OK
SITO OK
SIOZ OK
SIOJ OK
SITJ OK
SIOL OK
SITL OK
SITZ OK
SIZT OK
SIZO OK
SIZJ OK
SIJO OK
SIJL OK
SIJT OK
SIZL OK
SILT OK
SILJ OK
SOIT OK
SILO OK
SIJZ OK
SILZ OK
SOIZ OK
SOIJ OK
SOTJ OK
SOTL OK
SOTI OK
SOTZ OK
SOIL OK
SOZT OK
SOZI OK
SOZJ OK
SOJT OK
SOJL OK
SOJI OK
SOZL OK
SOLT OK
SOLJ OK
SOLI OK
STIO OK
STIJ OK
STIL OK
SOJZ OK
STIZ OK
SOLZ OK
STOJ OK
STOL OK
STOI OK
STOZ OK
STZJ OK
STZL OK
STJI OK
STJZ OK
STJO OK
STJL OK
STLI OK
STZI OK
STLO OK
STLZ OK
STLJ OK
SZIT OK
STZO OK
SZIO OK
SZIJ OK
SZOT OK
SZIL OK
SZTI OK
SZOI OK
SZTJ OK
SZTL OK
SZOJ OK
SZOL OK
SZTO OK
SZJL OK
SZJT OK
SZJI OK
SZJO OK
SZLJ OK
SZLI OK
SZLT OK
SJIT OK
SJIL OK
SZLO OK
SJIO OK
SJOT OK
SJOL OK
SJTI OK
SJTO OK
SJTZ OK
SJTL OK
SJOI OK
SJIZ OK
SJOZ OK
SJZL OK
SJLI OK
SJLO OK
SJLT OK
SJLZ OK
SJZT OK
SJZI OK
SLIT OK
SLIJ OK
SLIO OK
SJZO OK
SLOT OK
SLOJ OK
SLTI OK
SLTO OK
SLTZ OK
SLTJ OK
SLOI OK
SLIZ OK
SLOZ OK
SLZJ OK
SLJI OK
SLJO OK
SLJT OK
SLZI OK
SLJZ OK
SLZT OK
ZIOT OK
ZIOS OK
ZIOJ OK
ZIOL OK
ZITJ OK
ZITO OK
ZITL OK
SLZO OK
ZITS OK
ZISO OK
ZIST OK
ZIJO OK
ZIJT OK
ZIJL OK
ZILO OK
ZISJ OK
ZISL OK
ZILJ OK
ZILT OK
ZOIT OK
ZOIS OK
ZOIJ OK
ZOIL OK
ZIJS OK
ZOTI OK
ZOTJ OK
ZOTS OK
ZOTL OK
ZILS OK
ZOST OK
ZOSI OK
ZOJT OK
ZOJI OK
ZOJL OK
ZOSJ OK
ZOSL OK
ZOLT OK
ZOLJ OK
ZTIO OK
ZOLI OK
ZTIJ OK
ZTIL OK
ZTIS OK
ZOJS OK
ZOLS OK
ZTOJ OK
ZTOI OK
ZTOS OK
ZTOL OK
ZTSJ OK
ZTSL OK
ZTSI OK
ZTJI OK
ZTSO OK
ZTJL OK
ZTJO OK
ZTLI OK
ZTJS OK
ZTLJ OK
ZTLO OK
ZTLS OK
ZSIT OK
ZSIO OK
ZSOT OK
ZSIJ OK
ZSIL OK
ZSOI OK
ZSTI OK
ZSTO OK
ZSTJ OK
ZSOJ OK
ZSOL OK
ZSTL OK
ZSJL OK
ZSJI OK
ZSJT OK
ZSJO OK
ZSLI OK
ZSLJ OK
ZSLO OK
ZSLT OK
ZJIL OK
ZJIT OK
ZJOT OK
ZJIO OK
ZJOL OK
ZJTI OK
ZJTO OK
ZJTS OK
ZJOI OK
ZJTL OK
ZJIS OK
ZJOS OK
ZJSL OK
ZJLI OK
ZJST OK
ZJLO OK
ZJLT OK
ZJSI OK
ZJLS OK
ZLIT OK
ZLIJ OK
ZJSO OK
ZLOT OK
ZLIO OK
ZLOJ OK
ZLTI OK
ZLOI OK
ZLIS OK
ZLTO OK
ZLTJ OK
ZLOS OK
ZLSI OK
ZLSJ OK
ZLTS OK
ZLJI OK
ZLSO OK
ZLST OK
ZLJT OK
ZLJO OK
ZLJS OK
JIOL OK
JITO OK
JITS OK
JITZ OK
JITL OK
JIOT OK
JIOS OK
JIOZ OK
JISL OK
JIST OK
JISO OK
JIZT OK
JIZL OK
JILO OK
JILT OK
JILS OK
JILZ OK
JIZO OK
JISZ OK
JOIT OK
JIZS OK
JOIL OK
JOTI OK
JOTS OK
JOTZ OK
JOTL OK
JOST OK
JOIZ OK
JOIS OK
JOSL OK
JOSI OK
JOZT OK
JOZL OK
JOLI OK
JOLT OK
JOLS OK
JOLZ OK
JTIO OK
JTIS OK
JOZI OK
JTIZ OK
JTIL OK
JTOI OK
JTOS OK
JTOZ OK
JTOL OK
JTSI OK
JTSO OK
JTSL OK
JTSZ OK
JTZI OK
JOZS OK
JTZO OK
JTZL OK
JTLI OK
JTLO OK
JTLS OK
JTLZ OK
JSIT OK
JSIO OK
JSIL OK
JTZS OK
JOSZ OK
JSOI OK
JSOL OK
JSIZ OK
JSTI OK
JSOT OK
JSTL OK
JSOZ OK
JSTO OK
JSTZ OK
JSZL OK
JSLI OK
JSZI OK
JSLO OK
JSLT OK
JSLZ OK
JZIT OK
JSZT OK
JZIL OK
JSZO OK
JZIO OK
JZOT OK
JZOL OK
JZTI OK
JZIS OK
JZOI OK
JZTL OK
JZOS OK
JZTO OK
JZTS OK
JZSL OK
JZLI OK
JZLO OK
JZLT OK
JZSI OK
JZST OK
JZLS OK
JLIO OK
JLIT OK
JLIS OK
JLOI OK
JLIZ OK
JLOT OK
JLOS OK
JLOZ OK
JLTO OK
JLTI OK
JLTS OK
JZSO OK
JLTZ OK
JLSO OK
JLST OK
JLSI OK
JLZO OK
JLZT OK
JLZI OK
LIOT OK
JLZS OK
LIOJ OK
JLSZ OK
LITO OK
LITS OK
LITJ OK
LITZ OK
LIOS OK
LIOZ OK
LISJ OK
LISO OK
LIST OK
LIZT OK
LIZJ OK
LIJO OK
LIJT OK
LIJS OK
LIJZ OK
LISZ OK
LOIT OK
LIZO OK
LOIJ OK
LOTI OK
LOTS OK
LOTZ OK
LIZS OK
LOTJ OK
LOST OK
LOIZ OK
LOIS OK
LOSJ OK
LOSI OK
LOZT OK
LOZJ OK
LOJI OK
LOJT OK
LOJS OK
LOJZ OK
LTIO OK
LTIS OK
LOZI OK
LTIZ OK
LTIJ OK
LTOI OK
LTOS OK
LOSZ OK
LTOJ OK
LTOZ OK
LTSI OK
LTSO OK
LTSJ OK
LTZI OK
LTZO OK
LTZJ OK
LTJI OK
LOZS OK
LTZS OK
LTJO OK
LTJS OK
LTJZ OK
LTSZ OK
LSIJ OK
LSIT OK
LSIO OK
LSOI OK
LSOJ OK
LSTI OK
LSOT OK
LSIZ OK
LSTJ OK
LSOZ OK
LSTO OK
LSZI OK
LSZJ OK
LSJI OK
LSTZ OK
LSJO OK
LSJT OK
LSJZ OK
LZIT OK
LSZO OK
LSZT OK
LZIJ OK
LZIO OK
LZOT OK
LZOJ OK
LZTI OK
LZTO OK
LZOI OK
LZIS OK
LZTJ OK
LZOS OK
LZST OK
LZTS OK
LZJI OK
LZJO OK
LZJT OK
LZSO OK
LZSJ OK
LJIO OK
LZJS OK
LJIT OK
LJIS OK
LJIZ OK
LJOI OK
LZSI OK
LJOT OK
LJOZ OK
LJOS OK
LJTI OK
LJTO OK
LJTS OK
LJTZ OK
LJSI OK
LJSO OK
LJST OK
LJZT OK
LJZO OK
LJZI OK
LJZS OK
LJSZ OK
