IOTJ OK
IOTL OK
IOTS OK
IOTZ OK
IOST OK
IOZT OK
IOSJ OK
IOSL OK
IOSZ OK
IOZJ OK
IOJT OK
IOZS OK
IOJL OK
IOLT OK
IOZL OK
IOJS CAP
IOLJ OK
IOJZ CAP
ITOS OK
IOLS CAP
ITOZ OK
ITOJ OK
ITOL OK
ITSO OK
ITSJ OK
ITSL OK
ITZO OK
ITZS OK
ITZJ OK
IOLZ CAP
ITZL OK
ITJO OK
ITJS OK
ITJZ OK
ITSZ OK
ITJL OK
ITLO OK
ITLS OK
ITLJ OK
ITLZ OK
ISOT OK
ISTO OK
ISTZ OK
ISTJ OK
ISTL OK
ISOL OK
ISOJ OK
ISOZ OK
ISZT OK
ISZO OK
ISJT OK
ISZJ OK
ISJL OK
ISZL OK
ISJO OK
ISLT OK
ISLJ OK
IZOT OK
IZOS OK
IZOJ OK
IZOL OK
IZTO OK
IZTS OK
IZTJ OK
ISLO OK
IZTL OK
IZST OK
IZSO OK
ISJZ CAP
IZJO OK
IZSJ OK
IZJT OK
IZJL OK
IZSL OK
IZLT OK
ISLZ CAP
IZLJ OK
IZLO OK
IJOT OK
IZJS CAP
IJOL OK
IJTO OK
IJTS OK
IJTZ OK
IZLS CAP
IJTL OK
IJST OK
IJOS CAP
IJSL OK
IJOZ CAP
IJZT OK
IJSO CAP
IJZL OK
IJLO OK
IJLT OK
IJLS OK
IJLZ OK
ILOT OK
IJSZ CAP
IJZO CAP
ILOJ OK
IJZS CAP
ILTO OK
ILTS OK
ILTZ OK
ILTJ OK
ILST OK
ILOS CAP
ILSJ OK
ILOZ CAP
ILZT OK
ILSO CAP
ILZJ OK
ILJO OK
ILJT OK
ILJS OK
ILJZ OK
ILSZ CAP
OITS OK
OITZ OK
OITJ OK
OITL OK
OIST OK
OISZ OK
OISJ OK
OIZT OK
OIZS OK
OIZJ OK
OISL OK
OIJT OK
OIZL OK
ILZO CAP
OIJL OK
OILT OK
ILZS CAP
OIJS CAP
OILJ OK
OTIS OK
OIJZ CAP
OTIZ OK
OTIJ OK
OTIL OK
OTSI OK
OTSJ OK
OTSL OK
OTZI OK
OTSZ OK
OTZJ OK
OTZL OK
OTZS OK
OTJI OK
OTJS OK
OTJZ OK
OTJL OK
OTLI OK
OTLS OK
OTLZ OK
OTLJ OK
OSIT OK
OSIZ OK
OSIJ OK
OSTI OK
OSIL OK
OILS CAP
OSTJ OK
OSTZ OK
OILZ CAP
OSZI OK
OSTL OK
OSZT OK
OSJT OK
OSJI OK
OSJL OK
OSLI OK
OSLT OK
OSZJ CAP
OSZL CAP
OSLJ OK
OZIT OK
OZIJ OK
OZIS OK
OSJZ CAP
OZTI OK
OZIL OK
OZTS OK
OZTL OK
OZTJ OK
OZSI OK
OZST OK
OZJI OK
OZJT OK
OSLZ CAP
OZJL OK
OZLI OK
OZSJ OK
OZLT OK
OZSL OK
OZLJ OK
OJIT OK
OZJS CAP
OJIL OK
OJTI OK
OJTS OK
OJTZ OK
OJTL OK
OJSI OK
OZLS CAP
OJIS CAP
OJIZ CAP
OJST OK
OJSL OK
OJZT OK
OJZL OK
OJLI OK
OJLT OK
OJLS OK
OJLZ OK
OJZI OK
OLIT OK
OJSZ CAP
OLIJ OK
OLTI OK
OJZS CAP
OLTS OK
OLTJ OK
OLTZ OK
OLSI OK
OLST OK
OLIS CAP
OLSJ OK
OLIZ CAP
OLZT OK
OLZJ OK
OLJI OK
OLJT OK
OLJS OK
OLZI OK
OLJZ OK
TIOS OK
TIOZ OK
TIOJ OK
TIOL OK
TISO OK
TISJ OK
TISL OK
TIZO OK
TISZ OK
TIZS OK
TIZJ OK
TIZL OK
TIJO OK
TIJS OK
TIJZ OK
TIJL OK
TILO OK
TILS OK
TILZ OK
TILJ OK
TOIS OK
TOIZ OK
TOIJ OK
TOIL OK
TOSI OK
TOSJ OK
TOSL OK
TOZI OK
TOSZ OK
TOZJ OK
TOZS OK
TOJI OK
TOZL OK
TOJS OK
TOJZ OK
TOJL OK
TOLI OK
TOLS OK
TOLZ OK
TOLJ OK
TSIO OK
TSIJ OK
TSIL OK
TSIZ OK
TSOI OK
OLSZ CAP
TSOJ OK
OLZS CAP
TSOL OK
TSZJ OK
TSZI OK
TSJI OK
TSJO OK
TSZL OK
TSJL OK
TSJZ OK
TSLI OK
TSLO OK
TSLZ OK
TSOZ OK
TZIO OK
TZIS OK
TSLJ OK
TZIJ OK
TZIL OK
TZOI OK
TZOJ OK
TZOL OK
TZSI OK
TSZO OK
TZSJ OK
TZJI OK
TZSL OK
TZJO OK
TZJL OK
TZJS OK
TZLI OK
TZLO OK
TZOS OK
TZLS OK
TZLJ OK
TJIO OK
TJIS OK
TJIZ OK
TJIL OK
TJOI OK
TJOS OK
TJOL OK
TJOZ OK
TJSI OK
TJSO OK
TJSL OK
TJZI OK
TJZO OK
TJSZ OK
TJZL OK
TJZS OK
TJLI OK
TJLO OK
TJLS OK
TLIO OK
TJLZ OK
TLIS OK
TLIZ OK
TLIJ OK
TLOI OK
TLOJ OK
TLOS OK
TLOZ OK
TLSI OK
TLSJ OK
TLZI OK
TLSO OK
TLSZ OK
TLZJ OK
TLJI OK
TLZO OK
TLJO OK
TLJS OK
TLZS OK
TLJZ OK
SIOT OK
TZSO OK
SITO OK
SIOJ OK
SITZ OK
SITJ OK
SITL OK
SIZT OK
SIOZ OK
SIOL OK
SIZO OK
SIJO OK
SIJT OK
SIJL OK
SIZJ OK
SIZL OK
SILT OK
SILJ OK
SOIT OK
SOIZ OK
SOIJ OK
SILO OK
SOTI OK
SOTZ OK
SOTJ OK
SOTL OK
SOIL OK
SOZT OK
SOZI OK
SIJZ CAP
SILZ CAP
SOJT OK
SOJI OK
SOJL OK
SOLI OK
SOLT OK
SOZJ CAP
SOLJ OK
STIO OK
SOZL CAP
STIJ OK
STIZ OK
STIL OK
STOI OK
STOZ OK
STOJ OK
STOL OK
STZI OK
STZJ OK
STZL OK
STJI OK
STJO OK
STJZ OK
STJL OK
STZO OK
STLI OK
STLO OK
STLZ OK
STLJ OK
SZIT OK
SOJZ CAP
SZIO OK
SZIJ OK
SZOT OK
SOLZ CAP
SZIL OK
SZTI OK
SZOI OK
SZTJ OK
SZTL OK
SZTO OK
SZOJ OK
SZOL OK
SZJT OK
SZJL OK
SZJI OK
SZLI OK
SZJO OK
SZLJ OK
SZLT OK
SJIT OK
SJIL OK
SZLO OK
SJOT OK
SJIO OK
SJOL OK
SJTI OK
SJOI OK
SJTO OK
SJTL OK
SJTZ OK
SJZI OK
SJZT OK
SJZL OK
SJLI OK
SJLO OK
SJLT OK
SJLZ OK
SJIZ CAP
SLIT OK
SJOZ CAP
SLIJ OK
SLIO OK
SLOT OK
SJZO CAP
SLOJ OK
SLTI OK
SLTO OK
SLOI OK
SLTJ OK
SLTZ OK
SLZI OK
SLIZ CAP
SLZJ OK
SLJI OK
SLJO OK
SLJT OK
SLJZ OK
ZIOT OK
SLOZ CAP
ZIOJ OK
ZIOS OK
ZITO OK
ZITS OK
ZIOL OK
ZITJ OK
ZITL OK
ZIST OK
SLZT OK
ZISO OK
SLZO CAP
ZIJT OK
ZIJO OK
ZIJL OK
ZISJ OK
ZILT OK
ZISL OK
ZILJ OK
ZOIT OK
ZILO OK
ZOIJ OK
ZOIS OK
ZOTI OK
ZOIL OK
ZOTS OK
ZOTJ OK
ZOTL OK
ZOSI OK
ZOST OK
ZOSJ OK
ZOSL OK
ZOJI OK
ZOJT OK
ZOJL OK
ZOLI OK
ZOLT OK
ZIJS CAP
ZOLJ OK
ZTIO OK
ZTIS OK
ZTIJ OK
ZTIL OK
ZTOI OK
ZILS CAP
ZTOS OK
ZTOJ OK
ZTOL OK
ZTSI OK
ZTSJ OK
ZTSL OK
ZTJI OK
ZTJO OK
ZTJS OK
ZTJL OK
ZTLI OK
ZTLO OK
ZTSO OK
ZTLJ OK
ZTLS OK
ZSIT OK
ZOJS CAP
ZSIO OK
ZSIJ OK
ZOLS CAP
ZSOT OK
ZSIL OK
ZSTI OK
ZSOI OK
ZSTJ OK
ZSTL OK
ZSTO OK
ZSOJ OK
ZSOL OK
ZSJT OK
ZSJL OK
ZSJI OK
ZSJO OK
ZSLI OK
ZSLJ OK
ZJIT OK
ZSLT OK
ZJIL OK
ZSLO OK
ZJOT OK
ZJIO OK
ZJOL OK
ZJTI OK
ZJOI OK
ZJTO OK
ZJTL OK
ZJTS OK
ZJSI OK
ZJST OK
ZJSL OK
ZJLI OK
ZJLO OK
ZJLT OK
ZJLS OK
ZJSO OK
ZLIT OK
ZJIS CAP
ZLIJ OK
ZLIO OK
ZJOS CAP
ZLOT OK
ZLOJ OK
ZLTI OK
ZLTO OK
ZLTS OK
ZLOI OK
ZLTJ OK
ZLSI OK
ZLSO OK
ZLSJ OK
ZLJI OK
ZLJO OK
ZLJT OK
ZLIS CAP
ZLJS OK
ZLST OK
JIOT OK
JIOL OK
JITO OK
JITS OK
JITZ OK
JITL OK
ZLOS CAP
JIST OK
JIOZ CAP
JIOS CAP
JISL OK
JIZT OK
JISO OK
JIZL OK
JILO OK
JILT OK
JILS OK
JILZ OK
JOIT OK
JISZ CAP
JIZO CAP
JOIL OK
JIZS CAP
JOTI OK
JOTS OK
JOTZ OK
JOTL OK
JOIS CAP
JOSI OK
JOST OK
JOSL OK
JOZT OK
JOIZ CAP
JOZL OK
JOLI OK
JOLT OK
JOLS OK
JOZI OK
JOLZ OK
JTIO OK
JTIS OK
JTIZ OK
JTIL OK
JTOI OK
JTOS OK
JTOZ OK
JTOL OK
JTSI OK
JTSO OK
JTSL OK
JTZI OK
JTSZ OK
JTZO OK
JTZL OK
JTLI OK
JTLO OK
JTZS OK
JTLS OK
JTLZ OK
JSIT OK
JOSZ CAP
JSIL OK
JSIO OK
JOZS CAP
JSOT OK
JSOL OK
JSTI OK
JSTO OK
JSOI OK
JSTL OK
JSTZ OK
JSIZ CAP
JSZI OK
JSZL OK
JSLI OK
JSLO OK
JSLT OK
JSLZ OK
JSOZ CAP
JZIT OK
JZIO OK
JZIL OK
JSZO CAP
JZOT OK
JSZT CAP
JZOL OK
JZTI OK
JZOI OK
JZTO OK
JZTL OK
JZTS OK
JZIS CAP
JZST OK
JZSL OK
JZLI OK
JZLO OK
JZLT OK
JZLS OK
JLIO OK
JLIT OK
JLIS OK
JLIZ OK
JLOI OK
JLOT OK
JLOS OK
JLOZ OK
JLTI OK
JLTO OK
JLTS OK
JZOS CAP
JLTZ OK
JLSI OK
JLST OK
JLSO OK
JLZI OK
JLZO OK
JLZT OK
JLZS OK
LIOT OK
JZSI OK
JLSZ OK
LIOJ OK
LITO OK
LITS OK
LITZ OK
LITJ OK
JZSO CAP
LIST OK
LIOS CAP
LISJ OK
LIOZ CAP
LIZT OK
LISO CAP
LIZJ OK
LIJO OK
LIJT OK
LIJS OK
LIJZ OK
LOIT OK
LISZ CAP
LIZO CAP
LOIJ OK
LOTI OK
LIZS CAP
LOTS OK
LOTJ OK
LOTZ OK
LOSI OK
LOST OK
LOIS CAP
LOSJ OK
LOIZ CAP
LOZT OK
LOZJ OK
LOJI OK
LOJT OK
LOJS OK
LOJZ OK
LTIO OK
LTIS OK
LTIZ OK
LTIJ OK
LTOI OK
LOZI OK
LTOS OK
LTOJ OK
LTSI OK
LTOZ OK
LTSO OK
LTSJ OK
LTZI OK
LTZO OK
LTZS OK
LTZJ OK
LTJI OK
LTJO OK
LTJS OK
LTJZ OK
LOSZ CAP
LTSZ OK
LSIT OK
LSIJ OK
LOZS CAP
LSIO OK
LSOI OK
LSOJ OK
LSTI OK
LSOT OK
LSTO OK
LSTJ OK
LSIZ CAP
LSZI OK
LSOZ CAP
LSZJ OK
LSJI OK
LSJO OK
LSJT OK
LSJZ OK
LSTZ OK
LZIT OK
LZIO OK
LZIJ OK
LSZO CAP
LZOT OK
LSZT OK
LZOJ OK
LZTI OK
LZOI OK
LZTO OK
LZTJ OK
LZTS OK
LZIS CAP
LZOS CAP
LZSJ OK
LZJI OK
LZJO OK
LZJT OK
LZJS OK
LJIO OK
LJIT OK
LJIS OK
LJIZ OK
LJOI OK
LJOT OK
LJOS OK
LZST OK
LJOZ OK
LJTI OK
LJTO OK
LJTS OK
LZSI OK
LJTZ OK
LJSI OK
LJST OK
LJZI OK
LJSO OK
LJZO OK
LJZT OK
LJZS OK
LZSO CAP
LJSZ OK
