IOTL OK
IOTJ OK
IOTZ OK
IOTS OK
IOST OK
IOZT OK
IOSZ OK
IOSJ OK
IOSL OK
IOJT OK
IOZS OK
IOZJ OK
IOJL OK
IOZL OK
IOLT OK
IOJS CAP
IOLJ OK
ITOS OK
ITOZ OK
ITOJ OK
ITOL OK
IOJZ CAP
IOLS CAP
ITSO OK
ITSL OK
ITSJ OK
IOLZ CAP
ITZJ OK
ITZL OK
ITJO OK
ITJS OK
ITZO OK
ITZS OK
ITJL OK
ITSZ OK
ITLO OK
ITJZ OK
ITLS OK
ITLJ OK
ITLZ OK
ISOT OK
ISTO OK
ISTZ OK
ISOZ OK
ISOJ OK
ISOL OK
ISTJ OK
ISTL OK
ISZT OK
ISZO OK
ISZJ OK
ISJO OK
ISZL OK
ISJL OK
ISJT OK
ISLT OK
ISLJ OK
IZOT OK
ISLO OK
IZOS OK
IZOJ OK
ISJZ CAP
IZTO OK
ISLZ CAP
IZTJ OK
IZTS OK
IZTL OK
IZOL OK
IZST OK
IZSO OK
IZJT OK
IZJO OK
IZJL OK
IZSL OK
IZLT OK
IZSJ CAP
IZLJ OK
IJOT OK
IZLO OK
IZJS CAP
IJOL OK
IJTO OK
IJTS OK
IJTZ OK
IJTL OK
IZLS CAP
IJOS CAP
IJOZ CAP
IJSL OK
IJST OK
IJZT OK
IJSO CAP
IJZL OK
IJLO OK
IJLT OK
IJLS OK
IJLZ OK
ILOT OK
IJSZ CAP
IJZO CAP
ILOJ OK
ILTO OK
ILTS OK
ILTZ OK
ILTJ OK
IJZS CAP
ILST OK
ILOS CAP
ILSJ OK
ILOZ CAP
ILZT OK
ILSO CAP
ILZJ OK
ILJO OK
ILJT OK
ILJS OK
ILJZ OK
OITS OK
OITZ OK
OITJ OK
OITL OK
OIST OK
OISZ OK
ILSZ CAP
ILZO CAP
OIZT OK
OISJ OK
OISL OK
ILZS CAP
OIJT OK
OIZS OK
OIZJ OK
OIJL OK
OILT OK
OIZL OK
OIJS CAP
OILJ OK
OIJZ CAP
OTIS OK
OTIJ OK
OTIL OK
OTIZ OK
OILS CAP
OTSJ OK
OILZ CAP
OTSL OK
OTSI OK
OTZI OK
OTZJ OK
OTSZ OK
OTJI OK
OTZL OK
OTJS OK
OTJZ OK
OTJL OK
OTLI OK
OTZS OK
OTLS OK
OTLZ OK
OTLJ OK
OSIT OK
OSTI OK
OSTZ OK
OSIZ OK
OSIJ OK
OSIL OK
OSTJ OK
OSTL OK
OSZT OK
OSZI OK
OSZJ OK
OSJT OK
OSJI OK
OSJL OK
OSZL OK
OSLT OK
OSLJ OK
OZIT OK
OSLI OK
OZIS OK
OZIJ OK
OZTI OK
OSJZ CAP
OZTS OK
OZTJ OK
OSLZ CAP
OZTL OK
OZST OK
OZIL OK
OZSI OK
OZJT OK
OZJI OK
OZJL OK
OZSJ CAP
OZSL CAP
OZLT OK
OZLJ OK
OZLI OK
OJIT OK
OZJS CAP
OJIL OK
OJTI OK
OJTS OK
OJTZ OK
OJTL OK
OJSI OK
OJST OK
OZLS CAP
OJSL OK
OJIS CAP
OJZT OK
OJIZ CAP
OJZL OK
OJLI OK
OJLT OK
OJLS OK
OJLZ OK
OLIT OK
OJZI OK
OJSZ CAP
OLIJ OK
OLTI OK
OLTS OK
OLTZ OK
OLTJ OK
OJZS CAP
OLSI OK
OLST OK
OLSJ OK
OLIS CAP
OLIZ CAP
OLZT OK
OLZJ OK
OLJI OK
OLJT OK
OLJS OK
OLJZ OK
TIOS OK
TIOZ OK
TIOJ OK
TIOL OK
OLZI OK
TISO OK
TISJ OK
TISL OK
TIZO OK
TIZS OK
TIZJ OK
TIZL OK
OLSZ CAP
TIJO OK
TIJS OK
TIJZ OK
TIJL OK
TILO OK
TILS OK
TILZ OK
TILJ OK
TISZ OK
TOIS OK
TOIJ OK
TOIZ OK
TOIL OK
OLZS CAP
TOSJ OK
TOSL OK
TOZI OK
TOZJ OK
TOSI OK
TOSZ OK
TOZL OK
TOJI OK
TOJS OK
TOJZ OK
TOJL OK
TOZS OK
TOLI OK
TOLS OK
TOLZ OK
TOLJ OK
TSIL OK
TSIJ OK
TSIO OK
TSOJ OK
TSOI OK
TSOL OK
TSZI OK
TSIZ OK
TSZJ OK
TSZL OK
TSJI OK
TSJO OK
TSJZ OK
TSJL OK
TSLI OK
TSLO OK
TSLZ OK
TSLJ OK
TZIO OK
TZIJ OK
TZIS OK
TZIL OK
TZOI OK
TZOJ OK
TSOZ OK
TZOL OK
TZOS OK
TZSI OK
TSZO OK
TZJI OK
TZSJ OK
TZJO OK
TZSL OK
TZLI OK
TZJS OK
TZJL OK
TZLO OK
TJIO OK
TZLS OK
TZLJ OK
TJIS OK
TJIL OK
TJIZ OK
TJOI OK
TJOS OK
TJOZ OK
TJOL OK
TJSI OK
TJSO OK
TJZI OK
TJSZ OK
TJZO OK
TJSL OK
TJLI OK
TJLO OK
TJZL OK
TJZS OK
TLIO OK
TJLS OK
TLIS OK
TJLZ OK
TLIZ OK
TLIJ OK
TLOI OK
TLOS OK
TLOZ OK
TLOJ OK
TLSI OK
TZSO OK
TLZI OK
TLSO OK
TLSJ OK
TLSZ OK
TLJI OK
TLZO OK
TLJO OK
TLZJ OK
TLZS OK
SIOT OK
TLJS OK
TLJZ OK
SITO OK
SITZ OK
SIOZ OK
SIOJ OK
SIOL OK
SITJ OK
SITL OK
SIZT OK
SIZO OK
SIZJ OK
SIJO OK
SIZL OK
SIJL OK
SIJT OK
SILT OK
SILJ OK
SOIT OK
SILO OK
SOIZ OK
SOIJ OK
SOTI OK
SOTZ OK
SOTJ OK
SOIL OK
SOTL OK
SOZT OK
SIJZ CAP
SILZ CAP
SOZI OK
SOJT OK
SOZJ OK
SOZL OK
SOJL OK
SOJI OK
SOLT OK
SOLJ OK
SOLI OK
STIO OK
STIJ OK
STIL OK
STIZ OK
STOI OK
STOJ OK
STOL OK
STZI OK
SOJZ CAP
STOZ OK
STZJ OK
STZL OK
STJI OK
STJO OK
STJZ OK
STJL OK
STLI OK
STLO OK
STLZ OK
SOLZ CAP
STLJ OK
SZIT OK
STZO OK
SZIO OK
SZIJ OK
SZIL OK
SZOT OK
SZOI OK
SZTI OK
SZTJ OK
SZTL OK
SZOL OK
SZOJ OK
SZTO OK
SZJL OK
SZJI OK
SZJT OK
SZLI OK
SZLJ OK
SZLT OK
SJIT OK
SJIO OK
SJIL OK
SZJO CAP
SZLO CAP
SJOI OK
SJOL OK
SJTI OK
SJOT OK
SJTO OK
SJTL OK
SJTZ OK
SJZI OK
SJIZ CAP
SJZL OK
SJLI OK
SJLO OK
SJLT OK
SJLZ OK
SJOZ CAP
SJZT OK
SLIT OK
SLIO OK
SLIJ OK
SJZO CAP
SLOI OK
SLOJ OK
SLTI OK
SLOT OK
SLTO OK
SLTZ OK
SLTJ OK
SLIZ CAP
SLZI OK
SLZJ OK
SLJI OK
SLJO OK
SLJT OK
SLOZ CAP
SLJZ OK
ZIOT OK
SLZT OK
ZIOS OK
ZIOJ OK
SLZO CAP
ZITO OK
ZITS OK
ZITJ OK
ZITL OK
ZIOL OK
ZIST OK
ZISO OK
ZIJT OK
ZIJO OK
ZIJL OK
ZISL OK
ZILT OK
ZILO OK
ZILJ OK
ZISJ CAP
ZOIT OK
ZOIS OK
ZOIJ OK
ZOTI OK
ZIJS CAP
ZOTJ OK
ZOTS OK
ZOTL OK
ZOST OK
ZILS CAP
ZOIL OK
ZOSI OK
ZOJT OK
ZOJI OK
ZOJL OK
ZOSJ CAP
ZOSL CAP
ZOLI OK
ZOLJ OK
ZOLT OK
ZTIO OK
ZTIS OK
ZTIJ OK
ZTIL OK
ZOJS CAP
ZTOJ OK
ZTOI OK
ZTOS OK
ZTOL OK
ZTSJ OK
ZTSL OK
ZTJI OK
ZTJO OK
ZTJS OK
ZTJL OK
ZTLI OK
ZTLO OK
ZTSI OK
ZTLS OK
ZTSO OK
ZTLJ OK
ZSIT OK
ZSIO OK
ZOLS CAP
ZSIJ OK
ZSIL OK
ZSOT OK
ZSOI OK
ZSTI OK
ZSTO OK
ZSTJ OK
ZSTL OK
ZSJI OK
ZSOJ CAP
ZSOL CAP
ZSJL OK
ZSJT OK
ZSLI OK
ZSLJ OK
ZSLT OK
ZJIT OK
ZSJO CAP
ZJIL OK
ZJIO OK
ZJOT OK
ZSLO CAP
ZJOL OK
ZJTI OK
ZJTO OK
ZJTS OK
ZJTL OK
ZJOI OK
ZJIS CAP
ZJST OK
ZJOS CAP
ZJLI OK
ZJSL OK
ZJLO OK
ZJLT OK
ZJLS OK
ZLIT OK
ZJSI CAP
ZLIJ OK
ZJSO CAP
ZLOT OK
ZLIO OK
ZLOJ OK
ZLTI OK
ZLOI OK
ZLTO OK
ZLTJ OK
ZLIS CAP
ZLTS OK
ZLOS CAP
ZLSJ OK
ZLJI OK
ZLJO OK
ZLJT OK
ZLJS OK
JIOT OK
ZLST OK
ZLSI CAP
JIOL OK
JITO OK
JITS OK
JITZ OK
JITL OK
ZLSO CAP
JIOS CAP
JIOZ CAP
JISL OK
JIST OK
JIZT OK
JISO CAP
JIZL OK
JILO OK
JILT OK
JILS OK
JILZ OK
JOIT OK
JISZ CAP
JIZO CAP
JOIL OK
JOTI OK
JOTS OK
JOTZ OK
JOTL OK
JIZS CAP
JOST OK
JOSI OK
JOSL OK
JOIS CAP
JOZT OK
JOIZ CAP
JOZL OK
JOLI OK
JOLT OK
JOLS OK
JOLZ OK
JTIO OK
JTIS OK
JTIZ OK
JTIL OK
JTOI OK
JTOS OK
JOZI OK
JTOZ OK
JTOL OK
JOSZ CAP
JTSO OK
JTSI OK
JTSL OK
JTZI OK
JTSZ OK
JTZO OK
JTZL OK
JTLI OK
JTLO OK
JTLS OK
JTLZ OK
JTZS OK
JSIT OK
JSIL OK
JOZS CAP
JSIO OK
JSOI OK
JSOL OK
JSTI OK
JSTO OK
JSTZ OK
JSTL OK
JSOT OK
JSIZ CAP
JSZI OK
JSZL OK
JSLI OK
JSLO OK
JSLT OK
JSLZ OK
JSOZ CAP
JZIT OK
JSZT OK
JZIL OK
JSZO CAP
JZOT OK
JZIO OK
JZOL OK
JZTI OK
JZTO OK
JZTS OK
JZTL OK
JZOI OK
JZIS CAP
JZOS CAP
JZSL OK
JZLI OK
JZST OK
JZLO OK
JZLT OK
JLIO OK
JLIT OK
JZLS OK
JLIS OK
JLIZ OK
JLOI OK
JLOT OK
JLOS OK
JLOZ OK
JLTI OK
JLTO OK
JLTS OK
JLTZ OK
JLSI OK
JLSO OK
JLST OK
JLZI OK
JLZO OK
JZSI CAP
JLZT OK
JLSZ OK
JZSO CAP
LIOT OK
JLZS OK
LIOJ OK
LITO OK
LITS OK
LITZ OK
LITJ OK
LIST OK
LIOS CAP
LIOZ CAP
LISJ OK
LISO CAP
LIZT OK
LIZJ OK
LIJO OK
LIJT OK
LIJS OK
LIJZ OK
LOIT OK
LISZ CAP
LIZO CAP
LOIJ OK
LOTI OK
LOTS OK
LIZS CAP
LOTZ OK
LOTJ OK
LOST OK
LOSI OK
LOSJ OK
LOIS CAP
LOIZ CAP
LOZT OK
LOZJ OK
LOJI OK
LOJT OK
LOJS OK
LOJZ OK
LTIO OK
LTIS OK
LTIZ OK
LTIJ OK
LTOI OK
LTOS OK
LOZI OK
LTOZ OK
LTSI OK
LTOJ OK
LTSO OK
LOSZ CAP
LTSZ OK
LTSJ OK
LTZI OK
LTZJ OK
LTZO OK
LTJI OK
LTZS OK
LTJO OK
LTJS OK
LTJZ OK
LSIT OK
LOZS CAP
LSIJ OK
LSIO OK
LSOI OK
LSOJ OK
LSTI OK
LSOT OK
LSIZ CAP
LSTJ OK
LSTO OK
LSOZ CAP
LSTZ OK
LSZJ OK
LSJI OK
LSJO OK
LSJT OK
LSJZ OK
LSZI OK
LZIT OK
LSZT OK
LZIJ OK
LSZO CAP
LZOT OK
LZIO OK
LZOJ OK
LZTI OK
LZOI OK
LZIS CAP
LZTO OK
LZTJ OK
LZOS CAP
LZTS OK
LZSJ OK
LZJI OK
LZJO OK
LZJT OK
LZST OK
LJIO OK
LJIT OK
LZJS OK
LJIS OK
LZSI CAP
LZSO CAP
LJIZ OK
LJOI OK
LJTI OK
LJOT OK
LJOS OK
LJOZ OK
LJTO OK
LJTS OK
LJSI OK
LJTZ OK
LJST OK
LJZI OK
LJSO OK
LJZT OK
LJSZ OK
LJZO OK
LJZS OK
