IOTJ OK
IOTL OK
IOST OK
IOTS OK
IOSZ OK
IOTZ OK
IOZT OK
IOZS OK
IOSJ OK
IOSL OK
IOZJ OK
IOZL OK
IOJT OK
IOJL OK
IOLT OK
IOJS CAP
IOLJ OK
IOLS CAP
IOJZ CAP
ITOJ OK
ITOL OK
ITOS OK
ITOZ OK
ITSJ OK
IOLZ CAP
ITSL OK
ITZO OK
ITZJ OK
ITZS OK
ITJO OK
ITZL OK
ITJS OK
ITJZ OK
ITSO OK
ITJL OK
ITLO OK
ITSZ OK
ITLJ OK
ITLS OK
ITLZ OK
ISOT OK
ISOL OK
ISOZ OK
ISOJ OK
ISTO OK
ISTJ OK
ISTL OK
ISZT OK
ISTZ OK
ISZO OK
ISJT OK
ISZJ OK
ISJO OK
ISJL OK
ISZL OK
ISLT OK
ISLJ OK
ISLO OK
IZOT OK
IZOS OK
IZOJ OK
IZOL OK
IZTO OK
IZTS OK
IZTJ OK
IZTL OK
IZSO OK
IZST OK
ISJZ CAP
IZJO OK
IZJT OK
IZSJ OK
IZSL OK
IZJL OK
IZLO OK
IZLT OK
IZLJ OK
ISLZ CAP
IJOT OK
IZJS CAP
IJOL OK
IJTO OK
IZLS CAP
IJTS OK
IJTL OK
IJTZ OK
IJOS CAP
IJOZ CAP
IJSL OK
IJST OK
IJZT OK
IJSO CAP
IJZL OK
IJLO OK
IJLT OK
IJLS OK
IJLZ OK
ILOT OK
IJSZ CAP
IJZO CAP
ILOJ OK
ILTO OK
ILTS OK
ILTZ OK
ILTJ OK
IJZS CAP
ILST OK
ILOS CAP
ILSJ OK
ILOZ CAP
ILSO OK
ILZT OK
ILZJ OK
ILJO OK
ILJT OK
ILJS OK
ILJZ OK
OITS OK
OITZ OK
OITJ OK
OITL OK
ILSZ CAP
OIST OK
OISZ OK
OISJ OK
OIZT OK
OISL OK
OIZS OK
OIZJ OK
OIZL OK
OIJT OK
ILZO CAP
OIJL OK
ILZS CAP
OILT OK
OIJS CAP
OIJZ CAP
OILJ OK
OTIS OK
OTIZ OK
OTIJ OK
OTIL OK
OTSI OK
OTSJ OK
OTSZ OK
OTSL OK
OTZI OK
OTZJ OK
OTZS OK
OILS CAP
OTJI OK
OILZ CAP
OTJZ OK
OTJS OK
OTZL OK
OTJL OK
OTLI OK
OTLJ OK
OTLS OK
OTLZ OK
OSIT OK
OSIZ OK
OSIJ OK
OSIL OK
OSTJ OK
OSTI OK
OSTZ OK
OSTL OK
OSZI OK
OSZT OK
OSJT OK
OSJI OK
OSJL OK
OSLI OK
OSLT OK
OSZJ CAP
OSLJ OK
OSZL CAP
OZIT OK
OZIS OK
OZIJ OK
OSJZ CAP
OZIL OK
OZTI OK
OZTJ OK
OZTS OK
OZTL OK
OZSI OK
OZST OK
OSLZ CAP
OZJT OK
OZJI OK
OZJL OK
OZSJ OK
OZSL OK
OZLT OK
OZLJ OK
OZLI OK
OJIT OK
OZJS CAP
OJIL OK
OJTI OK
OJTS OK
OJTZ OK
OJTL OK
OJSI OK
OZLS CAP
OJST OK
OJSL OK
OJIS CAP
OJIZ CAP
OJZT OK
OJZL OK
OJLI OK
OJLT OK
OJLS OK
OJZI OK
OJLZ OK
OLIT OK
OJSZ CAP
OLIJ OK
OLTI OK
OLTS OK
OLTZ OK
OLTJ OK
OLSI OK
OJZS CAP
OLST OK
OLSJ OK
OLIS CAP
OLIZ CAP
OLZT OK
OLZJ OK
OLJI OK
OLJT OK
OLJS OK
OLJZ OK
OLZI OK
TIOS OK
TIOJ OK
TIOL OK
TIOZ OK
TISO OK
TISJ OK
TISL OK
TISZ OK
TIZO OK
TIZS OK
TIZJ OK
TIZL OK
OLSZ CAP
TIJO OK
TIJS OK
TIJZ OK
TIJL OK
TILO OK
TILJ OK
TILS OK
TILZ OK
TOIJ OK
TOIL OK
TOIS OK
TOIZ OK
TOSJ OK
TOSI OK
OLZS CAP
TOSL OK
TOZJ OK
TOZL OK
TOJI OK
TOSZ OK
TOJS OK
TOJZ OK
TOZI OK
TOJL OK
TOZS OK
TOLI OK
TOLJ OK
TOLS OK
TOLZ OK
TSIJ OK
TSIL OK
TSIO OK
TSIZ OK
TSOJ OK
TSOI OK
TSOL OK
TSZJ OK
TSZL OK
TSJI OK
TSOZ OK
TSJO OK
TSJL OK
TSLI OK
TSLO OK
TSJZ OK
TSLZ OK
TSLJ OK
TSZI OK
TZIO OK
TZIS OK
TZIJ OK
TZIL OK
TZOJ OK
TZOL OK
TSZO OK
TZOI OK
TZOS OK
TZSL OK
TZJI OK
TZSJ OK
TZJO OK
TZJS OK
TZJL OK
TZLI OK
TZLO OK
TZLS OK
TZLJ OK
TJIO OK
TJIS OK
TJIZ OK
TJIL OK
TJOI OK
TJOS OK
TJOZ OK
TJOL OK
TJSI OK
TZSI OK
TJSL OK
TJSO OK
TJZI OK
TJSZ OK
TJZO OK
TJZL OK
TJZS OK
TJLI OK
TJLO OK
TLIO OK
TJLS OK
TJLZ OK
TLIJ OK
TLIS OK
TLOI OK
TLIZ OK
TLOS OK
TLOJ OK
TLOZ OK
TLSI OK
TLSO OK
TLSZ OK
TLSJ OK
TLZI OK
TLZO OK
TLZS OK
TLZJ OK
TLJI OK
TLJO OK
TLJS OK
TLJZ OK
SIOT OK
TZSO OK
SITO OK
SIOJ OK
SIOZ OK
SITJ OK
SITL OK
SITZ OK
SIOL OK
SIZT OK
SIZO OK
SIJT OK
SIJO OK
SIJL OK
SIZJ OK
SIZL OK
SILO OK
SILJ OK
SOIT OK
SOIZ OK
SOIJ OK
SILT OK
SOIL OK
SOTI OK
SOTZ OK
SOTJ OK
SOZI OK
SOTL OK
SOZT OK
SIJZ CAP
SOJI OK
SOJT OK
SILZ CAP
SOJL OK
SOLI OK
SOLT OK
SOZJ CAP
SOLJ OK
SOZL CAP
STIO OK
STIJ OK
STIZ OK
STIL OK
STOI OK
STOZ OK
STOJ OK
STOL OK
STZI OK
SOJZ CAP
STZL OK
STZJ OK
STJI OK
STJO OK
STJL OK
STLI OK
STJZ OK
STLO OK
STZO OK
STLZ OK
STLJ OK
SZIT OK
SOLZ CAP
SZIO OK
SZOT OK
SZOI OK
SZIJ OK
SZIL OK
SZTI OK
SZOJ OK
SZTJ OK
SZOL OK
SZTO OK
SZTL OK
SZJL OK
SZJT OK
SZJO OK
SZJI OK
SZLJ OK
SZLT OK
SZLI OK
SJIT OK
SJIL OK
SZLO OK
SJOT OK
SJIO OK
SJOL OK
SJTI OK
SJOI OK
SJTO OK
SJTL OK
SJTZ OK
SJZI OK
SJIZ CAP
SJZL OK
SJLI OK
SJLO OK
SJLT OK
SJLZ OK
SJOZ CAP
SLIO OK
SJZT OK
SLIT OK
SLIJ OK
SJZO CAP
SLOT OK
SLOJ OK
SLTI OK
SLTO OK
SLTZ OK
SLTJ OK
SLOI OK
SLZI OK
SLIZ CAP
SLOZ CAP
SLJI OK
SLJO OK
SLJT OK
SLJZ OK
SLZJ OK
ZIOT OK
ZIOS OK
ZIOJ OK
ZIOL OK
SLZO CAP
ZITO OK
SLZT OK
ZITS OK
ZITJ OK
ZITL OK
ZISO OK
ZIST OK
ZIJO OK
ZIJT OK
ZIJL OK
ZILO OK
ZISJ OK
ZILT OK
ZISL OK
ZILJ OK
ZOIT OK
ZOIS OK
ZOIJ OK
ZOIL OK
ZOTI OK
ZOTS OK
ZOTJ OK
ZOTL OK
ZOSI OK
ZOST OK
ZOSJ OK
ZOSL OK
ZOJT OK
ZOJI OK
ZOJL OK
ZIJS CAP
ZOLT OK
ZILS CAP
ZOLJ OK
ZTIO OK
ZTIS OK
ZOLI OK
ZTIJ OK
ZTIL OK
ZTOI OK
ZTOS OK
ZTOJ OK
ZTOL OK
ZTSI OK
ZTSJ OK
ZTSL OK
ZTJI OK
ZTJO OK
ZTJS OK
ZTJL OK
ZTSO OK
ZTLI OK
ZTLO OK
ZTLS OK
ZTLJ OK
ZSIT OK
ZOJS CAP
ZSIO OK
ZSIJ OK
ZSIL OK
ZSOT OK
ZOLS CAP
ZSOI OK
ZSTI OK
ZSTJ OK
ZSTO OK
ZSOJ OK
ZSOL OK
ZSTL OK
ZSJL OK
ZSJI OK
ZSJT OK
ZSLI OK
ZSJO OK
ZSLJ OK
ZJIT OK
ZSLT OK
ZJIL OK
ZSLO OK
ZJOT OK
ZJIO OK
ZJOL OK
ZJTI OK
ZJTO OK
ZJTS OK
ZJOI OK
ZJTL OK
ZJSI OK
ZJSO OK
ZJSL OK
ZJLI OK
ZJLO OK
ZJLT OK
ZJLS OK
ZJIS CAP
ZJST OK
ZLIT OK
ZLIJ OK
ZJOS CAP
ZLOT OK
ZLIO OK
ZLOJ OK
ZLTI OK
ZLTO OK
ZLTS OK
ZLTJ OK
ZLOI OK
ZLSI OK
ZLSO OK
ZLST OK
ZLSJ OK
ZLJI OK
ZLJO OK
ZLJT OK
ZLJS OK
ZLIS CAP
JIOT OK
JIOL OK
JITO OK
JITS OK
JITZ OK
ZLOS CAP
JITL OK
JIST OK
JISO OK
JISL OK
JIOS CAP
JIOZ CAP
JIZT OK
JIZL OK
JILO OK
JILT OK
JILS OK
JILZ OK
JOIT OK
JISZ CAP
JIZO CAP
JOIL OK
JOTI OK
JOTS OK
JOTZ OK
JOTL OK
JIZS CAP
JOSI OK
JOST OK
JOSL OK
JOIS CAP
JOZT OK
JOIZ CAP
JOZL OK
JOLI OK
JOLT OK
JOLS OK
JOLZ OK
JTIO OK
JTIS OK
JTIZ OK
JTIL OK
JTOI OK
JTOS OK
JOZI OK
JTOZ OK
JTOL OK
JTSI OK
JTSO OK
JTSL OK
JTSZ OK
JTZI OK
JTZO OK
JTZL OK
JTLI OK
JTLO OK
JTZS OK
JTLS OK
JOSZ CAP
JTLZ OK
JOZS CAP
JSIL OK
JSIO OK
JSOT OK
JSIT OK
JSOL OK
JSTI OK
JSOI OK
JSTO OK
JSTL OK
JSIZ CAP
JSZI OK
JSOZ CAP
JSZL OK
JSLI OK
JSLO OK
JSLT OK
JSLZ OK
JSTZ CAP
JZIT OK
JZIO OK
JSZO CAP
JZIL OK
JZOT OK
JSZT CAP
JZOL OK
JZTI OK
JZTO OK
JZOI OK
JZTL OK
JZIS CAP
JZTS OK
JZOS CAP
JZSL OK
JZLI OK
JZLO OK
JZLT OK
JZLS OK
JLIO OK
JLIT OK
JLIS OK
JLIZ OK
JLOI OK
JLOT OK
JLOS OK
JLOZ OK
JLTI OK
JLTO OK
JLTS OK
JLTZ OK
JLSI OK
JLSO OK
JLST OK
JZSI CAP
JLSZ OK
JZSO CAP
JZST OK
JLZI OK
JLZO OK
JLZT OK
LIOT OK
JLZS OK
LIOJ OK
LITO OK
LITS OK
LITZ OK
LITJ OK
LIOS CAP
LIST OK
LIOZ CAP
LISJ OK
LIZT OK
LISO CAP
LIZJ OK
LIJO OK
LIJT OK
LIJS OK
LIJZ OK
LOIT OK
LISZ CAP
LIZO CAP
LOIJ OK
LOTI OK
LIZS CAP
LOTS OK
LOTJ OK
LOTZ OK
LOSI OK
LOST OK
LOSJ OK
LOIS CAP
LOZT OK
LOZI OK
LOZJ OK
LOJI OK
LOJT OK
LOJS OK
LOJZ OK
LTIO OK
LTIS OK
LTIZ OK
LTIJ OK
LOIZ CAP
LTOI OK
LTOS OK
LTOZ OK
LTOJ OK
LTSO OK
LTSI OK
LTSJ OK
LTZI OK
LTZO OK
LTSZ OK
LOSZ CAP
LTJI OK
LTZS OK
LTZJ OK
LTJO OK
LTJS OK
LTJZ OK
LOZS CAP
LSIJ OK
LSIO OK
LSIT OK
LSOI OK
LSOJ OK
LSTI OK
LSTO OK
LSOT OK
LSTJ OK
LSIZ CAP
LSZI OK
LSOZ CAP
LSZJ OK
LSJI OK
LSJO OK
LSJT OK
LSJZ OK
LSTZ CAP
LSZT OK
LZIT OK
LZIJ OK
LSZO CAP
LZIO OK
LZOT OK
LZOJ OK
LZTI OK
LZTO OK
LZOI OK
LZTJ OK
LZIS CAP
LZOS CAP
LZTS CAP
LZSJ OK
LZSI CAP
LZJI OK
LZJT OK
LZJO OK
LJIO OK
LZJS OK
LJIT OK
LJIS OK
LJIZ OK
LJOI OK
LJOT OK
LJOS OK
LJOZ OK
LJTO OK
LJTI OK
LZST OK
LJTS OK
LJTZ OK
LJSO OK
LJSI OK
LJST OK
LJZI OK
LJZO OK
LJZT OK
LJZS OK
LJSZ OK
LZSO CAP
