IOTJ OK
IOTZ OK
IOTS OK
IOTL OK
IOST OK
IOZT OK
IOSL OK
IOSZ OK
IOSJ OK
IOJT OK
IOZS OK
IOZL OK
IOZJ OK
IOJL OK
IOLT OK
IOJS CAP
IOLJ OK
ITOS OK
ITOZ OK
ITOJ OK
ITOL OK
ITSO OK
ITSZ OK
ITSJ OK
IOJZ CAP
ITSL OK
ITZO OK
ITZJ OK
IOLS CAP
ITZL OK
ITJO OK
IOLZ CAP
ITJS OK
ITJZ OK
ITJL OK
ITLO OK
ITLS OK
ITLZ OK
ITLJ OK
ISOT OK
ITZS OK
ISTO OK
ISOZ OK
ISOJ OK
ISTJ OK
ISTL OK
ISTZ OK
ISOL OK
ISZT OK
ISZO OK
ISZJ OK
ISZL OK
ISJL OK
ISJT OK
ISJO OK
ISLT OK
ISLJ OK
IZOT OK
ISLO OK
IZOS OK
IZOJ OK
IZTO OK
IZOL OK
IZTJ OK
IZTS OK
IZTL OK
IZST OK
IZSO OK
ISJZ CAP
IZSJ OK
IZSL OK
IZJO OK
ISLZ CAP
IZJL OK
IZJT OK
IZLO OK
IZLJ OK
IJOT OK
IZLT OK
IZJS CAP
IJOL OK
IJTO OK
IJTS OK
IJTZ OK
IJTL OK
IZLS CAP
IJST OK
IJOZ CAP
IJOS CAP
IJSL OK
IJZT OK
IJZO OK
IJZL OK
IJLO OK
IJLT OK
IJLS OK
IJLZ OK
ILOT OK
IJSO CAP
IJSZ CAP
ILOJ OK
ILTO OK
ILTS OK
ILTZ OK
ILTJ OK
IJZS CAP
ILST OK
ILOS CAP
ILSJ OK
ILOZ CAP
ILSO CAP
ILZT OK
ILZJ OK
ILJO OK
ILJT OK
ILJS OK
ILJZ OK
OITS OK
OITZ OK
OITJ OK
OITL OK
OIST OK
OISZ OK
OISJ OK
ILSZ CAP
OISL OK
OIZT OK
ILZO CAP
OIZS OK
OIZJ OK
OIJT OK
OIZL OK
OIJL OK
OILT OK
ILZS CAP
OIJZ CAP
OIJS CAP
OILJ OK
OTIS OK
OTIZ OK
OTIJ OK
OTIL OK
OTSI OK
OTSJ OK
OTSL OK
OILS CAP
OTZI OK
OTZJ OK
OTZL OK
OTJI OK
OTJS OK
OTJZ OK
OTJL OK
OTLI OK
OTLS OK
OTLZ OK
OTSZ OK
OTLJ OK
OSIT OK
OSIZ OK
OSIJ OK
OSTI OK
OSTZ OK
OSTJ OK
OSIL OK
OSTL OK
OILZ CAP
OSZT OK
OTZS OK
OSZI OK
OSJT OK
OSZJ OK
OSJI OK
OSJL OK
OSLT OK
OSLI OK
OSLJ OK
OZIT OK
OZIS OK
OZIJ OK
OZIL OK
OZTI OK
OZTS OK
OZTJ OK
OZTL OK
OZSI OK
OSZL CAP
OZST OK
OSJZ CAP
OZJI OK
OSLZ CAP
OZJT OK
OZJL OK
OZLI OK
OZLT OK
OZSJ CAP
OZLJ OK
OJIT OK
OZSL CAP
OZJS CAP
OJIL OK
OJTI OK
OJTS OK
OJTZ OK
OJTL OK
OJSI OK
OJST OK
OZLS CAP
OJSL OK
OJZI OK
OJZT OK
OJIS CAP
OJZL OK
OJLI OK
OJLT OK
OJLS OK
OJIZ CAP
OJLZ OK
OLIT OK
OJSZ CAP
OLIJ OK
OLTI OK
OLTS OK
OLTZ OK
OLTJ OK
OLSI OK
OJZS CAP
OLIS CAP
OLIZ CAP
OLSJ OK
OLST OK
OLZI OK
OLZT OK
OLZJ OK
OLJI OK
OLJT OK
OLJS OK
OLJZ OK
TIOS OK
TIOZ OK
TIOJ OK
TIOL OK
TISO OK
TISJ OK
TISL OK
TIZO OK
TIZS OK
TIZJ OK
TIZL OK
TIJO OK
TISZ OK
TIJS OK
TIJZ OK
TIJL OK
TILO OK
TILS OK
TILZ OK
TILJ OK
TOIS OK
TOIZ OK
TOIJ OK
TOIL OK
TOSI OK
TOSJ OK
TOSL OK
OLSZ CAP
TOZI OK
TOZJ OK
TOZL OK
TOJI OK
TOJS OK
TOJZ OK
TOJL OK
TOLI OK
TOLS OK
TOLZ OK
TOLJ OK
TSIO OK
TSIZ OK
TSIJ OK
TSIL OK
TSOI OK
OLZS CAP
TOSZ OK
TSOJ OK
TSOL OK
TSZI OK
TOZS OK
TSZJ OK
TSZL OK
TSJI OK
TSJO OK
TSJZ OK
TSJL OK
TSLI OK
TSLO OK
TSLZ OK
TSLJ OK
TZIO OK
TZIS OK
TZIJ OK
TZIL OK
TZOI OK
TZOJ OK
TZOL OK
TSOZ OK
TZSI OK
TZSJ OK
TZSL OK
TZJI OK
TZJO OK
TZJS OK
TSZO OK
TZJL OK
TZLI OK
TZLO OK
TZLS OK
TZLJ OK
TJIO OK
TJIS OK
TJIZ OK
TJIL OK
TJOI OK
TJOS OK
TJOZ OK
TJOL OK
TJSI OK
TJSO OK
TJSZ OK
TJSL OK
TZOS OK
TJZI OK
TJZS OK
TJZO OK
TJZL OK
TJLI OK
TJLO OK
TJLS OK
TJLZ OK
TLIO OK
TLIS OK
TZSO OK
TLIZ OK
TLIJ OK
TLOI OK
TLOZ OK
TLOS OK
TLOJ OK
TLSI OK
TLSO OK
TLSJ OK
TLZI OK
TLZO OK
TLZS OK
TLSZ OK
TLZJ OK
TLJI OK
TLJO OK
TLJS OK
TLJZ OK
SIOT OK
SITO OK
SITZ OK
SITJ OK
SIOJ OK
SITL OK
SIOZ OK
SIOL OK
SIZO OK
SIZT OK
SIZJ OK
SIZL OK
SIJL OK
SIJT OK
SIJO OK
SILT OK
SILJ OK
SOIT OK
SILO OK
SOIZ OK
SOIL OK
SOIJ OK
SOTI OK
SOTZ OK
SOTJ OK
SOTL OK
SOZT OK
SOZI OK
SIJZ CAP
SOJI OK
SOJT OK
SILZ CAP
SOJL OK
SOLI OK
SOLT OK
SOZJ CAP
SOLJ OK
SOZL CAP
STIO OK
STIJ OK
STIZ OK
STIL OK
STOI OK
STOJ OK
STOZ OK
STOL OK
STZI OK
STZJ OK
STZL OK
STJI OK
STJO OK
STJZ OK
STJL OK
STLI OK
STLO OK
STLZ OK
STLJ OK
STZO OK
SZIT OK
SZIO OK
SOJZ CAP
SZIJ OK
SZOT OK
SZIL OK
SZOI OK
SOLZ CAP
SZTI OK
SZTJ OK
SZTO OK
SZOJ OK
SZOL OK
SZTL OK
SZJL OK
SZJI OK
SZLI OK
SZJT OK
SZLJ OK
SZJO OK
SZLO OK
SZLT OK
SJIL OK
SJIT OK
SJIO OK
SJOT OK
SJOL OK
SJTI OK
SJTO OK
SJOI OK
SJTL OK
SJTZ OK
SJZI OK
SJZT OK
SJZL OK
SJLI OK
SJLO OK
SJLT OK
SJLZ OK
SJIZ CAP
SJOZ CAP
SLIT OK
SLIJ OK
SLIO OK
SLOT OK
SJZO CAP
SLOJ OK
SLTI OK
SLTO OK
SLTZ OK
SLTJ OK
SLOI OK
SLZI OK
SLZT OK
SLZJ OK
SLJI OK
SLJO OK
SLJT OK
SLJZ OK
ZIOT OK
ZIOS OK
SLIZ CAP
ZIOJ OK
ZIOL OK
ZITO OK
ZITS OK
ZITJ OK
ZISO OK
ZITL OK
SLOZ CAP
ZIST OK
ZIJO OK
ZIJT OK
ZISJ OK
ZIJL OK
ZISL OK
ZILO OK
ZILT OK
SLZO CAP
ZILJ OK
ZOIT OK
ZOIS OK
ZOIJ OK
ZOIL OK
ZOTI OK
ZOTS OK
ZOTJ OK
ZOTL OK
ZOSI OK
ZOST OK
ZOSJ OK
ZOSL OK
ZOJI OK
ZOJT OK
ZOJL OK
ZOLI OK
ZOLT OK
ZIJS CAP
ZOLJ OK
ZTIO OK
ZILS CAP
ZTIJ OK
ZTIL OK
ZTOI OK
ZTIS OK
ZTOS OK
ZTOL OK
ZTOJ OK
ZTSI OK
ZTSJ OK
ZTSL OK
ZTJI OK
ZTJO OK
ZTJS OK
ZTJL OK
ZTLI OK
ZTLO OK
ZTLS OK
ZTLJ OK
ZSIO OK
ZSIT OK
ZTSO OK
ZOJS CAP
ZSOI OK
ZSOT OK
ZOLS CAP
ZSIJ OK
ZSIL OK
ZSTI OK
ZSTJ OK
ZSTL OK
ZSTO OK
ZSOJ OK
ZSOL OK
ZSJL OK
ZSJI OK
ZSLI OK
ZSJT OK
ZSLJ OK
ZJIO OK
ZSJO OK
ZJIT OK
ZJIL OK
ZJOI OK
ZSLO OK
ZJOT OK
ZJOL OK
ZSLT OK
ZJTI OK
ZJTO OK
ZJTL OK
ZJTS OK
ZJSI OK
ZJSO OK
ZJSL OK
ZJLI OK
ZJLO OK
ZJLT OK
ZJLS OK
ZLIO OK
ZJST OK
ZLIT OK
ZLIJ OK
ZJIS CAP
ZLOI OK
ZLOT OK
ZLOJ OK
ZLTI OK
ZLTO OK
ZJOS CAP
ZLTJ OK
ZLTS OK
ZLSI OK
ZLSO OK
ZLSJ OK
ZLJI OK
ZLJO OK
ZLJT OK
ZLJS OK
ZLST OK
JIOT OK
ZLIS CAP
JIOL OK
JITO OK
JITS OK
JITZ OK
JITL OK
ZLOS CAP
JIST OK
JIOS CAP
JISL OK
JIOZ CAP
JISO OK
JISZ CAP
JIZT OK
JIZL OK
JILO OK
JILT OK
JILS OK
JILZ OK
JOIT OK
JIZO CAP
JOIL OK
JIZS CAP
JOTI OK
JOTS OK
JOTZ OK
JOTL OK
JOST OK
JOSI OK
JOSL OK
JOIS CAP
JOIZ CAP
JOZT OK
JOZL OK
JOLI OK
JOLT OK
JOLS OK
JOLZ OK
JTIO OK
JTIS OK
JTIZ OK
JTIL OK
JTOI OK
JTOS OK
JOZI OK
JTOZ OK
JTOL OK
JTSI OK
JTSO OK
JTSZ OK
JTSL OK
JTZI OK
JTZO OK
JTZS OK
JTZL OK
JTLI OK
JTLO OK
JTLS OK
JTLZ OK
JOSZ CAP
JSIT OK
JSIL OK
JSIO OK
JSOT OK
JSOI OK
JOZS CAP
JSOL OK
JSTI OK
JSTO OK
JSTL OK
JSZI OK
JSIZ CAP
JSOZ CAP
JSZL OK
JSLI OK
JSLO OK
JSLT OK
JSLZ OK
JSTZ CAP
JZIO OK
JSZO CAP
JZIL OK
JZIT OK
JZOT OK
JSZT CAP
JZOL OK
JZTI OK
JZTO OK
JZOI OK
JZTL OK
JZIS CAP
JZSI OK
JZOS CAP
JZSL OK
JZLI OK
JZLO OK
JZLT OK
JZLS OK
JLIO OK
JLIT OK
JLIS OK
JLIZ OK
JLOI OK
JLOT OK
JLOS OK
JLOZ OK
JLTI OK
JLTO OK
JLTS OK
JZTS CAP
JLTZ OK
JLSI OK
JLSO OK
JLST OK
JLSZ OK
JLZI OK
JLZO OK
JLZT OK
LIOT OK
JLZS OK
JZSO CAP
LIOJ OK
LITO OK
LITS OK
LITZ OK
LITJ OK
JZST CAP
LIOS CAP
LIOZ CAP
LISJ OK
LIST OK
LISO CAP
LIZT OK
LIZJ OK
LIJO OK
LIJT OK
LIJS OK
LIJZ OK
LOIT OK
LISZ CAP
LIZO CAP
LOIJ OK
LOTI OK
LOTS OK
LOTZ OK
LOTJ OK
LOSI OK
LIZS CAP
LOIS CAP
LOSJ OK
LOIZ CAP
LOST OK
LOZI OK
LOZJ OK
LOJI OK
LOJT OK
LOJS OK
LOJZ OK
LTIO OK
LTIS OK
LTIZ OK
LTIJ OK
LTOI OK
LTOS OK
LTOZ OK
LTOJ OK
LTSI OK
LTSO OK
LOSZ CAP
LTSJ OK
LTZI OK
LTZO OK
LTZS OK
LTZJ OK
LTJI OK
LTJO OK
LTJS OK
LOZT OK
LTJZ OK
LTSZ OK
LSIT OK
LSIJ OK
LSIO OK
LOZS CAP
LSOI OK
LSOJ OK
LSTI OK
LSIZ CAP
LSOT OK
LSTJ OK
LSTO OK
LSOZ CAP
LSZI OK
LSZJ OK
LSJI OK
LSJO OK
LSJT OK
LSJZ OK
LSTZ OK
LZIO OK
LZIT OK
LZIJ OK
LSZT OK
LSZO CAP
LZOI OK
LZOJ OK
LZTI OK
LZOT OK
LZIS CAP
LZTJ OK
LZTO OK
LZOS CAP
LZTS CAP
LZSJ OK
LZJI OK
LZSI CAP
LZJT OK
LZJO OK
LJIO OK
LJIT OK
LJIS OK
LJIZ OK
LJOI OK
LJOT OK
LZJS OK
LJOS OK
LJOZ OK
LJTI OK
LJTO OK
LZSO CAP
LJTS OK
LJTZ OK
LJSI OK
LJSO OK
LJST OK
LJSZ OK
LJZI OK
LJZT OK
LJZO OK
LZST CAP
LJZS OK
