IOTL OK
IOTJ OK
IOTZ OK
IOTS OK
IOSL OK
IOSJ OK
IOST OK
IOSZ OK
IOZJ OK
IOZL OK
IOZT OK
IOZS OK
IOJT OK
IOJS OK
IOJZ OK
IOJL OK
IOLT OK
IOLS OK
IOLZ OK
IOLJ OK
ITOS OK
ITOZ OK
ITOJ OK
ITOL OK
ITSO OK
ITSJ OK
ITSZ OK
ITSL OK
ITZO OK
ITZJ OK
ITZS OK
ITZL OK
ITJO OK
ITJS OK
ITJL OK
ITJZ OK
ITLO OK
ITLS OK
ITLZ OK
ITLJ OK
ISOT OK
ISOJ OK
ISOL OK
ISOZ OK
ISTO OK
ISTJ OK
ISTL OK
ISTZ OK
ISZT OK
ISZJ OK
ISJO OK
ISZL OK
ISJT OK
ISJL OK
ISLO OK
ISJZ OK
ISLT OK
ISLZ OK
ISLJ OK
IZOT OK
IZOJ OK
IZOL OK
IZOS OK
IZTO OK
IZTS OK
IZTJ OK
IZTL OK
IZST OK
IZSJ OK
IZSO OK
IZSL OK
IZJO OK
IZJT OK
IZJS OK
IZJL OK
IZLO OK
IZLT OK
IZLS OK
IZLJ OK
IJOT OK
IJOZ OK
IJOS OK
IJOL OK
IJTO OK
IJTS OK
IJTZ OK
IJTL OK
IJSO OK
IJST OK
IJSL OK
IJZO OK
ISZO OK
IJSZ OK
IJZT OK
IJZL OK
IJLO OK
IJLT OK
IJLS OK
IJLZ OK
ILOT OK
IJZS OK
ILOS OK
ILOZ OK
ILOJ OK
ILTO OK
ILTS OK
ILTZ OK
ILTJ OK
ILSO OK
ILST OK
ILSZ OK
ILSJ OK
ILZO OK
ILZT OK
ILJO OK
ILZJ OK
ILJT OK
ILJS OK
OITS OK
ILJZ OK
ILZS OK
OITJ OK
OITZ OK
OITL OK
OIST OK
OISJ OK
OISL OK
OISZ OK
OIZT OK
OIZJ OK
OIZL OK
OIJT OK
OIZS OK
OIJZ OK
OIJS OK
OIJL OK
OILT OK
OILS OK
OILZ OK
OILJ OK
OTIS OK
OTIZ OK
OTIJ OK
OTIL OK
OTSI OK
OTSJ OK
OTSL OK
OTZI OK
OTSZ OK
OTZJ OK
OTZL OK
OTJI OK
OTJS OK
OTJZ OK
OTJL OK
OTLI OK
OTLS OK
OTLZ OK
OTLJ OK
OSIT OK
OSIZ OK
OTZS OK
OSIJ OK
OSIL OK
OSTI OK
OSTZ OK
OSTJ OK
OSTL OK
OSZI OK
OSZJ OK
OSZL OK
OSJI OK
OSJT OK
OSJZ OK
OSLI OK
OSJL OK
OSZT OK
OSLT OK
OSLJ OK
OSLZ OK
OZIT OK
OZIJ OK
OZIL OK
OZTI OK
OZIS OK
OZTL OK
OZTJ OK
OZTS OK
OZSI OK
OZSJ OK
OZST OK
OZJI OK
OZSL OK
OZJT OK
OZJL OK
OZLI OK
OZJS OK
OZLT OK
OZLJ OK
OZLS OK
OJIT OK
OJIS OK
OJIZ OK
OJIL OK
OJTI OK
OJTS OK
OJTL OK
OJTZ OK
OJSI OK
OJST OK
OJZI OK
OJSZ OK
OJSL OK
OJZT OK
OJZL OK
OJLI OK
OJLT OK
OJZS OK
OJLS OK
OJLZ OK
OLIT OK
OLIS OK
OLIJ OK
OLIZ OK
OLTI OK
OLTS OK
OLTZ OK
OLTJ OK
OLSI OK
OLST OK
OLSJ OK
OLZI OK
OLSZ OK
OLZT OK
OLZJ OK
OLJI OK
OLJT OK
OLJS OK
OLJZ OK
TIOS OK
TIOJ OK
TIOZ OK
TIOL OK
TISO OK
TISZ OK
TISJ OK
TISL OK
TIZO OK
TIZS OK
TIZJ OK
TIZL OK
TIJO OK
TIJS OK
TIJZ OK
TIJL OK
TILO OK
TILS OK
TILZ OK
TILJ OK
TOIS OK
TOIZ OK
TOIJ OK
TOIL OK
TOSI OK
TOSJ OK
TOSZ OK
TOSL OK
TOZI OK
OLZS OK
TOZJ OK
TOZL OK
TOJI OK
TOJS OK
TOJZ OK
TOJL OK
TOLI OK
TOLS OK
TOLZ OK
TOLJ OK
TSIO OK
TSIJ OK
TSIZ OK
TOZS OK
TSIL OK
TSOI OK
TSOJ OK
TSOL OK
TSOZ OK
TSZI OK
TSZJ OK
TSZO OK
TSZL OK
TSJI OK
TSJL OK
TSJO OK
TSJZ OK
TSLI OK
TSLO OK
TSLJ OK
TSLZ OK
TZIO OK
TZIJ OK
TZIS OK
TZIL OK
TZOI OK
TZOJ OK
TZOL OK
TZSJ OK
TZSI OK
TZSO OK
TZJI OK
TZSL OK
TZJO OK
TZJS OK
TZJL OK
TZLI OK
TZLO OK
TZLS OK
TZLJ OK
TZOS OK
TJIO OK
TJIS OK
TJIZ OK
TJIL OK
TJOI OK
TJOS OK
TJOZ OK
TJOL OK
TJSI OK
TJSO OK
TJSL OK
TJZI OK
TJSZ OK
TJZO OK
TJZS OK
TJZL OK
TJLI OK
TJLO OK
TJLS OK
TJLZ OK
TLIO OK
TLIS OK
TLIZ OK
TLIJ OK
TLOI OK
TLOS OK
TLOZ OK
TLSI OK
TLOJ OK
TLSO OK
TLZI OK
TLSJ OK
TLZO OK
TLSZ OK
TLZJ OK
TLJI OK
TLJO OK
TLZS OK
TLJS OK
TLJZ OK
SIOT OK
SIOZ OK
SIOJ OK
SIOL OK
SITO OK
SITZ OK
SITJ OK
SITL OK
SIZT OK
SIZJ OK
SIZL OK
SIJO OK
SIJT OK
SIJL OK
SILO OK
SIJZ OK
SILT OK
SILZ OK
SILJ OK
SOIT OK
SOIZ OK
SOIJ OK
SOIL OK
SOTI OK
SOTZ OK
SOTJ OK
SOTL OK
SOZI OK
SOZJ OK
SOZT OK
SOJI OK
SOZL OK
SOJT OK
SOJZ OK
SOJL OK
SOLI OK
SOLT OK
SOLJ OK
SOLZ OK
SIZO OK
STIO OK
STIZ OK
STIJ OK
STIL OK
STOI OK
STOJ OK
STOZ OK
STOL OK
STZI OK
STZO OK
STZJ OK
STZL OK
STJI OK
STJO OK
STJL OK
STJZ OK
STLI OK
STLO OK
STLJ OK
STLZ OK
SZIT OK
SZIO OK
SZIJ OK
SZIL OK
SZOI OK
SZOJ OK
SZOT OK
SZOL OK
SZTI OK
SZTJ OK
SZTL OK
SZTO OK
SZJI OK
SZJL OK
SZJO OK
SZJT OK
SZLT OK
SZLI OK
SZLJ OK
SZLO OK
SJIO OK
SJIT OK
SJIL OK
SJIZ OK
SJOI OK
SJOT OK
SJOL OK
SJOZ OK
SJTI OK
SJTO OK
SJTL OK
SJTZ OK
SJZI OK
SJZO OK
SJZL OK
SJZT OK
SJLI OK
SJLT OK
SJLO OK
SJLZ OK
SLIO OK
SLIT OK
SLIZ OK
SLIJ OK
SLOI OK
SLOT OK
SLOJ OK
SLOZ OK
SLTI OK
SLTO OK
SLTJ OK
SLTZ OK
SLZO OK
SLZI OK
SLZT OK
SLZJ OK
SLJI OK
SLJT OK
SLJO OK
SLJZ OK
ZIOT OK
ZIOJ OK
ZIOL OK
ZIOS OK
ZITO OK
ZITS OK
ZITJ OK
ZITL OK
ZIST OK
ZISJ OK
ZISO OK
ZISL OK
ZIJO OK
ZIJT OK
ZIJL OK
ZIJS OK
ZILO OK
ZILT OK
ZILS OK
ZILJ OK
ZOIT OK
ZOIJ OK
ZOIL OK
ZOIS OK
ZOTI OK
ZOTJ OK
ZOTL OK
ZOTS OK
ZOSI OK
ZOST OK
ZOSJ OK
ZOSL OK
ZOJI OK
ZOJT OK
ZOJS OK
ZOJL OK
ZOLI OK
ZOLT OK
ZOLS OK
ZOLJ OK
ZTIO OK
ZTIS OK
ZTIJ OK
ZTIL OK
ZTOI OK
ZTOL OK
ZTOJ OK
ZTOS OK
ZTSI OK
ZTSJ OK
ZTSO OK
ZTJI OK
ZTJO OK
ZTSL OK
ZTJS OK
ZTJL OK
ZTLI OK
ZTLO OK
ZTLJ OK
ZTLS OK
ZSIT OK
ZSIO OK
ZSIJ OK
ZSIL OK
ZSOI OK
ZSOT OK
ZSOL OK
ZSOJ OK
ZSTI OK
ZSTJ OK
ZSTL OK
ZSTO OK
ZSJL OK
ZSJI OK
ZSJO OK
ZSJT OK
ZSLT OK
ZSLJ OK
ZSLI OK
ZSLO OK
ZJIO OK
ZJIT OK
ZJIL OK
ZJIS OK
ZJOI OK
ZJOT OK
ZJOL OK
ZJTI OK
ZJTO OK
ZJOS OK
ZJTS OK
ZJTL OK
ZJSI OK
ZJSL OK
ZJSO OK
ZJST OK
ZJLI OK
ZJLO OK
ZJLT OK
ZJLS OK
ZLIT OK
ZLIO OK
ZLIS OK
ZLIJ OK
ZLOT OK
ZLOI OK
ZLOS OK
ZLOJ OK
ZLTI OK
ZLTO OK
ZLTS OK
ZLTJ OK
ZLSI OK
ZLSO OK
ZLST OK
ZLSJ OK
ZLJI OK
ZLJO OK
ZLJT OK
ZLJS OK
JIOT OK
JIOS OK
JIOZ OK
JIOL OK
JITO OK
JITS OK
JITZ OK
JITL OK
JISO OK
JIST OK
JISL OK
JIZO OK
JISZ OK
JIZT OK
JILO OK
JIZL OK
JILT OK
JOIT OK
JILS OK
JILZ OK
JIZS OK
JOIS OK
JOIL OK
JOIZ OK
JOTI OK
JOTL OK
JOTZ OK
JOTS OK
JOSI OK
JOST OK
JOZI OK
JOSL OK
JOSZ OK
JOZT OK
JOLI OK
JOZL OK
JOLT OK
JOZS OK
JOLS OK
JOLZ OK
JTIO OK
JTIS OK
JTIZ OK
JTIL OK
JTOI OK
JTOS OK
JTOL OK
JTOZ OK
JTSI OK
JTSO OK
JTSL OK
JTZI OK
JTZO OK
JTSZ OK
JTZL OK
JTLI OK
JTZS OK
JTLO OK
JTLS OK
JTLZ OK
JSIO OK
JSIT OK
JSIL OK
JSOI OK
JSIZ OK
JSOT OK
JSTI OK
JSTO OK
JSOL OK
JSOZ OK
JSTL OK
JSTZ OK
JSZI OK
JSZT OK
JSZL OK
JSZO OK
JSLI OK
JSLT OK
JSLO OK
JSLZ OK
JZIO OK
JZIT OK
JZIL OK
JZOI OK
JZOT OK
JZOL OK
JZIS OK
JZTI OK
JZOS OK
JZTO OK
JZTL OK
JZTS OK
JZSI OK
JZSO OK
JZST OK
JZSL OK
JZLI OK
JZLO OK
JZLT OK
JZLS OK
JLIT OK
JLIO OK
JLOI OK
JLOT OK
JLIS OK
JLIZ OK
JLOS OK
JLOZ OK
JLTI OK
JLTO OK
JLTS OK
JLTZ OK
JLST OK
JLSI OK
JLZI OK
JLSO OK
JLZO OK
JLSZ OK
JLZT OK
JLZS OK
LIOT OK
LIOS OK
LIOZ OK
LIOJ OK
LITO OK
LITS OK
LITJ OK
LITZ OK
LISO OK
LIST OK
LISZ OK
LISJ OK
LIZO OK
LIZT OK
LIJT OK
LIZS OK
LIZJ OK
LIJO OK
LOIT OK
LOIS OK
LOIZ OK
LOIJ OK
LIJZ OK
LIJS OK
LOTI OK
LOTS OK
LOTZ OK
LOTJ OK
LOST OK
LOSI OK
LOSJ OK
LOSZ OK
LOZI OK
LOZT OK
LOZJ OK
LOJI OK
LOJT OK
LOJS OK
LOJZ OK
LTIO OK
LTIS OK
LTIZ OK
LTIJ OK
LTOI OK
LTOS OK
LTOZ OK
LTOJ OK
LTSI OK
LTSO OK
LTSJ OK
LTZI OK
LTSZ OK
LTZO OK
LTZJ OK
LTJI OK
LTZS OK
LTJO OK
LTJS OK
LTJZ OK
LSIO OK
LSIT OK
LSIZ OK
LSIJ OK
LSOI OK
LSOT OK
LSOJ OK
LOZS OK
LSOZ OK
LSTI OK
LSTO OK
LSTJ OK
LSZI OK
LSTZ OK
LSZO OK
LSZJ OK
LSZT OK
LSJI OK
LSJT OK
LSJO OK
LZIO OK
LSJZ OK
LZIT OK
LZIS OK
LZIJ OK
LZOI OK
LZOT OK
LZOJ OK
LZTI OK
LZTO OK
LZTJ OK
LZTS OK
LZOS OK
LZSI OK
LZST OK
LZSO OK
LZJI OK
LZSJ OK
LZJO OK
LZJT OK
LZJS OK
LJIO OK
LJIT OK
LJOI OK
LJOT OK
LJIS OK
LJOS OK
LJIZ OK
LJOZ OK
LJTI OK
LJTO OK
LJTS OK
LJTZ OK
LJST OK
LJSI OK
LJSO OK
LJZI OK
LJSZ OK
LJZT OK
LJZO OK
LJZS OK
