IOTJ OK
IOTL OK
IOTZ OK
IOTS OK
IOSJ OK
IOST OK
IOSL OK
IOZJ OK
IOZT OK
IOZS OK
IOZL OK
IOJT OK
IOJS OK
IOJZ OK
IOJL OK
IOLT OK
IOLS OK
IOLZ OK
IOLJ OK
ITOS OK
ITOJ OK
ITOZ OK
ITOL OK
ITSO OK
ITSJ OK
ITSL OK
ITSZ OK
ITZO OK
ITZL OK
ITZJ OK
ITJO OK
ITJS OK
ITJL OK
ITJZ OK
ITLO OK
ITLS OK
ITLZ OK
ITLJ OK
ITZS OK
ISOT OK
ISOJ OK
ISOL OK
ISTO OK
ISTJ OK
ISTZ OK
ISTL OK
ISZT OK
ISZJ OK
ISZO OK
ISZL OK
ISJO OK
ISJT OK
ISJZ OK
ISJL OK
ISLO OK
ISLT OK
ISLZ OK
ISLJ OK
IZOT OK
IZOS OK
IZOJ OK
IZOL OK
IZTO OK
IZTS OK
IZTJ OK
IZTL OK
IZSO OK
IZST OK
IZSL OK
IZSJ OK
IZJO OK
IZJT OK
IZJL OK
IZLO OK
IZJS OK
IZLT OK
IZLS OK
IZLJ OK
IJOT OK
IJOS OK
IJOZ OK
IJOL OK
IJTO OK
IJTS OK
IJTZ OK
IJTL OK
IJSO OK
IJST OK
IJSL OK
IJSZ OK
IOSZ CAP
IJZO OK
IJZT OK
IJZL OK
IJLO OK
IJLT OK
IJLS OK
IJZS OK
IJLZ OK
ILOT OK
ILOS OK
ILOZ OK
ILOJ OK
ILTO OK
ILTS OK
ILTZ OK
ILTJ OK
ILSO OK
ILST OK
ILZO OK
ILSZ OK
ILSJ OK
ILZT OK
ILJO OK
ILZJ OK
ILZS OK
ILJT OK
ILJS OK
ILJZ OK
OITS OK
OITJ OK
OITZ OK
OITL OK
OIST OK
OISJ OK
OISL OK
OIZT OK
OIZS OK
OIZJ OK
OIZL OK
OIJT OK
ISOZ CAP
OIJS OK
OIJZ OK
OIJL OK
OILT OK
OILS OK
OILZ OK
OILJ OK
OTIS OK
OTIZ OK
OTIJ OK
OTIL OK
OTSI OK
OTSJ OK
OTSL OK
OTZI OK
OTZJ OK
OTZL OK
OTSZ OK
OTJI OK
OTJS OK
OTJZ OK
OTJL OK
OTLI OK
OTZS OK
OTLS OK
OTLZ OK
OTLJ OK
OSIT OK
OSIJ OK
OSIL OK
OSTI OK
OSTJ OK
OSTL OK
OSZI OK
OSTZ OK
OSZJ OK
OISZ OK
OSZL OK
OSJI OK
OSZT OK
OSJT OK
OSLI OK
OSJZ OK
OSJL OK
OSIZ OK
OSLT OK
OSLJ OK
OSLZ OK
OZIT OK
OZIS OK
OZIJ OK
OZIL OK
OZTI OK
OZTL OK
OZTJ OK
OZTS OK
OZSI OK
OZST OK
OZSJ OK
OZSL OK
OZJI OK
OZJT OK
OZJL OK
OZJS OK
OZLI OK
OZLT OK
OZLS OK
OJIT OK
OZLJ OK
OJIS OK
OJIZ OK
OJIL OK
OJTI OK
OJTS OK
OJTZ OK
OJTL OK
OJSI OK
OJST OK
OJZI OK
OJZT OK
OJSL OK
OJZL OK
OJLI OK
OJZS OK
OJLT OK
OJLS OK
OJLZ OK
OLIT OK
OLIS OK
OJSZ OK
OLIJ OK
OLIZ OK
OLTI OK
OLTS OK
OLTZ OK
OLTJ OK
OLST OK
OLSI OK
OLSJ OK
OLZT OK
OLZI OK
OLJI OK
OLZJ OK
OLJT OK
OLJS OK
OLZS OK
OLJZ OK
TIOS OK
OLSZ OK
TIOZ OK
TIOJ OK
TIOL OK
TISO OK
TISJ OK
TISL OK
TIZO OK
TISZ OK
TIZJ OK
TIZL OK
TIJO OK
TIJS OK
TIZS OK
TIJZ OK
TIJL OK
TILO OK
TILS OK
TILZ OK
TILJ OK
TOIS OK
TOIZ OK
TOIJ OK
TOIL OK
TOSI OK
TOSL OK
TOSJ OK
TOZI OK
TOZJ OK
TOZL OK
TOJI OK
TOJS OK
TOJZ OK
TOJL OK
TOLI OK
TOLS OK
TOSZ OK
TOLZ OK
TOLJ OK
TSIO OK
TSIJ OK
TSIZ OK
TSIL OK
TOZS OK
TSOI OK
TSOJ OK
TSOL OK
TSZI OK
TSZJ OK
TSZL OK
TSJI OK
TSJO OK
TSJZ OK
TSOZ OK
TSJL OK
TSLI OK
TSLO OK
TSLZ OK
TSLJ OK
TSZO OK
TZIO OK
TZIJ OK
TZIL OK
TZOI OK
TZIS OK
TZOJ OK
TZOL OK
TZSJ OK
TZSI OK
TZJI OK
TZSL OK
TZJO OK
TZJS OK
TZJL OK
TZLI OK
TZLO OK
TZLS OK
TZOS OK
TZLJ OK
TJIO OK
TJIS OK
TJIZ OK
TJIL OK
TZSO OK
TJOI OK
TJOS OK
TJOZ OK
TJOL OK
TJSI OK
TJSO OK
TJSL OK
TJZI OK
TJSZ OK
TJZO OK
TJZL OK
TJLI OK
TJLO OK
TJZS OK
TJLS OK
TJLZ OK
TLIO OK
TLIS OK
TLIZ OK
TLIJ OK
TLOI OK
TLOS OK
TLOZ OK
TLOJ OK
TLSI OK
TLSO OK
TLSJ OK
TLSZ OK
TLZI OK
TLZO OK
TLZJ OK
TLJI OK
TLZS OK
TLJO OK
TLJS OK
TLJZ OK
SIOT OK
SIOJ OK
SIOL OK
SITO OK
SITJ OK
SITL OK
SITZ OK
SIZJ OK
SIZT OK
SIJO OK
SIZL OK
SIJT OK
SIZO OK
SIJZ OK
SILO OK
SIJL OK
SIOZ OK
SILT OK
SILZ OK
SOIT OK
SILJ OK
SOIJ OK
SOIL OK
SOTI OK
SOTJ OK
SOTL OK
SOZI OK
SOZJ OK
SOTZ OK
SOZL OK
SOIZ OK
SOZT OK
SOJI OK
SOJT OK
SOLI OK
SOJL OK
SOJZ OK
SOLT OK
SOLJ OK
SOLZ OK
STIO OK
STIZ OK
STIJ OK
STIL OK
STOI OK
STOJ OK
STOL OK
STZI OK
STZJ OK
STZL OK
STJI OK
STJO OK
STJZ OK
STJL OK
STOZ OK
STLO OK
STLI OK
STLZ OK
STLJ OK
STZO OK
SZIO OK
SZIT OK
SZIJ OK
SZIL OK
SZOI OK
SZOJ OK
SZOT OK
SZTI OK
SZOL OK
SZTJ OK
SZTO OK
SZTL OK
SZJI OK
SZJO OK
SZJL OK
SZJT OK
SZLI OK
SZLT OK
SZLJ OK
SJIO OK
SJIT OK
SZLO OK
SJIZ OK
SJOI OK
SJIL OK
SJOT OK
SJTI OK
SJTO OK
SJOL OK
SJOZ OK
SJTL OK
SJTZ OK
SJZI OK
SJZT OK
SJZO OK
SJZL OK
SJLI OK
SJLT OK
SJLO OK
SJLZ OK
SLIO OK
SLIT OK
SLOI OK
SLOT OK
SLIJ OK
SLIZ OK
SLOJ OK
SLTI OK
SLTO OK
SLTJ OK
SLTZ OK
SLZI OK
SLZT OK
SLZJ OK
SLZO OK
SLJI OK
SLOZ OK
SLJT OK
SLJO OK
ZIOT OK
SLJZ OK
ZIOJ OK
ZIOS OK
ZIOL OK
ZITO OK
ZITS OK
ZITJ OK
ZITL OK
ZIST OK
ZISJ OK
ZISO OK
ZISL OK
ZIJO OK
ZIJT OK
ZIJL OK
ZIJS OK
ZILO OK
ZILT OK
ZILS OK
ZILJ OK
ZOIT OK
ZOIJ OK
ZOIS OK
ZOIL OK
ZOTI OK
ZOTJ OK
ZOTL OK
ZOTS OK
ZOSI OK
ZOST OK
ZOSJ OK
ZOSL OK
ZOJI OK
ZOJT OK
ZOJL OK
ZOJS OK
ZOLI OK
ZOLT OK
ZOLS OK
ZOLJ OK
ZTIO OK
ZTIJ OK
ZTIL OK
ZTIS OK
ZTOI OK
ZTOJ OK
ZTOS OK
ZTOL OK
ZTSJ OK
ZTSO OK
ZTSL OK
ZTSI OK
ZTJI OK
ZTJS OK
ZTJO OK
ZTJL OK
ZTLI OK
ZTLO OK
ZTLS OK
ZTLJ OK
ZSIO OK
ZSIJ OK
ZSIL OK
ZSIT OK
ZSOI OK
ZSOJ OK
ZSOT OK
ZSOL OK
ZSTJ OK
ZSTI OK
ZSTO OK
ZSTL OK
ZSJI OK
ZSJL OK
ZSJO OK
ZSJT OK
ZSLI OK
ZSLT OK
ZSLJ OK
ZSLO OK
ZJIO OK
ZJIT OK
ZJIL OK
ZJOI OK
ZJIS OK
ZJOT OK
ZJOL OK
ZJTI OK
ZJOS OK
ZJTO OK
ZJTS OK
ZJTL OK
ZJSI OK
ZJST OK
ZJLI OK
ZJSL OK
ZJLO OK
ZJLT OK
ZJSO OK
ZJLS OK
ZLIT OK
ZLIO OK
ZLIS OK
ZLIJ OK
ZLOT OK
ZLOI OK
ZLOS OK
ZLOJ OK
ZLTI OK
ZLTO OK
ZLTS OK
ZLTJ OK
ZLSI OK
ZLSO OK
ZLST OK
ZLJI OK
ZLJO OK
ZLSJ OK
ZLJT OK
JIOT OK
ZLJS OK
JIOS OK
JIOZ OK
JITO OK
JIOL OK
JITS OK
JITZ OK
JITL OK
JISO OK
JIST OK
JISL OK
JIZO OK
JISZ OK
JIZT OK
JIZL OK
JILO OK
JILT OK
JILS OK
JILZ OK
JIZS OK
JOIT OK
JOIS OK
JOIZ OK
JOTI OK
JOIL OK
JOTS OK
JOTL OK
JOTZ OK
JOSI OK
JOST OK
JOZI OK
JOSL OK
JOZT OK
JOZL OK
JOLI OK
JOZS OK
JOLT OK
JOLS OK
JOLZ OK
JTIO OK
JTIS OK
JTIZ OK
JTIL OK
JOSZ OK
JTOI OK
JTOS OK
JTOZ OK
JTOL OK
JTSI OK
JTSO OK
JTSL OK
JTZI OK
JTSZ OK
JTZO OK
JTZL OK
JTLI OK
JTZS OK
JTLO OK
JTLS OK
JTLZ OK
JSIO OK
JSIT OK
JSOI OK
JSOT OK
JSIZ OK
JSIL OK
JSTI OK
JSTO OK
JSOL OK
JSTL OK
JSOZ OK
JSTZ OK
JSZI OK
JSZT OK
JSZL OK
JSZO OK
JSLI OK
JSLT OK
JSLO OK
JZIO OK
JSLZ OK
JZIT OK
JZIL OK
JZOI OK
JZIS OK
JZOT OK
JZOL OK
JZTI OK
JZTO OK
JZOS OK
JZTL OK
JZTS OK
JZSI OK
JZLI OK
JZST OK
JZSL OK
JZSO OK
JZLO OK
JZLT OK
JZLS OK
JLIO OK
JLIT OK
JLOI OK
JLOT OK
JLIS OK
JLIZ OK
JLTI OK
JLTO OK
JLOS OK
JLOZ OK
JLTS OK
JLTZ OK
JLST OK
JLSI OK
JLSO OK
JLZI OK
JLZO OK
JLZT OK
JLZS OK
LIOT OK
LIOS OK
LIOZ OK
LIOJ OK
LITO OK
LITS OK
LITZ OK
LITJ OK
LISO OK
LIST OK
JLSZ OK
LIZO OK
LIZT OK
LISZ OK
LISJ OK
LIZS OK
LIJO OK
LIZJ OK
LIJT OK
LOIT OK
LOIS OK
LIJS OK
LIJZ OK
LOIZ OK
LOIJ OK
LOTI OK
LOTS OK
LOTZ OK
LOTJ OK
LOSI OK
LOST OK
LOSJ OK
LOZT OK
LOZI OK
LOJI OK
LOZJ OK
LOJT OK
LOJS OK
LOZS OK
LOJZ OK
LTIO OK
LTIS OK
LTIZ OK
LTIJ OK
LOSZ OK
LTOI OK
LTOS OK
LTOZ OK
LTOJ OK
LTSI OK
LTSO OK
LTSJ OK
LTZI OK
LTSZ OK
LTZO OK
LTZJ OK
LTJI OK
LTJO OK
LTZS OK
LTJS OK
LTJZ OK
LSIT OK
LSIO OK
LSOT OK
LSOI OK
LSIJ OK
LSIZ OK
LSTI OK
LSOJ OK
LSTO OK
LSTJ OK
LSZI OK
LSTZ OK
LSZT OK
LSZJ OK
LSJI OK
LSJO OK
LSOZ OK
LSJT OK
LZIO OK
LZIT OK
LSJZ OK
LSZO OK
LZIS OK
LZIJ OK
LZOT OK
LZOI OK
LZTI OK
LZOJ OK
LZTO OK
LZTJ OK
LZTS OK
LZSI OK
LZOS OK
LZST OK
LZSJ OK
LZJI OK
LZJO OK
LZJT OK
LZJS OK
LJIO OK
LJIT OK
LJOI OK
LJIS OK
LJIZ OK
LZSO OK
LJOT OK
LJTI OK
LJOS OK
LJOZ OK
LJTO OK
LJTS OK
LJTZ OK
LJST OK
LJSI OK
LJSO OK
LJSZ OK
LJZI OK
LJZO OK
LJZT OK
LJZS OK
