IOTL OK
IOTJ OK
IOTZ OK
IOTS OK
IOST OK
IOSL OK
IOSJ OK
IOSZ OK
IOZT OK
IOJT OK
IOZS OK
IOZJ OK
IOZL OK
IOLT OK
IOJL OK
IOJS OK
IOJZ OK
ITOS OK
IOLS OK
IOLZ OK
IOLJ OK
ITOZ OK
ITOJ OK
ITOL OK
ITSO OK
ITSZ OK
ITSJ OK
ITSL OK
ITZO OK
ITZJ OK
ITZS OK
ITJO OK
ITZL OK
ITJZ OK
ITJS OK
ITJL OK
ITLO OK
ITLZ OK
ITLS OK
ITLJ OK
ISOT OK
ISTO OK
ISOZ OK
ISOL OK
ISOJ OK
ISTZ OK
ISTJ OK
ISTL OK
ISZO OK
ISZT OK
ISZJ OK
ISZL OK
ISJT OK
ISJO OK
ISJL OK
ISLT OK
ISLO OK
ISLJ OK
IZOT OK
ISJZ OK
IZOS OK
IZOJ OK
IZOL OK
ISLZ OK
IZTO OK
IZTS OK
IZTJ OK
IZTL OK
IZST OK
IZSO OK
IZSJ OK
IZSL OK
IZJT OK
IZJO OK
IZJL OK
IZJS OK
IZLT OK
IZLO OK
IZLJ OK
IZLS OK
IJOT OK
IJOL OK
IJTO OK
IJTS OK
IJTZ OK
IJOS OK
IJTL OK
IJOZ OK
IJST OK
IJSL OK
IJZT OK
IJZO OK
IJSO OK
IJZL OK
IJSZ OK
IJLO OK
IJZS OK
IJLS OK
IJLT OK
IJLZ OK
ILOT OK
ILOJ OK
ILOS OK
ILOZ OK
ILTO OK
ILTS OK
ILTZ OK
ILTJ OK
ILSO OK
ILST OK
ILSJ OK
ILZO OK
ILZT OK
ILJO OK
ILZS OK
ILZJ OK
ILJT OK
ILJZ OK
ILJS OK
OITS OK
OITZ OK
OITJ OK
OITL OK
OIST OK
OISZ OK
OISJ OK
OISL OK
OIZT OK
OIZS OK
OIZJ OK
OIZL OK
OIJT OK
OIJS OK
OIJZ OK
OIJL OK
OILT OK
OILJ OK
ILSZ OK
OILS OK
OTIS OK
OILZ OK
OTIZ OK
OTIJ OK
OTIL OK
OTSI OK
OTSZ OK
OTSJ OK
OTSL OK
OTZI OK
OTZS OK
OTZJ OK
OTZL OK
OTJI OK
OTJS OK
OTJZ OK
OTJL OK
OTLI OK
OTLS OK
OTLZ OK
OTLJ OK
OSIT OK
OSIZ OK
OSTI OK
OSIJ OK
OSIL OK
OSTZ OK
OSTJ OK
OSTL OK
OSZI OK
OSZT OK
OSJT OK
OSJI OK
OSZL OK
OSJL OK
OSZJ OK
OSLT OK
OSLI OK
OSLJ OK
OZIT OK
OSJZ OK
OZIS OK
OZIJ OK
OZIL OK
OZTI OK
OZTJ OK
OZTL OK
OZSI OK
OZTS OK
OZST OK
OZSJ OK
OZSL OK
OZJT OK
OZJI OK
OZJS OK
OZJL OK
OZLI OK
OZLT OK
OSLZ OK
OZLS OK
OZLJ OK
OJIT OK
OJIS OK
OJIL OK
OJTI OK
OJIZ OK
OJTS OK
OJTZ OK
OJTL OK
OJSI OK
OJST OK
OJSL OK
OJZT OK
OJZI OK
OJZL OK
OJLI OK
OJLT OK
OJLS OK
OJZS OK
OJLZ OK
OLIT OK
OJSZ OK
OLIS OK
OLIJ OK
OLIZ OK
OLTI OK
OLTS OK
OLTZ OK
OLTJ OK
OLST OK
OLSI OK
OLSJ OK
OLZT OK
OLZI OK
OLJI OK
OLZJ OK
OLJT OK
OLJS OK
OLZS OK
OLJZ OK
TIOS OK
TIOZ OK
TIOJ OK
TIOL OK
TISO OK
TISZ OK
TISJ OK
TISL OK
TIZO OK
TIZS OK
TIZJ OK
TIZL OK
TIJO OK
TIJS OK
TIJZ OK
TIJL OK
TILO OK
TILS OK
TILZ OK
OLSZ OK
TILJ OK
TOIS OK
TOIZ OK
TOIJ OK
TOIL OK
TOSI OK
TOSZ OK
TOSJ OK
TOSL OK
TOZI OK
TOZJ OK
TOZS OK
TOZL OK
TOJI OK
TOJS OK
TOJZ OK
TOJL OK
TOLI OK
TOLS OK
TOLZ OK
TOLJ OK
TSIO OK
TSIZ OK
TSIJ OK
TSIL OK
TSOI OK
TSOZ OK
TSOJ OK
TSOL OK
TSZI OK
TSZO OK
TSZJ OK
TSZL OK
TSJI OK
TSJO OK
TSJZ OK
TSLI OK
TSJL OK
TSLO OK
TZIO OK
TSLZ OK
TSLJ OK
TZIS OK
TZIJ OK
TZIL OK
TZOI OK
TZOS OK
TZOJ OK
TZOL OK
TZSI OK
TZSO OK
TZJI OK
TZSJ OK
TZSL OK
TZJO OK
TZJS OK
TZLI OK
TZJL OK
TZLO OK
TJIO OK
TZLS OK
TZLJ OK
TJIS OK
TJIL OK
TJIZ OK
TJOI OK
TJOS OK
TJOZ OK
TJOL OK
TJSI OK
TJSO OK
TJZI OK
TJSZ OK
TJSL OK
TJZO OK
TJLI OK
TJZS OK
TJZL OK
TJLO OK
TLIO OK
TJLS OK
TJLZ OK
TLIS OK
TLIZ OK
TLIJ OK
TLOI OK
TLOS OK
TLOZ OK
TLOJ OK
TLSI OK
TLSO OK
TLZO OK
TLZI OK
TLSJ OK
TLSZ OK
TLJI OK
TLZS OK
TLZJ OK
TLJO OK
SIOT OK
TLJS OK
TLJZ OK
SIOZ OK
SITO OK
SITZ OK
SIOJ OK
SIOL OK
SITJ OK
SITL OK
SIZT OK
SIZO OK
SIZJ OK
SIZL OK
SIJT OK
SIJO OK
SIJL OK
SIJZ OK
SILT OK
SILO OK
SOIT OK
SILJ OK
SILZ OK
SOIZ OK
SOTI OK
SOIJ OK
SOTZ OK
SOIL OK
SOTJ OK
SOTL OK
SOZT OK
SOZI OK
SOJT OK
SOZJ OK
SOJI OK
SOJL OK
SOZL OK
SOLI OK
SOLT OK
SOLJ OK
STIO OK
STIZ OK
SOJZ OK
STIJ OK
STIL OK
STOI OK
STOZ OK
STOJ OK
SOLZ OK
STOL OK
STZI OK
STZO OK
STZJ OK
STZL OK
STJI OK
STJO OK
STJZ OK
STJL OK
STLI OK
STLO OK
STLZ OK
STLJ OK
SZIO OK
SZIT OK
SZIJ OK
SZIL OK
SZOI OK
SZOT OK
SZTI OK
SZOJ OK
SZOL OK
SZTO OK
SZTJ OK
SZTL OK
SZJI OK
SZJO OK
SZJT OK
SZJL OK
SZLI OK
SZLO OK
SZLJ OK
SZLT OK
SJIT OK
SJIL OK
SJIO OK
SJOT OK
SJIZ OK
SJOI OK
SJOL OK
SJTI OK
SJTO OK
SJTL OK
SJTZ OK
SJZI OK
SJZT OK
SJZO OK
SJOZ OK
SJZL OK
SJLI OK
SJLO OK
SJLT OK
SJLZ OK
SLIT OK
SLIO OK
SLIJ OK
SLOT OK
SLOI OK
SLIZ OK
SLOJ OK
SLTI OK
SLTO OK
SLTZ OK
SLTJ OK
SLZI OK
SLZO OK
SLZT OK
SLZJ OK
SLJI OK
SLJT OK
SLJO OK
SLJZ OK
ZIOT OK
ZIOS OK
ZIOL OK
ZIOJ OK
ZITO OK
ZITS OK
ZITJ OK
ZITL OK
ZIST OK
ZISO OK
ZISJ OK
ZISL OK
ZIJT OK
ZIJO OK
ZIJL OK
ZIJS OK
SLOZ OK
ZILO OK
ZILT OK
ZILJ OK
ZILS OK
ZOIT OK
ZOIS OK
ZOIL OK
ZOTI OK
ZOIJ OK
ZOTJ OK
ZOTS OK
ZOTL OK
ZOSI OK
ZOST OK
ZOSJ OK
ZOSL OK
ZOJI OK
ZOJT OK
ZOJL OK
ZOJS OK
ZOLT OK
ZOLI OK
ZOLJ OK
ZOLS OK
ZTIO OK
ZTIS OK
ZTIJ OK
ZTIL OK
ZTOI OK
ZTOS OK
ZTOJ OK
ZTOL OK
ZTSI OK
ZTSO OK
ZTSJ OK
ZTJI OK
ZTSL OK
ZTJO OK
ZTJS OK
ZTJL OK
ZTLI OK
ZTLO OK
ZTLS OK
ZTLJ OK
ZSIO OK
ZSIT OK
ZSIJ OK
ZSIL OK
ZSOI OK
ZSOT OK
ZSTI OK
ZSTO OK
ZSOJ OK
ZSOL OK
ZSTJ OK
ZSTL OK
ZSJI OK
ZSJO OK
ZSJT OK
ZSJL OK
ZSLI OK
ZSLJ OK
ZSLT OK
ZSLO OK
ZJIT OK
ZJIO OK
ZJIL OK
ZJIS OK
ZJOT OK
ZJOI OK
ZJOL OK
ZJTI OK
ZJOS OK
ZJTO OK
ZJTS OK
ZJTL OK
ZJSI OK
ZJST OK
ZJSL OK
ZJSO OK
ZJLI OK
ZJLO OK
ZJLT OK
ZJLS OK
ZLIT OK
ZLIO OK
ZLIS OK
ZLIJ OK
ZLOT OK
ZLOI OK
ZLOJ OK
ZLTI OK
ZLOS OK
ZLTO OK
ZLTS OK
ZLTJ OK
ZLSI OK
ZLST OK
ZLSJ OK
ZLSO OK
ZLJI OK
ZLJO OK
ZLJT OK
ZLJS OK
JIOT OK
JIOL OK
JITO OK
JIOS OK
JIOZ OK
JITS OK
JITZ OK
JITL OK
JIST OK
JISL OK
JISO OK
JIZT OK
JIZO OK
JIZL OK
JIZS OK
JILO OK
JILT OK
JISZ OK
JILS OK
JILZ OK
JOIT OK
JOIL OK
JOTI OK
JOIS OK
JOIZ OK
JOTS OK
JOTZ OK
JOTL OK
JOST OK
JOSL OK
JOSI OK
JOZT OK
JOZI OK
JOZL OK
JOLI OK
JOLT OK
JOLS OK
JOSZ OK
JTIO OK
JOLZ OK
JTIS OK
JOZS OK
JTIL OK
JTIZ OK
JTOI OK
JTOS OK
JTOZ OK
JTOL OK
JTSI OK
JTSO OK
JTSZ OK
JTSL OK
JTZI OK
JTZO OK
JTLI OK
JTZL OK
JTZS OK
JTLO OK
JTLS OK
JTLZ OK
JSIT OK
JSIO OK
JSIL OK
JSOT OK
JSOI OK
JSIZ OK
JSOL OK
JSTI OK
JSTO OK
JSTZ OK
JSTL OK
JSZI OK
JSZT OK
JSOZ OK
JSLI OK
JSZL OK
JSLO OK
JSLT OK
JSLZ OK
JZIT OK
JSZO OK
JZIO OK
JZIL OK
JZIS OK
JZOT OK
JZOI OK
JZOL OK
JZTI OK
JZTO OK
JZTS OK
JZTL OK
JZST OK
JZSI OK
JZOS OK
JZSL OK
JZLI OK
JZLO OK
JZLT OK
JZLS OK
JLIO OK
JLIT OK
JZSO OK
JLIS OK
JLIZ OK
JLOI OK
JLOT OK
JLOS OK
JLOZ OK
JLTI OK
JLTO OK
JLTS OK
JLTZ OK
JLSI OK
JLSO OK
JLST OK
JLZI OK
JLSZ OK
JLZO OK
JLZT OK
JLZS OK
LIOT OK
LIOJ OK
LITO OK
LIOS OK
LIOZ OK
LITS OK
LITZ OK
LITJ OK
LIST OK
LISO OK
LISJ OK
LIZT OK
LIZO OK
LIZJ OK
LIJO OK
LIZS OK
LIJT OK
LIJS OK
LIJZ OK
LOIT OK
LOIS OK
LOIZ OK
LOIJ OK
LOTI OK
LOTS OK
LOTZ OK
LOTJ OK
LOST OK
LOSI OK
LISZ OK
LOZT OK
LOZI OK
LOSJ OK
LOZJ OK
LOJI OK
LOJT OK
LOJS OK
LOJZ OK
LTIO OK
LOZS OK
LTIS OK
LTIZ OK
LTIJ OK
LTOI OK
LTOS OK
LTOZ OK
LTOJ OK
LTSI OK
LTSO OK
LTSZ OK
LTZI OK
LTSJ OK
LTZO OK
LTZS OK
LTZJ OK
LTJI OK
LTJO OK
LTJS OK
LTJZ OK
LSIT OK
LSIO OK
LSIJ OK
LSOI OK
LOSZ OK
LSOT OK
LSTI OK
LSOJ OK
LSTO OK
LSTZ OK
LSIZ OK
LSTJ OK
LSZT OK
LSZI OK
LSZJ OK
LSJI OK
LSJT OK
LSJO OK
LSJZ OK
LZIO OK
LZIT OK
LSZO OK
LZIJ OK
LZIS OK
LZOI OK
LZOT OK
LZOJ OK
LZTI OK
LZTO OK
LZTS OK
LZTJ OK
LSOZ OK
LZOS OK
LZSI OK
LZST OK
LZSJ OK
LZJI OK
LZJO OK
LZJT OK
LJIO OK
LJIT OK
LZJS OK
LZSO OK
LJOI OK
LJIS OK
LJIZ OK
LJOT OK
LJTI OK
LJOS OK
LJOZ OK
LJTO OK
LJSI OK
LJTS OK
LJTZ OK
LJSO OK
LJZI OK
LJST OK
LJSZ OK
LJZO OK
LJZT OK
LJZS OK
