IOTS OK
IOTL OK
IOTJ OK
IOTZ OK
IOST OK
IOZT OK
IOSZ OK
IOSL OK
IOSJ OK
IOJT OK
IOZS OK
IOZJ OK
IOZL OK
IOJS OK
IOJL OK
IOJZ OK
IOLT OK
ITOS OK
IOLJ OK
ITOZ OK
ITOJ OK
ITOL OK
ITSO OK
ITSZ OK
ITSJ OK
ITSL OK
ITZO OK
IOLS OK
IOLZ OK
ITZS OK
ITZJ OK
ITZL OK
ITJO OK
ITJS OK
ITJZ OK
ITJL OK
ITLO OK
ITLS OK
ITLZ OK
ITLJ OK
ISOT OK
ISTO OK
ISTZ OK
ISOZ OK
ISOJ OK
ISOL OK
ISTJ OK
ISTL OK
ISZO OK
ISZT OK
ISZJ OK
ISZL OK
ISJT OK
ISJL OK
ISJO OK
ISLT OK
ISLO OK
ISLJ OK
IZOT OK
IZOS OK
IZOJ OK
IZTO OK
IZOL OK
IZTS OK
IZTJ OK
IZTL OK
IZSO OK
IZST OK
ISJZ OK
IZSJ OK
IZSL OK
IZJO OK
IZJT OK
ISLZ OK
IZJL OK
IZLT OK
IZJS OK
IZLO OK
IZLJ OK
IJOT OK
IZLS OK
IJOL OK
IJTO OK
IJOS OK
IJOZ OK
IJTS OK
IJTZ OK
IJTL OK
IJST OK
IJSO OK
IJSL OK
IJZT OK
IJZO OK
IJZL OK
IJZS OK
IJLO OK
IJLT OK
IJLS OK
IJLZ OK
ILOT OK
ILOS OK
ILOZ OK
ILOJ OK
ILTO OK
ILTS OK
ILTZ OK
IJSZ OK
ILTJ OK
ILST OK
ILSO OK
ILSJ OK
ILZT OK
ILZO OK
ILZJ OK
ILJO OK
ILZS OK
ILJT OK
ILJS OK
ILJZ OK
OITS OK
OITZ OK
OITJ OK
OITL OK
OIST OK
OISJ OK
OISZ OK
OISL OK
OIZT OK
OIZS OK
OIZJ OK
ILSZ OK
OIZL OK
OIJT OK
OIJL OK
OIJS OK
OILT OK
OIJZ OK
OILJ OK
OTIS OK
OTIJ OK
OTIZ OK
OTSI OK
OTIL OK
OTSZ OK
OTSJ OK
OTZI OK
OTSL OK
OILS OK
OILZ OK
OTZJ OK
OTZS OK
OTZL OK
OTJI OK
OTJS OK
OTJZ OK
OTJL OK
OTLI OK
OTLS OK
OTLZ OK
OTLJ OK
OSIT OK
OSTI OK
OSTZ OK
OSIZ OK
OSIJ OK
OSIL OK
OSTJ OK
OSTL OK
OSZT OK
OSZI OK
OSJI OK
OSJT OK
OSJL OK
OSZL OK
OSLI OK
OSLT OK
OSZJ OK
OSLJ OK
OZIT OK
OZIS OK
OZIJ OK
OZIL OK
OZTI OK
OSJZ OK
OZTJ OK
OZTL OK
OZSI OK
OZTS OK
OZST OK
OZSJ OK
OZSL OK
OZJI OK
OZJT OK
OZJL OK
OZJS OK
OZLI OK
OZLT OK
OSLZ OK
OZLJ OK
OJIT OK
OZLS OK
OJIS OK
OJIL OK
OJIZ OK
OJTI OK
OJTS OK
OJTL OK
OJTZ OK
OJST OK
OJSL OK
OJSI OK
OJZT OK
OJZI OK
OJZL OK
OJLI OK
OJLT OK
OJLS OK
OJLZ OK
OLIT OK
OLIS OK
OLIZ OK
OLIJ OK
OJSZ OK
OLTI OK
OLTS OK
OLTZ OK
OLTJ OK
OLSI OK
OLST OK
OLSJ OK
OLZI OK
OLZT OK
OLZJ OK
OLJI OK
OLJT OK
OLJS OK
OLJZ OK
OLZS OK
TIOS OK
TIOZ OK
TIOJ OK
OLSZ OK
TIOL OK
TISO OK
TISZ OK
TISJ OK
TISL OK
TIZO OK
TIZJ OK
TIZS OK
TIZL OK
TIJO OK
TIJS OK
TIJL OK
TIJZ OK
TILO OK
TILZ OK
TILS OK
TILJ OK
TOIS OK
TOIZ OK
TOIJ OK
TOIL OK
TOSI OK
TOSZ OK
TOSJ OK
TOSL OK
TOZI OK
TOZJ OK
TOZL OK
TOZS OK
TOJI OK
TOJS OK
TOJZ OK
TOJL OK
TOLI OK
TOLS OK
TOLZ OK
TOLJ OK
TSIO OK
TSIZ OK
TSIJ OK
TSIL OK
TSOI OK
TSOZ OK
TSOJ OK
TSOL OK
TSZI OK
TSZO OK
TSZJ OK
TSZL OK
TSJI OK
TSJO OK
TSJZ OK
TSJL OK
TSLI OK
TSLO OK
TSLZ OK
TSLJ OK
TZIO OK
TZIS OK
TZIJ OK
TZIL OK
TZOI OK
TZOS OK
TZOJ OK
TZOL OK
TZSI OK
TZSO OK
TZSJ OK
TZSL OK
TZJI OK
TZJO OK
TZJS OK
TZJL OK
TZLI OK
TZLO OK
TZLS OK
TZLJ OK
TJIO OK
TJIS OK
TJIZ OK
TJIL OK
TJOI OK
TJOS OK
TJOZ OK
TJOL OK
TJSI OK
TJSO OK
TJSL OK
TJSZ OK
TJZI OK
TJZO OK
TJZL OK
TJZS OK
TJLI OK
TJLO OK
TJLS OK
TJLZ OK
TLIO OK
TLIS OK
OJZS CAP
TLIZ OK
TLIJ OK
TLOI OK
TLOS OK
TLOZ OK
TLOJ OK
TLSI OK
TLSO OK
TLSJ OK
TLZI OK
TLSZ OK
TLZO OK
TLZS OK
TLZJ OK
TLJI OK
TLJO OK
TLJS OK
TLJZ OK
SIOT OK
SITO OK
SIOZ OK
SIOJ OK
SITZ OK
SIOL OK
SITJ OK
SITL OK
SIZT OK
SIZO OK
SIZJ OK
SIZL OK
SIJT OK
SIJL OK
SIJO OK
SILT OK
SILO OK
SILJ OK
SOIT OK
SILZ OK
SOIZ OK
SOIJ OK
SOIL OK
SOTI OK
SIJZ OK
SOTZ OK
SOTJ OK
SOTL OK
SOZT OK
SOZI OK
SOJT OK
SOJI OK
SOJL OK
SOZL OK
SOLI OK
SOLT OK
SOZJ OK
SOLJ OK
STIO OK
STIZ OK
STIJ OK
STIL OK
STOI OK
STOZ OK
SOJZ OK
STOJ OK
STOL OK
STZI OK
STZO OK
STZJ OK
STZL OK
STJI OK
STJO OK
STJZ OK
STJL OK
STLI OK
STLO OK
STLZ OK
STLJ OK
SZIO OK
SZIT OK
SOLZ OK
SZIJ OK
SZOT OK
SZOI OK
SZIL OK
SZOJ OK
SZTO OK
SZTI OK
SZTJ OK
SZOL OK
SZTL OK
SZJI OK
SZJL OK
SZJT OK
SZLI OK
SZLT OK
SZJO OK
SZLJ OK
SJIT OK
SZLO OK
SJIL OK
SJOT OK
SJIO OK
SJOL OK
SJOI OK
SJTI OK
SJTO OK
SJTL OK
SJTZ OK
SJZI OK
SJZO OK
SJIZ OK
SJZT OK
SJZL OK
SJLI OK
SJLO OK
SJLT OK
SJLZ OK
SLIT OK
SLIJ OK
SJOZ OK
SLIO OK
SLOT OK
SLIZ OK
SLOJ OK
SLTI OK
SLOI OK
SLTO OK
SLTZ OK
SLTJ OK
SLZT OK
SLZI OK
SLZO OK
SLZJ OK
SLJI OK
SLJO OK
SLJT OK
SLJZ OK
ZIOT OK
ZIOS OK
ZIOJ OK
ZIOL OK
ZITO OK
ZITS OK
ZITJ OK
ZITL OK
ZIST OK
ZISO OK
ZISJ OK
ZIJO OK
ZISL OK
ZIJT OK
ZIJL OK
ZILO OK
SLOZ OK
ZILT OK
ZIJS OK
ZILJ OK
ZOIT OK
ZILS OK
ZOIS OK
ZOIJ OK
ZOIL OK
ZOTI OK
ZOTS OK
ZOTJ OK
ZOSI OK
ZOTL OK
ZOST OK
ZOSJ OK
ZOSL OK
ZOJI OK
ZOJT OK
ZOJL OK
ZOLI OK
ZOJS OK
ZOLT OK
ZOLJ OK
ZTIO OK
ZTIS OK
ZOLS OK
ZTIJ OK
ZTIL OK
ZTOI OK
ZTOS OK
ZTOJ OK
ZTOL OK
ZTSI OK
ZTSO OK
ZTSJ OK
ZTSL OK
ZTJI OK
ZTJO OK
ZTJS OK
ZTJL OK
ZTLI OK
ZTLO OK
ZTLS OK
ZTLJ OK
ZSIO OK
ZSIT OK
ZSIJ OK
ZSIL OK
ZSOI OK
ZSOT OK
ZSTI OK
ZSTO OK
ZSOJ OK
ZSOL OK
ZSTJ OK
ZSTL OK
ZSJI OK
ZSJT OK
ZSJL OK
ZSLI OK
ZSJO OK
ZSLT OK
ZSLJ OK
ZJIO OK
ZSLO OK
ZJIT OK
ZJIL OK
ZJOI OK
ZJOT OK
ZJOL OK
ZJTI OK
ZJIS OK
ZJTO OK
ZJTS OK
ZJOS OK
ZJTL OK
ZJSL OK
ZJST OK
ZJLI OK
ZJLO OK
ZJSI OK
ZJSO OK
ZJLT OK
ZJLS OK
ZLIO OK
ZLIT OK
ZLIJ OK
ZLOT OK
ZLIS OK
ZLOI OK
ZLOJ OK
ZLTI OK
ZLTO OK
ZLTS OK
ZLTJ OK
ZLOS OK
ZLSI OK
ZLSJ OK
ZLST OK
ZLJI OK
ZLJO OK
ZLJT OK
ZLSO OK
ZLJS OK
JIOT OK
JIOL OK
JITO OK
JIOS OK
JIOZ OK
JITS OK
JITZ OK
JITL OK
JIST OK
JISL OK
JISO OK
JIZT OK
JIZO OK
JIZL OK
JILO OK
JILT OK
JIZS OK
JILZ OK
JILS OK
JOIT OK
JOIL OK
JOIZ OK
JOIS OK
JOTI OK
JOTS OK
JOTZ OK
JOTL OK
JOST OK
JOSI OK
JOSL OK
JISZ OK
JOZT OK
JOZI OK
JOZL OK
JOLI OK
JOLT OK
JOLS OK
JOLZ OK
JTIO OK
JTIS OK
JTIZ OK
JTIL OK
JTOI OK
JTOS OK
JTOZ OK
JTOL OK
JTSI OK
JTSO OK
JTSL OK
JTSZ OK
JOSZ OK
JTZI OK
JTZO OK
JTZS OK
JTZL OK
JTLI OK
JTLO OK
JTLS OK
JTLZ OK
JSIT OK
JSIL OK
JSIO OK
JSOT OK
JSOI OK
JOZS OK
JSOL OK
JSTI OK
JSTO OK
JSTZ OK
JSTL OK
JSZI OK
JSZT OK
JSIZ OK
JSZL OK
JSLI OK
JSLO OK
JSLT OK
JSLZ OK
JZIT OK
JZIO OK
JZIL OK
JSOZ OK
JZIS OK
JZOT OK
JSZO OK
JZOI OK
JZOL OK
JZTI OK
JZTO OK
JZTL OK
JZTS OK
JZST OK
JZSI OK
JZSL OK
JZLI OK
JZLO OK
JZLT OK
JZLS OK
JLIO OK
JLIT OK
JLIS OK
JLIZ OK
JLOI OK
JLOT OK
JLOS OK
JLOZ OK
JLTI OK
JLTO OK
JLTS OK
JLTZ OK
JLSI OK
JLSO OK
JLST OK
JLSZ OK
JLZI OK
JZOS OK
JLZO OK
JLZT OK
LIOT OK
JLZS OK
LIOJ OK
JZSO OK
LIOS OK
LIOZ OK
LITO OK
LITS OK
LITZ OK
LITJ OK
LIST OK
LISO OK
LISJ OK
LIZT OK
LIZO OK
LIZJ OK
LIJO OK
LIZS OK
LIJT OK
LIJS OK
LIJZ OK
LOIT OK
LOIJ OK
LOIS OK
LOIZ OK
LOTI OK
LOTS OK
LOTZ OK
LOTJ OK
LOST OK
LOSI OK
LOZI OK
LOSJ OK
LOZT OK
LOZJ OK
LISZ OK
LOJI OK
LOJT OK
LOJS OK
LOJZ OK
LTIO OK
LTIS OK
LTIZ OK
LTIJ OK
LTOI OK
LTOS OK
LTOZ OK
LTOJ OK
LTSI OK
LOZS OK
LTSO OK
LTSJ OK
LTZI OK
LTSZ OK
LTZO OK
LTZS OK
LTZJ OK
LTJI OK
LTJO OK
LTJS OK
LOSZ OK
LTJZ OK
LSIT OK
LSIO OK
LSIJ OK
LSOT OK
LSOI OK
LSTI OK
LSTO OK
LSOJ OK
LSTJ OK
LSTZ OK
LSZI OK
LSZT OK
LSZJ OK
LSJI OK
LSJO OK
LSJT OK
LSIZ OK
LSJZ OK
LZIT OK
LZIO OK
LZIJ OK
LZIS OK
LSOZ OK
LZOI OK
LZOJ OK
LZOT OK
LZTO OK
LZTI OK
LZTS OK
LZTJ OK
LSZO OK
LZSI OK
LZST OK
LZJI OK
LZSJ OK
LZJO OK
LZJT OK
LJIO OK
LZJS OK
LZOS OK
LJIT OK
LJIS OK
LJOI OK
LJIZ OK
LJOT OK
LJOS OK
LJTI OK
LJOZ OK
LZSO OK
LJTO OK
LJTS OK
LJTZ OK
LJSI OK
LJSO OK
LJST OK
LJSZ OK
LJZI OK
LJZO OK
LJZT OK
LJZS OK
