IOTJ OK
IOTL OK
IOTS OK
IOTZ OK
IOST OK
IOSJ OK
IOSZ OK
IOSL OK
IOZJ OK
IOZL OK
IOZT OK
IOJT OK
IOZS OK
IOJL OK
IOJS OK
IOJZ OK
IOLT OK
IOLJ OK
IOLS OK
IOLZ OK
ITOJ OK
ITOL OK
ITOS OK
ITOZ OK
ITSJ OK
ITSL OK
ITSO OK
ITSZ OK
ITZJ OK
ITJO OK
ITZL OK
ITJS OK
ITJZ OK
ITZO OK
ITJL OK
ITZS OK
ITLO OK
ITLS OK
ITLZ OK
ITLJ OK
ISOJ OK
ISOL OK
ISOT OK
ISOZ OK
ISTJ OK
ISTL OK
ISTO OK
ISTZ OK
ISZO OK
ISZT OK
ISJT OK
ISJO OK
ISJL OK
ISZJ OK
ISZL OK
ISLT OK
ISLJ OK
ISLO OK
IZOT OK
ISLZ OK
IZOJ OK
IZOL OK
IZOS OK
IZTJ OK
IZTL OK
IZTO OK
IZTS OK
IZSO OK
IZST OK
IZSJ OK
IZJT OK
IZJO OK
IZJL OK
IZSL OK
IZLT OK
ISJZ OK
IZLJ OK
IZJS OK
IZLO OK
IJOT OK
IJOL OK
IJOS OK
IJOZ OK
IZLS OK
IJTO OK
IJTS OK
IJTZ OK
IJTL OK
IJST OK
IJSO OK
IJSL OK
IJZT OK
IJZO OK
IJZL OK
IJLO OK
IJLT OK
IJLS OK
IJLZ OK
ILOT OK
IJSZ OK
IJZS OK
ILOJ OK
ILTO OK
ILOS OK
ILOZ OK
ILTS OK
ILTZ OK
ILTJ OK
ILSJ OK
ILST OK
ILZT OK
ILSO OK
ILZJ OK
ILZO OK
ILJO OK
ILJT OK
ILZS OK
ILSZ OK
ILJS OK
ILJZ OK
OITJ OK
OITL OK
OITS OK
OITZ OK
OIST OK
OISZ OK
OISJ OK
OISL OK
OIZJ OK
OIZT OK
OIJT OK
OIZS OK
OIZL OK
OIJS OK
OIJL OK
OILT OK
OIJZ OK
OILJ OK
OILS OK
OILZ OK
OTIJ OK
OTIL OK
OTIS OK
OTIZ OK
OTSJ OK
OTSL OK
OTSI OK
OTZJ OK
OTZL OK
OTJI OK
OTZI OK
OTJS OK
OTJZ OK
OTJL OK
OTLI OK
OTLS OK
OTLZ OK
OTLJ OK
OSIT OK
OSIZ OK
OSIJ OK
OSIL OK
OSTI OK
OSTJ OK
OSTL OK
OSZI OK
OTSZ OK
OTZS OK
OSZJ OK
OSJI OK
OSJT OK
OSZL OK
OSJL OK
OSLI OK
OSTZ OK
OSLT OK
OSLJ OK
OSLZ OK
OZIT OK
OZIJ OK
OSZT OK
OZIS OK
OZIL OK
OZTJ OK
OZTI OK
OZTL OK
OSJZ OK
OZSI OK
OZSJ OK
OZJI OK
OZSL OK
OZJT OK
OZJL OK
OZJS OK
OZLI OK
OZLT OK
OZLJ OK
OJIT OK
OZLS OK
OJIS OK
OJIL OK
OJIZ OK
OJTI OK
OJTS OK
OJTZ OK
OJTL OK
OJST OK
OJSI OK
OZTS OK
OJSL OK
OZST OK
OJZT OK
OJZI OK
OJLI OK
OJZL OK
OJLT OK
OJLS OK
OJLZ OK
OLIT OK
OJZS OK
OLIJ OK
OLIS OK
OLIZ OK
OLTI OK
OLTS OK
OLTZ OK
OLTJ OK
OLST OK
OLSI OK
OLSJ OK
OLZT OK
OLZI OK
OLZJ OK
OLSZ OK
OLJI OK
OLJT OK
OLJS OK
OLJZ OK
OLZS OK
TIOJ OK
TIOL OK
TIOS OK
TIOZ OK
TISJ OK
TISL OK
TISO OK
TISZ OK
TIZJ OK
TIZO OK
TIZL OK
TIZS OK
TIJO OK
TIJS OK
TIJZ OK
TIJL OK
TILO OK
TILS OK
TILZ OK
TILJ OK
TOIJ OK
TOIL OK
TOIS OK
TOIZ OK
TOSI OK
TOSJ OK
TOSL OK
TOZI OK
TOZJ OK
TOZL OK
TOJI OK
TOJS OK
TOJZ OK
TOJL OK
TOLI OK
TOLS OK
OJSZ CAP
TOLZ OK
TOLJ OK
TSIO OK
TSIZ OK
TSIJ OK
TSIL OK
TSOI OK
TSOJ OK
TSOL OK
TSZI OK
TOSZ OK
TSZJ OK
TOZS OK
TSZL OK
TSJI OK
TSZO OK
TSJO OK
TSJL OK
TSJZ OK
TSLI OK
TSLO OK
TSLZ OK
TSLJ OK
TZIJ OK
TZIL OK
TZIO OK
TSOZ OK
TZIS OK
TZOJ OK
TZOL OK
TZOI OK
TZSJ OK
TZSI OK
TZSL OK
TZJI OK
TZJO OK
TZSO OK
TZJS OK
TZJL OK
TZLO OK
TZLI OK
TZLJ OK
TZLS OK
TJIO OK
TJIS OK
TJIZ OK
TJIL OK
TJOI OK
TJOS OK
TJOZ OK
TJOL OK
TJSI OK
TJSO OK
TJSZ OK
TJSL OK
TJZI OK
TJZO OK
TJZS OK
TJZL OK
TJLI OK
TJLO OK
TJLS OK
TJLZ OK
TLIO OK
TLIS OK
TLIZ OK
TLIJ OK
TLOI OK
TLOS OK
TLOZ OK
TLOJ OK
TZOS OK
TLSI OK
TLSO OK
TLSJ OK
TLZI OK
TLZO OK
TLZJ OK
TLJI OK
TLJO OK
TLSZ OK
TLJS OK
TLJZ OK
SIOJ OK
SIOT OK
TLZS OK
SIOZ OK
SIOL OK
SITJ OK
SITL OK
SITO OK
SITZ OK
SIZO OK
SIZT OK
SIJT OK
SIJO OK
SIZJ OK
SIJL OK
SIZL OK
SILT OK
SILO OK
SILJ OK
SIJZ OK
SOIT OK
SOIZ OK
SILZ OK
SOIL OK
SOIJ OK
SOTJ OK
SOTL OK
SOTI OK
SOZI OK
SOZJ OK
SOZL OK
SOJI OK
SOJT OK
SOJL OK
SOLI OK
SOLT OK
SOLZ OK
SOLJ OK
STIO OK
SOTZ OK
SOJZ OK
SOZT OK
STIJ OK
STIL OK
STIZ OK
STOJ OK
STOL OK
STOI OK
STZJ OK
STZI OK
STJI OK
STZL OK
STZO OK
STJO OK
STJZ OK
STJL OK
STLI OK
STLO OK
STLZ OK
STLJ OK
SZIO OK
SZIT OK
SZIJ OK
SZIL OK
SZOI OK
SZOJ OK
SZOL OK
STOZ OK
SZTJ OK
SZTL OK
SZTI OK
SZJI OK
SZJO OK
SZJT OK
SZJL OK
SZLI OK
SZLO OK
SZLT OK
SZLJ OK
SJIT OK
SJIO OK
SJIL OK
SJIZ OK
SJOI OK
SJOT OK
SJOL OK
SJTI OK
SZOT OK
SJTO OK
SJTZ OK
SJTL OK
SJZI OK
SJZT OK
SJZL OK
SJLI OK
SJLO OK
SJZO OK
SJLT OK
SJLZ OK
SLIO OK
SZTO OK
SLIT OK
SLIJ OK
SLOI OK
SLOT OK
SLOJ OK
SLTI OK
SLTO OK
SLIZ OK
SLTZ OK
SLTJ OK
SLOZ OK
SLZT OK
SLZJ OK
SLZI OK
SLJI OK
SJOZ OK
SLJO OK
SLJT OK
SLZO OK
SLJZ OK
ZIOJ OK
ZIOL OK
ZIOT OK
ZIOS OK
ZITJ OK
ZITL OK
ZITO OK
ZITS OK
ZISO OK
ZIST OK
ZIJT OK
ZIJO OK
ZISL OK
ZISJ OK
ZIJL OK
ZILT OK
ZILJ OK
ZIJS OK
ZILO OK
ZILS OK
ZOIT OK
ZOIJ OK
ZOIL OK
ZOIS OK
ZOTJ OK
ZOTL OK
ZOTI OK
ZOSI OK
ZOSJ OK
ZOJI OK
ZOSL OK
ZOJT OK
ZOJL OK
ZOJS OK
ZOLI OK
ZOLT OK
ZOLJ OK
ZOLS OK
ZTIO OK
ZTIJ OK
ZTIS OK
ZTIL OK
ZTOI OK
ZOTS OK
ZTOJ OK
ZOST OK
ZTOL OK
ZTSJ OK
ZTSL OK
ZTSI OK
ZTJI OK
ZTJO OK
ZTJS OK
ZTJL OK
ZTLI OK
ZTSO OK
ZTLO OK
ZTLJ OK
ZTLS OK
ZSIT OK
ZSIO OK
ZSIJ OK
ZTOS OK
ZSIL OK
ZSOI OK
ZSOJ OK
ZSTI OK
ZSOL OK
ZSTJ OK
ZSTL OK
ZSJI OK
ZSJO OK
ZSJT OK
ZSJL OK
ZSLI OK
ZSLO OK
ZSLT OK
ZSLJ OK
ZJIT OK
ZJIO OK
ZJIL OK
ZJIS OK
ZJOT OK
ZJOI OK
ZSOT OK
ZJOL OK
ZJTI OK
ZJTO OK
ZJTS OK
ZJTL OK
ZJOS OK
ZJST OK
ZJSL OK
ZJLI OK
ZJSI OK
ZSTO OK
ZJLO OK
ZJSO OK
ZJLT OK
ZJLS OK
ZLIT OK
ZLIJ OK
ZLOT OK
ZLIO OK
ZLIS OK
ZLOJ OK
ZLOI OK
ZLTI OK
ZLTO OK
ZLTS OK
ZLTJ OK
ZLOS OK
ZLST OK
ZLJI OK
ZLSJ OK
ZLJO OK
ZLJT OK
ZLJS OK
ZLSI OK
JIOT OK
ZLSO OK
JIOL OK
JIOS OK
JIOZ OK
JITO OK
JITS OK
JITZ OK
JITL OK
JISO OK
JIST OK
JISL OK
JIZO OK
JIZT OK
JIZL OK
JILO OK
JILT OK
JILS OK
JILZ OK
JOIT OK
JOIS OK
JOIZ OK
JOIL OK
JOTI OK
JOTS OK
JIZS OK
JISZ OK
JOTZ OK
JOTL OK
JOST OK
JOSI OK
JOSL OK
JOZT OK
JOZI OK
JOZL OK
JOLI OK
JOLT OK
JOLS OK
JOLZ OK
JTIO OK
JTIS OK
JTIZ OK
JTOI OK
JTIL OK
JOZS OK
JTOZ OK
JTOS OK
JTOL OK
JTSI OK
JTSO OK
JTSZ OK
JTSL OK
JTZI OK
JTZO OK
JTZS OK
JTZL OK
JTLI OK
JTLO OK
JTLS OK
JTLZ OK
JSIT OK
JSIO OK
JSIZ OK
JSIL OK
JSOI OK
JSOT OK
JSOL OK
JSTI OK
JSTO OK
JSTZ OK
JSTL OK
JSZI OK
JSZT OK
JSZL OK
JSLI OK
JSLO OK
JSLT OK
JSZO OK
JSLZ OK
JZIT OK
JZIO OK
JZIL OK
JZOI OK
JZOT OK
JZIS OK
JZOL OK
JZTI OK
JZTO OK
JZOS OK
JZTL OK
JZTS OK
JSOZ OK
JZSO OK
JZSI OK
JZLI OK
JZST OK
JZSL OK
JZLO OK
JZLT OK
JZLS OK
JLIO OK
JLIT OK
JLIS OK
JLIZ OK
JLOI OK
JLOT OK
JLOS OK
JLOZ OK
JLTI OK
JLTO OK
JLTS OK
JLTZ OK
JOSZ CAP
JLSI OK
JLSO OK
JLST OK
JLSZ OK
JLZO OK
JLZT OK
JLZI OK
JLZS OK
LIOT OK
LIOJ OK
LITO OK
LIOS OK
LIOZ OK
LITS OK
LITZ OK
LITJ OK
LIST OK
LISJ OK
LISO OK
LIZT OK
LIZJ OK
LIZO OK
LIJO OK
LIJT OK
LIJS OK
LIJZ OK
LOIT OK
LOIS OK
LOIJ OK
LOIZ OK
LIZS OK
LOTI OK
LOTS OK
LOTZ OK
LISZ OK
LOTJ OK
LOST OK
LOSJ OK
LOSI OK
LOZT OK
LOZJ OK
LOZI OK
LOJI OK
LOJT OK
LOJS OK
LOJZ OK
LTIS OK
LTIO OK
LTIZ OK
LTIJ OK
LOSZ OK
LTOI OK
LTOS OK
LOZS OK
LTOJ OK
LTOZ OK
LTSI OK
LTSO OK
LTSJ OK
LTSZ OK
LTZI OK
LTZO OK
LTZJ OK
LTZS OK
LTJI OK
LTJO OK
LTJS OK
LTJZ OK
LSIT OK
LSIJ OK
LSIO OK
LSOT OK
LSOI OK
LSOJ OK
LSTI OK
LSTO OK
LSTZ OK
LSTJ OK
LSIZ OK
LSZT OK
LSOZ OK
LSZJ OK
LSJI OK
LSJO OK
LSJT OK
LSZI OK
LSJZ OK
LSZO OK
LZIT OK
LZIJ OK
LZIO OK
LZOT OK
LZOI OK
LZOJ OK
LZTI OK
LZTO OK
LZTS OK
LZTJ OK
LZIS OK
LZST OK
LZSJ OK
LZJI OK
LZOS OK
LZJO OK
LZJT OK
LZJS OK
LJIO OK
LZSI OK
LZSO OK
LJIT OK
LJIS OK
LJIZ OK
LJOI OK
LJOT OK
LJOS OK
LJOZ OK
LJTI OK
LJTO OK
LJTS OK
LJTZ OK
LJSI OK
LJSO OK
LJST OK
LJSZ OK
LJZI OK
LJZO OK
LJZT OK
LJZS OK
