IOTL OK
IOTJ OK
IOTZ OK
IOTS OK
IOSL OK
IOST OK
IOSJ OK
IOZT OK
IOSZ OK
IOZJ OK
IOZL OK
IOJT OK
IOJS OK
IOLT OK
IOJL OK
IOJZ OK
IOLJ OK
IOLS OK
IOLZ OK
ITOS OK
ITOJ OK
ITOZ OK
ITOL OK
ITSO OK
ITSJ OK
ITSL OK
ITSZ OK
ITZO OK
ITZS OK
ITZL OK
ITZJ OK
ITJO OK
ITJS OK
ITJL OK
ITLO OK
ITLS OK
ITJZ OK
ITLZ OK
ITLJ OK
ISOT OK
ISOJ OK
ISOL OK
ISTO OK
ISTZ OK
ISTJ OK
ISTL OK
ISZT OK
ISZJ OK
ISZL OK
IOZS OK
ISJO OK
ISJT OK
ISJL OK
ISLO OK
ISJZ OK
ISLT OK
ISLZ OK
ISLJ OK
IZOT OK
IZOJ OK
IZOL OK
IZTO OK
ISOZ OK
IZTS OK
IZTL OK
IZTJ OK
IZST OK
IZSJ OK
IZSL OK
IZJO OK
IZJT OK
IZJS OK
IZJL OK
IZLO OK
IZLT OK
IZLS OK
IZLJ OK
IJOT OK
IJOS OK
IJOZ OK
IJOL OK
IJTO OK
ISZO CAP
IZOS OK
IJTS OK
IJTZ OK
IJTL OK
IJSO OK
IJST OK
IJSZ OK
IJSL OK
IJZO OK
IJZT OK
IJZL OK
IJLO OK
IJLT OK
IJLS OK
IJLZ OK
ILOT OK
ILOS OK
ILOZ OK
IJZS OK
ILOJ OK
ILTO OK
ILTS OK
IZSO OK
ILTZ OK
ILTJ OK
ILSO OK
ILST OK
ILSZ OK
ILSJ OK
ILZT OK
ILZO OK
ILZJ OK
ILJO OK
ILJT OK
ILJS OK
ILZS OK
ILJZ OK
OITL OK
OITS OK
OITZ OK
OITJ OK
OISL OK
OISJ OK
OIST OK
OISZ OK
OIZT OK
OIZJ OK
OIZL OK
OIJT OK
OIJS OK
OIJZ OK
OIJL OK
OILT OK
OILS OK
OILZ OK
OILJ OK
OTIS OK
OTIZ OK
OTIJ OK
OTIL OK
OTSI OK
OTSJ OK
OTSL OK
OTZI OK
OTSZ OK
OTZL OK
OTZJ OK
OTZS OK
OTJI OK
OTJS OK
OTJL OK
OTLI OK
OTJZ OK
OTLS OK
OTLZ OK
OTLJ OK
OSIJ OK
OSIT OK
OSIL OK
OSIZ OK
OSTI OK
OSTJ OK
OSTL OK
OSTZ OK
OSZJ OK
OSZI OK
OSZL OK
OSZT OK
OSJI OK
OSJT OK
OSJL OK
OSLI OK
OIZS OK
OSLT OK
OSLZ OK
OSLJ OK
OZIJ OK
OZIT OK
OZIL OK
OZTI OK
OZTJ OK
OZTL OK
OSJZ OK
OZTS OK
OZSJ OK
OZSI OK
OZST OK
OZSL OK
OZJI OK
OZJT OK
OZJS OK
OZJL OK
OZLT OK
OZLI OK
OZLJ OK
OZLS OK
OJIT OK
OJIZ OK
OJIL OK
OJIS OK
OJTS OK
OJTI OK
OJTZ OK
OJTL OK
OJST OK
OJSI OK
OJSL OK
OJZI OK
OJZT OK
OJZS OK
OJZL OK
OJLI OK
OJLT OK
OJSZ OK
OJLS OK
OJLZ OK
OLIT OK
OLIS OK
OLIZ OK
OLIJ OK
OLTI OK
OZIS OK
OLTS OK
OLTZ OK
OLTJ OK
OLSI OK
OLST OK
OLSJ OK
OLSZ OK
OLZT OK
OLZI OK
OLZJ OK
OLJI OK
OLJT OK
OLZS OK
OLJS OK
OLJZ OK
TIOL OK
TIOS OK
TIOZ OK
TIOJ OK
TISL OK
TISO OK
TISZ OK
TISJ OK
TIZL OK
TIZO OK
TIZS OK
TIZJ OK
TIJL OK
TIJO OK
TIJS OK
TIJZ OK
TILO OK
TILS OK
TILZ OK
TILJ OK
TOIL OK
TOIS OK
TOIZ OK
TOIJ OK
TOSL OK
TOSI OK
TOSJ OK
TOZI OK
TOSZ OK
TOZJ OK
TOZL OK
TOZS OK
TOJI OK
TOJS OK
TOJZ OK
TOLI OK
TOJL OK
TOLS OK
TOLZ OK
TOLJ OK
TSIL OK
TSIO OK
TSIZ OK
TSIJ OK
TSOL OK
TSOI OK
TSOJ OK
TSZI OK
TSZO OK
TSOZ OK
TSZJ OK
TSZL OK
TSJL OK
TSJI OK
TSJO OK
TSJZ OK
TSLI OK
TSLO OK
TSLZ OK
TSLJ OK
TZIL OK
TZIO OK
TZIS OK
TZIJ OK
TZOL OK
TZOI OK
TZOJ OK
TZSI OK
TZSO OK
TZSJ OK
TZSL OK
TZOS OK
TZJI OK
TZJL OK
TZJO OK
TZJS OK
TZLI OK
TZLO OK
TZLS OK
TZLJ OK
TJIL OK
TJIO OK
TJIS OK
TJIZ OK
TJOL OK
TJOI OK
TJOS OK
TJOZ OK
TJSL OK
TJSI OK
TJSO OK
TJSZ OK
TJZI OK
TJZL OK
TJZO OK
TJZS OK
TJLI OK
TJLO OK
TJLS OK
TJLZ OK
TLIO OK
TLIS OK
TLIZ OK
TLIJ OK
TLOI OK
TLOS OK
TLOZ OK
TLOJ OK
TLSI OK
TLSO OK
TLSZ OK
TLSJ OK
TLZI OK
TLZO OK
TLZS OK
TLJI OK
TLZJ OK
TLJO OK
TLJS OK
TLJZ OK
SIOL OK
SIOT OK
SIOJ OK
SITJ OK
SITZ OK
SITO OK
SITL OK
SIZT OK
SIZJ OK
SIZL OK
SIJO OK
SIJT OK
SIJL OK
SIJZ OK
SILO OK
SILT OK
SILZ OK
SILJ OK
SOIT OK
SOIZ OK
SOIJ OK
SOIL OK
SOTI OK
SOTJ OK
SOTZ OK
SOTL OK
SOZI OK
SOZT OK
SIOZ OK
SOZL OK
SOZJ OK
SOJT OK
SOJI OK
SOJL OK
SOLI OK
SOLT OK
SOJZ OK
SOLZ OK
SOLJ OK
STIO OK
STIJ OK
STIL OK
STIZ OK
STOI OK
STOL OK
STOJ OK
STOZ OK
STZI OK
STZO OK
STZJ OK
STZL OK
STJI OK
STJO OK
STJZ OK
STJL OK
STLI OK
STLO OK
STLZ OK
STLJ OK
SZIJ OK
SZIT OK
SZIL OK
SIZO OK
SZOJ OK
SZOL OK
SZOT OK
SZIO OK
SZTJ OK
SZOI OK
SZTL OK
SZJI OK
SZJT OK
SZJO OK
SZJL OK
SZLI OK
SZLO OK
SZLT OK
SZLJ OK
SJIT OK
SJIO OK
SJIL OK
SJIZ OK
SJOI OK
SJOT OK
SJOL OK
SJTI OK
SJOZ OK
SJTO OK
SJTZ OK
SJTL OK
SJZI OK
SZTI OK
SJZL OK
SJZT OK
SJLI OK
SJZO OK
SJLO OK
SJLZ OK
SJLT OK
SLIO OK
SLIT OK
SLIZ OK
SLIJ OK
SLOT OK
SLOI OK
SLOZ OK
SLOJ OK
SLTI OK
SLTO OK
SLTZ OK
SLTJ OK
SLZI OK
SLZT OK
SLZO OK
SLZJ OK
SLJI OK
SLJO OK
SLJT OK
SLJZ OK
ZIOT OK
ZIOJ OK
SZTO OK
ZIOL OK
ZITO OK
ZITL OK
ZITS OK
ZITJ OK
ZISJ OK
ZIST OK
ZISL OK
ZISO OK
ZIJO OK
ZIJT OK
ZIJS OK
ZIJL OK
ZILO OK
ZILT OK
ZILJ OK
ZILS OK
ZOIJ OK
ZOIT OK
ZOIL OK
ZOTI OK
ZOTJ OK
ZOTL OK
ZOTS OK
ZOSI OK
ZOSJ OK
ZOST OK
ZOSL OK
ZOJI OK
ZOJT OK
ZOJS OK
ZOJL OK
ZOLI OK
ZOLT OK
ZOLS OK
ZOLJ OK
ZTIO OK
ZTIS OK
ZTIL OK
ZIOS OK
ZTIJ OK
ZTOI OK
ZTOJ OK
ZTOL OK
ZTSI OK
ZTSO OK
ZTOS OK
ZTSL OK
ZTSJ OK
ZTJI OK
ZTJL OK
ZTJO OK
ZTJS OK
ZTLI OK
ZTLO OK
ZTLS OK
ZOIS OK
ZTLJ OK
ZSIL OK
ZSIT OK
ZSIO OK
ZSIJ OK
ZSOJ OK
ZSOI OK
ZSOL OK
ZSTI OK
ZSTJ OK
ZSTL OK
ZSJI OK
ZSJO OK
ZSJT OK
ZSJL OK
ZSLI OK
ZSLT OK
ZSLO OK
ZSLJ OK
ZJIO OK
ZJIT OK
ZJIS OK
ZJIL OK
ZJOI OK
ZJOT OK
ZJOL OK
ZJOS OK
ZJTI OK
ZJTO OK
ZJTL OK
ZJTS OK
ZJSI OK
ZJSO OK
ZJST OK
ZJLI OK
ZJSL OK
ZJLO OK
ZJLT OK
ZLIO OK
ZJLS OK
ZLIT OK
ZLIS OK
ZLIJ OK
ZLOT OK
ZLOI OK
ZLOJ OK
ZLOS OK
ZLTI OK
ZLTO OK
ZLTS OK
ZLTJ OK
ZLSI OK
ZLST OK
ZSOT OK
ZLSO OK
ZLSJ OK
ZLJI OK
ZLJT OK
ZLJO OK
ZLJS OK
JIOT OK
JIOS OK
ZSTO OK
JIOL OK
JIOZ OK
JITO OK
JITL OK
JITS OK
JITZ OK
JISO OK
JISL OK
JIST OK
JISZ OK
JIZO OK
JIZL OK
JIZT OK
JIZS OK
JILO OK
JILT OK
JILS OK
JILZ OK
JOIL OK
JOIT OK
JOIS OK
JOIZ OK
JOTL OK
JOTI OK
JOTS OK
JOTZ OK
JOSL OK
JOSI OK
JOST OK
JOZI OK
JOZT OK
JOZS OK
JOZL OK
JOLI OK
JOLT OK
JOLS OK
JOLZ OK
JTIO OK
JTIS OK
JTIL OK
JTIZ OK
JTOI OK
JTOZ OK
JTOS OK
JTOL OK
JTSI OK
JTSO OK
JTSZ OK
JTSL OK
JOSZ OK
JTZI OK
JTZL OK
JTLI OK
JTZO OK
JTZS OK
JTLO OK
JTLS OK
JTLZ OK
JSIO OK
JSIL OK
JSIT OK
JSIZ OK
JSOL OK
JSOI OK
JSOT OK
JSTI OK
JSTO OK
JSTZ OK
JSTL OK
JSZI OK
JSZT OK
JSZL OK
JSLI OK
JSLO OK
JSLT OK
JSLZ OK
JZIO OK
JZIT OK
JZIL OK
JZIS OK
JZOI OK
JSOZ OK
JZOT OK
JZOL OK
JZOS OK
JZTI OK
JZTL OK
JZTO OK
JZTS OK
JSZO OK
JZSI OK
JZST OK
JZSL OK
JZLI OK
JZLO OK
JZLT OK
JLIO OK
JLIT OK
JZLS OK
JLIS OK
JLIZ OK
JLOI OK
JLOT OK
JLOS OK
JLOZ OK
JLTI OK
JLTO OK
JLTS OK
JLTZ OK
JLSI OK
JLSO OK
JLST OK
JLSZ OK
JLZI OK
JLZO OK
JLZT OK
LIOT OK
JLZS OK
LIOS OK
LIOZ OK
LIOJ OK
LITO OK
LITS OK
LITZ OK
LITJ OK
LISO OK
LIST OK
LISZ OK
LISJ OK
LIZT OK
LIZO OK
LIZJ OK
LIJO OK
LIJT OK
LIZS OK
LIJS OK
LIJZ OK
LOIT OK
LOIS OK
LOIZ OK
LOIJ OK
LOTI OK
LOTS OK
LOTZ OK
LOTJ OK
LOSI OK
LOST OK
LOSZ OK
LOSJ OK
LOZI OK
LOZT OK
LOZJ OK
LOJI OK
LOJT OK
LOZS OK
LOJS OK
LOJZ OK
LTIO OK
LTIS OK
LTIZ OK
LTIJ OK
LTOI OK
LTOS OK
LTOZ OK
LTOJ OK
LTSI OK
LTSO OK
LTSZ OK
LTSJ OK
LTZI OK
LTZO OK
LTZS OK
LTZJ OK
LTJI OK
LTJO OK
LTJS OK
LTJZ OK
LSIO OK
LSIT OK
LSIZ OK
LSIJ OK
LSOT OK
LSOI OK
LSOZ OK
LSOJ OK
LSTI OK
LSTO OK
LSTZ OK
LSTJ OK
LSZT OK
LSZI OK
LSZO OK
LSZJ OK
LSJI OK
LSJO OK
LSJT OK
LSJZ OK
LZIO OK
LZIT OK
LZIS OK
LZIJ OK
LZOI OK
LZOT OK
LZOJ OK
LZTI OK
LZOS OK
LZTO OK
LZTS OK
LZTJ OK
LZSI OK
LZST OK
LZSJ OK
LZSO OK
LZJI OK
LZJO OK
LZJT OK
LJIO OK
LJIT OK
LZJS OK
LJIS OK
LJIZ OK
LJOI OK
LJOT OK
LJOS OK
LJOZ OK
LJTI OK
LJTO OK
LJTS OK
LJTZ OK
LJSI OK
LJSO OK
LJST OK
LJZI OK
LJSZ OK
LJZO OK
LJZT OK
LJZS OK
JZSO CAP
