IOTL OK
IOTJ OK
IOTZ OK
IOTS OK
IOST OK
IOSL OK
IOSJ OK
IOZJ OK
IOZT OK
IOZL OK
IOJT OK
IOJS OK
IOJZ OK
IOJL OK
IOLT OK
IOLS OK
IOLJ OK
IOLZ OK
ITOS OK
ITOZ OK
ITOL OK
ITOJ OK
ITSO OK
ITSZ OK
ITSJ OK
ITSL OK
ITZO OK
ITZS OK
ITZL OK
ITZJ OK
IOSZ OK
ITJO OK
ITJS OK
ITJZ OK
ITJL OK
ITLO OK
ITLS OK
ITLZ OK
ITLJ OK
ISOJ OK
ISOT OK
ISOL OK
ISTO OK
IOZS OK
ISTL OK
ISTJ OK
ISTZ OK
ISZJ OK
ISZL OK
ISJO OK
ISJT OK
ISOZ OK
ISJL OK
ISLO OK
ISLT OK
ISLZ OK
ISLJ OK
IZOT OK
IZOS OK
ISZO OK
ISJZ OK
IZOL OK
IZOJ OK
IZTO OK
IZTS OK
IZTJ OK
IZTL OK
IZSO OK
IZST OK
IZSL OK
IZSJ OK
IZJO OK
IZJL OK
IZJT OK
IZLO OK
IZLT OK
IZLJ OK
IZJS OK
IZLS OK
IJOT OK
IJOS OK
IJOZ OK
IJOL OK
IJTO OK
IJTS OK
IJTZ OK
IJTL OK
IJSO OK
ISZT OK
IJST OK
IJSL OK
IJSZ OK
IJZO OK
IJZL OK
IJZT OK
IJLO OK
IJLT OK
IJLS OK
IJLZ OK
ILOT OK
ILOS OK
ILOJ OK
ILOZ OK
ILTO OK
ILTS OK
ILTZ OK
ILTJ OK
IJZS OK
ILSO OK
ILST OK
ILSJ OK
ILSZ OK
ILZO OK
ILZJ OK
ILZT OK
ILJO OK
ILJT OK
ILZS OK
ILJS OK
ILJZ OK
OITJ OK
OITL OK
OITS OK
OITZ OK
OISL OK
OISJ OK
OIST OK
OIZT OK
OIZJ OK
OIZL OK
OIJT OK
OIJS OK
OIJZ OK
OIJL OK
OILT OK
OILS OK
OILJ OK
OILZ OK
OTIS OK
OTIZ OK
OTIL OK
OTIJ OK
OTSI OK
OTSJ OK
OTSL OK
OTSZ OK
OTZI OK
OTZJ OK
OTZL OK
OTZS OK
OTJI OK
OISZ OK
OTJS OK
OTJZ OK
OTJL OK
OTLI OK
OTLS OK
OTLJ OK
OTLZ OK
OSIJ OK
OSIT OK
OSIL OK
OSTI OK
OSTZ OK
OSTJ OK
OSTL OK
OIZS OK
OSZT OK
OSZL OK
OSJI OK
OSJT OK
OSZJ OK
OSJL OK
OSLI OK
OSIZ OK
OSLT OK
OSLJ OK
OSLZ OK
OSJZ OK
OZIT OK
OZIS OK
OZIJ OK
OZIL OK
OZTI OK
OZTL OK
OZTJ OK
OZTS OK
OZSI OK
OZSJ OK
OZSL OK
OZST OK
OZJI OK
OZJT OK
OZJS OK
OZJL OK
OZLI OK
OZLT OK
OZLJ OK
OZLS OK
OJIT OK
OJIS OK
OJIZ OK
OJIL OK
OJTI OK
OJTS OK
OJTZ OK
OJTL OK
OJSI OK
OJST OK
OSZI OK
OJSL OK
OJZI OK
OJZT OK
OJZL OK
OJLI OK
OJLT OK
OJLS OK
OJSZ OK
OJLZ OK
OLIT OK
OJZS OK
OLIJ OK
OLIS OK
OLIZ OK
OLTI OK
OLTS OK
OLTZ OK
OLTJ OK
OLSI OK
OLSJ OK
OLST OK
OLSZ OK
OLZJ OK
OLZT OK
OLZI OK
OLJI OK
OLJT OK
OLZS OK
OLJS OK
OLJZ OK
TIOL OK
TIOJ OK
TIOZ OK
TIOS OK
TISL OK
TISO OK
TISJ OK
TISZ OK
TIZO OK
TIZL OK
TIZS OK
TIZJ OK
TIJL OK
TIJO OK
TIJS OK
TILO OK
TIJZ OK
TILS OK
TILZ OK
TILJ OK
TOIL OK
TOIJ OK
TOIS OK
TOIZ OK
TOSL OK
TOSI OK
TOSJ OK
TOZI OK
TOSZ OK
TOZJ OK
TOZL OK
TOZS OK
TOJS OK
TOJI OK
TOJL OK
TOJZ OK
TOLI OK
TOLS OK
TOLZ OK
TOLJ OK
TSIL OK
TSIJ OK
TSIO OK
TSIZ OK
TSOL OK
TSOI OK
TSOJ OK
TSZI OK
TSOZ OK
TSZJ OK
TSZL OK
TSZO OK
TSJI OK
TSJO OK
TSJL OK
TSJZ OK
TSLI OK
TSLO OK
TSLZ OK
TSLJ OK
TZIL OK
TZIJ OK
TZIO OK
TZIS OK
TZOL OK
TZOI OK
TZOJ OK
TZSI OK
TZSJ OK
TZSL OK
TZOS OK
TZJI OK
TZJO OK
TZSO OK
TZJL OK
TZLI OK
TZJS OK
TZLO OK
TZLS OK
TZLJ OK
TJIL OK
TJIO OK
TJIS OK
TJIZ OK
TJOL OK
TJOI OK
TJOS OK
TJOZ OK
TJSL OK
TJSO OK
TJSI OK
TJSZ OK
TJZL OK
TJZI OK
TJZO OK
TJLI OK
TJZS OK
TJLO OK
TJLS OK
TLIO OK
TJLZ OK
TLIS OK
TLIJ OK
TLOI OK
TLIZ OK
TLOZ OK
TLOJ OK
TLSI OK
TLOS OK
TLSO OK
TLSJ OK
TLZI OK
TLSZ OK
TLZO OK
TLZS OK
TLZJ OK
TLJI OK
TLJO OK
TLJS OK
TLJZ OK
SIOL OK
SIOJ OK
SIOT OK
SITJ OK
SITO OK
SITL OK
SITZ OK
SIZJ OK
SIZL OK
SIJO OK
SIJT OK
SIJZ OK
SIJL OK
SILO OK
SILT OK
SILZ OK
SIOZ OK
SILJ OK
SOIT OK
SOIJ OK
SOIL OK
SIZO OK
SOTI OK
SOTZ OK
SOTL OK
SOTJ OK
SOZT OK
SOZJ OK
SOZL OK
SOJI OK
SOJT OK
SOJZ OK
SOJL OK
SOLI OK
SIZT OK
SOLT OK
SOIZ OK
SOLZ OK
SOLJ OK
STIJ OK
STIO OK
STIL OK
STIZ OK
STOJ OK
STOL OK
STOI OK
STOZ OK
SOZI OK
STZJ OK
STZL OK
STZI OK
STZO OK
STJI OK
STJO OK
STJL OK
STLI OK
STLO OK
STJZ OK
STLJ OK
STLZ OK
SZIO OK
SZIL OK
SZIT OK
SZIJ OK
SZOL OK
SZOI OK
SZOJ OK
SZTI OK
SZTL OK
SZJI OK
SZTJ OK
SZJT OK
SZJO OK
SZJL OK
SZLI OK
SZLO OK
SZLT OK
SZLJ OK
SJIO OK
SJIT OK
SJIZ OK
SJIL OK
SJOI OK
SJOT OK
SJOL OK
SJTI OK
SJOZ OK
SJTO OK
SJTZ OK
SJTL OK
SZOT OK
SJZI OK
SJZT OK
SJZL OK
SJLI OK
SJZO OK
SJLO OK
SJLT OK
SJLZ OK
SLIO OK
SLIT OK
SLIJ OK
SLIZ OK
SLOI OK
SLOT OK
SLOZ OK
SLOJ OK
SLTI OK
SLTO OK
SLTZ OK
SLTJ OK
SLZI OK
SLZO OK
SLZT OK
SLJI OK
SLJO OK
SLZJ OK
SLJT OK
SLJZ OK
ZIOT OK
ZIOS OK
ZIOJ OK
ZIOL OK
ZITO OK
ZITS OK
SZTO CAP
ZITJ OK
ZITL OK
ZISO OK
ZIST OK
ZISL OK
ZIJO OK
ZIJT OK
ZIJL OK
ZISJ OK
ZIJS OK
ZILT OK
ZILJ OK
ZILO OK
ZILS OK
ZOIJ OK
ZOIT OK
ZOIS OK
ZOIL OK
ZOTL OK
ZOTJ OK
ZOTI OK
ZOSI OK
ZOSJ OK
ZOTS OK
ZOSL OK
ZOJI OK
ZOST OK
ZOJT OK
ZOJS OK
ZOLT OK
ZOJL OK
ZOLI OK
ZOLJ OK
ZOLS OK
ZTIO OK
ZTIS OK
ZTIL OK
ZTIJ OK
ZTOL OK
ZTOI OK
ZTOJ OK
ZTSI OK
ZTSJ OK
ZTOS OK
ZTSL OK
ZTJI OK
ZTSO OK
ZTJO OK
ZTJS OK
ZTLI OK
ZTLO OK
ZTJL OK
ZTLJ OK
ZTLS OK
ZSIO OK
ZSIT OK
ZSIL OK
ZSOI OK
ZSIJ OK
ZSOJ OK
ZSOL OK
ZSTJ OK
ZSTI OK
ZSTL OK
ZSJI OK
ZSJO OK
ZSJT OK
ZSJL OK
ZSLI OK
ZSLO OK
ZSLT OK
ZSLJ OK
ZJIO OK
ZJIT OK
ZJIS OK
ZJIL OK
ZJOI OK
ZJOT OK
ZJOL OK
ZJOS OK
ZJTI OK
ZJTO OK
ZJTS OK
ZJTL OK
ZJSI OK
ZJSO OK
ZJST OK
ZJSL OK
ZJLI OK
ZJLT OK
ZJLO OK
ZJLS OK
ZLIO OK
ZLIT OK
ZLIJ OK
ZLIS OK
ZLOI OK
ZLOT OK
ZLOJ OK
ZLOS OK
ZLTI OK
ZLTO OK
ZLTJ OK
ZLTS OK
ZLSI OK
ZLSO OK
ZLST OK
ZLSJ OK
ZSOT OK
ZLJI OK
ZLJT OK
ZLJO OK
ZLJS OK
JIOT OK
JIOS OK
JIOZ OK
JIOL OK
ZSTO OK
JITO OK
JITL OK
JITS OK
JITZ OK
JIST OK
JISL OK
JISO OK
JISZ OK
JIZT OK
JIZO OK
JIZS OK
JIZL OK
JILT OK
JILO OK
JILS OK
JILZ OK
JOIT OK
JOIS OK
JOIZ OK
JOIL OK
JOTL OK
JOTI OK
JOTS OK
JOTZ OK
JOSI OK
JOSL OK
JOST OK
JOZI OK
JOZT OK
JOLI OK
JOZL OK
JOLT OK
JOLS OK
JOLZ OK
JOZS OK
JTIO OK
JTIZ OK
JTIS OK
JTIL OK
JTOI OK
JTOS OK
JTOZ OK
JTOL OK
JTSI OK
JTSO OK
JTSL OK
JTSZ OK
JOSZ OK
JTZI OK
JTZL OK
JTZO OK
JTZS OK
JTLI OK
JTLO OK
JTLS OK
JTLZ OK
JSIL OK
JSIO OK
JSIT OK
JSIZ OK
JSOI OK
JSOT OK
JSOL OK
JSTI OK
JSTO OK
JSTL OK
JSTZ OK
JSZI OK
JSZT OK
JSZL OK
JSLI OK
JSLT OK
JSLO OK
JSLZ OK
JZIO OK
JZIT OK
JZIS OK
JZIL OK
JSOZ OK
JZOI OK
JZOT OK
JZOS OK
JZOL OK
JZTI OK
JZTL OK
JZTO OK
JZTS OK
JSZO OK
JZSI OK
JZLI OK
JZST OK
JZSL OK
JZSO OK
JZLT OK
JLIO OK
JZLO OK
JLIT OK
JZLS OK
JLIS OK
JLOI OK
JLIZ OK
JLOT OK
JLOS OK
JLOZ OK
JLTI OK
JLTO OK
JLTS OK
JLTZ OK
JLSI OK
JLST OK
JLSO OK
JLZI OK
JLZT OK
JLZO OK
LIOT OK
JLSZ OK
LIOS OK
JLZS OK
LIOJ OK
LIOZ OK
LITO OK
LITS OK
LITZ OK
LITJ OK
LISO OK
LIST OK
LISJ OK
LISZ OK
LIZO OK
LIZT OK
LIZJ OK
LIJO OK
LIJT OK
LIJS OK
LIZS OK
LIJZ OK
LOIT OK
LOIJ OK
LOIS OK
LOIZ OK
LOTI OK
LOTS OK
LOTZ OK
LOTJ OK
LOSI OK
LOST OK
LOSJ OK
LOSZ OK
LOZJ OK
LOZT OK
LOJI OK
LOZI OK
LOJT OK
LOZS OK
LOJS OK
LOJZ OK
LTIO OK
LTIS OK
LTIZ OK
LTOI OK
LTIJ OK
LTOS OK
LTOZ OK
LTOJ OK
LTSI OK
LTSO OK
LTSZ OK
LTZI OK
LTSJ OK
LTZO OK
LTZS OK
LTJI OK
LTZJ OK
LTJO OK
LTJS OK
LTJZ OK
LSIO OK
LSIT OK
LSIJ OK
LSIZ OK
LSOI OK
LSOT OK
LSOJ OK
LSOZ OK
LSTI OK
LSTJ OK
LSTO OK
LSTZ OK
LSZI OK
LSZO OK
LSZT OK
LSJI OK
LSJO OK
LSZJ OK
LSJT OK
LSJZ OK
LZIT OK
LZIJ OK
LZIO OK
LZIS OK
LZOT OK
LZOJ OK
LZOI OK
LZTI OK
LZOS OK
LZTJ OK
LZTO OK
LZTS OK
LZSI OK
LZSO OK
LZST OK
LZSJ OK
LZJI OK
LZJT OK
LZJO OK
LJIO OK
LZJS OK
LJIT OK
LJIS OK
LJOI OK
LJIZ OK
LJOT OK
LJOS OK
LJOZ OK
LJTI OK
LJTO OK
LJTS OK
LJTZ OK
LJSI OK
LJST OK
LJSO OK
LJZI OK
LJZT OK
LJZO OK
LJSZ OK
LJZS OK
