IOTL OK
IOTJ OK
IOTS OK
IOTZ OK
IOST OK
IOSZ OK
IOSL OK
IOSJ OK
IOZT OK
IOZJ OK
IOZL OK
IOJT OK
IOJL OK
IOJS OK
IOJZ OK
IOLT OK
IOLS OK
IOLZ OK
IOLJ OK
ITOJ OK
ITOL OK
ITOS OK
ITOZ OK
ITSJ OK
ITSO OK
ITSZ OK
ITSL OK
ITZJ OK
ITZL OK
ITJO OK
ITZO OK
ITZS OK
ITJS OK
ITJZ OK
ITJL OK
ITLO OK
ITLS OK
ITLZ OK
ITLJ OK
ISOT OK
ISOJ OK
ISOL OK
ISTO OK
ISTZ OK
ISTJ OK
ISTL OK
ISZT OK
ISZJ OK
IOZS CAP
ISZL OK
ISJO OK
ISJT OK
ISJL OK
ISJZ OK
ISLO OK
ISLT OK
ISLJ OK
ISLZ OK
IZOT OK
IZOJ OK
IZOL OK
IZTO OK
IZTS OK
IZTJ OK
IZTL OK
ISOZ CAP
IZSO OK
IZST OK
IZSJ OK
IZSL OK
IZJT OK
IZJO OK
IZJL OK
IZJS OK
IZLO OK
IZLT OK
ISZO CAP
IZLJ OK
IZLS OK
IJOT OK
IJOL OK
IJOS OK
IJTO OK
IJOZ OK
IJTL OK
IJTS OK
IJTZ OK
IJST OK
IJSO OK
IJSL OK
IJSZ OK
IJZO OK
IJZT OK
IJZL OK
IJLO OK
IJLT OK
IJLS OK
IJLZ OK
IJZS OK
ILOT OK
ILOS OK
ILOJ OK
ILOZ OK
ILTO OK
ILTS OK
ILTZ OK
IZOS CAP
ILTJ OK
ILSJ OK
ILST OK
ILSO OK
ILSZ OK
ILZO OK
ILZJ OK
ILJO OK
ILZT OK
ILJT OK
ILJS OK
ILJZ OK
ILZS OK
OITJ OK
OITL OK
OITS OK
OITZ OK
OIST OK
OISJ OK
OISL OK
OISZ OK
OIZT OK
OIZJ OK
OIZL OK
OIJT OK
OIJS OK
OIJZ OK
OIJL OK
OILT OK
OILS OK
OILZ OK
OILJ OK
OTIJ OK
OTIL OK
OTIS OK
OTIZ OK
OTSI OK
OTSJ OK
OTSL OK
OTZI OK
OTZJ OK
OTZL OK
OTJI OK
OTJS OK
OTJZ OK
OTJL OK
OTLI OK
OTLS OK
OTLZ OK
OTLJ OK
OSIT OK
OSIZ OK
OSIJ OK
OSIL OK
OSTI OK
OIZS CAP
OSTJ OK
OTSZ OK
OTZS OK
OSTL OK
OSZI OK
OSZJ OK
OSZL OK
OSJI OK
OSJT OK
OSJL OK
OSLI OK
OSLT OK
OSLZ OK
OSLJ OK
OZIT OK
OSTZ OK
OZIJ OK
OSJZ OK
OZIL OK
OZTI OK
OSZT OK
OZTJ OK
OZTL OK
OZSI OK
OZSJ OK
OZSL OK
OZJI OK
OZJT OK
OZJS OK
OZJL OK
OZLI OK
OZLT OK
OZLS OK
OZIS OK
OZLJ OK
OZTS OK
OJIT OK
OZST OK
OJIS OK
OJIL OK
OJTI OK
OJTS OK
OJTZ OK
OJTL OK
OJIZ OK
OJSL OK
OJSI OK
OJST OK
OJZI OK
OJZL OK
OJZT OK
OJZS OK
OJLI OK
OJLT OK
OJLS OK
OJLZ OK
OLIT OK
OLIS OK
OLIZ OK
OLIJ OK
OLTI OK
OLTS OK
OLTZ OK
OLTJ OK
OLSI OK
OLST OK
OLSJ OK
OLSZ OK
OLZI OK
OLZT OK
OLZS OK
OLZJ OK
OLJI OK
OLJT OK
OLJS OK
OLJZ OK
TIOJ OK
TIOL OK
TIOS OK
TIOZ OK
TISO OK
TISL OK
TISJ OK
TISZ OK
TIZO OK
TIZS OK
TIZJ OK
TIZL OK
TIJO OK
TIJL OK
TIJS OK
TIJZ OK
TILO OK
TILS OK
TILZ OK
TILJ OK
TOIJ OK
TOIL OK
TOIZ OK
TOIS OK
TOSI OK
TOSJ OK
TOSL OK
TOZI OK
TOZJ OK
TOSZ OK
TOZL OK
TOJI OK
TOJS OK
TOJZ OK
TOJL OK
TOLI OK
TOLS OK
TOLZ OK
TOLJ OK
TSIO OK
TSIZ OK
TSIJ OK
TSIL OK
TSOI OK
OJSZ CAP
TSOJ OK
TSOL OK
TSZI OK
TSOZ OK
TSZJ OK
TSZL OK
TSJI OK
TSZO OK
TSJO OK
TSJZ OK
TSJL OK
TSLI OK
TSLO OK
TSLJ OK
TZIO OK
TZIS OK
TZIJ OK
TSLZ OK
TZIL OK
TZOI OK
TZOJ OK
TZOL OK
TZSI OK
TZSJ OK
TZSL OK
TZJI OK
TZSO OK
TZJO OK
TZJL OK
TZJS OK
TZLI OK
TZLO OK
TZLS OK
TZLJ OK
TJIO OK
TJIS OK
TJIL OK
TJIZ OK
TJOI OK
TJOS OK
TJOZ OK
TJOL OK
TJSI OK
TJSO OK
TJSL OK
TJSZ OK
TJZO OK
TJZI OK
TJZL OK
TJZS OK
TJLI OK
TJLO OK
TJLS OK
TJLZ OK
TLIO OK
TLIS OK
TOZS OK
TLIZ OK
TLIJ OK
TLOI OK
TLOS OK
TLOZ OK
TLOJ OK
TLSI OK
TLSO OK
TLSJ OK
TZOS OK
TLZI OK
TLZO OK
TLZS OK
TLZJ OK
TLJI OK
TLSZ OK
TLJO OK
TLJS OK
TLJZ OK
SIOT OK
SIOJ OK
SITO OK
SIOL OK
SITZ OK
SITJ OK
SITL OK
SIZT OK
SIZJ OK
SIZL OK
SIJT OK
SIJO OK
SIJL OK
SIJZ OK
SILO OK
SILT OK
SILJ OK
SOIT OK
SILZ OK
SOIJ OK
SOIZ OK
SOIL OK
SOTI OK
SOTJ OK
SOTZ OK
SOTL OK
SOZT OK
SOZI OK
SOZJ OK
SOZL OK
SOJT OK
SOJI OK
SOJL OK
SOLI OK
SOLT OK
SOLZ OK
SOLJ OK
STIO OK
SIZO OK
STIZ OK
STIJ OK
SIOZ OK
STIL OK
STOJ OK
STOI OK
SOJZ OK
STOL OK
STZI OK
STZJ OK
STZO OK
STJI OK
STZL OK
STJO OK
STJZ OK
STJL OK
STLI OK
STLJ OK
STLZ OK
STLO OK
SZIO OK
SZIT OK
SZIJ OK
SZIL OK
SZOI OK
SZOJ OK
SZOL OK
SZTI OK
STOZ OK
SZTJ OK
SZJI OK
SZTL OK
SZJT OK
SZJL OK
SZLI OK
SZLO OK
SZLT OK
SZLJ OK
SZOT OK
SJIO OK
SZJO OK
SJIT OK
SJIL OK
SJIZ OK
SJOI OK
SJOT OK
SJOL OK
SZTO OK
SJTI OK
SJTO OK
SJTZ OK
SJTL OK
SJZI OK
SJZT OK
SJZL OK
SJLI OK
SJLO OK
SJLT OK
SJLZ OK
SLIT OK
SLIO OK
SLIJ OK
SLIZ OK
SLOI OK
SLOT OK
SLOJ OK
SLTI OK
SLOZ OK
SJOZ OK
SLTJ OK
SLTO OK
SLTZ OK
SJZO OK
SLZJ OK
SLZI OK
SLJI OK
SLJO OK
SLZO OK
SLZT OK
SLJT OK
SLJZ OK
ZIOT OK
ZITO OK
ZITS OK
ZIOJ OK
ZIOL OK
ZITJ OK
ZITL OK
ZIST OK
ZISO OK
ZISJ OK
ZISL OK
ZIJT OK
ZIJL OK
ZIJO OK
ZILT OK
ZIJS OK
ZILO OK
ZILJ OK
ZOIT OK
ZILS OK
ZOIJ OK
ZOIL OK
ZOTI OK
ZOTJ OK
ZOTL OK
ZOSI OK
ZOIS OK
ZOTS OK
ZIOS CAP
ZOSJ OK
ZOSL OK
ZOJI OK
ZOJT OK
ZOJL OK
ZOJS OK
ZOST OK
ZOLJ OK
ZOLI OK
ZOLT OK
ZTIO OK
ZOLS OK
ZTIS OK
ZTIJ OK
ZTIL OK
ZTOJ OK
ZTOL OK
ZTSI OK
ZTOI OK
ZTSJ OK
ZTSL OK
ZTJI OK
ZTJO OK
ZTJS OK
ZTJL OK
ZTLI OK
ZTLO OK
ZTLS OK
ZTLJ OK
ZSIT OK
ZSIO OK
ZSIJ OK
ZSIL OK
ZSOI OK
ZSOJ OK
ZSOL OK
ZSTI OK
ZTOS OK
ZTSO OK
ZSTJ OK
ZSJI OK
ZSTL OK
ZSJT OK
ZSJO OK
ZSJL OK
ZSLI OK
ZSLO OK
ZSLJ OK
ZSLT OK
ZJIT OK
ZJIO OK
ZJIL OK
ZJIS OK
ZSOT OK
ZJOI OK
ZJOT OK
ZJOL OK
ZJOS OK
ZJTI OK
ZJTO OK
ZJTL OK
ZJTS OK
ZJSI OK
ZJSL OK
ZJSO OK
ZJST OK
ZJLI OK
ZJLT OK
ZJLO OK
ZJLS OK
ZLIT OK
ZSTO OK
ZLIJ OK
ZLIO OK
ZLIS OK
ZLOI OK
ZLOJ OK
ZLOT OK
ZLTI OK
ZLTO OK
ZLTS OK
ZLTJ OK
ZLOS OK
ZLSJ OK
ZLSI OK
ZLJI OK
ZLJO OK
ZLJT OK
ZLST OK
ZLSO OK
ZLJS OK
JIOL OK
JITO OK
JIOT OK
JIOS OK
JIOZ OK
JITL OK
JITS OK
JITZ OK
JISL OK
JISO OK
JIST OK
JISZ OK
JIZL OK
JILO OK
JIZO OK
JILT OK
JIZT OK
JILS OK
JILZ OK
JOIT OK
JIZS OK
JOIS OK
JOIZ OK
JOIL OK
JOTI OK
JOTS OK
JOTL OK
JOTZ OK
JOSL OK
JOSI OK
JOST OK
JOZI OK
JOZL OK
JOLI OK
JOZT OK
JOZS OK
JOLT OK
JOLS OK
JOLZ OK
JTIO OK
JTIS OK
JTIZ OK
JTIL OK
JTOI OK
JTOS OK
JTOZ OK
JTOL OK
JTSI OK
JTSO OK
JTSL OK
JTZI OK
JTZO OK
JTZL OK
JTZS OK
JTSZ OK
JTLI OK
JTLO OK
JTLS OK
JTLZ OK
JSIO OK
JSIT OK
JSIL OK
JSIZ OK
JSOI OK
JSOT OK
JSOL OK
JSTI OK
JSTO OK
JSTL OK
JSTZ OK
JSZI OK
JSZT OK
JSZL OK
JSLI OK
JSLO OK
JSLT OK
JSLZ OK
JZIO OK
JSOZ OK
JZIT OK
JOSZ CAP
JZIL OK
JZOI OK
JZOT OK
JZOL OK
JZTI OK
JZTO OK
JZOS OK
JZTL OK
JZTS OK
JSZO OK
JZSI OK
JZSL OK
JZLI OK
JZST OK
JZLO OK
JZLT OK
JZSO OK
JLIO OK
JLIT OK
JZLS OK
JLIS OK
JLIZ OK
JLOI OK
JLOT OK
JLOS OK
JLOZ OK
JLTI OK
JLTO OK
JLTS OK
JLTZ OK
JLSI OK
JLSO OK
JLST OK
JLZI OK
JLSZ OK
JLZO OK
JLZT OK
JLZS OK
JZIS OK
LIOJ OK
LIOT OK
LITO OK
LIOS OK
LITS OK
LITZ OK
LITJ OK
LIOZ OK
LISJ OK
LIST OK
LISO OK
LISZ OK
LIZO OK
LIZJ OK
LIJO OK
LIJT OK
LIJS OK
LIZT OK
LIJZ OK
LIZS OK
LOIJ OK
LOTI OK
LOIT OK
LOTS OK
LOIS OK
LOIZ OK
LOTJ OK
LOTZ OK
LOSJ OK
LOSI OK
LOST OK
LOSZ OK
LOZI OK
LOZJ OK
LOJI OK
LOJT OK
LOJS OK
LOZT OK
LOJZ OK
LTIO OK
LOZS OK
LTIS OK
LTIZ OK
LTIJ OK
LTOI OK
LTOS OK
LTOJ OK
LTOZ OK
LTSI OK
LTSO OK
LTSJ OK
LTZI OK
LTZO OK
LTZS OK
LTZJ OK
LTJI OK
LTJO OK
LTJS OK
LTJZ OK
LTSZ OK
LSIJ OK
LSIT OK
LSIO OK
LSIZ OK
LSOJ OK
LSOI OK
LSOT OK
LSTI OK
LSTJ OK
LSOZ OK
LSTO OK
LSTZ OK
LSZJ OK
LSJI OK
LSZI OK
LSJO OK
LSJT OK
LSJZ OK
LSZO OK
LSZT OK
LZIJ OK
LZIT OK
LZIO OK
LZIS OK
LZOJ OK
LZOI OK
LZTI OK
LZTO OK
LZOT OK
LZTS OK
LZTJ OK
LZOS OK
LZSJ OK
LZSI OK
LZJI OK
LZJO OK
LZJT OK
LZJS OK
LZST OK
LZSO OK
LJIO OK
LJIT OK
LJIS OK
LJIZ OK
LJOT OK
LJOI OK
LJTI OK
LJOS OK
LJOZ OK
LJTO OK
LJTS OK
LJTZ OK
LJSI OK
LJSO OK
LJST OK
LJSZ OK
LJZI OK
LJZO OK
LJZT OK
LJZS OK
