IOTZ OK
IOTJ OK
IOTL OK
IOTS OK
IOST OK
IOSJ OK
IOSL OK
IOZT OK
IOZJ OK
IOZS OK
IOZL OK
IOJT OK
IOSZ OK
IOJS OK
IOJZ OK
IOLT OK
IOJL OK
IOLS OK
IOLZ OK
ITOS OK
IOLJ OK
ITOZ OK
ITOJ OK
ITSO OK
ITOL OK
ITSJ OK
ITZO OK
ITSL OK
ITSZ OK
ITZJ OK
ITJO OK
ITZL OK
ITJS OK
ITJZ OK
ITZS OK
ITJL OK
ITLO OK
ITLS OK
ITLJ OK
ITLZ OK
ISOT OK
ISOJ OK
ISOL OK
ISTO OK
ISTJ OK
ISTZ OK
ISTL OK
ISOZ OK
ISZT OK
ISZO OK
ISZJ OK
ISJO OK
ISZL OK
ISJT OK
ISLO OK
ISLT OK
ISJL OK
ISJZ OK
IZOT OK
ISLJ OK
IZOS OK
ISLZ OK
IZOJ OK
IZOL OK
IZTO OK
IZTJ OK
IZTS OK
IZTL OK
IZSO OK
IZST OK
IZSJ OK
IZJO OK
IZJT OK
IZSL OK
IZJL OK
IZLO OK
IZLT OK
IZJS OK
IJOT OK
IJOS OK
IZLJ OK
IJOZ OK
IJOL OK
IJTO OK
IJTS OK
IJTZ OK
IJTL OK
IJSO OK
IJST OK
IJZO OK
IJSL OK
IJSZ OK
IJZT OK
IJLO OK
IJZL OK
IJZS OK
IJLT OK
IJLS OK
IZLS OK
IJLZ OK
ILOT OK
ILOS OK
ILOZ OK
ILOJ OK
ILTO OK
ILTS OK
ILTZ OK
ILTJ OK
ILSO OK
ILST OK
ILZO OK
ILSJ OK
ILZT OK
ILSZ OK
ILJO OK
ILJT OK
ILZJ OK
OITS OK
ILJS OK
ILJZ OK
OITZ OK
OITJ OK
OITL OK
OIST OK
OISJ OK
OISL OK
OIZT OK
OIZS OK
OISZ OK
OIZJ OK
OIZL OK
OIJT OK
OIJS OK
OIJZ OK
OIJL OK
OILT OK
OILS OK
OILZ OK
OILJ OK
ILZS OK
OTIS OK
OTIZ OK
OTIJ OK
OTIL OK
OTSI OK
OTSJ OK
OTSL OK
OTZI OK
OTSZ OK
OTZJ OK
OTZL OK
OTJI OK
OTZS OK
OTJS OK
OTJL OK
OTJZ OK
OTLI OK
OTLS OK
OTLJ OK
OTLZ OK
OSIT OK
OSIJ OK
OSIL OK
OSTI OK
OSTJ OK
OSTL OK
OSTZ OK
OSIZ OK
OSZI OK
OSZJ OK
OSZT OK
OSZL OK
OSJI OK
OSJT OK
OSLI OK
OSJL OK
OSLT OK
OSJZ OK
OSLJ OK
OZIT OK
OZIS OK
OSLZ OK
OZIJ OK
OZIL OK
OZTI OK
OZTS OK
OZTJ OK
OZTL OK
OZSI OK
OZST OK
OZSJ OK
OZSL OK
OZJI OK
OZJT OK
OZJL OK
OZJS OK
OZLI OK
OZLT OK
OZLS OK
OZLJ OK
OJIT OK
OJIS OK
OJIL OK
OJTI OK
OJIZ OK
OJTS OK
OJTZ OK
OJTL OK
OJSI OK
OJST OK
OJSL OK
OJZI OK
OJZT OK
OJSZ OK
OJZL OK
OJZS OK
OJLI OK
OJLT OK
OJLS OK
OJLZ OK
OLIT OK
OLIS OK
OLIZ OK
OLIJ OK
OLTI OK
OLTS OK
OLTZ OK
OLTJ OK
OLSI OK
OLST OK
OLSJ OK
OLZI OK
OLZT OK
OLSZ OK
OLZJ OK
OLJI OK
OLZS OK
OLJT OK
OLJS OK
OLJZ OK
TIOS OK
TIOZ OK
TIOJ OK
TIOL OK
TISO OK
TISJ OK
TISL OK
TISZ OK
TIZO OK
TIZJ OK
TIZL OK
TIJO OK
TIZS OK
TIJS OK
TIJZ OK
TIJL OK
TILO OK
TILZ OK
TILS OK
TILJ OK
TOIS OK
TOIJ OK
TOIZ OK
TOIL OK
TOSI OK
TOSJ OK
TOSL OK
TOZI OK
TOZJ OK
TOSZ OK
TOZS OK
TOZL OK
TOJI OK
TOJS OK
TOJZ OK
TOJL OK
TOLI OK
TOLS OK
TOLZ OK
TOLJ OK
TSIO OK
TSIJ OK
TSIZ OK
TSIL OK
TSOI OK
TSOJ OK
TSOL OK
TSOZ OK
TSZI OK
TSZJ OK
TSJI OK
TSZO OK
TSZL OK
TSJO OK
TSLI OK
TSJL OK
TSJZ OK
TSLO OK
TZIO OK
TSLZ OK
TSLJ OK
TZIS OK
TZIJ OK
TZIL OK
TZOI OK
TZOJ OK
TZOS OK
TZOL OK
TZSI OK
TZSO OK
TZSJ OK
TZSL OK
TZJI OK
TZJO OK
TZJS OK
TZJL OK
TZLI OK
TZLO OK
TJIO OK
TJIS OK
TZLJ OK
TZLS OK
TJIZ OK
TJIL OK
TJOI OK
TJOS OK
TJOZ OK
TJOL OK
TJSI OK
TJSO OK
TJZI OK
TJZO OK
TJSL OK
TJSZ OK
TJLI OK
TJZS OK
TJLO OK
TJZL OK
TLIO OK
TJLS OK
TLIS OK
TJLZ OK
TLIZ OK
TLIJ OK
TLOI OK
TLOS OK
TLOZ OK
TLOJ OK
TLSI OK
TLSO OK
TLZI OK
TLZO OK
TLSZ OK
TLSJ OK
TLJI OK
TLJO OK
TLZJ OK
TLZS OK
SIOT OK
TLJS OK
TLJZ OK
SIOJ OK
SIOL OK
SITO OK
SIOZ OK
SITJ OK
SITZ OK
SITL OK
SIZT OK
SIZO OK
SIZJ OK
SIZL OK
SIJO OK
SIJT OK
SIJL OK
SILO OK
SIJZ OK
SILT OK
SOIT OK
SILJ OK
SILZ OK
SOIJ OK
SOIL OK
SOTI OK
SOIZ OK
SOTJ OK
SOTZ OK
SOTL OK
SOZI OK
SOZJ OK
SOJI OK
SOZT OK
SOZL OK
SOJT OK
SOJL OK
SOLI OK
SOJZ OK
SOLT OK
SOLJ OK
STIO OK
STIZ OK
SOLZ OK
STIJ OK
STIL OK
STOI OK
STOJ OK
STOZ OK
STOL OK
STZI OK
STZJ OK
STZO OK
STZL OK
STJI OK
STJO OK
STJL OK
STLI OK
STJZ OK
STLO OK
SZIO OK
STLZ OK
STLJ OK
SZIT OK
SZOI OK
SZIJ OK
SZIL OK
SZOT OK
SZOJ OK
SZTI OK
SZOL OK
SZTO OK
SZTJ OK
SZTL OK
SZJI OK
SZJT OK
SZJL OK
SZJO OK
SZLI OK
SZLJ OK
SZLO OK
SZLT OK
SJIO OK
SJIT OK
SJIL OK
SJOI OK
SJIZ OK
SJOT OK
SJOL OK
SJTI OK
SJTO OK
SJOZ OK
SJTL OK
SJTZ OK
SJZI OK
SJZO OK
SJZL OK
SJZT OK
SJLI OK
SJLO OK
SJLT OK
SLIO OK
SJLZ OK
SLIT OK
SLOI OK
SLIJ OK
SLIZ OK
SLOT OK
SLOJ OK
SLTI OK
SLTO OK
SLOZ OK
SLTZ OK
SLTJ OK
SLZI OK
SLZO OK
SLZT OK
SLZJ OK
SLJI OK
SLJO OK
SLJT OK
SLJZ OK
ZIOT OK
ZIOS OK
ZIOJ OK
ZIOL OK
ZITO OK
ZITS OK
ZITJ OK
ZITL OK
ZISO OK
ZIST OK
ZISJ OK
ZIJO OK
ZIJT OK
ZISL OK
ZILO OK
ZILT OK
ZIJL OK
ZIJS OK
ZOIT OK
ZOIS OK
ZILJ OK
ZILS OK
ZOIJ OK
ZOIL OK
ZOTI OK
ZOTS OK
ZOTJ OK
ZOTL OK
ZOSI OK
ZOST OK
ZOSJ OK
ZOSL OK
ZOJI OK
ZOJT OK
ZOJS OK
ZOJL OK
ZOLT OK
ZOLI OK
ZOLJ OK
ZTIO OK
ZOLS OK
ZTIS OK
ZTIJ OK
ZTIL OK
ZTOI OK
ZTOS OK
ZTOJ OK
ZTOL OK
ZTSO OK
ZTSI OK
ZTJI OK
ZTSJ OK
ZTJO OK
ZTSL OK
ZTLO OK
ZTJS OK
ZTJL OK
ZTLI OK
ZSIT OK
ZSIO OK
ZTLJ OK
ZTLS OK
ZSOI OK
ZSOT OK
ZSIJ OK
ZSIL OK
ZSOJ OK
ZSOL OK
ZSTO OK
ZSTI OK
ZSTJ OK
ZSTL OK
ZSJI OK
ZSJO OK
ZSJT OK
ZSJL OK
ZSLO OK
ZSLI OK
ZSLJ OK
ZJIO OK
ZSLT OK
ZJIT OK
ZJOI OK
ZJIL OK
ZJOT OK
ZJIS OK
ZJOL OK
ZJTI OK
ZJOS OK
ZJTO OK
ZJTS OK
ZJTL OK
ZJSI OK
ZJSO OK
ZJST OK
ZJSL OK
ZJLI OK
ZJLO OK
ZLIO OK
ZLIT OK
ZJLT OK
ZJLS OK
ZLOI OK
ZLOT OK
ZLIJ OK
ZLIS OK
ZLOJ OK
ZLOS OK
ZLTO OK
ZLTI OK
ZLTJ OK
ZLTS OK
ZLSI OK
ZLSO OK
ZLST OK
ZLSJ OK
ZLJO OK
ZLJI OK
JIOT OK
ZLJS OK
ZLJT OK
JIOS OK
JIOZ OK
JIOL OK
JITO OK
JITS OK
JITZ OK
JITL OK
JISO OK
JIST OK
JIZO OK
JIZT OK
JISL OK
JISZ OK
JILO OK
JIZL OK
JILT OK
JIZS OK
JILS OK
JOIT OK
JILZ OK
JOIS OK
JOIL OK
JOIZ OK
JOTI OK
JOTS OK
JOTZ OK
JOTL OK
JOST OK
JOSI OK
JOSL OK
JOZT OK
JOZI OK
JOSZ OK
JOZS OK
JOZL OK
JOLI OK
JOLT OK
JOLS OK
JOLZ OK
JTIO OK
JTIS OK
JTIZ OK
JTIL OK
JTOI OK
JTOS OK
JTOZ OK
JTOL OK
JTSI OK
JTSO OK
JTZI OK
JTSL OK
JTZO OK
JTSZ OK
JTLI OK
JTLO OK
JTZL OK
JTZS OK
JSIO OK
JTLS OK
JTLZ OK
JSIT OK
JSOT OK
JSOI OK
JSIL OK
JSIZ OK
JSOL OK
JSTI OK
JSTO OK
JSOZ OK
JSTL OK
JSTZ OK
JSZI OK
JSZL OK
JSZT OK
JSZO OK
JSLI OK
JSLO OK
JSLT OK
JSLZ OK
JZIT OK
JZIO OK
JZOI OK
JZOT OK
JZIL OK
JZOL OK
JZTI OK
JZOS OK
JZTO OK
JZTL OK
JZTS OK
JZSI OK
JZST OK
JZSL OK
JZLI OK
JZLO OK
JZLT OK
JZLS OK
JLIO OK
JLIT OK
JLIS OK
JLIZ OK
JLOI OK
JLOT OK
JLOS OK
JLOZ OK
JLTI OK
JLTO OK
JLTS OK
JLTZ OK
JLSO OK
JLSI OK
JZIS OK
JLST OK
JLSZ OK
JLZI OK
JLZO OK
LIOT OK
JLZT OK
LIOS OK
JLZS OK
LIOZ OK
LIOJ OK
LITO OK
JZSO OK
LITS OK
LITZ OK
LITJ OK
LISO OK
LIST OK
LIZO OK
LISJ OK
LIZT OK
LISZ OK
LIJO OK
LIJT OK
LIZJ OK
LOIT OK
LIJS OK
LIJZ OK
LOIS OK
LOIZ OK
LOIJ OK
LOTI OK
LOTS OK
LOTZ OK
LOTJ OK
LOSI OK
LOST OK
LOSJ OK
LOZI OK
LOZT OK
LOSZ OK
LOZJ OK
LOJI OK
LOZS OK
LOJT OK
LOJS OK
LIZS OK
LOJZ OK
LTIO OK
LTIS OK
LTIZ OK
LTIJ OK
LTOI OK
LTOS OK
LTOZ OK
LTOJ OK
LTSI OK
LTSO OK
LTSZ OK
LTSJ OK
LTZI OK
LTZO OK
LTJI OK
LTJO OK
LTZJ OK
LTZS OK
LSIO OK
LTJS OK
LTJZ OK
LSIT OK
LSOI OK
LSIJ OK
LSOT OK
LSIZ OK
LSOJ OK
LSTI OK
LSTO OK
LSOZ OK
LSTZ OK
LSTJ OK
LSZI OK
LSZJ OK
LSZT OK
LSZO OK
LSJI OK
LSJO OK
LSJT OK
LSJZ OK
LZIO OK
LZIT OK
LZOI OK
LZIJ OK
LZOT OK
LZOJ OK
LZOS OK
LZTO OK
LZTI OK
LZTS OK
LZTJ OK
LZSI OK
LZST OK
LZSO OK
LZSJ OK
LZJO OK
LZJI OK
LZJT OK
LZIS OK
LJIT OK
LJIO OK
LZJS OK
LJIS OK
LJOI OK
LJIZ OK
LJOT OK
LJOS OK
LJOZ OK
LJTO OK
LJTI OK
LJSI OK
LJSO OK
LJTS OK
LJTZ OK
LJST OK
LJSZ OK
LJZI OK
LJZO OK
LJZT OK
LJZS OK
