IOTJ OK
IOTS OK
IOTZ OK
IOTL OK
IOSL OK
IOSJ OK
IOSZ OK
IOST OK
IOZJ OK
IOZT OK
IOZL OK
IOJT OK
IOJS OK
IOZS OK
IOJZ OK
IOLT OK
IOJL OK
IOLS OK
IOLZ OK
IOLJ OK
ITOS OK
ITOZ OK
ITOJ OK
ITSO OK
ITOL OK
ITSJ OK
ITSL OK
ITZO OK
ITZJ OK
ITZL OK
ITJO OK
ITJS OK
ITJZ OK
ITJL OK
ITLO OK
ITLS OK
ITLZ OK
ITLJ OK
ITZS OK
ISOJ OK
ISOL OK
ISOT OK
ISOZ OK
ISTO OK
ISTJ OK
ISTL OK
ISTZ OK
ITSZ OK
ISZO OK
ISZT OK
ISZJ OK
ISZL OK
ISJO OK
ISJT OK
ISJL OK
ISJZ OK
ISLO OK
ISLT OK
ISLZ OK
ISLJ OK
IZOJ OK
IZOL OK
IZTO OK
IZTJ OK
IZOT OK
IZTL OK
IZTS OK
IZOS OK
IZSL OK
IZSJ OK
IZJO OK
IZSO OK
IZST OK
IZJT OK
IZLO OK
IZJL OK
IZLT OK
IZJS OK
IZLJ OK
IZLS OK
IJOT OK
IJOS OK
IJOZ OK
IJOL OK
IJTO OK
IJTS OK
IJTZ OK
IJTL OK
IJSO OK
IJST OK
IJSL OK
IJZO OK
IJZT OK
IJSZ OK
IJLO OK
IJZL OK
IJZS OK
IJLT OK
ILOT OK
IJLS OK
IJLZ OK
ILOS OK
ILOZ OK
ILOJ OK
ILTO OK
ILTS OK
ILTZ OK
ILTJ OK
ILSO OK
ILST OK
ILSJ OK
ILSZ OK
ILZO OK
ILZT OK
ILZJ OK
ILJO OK
ILJT OK
ILZS OK
OITS OK
ILJS OK
ILJZ OK
OITZ OK
OITJ OK
OITL OK
OISJ OK
OISL OK
OIST OK
OISZ OK
OIZJ OK
OIZL OK
OIZT OK
OIJT OK
OIJS OK
OIJZ OK
OIZS OK
OIJL OK
OILT OK
OILS OK
OILZ OK
OILJ OK
OTIS OK
OTIZ OK
OTIJ OK
OTIL OK
OTSI OK
OTSJ OK
OTSL OK
OTZI OK
OTZJ OK
OTZL OK
OTJI OK
OTJS OK
OTJZ OK
OTJL OK
OTLI OK
OTLS OK
OTLZ OK
OTSZ OK
OTLJ OK
OSIJ OK
OTZS OK
OSIL OK
OSTI OK
OSTJ OK
OSIT OK
OSIZ OK
OSTL OK
OSZJ OK
OSZL OK
OSTZ OK
OSJI OK
OSJT OK
OSZT OK
OSZI OK
OSJL OK
OSLT OK
OSLI OK
OSLZ OK
OSJZ OK
OSLJ OK
OZIJ OK
OZIL OK
OZTI OK
OZTJ OK
OZIT OK
OZTL OK
OZIS OK
OZSJ OK
OZSL OK
OZTS OK
OZJI OK
OZJT OK
OZJS OK
OZJL OK
OZST OK
OZSI OK
OZLI OK
OZLT OK
OZLS OK
OZLJ OK
OJIT OK
OJIS OK
OJIZ OK
OJIL OK
OJTI OK
OJTS OK
OJTZ OK
OJTL OK
OJSI OK
OJST OK
OJSL OK
OJZI OK
OJZT OK
OJZL OK
OJZS OK
OJLI OK
OJSZ OK
OJLT OK
OJLS OK
OJLZ OK
OLIT OK
OLIS OK
OLIZ OK
OLIJ OK
OLTI OK
OLTS OK
OLTZ OK
OLTJ OK
OLST OK
OLSI OK
OLSJ OK
OLSZ OK
OLZT OK
OLZI OK
OLZS OK
OLZJ OK
OLJI OK
OLJT OK
OLJS OK
OLJZ OK
TIOS OK
TIOZ OK
TIOJ OK
TIOL OK
TISO OK
TISJ OK
TISL OK
TIZO OK
TIZJ OK
TIZL OK
TIJO OK
TIJS OK
TIJZ OK
TIJL OK
TILO OK
TILS OK
TILZ OK
TISZ OK
TILJ OK
TOIS OK
TOIZ OK
TOIJ OK
TOIL OK
TOSI OK
TIZS OK
TOSJ OK
TOSL OK
TOZI OK
TOZJ OK
TOZL OK
TOJI OK
TOJS OK
TOJL OK
TOJZ OK
TOLS OK
TOLI OK
TOLZ OK
TOLJ OK
TOSZ OK
TSIO OK
TSIJ OK
TSIL OK
TOZS OK
TSOI OK
TSOJ OK
TSOL OK
TSIZ OK
TSZJ OK
TSOZ OK
TSZL OK
TSZI OK
TSZO OK
TSJI OK
TSJO OK
TSLI OK
TSJL OK
TSJZ OK
TSLO OK
TZIO OK
TSLZ OK
TSLJ OK
TZIJ OK
TZIL OK
TZOI OK
TZOJ OK
TZOL OK
TZIS OK
TZSJ OK
TZOS OK
TZSL OK
TZSI OK
TZJI OK
TZJO OK
TZSO OK
TZJS OK
TZJL OK
TZLI OK
TZLO OK
TZLS OK
TZLJ OK
TJIO OK
TJIS OK
TJIZ OK
TJIL OK
TJOI OK
TJOS OK
TJOZ OK
TJOL OK
TJSI OK
TJSO OK
TJZI OK
TJZO OK
TJSZ OK
TJSL OK
TJLI OK
TJLO OK
TJZS OK
TJZL OK
TLIO OK
TJLS OK
TJLZ OK
TLIS OK
TLIZ OK
TLOI OK
TLIJ OK
TLOS OK
TLOZ OK
TLOJ OK
TLSI OK
TLSO OK
TLZI OK
TLZO OK
TLSZ OK
TLSJ OK
TLJI OK
TLJO OK
TLZS OK
TLZJ OK
TLJS OK
TLJZ OK
SIOJ OK
SIOL OK
SITO OK
SIOT OK
SIOZ OK
SITJ OK
SITL OK
SIZJ OK
SIZL OK
SITZ OK
SIJO OK
SIJT OK
SIZO OK
SIZT OK
SIJZ OK
SIJL OK
SILO OK
SILT OK
SILZ OK
SILJ OK
SOIJ OK
SOIL OK
SOTI OK
SOIT OK
SOTJ OK
SOIZ OK
SOTL OK
SOZJ OK
SOTZ OK
SOZL OK
SOJI OK
SOJT OK
SOZT OK
SOZI OK
SOJL OK
SOLI OK
SOLT OK
SOLZ OK
SOLJ OK
SOJZ OK
STIO OK
STIJ OK
STIL OK
STOI OK
STOJ OK
STOL OK
STIZ OK
STOZ OK
STZJ OK
STZI OK
STJI OK
STZL OK
STZO OK
STJO OK
STLI OK
STJZ OK
STJL OK
STLO OK
STLZ OK
STLJ OK
SZIL OK
SZIJ OK
SZIT OK
SZOJ OK
SZIO OK
SZOL OK
SZOT OK
SZOI OK
SZTJ OK
SZTL OK
SZJI OK
SZTI OK
SZJT OK
SZTO OK
SZLI OK
SZJO OK
SZLT OK
SZLO OK
SZLJ OK
SZJL OK
SJIT OK
SJIO OK
SJIL OK
SJIZ OK
SJOT OK
SJOI OK
SJOL OK
SJTI OK
SJTO OK
SJTZ OK
SJOZ OK
SJZI OK
SJTL OK
SJLI OK
SJZT OK
SJLO OK
SJZO OK
SJLT OK
SJZL OK
SLIO OK
SLIT OK
SJLZ OK
SLIJ OK
SLIZ OK
SLOI OK
SLOT OK
SLOZ OK
SLOJ OK
SLTI OK
SLTO OK
SLZI OK
SLTZ OK
SLTJ OK
SLZO OK
SLJI OK
SLZT OK
SLZJ OK
SLJO OK
SLJT OK
SLJZ OK
ZIOJ OK
ZIOL OK
ZITO OK
ZIOT OK
ZITJ OK
ZITL OK
ZIOS OK
ZISJ OK
ZITS OK
ZISL OK
ZIJO OK
ZIJT OK
ZIST OK
ZIJL OK
ZIJS OK
ZILO OK
ZILT OK
ZILS OK
ZILJ OK
ZOIJ OK
ZOIL OK
ZOIT OK
ZOTI OK
ZOIS OK
ZOTJ OK
ZOTL OK
ZOTS OK
ZOST OK
ZOSJ OK
ZOSI OK
ZOSL OK
ZOJI OK
ZOJT OK
ZOJS OK
ZOJL OK
ZOLI OK
ZOLT OK
ZOLS OK
ZOLJ OK
ZTIO OK
ZTIJ OK
ZTOI OK
ZTIL OK
ZTOJ OK
ZTOL OK
ZTIS OK
ZTOS OK
ZTSJ OK
ZTSI OK
ZTSL OK
ZTJI OK
ZTJO OK
ZTSO OK
ZTJS OK
ZTJL OK
ZTLI OK
ZTLO OK
ZTLS OK
ZTLJ OK
ZSIJ OK
ZSIL OK
ZSIT OK
ZSOI OK
ZSOT OK
ZSOJ OK
ZSOL OK
ZSIO OK
ZSTI OK
ZSTJ OK
ZSTO OK
ZSTL OK
ZSJI OK
ZSJO OK
ZSJT OK
ZSLI OK
ZSLO OK
ZSLT OK
ZSJL OK
ZJIO OK
ZJIT OK
ZSLJ OK
ZJIS OK
ZJIL OK
ZJOI OK
ZJOT OK
ZJOS OK
ZJTI OK
ZJOL OK
ZJTO OK
ZJTL OK
ZJTS OK
ZJSI OK
ZJST OK
ZJSO OK
ZJSL OK
ZJLI OK
ZJLO OK
ZJLT OK
ZISO CAP
ZJLS OK
ZLIO OK
ZLIT OK
ZLIS OK
ZLIJ OK
ZLOI OK
ZLOT OK
ZLOS OK
ZLOJ OK
ZLTI OK
ZLTO OK
ZLTS OK
ZLTJ OK
ZLSI OK
ZLST OK
ZLSO OK
ZLJI OK
ZLSJ OK
ZLJO OK
ZLJT OK
JIOT OK
ZLJS OK
JIOS OK
JIOZ OK
JIOL OK
JITO OK
JITS OK
JITZ OK
JITL OK
JIST OK
JISL OK
JISO OK
JISZ OK
JIZO OK
JIZT OK
JIZS OK
JIZL OK
JILO OK
JILT OK
JILS OK
JILZ OK
JOIT OK
JOIS OK
JOIZ OK
JOIL OK
JOTI OK
JOTS OK
JOTL OK
JOTZ OK
JOSI OK
JOST OK
JOZI OK
JOSL OK
JOZT OK
JOZL OK
JOZS OK
JOLI OK
JOSZ OK
JOLT OK
JOLS OK
JOLZ OK
JTIO OK
JTIS OK
JTIZ OK
JTIL OK
JTOI OK
JTOS OK
JTOL OK
JTOZ OK
JTSI OK
JTSO OK
JTZI OK
JTSZ OK
JTSL OK
JTZO OK
JTLO OK
JTLI OK
JTZS OK
JTZL OK
JTLS OK
JTLZ OK
JSIT OK
JSIO OK
JSIL OK
JSOT OK
JSIZ OK
JSOI OK
JSOL OK
JSTI OK
JSTO OK
JSTZ OK
JSOZ OK
JSTL OK
JSZI OK
JSLI OK
JSZT OK
JSLO OK
JSZO OK
JSLT OK
JSZL OK
JZIT OK
JZIO OK
JZIS OK
JZIL OK
JZOI OK
JZOT OK
JSLZ OK
JZOS OK
JZOL OK
JZTI OK
JZTO OK
JZTL OK
JZTS OK
JZSI OK
JZST OK
JZLI OK
JZLO OK
JZLT OK
JLIO OK
JZSL OK
JLIT OK
JLIS OK
JLIZ OK
JLOI OK
JZLS OK
JLOT OK
JLOS OK
JLOZ OK
JLTI OK
JZSO OK
JLTO OK
JLTS OK
JLTZ OK
JLSI OK
JLSO OK
JLST OK
JLZI OK
JLZO OK
JLZT OK
LIOT OK
LIOS OK
LIOZ OK
LIOJ OK
JLSZ OK
LITO OK
LITS OK
LITZ OK
LITJ OK
LISO OK
LIST OK
LISZ OK
LISJ OK
LIZO OK
LIZT OK
JLZS OK
LIZJ OK
LIJO OK
LIZS OK
LIJT OK
LIJS OK
LIJZ OK
LOIT OK
LOIS OK
LOIZ OK
LOIJ OK
LOTI OK
LOTS OK
LOTZ OK
LOTJ OK
LOST OK
LOSI OK
LOSJ OK
LOZT OK
LOZI OK
LOSZ OK
LOZS OK
LOZJ OK
LOJI OK
LOJT OK
LOJS OK
LOJZ OK
LTIO OK
LTIS OK
LTIZ OK
LTIJ OK
LTOI OK
LTOS OK
LTOZ OK
LTOJ OK
LTSI OK
LTSO OK
LTZI OK
LTZO OK
LTSZ OK
LTSJ OK
LTJI OK
LTJO OK
LTZJ OK
LTZS OK
LSIO OK
LSIT OK
LTJS OK
LTJZ OK
LSIZ OK
LSIJ OK
LSOI OK
LSOT OK
LSTI OK
LSOJ OK
LSTO OK
LSOZ OK
LSZI OK
LSTJ OK
LSTZ OK
LSZO OK
LSJI OK
LSZT OK
LSZJ OK
LSJT OK
LSJO OK
LSJZ OK
LZIO OK
LZIT OK
LZIS OK
LZIJ OK
LZOI OK
LZOT OK
LZOJ OK
LZOS OK
LZTI OK
LZTO OK
LZTS OK
LZTJ OK
LZSI OK
LZST OK
LZJI OK
LZSO OK
LZSJ OK
LZJO OK
LZJT OK
LJIO OK
LJIT OK
LZJS OK
LJIS OK
LJOI OK
LJIZ OK
LJOT OK
LJOS OK
LJOZ OK
LJTI OK
LJTO OK
LJSI OK
LJTS OK
LJTZ OK
LJSO OK
LJZI OK
LJST OK
LJZO OK
LJZT OK
LJZS OK
LJSZ OK
