IOTJ OK
IOTL OK
IOTZ OK
IOTS OK
IOST OK
IOSZ OK
IOSJ OK
IOSL OK
IOZT OK
IOZJ OK
IOZL OK
IOJT OK
IOJS OK
IOJZ OK
IOJL OK
IOLT OK
IOLS OK
IOLZ OK
IOLJ OK
ITOJ OK
ITOS OK
ITOL OK
IOZS OK
ITOZ OK
ITSO OK
ITSZ OK
ITSJ OK
ITSL OK
ITZJ OK
ITZO OK
ITJO OK
ITZL OK
ITJS OK
ITJZ OK
ITJL OK
ITLO OK
ITLS OK
ITZS OK
ITLZ OK
ITLJ OK
ISOT OK
ISOZ OK
ISOJ OK
ISOL OK
ISTO OK
ISTZ OK
ISTJ OK
ISTL OK
ISZO OK
ISZT OK
ISZJ OK
ISJO OK
ISJT OK
ISJZ OK
ISZL OK
ISJL OK
ISLO OK
ISLT OK
ISLJ OK
IZOT OK
ISLZ OK
IZOJ OK
IZTO OK
IZOS OK
IZOL OK
IZTS OK
IZTJ OK
IZTL OK
IZST OK
IZSJ OK
IZSO OK
IZJO OK
IZJT OK
IZSL OK
IZJS OK
IZJL OK
IZLT OK
IZLO OK
IZLJ OK
IZLS OK
IJOT OK
IJOS OK
IJOZ OK
IJOL OK
IJTO OK
IJTS OK
IJTZ OK
IJTL OK
IJSO OK
IJST OK
IJSL OK
IJZO OK
IJSZ OK
IJZT OK
IJZL OK
IJLO OK
IJLT OK
IJLS OK
IJLZ OK
IJZS OK
ILOT OK
ILOJ OK
ILTO OK
ILOS OK
ILOZ OK
ILTS OK
ILTJ OK
ILTZ OK
ILSO OK
ILST OK
ILSJ OK
ILZT OK
ILZO OK
ILSZ OK
ILZJ OK
ILJO OK
ILJT OK
ILJS OK
ILJZ OK
OITS OK
OITZ OK
OITJ OK
OITL OK
OIST OK
OISZ OK
OISJ OK
OISL OK
OIZT OK
OIZJ OK
OIZL OK
OIJT OK
OIJS OK
OIJZ OK
OIJL OK
OILT OK
OILS OK
ILZS OK
OILZ OK
OILJ OK
OTIS OK
OIZS OK
OTIZ OK
OTIJ OK
OTIL OK
OTSI OK
OTSJ OK
OTSL OK
OTZI OK
OTZJ OK
OTZL OK
OTJI OK
OTJS OK
OTJZ OK
OTZS OK
OTJL OK
OTSZ OK
OTLI OK
OTLS OK
OTLZ OK
OTLJ OK
OSIT OK
OSIZ OK
OSIJ OK
OSIL OK
OSTI OK
OSTZ OK
OSTJ OK
OSTL OK
OSZI OK
OSZT OK
OSZJ OK
OSJI OK
OSJT OK
OSJZ OK
OSZL OK
OSJL OK
OSLI OK
OSLT OK
OSLZ OK
OSLJ OK
OZIT OK
OZIS OK
OZIJ OK
OZIL OK
OZTI OK
OZTJ OK
OZTL OK
OZSI OK
OZSJ OK
OZJI OK
OZTS OK
OZSL OK
OZJT OK
OZST OK
OZJL OK
OZJS OK
OZLT OK
OZLI OK
OZLJ OK
OJIT OK
OJIS OK
OZLS OK
OJIZ OK
OJIL OK
OJTI OK
OJTS OK
OJTZ OK
OJTL OK
OJSI OK
OJST OK
OJSL OK
OJSZ OK
OJZI OK
OJZT OK
OJZL OK
OJLI OK
OJLT OK
OJLS OK
OJLZ OK
OJZS OK
OLIT OK
OLIJ OK
OLIS OK
OLIZ OK
OLTI OK
OLTS OK
OLTJ OK
OLTZ OK
OLSI OK
OLST OK
OLSJ OK
OLZT OK
OLZI OK
OLSZ OK
OLZJ OK
OLJI OK
OLJT OK
OLJS OK
OLJZ OK
OLZS OK
TIOS OK
TIOJ OK
TIOZ OK
TIOL OK
TISO OK
TISZ OK
TISJ OK
TISL OK
TIZJ OK
TIZL OK
TIZO OK
TIJO OK
TIJS OK
TIJZ OK
TIZS OK
TIJL OK
TILO OK
TILS OK
TILJ OK
TILZ OK
TOIS OK
TOIJ OK
TOIZ OK
TOIL OK
TOSI OK
TOSJ OK
TOSL OK
TOZI OK
TOZJ OK
TOZL OK
TOJI OK
TOJS OK
TOJZ OK
TOJL OK
TOZS OK
TOLI OK
TOSZ OK
TOLS OK
TOLZ OK
TOLJ OK
TSIO OK
TSIZ OK
TSIJ OK
TSIL OK
TSOI OK
TSOJ OK
TSOZ OK
TSOL OK
TSZI OK
TSJI OK
TSZJ OK
TSZL OK
TSJO OK
TSJZ OK
TSZO OK
TSJL OK
TSLI OK
TSLO OK
TSLZ OK
TSLJ OK
TZIJ OK
TZIO OK
TZIL OK
TZIS OK
TZOJ OK
TZOI OK
TZOS OK
TZOL OK
TZSO OK
TZSJ OK
TZSL OK
TZSI OK
TZJI OK
TZJO OK
TZLI OK
TZLO OK
TZJS OK
TZJL OK
TJIO OK
TJIS OK
TZLS OK
TZLJ OK
TJIZ OK
TJIL OK
TJOS OK
TJOI OK
TJOZ OK
TJOL OK
TJSI OK
TJSO OK
TJZI OK
TJZO OK
TJSZ OK
TJSL OK
TJLI OK
TJLO OK
TJLS OK
TJLZ OK
TJZS OK
TJZL OK
TLIO OK
TLIS OK
TLIJ OK
TLIZ OK
TLOI OK
TLOJ OK
TLOS OK
TLOZ OK
TLSI OK
TLSO OK
TLSJ OK
TLSZ OK
TLZI OK
TLZO OK
TLJI OK
TLJO OK
TLZJ OK
TLJS OK
TLJZ OK
SIOT OK
SIOZ OK
SIOJ OK
SIOL OK
SITO OK
TLZS OK
SITZ OK
SITJ OK
SITL OK
SIZO OK
SIZT OK
SIZJ OK
SIJO OK
SIJT OK
SIJZ OK
SIZL OK
SIJL OK
SILO OK
SILT OK
SILJ OK
SILZ OK
SOIT OK
SOIZ OK
SOIJ OK
SOIL OK
SOTI OK
SOTZ OK
SOTL OK
SOTJ OK
SOZI OK
SOZT OK
SOZJ OK
SOJI OK
SOJT OK
SOZL OK
SOJZ OK
SOJL OK
SOLI OK
SOLT OK
SOLJ OK
SOLZ OK
STIO OK
STIZ OK
STIJ OK
STIL OK
STOI OK
STOZ OK
STOJ OK
STOL OK
STZI OK
STJI OK
STZJ OK
STZL OK
STJO OK
STJZ OK
STJL OK
STLI OK
STLO OK
STZO OK
STLZ OK
STLJ OK
SZIO OK
SZIT OK
SZIJ OK
SZOI OK
SZOJ OK
SZOT OK
SZIL OK
SZTI OK
SZOL OK
SZTJ OK
SZJI OK
SZJO OK
SZTL OK
SZJT OK
SZTO OK
SZJL OK
SZLI OK
SZLT OK
SZLO OK
SJIO OK
SZLJ OK
SJIT OK
SJIZ OK
SJIL OK
SJOI OK
SJOT OK
SJOZ OK
SJOL OK
SJTI OK
SJTO OK
SJTZ OK
SJTL OK
SJZI OK
SJZO OK
SJZT OK
SJLI OK
SJLO OK
SJLT OK
SJZL OK
SJLZ OK
SLIO OK
SLIT OK
SLIZ OK
SLIJ OK
SLOI OK
SLOT OK
SLOJ OK
SLOZ OK
SLTI OK
SLTO OK
SLTZ OK
SLTJ OK
SLZI OK
SLZO OK
SLZT OK
SLJI OK
SLJO OK
SLZJ OK
SLJT OK
ZIOT OK
SLJZ OK
ZIOJ OK
ZIOS OK
ZITO OK
ZIOL OK
ZITS OK
ZITJ OK
ZITL OK
ZIST OK
ZISJ OK
ZISO OK
ZIJO OK
ZIJT OK
ZISL OK
ZIJS OK
ZIJL OK
ZILT OK
ZILO OK
ZILJ OK
ZOIT OK
ZILS OK
ZOIS OK
ZOIJ OK
ZOTI OK
ZOIL OK
ZOTJ OK
ZOTL OK
ZOSI OK
ZOSJ OK
ZOTS OK
ZOJI OK
ZOSL OK
ZOST OK
ZOJT OK
ZOJL OK
ZOJS OK
ZOLT OK
ZOLI OK
ZOLJ OK
ZTIO OK
ZTIS OK
ZOLS OK
ZTIJ OK
ZTOI OK
ZTIL OK
ZTOJ OK
ZTOS OK
ZTSI OK
ZTOL OK
ZTJI OK
ZTSO OK
ZTSJ OK
ZTJO OK
ZTJS OK
ZTJL OK
ZTLI OK
ZTLO OK
ZTLS OK
ZTSL OK
ZTLJ OK
ZSIT OK
ZSIJ OK
ZSIO OK
ZSIL OK
ZSOI OK
ZSOT OK
ZSOJ OK
ZSTI OK
ZSOL OK
ZSTJ OK
ZSTL OK
ZSJI OK
ZSJO OK
ZSTO OK
ZSJT OK
ZSJL OK
ZSLI OK
ZSLT OK
ZSLO OK
ZJIO OK
ZSLJ OK
ZJIT OK
ZJIL OK
ZJIS OK
ZJOI OK
ZJOT OK
ZJOL OK
ZJTI OK
ZJTO OK
ZJOS OK
ZJTS OK
ZJTL OK
ZJSI OK
ZJSO OK
ZJST OK
ZJLI OK
ZJLO OK
ZJSL OK
ZJLT OK
ZJLS OK
ZLIT OK
ZLIO OK
ZLIJ OK
ZLOT OK
ZLOI OK
ZLOJ OK
ZLTI OK
ZLOS OK
ZLIS OK
ZLTO OK
ZLTS OK
ZLTJ OK
ZLST OK
ZLSO OK
ZLSJ OK
ZLSI OK
ZLJI OK
ZLJO OK
ZLJT OK
ZLJS OK
JIOT OK
JIOS OK
JIOZ OK
JIOL OK
JITO OK
JITS OK
JITZ OK
JITL OK
JISO OK
JIST OK
JISL OK
JISZ OK
JIZO OK
JIZT OK
JIZL OK
JILO OK
JILT OK
JILS OK
JILZ OK
JIZS OK
JOIT OK
JOIS OK
JOIZ OK
JOIL OK
JOTI OK
JOTS OK
JOTZ OK
JOTL OK
JOSI OK
JOSL OK
JOST OK
JOSZ OK
JOZI OK
JOZT OK
JOZL OK
JOLI OK
JOLT OK
JOLS OK
JOZS OK
JOLZ OK
JTIO OK
JTIS OK
JTIZ OK
JTIL OK
JTOI OK
JTOS OK
JTOZ OK
JTOL OK
JTSI OK
JTSO OK
JTSZ OK
JTSL OK
JTZI OK
JTZO OK
JTLI OK
JTLO OK
JTZS OK
JTZL OK
JTLS OK
JTLZ OK
JSIT OK
JSIO OK
JSIL OK
JSIZ OK
JSOI OK
JSOT OK
JSOL OK
JSOZ OK
JSTI OK
JSTO OK
JSTZ OK
JSTL OK
JSZI OK
JSZO OK
JSZT OK
JSLI OK
JSLO OK
JSZL OK
JSLT OK
JZIO OK
JSLZ OK
JZIT OK
JZIL OK
JZOI OK
JZOT OK
JZIS OK
JZOL OK
JZTI OK
JZTO OK
JZOS OK
JZTS OK
JZTL OK
JZSI OK
JZST OK
JZSO OK
JZLI OK
JZLO OK
JZSL OK
JZLT OK
JLIO OK
JZLS OK
JLIT OK
JLIS OK
JLIZ OK
JLOT OK
JLOI OK
JLOS OK
JLOZ OK
JLTI OK
JLTO OK
JLTS OK
JLTZ OK
JLSI OK
JLSO OK
JLST OK
JLZO OK
JLZI OK
JLZT OK
JLSZ OK
LIOT OK
LIOS OK
LIOJ OK
LIOZ OK
LITO OK
LITS OK
LITZ OK
LITJ OK
LIST OK
LISO OK
LISJ OK
JLZS OK
LIZO OK
LISZ OK
LIZT OK
LIZJ OK
LIJO OK
LIJT OK
LIJZ OK
LIJS OK
LOIT OK
LOIJ OK
LOIS OK
LOIZ OK
LOTI OK
LOTS OK
LOTZ OK
LOTJ OK
LOST OK
LOSI OK
LOSJ OK
LOZI OK
LOSZ OK
LOZT OK
LOZJ OK
LOJI OK
LOJT OK
LIZS OK
LOJS OK
LOZS OK
LOJZ OK
LTIO OK
LTIS OK
LTIZ OK
LTIJ OK
LTOI OK
LTOS OK
LTOZ OK
LTOJ OK
LTSI OK
LTSZ OK
LTSO OK
LTSJ OK
LTZI OK
LTZJ OK
LTJI OK
LTJO OK
LTZO OK
LTJS OK
LTJZ OK
LSIT OK
LSIO OK
LSIJ OK
LSOI OK
LSIZ OK
LSOT OK
LSOJ OK
LSTI OK
LSOZ OK
LTZS OK
LSTO OK
LSTZ OK
LSTJ OK
LSZT OK
LSZI OK
LSZO OK
LSZJ OK
LSJI OK
LSJT OK
LSJO OK
LSJZ OK
LZIO OK
LZIT OK
LZIJ OK
LZOT OK
LZOI OK
LZOJ OK
LZIS OK
LZOS OK
LZTI OK
LZTS OK
LZTO OK
LZTJ OK
LZST OK
LZSO OK
LZSJ OK
LZSI OK
LZJI OK
LZJO OK
LZJT OK
LZJS OK
LJIO OK
LJIT OK
LJIS OK
LJIZ OK
LJOI OK
LJOT OK
LJOS OK
LJOZ OK
LJTI OK
LJTO OK
LJTS OK
LJSI OK
LJTZ OK
LJSO OK
LJST OK
LJZI OK
LJZO OK
LJZT OK
LJSZ OK
LJZS OK
