IOTJ OK
IOTL OK
IOTZ OK
IOTS OK
IOST OK
IOSZ OK
IOSJ OK
IOSL OK
IOZT OK
IOZJ OK
IOJT OK
IOZS OK
IOZL OK
IOJL OK
IOLT OK
IOJS OK
IOJZ OK
IOLJ OK
ITOS OK
ITOZ OK
ITOJ OK
ITOL OK
ITSO OK
IOLS OK
IOLZ OK
ITSZ OK
ITSJ OK
ITZO OK
ITSL OK
ITJO OK
ITZJ OK
ITZL OK
ITZS OK
ITJL OK
ITJS OK
ITJZ OK
ITLO OK
ITLJ OK
ITLS OK
ITLZ OK
ISOT OK
ISOZ OK
ISOJ OK
ISTO OK
ISOL OK
ISTZ OK
ISTL OK
ISTJ OK
ISZO OK
ISZT OK
ISJO OK
ISZJ OK
ISJT OK
ISJL OK
ISLO OK
ISLT OK
ISLJ OK
IZOT OK
ISZL OK
IZOJ OK
ISJZ OK
IZOS OK
IZTO OK
IZTS OK
IZTJ OK
IZTL OK
ISLZ OK
IZOL OK
IZST OK
IZSO OK
IZJO OK
IZJT OK
IZJL OK
IZSJ OK
IZLO OK
IZSL OK
IZLT OK
IZLJ OK
IJOT OK
IZJS OK
IJOL OK
IJTO OK
IJTS OK
IJTZ OK
IJOS OK
IJOZ OK
IJTL OK
IJST OK
IJSL OK
IJSO OK
IJZO OK
IJSZ OK
IJZT OK
IJZL OK
IJLO OK
IJLT OK
IJLS OK
IJLZ OK
ILOT OK
IJZS OK
ILOJ OK
ILTO OK
ILOS OK
ILTS OK
ILOZ OK
ILTJ OK
ILTZ OK
ILST OK
ILSJ OK
ILSO OK
ILSZ OK
ILZT OK
ILZJ OK
ILJO OK
ILJT OK
ILJS OK
ILJZ OK
ILZO OK
OITS OK
OITZ OK
OITJ OK
OITL OK
OIST OK
OISZ OK
OISJ OK
OISL OK
OIZT OK
OIZJ OK
IZLS OK
OIJT OK
ILZS OK
OIZS OK
OIJL OK
OIZL OK
OILT OK
OIJS OK
OIJZ OK
OILJ OK
OTIS OK
OTIZ OK
OTIJ OK
OILS OK
OTIL OK
OTSI OK
OILZ OK
OTSJ OK
OTZI OK
OTSL OK
OTZJ OK
OTSZ OK
OTJI OK
OTZL OK
OTJS OK
OTJL OK
OTJZ OK
OTLI OK
OTLJ OK
OTLS OK
OTLZ OK
OSIT OK
OSIZ OK
OSIJ OK
OTZS OK
OSIL OK
OSTI OK
OSTJ OK
OSTZ OK
OSZI OK
OSTL OK
OSZT OK
OSJI OK
OSJT OK
OSJL OK
OSLI OK
OSLT OK
OSZJ OK
OSLJ OK
OSZL OK
OZIT OK
OZIJ OK
OZIS OK
OSJZ OK
OZTI OK
OZTS OK
OZIL OK
OZTJ OK
OZTL OK
OZSI OK
OSLZ OK
OZST OK
OZJI OK
OZJT OK
OZSJ OK
OZJL OK
OZSL OK
OZLI OK
OZLJ OK
OZLT OK
OJIT OK
OZJS OK
OJIL OK
OJTI OK
OZLS OK
OJTS OK
OJTZ OK
OJTL OK
OJIZ OK
OJSI OK
OJIS OK
OJST OK
OJSL OK
OJZT OK
OJZL OK
OJLI OK
OJZI OK
OJLT OK
OJLS OK
OJLZ OK
OLIT OK
OJSZ OK
OLIJ OK
OJZS OK
OLTI OK
OLTS OK
OLTZ OK
OLTJ OK
OLSI OK
OLIS OK
OLIZ OK
OLSJ OK
OLST OK
OLZI OK
OLZJ OK
OLJI OK
OLZT OK
OLJT OK
OLJS OK
OLJZ OK
TIOS OK
TIOZ OK
OLSZ OK
TIOJ OK
TIOL OK
TISO OK
TISJ OK
TISL OK
TIZO OK
TISZ OK
TIZJ OK
TIZS OK
TIJO OK
TIZL OK
TIJS OK
TIJZ OK
TIJL OK
TILO OK
TILS OK
TILZ OK
TILJ OK
TOIS OK
TOIZ OK
TOIJ OK
TOIL OK
TOSI OK
TOSJ OK
TOSL OK
TOZI OK
TOZJ OK
TOZS OK
TOZL OK
TOJI OK
TOJS OK
TOSZ OK
TOJZ OK
TOJL OK
TOLI OK
TOLS OK
TOLZ OK
TOLJ OK
TSIO OK
TSIJ OK
TSIZ OK
TSOI OK
TSIL OK
OLZS OK
TSOJ OK
TSOL OK
TSZJ OK
TSZI OK
TSZO OK
TSJI OK
TSJO OK
TSZL OK
TSJL OK
TSJZ OK
TSLI OK
TSOZ OK
TSLJ OK
TSLO OK
TZIO OK
TSLZ OK
TZIJ OK
TZIL OK
TZOI OK
TZIS OK
TZOJ OK
TZOL OK
TZOS OK
TZSI OK
TZSO OK
TZJI OK
TZJO OK
TZSJ OK
TZSL OK
TZJL OK
TZLI OK
TZLO OK
TZLJ OK
TJIO OK
TJIS OK
TZJS OK
TZLS OK
TJIZ OK
TJIL OK
TJOI OK
TJOS OK
TJOZ OK
TJOL OK
TJSI OK
TJSO OK
TJZI OK
TJSL OK
TJZO OK
TJSZ OK
TJZL OK
TJLI OK
TJLO OK
TJLS OK
TJLZ OK
TLIO OK
TLIS OK
TLIJ OK
TLIZ OK
TLOI OK
TLOS OK
TLOJ OK
TLOZ OK
TLSI OK
TLSO OK
TLSJ OK
TLZI OK
TJZS OK
TLZO OK
TLZJ OK
TLJI OK
TLSZ OK
TLJO OK
TLJS OK
SIOT OK
TLZS OK
TLJZ OK
SIOZ OK
SITO OK
SIOJ OK
SIOL OK
SITZ OK
SITL OK
SITJ OK
SIZO OK
SIZT OK
SIJO OK
SIZJ OK
SIJT OK
SIJL OK
SILO OK
SIZL OK
SILT OK
SILJ OK
SOIT OK
SOIZ OK
SOIJ OK
SOTI OK
SOIL OK
SIJZ OK
SOTJ OK
SOTZ OK
SOZI OK
SOTL OK
SOZT OK
SILZ OK
SOJI OK
SOJT OK
SOJL OK
SOLI OK
SOLT OK
SOZJ OK
SOZL OK
SOLJ OK
STIO OK
SOJZ OK
STIZ OK
STIJ OK
STIL OK
STOI OK
STOZ OK
STOJ OK
STOL OK
SOLZ OK
STZI OK
STJI OK
STZJ OK
STJO OK
STZO OK
STJL OK
STLI OK
STZL OK
STLO OK
STLJ OK
SZIO OK
SZIT OK
STJZ OK
SZIJ OK
SZOI OK
STLZ OK
SZOT OK
SZIL OK
SZTI OK
SZTO OK
SZOJ OK
SZTJ OK
SZOL OK
SZJI OK
SZTL OK
SZJT OK
SZJL OK
SZLI OK
SZJO OK
SZLT OK
SZLJ OK
SJIO OK
SJIT OK
SJIL OK
SZLO OK
SJOT OK
SJOI OK
SJOL OK
SJTI OK
SJTO OK
SJTL OK
SJIZ OK
SJOZ OK
SJTZ OK
SJZI OK
SJLI OK
SJZL OK
SJLO OK
SJLT OK
SJZT OK
SLIO OK
SJLZ OK
SJZO OK
SLIT OK
SLIJ OK
SLOI OK
SLOT OK
SLTI OK
SLOJ OK
SLIZ OK
SLTJ OK
SLOZ OK
SLTO OK
SLTZ OK
SLZJ OK
SLJI OK
SLZI OK
SLJO OK
SLJT OK
ZIOT OK
SLJZ OK
SLZT OK
SLZO OK
ZIOS OK
ZIOJ OK
ZITO OK
ZITS OK
ZIOL OK
ZITJ OK
ZITL OK
ZISO OK
ZIST OK
ZIJT OK
ZIJO OK
ZIJL OK
ZILO OK
ZILT OK
ZISJ OK
ZISL OK
ZILJ OK
ZOIT OK
ZOIS OK
ZIJS OK
ZOIJ OK
ZOTI OK
ZOIL OK
ZOTS OK
ZOTJ OK
ZOTL OK
ZOSI OK
ZOST OK
ZOJI OK
ZILS OK
ZOSJ OK
ZOSL OK
ZOJL OK
ZOJT OK
ZOLI OK
ZOLJ OK
ZOLT OK
ZTIO OK
ZTIS OK
ZTIJ OK
ZTIL OK
ZTOI OK
ZTOS OK
ZOJS OK
ZTOJ OK
ZTOL OK
ZTSI OK
ZOLS OK
ZTSL OK
ZTJI OK
ZTSO OK
ZTJO OK
ZTSJ OK
ZTJL OK
ZTLI OK
ZTLJ OK
ZTLO OK
ZTLS OK
ZSIO OK
ZSIT OK
ZSIJ OK
ZTJS OK
ZSOI OK
ZSOT OK
ZSTI OK
ZSOJ OK
ZSOL OK
ZSIL OK
ZSTL OK
ZSTJ OK
ZSTO OK
ZSJI OK
ZSJL OK
ZSJT OK
ZSJO OK
ZSLT OK
ZSLI OK
ZSLJ OK
ZJIO OK
ZJIT OK
ZSLO OK
ZJIL OK
ZJOI OK
ZJOT OK
ZJOL OK
ZJTI OK
ZJTO OK
ZJTL OK
ZJIS OK
ZJOS OK
ZJTS OK
ZJSL OK
ZJLI OK
ZJSI OK
ZJST OK
ZJLO OK
ZJLT OK
ZJSO OK
ZJLS OK
ZLIO OK
ZLIT OK
ZLIJ OK
ZLOI OK
ZLOJ OK
ZLOT OK
ZLTI OK
ZLTO OK
ZLTS OK
ZLTJ OK
ZLIS OK
ZLOS OK
ZLSJ OK
ZLJI OK
ZLJO OK
ZLJT OK
ZLST OK
JIOT OK
ZLJS OK
ZLSI OK
JIOL OK
JITO OK
ZLSO OK
JITS OK
JITZ OK
JITL OK
JIST OK
JIOS OK
JIOZ OK
JISL OK
JIZT OK
JISO OK
JIZL OK
JILO OK
JISZ OK
JILT OK
JILS OK
JIZO OK
JILZ OK
JOIT OK
JOIL OK
JOTI OK
JIZS OK
JOTS OK
JOTZ OK
JOTL OK
JOST OK
JOSI OK
JOSL OK
JOIS OK
JOIZ OK
JOZT OK
JOZL OK
JOZI OK
JOLI OK
JOLT OK
JOLS OK
JOLZ OK
JTIO OK
JTIS OK
JTIZ OK
JTIL OK
JOSZ OK
JTOI OK
JTOS OK
JTOZ OK
JTOL OK
JTSI OK
JTSO OK
JTSL OK
JTZI OK
JTSZ OK
JTZO OK
JTZL OK
JOZS OK
JTLI OK
JTLO OK
JTLS OK
JTLZ OK
JSIT OK
JSIO OK
JSIL OK
JSOI OK
JSOT OK
JSOL OK
JTZS OK
JSTI OK
JSTO OK
JSTL OK
JSIZ OK
JSOZ OK
JSTZ OK
JSZI OK
JSLI OK
JSZL OK
JSZO OK
JSLT OK
JSLO OK
JSZT OK
JZIT OK
JSLZ OK
JZIL OK
JZIO OK
JZOT OK
JZOL OK
JZOI OK
JZTI OK
JZTO OK
JZTL OK
JZIS OK
JZOS OK
JZTS OK
JZSL OK
JZLI OK
JZSI OK
JZLT OK
JZLO OK
JZST OK
JLIO OK
JZLS OK
JZSO OK
JLIT OK
JLIS OK
JLIZ OK
JLOI OK
JLOT OK
JLTI OK
JLOS OK
JLTO OK
JLOZ OK
JLTS OK
JLTZ OK
JLSI OK
JLSO OK
JLST OK
JLZI OK
JLZT OK
JLZO OK
LIOT OK
JLSZ OK
JLZS OK
LIOJ OK
LITO OK
LITS OK
LITZ OK
LITJ OK
LIOS OK
LIOZ OK
LIST OK
LISJ OK
LIZT OK
LISO OK
LIZJ OK
LIJO OK
LIJT OK
LIJS OK
LIJZ OK
LISZ OK
LIZO OK
LOIT OK
LOIJ OK
LOTI OK
LOTS OK
LOTZ OK
LOTJ OK
LIZS OK
LOSI OK
LOIS OK
LOIZ OK
LOSJ OK
LOZI OK
LOST OK
LOZJ OK
LOZT OK
LOJI OK
LOJT OK
LOJS OK
LOJZ OK
LTIO OK
LOSZ OK
LTIS OK
LTIJ OK
LTIZ OK
LTOI OK
LTOS OK
LTOZ OK
LTOJ OK
LTSI OK
LTSO OK
LTSJ OK
LTZI OK
LTZO OK
LTZJ OK
LTJI OK
LTZS OK
LTJO OK
LTJS OK
LTSZ OK
LTJZ OK
LSIO OK
LSIT OK
LSIJ OK
LSOI OK
LSOT OK
LSOJ OK
LSIZ OK
LSTI OK
LOZS OK
LSOZ OK
LSTJ OK
LSTO OK
LSTZ OK
LSZJ OK
LSJI OK
LSZI OK
LSZO OK
LSJO OK
LSJT OK
LZIT OK
LSJZ OK
LSZT OK
LZIJ OK
LZIO OK
LZOI OK
LZOT OK
LZTI OK
LZOJ OK
LZTO OK
LZTJ OK
LZIS OK
LZTS OK
LZSI OK
LZST OK
LZSJ OK
LZJI OK
LZJO OK
LZJT OK
LJIO OK
LZJS OK
LJIT OK
LJIS OK
LJIZ OK
LJOI OK
LJOT OK
LJOS OK
LJOZ OK
LZOS OK
LJTI OK
LJTO OK
LJTS OK
LJTZ OK
LJSI OK
LJSO OK
LJST OK
LJZI OK
LJZO OK
LJZT OK
LJZS OK
LZSO OK
LJSZ OK
