IOTL OK
IOTJ OK
IOTS OK
IOTZ OK
IOST OK
IOSZ OK
IOSJ OK
IOSL OK
IOZT OK
IOZJ OK
IOZS OK
IOZL OK
IOJT OK
IOJL OK
IOLT OK
IOJS OK
IOJZ OK
IOLJ OK
IOLS OK
ITOS OK
IOLZ OK
ITOZ OK
ITOJ OK
ITOL OK
ITSO OK
ITSZ OK
ITSJ OK
ITSL OK
ITZO OK
ITZJ OK
ITZS OK
ITJO OK
ITZL OK
ITJS OK
ITJL OK
ITJZ OK
ITLO OK
ITLJ OK
ISOT OK
ITLS OK
ITLZ OK
ISOZ OK
ISOJ OK
ISOL OK
ISTO OK
ISTZ OK
ISTJ OK
ISTL OK
ISZO OK
ISZT OK
ISJO OK
ISJT OK
ISZJ OK
ISJL OK
ISLO OK
ISLT OK
ISLJ OK
IZOT OK
ISZL OK
IZOS OK
IZOJ OK
ISJZ OK
IZOL OK
IZTO OK
IZTS OK
IZTJ OK
IZTL OK
ISLZ OK
IZST OK
IZSO OK
IZJT OK
IZJO OK
IZJL OK
IZLO OK
IZLT OK
IZSJ OK
IZSL OK
IZLJ OK
IJOT OK
IZJS OK
IJOL OK
IJTO OK
IJTS OK
IZLS OK
IJTZ OK
IJTL OK
IJOS OK
IJOZ OK
IJSL OK
IJST OK
IJZT OK
IJZO OK
IJZL OK
IJLO OK
IJSO OK
IJLT OK
IJLS OK
IJLZ OK
ILOT OK
IJSZ OK
ILOJ OK
ILTO OK
IJZS OK
ILTS OK
ILTZ OK
ILTJ OK
ILOS OK
ILOZ OK
ILSJ OK
ILST OK
ILZT OK
ILSO OK
ILZJ OK
ILSZ OK
ILJO OK
ILJT OK
ILZO OK
ILJS OK
ILJZ OK
OITS OK
OITZ OK
OITJ OK
OITL OK
OISZ OK
OIST OK
OISJ OK
OISL OK
OIZT OK
OIZS OK
OIZJ OK
OIJT OK
OIZL OK
OIJL OK
ILZS OK
OILT OK
OIJS OK
OIJZ OK
OILJ OK
OTIS OK
OTIZ OK
OILS OK
OTIJ OK
OILZ OK
OTIL OK
OTSI OK
OTSJ OK
OTSL OK
OTZI OK
OTZJ OK
OTSZ OK
OTZL OK
OTZS OK
OTJI OK
OTJS OK
OTJZ OK
OTJL OK
OTLI OK
OTLS OK
OTLZ OK
OTLJ OK
OSIT OK
OSIZ OK
OSIJ OK
OSIL OK
OSTI OK
OSTZ OK
OSTJ OK
OSTL OK
OSZT OK
OSZI OK
OSZJ OK
OSJT OK
OSJI OK
OSJL OK
OSLT OK
OSLI OK
OSLJ OK
OSZL OK
OZIT OK
OZIS OK
OZIJ OK
OZIL OK
OSJZ OK
OZTI OK
OZTJ OK
OZTS OK
OZTL OK
OZSI OK
OSLZ OK
OZST OK
OZJI OK
OZJT OK
OZJL OK
OZLI OK
OZLT OK
OZSL OK
OZSJ OK
OZLJ OK
OJIT OK
OZJS OK
OJIL OK
OJTI OK
OJTS OK
OJTZ OK
OJTL OK
OZLS OK
OJIS OK
OJIZ OK
OJSL OK
OJSI OK
OJST OK
OJZT OK
OJZL OK
OJLI OK
OJZI OK
OJLT OK
OJLS OK
OJLZ OK
OLIT OK
OJSZ OK
OLIJ OK
OLTI OK
OJZS OK
OLTS OK
OLTZ OK
OLTJ OK
OLIS OK
OLIZ OK
OLSJ OK
OLSI OK
OLST OK
OLZT OK
OLZJ OK
OLZI OK
OLJI OK
OLJT OK
OLJS OK
OLJZ OK
TIOS OK
TIOZ OK
TIOJ OK
OLSZ OK
TIOL OK
TISO OK
TISJ OK
TISL OK
TIZO OK
TISZ OK
TIZJ OK
TIZS OK
TIJO OK
TIZL OK
TIJS OK
TIJL OK
TIJZ OK
TILO OK
TILZ OK
TILS OK
TILJ OK
TOIS OK
TOIZ OK
TOIJ OK
TOIL OK
TOSI OK
OLZS OK
TOSJ OK
TOSL OK
TOZI OK
TOZJ OK
TOZL OK
TOZS OK
TOJI OK
TOJS OK
TOJZ OK
TOJL OK
TOSZ OK
TOLI OK
TOLS OK
TOLZ OK
TOLJ OK
TSIO OK
TSIZ OK
TSIJ OK
TSOI OK
TSIL OK
TSOJ OK
TSOL OK
TSZJ OK
TSZO OK
TSZI OK
TSZL OK
TSJI OK
TSJO OK
TSOZ OK
TSJZ OK
TSJL OK
TSLI OK
TSLJ OK
TSLO OK
TSLZ OK
TZIO OK
TZIJ OK
TZIL OK
TZOI OK
TZIS OK
TZOJ OK
TZOL OK
TZOS OK
TZSI OK
TZSO OK
TZJI OK
TZSL OK
TZJO OK
TZSJ OK
TZJL OK
TZLI OK
TZLJ OK
TZJS OK
TZLO OK
TJIO OK
TJIS OK
TJIZ OK
TZLS OK
TJIL OK
TJOI OK
TJOS OK
TJOZ OK
TJOL OK
TJSI OK
TJSO OK
TJSL OK
TJZI OK
TJZO OK
TJZL OK
TJLI OK
TJLO OK
TJLS OK
TJSZ OK
TJLZ OK
TLIO OK
TLIS OK
TLIZ OK
TLIJ OK
TLOI OK
TLOS OK
TLOZ OK
TLOJ OK
TLSI OK
TLSJ OK
TJZS OK
TLZI OK
TLSO OK
TLSZ OK
TLZJ OK
TLZO OK
TLJI OK
TLJO OK
TLJS OK
TLJZ OK
SIOT OK
SIOZ OK
TLZS OK
SIOJ OK
SIOL OK
SITZ OK
SITO OK
SITJ OK
SITL OK
SIZT OK
SIZO OK
SIJO OK
SIJT OK
SIZJ OK
SIJL OK
SILO OK
SILT OK
SIZL OK
SILJ OK
SOIT OK
SOIZ OK
SOIJ OK
SOIL OK
SOTI OK
SOTZ OK
SOTJ OK
SIJZ OK
SOTL OK
SOZT OK
SILZ OK
SOZI OK
SOJT OK
SOJI OK
SOZJ OK
SOJL OK
SOZL OK
SOLT OK
SOLJ OK
SOLI OK
STIO OK
STIZ OK
STIJ OK
STIL OK
SOJZ OK
STOZ OK
STOI OK
STOJ OK
STOL OK
SOLZ OK
STZI OK
STZJ OK
STJO OK
STZO OK
STJI OK
STJL OK
STZL OK
STJZ OK
STLI OK
STLJ OK
STLO OK
SZIO OK
SZIT OK
SZIJ OK
SZOT OK
SZOI OK
SZIL OK
STLZ OK
SZTI OK
SZTO OK
SZOJ OK
SZOL OK
SZJI OK
SZJT OK
SZJO OK
SZTJ OK
SZTL OK
SZJL OK
SZLJ OK
SZLI OK
SZLO OK
SJIO OK
SJIT OK
SJIL OK
SJOT OK
SZLT OK
SJOI OK
SJOL OK
SJTI OK
SJIZ OK
SJTL OK
SJTO OK
SJOZ OK
SJZI OK
SJZO OK
SJTZ OK
SJLI OK
SJLO OK
SJLT OK
SJZT OK
SLIO OK
SLIT OK
SJZL OK
SLIJ OK
SJLZ OK
SLOT OK
SLOJ OK
SLOI OK
SLTI OK
SLTO OK
SLIZ OK
SLTJ OK
SLOZ OK
SLTZ OK
SLZI OK
SLZO OK
SLJI OK
SLZJ OK
SLJO OK
SLJT OK
ZIOT OK
ZIOS OK
ZIOJ OK
ZIOL OK
ZITO OK
SLJZ OK
ZITS OK
SLZT OK
ZITJ OK
ZITL OK
ZISO OK
ZIST OK
ZIJO OK
ZIJT OK
ZIJL OK
ZILO OK
ZISJ OK
ZISL OK
ZILT OK
ZILJ OK
ZOIT OK
ZOIS OK
ZOIJ OK
ZOIL OK
ZOTI OK
ZIJS OK
ZOTJ OK
ZOTS OK
ZOSI OK
ZOTL OK
ZOST OK
ZOJI OK
ZILS OK
ZOJT OK
ZOJL OK
ZOLI OK
ZOSJ OK
ZOSL OK
ZOLT OK
ZOLJ OK
ZTIO OK
ZTIS OK
ZTIJ OK
ZOJS OK
ZTIL OK
ZTOI OK
ZTOJ OK
ZTOS OK
ZTOL OK
ZTSI OK
ZOLS OK
ZTSO OK
ZTJI OK
ZTJO OK
ZTJL OK
ZTSJ OK
ZTLI OK
ZTLO OK
ZTJS OK
ZTLJ OK
ZSIO OK
ZSIT OK
ZTSL OK
ZSOI OK
ZSIJ OK
ZSIL OK
ZTLS OK
ZSOT OK
ZSTI OK
ZSTO OK
ZSOJ OK
ZSOL OK
ZSTJ OK
ZSTL OK
ZSJT OK
ZSJI OK
ZSJO OK
ZSJL OK
ZSLI OK
ZSLJ OK
ZSLT OK
ZJIO OK
ZJIT OK
ZSLO OK
ZJIL OK
ZJOI OK
ZJOT OK
ZJOL OK
ZJTI OK
ZJTO OK
ZJTL OK
ZJIS OK
ZJOS OK
ZJTS OK
ZJSI OK
ZJLI OK
ZJSL OK
ZJLO OK
ZJLT OK
ZJLS OK
ZJSO OK
ZLIO OK
ZLIT OK
ZLIJ OK
ZJST OK
ZLOI OK
ZLOT OK
ZLOJ OK
ZLTI OK
ZLTO OK
ZLTJ OK
ZLIS OK
ZLOS OK
ZLSI OK
ZLSJ OK
ZLTS OK
ZLJI OK
ZLJO OK
ZLJT OK
ZLJS OK
JIOT OK
ZLSO OK
JIOL OK
ZLST OK
JITO OK
JITS OK
JITZ OK
JITL OK
JIOS OK
JIOZ OK
JISL OK
JIST OK
JIZT OK
JISO OK
JIZL OK
JISZ OK
JILO OK
JIZO OK
JILT OK
JILS OK
JILZ OK
JOIT OK
JOIL OK
JOTI OK
JOTS OK
JIZS OK
JOTL OK
JOTZ OK
JOIS OK
JOIZ OK
JOSI OK
JOST OK
JOSL OK
JOZT OK
JOZL OK
JOZI OK
JOLI OK
JOLT OK
JOLS OK
JOLZ OK
JTIO OK
JOSZ OK
JTIL OK
JTIS OK
JOZS OK
JTIZ OK
JTOI OK
JTOZ OK
JTOS OK
JTOL OK
JTSO OK
JTSL OK
JTZO OK
JTSI OK
JTZL OK
JTZI OK
JTLI OK
JTLO OK
JTLS OK
JTLZ OK
JSIO OK
JSIT OK
JSIL OK
JTSZ OK
JSOI OK
JTZS OK
JSOT OK
JSOL OK
JSIZ OK
JSTI OK
JSTL OK
JSTO OK
JSOZ OK
JSTZ OK
JSZI OK
JSLI OK
JSZL OK
JSZO OK
JSZT OK
JSLT OK
JSLO OK
JZIT OK
JSLZ OK
JZIL OK
JZIO OK
JZOT OK
JZOI OK
JZOL OK
JZTI OK
JZIS OK
JZTO OK
JZTL OK
JZOS OK
JZTS OK
JZSI OK
JZSO OK
JZSL OK
JZLI OK
JZLO OK
JZLT OK
JZLS OK
JZST OK
JLIT OK
JLIO OK
JLIS OK
JLIZ OK
JLOI OK
JLOT OK
JLOS OK
JLOZ OK
JLTI OK
JLTO OK
JLTS OK
JLTZ OK
JLSI OK
JLSO OK
JLST OK
JLZI OK
JLZO OK
JLZT OK
LIOT OK
JLSZ OK
LIOJ OK
JLZS OK
LITO OK
LITS OK
LITJ OK
LITZ OK
LIOS OK
LIOZ OK
LISJ OK
LIST OK
LIZT OK
LISO OK
LIZJ OK
LIJO OK
LIJT OK
LISZ OK
LIJS OK
LIJZ OK
LIZO OK
LOIT OK
LOIJ OK
LOTI OK
LOTS OK
LIZS OK
LOTZ OK
LOIS OK
LOIZ OK
LOTJ OK
LOSJ OK
LOSI OK
LOST OK
LOZT OK
LOZI OK
LOZJ OK
LOJI OK
LOJT OK
LOJS OK
LOJZ OK
LTIO OK
LOSZ OK
LTIS OK
LTIZ OK
LTIJ OK
LTOI OK
LTOJ OK
LTSI OK
LTOS OK
LTOZ OK
LTSJ OK
LTZI OK
LTSO OK
LTZO OK
LTZS OK
LTSZ OK
LTJI OK
LTZJ OK
LOZS OK
LTJO OK
LTJS OK
LTJZ OK
LSIO OK
LSIT OK
LSIJ OK
LSOI OK
LSOT OK
LSOJ OK
LSTI OK
LSIZ OK
LSOZ OK
LSTO OK
LSTJ OK
LSZI OK
LSTZ OK
LSZJ OK
LSJI OK
LSZO OK
LSZT OK
LSJT OK
LSJO OK
LZIT OK
LZIJ OK
LSJZ OK
LZIO OK
LZOT OK
LZOI OK
LZOJ OK
LZTI OK
LZTO OK
LZIS OK
LZTJ OK
LZOS OK
LZTS OK
LZSI OK
LZSJ OK
LZJI OK
LZJO OK
LZSO OK
LZJT OK
LZJS OK
LJIO OK
LJIT OK
LJIS OK
LZST OK
LJIZ OK
LJOT OK
LJOI OK
LJOS OK
LJOZ OK
LJTI OK
LJTO OK
LJTS OK
LJTZ OK
LJSI OK
LJSO OK
LJST OK
LJZI OK
LJZO OK
LJZT OK
LJZS OK
LJSZ OK
