IOTJ OK
IOTL OK
IOTZ OK
IOTS OK
IOSJ OK
IOSL OK
IOST OK
IOZJ OK
IOZL OK
IOJT OK
IOJS OK
IOZT OK
IOJZ OK
IOJL OK
IOLT OK
IOLS OK
IOLJ OK
IOLZ OK
ITOS OK
ITOZ OK
ITOJ OK
ITOL OK
ITSO OK
ITSJ OK
ITSL OK
ITSZ OK
ITZS OK
ITZO OK
ITZJ OK
ITZL OK
ITJO OK
ITJS OK
ITJZ OK
ITJL OK
ITLO OK
ITLS OK
IOZS OK
ITLJ OK
ITLZ OK
ISOJ OK
ISOL OK
ISOT OK
IOSZ CAP
ISTO OK
ISTJ OK
ISTZ OK
ISTL OK
ISZJ OK
ISOZ OK
ISZT OK
ISZL OK
ISJO OK
ISJT OK
ISJZ OK
ISJL OK
ISLO OK
ISLT OK
ISLZ OK
ISLJ OK
IZOJ OK
IZOL OK
ISZO OK
IZTO OK
IZTS OK
IZTJ OK
IZTL OK
IZOT OK
IZSJ OK
IZSL OK
IZJO OK
IZJT OK
IZJS OK
IZJL OK
IZLO OK
IZLT OK
IZOS OK
IZST OK
IZLJ OK
IZLS OK
IJOT OK
IJOS OK
IJOZ OK
IJOL OK
IJTO OK
IJTS OK
IJTL OK
IJTZ OK
IJSO OK
IJST OK
IJSZ OK
IJSL OK
IJZO OK
IJZT OK
IZSO OK
IJZS OK
IJZL OK
IJLO OK
IJLT OK
IJLS OK
IJLZ OK
ILOJ OK
ILOT OK
ILOS OK
ILOZ OK
ILTJ OK
ILTO OK
ILTS OK
ILTZ OK
ILSJ OK
ILSO OK
ILST OK
ILSZ OK
ILZO OK
ILZJ OK
ILZT OK
ILZS OK
ILJO OK
ILJT OK
ILJS OK
ILJZ OK
OITJ OK
OITL OK
OITS OK
OITZ OK
OISJ OK
OISL OK
OIST OK
OIZJ OK
OIZT OK
OIZL OK
OIJT OK
OIJS OK
OIJZ OK
OIJL OK
OILT OK
OILS OK
OILJ OK
OILZ OK
OTIS OK
OTIZ OK
OTIJ OK
OTIL OK
OTSI OK
OTSJ OK
OTSL OK
OTZI OK
OIZS OK
OTZJ OK
OTZL OK
OTJI OK
OTJS OK
OTJZ OK
OTJL OK
OTLI OK
OTLS OK
OTLZ OK
OTLJ OK
OTSZ OK
OISZ OK
OSIJ OK
OSIL OK
OSIT OK
OSTI OK
OSTJ OK
OSTL OK
OSTZ OK
OTZS OK
OSZJ OK
OSIZ OK
OSJI OK
OSJT OK
OSJZ OK
OSJL OK
OSZL OK
OSLI OK
OSZT OK
OSLJ OK
OSLT OK
OSLZ OK
OZIJ OK
OZIL OK
OZIT OK
OZTI OK
OZTJ OK
OZTL OK
OZTS OK
OZIS OK
OZSJ OK
OZSL OK
OSZI OK
OZJI OK
OZSI OK
OZJT OK
OZJL OK
OZJS OK
OZLI OK
OZLJ OK
OJIT OK
OZLT OK
OZLS OK
OJIS OK
OJIZ OK
OZST OK
OJIL OK
OJTI OK
OJTL OK
OJTS OK
OJTZ OK
OJSI OK
OJSL OK
OJZI OK
OJST OK
OJSZ OK
OJZL OK
OJZT OK
OJLI OK
OJLT OK
OJLS OK
OJLZ OK
OLIT OK
OJZS OK
OLIS OK
OLIZ OK
OLIJ OK
OLTI OK
OLTS OK
OLTZ OK
OLTJ OK
OLSI OK
OLSJ OK
OLZI OK
OLST OK
OLZT OK
OLJI OK
OLZJ OK
OLZS OK
OLJT OK
OLJS OK
OLJZ OK
TIOJ OK
TIOL OK
TIOS OK
TIOZ OK
TISJ OK
TISO OK
OLSZ OK
TISL OK
TISZ OK
TIZJ OK
TIZO OK
TIZS OK
TIJO OK
TIZL OK
TIJS OK
TIJZ OK
TIJL OK
TILO OK
TILJ OK
TILS OK
TILZ OK
TOIJ OK
TOIL OK
TOIS OK
TOIZ OK
TOSI OK
TOSJ OK
TOSL OK
TOZJ OK
TOZI OK
TOZL OK
TOJI OK
TOJS OK
TOJZ OK
TOJL OK
TOLI OK
TOLS OK
TOLZ OK
TOLJ OK
TSIO OK
TSIZ OK
TSIJ OK
TSIL OK
TOSZ OK
TSOI OK
TSOJ OK
TSOL OK
TOZS OK
TSZI OK
TSZJ OK
TSJI OK
TSZL OK
TSJO OK
TSJZ OK
TSJL OK
TSZO OK
TSLO OK
TSLI OK
TSLJ OK
TSLZ OK
TZIO OK
TZIJ OK
TZIS OK
TZIL OK
TZOJ OK
TZOI OK
TZOL OK
TZSI OK
TSOZ OK
TZSJ OK
TZJI OK
TZSL OK
TZJO OK
TZJS OK
TZJL OK
TZLI OK
TZLO OK
TZSO OK
TZLJ OK
TJIO OK
TZLS OK
TJIS OK
TZOS OK
TJIL OK
TJIZ OK
TJOI OK
TJOS OK
TJOL OK
TJOZ OK
TJSI OK
TJSL OK
TJZI OK
TJSO OK
TJSZ OK
TJZO OK
TJZL OK
TJZS OK
TJLI OK
TJLO OK
TJLS OK
TJLZ OK
TLIO OK
TLIJ OK
TLIS OK
TLOI OK
TLIZ OK
TLOS OK
TLOJ OK
TLOZ OK
TLSI OK
TLSJ OK
TLSO OK
TLZI OK
TLZO OK
TLZJ OK
TLSZ OK
TLJI OK
TLZS OK
TLJO OK
TLJS OK
TLJZ OK
SIOJ OK
SIOL OK
SIOT OK
SITJ OK
SITO OK
SITZ OK
SITL OK
SIZJ OK
SIZL OK
SIZT OK
SIOZ OK
SIJO OK
SIJT OK
SIJL OK
SIJZ OK
SILO OK
SILT OK
SILZ OK
SILJ OK
SOIJ OK
SIZO OK
SOIT OK
SOIL OK
SOTJ OK
SOTI OK
SOTL OK
SOTZ OK
SOZJ OK
SOZL OK
SOJI OK
SOJT OK
SOIZ OK
SOJZ OK
SOJL OK
SOLI OK
SOLT OK
SOLJ OK
STIO OK
STIZ OK
SOZT OK
STIJ OK
SOLZ OK
STIL OK
STOJ OK
STOI OK
STOL OK
STOZ OK
STZJ OK
STZI OK
STZL OK
STJI OK
STZO OK
STJO OK
STJL OK
STJZ OK
STLI OK
STLJ OK
STLO OK
STLZ OK
SZIJ OK
SOZI OK
SZIT OK
SZIL OK
SZOJ OK
SZOL OK
SZTI OK
SZIO OK
SZTJ OK
SZOI OK
SZOT OK
SZJI OK
SZTL OK
SZJO OK
SZJT OK
SZJL OK
SZLI OK
SZLJ OK
SZLT OK
SJIO OK
SJIT OK
SJIZ OK
SJIL OK
SJOI OK
SZLO OK
SJOT OK
SJOZ OK
SJOL OK
SJTI OK
SJTO OK
SJTL OK
SJZI OK
SJTZ OK
SJZO OK
SJZL OK
SJLI OK
SJZT OK
SJLO OK
SJLT OK
SJLZ OK
SZTO OK
SLIT OK
SLIO OK
SLIZ OK
SLIJ OK
SLOJ OK
SLOI OK
SLTI OK
SLOT OK
SLTJ OK
SLTO OK
SLTZ OK
SLZI OK
SLZT OK
SLZJ OK
SLJI OK
SLJO OK
SLOZ OK
SLZO OK
SLJT OK
ZIOJ OK
SLJZ OK
ZIOL OK
ZITO OK
ZITS OK
ZITJ OK
ZITL OK
ZIOT OK
ZISJ OK
ZISL OK
ZIJO OK
ZIJT OK
ZIJS OK
ZIJL OK
ZILO OK
ZILT OK
ZIOS OK
ZILJ OK
ZIST OK
ZILS OK
ZOIJ OK
ZOIL OK
ZISO OK
ZOTI OK
ZOIT OK
ZOTJ OK
ZOTS OK
ZOTL OK
ZOSJ OK
ZOIS OK
ZOJI OK
ZOSL OK
ZOJT OK
ZOSI OK
ZOJS OK
ZOJL OK
ZOLI OK
ZOLJ OK
ZOLT OK
ZTIO OK
ZOLS OK
ZTIJ OK
ZTIS OK
ZTIL OK
ZOST OK
ZTOI OK
ZTOJ OK
ZTSI OK
ZTOL OK
ZTSJ OK
ZTJI OK
ZTSL OK
ZTOS OK
ZTJO OK
ZTJS OK
ZTJL OK
ZTLI OK
ZTLJ OK
ZTLO OK
ZTLS OK
ZSIJ OK
ZSIL OK
ZSIT OK
ZTSO OK
ZSOJ OK
ZSIO OK
ZSOL OK
ZSOI OK
ZSOT OK
ZSTI OK
ZSTJ OK
ZSJI OK
ZSJO OK
ZSJT OK
ZSTL OK
ZSJL OK
ZSLI OK
ZSLJ OK
ZJIO OK
ZSLT OK
ZJIT OK
ZJIS OK
ZSLO OK
ZJIL OK
ZJOI OK
ZJOT OK
ZJOS OK
ZJOL OK
ZJTI OK
ZJTL OK
ZJTO OK
ZJTS OK
ZJSI OK
ZJST OK
ZJSO OK
ZJSL OK
ZJLI OK
ZJLO OK
ZJLT OK
ZSTO OK
ZJLS OK
ZLIJ OK
ZLIO OK
ZLIT OK
ZLIS OK
ZLOI OK
ZLOJ OK
ZLTI OK
ZLOT OK
ZLTO OK
ZLOS OK
ZLTS OK
ZLTJ OK
ZLSI OK
ZLJI OK
ZLSJ OK
ZLJO OK
ZLST OK
JIOT OK
ZLSO OK
ZLJT OK
ZLJS OK
JIOS OK
JIOZ OK
JIOL OK
JITO OK
JITL OK
JITS OK
JITZ OK
JISO OK
JIST OK
JISZ OK
JISL OK
JIZO OK
JIZT OK
JIZS OK
JIZL OK
JILO OK
JILT OK
JILS OK
JILZ OK
JOIT OK
JOIS OK
JOIZ OK
JOIL OK
JOTI OK
JOTS OK
JOTL OK
JOTZ OK
JOSI OK
JOSL OK
JOZI OK
JOST OK
JOSZ OK
JOZL OK
JOZT OK
JOLI OK
JOLT OK
JOLS OK
JOLZ OK
JTIO OK
JTIS OK
JTIZ OK
JTIL OK
JOZS OK
JTOI OK
JTOS OK
JTOL OK
JTOZ OK
JTSI OK
JTSL OK
JTZI OK
JTSO OK
JTSZ OK
JTZL OK
JTZO OK
JTLI OK
JTLO OK
JTLS OK
JTLZ OK
JSIO OK
JSIT OK
JSIZ OK
JSIL OK
JSOI OK
JSOL OK
JSOT OK
JTZS OK
JSOZ OK
JSTI OK
JSZI OK
JSTL OK
JSTZ OK
JSTO OK
JSLI OK
JSZL OK
JSZO OK
JSZT OK
JSLO OK
JSLT OK
JZIO OK
JSLZ OK
JZIS OK
JZIT OK
JZIL OK
JZOI OK
JZTI OK
JZOL OK
JZOT OK
JZOS OK
JZTL OK
JZSI OK
JZTO OK
JZTS OK
JZLI OK
JZSL OK
JZSO OK
JZST OK
JZLO OK
JZLT OK
JZLS OK
JLIO OK
JLIT OK
JLIS OK
JLIZ OK
JLOI OK
JLOS OK
JLOT OK
JLTI OK
JLOZ OK
JLTO OK
JLTS OK
JLSI OK
JLTZ OK
JLZI OK
JLST OK
JLSO OK
JLSZ OK
JLZO OK
JLZT OK
LIOT OK
LIOJ OK
LIOS OK
LIOZ OK
LITO OK
LITS OK
LITJ OK
LITZ OK
LISO OK
LIST OK
LISZ OK
LISJ OK
LIZO OK
LIZT OK
LIZS OK
LIZJ OK
LIJO OK
LIJT OK
LIJS OK
LIJZ OK
LOIT OK
LOIS OK
LOIZ OK
LOIJ OK
LOTI OK
LOTS OK
LOTZ OK
LOTJ OK
LOSI OK
LOSJ OK
LOST OK
LOZI OK
LOZT OK
LOZS OK
LOJI OK
LOZJ OK
LOJT OK
LOJS OK
LOJZ OK
LTIO OK
LTIS OK
LTIZ OK
LOSZ OK
LTIJ OK
LTOI OK
LTOS OK
LTOJ OK
LTOZ OK
LTSO OK
LTSI OK
LTSJ OK
LTZI OK
LTSZ OK
LTZO OK
LTZJ OK
LTJI OK
LTZS OK
LTJO OK
LTJS OK
LTJZ OK
LSIO OK
LSIT OK
LSIJ OK
LSIZ OK
LSOI OK
LSOJ OK
LSTI OK
LSOT OK
LSTO OK
LSTZ OK
LSTJ OK
LSZI OK
JLZS CAP
LSZO OK
LSJI OK
LSZJ OK
LSZT OK
LSOZ OK
LSJO OK
LSJT OK
LZIO OK
LSJZ OK
LZIJ OK
LZIS OK
LZIT OK
LZOI OK
LZOJ OK
LZTI OK
LZOT OK
LZOS OK
LZTJ OK
LZTO OK
LZSI OK
LZTS OK
LZJI OK
LZSJ OK
LZJO OK
LZST OK
LZSO OK
LJIO OK
LJIT OK
LZJT OK
LJIS OK
LZJS OK
LJIZ OK
LJOI OK
LJTI OK
LJOT OK
LJTO OK
LJTS OK
LJTZ OK
LJSI OK
LJOS OK
LJOZ OK
LJZI OK
LJST OK
LJSO OK
LJSZ OK
LJZO OK
LJZT OK
LJZS OK
