IOTS OK
IOTJ OK
IOTL OK
IOTZ OK
IOSJ OK
IOSL OK
IOZT OK
IOST OK
IOZS OK
IOZJ OK
IOZL OK
IOJT OK
IOJS OK
IOJZ OK
IOJL OK
IOLT OK
IOLS OK
IOLZ OK
IOLJ OK
ITOS OK
ITOZ OK
ITOJ OK
ITOL OK
ITSO OK
ITSJ OK
ITSL OK
ITZO OK
ITZJ OK
ITZL OK
ITJO OK
ITJS OK
IOSZ OK
ITJZ OK
ITJL OK
ITLO OK
ITLS OK
ITLZ OK
ITSZ OK
ITLJ OK
ISOJ OK
ITZS OK
ISOL OK
ISTO OK
ISTJ OK
ISTL OK
ISOT OK
ISTZ OK
ISZJ OK
ISZL OK
ISJO OK
ISJT OK
ISZT OK
ISJZ OK
ISJL OK
ISLT OK
ISLO OK
ISLJ OK
ISLZ OK
IZOT OK
IZOS OK
IZOJ OK
IZOL OK
IZTO OK
IZTJ OK
IZTL OK
IZTS OK
IZSO OK
IZSJ OK
IZSL OK
IZJO OK
IZJT OK
IZST OK
ISOZ CAP
IZJL OK
IZJS OK
IZLO OK
IZLT OK
IZLS OK
IZLJ OK
IJOT OK
IJOS OK
IJOZ OK
IJOL OK
IJTO OK
IJTS OK
IJTZ OK
IJTL OK
IJST OK
IJSO OK
IJSL OK
IJSZ OK
IJZT OK
IJZO OK
ISZO CAP
IJZL OK
IJLO OK
IJLT OK
IJLS OK
IJLZ OK
ILOT OK
ILOS OK
ILOZ OK
ILOJ OK
ILTO OK
ILTS OK
IJZS OK
ILTZ OK
ILTJ OK
ILST OK
ILSJ OK
ILSO OK
ILZT OK
ILZO OK
ILZS OK
ILZJ OK
ILJO OK
ILJT OK
ILJS OK
ILJZ OK
OITS OK
OITJ OK
ILSZ OK
OITZ OK
OITL OK
OISJ OK
OIST OK
OISL OK
OIZT OK
OIZJ OK
OIZS OK
OIZL OK
OIJT OK
OIJS OK
OIJZ OK
OIJL OK
OILT OK
OILS OK
OILZ OK
OILJ OK
OTIS OK
OTIZ OK
OTIJ OK
OTIL OK
OTSI OK
OISZ OK
OTSJ OK
OTSL OK
OTZI OK
OTZJ OK
OTZL OK
OTJI OK
OTJS OK
OTJZ OK
OTJL OK
OTLI OK
OTSZ OK
OTLS OK
OTLZ OK
OTLJ OK
OSIT OK
OSIJ OK
OTZS OK
OSIL OK
OSTI OK
OSTJ OK
OSTL OK
OSTZ OK
OSIZ OK
OSZI OK
OSZT OK
OSZL OK
OSJI OK
OSZJ OK
OSJT OK
OSJZ OK
OSLI OK
OSJL OK
OSLT OK
OZIT OK
OZIS OK
OSLJ OK
OZIJ OK
OZIL OK
OSLZ OK
OZTI OK
OZTJ OK
OZTL OK
OZSI OK
OZSJ OK
OZJI OK
OZJT OK
OZTS OK
OZSL OK
OZST OK
OZJS OK
OZLI OK
OZJL OK
OZLT OK
OZLJ OK
OJIT OK
OJIS OK
OJIZ OK
OJIL OK
OJTI OK
OZLS OK
OJTS OK
OJTZ OK
OJSI OK
OJTL OK
OJST OK
OJZI OK
OJSL OK
OJZT OK
OJZL OK
OJSZ OK
OJLI OK
OJLT OK
OJLS OK
OJLZ OK
OLIT OK
OLIS OK
OLIZ OK
OLIJ OK
OLTI OK
OLTS OK
OLTZ OK
OLTJ OK
OLSI OK
OLST OK
OLSJ OK
OLZI OK
OLSZ OK
OLZT OK
OLZJ OK
OLJI OK
OLZS OK
OLJT OK
OLJS OK
OLJZ OK
TIOS OK
TIOZ OK
TIOJ OK
TIOL OK
TISO OK
TISJ OK
TISL OK
TIZO OK
OJZS OK
TIZJ OK
TIZL OK
TIJO OK
TIJS OK
TIJZ OK
TIJL OK
TILO OK
TILS OK
TILZ OK
TILJ OK
TOIS OK
TOIZ OK
TISZ OK
TOIJ OK
TOIL OK
TOSI OK
TOSJ OK
TOSL OK
TIZS OK
TOZI OK
TOZJ OK
TOZL OK
TOJI OK
TOJS OK
TOJZ OK
TOJL OK
TOLI OK
TOLS OK
TOLZ OK
TOSZ OK
TOLJ OK
TSIO OK
TSIJ OK
TOZS OK
TSIL OK
TSOI OK
TSOJ OK
TSOL OK
TSOZ OK
TSZJ OK
TSIZ OK
TSZL OK
TSZO OK
TSJI OK
TSJO OK
TSJZ OK
TSJL OK
TSLI OK
TSLO OK
TSLJ OK
TSZI OK
TSLZ OK
TZIO OK
TZIJ OK
TZIL OK
TZOI OK
TZOJ OK
TZOL OK
TZOS OK
TZIS OK
TZSJ OK
TZSL OK
TZJI OK
TZJO OK
TZSI OK
TZSO OK
TZJL OK
TZJS OK
TZLI OK
TZLO OK
TZLS OK
TZLJ OK
TJIO OK
TJIS OK
TJIZ OK
TJIL OK
TJOI OK
TJOS OK
TJOL OK
TJSI OK
TJOZ OK
TJSO OK
TJSL OK
TJZI OK
TJSZ OK
TJZO OK
TJLI OK
TJZL OK
TJZS OK
TJLO OK
TJLS OK
TLIO OK
TJLZ OK
TLIS OK
TLIZ OK
TLIJ OK
TLOI OK
TLOJ OK
TLSI OK
TLOS OK
TLOZ OK
TLSJ OK
TLZI OK
TLSO OK
TLSZ OK
TLZJ OK
TLJI OK
TLZO OK
TLZS OK
TLJO OK
TLJS OK
TLJZ OK
SIOL OK
SIOJ OK
SITO OK
SITJ OK
SIOT OK
SITL OK
SITZ OK
SIZJ OK
SIZL OK
SIJO OK
SIZT OK
SIJT OK
SIJZ OK
SIJL OK
SILO OK
SILT OK
SIOZ OK
SILZ OK
SILJ OK
SOIT OK
SOIJ OK
SOIL OK
SOTI OK
SOTJ OK
SOTL OK
SOIZ OK
SOTZ OK
SOZJ OK
SOZT OK
SOJI OK
SOJT OK
SOZI OK
SOZL OK
SOJZ OK
SOJL OK
SOLI OK
SOLT OK
SOLJ OK
STIO OK
SOLZ OK
STIJ OK
STIL OK
STOI OK
STIZ OK
STOJ OK
STOL OK
STOZ OK
STZJ OK
STZI OK
STZL OK
STJI OK
STZO OK
STJO OK
STJZ OK
STJL OK
STLI OK
STLO OK
STLJ OK
STLZ OK
SZIJ OK
SZIL OK
SIZO OK
SZIT OK
SZOT OK
SZIO OK
SZOJ OK
SZOL OK
SZOI OK
SZTJ OK
SZTL OK
SZJI OK
SZJT OK
SZJO OK
SZTI OK
SZLI OK
SZTO OK
SZJL OK
SZLT OK
SJIO OK
SZLJ OK
SJIT OK
SJIZ OK
SJIL OK
SZLO OK
SJOI OK
SJOT OK
SJOZ OK
SJTI OK
SJOL OK
SJTO OK
SJTZ OK
SJTL OK
SJZI OK
SJZT OK
SJLI OK
SJZL OK
SJLT OK
SJLO OK
SLIO OK
SJZO OK
SLIT OK
SJLZ OK
SLIZ OK
SLIJ OK
SLOI OK
SLOT OK
SLTI OK
SLOJ OK
SLTO OK
SLTJ OK
SLTZ OK
SLZI OK
SLOZ OK
SLZT OK
SLJI OK
SLZJ OK
SLJT OK
SLJO OK
SLJZ OK
SLZO OK
ZIOJ OK
ZIOL OK
ZITO OK
ZIOT OK
ZITJ OK
ZIOS OK
ZITL OK
ZISJ OK
ZISL OK
ZIJO OK
ZIJT OK
ZITS OK
ZIJS OK
ZIJL OK
ZILO OK
ZIST OK
ZILT OK
ZILS OK
ZILJ OK
ZOIT OK
ZOIJ OK
ZOIS OK
ZISO OK
ZOIL OK
ZOTJ OK
ZOTI OK
ZOTL OK
ZOSI OK
ZOSJ OK
ZOTS OK
ZOJI OK
ZOSL OK
ZOJT OK
ZOST OK
ZOJL OK
ZOJS OK
ZOLI OK
ZOLT OK
ZTIO OK
ZOLJ OK
ZTIJ OK
ZTIL OK
ZOLS OK
ZTOI OK
ZTOJ OK
ZTOL OK
ZTIS OK
ZTOS OK
ZTSL OK
ZTSJ OK
ZTJI OK
ZTJO OK
ZTSI OK
ZTJS OK
ZTJL OK
ZTLI OK
ZTSO OK
ZTLO OK
ZTLS OK
ZTLJ OK
ZSIJ OK
ZSIL OK
ZSIT OK
ZSIO OK
ZSOT OK
ZSOI OK
ZSOJ OK
ZSOL OK
ZSTJ OK
ZSTL OK
ZSJI OK
ZSJO OK
ZSJT OK
ZSTO OK
ZSJL OK
ZSLI OK
ZSTI OK
ZSLT OK
ZSLJ OK
ZJIO OK
ZJIT OK
ZJIS OK
ZSLO OK
ZJIL OK
ZJOI OK
ZJOT OK
ZJTI OK
ZJOL OK
ZJTO OK
ZJTL OK
ZJTS OK
ZJSI OK
ZJST OK
ZJSL OK
ZJSO OK
ZJLI OK
ZJLT OK
ZJLO OK
ZLIO OK
ZJLS OK
ZLIT OK
ZLIS OK
ZLIJ OK
ZLOI OK
ZLOT OK
ZLOJ OK
ZLTI OK
ZLOS OK
ZLTO OK
ZLTS OK
ZLTJ OK
ZLSI OK
ZLST OK
ZLSJ OK
ZLJI OK
ZLSO OK
ZLJT OK
ZLJO OK
JIOT OK
ZLJS OK
ZJOS OK
JIOS OK
JIOZ OK
JIOL OK
JITO OK
JITS OK
JITZ OK
JITL OK
JIST OK
JISL OK
JISO OK
JIZT OK
JIZO OK
JISZ OK
JIZL OK
JILO OK
JILT OK
JILS OK
JILZ OK
JOIT OK
JOIS OK
JOIZ OK
JOIL OK
JOTI OK
JOTS OK
JOTZ OK
JOTL OK
JIZS OK
JOSI OK
JOST OK
JOSL OK
JOZI OK
JOZT OK
JOZL OK
JOLI OK
JOSZ OK
JOLT OK
JOLS OK
JOLZ OK
JTIO OK
JTIS OK
JTIZ OK
JTIL OK
JTOI OK
JTOS OK
JTOL OK
JTOZ OK
JTSI OK
JTSO OK
JTSL OK
JTSZ OK
JTZI OK
JTZO OK
JTZL OK
JTLI OK
JTLO OK
JTZS OK
JTLS OK
JTLZ OK
JSIO OK
JSIT OK
JSIZ OK
JSIL OK
JSOI OK
JSOT OK
JSOL OK
JSTI OK
JSTO OK
JSTZ OK
JSTL OK
JSZI OK
JSOZ OK
JSZT OK
JSZL OK
JSLI OK
JSLO OK
JSLT OK
JSZO OK
JSLZ OK
JZIT OK
JOZS OK
JZIO OK
JZIL OK
JZOT OK
JZOI OK
JZIS OK
JZTI OK
JZOL OK
JZTO OK
JZTL OK
JZTS OK
JZST OK
JZSI OK
JZLI OK
JZSL OK
JZLO OK
JZLT OK
JZLS OK
JLIO OK
JLIT OK
JLIS OK
JLIZ OK
JLOI OK
JLOT OK
JLOS OK
JLOZ OK
JLTI OK
JLTO OK
JLTS OK
JLTZ OK
JLSI OK
JLSO OK
JLST OK
JLZI OK
JLZO OK
JLZT OK
JZSO OK
LIOT OK
JLSZ OK
LIOS OK
LIOZ OK
JLZS OK
LIOJ OK
LITO OK
LITS OK
JZOS OK
LITZ OK
LITJ OK
LIST OK
LISJ OK
LISO OK
LIZT OK
LIZO OK
LIZJ OK
LIJO OK
LIJT OK
LIJS OK
LIJZ OK
LISZ OK
LOIT OK
LOIS OK
LOIZ OK
LOIJ OK
LOTI OK
LOTS OK
LOTZ OK
LOTJ OK
LOSI OK
LOST OK
LIZS OK
LOZI OK
LOZT OK
LOSJ OK
LOSZ OK
LOZJ OK
LOJI OK
LOJT OK
LOJS OK
LOJZ OK
LOZS OK
LTIO OK
LTIS OK
LTIJ OK
LTIZ OK
LTOI OK
LTOJ OK
LTOS OK
LTOZ OK
LTSI OK
LTSJ OK
LTZI OK
LTSO OK
LTSZ OK
LTZJ OK
LTJI OK
LTZO OK
LTJO OK
LTZS OK
LTJS OK
LTJZ OK
LSIT OK
LSIO OK
LSIJ OK
LSIZ OK
LSOI OK
LSOT OK
LSTI OK
LSOJ OK
LSTO OK
LSTJ OK
LSOZ OK
LSTZ OK
LSZI OK
LSZT OK
LSZJ OK
LSJI OK
LSJO OK
LSJT OK
LSJZ OK
LSZO OK
LZIO OK
LZIT OK
LZIS OK
LZIJ OK
LZOI OK
LZOT OK
LZTI OK
LZTO OK
LZOJ OK
LZTS OK
LZTJ OK
LZSI OK
LZOS OK
LZST OK
LZJI OK
LZSJ OK
LZJO OK
LZJT OK
LZJS OK
LJIO OK
LJIT OK
LZSO OK
LJIS OK
LJIZ OK
LJOI OK
LJOT OK
LJOS OK
LJOZ OK
LJTI OK
LJTO OK
LJTS OK
LJTZ OK
LJSI OK
LJSO OK
LJST OK
LJZI OK
LJZO OK
LJZT OK
LJZS OK
LJSZ OK
