IOTZ OK
IOTJ OK
IOTL OK
IOTS OK
IOSJ OK
IOSL OK
IOZT OK
IOST OK
IOZJ OK
IOZL OK
IOJT OK
IOJS OK
IOJZ OK
IOJL OK
IOLT OK
IOLS OK
IOLZ OK
IOLJ OK
ITOS OK
ITOZ OK
ITOJ OK
ITOL OK
ITSO OK
ITSJ OK
ITSL OK
IOSZ OK
ITZO OK
ITZJ OK
IOZS OK
ITZL OK
ITJO OK
ITJS OK
ITJZ OK
ITJL OK
ITLO OK
ITSZ OK
ITLS OK
ITLZ OK
ITLJ OK
ISOJ OK
ISOL OK
ITZS OK
ISOT OK
ISTO OK
ISTJ OK
ISTL OK
ISTZ OK
ISZJ OK
ISZL OK
ISJO OK
ISZT OK
ISJT OK
ISJZ OK
ISJL OK
ISLO OK
ISLT OK
ISLJ OK
ISLZ OK
IZOT OK
IZOJ OK
IZOL OK
IZTO OK
IZTS OK
IZTJ OK
IZTL OK
IZOS OK
ISOZ CAP
IZSJ OK
IZSL OK
IZJO OK
IZJT OK
IZST OK
IZJS OK
IZJL OK
ISZO CAP
IZLO OK
IZLT OK
IZLS OK
IZLJ OK
IJOT OK
IJOS OK
IJOZ OK
IJOL OK
IJTO OK
IJTS OK
IJTZ OK
IJTL OK
IJST OK
IJSO OK
IJSL OK
IJSZ OK
IJZT OK
IJZO OK
IJZL OK
IJLO OK
IZSO OK
IJLT OK
IJLS OK
IJLZ OK
ILOT OK
ILOS OK
ILOZ OK
ILOJ OK
ILTO OK
ILTS OK
ILTZ OK
IJZS OK
ILTJ OK
ILSO OK
ILST OK
ILSJ OK
ILZO OK
ILZT OK
ILZS OK
ILZJ OK
ILJO OK
ILJT OK
ILJS OK
ILJZ OK
OITS OK
OITZ OK
OITJ OK
ILSZ OK
OITL OK
OIST OK
OISJ OK
OISL OK
OIZT OK
OIZJ OK
OIZS OK
OIZL OK
OIJT OK
OIJS OK
OIJZ OK
OIJL OK
OILT OK
OILS OK
OILZ OK
OILJ OK
OTIS OK
OTIZ OK
OTIJ OK
OTIL OK
OTSI OK
OISZ OK
OTSJ OK
OTSL OK
OTZI OK
OTZJ OK
OTZL OK
OTJI OK
OTJS OK
OTJZ OK
OTJL OK
OTLI OK
OTSZ OK
OTLS OK
OTLZ OK
OTLJ OK
OTZS OK
OSIT OK
OSIJ OK
OSIL OK
OSTI OK
OSTJ OK
OSTL OK
OSTZ OK
OSIZ OK
OSZI OK
OSZT OK
OSJI OK
OSZJ OK
OSJT OK
OSZL OK
OSJZ OK
OSJL OK
OSLI OK
OSLT OK
OZIT OK
OZIS OK
OSLJ OK
OZIJ OK
OZIL OK
OSLZ OK
OZTI OK
OZTJ OK
OZTL OK
OZSI OK
OZSJ OK
OZTS OK
OZJI OK
OZSL OK
OZST OK
OZJT OK
OZJS OK
OZJL OK
OZLI OK
OZLT OK
OJIT OK
OJIS OK
OZLJ OK
OJIZ OK
OJIL OK
OZLS OK
OJTI OK
OJTS OK
OJTZ OK
OJTL OK
OJSI OK
OJST OK
OJZI OK
OJSL OK
OJZT OK
OJSZ OK
OJLI OK
OJZL OK
OJLT OK
OJLS OK
OJLZ OK
OLIT OK
OLIS OK
OLIZ OK
OLIJ OK
OLTI OK
OLTS OK
OLTZ OK
OLTJ OK
OLSI OK
OLST OK
OLSJ OK
OLZI OK
OLSZ OK
OLZT OK
OLJI OK
OLZJ OK
OLJT OK
OLJS OK
OLZS OK
OLJZ OK
TIOS OK
TIOZ OK
TIOJ OK
TIOL OK
TISO OK
TISJ OK
TISL OK
TIZO OK
OJZS OK
TIZJ OK
TIZL OK
TIJO OK
TIJS OK
TIJZ OK
TIJL OK
TILO OK
TILS OK
TILZ OK
TILJ OK
TOIS OK
TISZ OK
TOIZ OK
TOIJ OK
TOIL OK
TOSI OK
TIZS OK
TOSJ OK
TOSL OK
TOZI OK
TOZJ OK
TOZL OK
TOJI OK
TOJS OK
TOJZ OK
TOJL OK
TOLI OK
TOLS OK
TOLZ OK
TOLJ OK
TOSZ OK
TSIO OK
TSIJ OK
TOZS OK
TSIL OK
TSOI OK
TSOJ OK
TSOL OK
TSOZ OK
TSIZ OK
TSZJ OK
TSZL OK
TSJI OK
TSJO OK
TSJZ OK
TSZI OK
TSJL OK
TSLI OK
TSLO OK
TSLJ OK
TSZO OK
TSLZ OK
TZIO OK
TZIJ OK
TZIL OK
TZOI OK
TZOJ OK
TZOL OK
TZOS OK
TZIS OK
TZSJ OK
TZSL OK
TZJI OK
TZSO OK
TZJO OK
TZJS OK
TZJL OK
TZSI OK
TZLI OK
TZLO OK
TZLS OK
TZLJ OK
TJIO OK
TJIS OK
TJIZ OK
TJIL OK
TJOI OK
TJOS OK
TJOL OK
TJOZ OK
TJSI OK
TJSL OK
TJSO OK
TJZI OK
TJSZ OK
TJZO OK
TJLI OK
TJZS OK
TJZL OK
TJLO OK
TJLS OK
TJLZ OK
TLIO OK
TLIS OK
TLIZ OK
TLIJ OK
TLOI OK
TLOS OK
TLOJ OK
TLSI OK
TLOZ OK
TLSO OK
TLSZ OK
TLSJ OK
TLZI OK
TLZO OK
TLJI OK
TLZJ OK
TLZS OK
TLJO OK
TLJS OK
TLJZ OK
SIOJ OK
SIOL OK
SITO OK
SITJ OK
SIOT OK
SITL OK
SITZ OK
SIZJ OK
SIZL OK
SIJO OK
SIJT OK
SIZT OK
SIJZ OK
SIJL OK
SIOZ OK
SILO OK
SILT OK
SILZ OK
SILJ OK
SOIT OK
SOIJ OK
SOIL OK
SOTI OK
SOTJ OK
SOTL OK
SOTZ OK
SIZO OK
SOIZ OK
SOZL OK
SOJI OK
SOZJ OK
SOZT OK
SOJT OK
SOJZ OK
SOLI OK
SOJL OK
SOLT OK
SOZI OK
SOLJ OK
STIO OK
SOLZ OK
STIJ OK
STIL OK
STOI OK
STOJ OK
STOL OK
STIZ OK
STOZ OK
STZJ OK
STZL OK
STJI OK
STJO OK
STJZ OK
STZI OK
STJL OK
STLI OK
STZO OK
STLO OK
STLJ OK
STLZ OK
SZIJ OK
SZIL OK
SZIT OK
SZOT OK
SZOJ OK
SZIO OK
SZOI OK
SZOL OK
SZTJ OK
SZTL OK
SZJI OK
SZJO OK
SZJT OK
SZTO OK
SZJL OK
SZLI OK
SZTI OK
SZLT OK
SZLJ OK
SJIO OK
SJIT OK
SJIZ OK
SJIL OK
SZLO OK
SJOI OK
SJOT OK
SJTI OK
SJOZ OK
SJOL OK
SJTO OK
SJTZ OK
SJTL OK
SJZI OK
SJZT OK
SJLI OK
SJZL OK
SJLT OK
SJLO OK
SJZO OK
SLIO OK
SLIT OK
SJLZ OK
SLIZ OK
SLIJ OK
SLOI OK
SLOT OK
SLTI OK
SLOJ OK
SLTO OK
SLTZ OK
SLTJ OK
SLZI OK
SLOZ OK
SLZT OK
SLZJ OK
SLJI OK
SLJT OK
SLJO OK
SLZO OK
SLJZ OK
ZIOJ OK
ZIOL OK
ZITO OK
ZIOT OK
ZITJ OK
ZITL OK
ZIOS OK
ZISJ OK
ZITS OK
ZISL OK
ZIJO OK
ZIJT OK
ZIJS OK
ZIJL OK
ZILO OK
ZILT OK
ZIST OK
ZILS OK
ZILJ OK
ZOIT OK
ZOIS OK
ZOIJ OK
ZOIL OK
ZOTI OK
ZOTJ OK
ZOTL OK
ZOSI OK
ZOTS OK
ZOSJ OK
ZISO OK
ZOJI OK
ZOJT OK
ZOST OK
ZOSL OK
ZOJS OK
ZOJL OK
ZOLI OK
ZOLT OK
ZTIO OK
ZOLJ OK
ZTIJ OK
ZOLS OK
ZTIL OK
ZTOI OK
ZTOJ OK
ZTOL OK
ZTIS OK
ZTOS OK
ZTSL OK
ZTSJ OK
ZTJI OK
ZTJO OK
ZTSI OK
ZTJL OK
ZTJS OK
ZTLI OK
ZTLO OK
ZTLS OK
ZTSO OK
ZTLJ OK
ZSIJ OK
ZSIL OK
ZSIT OK
ZSOT OK
ZSOJ OK
ZSIO OK
ZSOL OK
ZSOI OK
ZSTJ OK
ZSTL OK
ZSJI OK
ZSJO OK
ZSJT OK
ZSJL OK
ZSTI OK
ZSLI OK
ZSTO OK
ZSLT OK
ZJIO OK
ZSLJ OK
ZJIT OK
ZJIS OK
ZJIL OK
ZSLO OK
ZJOI OK
ZJOT OK
ZJTI OK
ZJOL OK
ZJTO OK
ZJTL OK
ZJTS OK
ZJSI OK
ZJST OK
ZJSL OK
ZJLI OK
ZJSO OK
ZJLT OK
ZJLO OK
ZJLS OK
ZLIO OK
ZLIT OK
ZLIS OK
ZLIJ OK
ZLOI OK
ZLOT OK
ZLOJ OK
ZLTI OK
ZLTO OK
ZLTS OK
ZLOS OK
ZLTJ OK
ZLSI OK
ZLST OK
ZLSJ OK
ZLJI OK
ZLSO OK
ZLJT OK
ZLJO OK
ZLJS OK
JIOT OK
JIOS OK
JIOZ OK
ZJOS OK
JIOL OK
JITO OK
JITS OK
JITZ OK
JITL OK
JIST OK
JISO OK
JISL OK
JISZ OK
JIZO OK
JIZT OK
JIZL OK
JILO OK
JILT OK
JILZ OK
JILS OK
JOIT OK
JOIS OK
JOIZ OK
JOIL OK
JOTI OK
JOTS OK
JOTZ OK
JIZS OK
JOTL OK
JOSI OK
JOST OK
JOZI OK
JOZT OK
JOSL OK
JOZL OK
JOLI OK
JOLT OK
JOLS OK
JOLZ OK
JOSZ OK
JTIO OK
JTIS OK
JTIL OK
JTIZ OK
JTOI OK
JTOS OK
JTOZ OK
JTOL OK
JTSI OK
JTSO OK
JTSL OK
JTZI OK
JTSZ OK
JTZO OK
JTZL OK
JTLI OK
JTLO OK
JTZS OK
JTLS OK
JTLZ OK
JSIO OK
JSIT OK
JSIZ OK
JSIL OK
JSOI OK
JSOT OK
JSOL OK
JSTI OK
JSTO OK
JSTZ OK
JSTL OK
JSZI OK
JSOZ OK
JSZT OK
JSZL OK
JSLI OK
JSLO OK
JSLT OK
JSLZ OK
JSZO OK
JZIT OK
JZIO OK
JOZS OK
JZIL OK
JZOT OK
JZOI OK
JZIS OK
JZOL OK
JZTI OK
JZTL OK
JZTO OK
JZTS OK
JZST OK
JZSL OK
JZSI OK
JZLI OK
JZLO OK
JZLT OK
JZLS OK
JLIO OK
JLIT OK
JLIS OK
JLIZ OK
JLOI OK
JLOT OK
JLOS OK
JLOZ OK
JLTI OK
JLTO OK
JLTS OK
JLTZ OK
JLSI OK
JLSO OK
JLST OK
JLZI OK
JLZO OK
JZSO OK
JLSZ OK
JLZT OK
LIOT OK
LIOS OK
LIOZ OK
LIOJ OK
JLZS OK
LITO OK
LITS OK
JZOS OK
LITZ OK
LITJ OK
LIST OK
LISJ OK
LISO OK
LIZT OK
LIZO OK
LIZJ OK
LIJO OK
LIJT OK
LIJS OK
LISZ OK
LIJZ OK
LOIT OK
LOIS OK
LOIZ OK
LOIJ OK
LOTI OK
LOTS OK
LOTZ OK
LOTJ OK
LOSI OK
LOST OK
LIZS OK
LOZI OK
LOZT OK
LOSJ OK
LOSZ OK
LOJI OK
LOZJ OK
LOJT OK
LOJS OK
LOZS OK
LOJZ OK
LTIO OK
LTIS OK
LTIZ OK
LTIJ OK
LTOI OK
LTOJ OK
LTSI OK
LTOZ OK
LTOS OK
LTSO OK
LTSJ OK
LTZI OK
LTSZ OK
LTZJ OK
LTJI OK
LTZO OK
LTZS OK
LTJO OK
LTJS OK
LTJZ OK
LSIT OK
LSIO OK
LSIJ OK
LSIZ OK
LSOT OK
LSOI OK
LSTI OK
LSOJ OK
LSTO OK
LSTJ OK
LSTZ OK
LSZI OK
LSOZ OK
LSZT OK
LSJI OK
LSZJ OK
LSJO OK
LSJT OK
LSJZ OK
LZIO OK
LZIT OK
LSZO OK
LZIS OK
LZIJ OK
LZOI OK
LZOT OK
LZOJ OK
LZTI OK
LZTO OK
LZTS OK
LZTJ OK
LZSI OK
LZOS OK
LZST OK
LZSJ OK
LZJI OK
LZJO OK
LZJT OK
LZJS OK
LJIO OK
LJIT OK
LZSO OK
LJIS OK
LJIZ OK
LJOI OK
LJOT OK
LJOS OK
LJOZ OK
LJTI OK
LJTO OK
LJTS OK
LJTZ OK
LJSI OK
LJST OK
LJSO OK
LJZI OK
LJZT OK
LJZO OK
LJZS OK
LJSZ OK
