IOTL OK
IOTJ OK
IOTS OK
IOTZ OK
IOST OK
IOSJ OK
IOSL OK
IOZT OK
IOZJ OK
IOZL OK
IOJT OK
IOJS OK
IOJZ OK
IOJL OK
IOLT OK
IOLS OK
IOLZ OK
IOLJ OK
ITOS OK
ITOZ OK
ITOJ OK
ITOL OK
ITSO OK
ITSJ OK
ITSL OK
IOSZ OK
ITZO OK
ITZJ OK
ITZL OK
ITJO OK
ITJS OK
ITJZ OK
ITJL OK
ITSZ OK
ITLO OK
ITLS OK
ITLZ OK
ITLJ OK
ITZS OK
ISOJ OK
ISOL OK
ISTO OK
IOZS OK
ISOT OK
ISTJ OK
ISTL OK
ISTZ OK
ISZJ OK
ISOZ OK
ISZT OK
ISJO OK
ISJT OK
ISJZ OK
ISJL OK
ISZL OK
ISLT OK
ISLO OK
ISLJ OK
ISLZ OK
IZOJ OK
IZOL OK
IZTO OK
IZOT OK
IZTJ OK
IZTL OK
IZTS OK
IZST OK
IZSJ OK
IZSL OK
IZJO OK
IZJT OK
IZOS OK
IZJS OK
IZJL OK
ISZO CAP
IZLO OK
IZLT OK
IZLS OK
IZLJ OK
IJOT OK
IJOS OK
IJOZ OK
IJOL OK
IJTO OK
IJTS OK
IJTZ OK
IJTL OK
IJST OK
IJSO OK
IZSO OK
IJSL OK
IJZT OK
IJZO OK
IJZL OK
IJLO OK
IJLT OK
IJLS OK
IJLZ OK
ILOT OK
ILOS OK
ILOZ OK
ILOJ OK
ILTO OK
ILTS OK
ILTZ OK
ILTJ OK
ILSO OK
ILST OK
IJZS OK
ILSJ OK
ILZO OK
ILZT OK
ILSZ OK
ILZJ OK
ILJO OK
ILJT OK
IJSZ OK
ILJS OK
ILJZ OK
OITS OK
OITZ OK
OITJ OK
OITL OK
OIST OK
OISJ OK
OISL OK
OIZT OK
ILZS OK
OIZJ OK
OIZL OK
OIJT OK
OIJS OK
OIJZ OK
OIJL OK
OILT OK
OILS OK
OILZ OK
OILJ OK
OTIS OK
OISZ OK
OTIZ OK
OTIJ OK
OTIL OK
OTSI OK
OTSJ OK
OTSL OK
OTZI OK
OTSZ OK
OTZJ OK
OTZL OK
OTJI OK
OTZS OK
OTJS OK
OTJZ OK
OTJL OK
OTLI OK
OTLS OK
OTLZ OK
OTLJ OK
OSIT OK
OSIJ OK
OSIL OK
OSTI OK
OSTJ OK
OSTL OK
OSTZ OK
OSIZ OK
OIZS OK
OSZL OK
OSZT OK
OSJI OK
OSJT OK
OSZI OK
OSJL OK
OSLI OK
OSLT OK
OSJZ OK
OSLJ OK
OSLZ OK
OZIT OK
OZIJ OK
OZIL OK
OZTI OK
OZTJ OK
OZTL OK
OZTS OK
OSZJ OK
OZSJ OK
OZST OK
OZJI OK
OZSI OK
OZJT OK
OZSL OK
OZLI OK
OZJS OK
OZJL OK
OZLT OK
OZLJ OK
OJIT OK
OJIS OK
OJIZ OK
OJIL OK
OJTI OK
OJTS OK
OJTZ OK
OZIS OK
OJTL OK
OJSI OK
OJST OK
OJZI OK
OJSL OK
OJSZ OK
OJZT OK
OJLI OK
OJLT OK
OJZL OK
OJLS OK
OJLZ OK
OLIT OK
OLIS OK
OZLS OK
OLIZ OK
OLIJ OK
OLTI OK
OLTS OK
OLTZ OK
OLTJ OK
OLSI OK
OLST OK
OLZI OK
OLSJ OK
OLZT OK
OLSZ OK
OLZJ OK
OLJI OK
OLJT OK
OLJS OK
OLJZ OK
TIOS OK
TIOZ OK
TIOJ OK
TIOL OK
TISO OK
TISJ OK
TISL OK
TIZO OK
OJZS OK
TISZ OK
TIZJ OK
TIZL OK
TIJO OK
TIJS OK
TIJZ OK
TIJL OK
TILO OK
TIZS OK
TILS OK
TILZ OK
TILJ OK
TOIS OK
TOIZ OK
TOIJ OK
TOIL OK
TOSI OK
OLZS OK
TOSJ OK
TOSL OK
TOZI OK
TOZJ OK
TOZL OK
TOJI OK
TOJS OK
TOJZ OK
TOJL OK
TOLI OK
TOLS OK
TOLZ OK
TOLJ OK
TSIO OK
TOSZ OK
TSIJ OK
TSIL OK
TOZS OK
TSOI OK
TSOJ OK
TSOL OK
TSOZ OK
TSZJ OK
TSZL OK
TSZO OK
TSIZ OK
TSJI OK
TSJL OK
TSJO OK
TSLI OK
TSJZ OK
TSLO OK
TSLJ OK
TZIO OK
TSLZ OK
TSZI OK
TZIJ OK
TZIL OK
TZOI OK
TZOJ OK
TZOL OK
TZOS OK
TZIS OK
TZSJ OK
TZJI OK
TZSL OK
TZJO OK
TZSI OK
TZSO OK
TZJS OK
TZJL OK
TZLI OK
TZLJ OK
TJIO OK
TZLO OK
TZLS OK
TJIS OK
TJIL OK
TJIZ OK
TJOI OK
TJOS OK
TJOL OK
TJOZ OK
TJSI OK
TJSL OK
TJSO OK
TJZI OK
TJSZ OK
TJZL OK
TJZO OK
TJLI OK
TJLO OK
TJLS OK
TJZS OK
TJLZ OK
TLIO OK
TLIS OK
TLIZ OK
TLIJ OK
TLOI OK
TLOJ OK
TLSI OK
TLOS OK
TLOZ OK
TLSO OK
TLZI OK
TLSJ OK
TLSZ OK
TLZJ OK
TLJI OK
TLZO OK
TLJO OK
TLZS OK
TLJS OK
TLJZ OK
SIOJ OK
SIOL OK
SITO OK
SIOT OK
SITJ OK
SITL OK
SITZ OK
SIZJ OK
SIOZ OK
SIJO OK
SIZT OK
SIJT OK
SIZL OK
SIJZ OK
SIJL OK
SILT OK
SILO OK
SILJ OK
SOIT OK
SILZ OK
SOIJ OK
SOIL OK
SOTI OK
SOTJ OK
SOTL OK
SOIZ OK
SOTZ OK
SOZT OK
SOZI OK
SOJI OK
SOZL OK
SOJT OK
SOJL OK
SOLI OK
SOJZ OK
SOLT OK
SOLZ OK
SOLJ OK
STIO OK
STIJ OK
STIL OK
STIZ OK
STOI OK
STOJ OK
SOZJ OK
STOL OK
STOZ OK
STZJ OK
SIZO OK
STZI OK
STJI OK
STZO OK
STZL OK
STJO OK
STLI OK
STJL OK
STJZ OK
STLO OK
STLJ OK
STLZ OK
SZIJ OK
SZIL OK
SZIT OK
SZIO OK
SZOT OK
SZOJ OK
SZOI OK
SZOL OK
SZTJ OK
SZJI OK
SZTL OK
SZTO OK
SZJO OK
SZJT OK
SZLI OK
SZJL OK
SZTI OK
SZLT OK
SJIO OK
SZLJ OK
SJIT OK
SJIZ OK
SJIL OK
SZLO OK
SJOI OK
SJOT OK
SJOL OK
SJTI OK
SJTO OK
SJTL OK
SJZI OK
SJTZ OK
SJOZ OK
SJZT OK
SJLI OK
SJZO OK
SJLO OK
SJZL OK
SJLT OK
SLIT OK
SLIO OK
SLIJ OK
SJLZ OK
SLOI OK
SLOT OK
SLIZ OK
SLOJ OK
SLTI OK
SLTO OK
SLTZ OK
SLTJ OK
SLOZ OK
SLZT OK
SLZJ OK
SLJI OK
SLZI OK
SLJO OK
SLJT OK
SLJZ OK
ZIOT OK
ZIOJ OK
ZIOL OK
ZITO OK
ZITJ OK
ZITL OK
ZITS OK
SLZO OK
ZIST OK
ZISL OK
ZISJ OK
ZIOS OK
ZIJO OK
ZIJT OK
ZIJS OK
ZIJL OK
ZILO OK
ZILT OK
ZILS OK
ZILJ OK
ZOIT OK
ZOIJ OK
ZOIL OK
ZOTI OK
ZOTJ OK
ZOTL OK
ZISO OK
ZOTS OK
ZOSJ OK
ZOST OK
ZOJI OK
ZOSI OK
ZOJT OK
ZOSL OK
ZOJS OK
ZOLI OK
ZOJL OK
ZOLT OK
ZOLJ OK
ZTIO OK
ZTIJ OK
ZTIL OK
ZOIS OK
ZTOI OK
ZTOJ OK
ZTOL OK
ZTIS OK
ZTOS OK
ZTSJ OK
ZOLS OK
ZTJI OK
ZTSL OK
ZTSO OK
ZTJO OK
ZTJL OK
ZTJS OK
ZTLI OK
ZTSI OK
ZTLJ OK
ZTLO OK
ZTLS OK
ZSIJ OK
ZSIL OK
ZSIT OK
ZSOT OK
ZSIO OK
ZSOJ OK
ZSOL OK
ZSOI OK
ZSTJ OK
ZSTL OK
ZSJI OK
ZSJO OK
ZSJT OK
ZSTO OK
ZSLI OK
ZSJL OK
ZSTI OK
ZSLT OK
ZSLJ OK
ZJIO OK
ZJIT OK
ZJIS OK
ZSLO OK
ZJIL OK
ZJOT OK
ZJOI OK
ZJOL OK
ZJTI OK
ZJTO OK
ZJTS OK
ZJTL OK
ZJSI OK
ZJST OK
ZJSO OK
ZJSL OK
ZJLI OK
ZJLO OK
ZJLT OK
ZJLS OK
ZLIO OK
ZLIT OK
ZLIS OK
ZLIJ OK
ZLOI OK
ZLOT OK
ZLOJ OK
ZLTI OK
ZLTO OK
ZLTS OK
ZLTJ OK
ZLSI OK
ZLST OK
ZLSJ OK
ZLJI OK
ZLJO OK
ZJOS OK
ZLJT OK
JIOT OK
ZLJS OK
ZLOS OK
JIOS OK
JIOZ OK
JIOL OK
JITS OK
JITO OK
JITZ OK
JITL OK
JIST OK
JISO OK
JISL OK
ZLSO OK
JIZT OK
JIZO OK
JILO OK
JIZL OK
JILT OK
JILS OK
JILZ OK
JOIT OK
JOIS OK
JOIZ OK
JOIL OK
JOTI OK
JOTS OK
JOTZ OK
JOTL OK
JOSI OK
JOST OK
JOSL OK
JOSZ OK
JOZI OK
JIZS OK
JOZT OK
JOLI OK
JOZL OK
JOLT OK
JOLS OK
JOLZ OK
JISZ OK
JTIO OK
JTIS OK
JTIZ OK
JTIL OK
JTOI OK
JTOS OK
JTOZ OK
JTOL OK
JTSI OK
JTSO OK
JTSL OK
JTSZ OK
JTZI OK
JTZO OK
JTZL OK
JTLI OK
JTLO OK
JTZS OK
JTLS OK
JTLZ OK
JSIO OK
JSIT OK
JSIZ OK
JSIL OK
JSOI OK
JSOT OK
JSOL OK
JSTI OK
JSTO OK
JSOZ OK
JSTL OK
JSTZ OK
JSZI OK
JSZT OK
JSLI OK
JSZO OK
JSZL OK
JSLT OK
JSLO OK
JZIT OK
JZIO OK
JSLZ OK
JZIL OK
JZOI OK
JZOT OK
JZOL OK
JZTI OK
JZIS OK
JZTO OK
JZTL OK
JZTS OK
JOZS OK
JZST OK
JZSL OK
JZLI OK
JZLO OK
JZSI OK
JZLT OK
JLIO OK
JZLS OK
JLIT OK
JLIS OK
JLIZ OK
JLOI OK
JLOT OK
JLOS OK
JLOZ OK
JLTI OK
JLTO OK
JLTS OK
JLTZ OK
JLSI OK
JLST OK
JLSO OK
JLZI OK
JLZO OK
JLZT OK
JLSZ OK
LIOT OK
LIOS OK
JLZS OK
LIOZ OK
LIOJ OK
LITO OK
LITS OK
LITZ OK
LITJ OK
LIST OK
LISO OK
LISJ OK
JZOS OK
LIZO OK
LIZT OK
LIZJ OK
LISZ OK
LIJO OK
LIJT OK
LIJS OK
LIJZ OK
LOIT OK
LOIS OK
LOIZ OK
LOIJ OK
LOTI OK
LOTS OK
LOTZ OK
LIZS OK
LOTJ OK
LOSI OK
LOST OK
LOSJ OK
LOZI OK
LOZT OK
LOSZ OK
LOZJ OK
LOJI OK
LOJT OK
LOJS OK
LOJZ OK
LTIO OK
LTIS OK
LTIZ OK
LTIJ OK
LTOI OK
JZSO CAP
LTOS OK
LTOJ OK
LTSI OK
LTOZ OK
LTSO OK
LTSZ OK
LTSJ OK
LTZI OK
LTZO OK
LTZS OK
LTZJ OK
LTJI OK
LTJO OK
LTJS OK
LTJZ OK
LSIT OK
LSIO OK
LSIJ OK
LSIZ OK
LSOT OK
LSOJ OK
LSTI OK
LSOI OK
LSTO OK
LSOZ OK
LSTJ OK
LSTZ OK
LSZT OK
LSZI OK
LSZJ OK
LSJI OK
LOZS OK
LSJT OK
LSJO OK
LZIO OK
LZIT OK
LZIS OK
LZIJ OK
LZOI OK
LSJZ OK
LZOT OK
LZTI OK
LZOJ OK
LZTO OK
LZTS OK
LZTJ OK
LZSI OK
LZST OK
LZSJ OK
LZJI OK
LZJO OK
LZJT OK
LZJS OK
LJIO OK
LJIT OK
LJIS OK
LJIZ OK
LJOI OK
LJOT OK
LJOS OK
LJOZ OK
LJTI OK
LSZO OK
LJTO OK
LJTS OK
LJTZ OK
LJSI OK
LJSO OK
LJST OK
LJZI OK
LJZO OK
LJZT OK
LZOS OK
LJSZ OK
LJZS OK
LZSO OK
