IOTJ OK
IOTL OK
IOTZ OK
IOTS OK
IOSJ OK
IOSL OK
IOST OK
IOZT OK
IOZJ OK
IOZL OK
IOJT OK
IOJS OK
IOJZ OK
IOJL OK
IOLT OK
IOLS OK
IOLZ OK
IOLJ OK
ITOS OK
ITOZ OK
ITOJ OK
ITOL OK
ITSO OK
ITSJ OK
IOZS OK
ITSL OK
ITZO OK
ITZJ OK
ITZL OK
IOSZ OK
ITJO OK
ITJS OK
ITJZ OK
ITJL OK
ITLO OK
ITSZ OK
ITLS OK
ITLZ OK
ITLJ OK
ISOJ OK
ISOL OK
ITZS OK
ISTO OK
ISTJ OK
ISOT OK
ISTL OK
ISTZ OK
ISZJ OK
ISZT OK
ISZL OK
ISJO OK
ISJT OK
ISJZ OK
ISJL OK
ISLO OK
ISLT OK
ISLZ OK
ISLJ OK
IZOT OK
IZOJ OK
IZOL OK
IZTO OK
IZOS OK
IZTJ OK
IZTL OK
IZTS OK
ISOZ CAP
IZSJ OK
IZSL OK
IZST OK
IZJO OK
IZJT OK
IZSO OK
IZJL OK
IZJS OK
IZLO OK
IZLT OK
IZLS OK
IZLJ OK
ISZO CAP
IJOT OK
IJOS OK
IJOL OK
IJOZ OK
IJTO OK
IJTS OK
IJTZ OK
IJTL OK
IJST OK
IJSL OK
IJSO OK
IJZO OK
IJZT OK
IJSZ OK
IJZL OK
IJLO OK
IJLT OK
IJLS OK
IJLZ OK
ILOT OK
ILOS OK
ILOZ OK
ILOJ OK
ILTO OK
ILTS OK
ILTZ OK
IJZS OK
ILTJ OK
ILST OK
ILSJ OK
ILSO OK
ILZT OK
ILZO OK
ILZJ OK
ILJO OK
ILJT OK
ILJS OK
ILSZ OK
ILJZ OK
OITS OK
OITJ OK
OITZ OK
OITL OK
OIST OK
OISJ OK
OISL OK
ILZS OK
OIZT OK
OIZJ OK
OIZL OK
OIJT OK
OIJS OK
OIJZ OK
OIJL OK
OILT OK
OILS OK
OILZ OK
OILJ OK
OISZ OK
OTIS OK
OTIZ OK
OTIJ OK
OTIL OK
OTSI OK
OTSJ OK
OTSL OK
OTZI OK
OIZS OK
OTZJ OK
OTZL OK
OTJI OK
OTJS OK
OTSZ OK
OTJZ OK
OTJL OK
OTLI OK
OTLS OK
OTLZ OK
OTLJ OK
OTZS OK
OSIT OK
OSIJ OK
OSIL OK
OSTI OK
OSTJ OK
OSTL OK
OSTZ OK
OSIZ OK
OSZI OK
OSZT OK
OSJI OK
OSZL OK
OSJT OK
OSJL OK
OSLI OK
OSJZ OK
OSLT OK
OSZJ OK
OZIT OK
OSLJ OK
OSLZ OK
OZIJ OK
OZIL OK
OZTI OK
OZTJ OK
OZTL OK
OZTS OK
OZSJ OK
OZIS OK
OZJI OK
OZST OK
OZJT OK
OZSL OK
OZJS OK
OZLI OK
OZSI OK
OZJL OK
OZLT OK
OZLJ OK
OJIT OK
OJIS OK
OJIL OK
OJIZ OK
OJTI OK
OJTS OK
OJTZ OK
OJTL OK
OJSI OK
OJST OK
OZLS OK
OJZI OK
OJZT OK
OJSL OK
OJZL OK
OJSZ OK
OJLI OK
OJLT OK
OJLS OK
OJLZ OK
OLIT OK
OLIS OK
OLIZ OK
OLIJ OK
OLTI OK
OLTS OK
OLTZ OK
OLTJ OK
OLSI OK
OLST OK
OLSJ OK
OLZI OK
OLSZ OK
OLZT OK
OLZJ OK
OLJI OK
OLJT OK
OLJS OK
OLJZ OK
TIOS OK
TIOZ OK
TIOJ OK
TIOL OK
TISO OK
TISJ OK
TISL OK
TIZO OK
OLZS OK
TIZJ OK
OJZS OK
TIZL OK
TIJO OK
TIJS OK
TIJZ OK
TIJL OK
TILO OK
TILS OK
TILZ OK
TILJ OK
TOIS OK
TOIZ OK
TISZ OK
TOIJ OK
TOIL OK
TOSI OK
TOSJ OK
TOSL OK
TOZI OK
TIZS OK
TOZJ OK
TOJI OK
TOZL OK
TOJS OK
TOJZ OK
TOJL OK
TOLI OK
TOSZ OK
TOLS OK
TOLZ OK
TOLJ OK
TSIO OK
TOZS OK
TSIJ OK
TSIL OK
TSOI OK
TSOJ OK
TSOL OK
TSOZ OK
TSZJ OK
TSZL OK
TSJI OK
TSZO OK
TSIZ OK
TSJO OK
TSJZ OK
TSJL OK
TSLI OK
TSZI OK
TSLO OK
TSLJ OK
TZIO OK
TSLZ OK
TZIJ OK
TZIL OK
TZOI OK
TZOJ OK
TZOL OK
TZOS OK
TZIS OK
TZSJ OK
TZSL OK
TZJI OK
TZJO OK
TZSI OK
TZJL OK
TZJS OK
TZLI OK
TZSO OK
TZLO OK
TZLS OK
TJIO OK
TZLJ OK
TJIS OK
TJIZ OK
TJIL OK
TJOI OK
TJOL OK
TJSI OK
TJOS OK
TJOZ OK
TJSL OK
TJSO OK
TJZI OK
TJSZ OK
TJZL OK
TJZO OK
TJLI OK
TJZS OK
TJLO OK
TJLS OK
TJLZ OK
TLIO OK
TLIS OK
TLIZ OK
TLIJ OK
TLOI OK
TLOJ OK
TLSI OK
TLSO OK
TLOS OK
TLOZ OK
TLSJ OK
TLSZ OK
TLZI OK
TLZO OK
TLJI OK
TLZJ OK
TLZS OK
TLJO OK
TLJS OK
TLJZ OK
SIOJ OK
SIOL OK
SITO OK
SITJ OK
SIOT OK
SITL OK
SITZ OK
SIZJ OK
SIZL OK
SIJO OK
SIZT OK
SIJT OK
SIOZ OK
SIJZ OK
SIJL OK
SILO OK
SILT OK
SILZ OK
SILJ OK
SOIT OK
SOIJ OK
SOIL OK
SOTI OK
SOTJ OK
SOTL OK
SOTZ OK
SOIZ OK
SOZT OK
SOZI OK
SOJI OK
SOZL OK
SOJT OK
SOZJ OK
SOLI OK
SOJL OK
SOLT OK
SOJZ OK
SOLJ OK
STIO OK
SOLZ OK
STIJ OK
STIL OK
STOI OK
STIZ OK
STOJ OK
STOL OK
STOZ OK
STZJ OK
STZI OK
STZO OK
STZL OK
STJI OK
STJO OK
STJZ OK
STJL OK
STLI OK
STLO OK
STLZ OK
SIZO OK
STLJ OK
SZIJ OK
SZIL OK
SZIT OK
SZOT OK
SZIO OK
SZOJ OK
SZOL OK
SZOI OK
SZTJ OK
SZTL OK
SZJI OK
SZJO OK
SZJT OK
SZJL OK
SZLI OK
SZTO OK
SZLT OK
SZTI OK
SZLJ OK
SJIO OK
SJIT OK
SJIZ OK
SJIL OK
SJOI OK
SZLO OK
SJOT OK
SJTI OK
SJTO OK
SJOL OK
SJTZ OK
SJTL OK
SJZI OK
SJOZ OK
SJZT OK
SJZL OK
SJLI OK
SJLO OK
SJLT OK
SJZO OK
SJLZ OK
SLIO OK
SLIT OK
SLIZ OK
SLIJ OK
SLOI OK
SLOT OK
SLOJ OK
SLTI OK
SLTO OK
SLTJ OK
SLTZ OK
SLOZ OK
SLZI OK
SLZT OK
SLZJ OK
SLJI OK
SLJO OK
SLJT OK
SLJZ OK
ZIOT OK
ZIOJ OK
ZIOL OK
ZITO OK
ZITJ OK
ZITL OK
ZIOS OK
SLZO OK
ZISJ OK
ZISL OK
ZIJO OK
ZITS OK
ZIJT OK
ZIJS OK
ZIJL OK
ZILO OK
ZILT OK
ZILS OK
ZILJ OK
ZIST OK
ZOIT OK
ZOIJ OK
ZOIL OK
ZISO OK
ZOTI OK
ZOTJ OK
ZOTL OK
ZOTS OK
ZOIS OK
ZOSJ OK
ZOJI OK
ZOSI OK
ZOST OK
ZOJT OK
ZOSL OK
ZOLI OK
ZOJS OK
ZOJL OK
ZOLT OK
ZTIO OK
ZOLJ OK
ZTIJ OK
ZTIL OK
ZTOI OK
ZOLS OK
ZTOJ OK
ZTOL OK
ZTIS OK
ZTOS OK
ZTSJ OK
ZTSL OK
ZTJI OK
ZTJO OK
ZTJS OK
ZTJL OK
ZTLI OK
ZTSI OK
ZTLO OK
ZTSO OK
ZTLS OK
ZTLJ OK
ZSIJ OK
ZSIL OK
ZSIT OK
ZSOT OK
ZSOJ OK
ZSIO OK
ZSOI OK
ZSOL OK
ZSTJ OK
ZSTL OK
ZSJI OK
ZSJT OK
ZSJO OK
ZSTO OK
ZSLI OK
ZSJL OK
ZSTI OK
ZSLT OK
ZSLJ OK
ZJIO OK
ZJIT OK
ZJIS OK
ZSLO OK
ZJIL OK
ZJOI OK
ZJOT OK
ZJTI OK
ZJOL OK
ZJTO OK
ZJTL OK
ZJTS OK
ZJSI OK
ZJST OK
ZJSL OK
ZJSO OK
ZJLI OK
ZJLO OK
ZJLT OK
ZJLS OK
ZLIO OK
ZLIT OK
ZLIS OK
ZLIJ OK
ZLOI OK
ZLOT OK
ZLOJ OK
ZLTI OK
ZLTO OK
ZLTS OK
ZLTJ OK
ZLSI OK
ZLOS OK
ZLST OK
ZLSJ OK
ZLJI OK
ZLJO OK
ZLJT OK
ZJOS OK
JIOT OK
ZLJS OK
JIOS OK
JIOZ OK
JIOL OK
JITO OK
JITS OK
JITZ OK
JITL OK
JIST OK
ZLSO OK
JISL OK
JISO OK
JIZT OK
JISZ OK
JIZO OK
JIZL OK
JILO OK
JILT OK
JILS OK
JILZ OK
JOIT OK
JOIS OK
JOIZ OK
JOIL OK
JOTI OK
JOTS OK
JOTZ OK
JOTL OK
JOSI OK
JIZS OK
JOST OK
JOZI OK
JOZT OK
JOSL OK
JOZL OK
JOLI OK
JOSZ OK
JOLT OK
JOLS OK
JOLZ OK
JTIO OK
JTIS OK
JTIZ OK
JTIL OK
JTOI OK
JTOS OK
JTOL OK
JTOZ OK
JTSI OK
JTSO OK
JTSL OK
JTSZ OK
JTZI OK
JTZO OK
JTZL OK
JTLI OK
JTLO OK
JTZS OK
JTLS OK
JTLZ OK
JSIO OK
JSIT OK
JSIZ OK
JSIL OK
JSOI OK
JSOT OK
JSOL OK
JSTI OK
JSTO OK
JSTZ OK
JSTL OK
JSZI OK
JSOZ OK
JSZT OK
JSZL OK
JSLI OK
JSLO OK
JSLT OK
JSLZ OK
JSZO OK
JZIT OK
JZIO OK
JZIL OK
JOZS OK
JZOI OK
JZOT OK
JZIS OK
JZTI OK
JZOL OK
JZTO OK
JZTL OK
JZTS OK
JZST OK
JZSL OK
JZLI OK
JZLO OK
JZLT OK
JZLS OK
JZSI OK
JLIO OK
JLIT OK
JLIS OK
JLIZ OK
JLOI OK
JLOT OK
JLOS OK
JLOZ OK
JLTI OK
JLTO OK
JLTS OK
JLTZ OK
JLSI OK
JLSO OK
JLST OK
JLZI OK
JLSZ OK
JLZO OK
JLZT OK
LIOT OK
LIOS OK
JLZS OK
JZOS OK
LIOJ OK
LIOZ OK
LITO OK
LITS OK
LITZ OK
LITJ OK
LIST OK
LISO OK
LISJ OK
JZSO OK
LIZT OK
LIZO OK
LIZJ OK
LIJO OK
LIJT OK
LISZ OK
LIJS OK
LIJZ OK
LOIT OK
LOIS OK
LOIZ OK
LOIJ OK
LOTI OK
LOTS OK
LOTZ OK
LOTJ OK
LOSI OK
LOST OK
LOSJ OK
LIZS OK
LOZI OK
LOZT OK
LOZJ OK
LOJI OK
LOSZ OK
LOJT OK
LOJS OK
LOJZ OK
LTIO OK
LOZS OK
LTIS OK
LTIZ OK
LTIJ OK
LTOI OK
LTOJ OK
LTSI OK
LTSO OK
LTOS OK
LTOZ OK
LTSJ OK
LTZI OK
LTSZ OK
LTZO OK
LTZJ OK
LTJI OK
LTZS OK
LTJO OK
LTJS OK
LTJZ OK
LSIO OK
LSIT OK
LSIJ OK
LSIZ OK
LSOI OK
LSOT OK
LSOJ OK
LSTI OK
LSTO OK
LSTJ OK
LSTZ OK
LSZI OK
LSOZ OK
LSZT OK
LSJI OK
LSZJ OK
LSJO OK
LSJT OK
LSJZ OK
LZIO OK
LZIT OK
LSZO OK
LZIS OK
LZIJ OK
LZOI OK
LZOT OK
LZOJ OK
LZTI OK
LZTO OK
LZTS OK
LZTJ OK
LZSI OK
LZOS OK
LZST OK
LZSJ OK
LZJI OK
LZJO OK
LZJT OK
LZJS OK
LJIO OK
LZSO OK
LJIT OK
LJIS OK
LJIZ OK
LJOI OK
LJOT OK
LJOS OK
LJOZ OK
LJTI OK
LJTO OK
LJTS OK
LJTZ OK
LJSI OK
LJST OK
LJSO OK
LJZI OK
LJZO OK
LJZT OK
LJZS OK
LJSZ OK
