IOTL OK
IOTJ OK
IOTS OK
IOTZ OK
IOSL OK
IOSJ OK
IOST OK
IOZT OK
IOZJ OK
IOZL OK
IOJT OK
IOJS OK
IOJZ OK
IOJL OK
IOLT OK
IOLS OK
IOLZ OK
IOLJ OK
ITOS OK
ITOZ OK
ITOJ OK
IOSZ OK
ITOL OK
ITSO OK
ITSJ OK
ITSL OK
ITZO OK
IOZS OK
ITZJ OK
ITZL OK
ITJO OK
ITJS OK
ITJZ OK
ITSZ OK
ITJL OK
ITLO OK
ITLS OK
ITLZ OK
ITLJ OK
ISOT OK
ISOJ OK
ISOL OK
ISTO OK
ITZS OK
ISTJ OK
ISTL OK
ISOZ OK
ISTZ OK
ISZJ OK
ISJO OK
ISJT OK
ISJZ OK
ISZL OK
ISZT OK
ISZO OK
ISJL OK
ISLT OK
ISLJ OK
ISLO OK
IZOJ OK
IZOT OK
IZOL OK
IZTO OK
ISLZ OK
IZTJ OK
IZTL OK
IZTS OK
IZSJ OK
IZSL OK
IZOS OK
IZJT OK
IZJO OK
IZST OK
IZSO OK
IZJL OK
IZLO OK
IZJS OK
IZLT OK
IZLS OK
IZLJ OK
IJOT OK
IJOS OK
IJOZ OK
IJOL OK
IJTO OK
IJTS OK
IJTZ OK
IJTL OK
IJST OK
IJSO OK
IJSL OK
IJSZ OK
IJZT OK
IJZO OK
IJZL OK
IJLO OK
IJLT OK
IJLS OK
IJLZ OK
ILOT OK
ILOS OK
ILOZ OK
ILOJ OK
ILTO OK
ILTS OK
ILTZ OK
ILTJ OK
ILSO OK
ILST OK
ILSJ OK
IJZS OK
ILZO OK
ILZT OK
ILSZ OK
ILZJ OK
ILJO OK
ILJT OK
ILJS OK
ILJZ OK
OITS OK
OITJ OK
OITZ OK
OITL OK
OIST OK
OISJ OK
OISL OK
ILZS OK
OIZT OK
OIZJ OK
OIZL OK
OIJT OK
OIJS OK
OIJZ OK
OIJL OK
OILT OK
OILS OK
OISZ OK
OILZ OK
OILJ OK
OTIS OK
OTIZ OK
OTIJ OK
OTIL OK
OTSI OK
OTSJ OK
OTSL OK
OTZI OK
OIZS OK
OTZJ OK
OTZL OK
OTJI OK
OTSZ OK
OTJS OK
OTJZ OK
OTLI OK
OTJL OK
OTLS OK
OTZS OK
OTLJ OK
OTLZ OK
OSIT OK
OSIJ OK
OSIL OK
OSTI OK
OSTJ OK
OSTL OK
OSTZ OK
OSIZ OK
OSZI OK
OSZT OK
OSJI OK
OSZL OK
OSJT OK
OSJL OK
OSLI OK
OSLT OK
OSJZ OK
OSLJ OK
OZIT OK
OSLZ OK
OZIJ OK
OZIL OK
OZTI OK
OZTJ OK
OZTL OK
OZTS OK
OZIS OK
OZSJ OK
OSZJ OK
OZST OK
OZJI OK
OZJT OK
OZSL OK
OZJS OK
OZJL OK
OZSI OK
OZLI OK
OZLT OK
OZLJ OK
OJIT OK
OJIS OK
OJIZ OK
OJIL OK
OJTI OK
OJTS OK
OJTZ OK
OJTL OK
OJSI OK
OJST OK
OJSL OK
OJZI OK
OJZT OK
OZLS OK
OJZL OK
OJLI OK
OJLT OK
OJLS OK
OJLZ OK
OLIT OK
OLIS OK
OLIZ OK
OLIJ OK
OLTI OK
OLTS OK
OLTZ OK
OLTJ OK
OLSI OK
OLST OK
OLSZ OK
OLSJ OK
OLZI OK
OLZT OK
OLZJ OK
OLJI OK
OLJT OK
OLJS OK
OLJZ OK
OJSZ OK
TIOS OK
TIOZ OK
TIOJ OK
TIOL OK
TISO OK
TISJ OK
TISL OK
OJZS OK
TIZO OK
TIZJ OK
TIZL OK
TIJO OK
TIJS OK
TIJZ OK
TIJL OK
TISZ OK
TILO OK
TILS OK
TILZ OK
TILJ OK
TOIS OK
TOIZ OK
TOIJ OK
TOIL OK
TOSI OK
TIZS OK
TOSJ OK
TOSL OK
TOZI OK
OLZS OK
TOZJ OK
TOZL OK
TOJI OK
TOJS OK
TOJZ OK
TOJL OK
TOSZ OK
TOLI OK
TOLS OK
TOLJ OK
TOLZ OK
TSIO OK
TOZS OK
TSIJ OK
TSIL OK
TSOI OK
TSOJ OK
TSOL OK
TSOZ OK
TSZJ OK
TSIZ OK
TSZL OK
TSZO OK
TSJI OK
TSJO OK
TSJL OK
TSJZ OK
TSLI OK
TSLO OK
TSLZ OK
TSLJ OK
TZIO OK
TZIJ OK
TZIL OK
TSZI OK
TZOI OK
TZOJ OK
TZOL OK
TZOS OK
TZIS OK
TZSL OK
TZSJ OK
TZJI OK
TZJO OK
TZSO OK
TZSI OK
TZJS OK
TZJL OK
TZLI OK
TZLJ OK
TZLO OK
TZLS OK
TJIO OK
TJIS OK
TJIZ OK
TJIL OK
TJOI OK
TJOL OK
TJSI OK
TJOS OK
TJOZ OK
TJSL OK
TJZI OK
TJSO OK
TJZO OK
TJZL OK
TJZS OK
TJSZ OK
TJLI OK
TJLO OK
TJLS OK
TJLZ OK
TLIO OK
TLIS OK
TLIZ OK
TLIJ OK
TLOI OK
TLOJ OK
TLSI OK
TLSO OK
TLOS OK
TLSZ OK
TLSJ OK
TLOZ OK
TLZI OK
TLZJ OK
TLZO OK
TLZS OK
TLJI OK
TLJO OK
TLJS OK
TLJZ OK
SIOJ OK
SIOL OK
SITO OK
SITJ OK
SITL OK
SIOT OK
SIOZ OK
SIZJ OK
SITZ OK
SIJO OK
SIZL OK
SIJT OK
SIJZ OK
SIJL OK
SILT OK
SILO OK
SIZT OK
SIZO OK
SILJ OK
SOIT OK
SOIJ OK
SOIL OK
SOTI OK
SILZ OK
SOTJ OK
SOTL OK
SOTZ OK
SOIZ OK
SOZL OK
SOZT OK
SOZI OK
SOJI OK
SOJT OK
SOJL OK
SOLI OK
SOLT OK
SOJZ OK
SOLJ OK
STIO OK
SOLZ OK
STIJ OK
STIL OK
STOI OK
STIZ OK
STOJ OK
STOL OK
STOZ OK
STZJ OK
STZI OK
STZL OK
STJI OK
STZO OK
STJO OK
STJZ OK
STJL OK
STLI OK
STLO OK
STLZ OK
STLJ OK
SOZJ OK
SZIJ OK
SZIL OK
SZIT OK
SZIO OK
SZOT OK
SZOJ OK
SZOI OK
SZOL OK
SZTJ OK
SZTL OK
SZJI OK
SZJO OK
SZJT OK
SZTO OK
SZJL OK
SZLI OK
SZLT OK
SZLJ OK
SZTI OK
SJIO OK
SJIT OK
SJIZ OK
SZLO OK
SJIL OK
SJOI OK
SJOT OK
SJTI OK
SJOL OK
SJTO OK
SJTZ OK
SJTL OK
SJZI OK
SJZT OK
SJOZ OK
SJZL OK
SJLI OK
SJLO OK
SJLT OK
SJZO OK
SJLZ OK
SLIT OK
SLIO OK
SLIJ OK
SLOI OK
SLOT OK
SLOJ OK
SLTI OK
SLIZ OK
SLTO OK
SLTZ OK
SLTJ OK
SLOZ OK
SLZT OK
SLZJ OK
SLJI OK
SLJO OK
SLJT OK
SLZI OK
SLJZ OK
ZIOJ OK
ZIOT OK
ZIOL OK
ZITO OK
ZITJ OK
ZITL OK
ZIOS OK
ZITS OK
ZISJ OK
ZISL OK
ZIJO OK
ZISO OK
ZIJT OK
ZIST OK
ZIJS OK
ZIJL OK
ZILO OK
ZILT OK
ZILS OK
ZILJ OK
ZOIJ OK
ZOIT OK
ZOIL OK
ZOTI OK
ZOTJ OK
ZOTL OK
ZOTS OK
SLZO OK
ZOSJ OK
ZOIS OK
ZOJI OK
ZOJT OK
ZOSL OK
ZOST OK
ZOJL OK
ZOLI OK
ZOJS OK
ZOSI OK
ZOLT OK
ZOLJ OK
ZTIO OK
ZTIJ OK
ZTIL OK
ZTOI OK
ZTOJ OK
ZTIS OK
ZTOL OK
ZTOS OK
ZOLS OK
ZTSJ OK
ZTSL OK
ZTJI OK
ZTJO OK
ZTJS OK
ZTJL OK
ZTLI OK
ZTLO OK
ZTSO OK
ZTLS OK
ZTLJ OK
ZTSI OK
ZSIJ OK
ZSIL OK
ZSIT OK
ZSIO OK
ZSOT OK
ZSOI OK
ZSOJ OK
ZSTJ OK
ZSOL OK
ZSTL OK
ZSJI OK
ZSJO OK
ZSJT OK
ZSJL OK
ZSLI OK
ZSTO OK
ZSLT OK
ZSLJ OK
ZSTI OK
ZJIO OK
ZJIT OK
ZJIS OK
ZSLO OK
ZJIL OK
ZJOI OK
ZJOT OK
ZJTI OK
ZJOL OK
ZJTO OK
ZJTS OK
ZJTL OK
ZJSI OK
ZJST OK
ZJSL OK
ZJLI OK
ZJSO OK
ZJLO OK
ZJLT OK
ZJLS OK
ZLIO OK
ZLIT OK
ZLIS OK
ZLIJ OK
ZLOI OK
ZLOT OK
ZLOJ OK
ZLTI OK
ZLTO OK
ZLTS OK
ZLTJ OK
ZLSI OK
ZLST OK
ZLSJ OK
ZLJI OK
ZLJO OK
ZLOS OK
ZLJT OK
ZLJS OK
JIOT OK
JIOS OK
JIOZ OK
JIOL OK
JITO OK
JITS OK
ZLSO OK
JITZ OK
JITL OK
JIST OK
JISO OK
JISZ OK
JISL OK
ZJOS OK
JIZO OK
JIZT OK
JIZL OK
JILO OK
JILT OK
JILS OK
JILZ OK
JOIT OK
JOIS OK
JOIL OK
JOIZ OK
JOTI OK
JOTS OK
JOTZ OK
JOTL OK
JOSI OK
JOST OK
JOSL OK
JOZI OK
JOZT OK
JIZS OK
JOZL OK
JOLI OK
JOLT OK
JOLS OK
JOLZ OK
JTIO OK
JTIS OK
JTIZ OK
JTIL OK
JTOI OK
JTOS OK
JTOZ OK
JTOL OK
JTSI OK
JTSO OK
JTSL OK
JTSZ OK
JTZI OK
JTZO OK
JTZS OK
JTLI OK
JTZL OK
JTLO OK
JTLS OK
JSIO OK
JTLZ OK
JSIT OK
JSIZ OK
JSIL OK
JSOI OK
JSOT OK
JSOL OK
JSTI OK
JSTO OK
JSOZ OK
JSTZ OK
JSTL OK
JSZI OK
JSZT OK
JOSZ OK
JSLI OK
JSZL OK
JSLT OK
JSLO OK
JSZO OK
JSLZ OK
JZIO OK
JZIT OK
JZIL OK
JZOI OK
JOZS OK
JZOT OK
JZOL OK
JZTI OK
JZTO OK
JZTS OK
JZTL OK
JZIS OK
JZST OK
JZSL OK
JZLI OK
JZLO OK
JZLT OK
JZSI OK
JZLS OK
JLIO OK
JLIT OK
JLIS OK
JLIZ OK
JLOI OK
JLOT OK
JLOS OK
JLOZ OK
JLTI OK
JLTO OK
JLTS OK
JLTZ OK
JLSI OK
JLST OK
JLSO OK
JLZI OK
JLZO OK
JLZT OK
JLSZ OK
LIOT OK
JLZS OK
LIOS OK
LIOZ OK
LIOJ OK
LITO OK
LITS OK
LITZ OK
LITJ OK
LISO OK
LIST OK
LISJ OK
LIZO OK
LIZT OK
LISZ OK
LIZJ OK
LIJO OK
LIJT OK
JZOS OK
LIJS OK
LIJZ OK
LOIT OK
LOIS OK
LOIZ OK
LOIJ OK
LOTI OK
LIZS OK
LOTS OK
LOTZ OK
LOTJ OK
LOSI OK
LOST OK
LOSJ OK
LOZI OK
LOZT OK
LOSZ OK
LOZJ OK
LOJI OK
LOJT OK
LOJS OK
LOJZ OK
LTIO OK
JZSO CAP
LTIS OK
LTIZ OK
LTIJ OK
LTOI OK
LTOJ OK
LTOS OK
LTSI OK
LTOZ OK
LTSJ OK
LTSO OK
LTSZ OK
LTZI OK
LTZO OK
LTZS OK
LTZJ OK
LTJI OK
LTJO OK
LTJS OK
LTJZ OK
LSIT OK
LSIO OK
LSIJ OK
LSOT OK
LSIZ OK
LSOI OK
LSTI OK
LSOJ OK
LSTO OK
LSTZ OK
LSTJ OK
LSOZ OK
LSZT OK
LSZJ OK
LSZI OK
LSJI OK
LSJO OK
LSJT OK
LSJZ OK
LZIO OK
LZIT OK
LZIS OK
LZIJ OK
LZOI OK
LZOT OK
LZOJ OK
LZTI OK
LZTO OK
LZTS OK
LZTJ OK
LOZS OK
LZSI OK
LZST OK
LZSJ OK
LZJI OK
LZJO OK
LZJT OK
LZJS OK
LJIO OK
LJIT OK
LZOS OK
LJIS OK
LJIZ OK
LJOI OK
LJOT OK
LJOS OK
LJOZ OK
LJTI OK
LJTO OK
LJTS OK
LJTZ OK
LJSI OK
LJSO OK
LJST OK
LZSO OK
LJZI OK
LJZO OK
LJZT OK
LJZS OK
LJSZ OK
LSZO CAP
