IOTL OK
IOTJ OK
IOTS OK
IOTZ OK
IOST OK
IOSJ OK
IOSL OK
IOZJ OK
IOZT OK
IOZL OK
IOJT OK
IOJS OK
IOJZ OK
IOJL OK
IOLT OK
IOLS OK
IOLZ OK
IOLJ OK
ITOS OK
ITOZ OK
IOSZ OK
ITOJ OK
ITOL OK
ITSO OK
ITSJ OK
ITSL OK
ITZO OK
ITZJ OK
ITZL OK
ITJO OK
ITJS OK
ITJZ OK
ITJL OK
ITSZ OK
ITLO OK
ITZS OK
ITLS OK
ITLZ OK
ITLJ OK
ISOJ OK
ISOL OK
ISTO OK
ISOT OK
IOZS OK
ISTJ OK
ISTL OK
ISOZ OK
ISZJ OK
ISZL OK
ISTZ OK
ISJO OK
ISZT OK
ISJT OK
ISJZ OK
ISJL OK
ISLO OK
ISLT OK
ISLJ OK
ISLZ OK
IZOJ OK
IZOT OK
IZOL OK
IZTO OK
IZTJ OK
IZTL OK
IZTS OK
ISZO OK
IZSJ OK
IZSL OK
IZJO OK
IZJT OK
IZST OK
IZJL OK
IZJS OK
IZLO OK
IZLT OK
IZLS OK
IZLJ OK
IZSO OK
IJOT OK
IJOS OK
IJOZ OK
IJOL OK
IJTO OK
IJTS OK
IJTZ OK
IJTL OK
IJST OK
IZOS OK
IJSO OK
IJSL OK
IJZT OK
IJZO OK
IJZL OK
IJLO OK
IJSZ OK
IJLT OK
IJLS OK
IJLZ OK
ILOT OK
ILOS OK
ILOJ OK
ILOZ OK
ILTO OK
ILTS OK
ILTZ OK
ILTJ OK
ILST OK
ILSO OK
ILSJ OK
ILZO OK
ILZT OK
ILSZ OK
ILZJ OK
ILJO OK
ILJT OK
ILJS OK
ILJZ OK
OITS OK
OITZ OK
ILZS OK
OITJ OK
OITL OK
OIST OK
OISJ OK
OISL OK
OIZT OK
IJZS OK
OIZJ OK
OIZL OK
OIJT OK
OIJS OK
OIJZ OK
OIJL OK
OILT OK
OISZ OK
OILS OK
OILZ OK
OILJ OK
OTIS OK
OTIZ OK
OTIJ OK
OTIL OK
OTSI OK
OTSJ OK
OTSL OK
OTZI OK
OTSZ OK
OTZJ OK
OTZL OK
OTJI OK
OTZS OK
OTJS OK
OTJZ OK
OTLI OK
OTJL OK
OTLS OK
OTLZ OK
OTLJ OK
OSIT OK
OSIJ OK
OSIL OK
OSTI OK
OIZS OK
OSTJ OK
OSIZ OK
OSTZ OK
OSTL OK
OSZL OK
OSJI OK
OSZT OK
OSJT OK
OSZI OK
OSJL OK
OSLI OK
OSJZ OK
OSLT OK
OSLJ OK
OZIT OK
OSLZ OK
OZIJ OK
OZIL OK
OZTI OK
OZTJ OK
OZTL OK
OZTS OK
OSZJ OK
OZSJ OK
OZST OK
OZIS OK
OZSL OK
OZJI OK
OZSI OK
OZJT OK
OZLI OK
OZJL OK
OZJS OK
OZLT OK
OZLJ OK
OJIT OK
OJIS OK
OJIZ OK
OJIL OK
OJTI OK
OJTZ OK
OJTS OK
OJTL OK
OJSI OK
OJST OK
OZLS OK
OJZI OK
OJZT OK
OJSZ OK
OJSL OK
OJLI OK
OJLT OK
OJLS OK
OJZL OK
OJLZ OK
OLIT OK
OLIS OK
OLIZ OK
OLIJ OK
OLTI OK
OLTS OK
OLTZ OK
OLTJ OK
OLSI OK
OLST OK
OLSZ OK
OLSJ OK
OLZI OK
OLZT OK
OLZJ OK
OLJI OK
OLJT OK
OLJS OK
OLJZ OK
TIOS OK
TIOZ OK
TIOJ OK
TIOL OK
TISO OK
TISJ OK
TISL OK
TIZO OK
OJZS OK
TIZJ OK
TIZL OK
TISZ OK
TIJO OK
TIJS OK
TIJZ OK
TIJL OK
TILO OK
TILS OK
TILZ OK
TIZS OK
TILJ OK
TOIS OK
TOIZ OK
TOIJ OK
TOIL OK
TOSI OK
TOSJ OK
TOSL OK
TOZI OK
OLZS OK
TOZJ OK
TOZL OK
TOJI OK
TOJS OK
TOJZ OK
TOJL OK
TOLI OK
TOLS OK
TOSZ OK
TOLZ OK
TOLJ OK
TSIO OK
TSIJ OK
TOZS OK
TSIL OK
TSOI OK
TSOJ OK
TSOL OK
TSOZ OK
TSZJ OK
TSIZ OK
TSJI OK
TSZL OK
TSZI OK
TSJO OK
TSJL OK
TSLI OK
TSZO OK
TSJZ OK
TSLO OK
TSLJ OK
TSLZ OK
TZIO OK
TZIJ OK
TZIL OK
TZOI OK
TZOJ OK
TZOL OK
TZOS OK
TZIS OK
TZSJ OK
TZSL OK
TZJI OK
TZJO OK
TZSI OK
TZJS OK
TZJL OK
TZLI OK
TZLO OK
TZSO OK
TZLJ OK
TZLS OK
TJIO OK
TJIS OK
TJIZ OK
TJIL OK
TJOI OK
TJOL OK
TJOS OK
TJSI OK
TJOZ OK
TJSO OK
TJSL OK
TJZI OK
TJZO OK
TJZS OK
TJZL OK
TJSZ OK
TJLI OK
TJLO OK
TLIO OK
TJLS OK
TJLZ OK
TLIJ OK
TLIS OK
TLOI OK
TLIZ OK
TLSI OK
TLOZ OK
TLOS OK
TLOJ OK
TLSJ OK
TLSO OK
TLSZ OK
TLZI OK
TLZJ OK
TLZO OK
TLZS OK
TLJI OK
TLJO OK
TLJS OK
TLJZ OK
SIOJ OK
SIOL OK
SITO OK
SIOT OK
SITJ OK
SITL OK
SIOZ OK
SIZJ OK
SITZ OK
SIJO OK
SIJT OK
SIZL OK
SIJZ OK
SIJL OK
SILT OK
SIZT OK
SILO OK
SILJ OK
SOIT OK
SILZ OK
SOIJ OK
SOIL OK
SOTI OK
SOTJ OK
SOTL OK
SOIZ OK
SOTZ OK
SOZT OK
SIZO OK
SOZI OK
SOJI OK
SOJT OK
SOZL OK
SOJL OK
SOLI OK
SOJZ OK
SOLT OK
STIO OK
SOLJ OK
SOLZ OK
STIJ OK
STIL OK
STOI OK
STOJ OK
STOL OK
STOZ OK
STIZ OK
SOZJ OK
STZJ OK
STZL OK
STJI OK
STJO OK
STJZ OK
STJL OK
STZI OK
STLI OK
STZO OK
STLO OK
STLJ OK
STLZ OK
SZIJ OK
SZIL OK
SZIT OK
SZOT OK
SZIO OK
SZOJ OK
SZOI OK
SZOL OK
SZTJ OK
SZTL OK
SZJI OK
SZJO OK
SZTO OK
SZJT OK
SZJL OK
SZLI OK
SZTI OK
SZLJ OK
SZLT OK
SJIO OK
SJIT OK
SJIZ OK
SZLO OK
SJIL OK
SJOI OK
SJOT OK
SJTI OK
SJTO OK
SJOL OK
SJOZ OK
SJTL OK
SJZI OK
SJTZ OK
SJZT OK
SJLI OK
SJZL OK
SJZO OK
SJLT OK
SJLO OK
SLIT OK
SJLZ OK
SLIO OK
SLIJ OK
SLOT OK
SLIZ OK
SLOJ OK
SLOI OK
SLTI OK
SLOZ OK
SLTO OK
SLTZ OK
SLTJ OK
SLZT OK
SLZJ OK
SLJI OK
SLJO OK
SLZI OK
SLJT OK
SLJZ OK
ZIOJ OK
ZIOL OK
ZIOT OK
ZITO OK
ZITJ OK
ZITL OK
ZITS OK
ZIOS OK
ZISJ OK
ZISL OK
ZIST OK
ZIJO OK
ZIJT OK
SLZO OK
ZISO OK
ZILO OK
ZIJS OK
ZIJL OK
ZILS OK
ZILT OK
ZILJ OK
ZOIT OK
ZOIJ OK
ZOIL OK
ZOTI OK
ZOTJ OK
ZOTL OK
ZOTS OK
ZOSJ OK
ZOST OK
ZOSL OK
ZOJI OK
ZOJT OK
ZOSI OK
ZOJS OK
ZOLI OK
ZOJL OK
ZOLT OK
ZOIS OK
ZOLJ OK
ZTIO OK
ZTIJ OK
ZTIL OK
ZTOI OK
ZOLS OK
ZTOJ OK
ZTOL OK
ZTIS OK
ZTOS OK
ZTSJ OK
ZTSL OK
ZTJI OK
ZTJO OK
ZTJS OK
ZTJL OK
ZTLI OK
ZTSI OK
ZTLO OK
ZTSO OK
ZTLS OK
ZTLJ OK
ZSIJ OK
ZSIL OK
ZSIT OK
ZSOT OK
ZSIO OK
ZSOJ OK
ZSOL OK
ZSOI OK
ZSTJ OK
ZSTL OK
ZSJI OK
ZSJO OK
ZSJT OK
ZSJL OK
ZSLI OK
ZSTO OK
ZSLT OK
ZSLJ OK
ZSTI OK
ZSLO OK
ZJIO OK
ZJIT OK
ZJIL OK
ZJIS OK
ZJOI OK
ZJOT OK
ZJTI OK
ZJOL OK
ZJTO OK
ZJOS OK
ZJTS OK
ZJTL OK
ZJST OK
ZJSI OK
ZJLI OK
ZJLO OK
ZJSL OK
ZJSO OK
ZJLT OK
ZJLS OK
ZLIO OK
ZLIT OK
ZLIS OK
ZLIJ OK
ZLOI OK
ZLOT OK
ZLOJ OK
ZLTI OK
ZLTO OK
ZLTS OK
ZLTJ OK
ZLSI OK
ZLST OK
ZLSJ OK
ZLJI OK
ZLJO OK
ZLJT OK
ZLJS OK
JIOT OK
ZLOS OK
JIOS OK
JIOL OK
JIOZ OK
JITO OK
JITS OK
JITZ OK
JITL OK
JIST OK
JISO OK
JISL OK
JIZO OK
JIZT OK
JISZ OK
JIZL OK
JILO OK
JILT OK
JILS OK
JILZ OK
JOIT OK
JOIS OK
JOIZ OK
JOIL OK
JOTI OK
JOTS OK
JOTZ OK
JOTL OK
ZLSO OK
JOSI OK
JOST OK
JOZI OK
JOSL OK
JOSZ OK
JOZT OK
JOLI OK
JOLT OK
JOZL OK
JOLS OK
JOLZ OK
JTIO OK
JTIS OK
JTIZ OK
JTIL OK
JTOI OK
JIZS OK
JTOS OK
JTOZ OK
JTOL OK
JTSI OK
JTSO OK
JTSL OK
JTZI OK
JTZO OK
JTSZ OK
JTZS OK
JTLI OK
JTZL OK
JTLO OK
JTLS OK
JTLZ OK
JSIO OK
JSIT OK
JSIZ OK
JSIL OK
JSOI OK
JSOT OK
JSTI OK
JSOL OK
JSTO OK
JSOZ OK
JSTL OK
JSZI OK
JSTZ OK
JSZO OK
JSZT OK
JSLI OK
JSZL OK
JSLT OK
JZIO OK
JSLO OK
JZIT OK
JSLZ OK
JZIL OK
JZOI OK
JZOT OK
JOZS OK
JZTI OK
JZOL OK
JZTO OK
JZTS OK
JZTL OK
JZIS OK
JZSI OK
JZST OK
JZLI OK
JZSL OK
JZLO OK
JZLT OK
JZLS OK
JLIO OK
JLIT OK
JLIS OK
JLIZ OK
JLOI OK
JLOT OK
JLOS OK
JLOZ OK
JLTI OK
JLTO OK
JLTS OK
JLTZ OK
JLSI OK
JLST OK
JLSO OK
JLZI OK
JLSZ OK
JLZT OK
JLZO OK
LIOT OK
LIOS OK
LIOZ OK
LIOJ OK
LITO OK
JLZS OK
LITS OK
LITZ OK
LITJ OK
LIST OK
JZOS OK
LISO OK
LISJ OK
LIZT OK
LIZO OK
LIZJ OK
LISZ OK
LIJO OK
LIJT OK
LIJS OK
LIJZ OK
LOIT OK
LOIS OK
LOIZ OK
LOIJ OK
LOTI OK
LIZS OK
LOTS OK
LOTZ OK
LOTJ OK
LOSI OK
LOST OK
LOSJ OK
LOZI OK
LOZT OK
JZSO CAP
LOZJ OK
LOJI OK
LOSZ OK
LOJT OK
LOJS OK
LOJZ OK
LTIO OK
LTIS OK
LTIZ OK
LTIJ OK
LTOI OK
LTOS OK
LTOZ OK
LTOJ OK
LTSI OK
LTSO OK
LTSZ OK
LTSJ OK
LTZI OK
LTZO OK
LTZS OK
LTZJ OK
LTJI OK
LTJO OK
LTJS OK
LTJZ OK
LSIT OK
LSIO OK
LSIJ OK
LSIZ OK
LSOT OK
LSOJ OK
LSOI OK
LSTI OK
LSTO OK
LSTZ OK
LSTJ OK
LSOZ OK
LSZT OK
LSZJ OK
LSZI OK
LSJI OK
LSJT OK
LSJO OK
LZIO OK
LZIT OK
LSJZ OK
LZIJ OK
LZIS OK
LZOI OK
LZOT OK
LZOJ OK
LZTI OK
LZTO OK
LZTS OK
LOZS OK
LZTJ OK
LZSI OK
LZST OK
LZSJ OK
LZJI OK
LZJO OK
LZJT OK
LZJS OK
LJIO OK
LJIT OK
LJIS OK
LJIZ OK
LJOI OK
LJOT OK
LJOS OK
LJOZ OK
LJTI OK
LJTO OK
LJTS OK
LJTZ OK
LJSI OK
LJSO OK
LZOS OK
LJST OK
LJZI OK
LSZO CAP
LJZT OK
LJSZ OK
LJZO OK
LZSO OK
LJZS OK
