IOTJ OK
IOTL OK
IOTS OK
IOTZ OK
IOSJ OK
IOSL OK
IOST OK
IOZT OK
IOZJ OK
IOZL OK
IOJT OK
IOJS OK
IOJZ OK
IOJL OK
IOLT OK
IOLS OK
IOLZ OK
IOLJ OK
ITOS OK
ITOZ OK
ITOJ OK
IOSZ OK
ITOL OK
ITSO OK
ITSJ OK
ITSL OK
ITZO OK
ITZJ OK
ITZL OK
ITJO OK
ITJS OK
ITSZ OK
ITJZ OK
ITJL OK
ITLO OK
ITZS OK
ITLS OK
ITLZ OK
ITLJ OK
ISOT OK
ISOJ OK
ISOL OK
ISTO OK
ISTJ OK
IOZS OK
ISTL OK
ISOZ OK
ISZJ OK
ISTZ OK
ISJO OK
ISJT OK
ISZL OK
ISZT OK
ISJZ OK
ISJL OK
ISLT OK
ISLJ OK
ISLO OK
ISLZ OK
IZOT OK
IZOJ OK
IZOL OK
IZTO OK
IZTJ OK
IZTL OK
IZTS OK
ISZO OK
IZSJ OK
IZSL OK
IZST OK
IZJO OK
IZJT OK
IZJL OK
IZJS OK
IZLO OK
IZLT OK
IZLS OK
IZLJ OK
IJOT OK
IJOS OK
IJOZ OK
IJOL OK
IJTO OK
IJTS OK
IZOS OK
IJTZ OK
IJTL OK
IJST OK
IJSO OK
IJSL OK
IJZO OK
IJZT OK
IJZL OK
IZSO OK
IJLO OK
IJLT OK
IJLS OK
IJLZ OK
ILOT OK
ILOS OK
ILOZ OK
ILOJ OK
ILTO OK
ILTS OK
ILTZ OK
ILTJ OK
IJZS OK
ILST OK
ILSO OK
ILSJ OK
ILZT OK
ILZO OK
ILSZ OK
ILZJ OK
IJSZ OK
ILJT OK
ILJO OK
ILJS OK
ILJZ OK
OITS OK
OITZ OK
OITJ OK
OITL OK
OIST OK
OISJ OK
OISL OK
OIZT OK
ILZS OK
OIZJ OK
OIZL OK
OIJT OK
OIJS OK
OIJZ OK
OIJL OK
OILT OK
OISZ OK
OILS OK
OILJ OK
OILZ OK
OTIS OK
OTIJ OK
OTIZ OK
OTIL OK
OTSI OK
OTSJ OK
OTSL OK
OTZI OK
OTZJ OK
OTZL OK
OTSZ OK
OTJI OK
OTJS OK
OTJZ OK
OTZS OK
OTJL OK
OTLI OK
OTLS OK
OTLZ OK
OTLJ OK
OSIT OK
OSIJ OK
OSIL OK
OSTI OK
OSTJ OK
OSIZ OK
OIZS OK
OSTL OK
OSTZ OK
OSZL OK
OSJI OK
OSZT OK
OSJT OK
OSZI OK
OSJL OK
OSLI OK
OSJZ OK
OSLT OK
OZIT OK
OSLJ OK
OSLZ OK
OZIJ OK
OZIL OK
OZTI OK
OZTJ OK
OZTL OK
OZTS OK
OSZJ OK
OZST OK
OZSJ OK
OZJI OK
OZJT OK
OZSI OK
OZSL OK
OZJS OK
OZLI OK
OZJL OK
OZLT OK
OZLJ OK
OJIT OK
OJIS OK
OJIZ OK
OJIL OK
OJTI OK
OJTS OK
OJTZ OK
OZIS OK
OJTL OK
OJSI OK
OJST OK
OJZI OK
OJZT OK
OJSZ OK
OJSL OK
OJLI OK
OJLT OK
OJZL OK
OJLS OK
OJLZ OK
OLIT OK
OZLS OK
OLIS OK
OLIZ OK
OLIJ OK
OLTI OK
OLTS OK
OLTZ OK
OLTJ OK
OLSI OK
OLST OK
OLZI OK
OLSJ OK
OLSZ OK
OLZT OK
OLZJ OK
OLJI OK
OLJT OK
OLJS OK
OLJZ OK
TIOS OK
TIOZ OK
TIOJ OK
TIOL OK
TISO OK
TISJ OK
TISL OK
TIZO OK
OJZS OK
TIZJ OK
TIZL OK
TIJO OK
TISZ OK
TIJS OK
TIJZ OK
TIJL OK
TILO OK
TIZS OK
TILS OK
TILZ OK
TILJ OK
TOIS OK
TOIZ OK
TOIJ OK
TOIL OK
TOSI OK
TOSJ OK
TOSL OK
TOZI OK
OLZS OK
TOZJ OK
TOZL OK
TOJI OK
TOJS OK
TOJZ OK
TOJL OK
TOLI OK
TOSZ OK
TOLS OK
TOLZ OK
TOLJ OK
TSIO OK
TSIJ OK
TOZS OK
TSIL OK
TSOI OK
TSOJ OK
TSOL OK
TSOZ OK
TSZJ OK
TSZL OK
TSZO OK
TSJI OK
TSJO OK
TSIZ OK
TSJL OK
TSLI OK
TSJZ OK
TSZI OK
TSLO OK
TSLJ OK
TSLZ OK
TZIO OK
TZIJ OK
TZIL OK
TZOI OK
TZOJ OK
TZOL OK
TZOS OK
TZIS OK
TZSJ OK
TZSL OK
TZJI OK
TZSO OK
TZJO OK
TZJS OK
TZSI OK
TZJL OK
TZLI OK
TZLO OK
TZLS OK
TZLJ OK
TJIO OK
TJIS OK
TJIZ OK
TJIL OK
TJOI OK
TJOS OK
TJOZ OK
TJSI OK
TJOL OK
TJSL OK
TJZI OK
TJSO OK
TJZO OK
TJZL OK
TJZS OK
TJSZ OK
TJLI OK
TJLO OK
TJLS OK
TLIO OK
TJLZ OK
TLIS OK
TLIZ OK
TLIJ OK
TLOI OK
TLOJ OK
TLSI OK
TLOZ OK
TLOS OK
TLSO OK
TLSZ OK
TLSJ OK
TLZI OK
TLZJ OK
TLZO OK
TLJI OK
TLZS OK
TLJO OK
TLJS OK
TLJZ OK
SIOJ OK
SIOL OK
SITO OK
SITJ OK
SIOT OK
SITL OK
SIOZ OK
SIZJ OK
SITZ OK
SIJO OK
SIJT OK
SIZL OK
SIJZ OK
SIJL OK
SILO OK
SILT OK
SIZT OK
SILJ OK
SOIT OK
SILZ OK
SOIJ OK
SOTI OK
SOIL OK
SOTJ OK
SOTL OK
SOIZ OK
SOTZ OK
SOZT OK
SOZI OK
SIZO OK
SOJI OK
SOJT OK
SOZL OK
SOJL OK
SOLI OK
SOJZ OK
SOLT OK
STIO OK
SOLJ OK
SOLZ OK
STIJ OK
STIL OK
STOI OK
STIZ OK
STOJ OK
STOL OK
STOZ OK
STZJ OK
STZI OK
STZL OK
STZO OK
STJI OK
SOZJ OK
STJL OK
STJO OK
STLI OK
STJZ OK
STLZ OK
STLO OK
STLJ OK
SZIJ OK
SZIL OK
SZIT OK
SZOT OK
SZOJ OK
SZIO OK
SZOI OK
SZOL OK
SZTJ OK
SZTL OK
SZJI OK
SZJO OK
SZJT OK
SZTO OK
SZJL OK
SZLI OK
SZLT OK
SZLJ OK
SZTI OK
SJIO OK
SJIT OK
SZLO OK
SJIZ OK
SJIL OK
SJOI OK
SJOT OK
SJTI OK
SJTO OK
SJOL OK
SJTL OK
SJOZ OK
SJZI OK
SJTZ OK
SJZT OK
SJLI OK
SJZO OK
SJZL OK
SJLT OK
SLIO OK
SJLO OK
SLIT OK
SJLZ OK
SLIJ OK
SLOI OK
SLOT OK
SLOJ OK
SLTI OK
SLIZ OK
SLTO OK
SLTJ OK
SLTZ OK
SLOZ OK
SLZT OK
SLZJ OK
SLJI OK
SLZI OK
SLJO OK
SLJT OK
SLJZ OK
ZIOJ OK
ZIOL OK
ZIOT OK
ZITO OK
ZITJ OK
ZITL OK
ZITS OK
ZIST OK
ZISJ OK
ZISL OK
ZIOS OK
SLZO OK
ZIJT OK
ZIJO OK
ZIJL OK
ZILO OK
ZIJS OK
ZILT OK
ZILJ OK
ZILS OK
ZOIT OK
ZOIJ OK
ZOIL OK
ZISO OK
ZOTI OK
ZOTJ OK
ZOTL OK
ZOTS OK
ZOSJ OK
ZOST OK
ZOJI OK
ZOSL OK
ZOSI OK
ZOJT OK
ZOJS OK
ZOLI OK
ZOJL OK
ZOLT OK
ZOLJ OK
ZTIO OK
ZTIJ OK
ZTIL OK
ZTOI OK
ZOIS OK
ZTOJ OK
ZTIS OK
ZTOL OK
ZTOS OK
ZTSJ OK
ZOLS OK
ZTSL OK
ZTJI OK
ZTJO OK
ZTSO OK
ZTSI OK
ZTJS OK
ZTLI OK
ZTJL OK
ZTLO OK
ZTLS OK
ZTLJ OK
ZSIJ OK
ZSIL OK
ZSIT OK
ZSOT OK
ZSIO OK
ZSOJ OK
ZSOL OK
ZSOI OK
ZSTJ OK
ZSTL OK
ZSJI OK
ZSJO OK
ZSTO OK
ZSJT OK
ZSJL OK
ZSLI OK
ZSTI OK
ZSLJ OK
ZSLT OK
ZJIO OK
ZSLO OK
ZJIT OK
ZJIL OK
ZJIS OK
ZJOI OK
ZJOT OK
ZJTI OK
ZJTO OK
ZJOL OK
ZJTS OK
ZJTL OK
ZJSI OK
ZJSO OK
ZJST OK
ZJLI OK
ZJLO OK
ZJLT OK
ZJSL OK
ZJLS OK
ZLIO OK
ZLIT OK
ZLIS OK
ZLIJ OK
ZLOI OK
ZLOT OK
ZLOJ OK
ZLTI OK
ZLTO OK
ZLTS OK
ZLTJ OK
ZLSI OK
ZLST OK
ZLSJ OK
ZLJI OK
ZLJO OK
ZLJT OK
ZLJS OK
JIOT OK
JIOS OK
ZJOS OK
JIOZ OK
JIOL OK
JITO OK
ZLOS OK
JITS OK
JITL OK
JITZ OK
JISO OK
JIST OK
JISL OK
ZLSO OK
JIZO OK
JIZT OK
JIZL OK
JILO OK
JILT OK
JILS OK
JILZ OK
JOIT OK
JOIS OK
JOIZ OK
JOIL OK
JOTI OK
JOTS OK
JOTZ OK
JOTL OK
JOSI OK
JOST OK
JIZS OK
JOZI OK
JOSZ OK
JOZT OK
JOSL OK
JOLI OK
JOLT OK
JISZ OK
JOLS OK
JOLZ OK
JTIO OK
JOZL OK
JTIS OK
JTIZ OK
JTIL OK
JTOI OK
JTOS OK
JTOZ OK
JTOL OK
JTSI OK
JTSO OK
JTSL OK
JTZI OK
JTZO OK
JTSZ OK
JTZS OK
JTLI OK
JTZL OK
JTLO OK
JTLS OK
JTLZ OK
JSIO OK
JSIT OK
JSIZ OK
JSIL OK
JSOI OK
JSOT OK
JSTI OK
JSOL OK
JSOZ OK
JSTO OK
JSTL OK
JSZI OK
JSTZ OK
JSZO OK
JSZT OK
JSLI OK
JSZL OK
JSLT OK
JZIO OK
JSLO OK
JZIT OK
JSLZ OK
JZIL OK
JZOI OK
JZOT OK
JOZS OK
JZOL OK
JZTI OK
JZTO OK
JZIS OK
JZTS OK
JZTL OK
JZST OK
JZSL OK
JZLI OK
JZSI OK
JZLO OK
JZLT OK
JZLS OK
JLIO OK
JLIT OK
JLIS OK
JLIZ OK
JLOI OK
JLOT OK
JLOS OK
JLOZ OK
JLTI OK
JLTO OK
JLTS OK
JLTZ OK
JLSI OK
JLST OK
JLSO OK
JLZI OK
JLSZ OK
JLZT OK
JLZO OK
LIOT OK
LIOS OK
LIOZ OK
LIOJ OK
LITO OK
JLZS OK
JZOS OK
LITS OK
LITZ OK
LITJ OK
LIST OK
LISJ OK
LISO OK
LIZT OK
LIZO OK
LIZJ OK
LISZ OK
LIJO OK
LIJT OK
LIJS OK
LIJZ OK
LOIT OK
LOIS OK
LOIZ OK
LOIJ OK
LOTI OK
LOTS OK
LIZS OK
LOTZ OK
LOTJ OK
LOSI OK
LOST OK
LOSJ OK
LOZI OK
LOZT OK
LOSZ OK
LOZJ OK
JZSO CAP
LOJI OK
LOJT OK
LOJS OK
LOJZ OK
LTIO OK
LTIS OK
LTIZ OK
LTIJ OK
LTOI OK
LTOS OK
LTOZ OK
LTOJ OK
LTSI OK
LTSO OK
LTSZ OK
LTSJ OK
LTZI OK
LTZO OK
LTZS OK
LTZJ OK
LTJI OK
LTJO OK
LTJS OK
LTJZ OK
LSIT OK
LSIJ OK
LSIO OK
LSIZ OK
LSOT OK
LSOJ OK
LSTI OK
LSOI OK
LSTO OK
LSTZ OK
LSTJ OK
LSOZ OK
LSZT OK
LSZJ OK
LSZI OK
LSJI OK
LSJO OK
LSJT OK
LZIO OK
LSJZ OK
LZIT OK
LZIS OK
LZIJ OK
LZOI OK
LZOT OK
LZOJ OK
LZTI OK
LZTO OK
LOZS OK
LZTS OK
LZTJ OK
LZSI OK
LZST OK
LZSJ OK
LZJI OK
LZJO OK
LZJT OK
LZJS OK
LJIO OK
LJIT OK
LJIS OK
LJIZ OK
LJOI OK
LJOT OK
LJOS OK
LJOZ OK
LJTI OK
LJTO OK
LJTS OK
LJTZ OK
LJSI OK
LJSO OK
LJST OK
LJSZ OK
LJZI OK
LZOS OK
LJZT OK
LSZO CAP
LJZO OK
LZSO OK
LJZS OK
