IOTZ OK
IOTJ OK
IOTL OK
IOTS OK
IOSL OK
IOSJ OK
IOST OK
IOSZ OK
IOZJ OK
IOZL OK
IOJT OK
IOJS OK
IOJZ OK
IOJL OK
IOLT OK
IOLS OK
IOLZ OK
IOLJ OK
ITOS OK
ITOZ OK
ITOJ OK
IOZT OK
ITOL OK
ITSO OK
ITSJ OK
ITSL OK
ITZO OK
IOZS OK
ITZJ OK
ITZL OK
ITJO OK
ITJS OK
ITJZ OK
ITJL OK
ITLO OK
ITLS OK
ITLZ OK
ITLJ OK
ITSZ OK
ISOJ OK
ISOL OK
ITZS OK
ISTO OK
ISOT OK
ISTJ OK
ISTL OK
ISTZ OK
ISZJ OK
ISZL OK
ISJO OK
ISJT OK
ISJZ OK
ISZT OK
ISJL OK
ISLO OK
ISLT OK
ISLZ OK
ISLJ OK
ISZO OK
IZOJ OK
IZOL OK
IZTO OK
IZOT OK
IZTJ OK
IZTL OK
IZOS OK
IZTS OK
IZSJ OK
IZSL OK
ISOZ CAP
IZJO OK
IZJT OK
IZST OK
IZJS OK
IZJL OK
IZLO OK
IZSO OK
IZLT OK
IZLS OK
IZLJ OK
IJOT OK
IJOS OK
IJOZ OK
IJOL OK
IJTO OK
IJTS OK
IJTZ OK
IJTL OK
IJST OK
IJSO OK
IJSL OK
IJZO OK
IJSZ OK
IJZT OK
IJZL OK
IJLO OK
IJLT OK
IJLS OK
IJLZ OK
ILOT OK
ILOS OK
ILOZ OK
ILOJ OK
ILTO OK
IJZS OK
ILTS OK
ILTZ OK
ILTJ OK
ILST OK
ILSJ OK
ILSO OK
ILZO OK
ILZT OK
ILZS OK
ILZJ OK
ILJO OK
ILJT OK
ILJS OK
ILJZ OK
ILSZ OK
OITS OK
OITJ OK
OITZ OK
OITL OK
OIST OK
OISL OK
OISJ OK
OIZT OK
OIZJ OK
OIZS OK
OIZL OK
OIJT OK
OIJS OK
OIJZ OK
OIJL OK
OILT OK
OILS OK
OILZ OK
OISZ OK
OILJ OK
OTIS OK
OTIZ OK
OTIJ OK
OTIL OK
OTSI OK
OTSJ OK
OTSL OK
OTZI OK
OTZJ OK
OTZL OK
OTJI OK
OTJS OK
OTJZ OK
OTJL OK
OTLI OK
OTLS OK
OTLZ OK
OTLJ OK
OSIT OK
OTSZ OK
OSIJ OK
OSIL OK
OSTI OK
OSIZ OK
OSTJ OK
OSTL OK
OTZS OK
OSZI OK
OSTZ OK
OSJI OK
OSZL OK
OSJT OK
OSZJ OK
OSJZ OK
OSLI OK
OSJL OK
OSLT OK
OSLJ OK
OZIT OK
OSZT OK
OSLZ OK
OZIS OK
OZIJ OK
OZIL OK
OZTJ OK
OZTI OK
OZTL OK
OZSI OK
OZSJ OK
OZSL OK
OZJI OK
OZJT OK
OZJS OK
OZJL OK
OZLI OK
OZLT OK
OZLS OK
OZTS OK
OZLJ OK
OJIT OK
OZST OK
OJIS OK
OJIZ OK
OJIL OK
OJTI OK
OJTS OK
OJTZ OK
OJTL OK
OJSI OK
OJST OK
OJSL OK
OJZI OK
OJZT OK
OJSZ OK
OJZL OK
OJLI OK
OJLT OK
OJLS OK
OJLZ OK
OLIT OK
OLIS OK
OLIZ OK
OLIJ OK
OLTI OK
OLTS OK
OLTZ OK
OLTJ OK
OLSI OK
OJZS OK
OLST OK
OLZI OK
OLSJ OK
OLZT OK
OLSZ OK
OLJI OK
OLJT OK
OLZJ OK
OLJS OK
OLJZ OK
TIOS OK
TIOZ OK
OLZS OK
TIOJ OK
TIOL OK
TISO OK
TISJ OK
TISL OK
TIZO OK
TIZJ OK
TIZL OK
TIJO OK
TIJS OK
TIJZ OK
TIJL OK
TILO OK
TILS OK
TILZ OK
TILJ OK
TOIS OK
TOIZ OK
TOIJ OK
TOIL OK
TOSI OK
TISZ OK
TOSJ OK
TIZS OK
TOSL OK
TOZI OK
TOZJ OK
TOZL OK
TOJI OK
TOJS OK
TOJZ OK
TOJL OK
TOLI OK
TOLS OK
TOLZ OK
TOLJ OK
TOSZ OK
TSIO OK
TSIJ OK
TSIL OK
TSOI OK
TSOJ OK
TSOL OK
TSOZ OK
TOZS OK
TSZJ OK
TSIZ OK
TSZO OK
TSZL OK
TSJI OK
TSJO OK
TSJZ OK
TSJL OK
TSLI OK
TSLO OK
TSLJ OK
TSLZ OK
TZIO OK
TZIJ OK
TZIL OK
TSZI OK
TZOI OK
TZOL OK
TZOJ OK
TZIS OK
TZSJ OK
TZSL OK
TZSI OK
TZJI OK
TZSO OK
TZJO OK
TZJL OK
TZJS OK
TZOS OK
TZLI OK
TZLO OK
TZLS OK
TZLJ OK
TJIO OK
TJIS OK
TJIZ OK
TJIL OK
TJOI OK
TJOL OK
TJOS OK
TJOZ OK
TJSI OK
TJSL OK
TJSO OK
TJZI OK
TJSZ OK
TJZO OK
TJLI OK
TJZS OK
TJZL OK
TJLO OK
TJLS OK
TJLZ OK
TLIO OK
TLIS OK
TLIZ OK
TLIJ OK
TLOI OK
TLOS OK
TLOJ OK
TLOZ OK
TLSI OK
TLSO OK
TLSZ OK
TLSJ OK
TLZI OK
TLZO OK
TLZJ OK
TLZS OK
TLJI OK
TLJO OK
TLJS OK
TLJZ OK
SIOJ OK
SIOL OK
SITO OK
SITJ OK
SITL OK
SIOT OK
SITZ OK
SIZJ OK
SIOZ OK
SIZL OK
SIJO OK
SIJT OK
SIJZ OK
SIJL OK
SILO OK
SILT OK
SILZ OK
SILJ OK
SIZT OK
SOIT OK
SOIJ OK
SOIL OK
SOTI OK
SOIZ OK
SIZO OK
SOTJ OK
SOTL OK
SOZI OK
SOTZ OK
SOJI OK
SOZL OK
SOJT OK
SOZJ OK
SOJZ OK
SOJL OK
SOLI OK
SOLT OK
SOLJ OK
SOZT OK
STIO OK
SOLZ OK
STIJ OK
STIL OK
STOI OK
STOJ OK
STOL OK
STIZ OK
STOZ OK
STZJ OK
STZI OK
STZL OK
STJI OK
STZO OK
STJO OK
STJZ OK
STJL OK
STLI OK
STLJ OK
STLO OK
STLZ OK
SZIJ OK
SZIL OK
SZIT OK
SZIO OK
SZOJ OK
SZOI OK
SZOL OK
SZTJ OK
SZOT OK
SZTL OK
SZJI OK
SZJT OK
SZJO OK
SZJL OK
SZLI OK
SZLT OK
SZTI OK
SZTO OK
SZLO OK
SZLJ OK
SJIO OK
SJIT OK
SJIZ OK
SJIL OK
SJOI OK
SJOT OK
SJOZ OK
SJOL OK
SJTI OK
SJTO OK
SJTZ OK
SJTL OK
SJZI OK
SJZT OK
SJLI OK
SJZL OK
SJLT OK
SJLO OK
SLIO OK
SJZO OK
SLIT OK
SJLZ OK
SLIZ OK
SLIJ OK
SLOI OK
SLOT OK
SLTI OK
SLOJ OK
SLTO OK
SLTJ OK
SLTZ OK
SLOZ OK
SLZI OK
SLZT OK
SLJI OK
SLZJ OK
SLJT OK
SLJO OK
SLZO OK
SLJZ OK
ZIOJ OK
ZIOL OK
ZITO OK
ZITJ OK
ZITL OK
ZIOT OK
ZIOS OK
ZISJ OK
ZITS OK
ZISL OK
ZIJO OK
ZIJT OK
ZIJL OK
ZIJS OK
ZILO OK
ZILT OK
ZILS OK
ZILJ OK
ZISO OK
ZOIS OK
ZOIT OK
ZOIJ OK
ZIST OK
ZOIL OK
ZOTI OK
ZOTJ OK
ZOTL OK
ZOSI OK
ZOSJ OK
ZOSL OK
ZOJI OK
ZOJT OK
ZOJS OK
ZOJL OK
ZOLI OK
ZOLT OK
ZOLS OK
ZOTS OK
ZOLJ OK
ZOST OK
ZTIO OK
ZTIJ OK
ZTIL OK
ZTOI OK
ZTOJ OK
ZTOL OK
ZTIS OK
ZTSJ OK
ZTSI OK
ZTSL OK
ZTJI OK
ZTSO OK
ZTJO OK
ZTOS OK
ZTJL OK
ZTLI OK
ZTJS OK
ZTLO OK
ZTLS OK
ZTLJ OK
ZSIJ OK
ZSIL OK
ZSIT OK
ZSIO OK
ZSOJ OK
ZSOI OK
ZSOL OK
ZSOT OK
ZSTJ OK
ZSTL OK
ZSJI OK
ZSJO OK
ZSJT OK
ZSJL OK
ZSLI OK
ZSTI OK
ZSLT OK
ZSTO OK
ZSLO OK
ZJIO OK
ZSLJ OK
ZJIT OK
ZJIS OK
ZJIL OK
ZJOI OK
ZJOT OK
ZJTI OK
ZJOL OK
ZJTO OK
ZJTL OK
ZJTS OK
ZJSI OK
ZJST OK
ZJSL OK
ZJLI OK
ZJOS OK
ZJSO OK
ZJLT OK
ZJLO OK
ZLIO OK
ZLIT OK
ZJLS OK
ZLIS OK
ZLIJ OK
ZLOI OK
ZLOT OK
ZLTI OK
ZLOJ OK
ZLTO OK
ZLTS OK
ZLTJ OK
ZLSI OK
ZLOS OK
ZLST OK
ZLJI OK
ZLSJ OK
ZLJO OK
ZLJT OK
ZLSO OK
ZLJS OK
JIOT OK
JIOS OK
JIOZ OK
JIOL OK
JITO OK
JITS OK
JITZ OK
JITL OK
JIST OK
JISL OK
JISO OK
JIZT OK
JIZO OK
JISZ OK
JIZL OK
JILO OK
JILT OK
JILS OK
JILZ OK
JOIT OK
JOIS OK
JOIZ OK
JOIL OK
JOTI OK
JOTS OK
JOTZ OK
JOTL OK
JIZS OK
JOSI OK
JOST OK
JOSL OK
JOZI OK
JOZT OK
JOZL OK
JOLI OK
JOSZ OK
JOLT OK
JOLS OK
JOLZ OK
JTIO OK
JTIS OK
JTIZ OK
JTIL OK
JTOI OK
JTOS OK
JTOL OK
JTOZ OK
JTSI OK
JTSO OK
JOZS OK
JTSL OK
JTZI OK
JTSZ OK
JTZO OK
JTZL OK
JTLI OK
JTZS OK
JTLO OK
JTLS OK
JTLZ OK
JSIO OK
JSIT OK
JSIZ OK
JSIL OK
JSOI OK
JSOT OK
JSTI OK
JSOL OK
JSTO OK
JSTZ OK
JSTL OK
JSZI OK
JSZT OK
JSOZ OK
JSLI OK
JSLO OK
JSZL OK
JSLT OK
JSLZ OK
JZIT OK
JSZO OK
JZIO OK
JZIL OK
JZOT OK
JZOI OK
JZIS OK
JZTI OK
JZOL OK
JZTO OK
JZTL OK
JZTS OK
JZST OK
JZSI OK
JZSL OK
JZOS OK
JZLI OK
JZLO OK
JZLT OK
JZLS OK
JLIO OK
JLIT OK
JLIS OK
JLIZ OK
JLOI OK
JLOT OK
JLOS OK
JLOZ OK
JZSO OK
JLTI OK
JLTO OK
JLTS OK
JLTZ OK
JLSI OK
JLSO OK
JLST OK
JLZI OK
JLZT OK
JLZO OK
LIOT OK
LIOS OK
JLZS OK
LIOZ OK
LIOJ OK
LITO OK
LITS OK
JLSZ OK
LITZ OK
LITJ OK
LIST OK
LISJ OK
LISO OK
LIZT OK
LIZO OK
LIZJ OK
LIJO OK
LIJT OK
LIJS OK
LIJZ OK
LISZ OK
LOIT OK
LOIS OK
LOIZ OK
LOIJ OK
LOTI OK
LOTS OK
LOTZ OK
LOTJ OK
LOSI OK
LOST OK
LIZS OK
LOZI OK
LOZT OK
LOSJ OK
LOSZ OK
LOZJ OK
LOJI OK
LOJT OK
LOJS OK
LOJZ OK
LOZS OK
LTIO OK
LTIS OK
LTIZ OK
LTIJ OK
LTOI OK
LTOJ OK
LTSI OK
LTOS OK
LTOZ OK
LTSO OK
LTSJ OK
LTZI OK
LTSZ OK
LTZJ OK
LTJI OK
LTZO OK
LTJO OK
LTZS OK
LTJS OK
LTJZ OK
LSIT OK
LSIO OK
LSIJ OK
LSIZ OK
LSOI OK
LSOT OK
LSTI OK
LSOJ OK
LSTO OK
LSTZ OK
LSTJ OK
LSOZ OK
LSZI OK
LSZT OK
LSJI OK
LSZJ OK
LSJO OK
LSJT OK
LSJZ OK
LZIO OK
LZIT OK
LSZO OK
LZIS OK
LZIJ OK
LZOI OK
LZOT OK
LZTI OK
LZOJ OK
LZTO OK
LZTJ OK
LZTS OK
LZSI OK
LZOS OK
LZST OK
LZJI OK
LZSJ OK
LZJO OK
LZJT OK
LJIO OK
LZJS OK
LJIT OK
LJIS OK
LJIZ OK
LZSO OK
LJOI OK
LJOT OK
LJOS OK
LJOZ OK
LJTI OK
LJTO OK
LJTS OK
LJTZ OK
LJSI OK
LJST OK
LJSO OK
LJZI OK
LJZT OK
LJZO OK
LJZS OK
LJSZ OK
