IOTJ OK
IOTL OK
IOTS OK
IOTZ OK
IOST OK
IOSJ OK
IOSL OK
IOZJ OK
IOZT OK
IOZL OK
IOJT OK
IOJS OK
IOJZ OK
IOJL OK
IOLT OK
IOLS OK
IOLZ OK
IOLJ OK
IOSZ OK
ITOS OK
ITOZ OK
ITOJ OK
ITOL OK
ITSO OK
ITSJ OK
ITSL OK
ITZO OK
ITZJ OK
ITZL OK
ITJO OK
ITJS OK
ITJZ OK
ITJL OK
ITLO OK
ITLS OK
ITZS OK
ITLZ OK
ITLJ OK
IOZS OK
ISOJ OK
ISOL OK
ISTO OK
ITSZ OK
ISTJ OK
ISTL OK
ISOT OK
ISTZ OK
ISZJ OK
ISZL OK
ISJO OK
ISZT OK
ISJT OK
ISJZ OK
ISJL OK
ISLO OK
ISLT OK
ISLZ OK
ISLJ OK
IZOT OK
IZOJ OK
IZOL OK
IZTO OK
ISOZ CAP
IZTJ OK
IZTL OK
IZTS OK
IZOS OK
ISZO CAP
IZSJ OK
IZSL OK
IZJO OK
IZJT OK
IZJL OK
IZJS OK
IZLO OK
IZLT OK
IZLS OK
IZLJ OK
IJOT OK
IJOS OK
IJOZ OK
IJOL OK
IJTO OK
IJTS OK
IJTZ OK
IZST OK
IJTL OK
IJSO OK
IJST OK
IJSL OK
IJSZ OK
IJZT OK
IJZO OK
IJZL OK
IJLO OK
IJLT OK
IJLS OK
IJLZ OK
ILOT OK
ILOS OK
ILOZ OK
ILOJ OK
IJZS OK
ILTO OK
ILTS OK
ILTZ OK
ILTJ OK
ILST OK
ILSO OK
IZSO OK
ILSJ OK
ILZT OK
ILZO OK
ILZJ OK
ILJO OK
ILSZ OK
ILJT OK
ILJS OK
ILJZ OK
OITS OK
OITZ OK
OITJ OK
OITL OK
OIST OK
OISJ OK
OISL OK
ILZS OK
OIZT OK
OIZJ OK
OIZL OK
OIJT OK
OIJS OK
OIJZ OK
OISZ OK
OIJL OK
OILT OK
OILS OK
OILZ OK
OILJ OK
OTIS OK
OTIZ OK
OTIJ OK
OTIL OK
OTSI OK
OTSJ OK
OTSL OK
OTZI OK
OTZJ OK
OTZL OK
OTJI OK
OTJS OK
OTJZ OK
OTJL OK
OIZS OK
OTLI OK
OTLS OK
OTSZ OK
OTLZ OK
OTLJ OK
OSIT OK
OSIJ OK
OTZS OK
OSIL OK
OSTI OK
OSTJ OK
OSTL OK
OSIZ OK
OSZI OK
OSZL OK
OSZJ OK
OSJI OK
OSJT OK
OSTZ OK
OSJL OK
OSLI OK
OSJZ OK
OSLT OK
OSZT OK
OZIT OK
OSLJ OK
OZIJ OK
OSLZ OK
OZIL OK
OZTI OK
OZTJ OK
OZTL OK
OZSI OK
OZSJ OK
OZSL OK
OZTS OK
OZJI OK
OZJT OK
OZJS OK
OZJL OK
OZLI OK
OZIS OK
OZLT OK
OZST OK
OJIT OK
OZLJ OK
OJIS OK
OJIZ OK
OJIL OK
OJTI OK
OJTS OK
OJTZ OK
OJTL OK
OZLS OK
OJST OK
OJSI OK
OJSL OK
OJZI OK
OJZT OK
OJLI OK
OJSZ OK
OJZL OK
OJLT OK
OJLS OK
OJLZ OK
OLIT OK
OLIS OK
OLIZ OK
OLIJ OK
OLTI OK
OLTS OK
OLTZ OK
OLTJ OK
OLSI OK
OLST OK
OJZS OK
OLZI OK
OLZT OK
OLSJ OK
OLSZ OK
OLZJ OK
OLJI OK
OLJT OK
OLJS OK
OLJZ OK
TIOS OK
TIOZ OK
TIOJ OK
TIOL OK
TISO OK
OLZS OK
TISJ OK
TISL OK
TIZO OK
TIZJ OK
TIZL OK
TIJO OK
TIJS OK
TIJZ OK
TIJL OK
TILO OK
TILS OK
TILZ OK
TILJ OK
TOIS OK
TOIZ OK
TOIJ OK
TOIL OK
TOSI OK
TOSJ OK
TOSL OK
TIZS OK
TOZI OK
TOZJ OK
TOZL OK
TOJI OK
TOJS OK
TOJZ OK
TOJL OK
TOSZ OK
TOLI OK
TOLS OK
TISZ OK
TOLZ OK
TOLJ OK
TSIO OK
TSIJ OK
TSIL OK
TSOI OK
TSOJ OK
TSOZ OK
TSOL OK
TOZS OK
TSZJ OK
TSZL OK
TSJI OK
TSZO OK
TSJO OK
TSJZ OK
TSJL OK
TSLI OK
TSLO OK
TSLZ OK
TSLJ OK
TZIO OK
TSZI OK
TZIJ OK
TZIL OK
TSIZ OK
TZOI OK
TZOJ OK
TZOL OK
TZIS OK
TZSJ OK
TZSL OK
TZJI OK
TZJO OK
TZSI OK
TZJL OK
TZJS OK
TZLI OK
TZSO OK
TZLO OK
TZLS OK
TZOS OK
TZLJ OK
TJIO OK
TJIS OK
TJIZ OK
TJIL OK
TJOI OK
TJOL OK
TJOS OK
TJSI OK
TJOZ OK
TJSL OK
TJSO OK
TJZI OK
TJSZ OK
TJZL OK
TJZO OK
TJLI OK
TJLO OK
TJLS OK
TJZS OK
TJLZ OK
TLIO OK
TLIS OK
TLIZ OK
TLIJ OK
TLOI OK
TLOJ OK
TLSI OK
TLSO OK
TLOS OK
TLOZ OK
TLSJ OK
TLZI OK
TLSZ OK
TLZO OK
TLJI OK
TLZJ OK
TLZS OK
TLJO OK
TLJZ OK
TLJS OK
SIOJ OK
SIOL OK
SITO OK
SIOT OK
SITJ OK
SITL OK
SIOZ OK
SIZJ OK
SIZL OK
SITZ OK
SIJO OK
SIJT OK
SIJZ OK
SIJL OK
SIZT OK
SILO OK
SILT OK
SILZ OK
SILJ OK
SOIT OK
SOIJ OK
SOIL OK
SOTI OK
SIZO OK
SOTJ OK
SOTL OK
SOIZ OK
SOZI OK
SOZJ OK
SOZL OK
SOJI OK
SOJT OK
SOTZ OK
SOJL OK
SOLI OK
SOLT OK
SOJZ OK
SOZT OK
STIO OK
SOLJ OK
STIJ OK
STIL OK
SOLZ OK
STOI OK
STOJ OK
STOL OK
STIZ OK
STOZ OK
STZJ OK
STZI OK
STJI OK
STZL OK
STZO OK
STJO OK
STJZ OK
STJL OK
STLI OK
STLJ OK
STLO OK
STLZ OK
SZIJ OK
SZIL OK
SZIT OK
SZOJ OK
SZOT OK
SZIO OK
SZOL OK
SZOI OK
SZTJ OK
SZTL OK
SZJI OK
SZJO OK
SZJT OK
SZJL OK
SZLI OK
SZLT OK
SZLO OK
SZLJ OK
SJIO OK
SJIT OK
SJIZ OK
SZTI OK
SZTO OK
SJIL OK
SJOI OK
SJOT OK
SJTI OK
SJTO OK
SJOL OK
SJTZ OK
SJTL OK
SJZI OK
SJOZ OK
SJZT OK
SJLI OK
SJZL OK
SJLT OK
SJLO OK
SJZO OK
SJLZ OK
SLIO OK
SLIT OK
SLIJ OK
SLIZ OK
SLOI OK
SLOT OK
SLOJ OK
SLTI OK
SLTO OK
SLTJ OK
SLTZ OK
SLZI OK
SLOZ OK
SLZT OK
SLJI OK
SLZJ OK
SLJO OK
SLJT OK
SLJZ OK
SLZO OK
ZIOJ OK
ZIOL OK
ZITO OK
ZITJ OK
ZITL OK
ZIOT OK
ZITS OK
ZIOS OK
ZISJ OK
ZISL OK
ZIJO OK
ZIJT OK
ZIJS OK
ZIJL OK
ZIST OK
ZILO OK
ZILT OK
ZILS OK
ZILJ OK
ZOIT OK
ZOIJ OK
ZOIL OK
ZOTI OK
ZOTJ OK
ZOTL OK
ZISO OK
ZOSI OK
ZOTS OK
ZOSJ OK
ZOIS OK
ZOJI OK
ZOJT OK
ZOSL OK
ZOJS OK
ZOJL OK
ZOLI OK
ZOLT OK
ZOLJ OK
ZTIO OK
ZTIJ OK
ZOLS OK
ZOST OK
ZTIL OK
ZTOI OK
ZTOJ OK
ZTOL OK
ZTIS OK
ZTSJ OK
ZTSL OK
ZTJI OK
ZTSI OK
ZTJO OK
ZTOS OK
ZTJS OK
ZTJL OK
ZTLI OK
ZTLO OK
ZTLS OK
ZTLJ OK
ZTSO OK
ZSIJ OK
ZSIL OK
ZSIT OK
ZSOJ OK
ZSOT OK
ZSOL OK
ZSIO OK
ZSTJ OK
ZSTL OK
ZSOI OK
ZSJI OK
ZSJO OK
ZSJT OK
ZSLI OK
ZSJL OK
ZSLT OK
ZSLJ OK
ZSLO OK
ZSTO OK
ZJIO OK
ZJIT OK
ZJIL OK
ZJOI OK
ZJIS OK
ZSTI OK
ZJOT OK
ZJTI OK
ZJOL OK
ZJTO OK
ZJTL OK
ZJTS OK
ZJSI OK
ZJST OK
ZJSL OK
ZJLI OK
ZJOS OK
ZJSO OK
ZJLT OK
ZJLO OK
ZLIO OK
ZJLS OK
ZLIT OK
ZLIS OK
ZLIJ OK
ZLOI OK
ZLOT OK
ZLTI OK
ZLOJ OK
ZLTO OK
ZLTS OK
ZLTJ OK
ZLSI OK
ZLOS OK
ZLST OK
ZLSJ OK
ZLJI OK
ZLJO OK
ZLJT OK
ZLSO OK
ZLJS OK
JIOT OK
JIOS OK
JIOZ OK
JIOL OK
JITO OK
JITS OK
JITZ OK
JITL OK
JIST OK
JISL OK
JISO OK
JIZT OK
JIZO OK
JISZ OK
JIZL OK
JILO OK
JILT OK
JILS OK
JILZ OK
JOIT OK
JOIS OK
JOIZ OK
JOIL OK
JOTI OK
JOTS OK
JOTZ OK
JOTL OK
JOSI OK
JIZS OK
JOST OK
JOZT OK
JOZI OK
JOSL OK
JOSZ OK
JOLI OK
JOZL OK
JOLT OK
JOLS OK
JOLZ OK
JTIO OK
JTIS OK
JTIL OK
JTIZ OK
JTOI OK
JTOS OK
JTOZ OK
JTOL OK
JTSI OK
JTSO OK
JTSL OK
JOZS OK
JTSZ OK
JTZI OK
JTZO OK
JTLI OK
JTZL OK
JTZS OK
JTLO OK
JTLS OK
JTLZ OK
JSIO OK
JSIT OK
JSIL OK
JSIZ OK
JSOI OK
JSOT OK
JSOL OK
JSTI OK
JSTO OK
JSTZ OK
JSTL OK
JSZI OK
JSZT OK
JSOZ OK
JSLI OK
JSZL OK
JSLO OK
JSLT OK
JSLZ OK
JZIT OK
JZIO OK
JSZO OK
JZIL OK
JZOT OK
JZOI OK
JZIS OK
JZTI OK
JZOL OK
JZTO OK
JZTL OK
JZTS OK
JZST OK
JZOS OK
JZLI OK
JZSL OK
JZLO OK
JZSI OK
JZLT OK
JZLS OK
JLIO OK
JLIT OK
JLIS OK
JLIZ OK
JLOI OK
JZSO OK
JLOT OK
JLOS OK
JLOZ OK
JLTI OK
JLTO OK
JLTS OK
JLTZ OK
JLSI OK
JLST OK
JLSO OK
JLZI OK
JLZO OK
JLZT OK
JLZS OK
LIOT OK
LIOS OK
LIOJ OK
LIOZ OK
LITO OK
JLSZ OK
LITS OK
LITZ OK
LITJ OK
LIST OK
LISJ OK
LISO OK
LIZT OK
LIZO OK
LIZJ OK
LIJO OK
LIJT OK
LIJS OK
LIJZ OK
LISZ OK
LOIT OK
LOIS OK
LOIZ OK
LOIJ OK
LOTI OK
LOTS OK
LOTZ OK
LOTJ OK
LOSI OK
LOST OK
LIZS OK
LOSJ OK
LOZI OK
LOZT OK
LOZJ OK
LOJI OK
LOSZ OK
LOJT OK
LOJS OK
LOJZ OK
LOZS OK
LTIO OK
LTIS OK
LTIZ OK
LTIJ OK
LTOI OK
LTOJ OK
LTSI OK
LTOS OK
LTOZ OK
LTSO OK
LTSJ OK
LTSZ OK
LTZI OK
LTZO OK
LTZJ OK
LTJI OK
LTZS OK
LTJO OK
LTJZ OK
LTJS OK
LSIO OK
LSIJ OK
LSIT OK
LSIZ OK
LSOI OK
LSOT OK
LSOJ OK
LSTI OK
LSTO OK
LSTJ OK
LSTZ OK
LSZI OK
LSOZ OK
LSZT OK
LSJI OK
LSZJ OK
LSJO OK
LSJT OK
LSJZ OK
LZIO OK
LZIT OK
LSZO OK
LZIS OK
LZIJ OK
LZOI OK
LZOT OK
LZOJ OK
LZTI OK
LZTO OK
LZTS OK
LZTJ OK
LZSI OK
LZOS OK
LZST OK
LZSJ OK
LZJI OK
LZJO OK
LZJT OK
LZJS OK
LJIO OK
LZSO OK
LJIT OK
LJIS OK
LJIZ OK
LJOI OK
LJOT OK
LJOS OK
LJOZ OK
LJTI OK
LJTO OK
LJTS OK
LJSI OK
LJTZ OK
LJST OK
LJSO OK
LJZI OK
LJZO OK
LJZT OK
LJZS OK
LJSZ OK
