IOTJ OK
IOTL OK
IOTS OK
IOTZ OK
IOST OK
IOSL OK
IOSJ OK
IOZT OK
IOZJ OK
IOZL OK
IOJT OK
IOJS OK
IOJZ OK
IOJL OK
IOLT OK
IOSZ OK
IOLS OK
IOLZ OK
IOLJ OK
ITOS OK
ITOJ OK
ITOL OK
ITOZ OK
ITSO OK
ITSJ OK
ITSL OK
ITZO OK
ITZJ OK
ITZL OK
ITJO OK
ITJS OK
ITSZ OK
ITJZ OK
ITJL OK
ITLO OK
ITLS OK
ITLZ OK
ITLJ OK
ISOT OK
ISOJ OK
ISOL OK
ITZS OK
ISTO OK
ISTJ OK
ISTL OK
IOZS OK
ISOZ OK
ISTZ OK
ISZJ OK
ISZL OK
ISJO OK
ISJT OK
ISZT OK
ISJL OK
ISLO OK
ISJZ OK
ISLT OK
ISLJ OK
ISLZ OK
IZOT OK
IZOJ OK
IZOL OK
ISZO OK
IZTO OK
IZTJ OK
IZTL OK
IZTS OK
IZSJ OK
IZSL OK
IZST OK
IZJO OK
IZJT OK
IZJS OK
IZJL OK
IZLO OK
IZLT OK
IZSO OK
IZLJ OK
IZLS OK
IJOT OK
IJOS OK
IJOL OK
IJOZ OK
IJTO OK
IJTS OK
IJTZ OK
IJTL OK
IJSO OK
IJST OK
IJSL OK
IJZO OK
IJZT OK
IJSZ OK
IJZL OK
IJLO OK
IJLT OK
IJLS OK
IZOS OK
IJLZ OK
ILOT OK
ILOS OK
IJZS OK
ILOZ OK
ILOJ OK
ILTO OK
ILTS OK
ILTJ OK
ILTZ OK
ILST OK
ILSJ OK
ILSO OK
ILZT OK
ILZO OK
ILZJ OK
ILJO OK
ILJT OK
ILJS OK
ILSZ OK
ILJZ OK
OITS OK
OITJ OK
OITZ OK
OITL OK
OIST OK
OISJ OK
OISL OK
ILZS OK
OIZT OK
OIZJ OK
OIZL OK
OIJT OK
OIJS OK
OIJZ OK
OIJL OK
OISZ OK
OILT OK
OILS OK
OILZ OK
OILJ OK
OTIS OK
OTIZ OK
OTIJ OK
OTIL OK
OTSI OK
OTSJ OK
OTSL OK
OTZI OK
OTZJ OK
OTZL OK
OTJI OK
OIZS OK
OTJS OK
OTJZ OK
OTJL OK
OTLI OK
OTLS OK
OTLZ OK
OTLJ OK
OTSZ OK
OSIT OK
OSIJ OK
OSIL OK
OSTI OK
OTZS OK
OSTJ OK
OSTL OK
OSIZ OK
OSZI OK
OSZL OK
OSZJ OK
OSJT OK
OSJI OK
OSTZ OK
OSJL OK
OSLI OK
OSLT OK
OSJZ OK
OSZT OK
OZIT OK
OSLZ OK
OZIJ OK
OSLJ OK
OZIL OK
OZTI OK
OZTJ OK
OZTL OK
OZSI OK
OZSJ OK
OZIS OK
OZJI OK
OZSL OK
OZJT OK
OZTS OK
OZJS OK
OZLI OK
OZJL OK
OZLT OK
OZLJ OK
OJIT OK
OZST OK
OJIS OK
OJIL OK
OJIZ OK
OJTI OK
OZLS OK
OJTS OK
OJTZ OK
OJTL OK
OJSI OK
OJST OK
OJSL OK
OJZI OK
OJZT OK
OJSZ OK
OJZL OK
OJLI OK
OJLT OK
OJLS OK
OJLZ OK
OLIT OK
OLIS OK
OLIZ OK
OLIJ OK
OLTI OK
OLTS OK
OJZS OK
OLTZ OK
OLTJ OK
OLSI OK
OLST OK
OLZI OK
OLZT OK
OLSZ OK
OLSJ OK
OLJI OK
OLZJ OK
OLJT OK
OLJS OK
OLJZ OK
OLZS OK
TIOJ OK
TIOL OK
TIOS OK
TIOZ OK
TISJ OK
TISL OK
TISO OK
TIZO OK
TIZJ OK
TIZL OK
TIJO OK
TIJS OK
TIJZ OK
TIJL OK
TILO OK
TILS OK
TILZ OK
TILJ OK
TOIS OK
TISZ OK
TOIZ OK
TOIJ OK
TOIL OK
TOSJ OK
TOSI OK
TOSL OK
TOZI OK
TIZS OK
TOZJ OK
TOJI OK
TOZL OK
TOJS OK
TOJZ OK
TOJL OK
TOLI OK
TOLS OK
TOLZ OK
TOLJ OK
TSIO OK
TOSZ OK
TSIJ OK
TSIL OK
TSOI OK
TSOJ OK
TSOL OK
TSOZ OK
TOZS OK
TSIZ OK
TSZJ OK
TSZL OK
TSZO OK
TSJI OK
TSJO OK
TSJL OK
TSJZ OK
TSLI OK
TSLO OK
TSLJ OK
TSLZ OK
TZIO OK
TZIJ OK
TZIL OK
TSZI OK
TZOI OK
TZOJ OK
TZOL OK
TZIS OK
TZSJ OK
TZSL OK
TZJI OK
TZSI OK
TZJO OK
TZSO OK
TZJL OK
TZJS OK
TZLI OK
TZOS OK
TZLO OK
TZLJ OK
TZLS OK
TJIO OK
TJIS OK
TJIZ OK
TJIL OK
TJOI OK
TJOS OK
TJOL OK
TJSI OK
TJOZ OK
TJSL OK
TJZI OK
TJSO OK
TJSZ OK
TJZO OK
TJZL OK
TJLI OK
TJLO OK
TJLS OK
TJZS OK
TJLZ OK
TLIO OK
TLIJ OK
TLIS OK
TLIZ OK
TLOI OK
TLOJ OK
TLSI OK
TLOS OK
TLOZ OK
TLSO OK
TLSJ OK
TLSZ OK
TLZI OK
TLZJ OK
TLJI OK
TLZO OK
TLZS OK
TLJO OK
TLJS OK
TLJZ OK
SIOJ OK
SIOL OK
SITO OK
SIOT OK
SITJ OK
SITL OK
SIOZ OK
SIZJ OK
SITZ OK
SIZL OK
SIJO OK
SIJT OK
SIJL OK
SILO OK
SIZT OK
SIJZ OK
SILT OK
SIZO OK
SILJ OK
SILZ OK
SOIT OK
SOIJ OK
SOIL OK
SOTI OK
SOTJ OK
SOTL OK
SOIZ OK
SOZI OK
SOZL OK
SOZJ OK
SOJI OK
SOJT OK
SOTZ OK
SOJL OK
SOLI OK
SOLT OK
SOJZ OK
SOZT OK
STIO OK
STIJ OK
SOLZ OK
SOLJ OK
STIL OK
STOI OK
STOJ OK
STOL OK
STIZ OK
STOZ OK
STZJ OK
STZI OK
STZL OK
STJI OK
STZO OK
STJO OK
STJL OK
STLI OK
STJZ OK
STLJ OK
STLO OK
STLZ OK
SZIJ OK
SZIL OK
SZIT OK
SZOJ OK
SZIO OK
SZOL OK
SZOI OK
SZOT OK
SZTJ OK
SZTL OK
SZJI OK
SZJO OK
SZJT OK
SZJL OK
SZLI OK
SZLT OK
SZLO OK
SZLJ OK
SZTI OK
SJIO OK
SJIT OK
SJIL OK
SZTO OK
SJOI OK
SJOT OK
SJIZ OK
SJTI OK
SJOL OK
SJTO OK
SJTL OK
SJTZ OK
SJOZ OK
SJZT OK
SJZO OK
SJLI OK
SJZI OK
SJZL OK
SJLT OK
SJLO OK
SLIO OK
SLIT OK
SLIZ OK
SLIJ OK
SLOI OK
SLOT OK
SJLZ OK
SLTI OK
SLTO OK
SLOJ OK
SLOZ OK
SLTJ OK
SLTZ OK
SLZI OK
SLZT OK
SLZJ OK
SLJI OK
SLJT OK
SLJO OK
SLZO OK
SLJZ OK
ZIOJ OK
ZIOL OK
ZITO OK
ZITJ OK
ZITL OK
ZIOT OK
ZIOS OK
ZISJ OK
ZITS OK
ZISL OK
ZIJO OK
ZIJT OK
ZIJS OK
ZIJL OK
ZILO OK
ZILT OK
ZILS OK
ZILJ OK
ZIST OK
ZISO OK
ZOIT OK
ZOIJ OK
ZOIL OK
ZOTI OK
ZOTJ OK
ZOTL OK
ZOSI OK
ZOSJ OK
ZOIS OK
ZOJI OK
ZOSL OK
ZOJT OK
ZOTS OK
ZOJS OK
ZOJL OK
ZOLI OK
ZOLJ OK
ZOLT OK
ZOST OK
ZTIO OK
ZTIJ OK
ZOLS OK
ZTIL OK
ZTOI OK
ZTOJ OK
ZTOL OK
ZTIS OK
ZTSJ OK
ZTSL OK
ZTJI OK
ZTSI OK
ZTOS OK
ZTJO OK
ZTJS OK
ZTLI OK
ZTJL OK
ZTLO OK
ZTLJ OK
ZTLS OK
ZTSO OK
ZSIJ OK
ZSIL OK
ZSIT OK
ZSOJ OK
ZSIO OK
ZSOT OK
ZSOI OK
ZSOL OK
ZSTJ OK
ZSTL OK
ZSJI OK
ZSJO OK
ZSJT OK
ZSJL OK
ZSLI OK
ZSLO OK
ZSLT OK
ZSLJ OK
ZSTI OK
ZJIO OK
ZSTO OK
ZJIT OK
ZJIS OK
ZJIL OK
ZJOT OK
ZJOI OK
ZJOL OK
ZJTI OK
ZJTO OK
ZJTS OK
ZJTL OK
ZJOS OK
ZJSI OK
ZJST OK
ZJSO OK
ZJLI OK
ZJLO OK
ZJSL OK
ZJLT OK
ZJLS OK
ZLIO OK
ZLIT OK
ZLIJ OK
ZLIS OK
ZLOT OK
ZLOJ OK
ZLOI OK
ZLTI OK
ZLTO OK
ZLTJ OK
ZLTS OK
ZLOS OK
ZLSI OK
ZLST OK
ZLSJ OK
ZLJI OK
ZLJO OK
ZLJT OK
ZLJS OK
ZLSO OK
JIOT OK
JIOS OK
JIOL OK
JITO OK
JIOZ OK
JITS OK
JITZ OK
JITL OK
JISO OK
JISL OK
JIST OK
JIZO OK
JIZT OK
JIZL OK
JILO OK
JILT OK
JISZ OK
JILS OK
JOIT OK
JILZ OK
JIZS OK
JOIS OK
JOIL OK
JOIZ OK
JOTI OK
JOTS OK
JOTZ OK
JOTL OK
JOSI OK
JOST OK
JOZI OK
JOSL OK
JOZT OK
JOZL OK
JOLI OK
JOSZ OK
JOLT OK
JOLZ OK
JOLS OK
JTIO OK
JTIS OK
JTIZ OK
JTIL OK
JTOI OK
JTOS OK
JTOZ OK
JTOL OK
JOZS OK
JTSI OK
JTSO OK
JTZI OK
JTSZ OK
JTZO OK
JTSL OK
JTLI OK
JTZS OK
JTLO OK
JTZL OK
JTLS OK
JTLZ OK
JSIO OK
JSIT OK
JSIL OK
JSOT OK
JSOI OK
JSIZ OK
JSOL OK
JSTI OK
JSTL OK
JSTO OK
JSTZ OK
JSOZ OK
JSZT OK
JSLI OK
JSZO OK
JSZL OK
JSLO OK
JSLT OK
JSZI OK
JZIO OK
JZIT OK
JZIL OK
JSLZ OK
JZOI OK
JZOT OK
JZIS OK
JZTI OK
JZOL OK
JZTO OK
JZTS OK
JZTL OK
JZST OK
JZOS OK
JZLI OK
JZSL OK
JZLO OK
JZLT OK
JZSI OK
JZLS OK
JLIO OK
JLIT OK
JLIS OK
JZSO OK
JLIZ OK
JLOI OK
JLOT OK
JLTI OK
JLOS OK
JLOZ OK
JLTO OK
JLSI OK
JLTZ OK
JLTS OK
JLST OK
JLZI OK
JLSO OK
JLZT OK
JLZO OK
LIOT OK
LIOS OK
JLZS OK
LIOZ OK
LIOJ OK
JLSZ OK
LITO OK
LITS OK
LITZ OK
LITJ OK
LIST OK
LISJ OK
LISO OK
LIZO OK
LIZT OK
LIZJ OK
LISZ OK
LIJO OK
LIJT OK
LIJS OK
LIJZ OK
LOIT OK
LOIS OK
LOIZ OK
LOIJ OK
LOTI OK
LOTS OK
LOTZ OK
LOTJ OK
LIZS OK
LOSI OK
LOST OK
LOZI OK
LOZT OK
LOSJ OK
LOSZ OK
LOJI OK
LOZJ OK
LOZS OK
LOJT OK
LTIO OK
LOJS OK
LOJZ OK
LTIS OK
LTOI OK
LTIJ OK
LTIZ OK
LTOJ OK
LTSI OK
LTOS OK
LTOZ OK
LTSO OK
LTSZ OK
LTZI OK
LTSJ OK
LTZO OK
LTJI OK
LTZS OK
LTJO OK
LTZJ OK
LTJS OK
LTJZ OK
LSIO OK
LSIT OK
LSIZ OK
LSIJ OK
LSOI OK
LSOT OK
LSTI OK
LSTO OK
LSOJ OK
LSOZ OK
LSTJ OK
LSTZ OK
LSZI OK
LSZT OK
LSJI OK
LSZJ OK
LSZO OK
LSJT OK
LSJO OK
LZIO OK
LSJZ OK
LZIT OK
LZIJ OK
LZOT OK
LZOJ OK
LZOI OK
LZOS OK
LZTI OK
LZIS OK
LZTO OK
LZTJ OK
LZTS OK
LZSJ OK
LZST OK
LZJI OK
LZJO OK
LZSO OK
LZJT OK
LZJS OK
LJIT OK
LJIO OK
LJIS OK
LJOI OK
LZSI OK
LJIZ OK
LJOT OK
LJTI OK
LJOS OK
LJOZ OK
LJTO OK
LJTS OK
LJSI OK
LJTZ OK
LJST OK
LJZI OK
LJSO OK
LJZO OK
LJZT OK
LJZS OK
LJSZ OK
