IOTJ OK
IOTL OK
IOTS OK
IOTZ OK
IOST OK
IOSL OK
IOSJ OK
IOZT OK
IOZJ OK
IOZL OK
IOJT OK
IOJS OK
IOJZ OK
IOJL OK
IOSZ OK
IOLT OK
IOLS OK
IOLZ OK
IOLJ OK
ITOS OK
ITOJ OK
ITOL OK
ITOZ OK
ITSO OK
ITSJ OK
ITSL OK
ITZO OK
ITZJ OK
ITZL OK
ITJO OK
ITJS OK
ITJZ OK
ITJL OK
ITSZ OK
ITLO OK
ITLS OK
ITLZ OK
ITLJ OK
ITZS OK
IOZS OK
ISOJ OK
ISOL OK
ISTO OK
ISOT OK
ISTJ OK
ISTL OK
ISOZ OK
ISZJ OK
ISTZ OK
ISJO OK
ISJT OK
ISZL OK
ISJL OK
ISLO OK
ISJZ OK
ISZT OK
ISLT OK
ISLJ OK
ISLZ OK
IZOJ OK
IZOL OK
IZTO OK
IZOT OK
IZTJ OK
IZTL OK
IZTS OK
ISZO CAP
IZSJ OK
IZST OK
IZOS OK
IZSL OK
IZJO OK
IZJL OK
IZJS OK
IZJT OK
IZLT OK
IZLO OK
IZLS OK
IZLJ OK
IJOT OK
IJOL OK
IJOS OK
IJOZ OK
IJTO OK
IJTS OK
IJTZ OK
IJTL OK
IJSO OK
IJST OK
IJSL OK
IJZO OK
IJZT OK
IJZL OK
IJLO OK
IJLT OK
IJSZ OK
IJLS OK
IJLZ OK
ILOT OK
ILOS OK
ILOZ OK
ILOJ OK
IJZS OK
ILTO OK
ILTS OK
ILTZ OK
ILTJ OK
ILST OK
ILSO OK
ILSJ OK
ILZO OK
ILZT OK
ILSZ OK
ILZJ OK
IZSO CAP
ILJO OK
ILJT OK
ILJS OK
ILJZ OK
OITS OK
OITJ OK
OITZ OK
OITL OK
OIST OK
OISJ OK
OISL OK
ILZS OK
OIZT OK
OIZJ OK
OIZL OK
OIJT OK
OIJS OK
OISZ OK
OIJZ OK
OIJL OK
OILT OK
OILS OK
OILZ OK
OILJ OK
OTIS OK
OTIZ OK
OTIJ OK
OTIL OK
OTSI OK
OTSJ OK
OTSL OK
OTZI OK
OTZJ OK
OTZL OK
OTJI OK
OTJS OK
OTSZ OK
OTJZ OK
OTJL OK
OTLI OK
OTLS OK
OTLZ OK
OTLJ OK
OSIT OK
OSIJ OK
OTZS OK
OSIL OK
OSTI OK
OIZS OK
OSIZ OK
OSTJ OK
OSTL OK
OSZI OK
OSTZ OK
OSJI OK
OSZL OK
OSJT OK
OSZJ OK
OSJZ OK
OSZT OK
OSJL OK
OSLI OK
OSLT OK
OZIT OK
OSLZ OK
OSLJ OK
OZIJ OK
OZIL OK
OZTI OK
OZTJ OK
OZTL OK
OZSI OK
OZSJ OK
OZIS OK
OZSL OK
OZTS OK
OZJI OK
OZJT OK
OZLI OK
OZJS OK
OZJL OK
OZLT OK
OZLJ OK
OJIT OK
OZST OK
OJIS OK
OJIL OK
OJIZ OK
OJTI OK
OJTS OK
OJTZ OK
OJTL OK
OJSI OK
OJST OK
OZLS OK
OJZI OK
OJZT OK
OJSZ OK
OJSL OK
OJLI OK
OJLT OK
OJLS OK
OJZL OK
OJLZ OK
OLIT OK
OLIS OK
OLIZ OK
OLIJ OK
OLTI OK
OLTS OK
OLTZ OK
OLTJ OK
OLSI OK
OLST OK
OLSZ OK
OLSJ OK
OLZI OK
OLZT OK
OLZJ OK
OLJI OK
OLJT OK
OLJS OK
OLJZ OK
TIOS OK
TIOZ OK
TIOJ OK
TIOL OK
OJZS OK
TISO OK
TISJ OK
TISL OK
TIZO OK
TIZJ OK
TIZL OK
TIJO OK
TIJS OK
TIJZ OK
TIJL OK
TILO OK
TILS OK
TILZ OK
TILJ OK
TISZ OK
TOIS OK
TOIZ OK
TOIJ OK
TIZS OK
TOIL OK
TOSI OK
TOSJ OK
OLZS OK
TOSL OK
TOZI OK
TOZJ OK
TOZL OK
TOJI OK
TOJS OK
TOJZ OK
TOJL OK
TOLI OK
TOLS OK
TOLZ OK
TOLJ OK
TSIO OK
TOSZ OK
TSIJ OK
TSIL OK
TSOI OK
TSOJ OK
TSOL OK
TOZS OK
TSIZ OK
TSZJ OK
TSOZ OK
TSZL OK
TSJI OK
TSJO OK
TSJZ OK
TSZI OK
TSLI OK
TSJL OK
TSZO OK
TSLO OK
TSLZ OK
TSLJ OK
TZIJ OK
TZIO OK
TZIL OK
TZOI OK
TZOJ OK
TZOL OK
TZIS OK
TZSJ OK
TZSL OK
TZJI OK
TZSI OK
TZJO OK
TZSO OK
TZJS OK
TZOS OK
TZLI OK
TZJL OK
TZLO OK
TZLJ OK
TJIO OK
TZLS OK
TJIZ OK
TJIL OK
TJIS OK
TJOI OK
TJOZ OK
TJOS OK
TJOL OK
TJSI OK
TJSO OK
TJZI OK
TJSZ OK
TJSL OK
TJZO OK
TJZS OK
TJLI OK
TJZL OK
TJLO OK
TLIO OK
TJLS OK
TJLZ OK
TLIS OK
TLIJ OK
TLOI OK
TLIZ OK
TLOJ OK
TLSI OK
TLOS OK
TLOZ OK
TLSO OK
TLSZ OK
TLSJ OK
TLZI OK
TLZO OK
TLJI OK
TLZS OK
TLZJ OK
TLJO OK
TLJS OK
TLJZ OK
SIOJ OK
SIOL OK
SITO OK
SITJ OK
SITL OK
SIOT OK
SIOZ OK
SITZ OK
SIZJ OK
SIZL OK
SIJO OK
SIJT OK
SIJL OK
SIZT OK
SIJZ OK
SILO OK
SILT OK
SILJ OK
SOIT OK
SIZO OK
SILZ OK
SOIJ OK
SOIL OK
SOTI OK
SOTJ OK
SOTL OK
SOIZ OK
SOZI OK
SOTZ OK
SOJI OK
SOZL OK
SOJT OK
SOJZ OK
SOZT OK
SOZJ OK
SOLI OK
SOJL OK
SOLT OK
STIO OK
SOLJ OK
SOLZ OK
STIJ OK
STIL OK
STOI OK
STOJ OK
STOL OK
STIZ OK
STZJ OK
STOZ OK
STZL OK
STJI OK
STZI OK
STJO OK
STJL OK
STJZ OK
STZO OK
STLI OK
STLO OK
STLJ OK
STLZ OK
SZIJ OK
SZIL OK
SZIT OK
SZOJ OK
SZIO OK
SZOL OK
SZOT OK
SZOI OK
SZTJ OK
SZTL OK
SZJI OK
SZJO OK
SZTI OK
SZJT OK
SZJL OK
SZTO OK
SZLT OK
SZLJ OK
SZLI OK
SZLO OK
SJIT OK
SJIO OK
SJIL OK
SJOT OK
SJOI OK
SJTI OK
SJOZ OK
SJIZ OK
SJTO OK
SJOL OK
SJTL OK
SJTZ OK
SJZT OK
SJZO OK
SJLI OK
SJZL OK
SJZI OK
SJLT OK
SLIT OK
SJLO OK
SJLZ OK
SLIJ OK
SLIO OK
SLOT OK
SLIZ OK
SLOI OK
SLTI OK
SLOZ OK
SLOJ OK
SLTO OK
SLTJ OK
SLTZ OK
SLZT OK
SLZJ OK
SLJI OK
SLZI OK
SLJT OK
SLJO OK
SLJZ OK
ZIOJ OK
ZIOL OK
ZITO OK
ZIOT OK
ZITJ OK
ZITL OK
ZITS OK
ZIST OK
ZISJ OK
ZIOS OK
ZIJO OK
ZISL OK
SLZO OK
ZIJT OK
ZIJS OK
ZIJL OK
ZILT OK
ZILO OK
ZILJ OK
ZILS OK
ZOIT OK
ZOIJ OK
ZOIL OK
ZOTI OK
ZOTJ OK
ZOTL OK
ZOSI OK
ZOIS OK
ZOTS OK
ZOSJ OK
ZOJI OK
ZOSL OK
ZOJT OK
ZISO OK
ZOJS OK
ZOJL OK
ZOLI OK
ZOLT OK
ZOLJ OK
ZTIO OK
ZOST OK
ZTIJ OK
ZTIL OK
ZTOI OK
ZOLS OK
ZTOJ OK
ZTOL OK
ZTIS OK
ZTSJ OK
ZTSL OK
ZTJI OK
ZTSI OK
ZTJO OK
ZTSO OK
ZTJS OK
ZTOS OK
ZTJL OK
ZTLI OK
ZTLJ OK
ZTLO OK
ZTLS OK
ZSIJ OK
ZSIL OK
ZSIT OK
ZSOJ OK
ZSOT OK
ZSOL OK
ZSIO OK
ZSTJ OK
ZSOI OK
ZSTL OK
ZSJI OK
ZSTI OK
ZSJO OK
ZSJT OK
ZSTO OK
ZSJL OK
ZSLI OK
ZSLJ OK
ZSLT OK
ZSLO OK
ZJIO OK
ZJIT OK
ZJIS OK
ZJIL OK
ZJOT OK
ZJOI OK
ZJOL OK
ZJTI OK
ZJTO OK
ZJTS OK
ZJOS OK
ZJTL OK
ZJST OK
ZJSL OK
ZJLI OK
ZJLO OK
ZJSI OK
ZJLT OK
ZJSO OK
ZJLS OK
ZLIJ OK
ZLIO OK
ZLIT OK
ZLIS OK
ZLOT OK
ZLOJ OK
ZLTI OK
ZLOI OK
ZLTO OK
ZLTJ OK
ZLTS OK
ZLSI OK
ZLST OK
ZLSJ OK
ZLOS OK
ZLJI OK
ZLJO OK
ZLJT OK
ZLJS OK
JIOT OK
JIOS OK
JIOL OK
JIOZ OK
JITO OK
JITS OK
JITZ OK
JITL OK
ZLSO OK
JISO OK
JIST OK
JISL OK
JIZO OK
JIZT OK
JIZL OK
JILO OK
JILT OK
JILS OK
JILZ OK
JOIT OK
JOIS OK
JISZ OK
JOIZ OK
JOIL OK
JOTI OK
JOTS OK
JOTZ OK
JOTL OK
JIZS OK
JOST OK
JOSI OK
JOZI OK
JOZT OK
JOSZ OK
JOSL OK
JOLI OK
JOLT OK
JOLS OK
JOLZ OK
JTIO OK
JOZL OK
JTIS OK
JTIZ OK
JTIL OK
JTOI OK
JTOS OK
JTOZ OK
JTOL OK
JTSI OK
JTSO OK
JTSZ OK
JTZI OK
JTSL OK
JTZO OK
JTLI OK
JTZS OK
JTZL OK
JTLO OK
JTLS OK
JTLZ OK
JSIO OK
JSIL OK
JSIT OK
JSOT OK
JSOI OK
JSIZ OK
JSOZ OK
JSTI OK
JSOL OK
JOZS OK
JSTO OK
JSTL OK
JSTZ OK
JSZT OK
JSLI OK
JSZO OK
JSZL OK
JSLT OK
JSZI OK
JSLO OK
JZIO OK
JZIT OK
JZIL OK
JSLZ OK
JZOT OK
JZOI OK
JZTI OK
JZOL OK
JZTO OK
JZTS OK
JZIS OK
JZTL OK
JZST OK
JZSL OK
JZLI OK
JZSI OK
JZLO OK
JZLT OK
JZLS OK
JLIO OK
JLIT OK
JLIS OK
JLIZ OK
JLOI OK
JLOT OK
JLOS OK
JLOZ OK
JLTI OK
JLTO OK
JLTS OK
JLTZ OK
JLSI OK
JLST OK
JZOS OK
JLZI OK
JLSO OK
JLZO OK
JLSZ OK
JLZT OK
JZSO OK
JLZS OK
LIOT OK
LIOS OK
LIOZ OK
LIOJ OK
LITO OK
LITS OK
LITJ OK
LITZ OK
LIST OK
LISJ OK
LISO OK
LIZT OK
LIZO OK
LIZJ OK
LIJO OK
LIJT OK
LIJS OK
LISZ OK
LIJZ OK
LOIT OK
LOIS OK
LOIZ OK
LOIJ OK
LOTI OK
LOTS OK
LOTZ OK
LOTJ OK
LOSI OK
LIZS OK
LOST OK
LOZI OK
LOZT OK
LOSJ OK
LOSZ OK
LOJI OK
LOZJ OK
LOJT OK
LOJS OK
LOJZ OK
LTIO OK
LTIJ OK
LTIS OK
LTIZ OK
LTOI OK
LTOZ OK
LTOS OK
LTOJ OK
LTSI OK
LTSO OK
LTSZ OK
LTSJ OK
LTZI OK
LTZO OK
LTZS OK
LTJI OK
LTZJ OK
LTJO OK
LTJS OK
LTJZ OK
LSIT OK
LSIO OK
LSIJ OK
LSOT OK
LSIZ OK
LSOI OK
LSTI OK
LSOJ OK
LSOZ OK
LSTO OK
LSTJ OK
LSTZ OK
LSZT OK
LSZI OK
LSZJ OK
LSJI OK
LSJT OK
LSJO OK
LOZS OK
LZIT OK
LSJZ OK
LZIO OK
LZIJ OK
LZOT OK
LZOI OK
LZIS OK
LZOJ OK
LZTI OK
LZTO OK
LZTJ OK
LZTS OK
LZSI OK
LZST OK
LZSJ OK
LZJI OK
LZJO OK
LZJT OK
LZJS OK
LJIO OK
LZSO OK
LJIT OK
LJIS OK
LJIZ OK
LJOI OK
LJOT OK
LJOS OK
LJOZ OK
LJTI OK
LJTO OK
LZOS OK
LJTS OK
LJSI OK
LJTZ OK
LJST OK
LJZI OK
LJZO OK
LJSO OK
LJSZ OK
LJZT OK
LJZS OK
LSZO CAP
