IOTL OK
IOTJ OK
IOTZ OK
IOTS OK
IOST OK
IOSJ OK
IOSL OK
IOZT OK
IOZJ OK
IOZL OK
IOJT OK
IOJS OK
IOJZ OK
IOJL OK
IOLT OK
IOLS OK
IOSZ OK
IOLZ OK
IOLJ OK
ITOS OK
ITOJ OK
ITOZ OK
ITOL OK
ITSJ OK
ITSO OK
ITSL OK
ITZO OK
ITZJ OK
ITZL OK
ITSZ OK
ITJO OK
IOZS OK
ITJS OK
ITJZ OK
ITJL OK
ITLO OK
ITLS OK
ITLZ OK
ITLJ OK
ISOJ OK
ISOL OK
ISTO OK
ITZS OK
ISTJ OK
ISTL OK
ISOT OK
ISOZ OK
ISZJ OK
ISTZ OK
ISZL OK
ISJO OK
ISJT OK
ISJL OK
ISJZ OK
ISLT OK
ISLO OK
ISLJ OK
ISLZ OK
ISZT OK
IZOJ OK
IZOL OK
ISZO OK
IZTO OK
IZTJ OK
IZTL OK
IZOT OK
IZTS OK
IZSJ OK
IZSL OK
IZOS OK
IZJO OK
IZST OK
IZJT OK
IZJS OK
IZJL OK
IZLT OK
IZLO OK
IZLS OK
IZLJ OK
IJOT OK
IJOS OK
IJOZ OK
IJOL OK
IJTO OK
IJTS OK
IZSO OK
IJTZ OK
IJTL OK
IJST OK
IJSO OK
IJSL OK
IJZT OK
IJZO OK
IJSZ OK
IJLO OK
IJZL OK
IJLT OK
IJLS OK
IJLZ OK
ILOT OK
ILOS OK
ILOZ OK
IJZS OK
ILOJ OK
ILTO OK
ILTS OK
ILTJ OK
ILTZ OK
ILST OK
ILSJ OK
ILSO OK
ILZO OK
ILZT OK
ILZS OK
ILZJ OK
ILJO OK
ILJT OK
ILJS OK
ILJZ OK
ILSZ OK
OITJ OK
OITS OK
OITZ OK
OITL OK
OIST OK
OISJ OK
OISL OK
OIZT OK
OIZJ OK
OIZS OK
OIZL OK
OIJT OK
OIJS OK
OIJZ OK
OIJL OK
OILT OK
OILS OK
OILZ OK
OILJ OK
OISZ OK
OTIS OK
OTIJ OK
OTIL OK
OTIZ OK
OTSI OK
OTSJ OK
OTSL OK
OTZI OK
OTZJ OK
OTZL OK
OTJI OK
OTJS OK
OTJZ OK
OTJL OK
OTLI OK
OTLS OK
OTLZ OK
OTLJ OK
OSIT OK
OTSZ OK
OSIJ OK
OSIL OK
OSTI OK
OSIZ OK
OSTJ OK
OSTL OK
OTZS OK
OSTZ OK
OSZI OK
OSJI OK
OSZJ OK
OSJT OK
OSZL OK
OSJZ OK
OSJL OK
OSLI OK
OSLT OK
OZIT OK
OSLZ OK
OSLJ OK
OSZT OK
OZIL OK
OZIJ OK
OZIS OK
OZTI OK
OZTJ OK
OZTL OK
OZSI OK
OZSJ OK
OZSL OK
OZJI OK
OZJT OK
OZJS OK
OZJL OK
OZLI OK
OZLT OK
OZLJ OK
OZLS OK
OJIT OK
OJIS OK
OJIZ OK
OZTS OK
OJIL OK
OZST OK
OJTI OK
OJTS OK
OJTZ OK
OJTL OK
OJSI OK
OJST OK
OJSL OK
OJZI OK
OJZT OK
OJZL OK
OJLI OK
OJSZ OK
OJLT OK
OJLS OK
OJLZ OK
OLIT OK
OLIS OK
OLIZ OK
OLIJ OK
OLTI OK
OLTS OK
OLTZ OK
OJZS OK
OLTJ OK
OLSI OK
OLST OK
OLZI OK
OLZT OK
OLSZ OK
OLSJ OK
OLJI OK
OLZJ OK
OLZS OK
OLJT OK
OLJS OK
OLJZ OK
TIOJ OK
TIOL OK
TIOS OK
TIOZ OK
TISJ OK
TISL OK
TISO OK
TIZJ OK
TIZO OK
TIZL OK
TIJO OK
TIJS OK
TIJZ OK
TIJL OK
TILO OK
TILS OK
TILZ OK
TILJ OK
TISZ OK
TOIS OK
TOIZ OK
TOIJ OK
TOIL OK
TOSI OK
TOSJ OK
TOSL OK
TOZI OK
TOZJ OK
TOZL OK
TOJI OK
TOJS OK
TIZS OK
TOJZ OK
TOSZ OK
TOJL OK
TOLI OK
TOLS OK
TOLZ OK
TOLJ OK
TSIJ OK
TSIO OK
TSIL OK
TSOI OK
TSOJ OK
TSOL OK
TOZS OK
TSIZ OK
TSZJ OK
TSOZ OK
TSJI OK
TSZL OK
TSJO OK
TSJL OK
TSJZ OK
TSLI OK
TSZO OK
TSLO OK
TSLJ OK
TSLZ OK
TSZI OK
TZIJ OK
TZIO OK
TZIL OK
TZOJ OK
TZOI OK
TZOL OK
TZIS OK
TZSI OK
TZSO OK
TZSJ OK
TZJI OK
TZJO OK
TZSL OK
TZOS OK
TZJS OK
TZJL OK
TZLI OK
TZLO OK
TZLJ OK
TZLS OK
TJIO OK
TJIS OK
TJIZ OK
TJIL OK
TJOI OK
TJOS OK
TJSI OK
TJOZ OK
TJOL OK
TJSO OK
TJZI OK
TJSZ OK
TJZO OK
TJSL OK
TJZS OK
TJLI OK
TJZL OK
TJLO OK
TLIO OK
TJLS OK
TJLZ OK
TLIS OK
TLIJ OK
TLOI OK
TLIZ OK
TLOJ OK
TLOS OK
TLOZ OK
TLSI OK
TLSO OK
TLSZ OK
TLSJ OK
TLZI OK
TLZO OK
TLJI OK
TLZS OK
TLZJ OK
TLJO OK
TLJS OK
TLJZ OK
SIOJ OK
SIOL OK
SITO OK
SITJ OK
SITL OK
SIOT OK
SIOZ OK
SITZ OK
SIZJ OK
SIZL OK
SIJO OK
SIJT OK
SIJZ OK
SIJL OK
SILO OK
SILT OK
SIZT OK
SILJ OK
SILZ OK
SOIT OK
SOIJ OK
SOIL OK
SOTI OK
SIZO OK
SOTJ OK
SOTL OK
SOIZ OK
SOZI OK
SOTZ OK
SOZJ OK
SOJI OK
SOJT OK
SOJZ OK
SOJL OK
SOZL OK
SOLI OK
SOLT OK
SOLZ OK
STIO OK
SOLJ OK
SOZT OK
STIJ OK
STIL OK
STOI OK
STOJ OK
STOL OK
STIZ OK
STOZ OK
STZJ OK
STJI OK
STZI OK
STZL OK
STJL OK
STJO OK
STJZ OK
STLI OK
STLO OK
STLJ OK
STZO OK
STLZ OK
SZIJ OK
SZIL OK
SZIT OK
SZOJ OK
SZIO OK
SZOL OK
SZOI OK
SZOT OK
SZTJ OK
SZTL OK
SZJI OK
SZJO OK
SZJT OK
SZJL OK
SZLI OK
SZTI OK
SZTO OK
SZLJ OK
SZLT OK
SZLO OK
SJIO OK
SJIT OK
SJIL OK
SJIZ OK
SJOI OK
SJOT OK
SJOZ OK
SJOL OK
SJTI OK
SJTO OK
SJTL OK
SJTZ OK
SJZI OK
SJZT OK
SJLI OK
SJZO OK
SJLT OK
SJZL OK
SJLO OK
SLIO OK
SLIT OK
SLIZ OK
SLIJ OK
SLOI OK
SLOT OK
SJLZ OK
SLTI OK
SLOZ OK
SLOJ OK
SLTO OK
SLTJ OK
SLZI OK
SLTZ OK
SLZT OK
SLJI OK
SLZJ OK
SLZO OK
SLJT OK
SLJO OK
SLJZ OK
ZIOJ OK
ZIOL OK
ZITO OK
ZITJ OK
ZITL OK
ZIOT OK
ZIOS OK
ZISJ OK
ZISL OK
ZITS OK
ZIJO OK
ZIJT OK
ZIJS OK
ZIJL OK
ZILT OK
ZILO OK
ZILJ OK
ZILS OK
ZIST OK
ZOIT OK
ZOIS OK
ZOIJ OK
ZOIL OK
ZISO OK
ZOTI OK
ZOTJ OK
ZOTL OK
ZOSI OK
ZOSJ OK
ZOSL OK
ZOJI OK
ZOJT OK
ZOJS OK
ZOJL OK
ZOLI OK
ZOLT OK
ZOLS OK
ZOLJ OK
ZOTS OK
ZOST OK
ZTIJ OK
ZTIO OK
ZTOI OK
ZTIL OK
ZTOJ OK
ZTOL OK
ZTIS OK
ZTSI OK
ZTSJ OK
ZTSO OK
ZTSL OK
ZTJI OK
ZTOS OK
ZTJO OK
ZTJS OK
ZTJL OK
ZTLI OK
ZTLO OK
ZTLJ OK
ZTLS OK
ZSIJ OK
ZSIL OK
ZSIT OK
ZSIO OK
ZSOJ OK
ZSOI OK
ZSOL OK
ZSOT OK
ZSTJ OK
ZSTL OK
ZSJI OK
ZSJO OK
ZSJT OK
ZSJL OK
ZSLI OK
ZSTI OK
ZSTO OK
ZSLT OK
ZSLJ OK
ZSLO OK
ZJIO OK
ZJIT OK
ZJIS OK
ZJIL OK
ZJOT OK
ZJOI OK
ZJTI OK
ZJOL OK
ZJTO OK
ZJTS OK
ZJTL OK
ZJOS OK
ZJST OK
ZJSI OK
ZJSL OK
ZJLI OK
ZJSO OK
ZJLO OK
ZJLT OK
ZJLS OK
ZLIO OK
ZLIJ OK
ZLIT OK
ZLIS OK
ZLOT OK
ZLOJ OK
ZLOI OK
ZLTI OK
ZLOS OK
ZLTO OK
ZLTJ OK
ZLTS OK
ZLSI OK
ZLSJ OK
ZLST OK
ZLSO OK
ZLJI OK
ZLJO OK
ZLJT OK
ZLJS OK
JIOT OK
JIOL OK
JIOS OK
JIOZ OK
JITO OK
JITS OK
JITZ OK
JITL OK
JIST OK
JISO OK
JISL OK
JIZT OK
JIZO OK
JIZL OK
JILO OK
JILT OK
JISZ OK
JILS OK
JILZ OK
JOIT OK
JOIS OK
JIZS OK
JOIZ OK
JOIL OK
JOTI OK
JOTS OK
JOTZ OK
JOTL OK
JOSI OK
JOST OK
JOSL OK
JOZI OK
JOZT OK
JOZL OK
JOLI OK
JOSZ OK
JOLT OK
JOLS OK
JTIO OK
JOLZ OK
JTIS OK
JTIZ OK
JTIL OK
JTOI OK
JTOS OK
JTOZ OK
JTOL OK
JTSI OK
JOZS OK
JTSO OK
JTZI OK
JTZO OK
JTSZ OK
JTSL OK
JTLI OK
JTZS OK
JTLO OK
JTZL OK
JTLS OK
JTLZ OK
JSIO OK
JSIT OK
JSIL OK
JSOT OK
JSOI OK
JSIZ OK
JSTI OK
JSOL OK
JSTO OK
JSTL OK
JSOZ OK
JSTZ OK
JSZT OK
JSLI OK
JSZO OK
JSZL OK
JSLT OK
JSZI OK
JSLO OK
JZIT OK
JZIO OK
JZIL OK
JSLZ OK
JZOI OK
JZOT OK
JZIS OK
JZTI OK
JZOL OK
JZTO OK
JZTS OK
JZTL OK
JZST OK
JZOS OK
JZSL OK
JZLI OK
JZLO OK
JZLT OK
JZSI OK
JZLS OK
JLIO OK
JLIT OK
JLIS OK
JLOI OK
JLIZ OK
JZSO OK
JLOT OK
JLTI OK
JLTO OK
JLTS OK
JLOZ OK
JLOS OK
JLTZ OK
JLSI OK
JLST OK
JLZI OK
JLZO OK
JLZT OK
JLSO OK
LIOT OK
LIOS OK
JLZS OK
LIOJ OK
LIOZ OK
LITO OK
LITS OK
LITZ OK
LITJ OK
LIST OK
LISO OK
LISJ OK
LIZO OK
LIZT OK
LISZ OK
LIZJ OK
LIJO OK
LIJT OK
LIJS OK
LIJZ OK
LOIT OK
LOIS OK
LOIZ OK
LOIJ OK
LOTI OK
LOTS OK
LIZS OK
JLSZ OK
LOTZ OK
LOTJ OK
LOSI OK
LOST OK
LOZI OK
LOZT OK
LOSZ OK
LOSJ OK
LOJI OK
LOZJ OK
LOZS OK
LOJT OK
LOJS OK
LOJZ OK
LTIO OK
LTIJ OK
LTIS OK
LTOI OK
LTIZ OK
LTOJ OK
LTOZ OK
LTOS OK
LTSI OK
LTSO OK
LTSZ OK
LTSJ OK
LTZI OK
LTZO OK
LTJI OK
LTZS OK
LTZJ OK
LTJO OK
LTJS OK
LSIO OK
LTJZ OK
LSIT OK
LSIZ OK
LSIJ OK
LSOI OK
LSOT OK
LSTI OK
LSTO OK
LSOJ OK
LSTJ OK
LSOZ OK
LSTZ OK
LSZI OK
LSZT OK
LSZJ OK
LSJI OK
LSJT OK
LSZO OK
LSJO OK
LZIO OK
LZIT OK
LZIJ OK
LSJZ OK
LZOT OK
LZOI OK
LZOJ OK
LZIS OK
LZOS OK
LZTI OK
LZTO OK
LZTJ OK
LZTS OK
LZST OK
LZSJ OK
LZJI OK
LZSO OK
LZJO OK
LZJT OK
LZJS OK
LJIO OK
LJIT OK
LZSI OK
LJIS OK
LJIZ OK
LJOI OK
LJOT OK
LJTI OK
LJOS OK
LJOZ OK
LJTO OK
LJTS OK
LJSI OK
LJTZ OK
LJST OK
LJZI OK
LJSO OK
LJZO OK
LJZT OK
LJZS OK
LJSZ OK
