IOTJ OK
IOTL OK
IOTZ OK
IOTS OK
IOST OK
IOSL OK
IOSJ OK
IOZT OK
IOZJ OK
IOZL OK
IOJT OK
IOJS OK
IOJZ OK
IOJL OK
IOLT OK
IOLS OK
IOSZ OK
IOLZ OK
IOLJ OK
ITOS OK
ITOJ OK
ITOZ OK
ITOL OK
ITSO OK
ITSJ OK
ITSL OK
ITZO OK
ITZJ OK
ITZL OK
ITJO OK
ITJS OK
ITJZ OK
ITJL OK
ITLO OK
ITLS OK
ITLZ OK
ITZS OK
ITLJ OK
ISOT OK
ISOJ OK
ISOL OK
IOZS OK
ISTO OK
ITSZ OK
ISTJ OK
ISTL OK
ISOZ OK
ISZJ OK
ISTZ OK
ISZL OK
ISZT OK
ISJO OK
ISJT OK
ISJL OK
ISLT OK
ISLO OK
ISZO OK
ISLJ OK
ISJZ OK
IZOT OK
IZOJ OK
IZOL OK
ISLZ OK
IZTO OK
IZTJ OK
IZTL OK
IZTS OK
IZSJ OK
IZSL OK
IZST OK
IZJO OK
IZJT OK
IZJS OK
IZJL OK
IZLT OK
IZLO OK
IZLJ OK
IZLS OK
IJOT OK
IJOS OK
IJOZ OK
IJOL OK
IJTO OK
IJTS OK
IJTZ OK
IJTL OK
IJSO OK
IJST OK
IJSL OK
IJZO OK
IZOS OK
IJZT OK
IJZL OK
IJLO OK
IJLT OK
IJSZ OK
IJLS OK
IJLZ OK
ILOT OK
ILOS OK
ILOZ OK
ILOJ OK
ILTO OK
ILTS OK
ILTZ OK
ILTJ OK
IZSO OK
ILST OK
ILSO OK
ILSJ OK
ILZT OK
ILZO OK
ILZJ OK
ILSZ OK
ILJO OK
ILJT OK
ILJS OK
ILJZ OK
OITS OK
OITZ OK
OITJ OK
OITL OK
OIST OK
ILZS OK
OISJ OK
OISL OK
OIZT OK
OIZJ OK
OIZL OK
OISZ OK
IJZS OK
OIJT OK
OIJS OK
OIJL OK
OIJZ OK
OILT OK
OILS OK
OILZ OK
OILJ OK
OTIS OK
OTIJ OK
OTIZ OK
OTIL OK
OTSI OK
OTSJ OK
OTSL OK
OTZI OK
OTZJ OK
OTZL OK
OTJI OK
OTJS OK
OIZS OK
OTJZ OK
OTJL OK
OTLI OK
OTLS OK
OTLZ OK
OTLJ OK
OSIT OK
OTSZ OK
OSIJ OK
OSIL OK
OSTI OK
OTZS OK
OSTJ OK
OSTL OK
OSIZ OK
OSZI OK
OSZL OK
OSJI OK
OSTZ OK
OSJT OK
OSJL OK
OSZT OK
OSJZ OK
OSLI OK
OSLT OK
OZIT OK
OSLZ OK
OSLJ OK
OZIJ OK
OZIL OK
OZTI OK
OZTJ OK
OZTL OK
OSZJ OK
OZSI OK
OZSJ OK
OZTS OK
OZIS OK
OZJI OK
OZSL OK
OZJT OK
OZJS OK
OZJL OK
OZLI OK
OZLJ OK
OZLT OK
OZST OK
OJIT OK
OJIS OK
OJIZ OK
OJIL OK
OJTI OK
OJTS OK
OJTZ OK
OJTL OK
OJST OK
OJSI OK
OJSL OK
OJZI OK
OJSZ OK
OJZT OK
OZLS OK
OJLI OK
OJZL OK
OJLT OK
OJLS OK
OJLZ OK
OLIT OK
OLIS OK
OLIJ OK
OLIZ OK
OLTI OK
OLTS OK
OLTZ OK
OLTJ OK
OLSI OK
OLST OK
OLSZ OK
OLZI OK
OLSJ OK
OLZT OK
OLZJ OK
OLJI OK
OLJT OK
OLJS OK
OLJZ OK
TIOS OK
TIOJ OK
TIOL OK
TIOZ OK
TISO OK
TISJ OK
TISL OK
TIZO OK
OJZS OK
OLZS OK
TIZJ OK
TIJO OK
TIZL OK
TIJS OK
TIJZ OK
TIJL OK
TILO OK
TILS OK
TILZ OK
TILJ OK
TOIS OK
TOIZ OK
TOIJ OK
TOIL OK
TOSI OK
TIZS OK
TOSJ OK
TOSL OK
TOZI OK
TISZ OK
TOZJ OK
TOZL OK
TOJI OK
TOJS OK
TOJZ OK
TOJL OK
TOLI OK
TOLS OK
TOLZ OK
TOLJ OK
TSIO OK
TSIJ OK
TOSZ OK
TSIL OK
TSOI OK
TSOJ OK
TSOL OK
TSOZ OK
TOZS OK
TSZJ OK
TSZO OK
TSJI OK
TSZL OK
TSJO OK
TSJZ OK
TSJL OK
TSLI OK
TSIZ OK
TSLO OK
TSLJ OK
TSLZ OK
TSZI OK
TZIO OK
TZIJ OK
TZIL OK
TZOJ OK
TZOI OK
TZOL OK
TZIS OK
TZSJ OK
TZSL OK
TZSI OK
TZJI OK
TZJO OK
TZSO OK
TZJL OK
TZJS OK
TZOS OK
TZLI OK
TZLJ OK
TJIO OK
TZLO OK
TZLS OK
TJIS OK
TJIZ OK
TJIL OK
TJOI OK
TJOS OK
TJOL OK
TJSI OK
TJOZ OK
TJZI OK
TJSO OK
TJSL OK
TJSZ OK
TJZL OK
TJZO OK
TJLI OK
TJZS OK
TJLO OK
TJLS OK
TJLZ OK
TLIO OK
TLIS OK
TLIZ OK
TLIJ OK
TLOI OK
TLOJ OK
TLSI OK
TLOS OK
TLOZ OK
TLSO OK
TLSZ OK
TLSJ OK
TLZI OK
TLZJ OK
TLZO OK
TLJI OK
TLZS OK
TLJO OK
TLJS OK
TLJZ OK
SIOJ OK
SIOL OK
SITO OK
SIOT OK
SITJ OK
SITL OK
SIOZ OK
SIZJ OK
SITZ OK
SIZT OK
SIJO OK
SIZL OK
SIJT OK
SIJL OK
SILO OK
SIZO OK
SILT OK
SILJ OK
SOIT OK
SIJZ OK
SOIJ OK
SOIL OK
SILZ OK
SOTI OK
SOTJ OK
SOTL OK
SOIZ OK
SOZI OK
SOZL OK
SOJI OK
SOTZ OK
SOJT OK
SOZT OK
SOJL OK
SOLI OK
SOJZ OK
SOLT OK
SOLZ OK
STIO OK
SOLJ OK
STIJ OK
STIL OK
STOI OK
STOJ OK
STIZ OK
STOZ OK
STOL OK
STZJ OK
SOZJ OK
STZI OK
STJI OK
STZL OK
STZO OK
STJL OK
STJO OK
STJZ OK
STLI OK
STLO OK
STLJ OK
STLZ OK
SZIJ OK
SZIL OK
SZIT OK
SZIO OK
SZOJ OK
SZOL OK
SZOT OK
SZOI OK
SZTJ OK
SZTL OK
SZJI OK
SZJO OK
SZJT OK
SZJL OK
SZLI OK
SZTI OK
SZLT OK
SZLJ OK
SZLO OK
SJIO OK
SJIT OK
SZTO OK
SJIL OK
SJOT OK
SJOI OK
SJOL OK
SJTI OK
SJOZ OK
SJTO OK
SJIZ OK
SJTL OK
SJTZ OK
SJZT OK
SJZO OK
SJLI OK
SJZL OK
SJLT OK
SJZI OK
SJLO OK
SLIT OK
SLIO OK
SJLZ OK
SLIJ OK
SLOI OK
SLOT OK
SLIZ OK
SLTI OK
SLTO OK
SLOZ OK
SLTZ OK
SLTJ OK
SLOJ OK
SLZT OK
SLZJ OK
SLJI OK
SLZI OK
SLJT OK
SLJO OK
SLJZ OK
ZIOJ OK
ZIOL OK
ZITO OK
ZIOT OK
ZITJ OK
ZITL OK
SLZO OK
ZITS OK
ZISJ OK
ZISL OK
ZIJO OK
ZIJT OK
ZIST OK
ZIJL OK
ZIJS OK
ZIOS OK
ZISO OK
ZILT OK
ZILO OK
ZILJ OK
ZILS OK
ZOIT OK
ZOIL OK
ZOIJ OK
ZOTI OK
ZOTJ OK
ZOTL OK
ZOSI OK
ZOSJ OK
ZOSL OK
ZOTS OK
ZOJI OK
ZOJT OK
ZOIS OK
ZOJL OK
ZOJS OK
ZOLI OK
ZOST OK
ZOLJ OK
ZOLT OK
ZTIJ OK
ZTIO OK
ZTIL OK
ZTOI OK
ZTOJ OK
ZTOL OK
ZOLS OK
ZTIS OK
ZTSJ OK
ZTSL OK
ZTJI OK
ZTJO OK
ZTOS OK
ZTJS OK
ZTSI OK
ZTJL OK
ZTLI OK
ZTLO OK
ZTLJ OK
ZTLS OK
ZTSO OK
ZSIJ OK
ZSIL OK
ZSIT OK
ZSIO OK
ZSOJ OK
ZSOL OK
ZSOT OK
ZSOI OK
ZSTJ OK
ZSTL OK
ZSJI OK
ZSJO OK
ZSJT OK
ZSJL OK
ZSLI OK
ZSLT OK
ZSTI OK
ZSLO OK
ZSLJ OK
ZSTO OK
ZJIO OK
ZJIT OK
ZJIS OK
ZJIL OK
ZJOT OK
ZJOI OK
ZJOL OK
ZJTI OK
ZJTO OK
ZJTS OK
ZJTL OK
ZJSI OK
ZJST OK
ZJSO OK
ZJLI OK
ZJSL OK
ZJLO OK
ZJLS OK
ZJLT OK
ZLIO OK
ZLIT OK
ZLIS OK
ZLIJ OK
ZLOT OK
ZLOJ OK
ZLOI OK
ZLTI OK
ZLTO OK
ZLTS OK
ZLTJ OK
ZLSI OK
ZLST OK
ZLOS OK
ZLSJ OK
ZLJI OK
ZLJO OK
ZLJT OK
ZJOS OK
ZLJS OK
JIOT OK
JIOS OK
JIOL OK
JIOZ OK
JITO OK
JITS OK
ZLSO OK
JITZ OK
JITL OK
JISO OK
JIST OK
JISL OK
JIZO OK
JIZT OK
JIZL OK
JILO OK
JILT OK
JILS OK
JILZ OK
JOIT OK
JISZ OK
JOIS OK
JOIL OK
JOIZ OK
JOTI OK
JOTS OK
JOTZ OK
JOTL OK
JOSI OK
JOST OK
JOSL OK
JOZI OK
JOZT OK
JOSZ OK
JOZL OK
JOLI OK
JOLT OK
JOLS OK
JOLZ OK
JTIO OK
JTIS OK
JTIZ OK
JTIL OK
JTOI OK
JTOS OK
JTOZ OK
JTOL OK
JTSI OK
JTSO OK
JTSZ OK
JTZI OK
JIZS OK
JTSL OK
JTZO OK
JTZS OK
JTLI OK
JTZL OK
JTLO OK
JTLS OK
JTLZ OK
JSIO OK
JSIT OK
JSIL OK
JSOI OK
JSOT OK
JSIZ OK
JSOL OK
JSOZ OK
JSTI OK
JSTO OK
JSTL OK
JSTZ OK
JSZT OK
JSZO OK
JSLI OK
JSZI OK
JOZS OK
JSLT OK
JSLO OK
JSZL OK
JZIO OK
JZIT OK
JZIL OK
JSLZ OK
JZOI OK
JZOT OK
JZOL OK
JZTI OK
JZTO OK
JZTS OK
JZTL OK
JZSI OK
JZST OK
JZSL OK
JZLI OK
JZLO OK
JZLT OK
JZLS OK
JZIS OK
JLIO OK
JLIT OK
JLIS OK
JLIZ OK
JLOI OK
JLOT OK
JLOS OK
JLOZ OK
JLTI OK
JLTO OK
JLTS OK
JLSI OK
JLTZ OK
JLST OK
JLSO OK
JLZI OK
JLZO OK
JLSZ OK
JLZT OK
JZOS OK
LIOT OK
JLZS OK
LIOS OK
LIOZ OK
LIOJ OK
LITO OK
LITZ OK
LITS OK
LITJ OK
LIST OK
LISO OK
LISJ OK
LIZO OK
LIZT OK
LIZJ OK
LISZ OK
LIJO OK
LIJT OK
LIJS OK
LIJZ OK
LOIT OK
LOIS OK
LOIZ OK
LOIJ OK
LOTI OK
LOTS OK
LOTZ OK
LIZS OK
LOTJ OK
LOSI OK
LOST OK
LOZI OK
LOSZ OK
LOSJ OK
JZSO CAP
LOZT OK
LOJI OK
LOZJ OK
LOJT OK
LOJS OK
LTIO OK
LOJZ OK
LTIS OK
LTIJ OK
LTIZ OK
LTOI OK
LTOJ OK
LTOS OK
LTOZ OK
LTSI OK
LTSO OK
LTSZ OK
LTSJ OK
LTZI OK
LTZO OK
LTZS OK
LTJI OK
LTZJ OK
LTJO OK
LTJS OK
LTJZ OK
LSIT OK
LSIO OK
LSIJ OK
LSIZ OK
LSOT OK
LSOI OK
LSTI OK
LOZS OK
LSOJ OK
LSTO OK
LSOZ OK
LSTJ OK
LSTZ OK
LSZJ OK
LSZT OK
LSJI OK
LSZI OK
LSJT OK
LSJO OK
LSJZ OK
LZIT OK
LZIO OK
LZIJ OK
LZOT OK
LZOI OK
LZIS OK
LZOJ OK
LZTI OK
LZTO OK
LZTJ OK
LZTS OK
LZSI OK
LZST OK
LSZO OK
LZSJ OK
LZJI OK
LZJO OK
LZJT OK
LZJS OK
LJIO OK
LJIT OK
LJIS OK
LJIZ OK
LJOI OK
LJOT OK
LJOS OK
LJOZ OK
LJTI OK
LJTO OK
LJTS OK
LZOS OK
LJSI OK
LJTZ OK
LJST OK
LJSO OK
LJZI OK
LJZO OK
LJZT OK
LJSZ OK
LJZS OK
LZSO OK
