IOTL OK
IOTJ OK
IOTZ OK
IOTS OK
IOST OK
IOSJ OK
IOSL OK
IOZJ OK
IOZT OK
IOSZ OK
IOZL OK
IOJT OK
IOJS OK
IOJZ OK
IOJL OK
IOLT OK
IOLS OK
IOLZ OK
IOLJ OK
ITOS OK
ITOZ OK
ITOJ OK
ITOL OK
ITSO OK
ITSJ OK
ITSL OK
ITZO OK
ITSZ OK
ITZJ OK
ITZL OK
ITJO OK
ITJS OK
ITJZ OK
ITZS OK
ITJL OK
ITLO OK
ITLS OK
ITLZ OK
ITLJ OK
ISOT OK
ISOJ OK
ISOL OK
ISTO OK
ISOZ OK
ISTJ OK
ISTL OK
ISTZ OK
ISZJ OK
ISZT OK
ISZO OK
ISJO OK
ISJT OK
ISJZ OK
ISJL OK
IOZS OK
ISLO OK
ISLT OK
ISLJ OK
ISZL OK
IZOT OK
IZOJ OK
IZOL OK
IZTO OK
ISLZ OK
IZTJ OK
IZTL OK
IZTS OK
IZST OK
IZSJ OK
IZSL OK
IZJO OK
IZSO OK
IZJT OK
IZJL OK
IZLO OK
IZLT OK
IZJS OK
IZLS OK
IZLJ OK
IJOT OK
IJOS OK
IJOZ OK
IJOL OK
IJTO OK
IJTS OK
IJTZ OK
IJTL OK
IJST OK
IJSO OK
IJSL OK
IJSZ OK
IJZO OK
IJZT OK
IJZL OK
IJLO OK
IJLT OK
IJLS OK
IJLZ OK
ILOT OK
ILOS OK
ILOZ OK
ILOJ OK
ILTO OK
ILTS OK
ILTZ OK
ILTJ OK
ILSO OK
IZOS OK
ILST OK
ILSJ OK
ILZO OK
ILZT OK
ILZJ OK
ILJO OK
ILSZ OK
ILJT OK
ILJS OK
ILJZ OK
IJZS OK
OITS OK
OITJ OK
OITZ OK
OITL OK
OIST OK
OISJ OK
OISL OK
OISZ OK
OIZT OK
OIZJ OK
OIZL OK
OIJT OK
OIJS OK
OIJZ OK
OIJL OK
OILT OK
OILS OK
OILZ OK
OILJ OK
OTIS OK
ILZS OK
OTIZ OK
OTIJ OK
OTIL OK
OTSI OK
OTSJ OK
OTSL OK
OTZI OK
OTZS OK
OTZJ OK
OTZL OK
OTJI OK
OTJS OK
OTJZ OK
OTSZ OK
OTJL OK
OTLI OK
OTLS OK
OTLZ OK
OTLJ OK
OSIT OK
OIZS OK
OSIJ OK
OSIL OK
OSTI OK
OSTJ OK
OSIZ OK
OSTL OK
OSTZ OK
OSZI OK
OSZT OK
OSJI OK
OSJT OK
OSZL OK
OSJL OK
OSLI OK
OSLT OK
OSLJ OK
OSJZ OK
OZIT OK
OSLZ OK
OZIJ OK
OZIL OK
OZTI OK
OZTS OK
OZTJ OK
OZTL OK
OZSI OK
OSZJ OK
OZSJ OK
OZJI OK
OZJT OK
OZST OK
OZSL OK
OZJS OK
OZJL OK
OZLI OK
OZLT OK
OZLJ OK
OJIT OK
OJIS OK
OZIS OK
OJIZ OK
OJTI OK
OJIL OK
OJTS OK
OJTZ OK
OJTL OK
OJSI OK
OJST OK
OJSL OK
OJZI OK
OJZT OK
OZLS OK
OJZL OK
OJLI OK
OJLT OK
OJLS OK
OJLZ OK
OLIT OK
OLIS OK
OLIZ OK
OLIJ OK
OLTI OK
OLTS OK
OLTZ OK
OLTJ OK
OLSI OK
OLST OK
OLSZ OK
OLSJ OK
OLZI OK
OLZT OK
OLZJ OK
OLJI OK
OLJT OK
OLJS OK
OLJZ OK
TIOS OK
OJSZ OK
TIOZ OK
TIOJ OK
TIOL OK
TISO OK
TISJ OK
TISL OK
TIZO OK
TISZ OK
OJZS OK
TIZJ OK
TIZL OK
TIJO OK
TIJS OK
TIJZ OK
TIJL OK
TILO OK
TIZS OK
TILS OK
TILZ OK
TILJ OK
TOIS OK
TOIZ OK
TOIJ OK
TOIL OK
TOSI OK
TOSJ OK
TOSL OK
TOZI OK
TOZJ OK
TOZL OK
TOZS OK
TOJI OK
TOJS OK
OLZS OK
TOJZ OK
TOJL OK
TOLI OK
TOLS OK
TOLJ OK
TOLZ OK
TSIO OK
TSIJ OK
TSIL OK
TSOI OK
TOSZ OK
TSOJ OK
TSIZ OK
TSOL OK
TSZJ OK
TSOZ OK
TSZL OK
TSZI OK
TSJI OK
TSZO OK
TSJO OK
TSJZ OK
TSJL OK
TSLI OK
TSLO OK
TSLJ OK
TSLZ OK
TZIO OK
TZIJ OK
TZIL OK
TZOI OK
TZOJ OK
TZOL OK
TZIS OK
TZOS OK
TZSJ OK
TZSL OK
TZSI OK
TZJI OK
TZJO OK
TZJL OK
TZJS OK
TZSO OK
TZLI OK
TZLO OK
TZLJ OK
TZLS OK
TJIO OK
TJIS OK
TJIZ OK
TJIL OK
TJOI OK
TJOL OK
TJSI OK
TJOS OK
TJOZ OK
TJSL OK
TJZI OK
TJSO OK
TJZO OK
TJZL OK
TJZS OK
TJLI OK
TJSZ OK
TJLO OK
TJLS OK
TJLZ OK
TLIO OK
TLIS OK
TLIJ OK
TLOI OK
TLIZ OK
TLOJ OK
TLSI OK
TLOS OK
TLSO OK
TLOZ OK
TLSZ OK
TLSJ OK
TLZI OK
TLZJ OK
TLZO OK
TLJI OK
TLZS OK
TLJO OK
TLJS OK
TLJZ OK
SIOJ OK
SIOL OK
SITO OK
SIOT OK
SIOZ OK
SITJ OK
SITL OK
SITZ OK
SIZJ OK
SIZL OK
SIJO OK
SIZT OK
SIZO OK
SIJT OK
SIJZ OK
SIJL OK
SILO OK
SILT OK
SILZ OK
SILJ OK
SOIT OK
SOIJ OK
SOIL OK
SOTI OK
SOIZ OK
SOTJ OK
SOTL OK
SOTZ OK
SOZI OK
SOZT OK
SOJI OK
SOJT OK
SOZL OK
SOJL OK
SOLI OK
SOLT OK
SOJZ OK
SOLJ OK
STIO OK
SOLZ OK
STIJ OK
STIL OK
STOI OK
STIZ OK
STOJ OK
STOL OK
STZI OK
STOZ OK
STZJ OK
STZL OK
STJI OK
STZO OK
STJO OK
STJL OK
STJZ OK
STLI OK
STLO OK
STLZ OK
STLJ OK
SOZJ OK
SZIJ OK
SZIL OK
SZIT OK
SZIO OK
SZOI OK
SZOT OK
SZOJ OK
SZTI OK
SZOL OK
SZTJ OK
SZTL OK
SZJI OK
SZTO OK
SZJO OK
SZJT OK
SZJL OK
SZLI OK
SZLT OK
SZLJ OK
SJIO OK
SJIT OK
SJIZ OK
SJIL OK
SJOI OK
SJOT OK
SZLO OK
SJTI OK
SJOL OK
SJTO OK
SJTL OK
SJTZ OK
SJZI OK
SJZT OK
SJZL OK
SJOZ OK
SJLI OK
SJLO OK
SJLT OK
SJLZ OK
SLIO OK
SLIT OK
SLIZ OK
SJZO OK
SLIJ OK
SLOI OK
SLOJ OK
SLOT OK
SLTI OK
SLTO OK
SLTZ OK
SLTJ OK
SLZI OK
SLZT OK
SLZJ OK
SLJI OK
SLOZ OK
SLJO OK
SLJT OK
SLJZ OK
ZIOT OK
ZIOJ OK
ZIOL OK
ZITO OK
ZITJ OK
ZITL OK
ZITS OK
ZISO OK
ZISJ OK
ZIST OK
ZISL OK
ZIJO OK
ZIJT OK
ZIJS OK
ZIJL OK
ZILO OK
ZILT OK
ZILS OK
ZILJ OK
ZOIT OK
ZOIJ OK
ZOIL OK
ZOTI OK
ZIOS OK
ZOTJ OK
ZOTS OK
ZOTL OK
ZOSI OK
ZOSJ OK
ZOST OK
ZOSL OK
SLZO OK
ZOJI OK
ZOJT OK
ZOLI OK
ZOJL OK
ZOJS OK
ZOLT OK
ZOLJ OK
ZOIS OK
ZTIO OK
ZTIJ OK
ZTIL OK
ZTOI OK
ZTIS OK
ZTOJ OK
ZTOL OK
ZTOS OK
ZTSJ OK
ZTSI OK
ZTSL OK
ZOLS OK
ZTJI OK
ZTSO OK
ZTJO OK
ZTJS OK
ZTJL OK
ZTLI OK
ZTLO OK
ZTLS OK
ZTLJ OK
ZSIJ OK
ZSIL OK
ZSIO OK
ZSIT OK
ZSOI OK
ZSOT OK
ZSOJ OK
ZSTI OK
ZSOL OK
ZSTJ OK
ZSTL OK
ZSJI OK
ZSTO OK
ZSJT OK
ZSJO OK
ZSJL OK
ZSLI OK
ZSLT OK
ZSLJ OK
ZJIO OK
ZJIT OK
ZJIS OK
ZJIL OK
ZJOI OK
ZJOT OK
ZSLO OK
ZJTI OK
ZJOL OK
ZJTO OK
ZJTL OK
ZJTS OK
ZJSI OK
ZJST OK
ZJSL OK
ZJLI OK
ZJLO OK
ZJLT OK
ZJLS OK
ZJSO OK
ZLIO OK
ZLIT OK
ZLIJ OK
ZLIS OK
ZLOI OK
ZLOT OK
ZLOJ OK
ZLTI OK
ZLTO OK
ZLTS OK
ZLTJ OK
ZLSI OK
ZLST OK
ZLSJ OK
ZLJI OK
ZLJO OK
ZLJT OK
ZLOS OK
ZLJS OK
JIOT OK
JIOS OK
JIOZ OK
JIOL OK
ZLSO OK
JITO OK
JITS OK
JITZ OK
JITL OK
JISO OK
ZJOS OK
JIST OK
JISL OK
JISZ OK
JIZT OK
JIZO OK
JIZL OK
JILO OK
JILT OK
JILS OK
JILZ OK
JOIT OK
JOIS OK
JOIZ OK
JOIL OK
JOTI OK
JOTS OK
JOTZ OK
JOTL OK
JOSI OK
JOST OK
JOSL OK
JOZI OK
JOZT OK
JOZL OK
JOLI OK
JOLT OK
JOLS OK
JOLZ OK
JTIO OK
JIZS OK
JTIS OK
JTIZ OK
JTIL OK
JTOI OK
JTOS OK
JTOZ OK
JTOL OK
JTSI OK
JTSO OK
JTSZ OK
JTSL OK
JTZI OK
JTZO OK
JTZS OK
JTZL OK
JTLI OK
JTLO OK
JTLS OK
JTLZ OK
JSIO OK
JSIT OK
JSIZ OK
JSIL OK
JSOI OK
JSOT OK
JSOL OK
JSTI OK
JSTO OK
JOSZ OK
JSTL OK
JSTZ OK
JSOZ OK
JSZI OK
JSZT OK
JSZL OK
JSLI OK
JSLO OK
JSLT OK
JSLZ OK
JZIO OK
JZIT OK
JSZO OK
JZIL OK
JZOI OK
JZOT OK
JOZS OK
JZOL OK
JZTI OK
JZTO OK
JZTS OK
JZTL OK
JZIS OK
JZSI OK
JZST OK
JZSL OK
JZLI OK
JZLO OK
JZLT OK
JZLS OK
JLIO OK
JLIT OK
JLIS OK
JLIZ OK
JLOI OK
JLOT OK
JLOS OK
JLOZ OK
JLTI OK
JLTO OK
JLTS OK
JLTZ OK
JLSI OK
JLST OK
JLSO OK
JLZI OK
JLZO OK
JLZT OK
JLSZ OK
LIOT OK
JLZS OK
LIOS OK
LIOZ OK
LIOJ OK
LITO OK
LITS OK
LITZ OK
LITJ OK
LIST OK
LISO OK
LISJ OK
LIZO OK
LIZT OK
LISZ OK
LIZJ OK
JZOS OK
LIJO OK
LIJT OK
LIJS OK
LIJZ OK
LOIT OK
LOIS OK
LOIZ OK
LOIJ OK
LOTI OK
LOTS OK
LOTZ OK
LOTJ OK
LOSI OK
LOST OK
LOSJ OK
LOZI OK
JZSO CAP
LOZT OK
LOZJ OK
LOSZ OK
LOJI OK
LOJT OK
LIZS OK
LOJS OK
LTIO OK
LOJZ OK
LTIS OK
LTIJ OK
LTOI OK
LTIZ OK
LTOJ OK
LTSI OK
LTOS OK
LTOZ OK
LTSO OK
LTSZ OK
LTSJ OK
LTZI OK
LTZO OK
LTZS OK
LTZJ OK
LTJI OK
LTJO OK
LTJS OK
LTJZ OK
LSIT OK
LSIO OK
LSIJ OK
LSOT OK
LSOI OK
LSOJ OK
LSTI OK
LSIZ OK
LSTO OK
LSTZ OK
LSTJ OK
LSOZ OK
LSZT OK
LSZJ OK
LSZI OK
LSJI OK
LSJO OK
LSJT OK
LSJZ OK
LZIO OK
LZIT OK
LZIS OK
LZIJ OK
LZOI OK
LZOT OK
LZOJ OK
LZTI OK
LZTO OK
LZTS OK
LZTJ OK
LZSI OK
LOZS OK
LZST OK
LZSJ OK
LZJI OK
LZJO OK
LZJT OK
LZOS OK
LZJS OK
LJIT OK
LJIO OK
LJIS OK
LJIZ OK
LJOI OK
LJOT OK
LJOS OK
LJOZ OK
LJTI OK
LJTO OK
LJTS OK
LJTZ OK
LJSI OK
LZSO OK
LJSO OK
LJST OK
LJZI OK
LJZO OK
LJZT OK
LJSZ OK
LJZS OK
LSZO CAP
