IOTS OK
IOTL OK
IOTJ OK
IOTZ OK
IOSJ OK
IOSL OK
IOST OK
IOZT OK
IOZJ OK
IOSZ OK
IOZL OK
IOJT OK
IOJS OK
IOJZ OK
IOJL OK
IOLT OK
IOLS OK
IOLZ OK
IOLJ OK
ITOS OK
ITOZ OK
ITOJ OK
ITOL OK
ITSO OK
ITSJ OK
ITSL OK
ITZO OK
ITSZ OK
ITZJ OK
ITZL OK
ITJO OK
ITJS OK
ITJZ OK
ITJL OK
ITZS OK
ITLO OK
ITLS OK
ITLZ OK
ITLJ OK
ISOT OK
ISOZ OK
ISOJ OK
ISOL OK
ISTO OK
ISTJ OK
ISTL OK
ISTZ OK
ISZJ OK
ISZT OK
ISJO OK
ISJT OK
ISZL OK
ISJZ OK
ISJL OK
ISLO OK
ISLT OK
ISLJ OK
ISLZ OK
IZOT OK
IZOJ OK
IOZS CAP
IZOL OK
IZTO OK
IZTJ OK
IZTS OK
IZTL OK
IZST OK
IZSJ OK
IZSO OK
IZSL OK
IZJT OK
IZJO OK
IZJL OK
ISZO OK
IZJS OK
IZLO OK
IZLT OK
IZLS OK
IZLJ OK
IJOT OK
IJOS OK
IJOZ OK
IJOL OK
IJTO OK
IJTS OK
IJTZ OK
IJTL OK
IJSO OK
IJST OK
IJSZ OK
IJSL OK
IJZT OK
IJZO OK
IJZL OK
IJLO OK
IJLT OK
IJLS OK
IJLZ OK
ILOT OK
ILOS OK
ILOZ OK
ILOJ OK
ILTO OK
ILTS OK
ILTZ OK
ILTJ OK
ILSO OK
ILST OK
IZOS OK
ILSJ OK
ILZO OK
ILZT OK
ILZJ OK
ILJO OK
ILJT OK
ILSZ OK
ILJS OK
ILJZ OK
OITS OK
OITZ OK
OITJ OK
OITL OK
OIST OK
OISZ OK
IJZS OK
OISJ OK
OISL OK
OIZT OK
OIZJ OK
OIZL OK
OIJT OK
OIJS OK
OIJZ OK
OIJL OK
OILT OK
OILS OK
OILZ OK
OILJ OK
OTIS OK
ILZS OK
OTIZ OK
OTIJ OK
OTIL OK
OTSI OK
OTSJ OK
OTSL OK
OTZI OK
OTZS OK
OTZJ OK
OTZL OK
OTJI OK
OTJS OK
OTJZ OK
OTJL OK
OTLI OK
OTLS OK
OTSZ OK
OTLZ OK
OTLJ OK
OSIT OK
OSIJ OK
OSIL OK
OSIZ OK
OSTI OK
OSTJ OK
OSTL OK
OSTZ OK
OSZI OK
OSZT OK
OSJI OK
OSZL OK
OSJT OK
OIZS OK
OSJL OK
OSJZ OK
OSLI OK
OSLT OK
OSLJ OK
OZIT OK
OSLZ OK
OZIJ OK
OZIL OK
OZTI OK
OZTS OK
OZTJ OK
OZTL OK
OSZJ OK
OZSI OK
OZSJ OK
OZJI OK
OZJT OK
OZIS OK
OZSL OK
OZJS OK
OZST OK
OZLI OK
OZLT OK
OZJL OK
OZLJ OK
OJIT OK
OJIS OK
OJIZ OK
OJIL OK
OJTI OK
OJTS OK
OJTZ OK
OJTL OK
OJSI OK
OJST OK
OJZI OK
OJZT OK
OJSL OK
OJSZ OK
OJLI OK
OZLS OK
OJLT OK
OJLS OK
OJLZ OK
OLIT OK
OJZL OK
OLIS OK
OLIZ OK
OLIJ OK
OLTI OK
OLTS OK
OLTZ OK
OLTJ OK
OLSI OK
OLST OK
OLZI OK
OLZT OK
OLSJ OK
OLSZ OK
OLZJ OK
OLJI OK
OLJT OK
OLJS OK
OLJZ OK
TIOS OK
TIOZ OK
TIOJ OK
TIOL OK
TISO OK
TISJ OK
TISL OK
TISZ OK
TIZO OK
TIZJ OK
TIZL OK
TIJO OK
TIJS OK
TIZS OK
TIJZ OK
TIJL OK
TILO OK
TILS OK
TILZ OK
TILJ OK
TOIS OK
TOIZ OK
OJZS OK
TOIJ OK
TOIL OK
TOSI OK
TOSJ OK
TOSL OK
TOZI OK
TOZJ OK
TOZL OK
TOZS OK
TOJI OK
TOJS OK
TOJZ OK
TOJL OK
OLZS OK
TOLI OK
TOLS OK
TOLZ OK
TOLJ OK
TSIO OK
TSIJ OK
TOSZ OK
TSIL OK
TSOI OK
TSOJ OK
TSOL OK
TSIZ OK
TSZJ OK
TSZI OK
TSJI OK
TSZL OK
TSZO OK
TSJZ OK
TSJO OK
TSJL OK
TSLI OK
TSLO OK
TSLZ OK
TSLJ OK
TZIO OK
TZIJ OK
TZIL OK
TZOI OK
TSOZ OK
TZOJ OK
TZOL OK
TZIS OK
TZOS OK
TZSJ OK
TZSL OK
TZJI OK
TZSI OK
TZJO OK
TZSO OK
TZJS OK
TZJL OK
TZLI OK
TZLJ OK
TZLO OK
TZLS OK
TJIO OK
TJIS OK
TJIZ OK
TJIL OK
TJOI OK
TJOL OK
TJSI OK
TJOZ OK
TJOS OK
TJSO OK
TJZI OK
TJSL OK
TJZO OK
TJZS OK
TJSZ OK
TJZL OK
TJLI OK
TJLO OK
TJLS OK
TLIO OK
TJLZ OK
TLIJ OK
TLIS OK
TLIZ OK
TLOI OK
TLOS OK
TLOZ OK
TLSI OK
TLOJ OK
TLSJ OK
TLSO OK
TLSZ OK
TLZI OK
TLZJ OK
TLZO OK
TLJI OK
TLZS OK
TLJO OK
TLJS OK
TLJZ OK
SIOT OK
SIOJ OK
SIOL OK
SIOZ OK
SITO OK
SITJ OK
SITL OK
SITZ OK
SIZJ OK
SIZT OK
SIZL OK
SIJO OK
SIJT OK
SIJZ OK
SIJL OK
SILO OK
SILT OK
SILZ OK
SILJ OK
SOIT OK
SOIJ OK
SOIL OK
SOIZ OK
SOTI OK
SOTJ OK
SOTL OK
SOTZ OK
SOZI OK
SOZT OK
SOZL OK
SOJI OK
SOJT OK
SOJL OK
SOJZ OK
SOLI OK
SOLT OK
SOLJ OK
SIZO OK
SOLZ OK
STIO OK
STIJ OK
STIL OK
STOI OK
STIZ OK
STOJ OK
STOL OK
SOZJ OK
STZI OK
STZJ OK
STZL OK
STZO OK
STJI OK
STOZ OK
STJL OK
STJO OK
STJZ OK
STLI OK
STLJ OK
STLO OK
STLZ OK
SZIJ OK
SZIL OK
SZIT OK
SZIO OK
SZOT OK
SZOI OK
SZOJ OK
SZOL OK
SZTJ OK
SZTI OK
SZTL OK
SZJI OK
SZTO OK
SZJO OK
SZJT OK
SZJL OK
SZLI OK
SZLT OK
SZLJ OK
SJIO OK
SJIT OK
SJIZ OK
SJIL OK
SJOI OK
SJOT OK
SZLO OK
SJTI OK
SJOL OK
SJTO OK
SJTL OK
SJTZ OK
SJZI OK
SJZT OK
SJOZ OK
SJZL OK
SJLI OK
SJLT OK
SJLO OK
SJLZ OK
SLIO OK
SLIT OK
SJZO OK
SLIJ OK
SLIZ OK
SLOI OK
SLOT OK
SLOJ OK
SLTI OK
SLTO OK
SLTZ OK
SLTJ OK
SLZI OK
SLZT OK
SLZJ OK
SLOZ OK
SLJI OK
SLJT OK
SLJO OK
SLJZ OK
ZIOT OK
ZIOJ OK
ZIOL OK
ZITO OK
ZITJ OK
ZITS OK
ZITL OK
ZIST OK
ZISJ OK
ZISO OK
ZISL OK
ZIJO OK
ZIJT OK
ZIJL OK
ZIJS OK
ZILO OK
ZIOS OK
ZILT OK
ZILJ OK
ZILS OK
ZOIT OK
ZOIJ OK
ZOIL OK
ZOTI OK
ZOTS OK
ZOTJ OK
ZOTL OK
SLZO OK
ZOSI OK
ZOSJ OK
ZOJI OK
ZOJT OK
ZOSL OK
ZOJS OK
ZOST OK
ZOIS OK
ZOLI OK
ZOJL OK
ZOLT OK
ZOLJ OK
ZTIO OK
ZTIJ OK
ZTIL OK
ZTOI OK
ZTIS OK
ZTOJ OK
ZTOL OK
ZTOS OK
ZTSI OK
ZTSJ OK
ZTJI OK
ZTSL OK
ZTSO OK
ZTJO OK
ZTJS OK
ZTJL OK
ZOLS OK
ZTLI OK
ZTLO OK
ZTLJ OK
ZTLS OK
ZSIJ OK
ZSIL OK
ZSIT OK
ZSIO OK
ZSOT OK
ZSOI OK
ZSOJ OK
ZSTJ OK
ZSTI OK
ZSOL OK
ZSTL OK
ZSJI OK
ZSTO OK
ZSJT OK
ZSJO OK
ZSLI OK
ZSJL OK
ZSLT OK
ZSLJ OK
ZJIO OK
ZJIT OK
ZJIL OK
ZJIS OK
ZJOI OK
ZSLO OK
ZJOT OK
ZJOL OK
ZJTI OK
ZJTO OK
ZJTL OK
ZJTS OK
ZJOS OK
ZJST OK
ZJSI OK
ZJLI OK
ZJLO OK
ZJSL OK
ZJLT OK
ZJLS OK
ZLIO OK
ZLIT OK
ZJSO OK
ZLIS OK
ZLIJ OK
ZLOI OK
ZLOT OK
ZLOJ OK
ZLTI OK
ZLTO OK
ZLTS OK
ZLTJ OK
ZLSI OK
ZLST OK
ZLSJ OK
ZLJI OK
ZLJO OK
ZLJT OK
ZLJS OK
JIOT OK
JIOS OK
JIOZ OK
JIOL OK
JITO OK
JITS OK
JITZ OK
JITL OK
JISO OK
JIST OK
ZLOS OK
JISZ OK
JISL OK
JIZT OK
JIZO OK
JIZL OK
JILO OK
JILT OK
JILS OK
JILZ OK
JOIT OK
JOIS OK
JOIZ OK
JOIL OK
JOTI OK
JOTS OK
JOTZ OK
JOTL OK
JOSI OK
JOST OK
ZLSO OK
JOZI OK
JOZT OK
JOSL OK
JOSZ OK
JOLI OK
JOLT OK
JOLS OK
JOLZ OK
JOZL OK
JTIO OK
JTIS OK
JTIZ OK
JTIL OK
JTOI OK
JTOS OK
JTOZ OK
JTOL OK
JTSI OK
JIZS OK
JTSO OK
JTSZ OK
JTSL OK
JTZI OK
JTZO OK
JTZL OK
JTZS OK
JTLI OK
JTLO OK
JTLS OK
JTLZ OK
JSIO OK
JSIT OK
JSIZ OK
JSIL OK
JSOI OK
JSOT OK
JSOL OK
JSTI OK
JSTO OK
JSTZ OK
JSTL OK
JSZI OK
JSOZ OK
JSZT OK
JSZL OK
JSLI OK
JSLO OK
JSLT OK
JSLZ OK
JZIO OK
JSZO OK
JZIT OK
JZIL OK
JZOI OK
JZOT OK
JZOL OK
JZTI OK
JZTO OK
JZTS OK
JZTL OK
JOZS OK
JZSI OK
JZST OK
JZIS OK
JZLI OK
JZLO OK
JZLT OK
JZSL OK
JZLS OK
JLIO OK
JLIT OK
JLIS OK
JLIZ OK
JLOI OK
JLOT OK
JLOS OK
JLOZ OK
JLTI OK
JLTO OK
JLTS OK
JLTZ OK
JLSI OK
JLSO OK
JLST OK
JLZI OK
JLZO OK
JLZT OK
JLSZ OK
LIOT OK
LIOS OK
LIOZ OK
LIOJ OK
LITO OK
LITS OK
LITZ OK
JLZS OK
LITJ OK
LIST OK
LISO OK
LISJ OK
JZOS OK
LIZT OK
LIZO OK
LIZJ OK
LIJO OK
LIJT OK
LISZ OK
LIJS OK
LIJZ OK
LOIT OK
LOIS OK
LOIZ OK
LOIJ OK
LOTI OK
LOTS OK
LOTZ OK
LOTJ OK
LOSI OK
LOST OK
LOSJ OK
LOZI OK
LOZT OK
JZSO CAP
LOSZ OK
LOZJ OK
LOJI OK
LIZS OK
LOJT OK
LOJS OK
LTIO OK
LOJZ OK
LTIS OK
LTIZ OK
LTIJ OK
LTOI OK
LTOZ OK
LTOS OK
LTOJ OK
LTSI OK
LTSO OK
LTSJ OK
LTSZ OK
LTZI OK
LTZO OK
LTZS OK
LTZJ OK
LTJI OK
LTJO OK
LTJS OK
LTJZ OK
LSIT OK
LSIO OK
LSIJ OK
LSOI OK
LSOT OK
LSIZ OK
LSOJ OK
LSTI OK
LSTO OK
LSTZ OK
LSTJ OK
LSOZ OK
LSZT OK
LSZJ OK
LSZI OK
LSJI OK
LSJT OK
LSJO OK
LZIO OK
LSJZ OK
LZIT OK
LZIS OK
LZIJ OK
LZOI OK
LZOT OK
LZOJ OK
LZTI OK
LZTO OK
LZTS OK
LZTJ OK
LZSI OK
LOZS OK
LZST OK
LZSJ OK
LZJI OK
LZJO OK
LZJT OK
LZJS OK
LJIO OK
LJIT OK
LJIS OK
LJIZ OK
LJOI OK
LJOT OK
LJOS OK
LJOZ OK
LJTI OK
LJTO OK
LJTS OK
LJTZ OK
LJSI OK
LJSO OK
LJST OK
LJSZ OK
LJZI OK
LZOS OK
LJZO OK
LJZT OK
LSZO CAP
LZSO OK
LJZS OK
