IOTJ OK
IOTL OK
IOTZ OK
IOTS OK
IOSL OK
IOSJ OK
IOST OK
IOZT OK
IOZJ OK
IOSZ OK
IOZL OK
IOJT OK
IOJS OK
IOJZ OK
IOJL OK
IOLT OK
IOLS OK
IOLZ OK
IOLJ OK
ITOS OK
ITOZ OK
ITOJ OK
ITOL OK
ITSO OK
ITSJ OK
ITSL OK
ITZO OK
ITSZ OK
ITZJ OK
ITZL OK
ITJO OK
ITJS OK
ITJZ OK
ITZS OK
ITJL OK
ITLO OK
ITLS OK
ITLZ OK
ITLJ OK
ISOT OK
ISOJ OK
ISOL OK
ISTO OK
ISOZ OK
ISTJ OK
ISTL OK
ISTZ OK
ISZJ OK
ISZT OK
ISZO OK
ISJO OK
ISJT OK
ISJZ OK
ISJL OK
ISLT OK
IOZS OK
ISLJ OK
ISLO OK
ISZL OK
IZOT OK
IZOJ OK
IZOL OK
IZTO OK
ISLZ OK
IZTJ OK
IZTL OK
IZTS OK
IZSJ OK
IZST OK
IZSL OK
IZJO OK
IZJT OK
IZJL OK
IZSO OK
IZJS OK
IZLO OK
IZLT OK
IZLS OK
IZLJ OK
IJOT OK
IJOZ OK
IJOS OK
IJOL OK
IJTO OK
IJTS OK
IJTZ OK
IJTL OK
IJSO OK
IJST OK
IJSZ OK
IJSL OK
IJZO OK
IJZT OK
IJZL OK
IJLO OK
IJLT OK
IJLS OK
IJLZ OK
ILOT OK
ILOS OK
ILOZ OK
ILOJ OK
ILTO OK
ILTS OK
ILTZ OK
ILTJ OK
IZOS OK
ILST OK
ILSO OK
ILSJ OK
ILZO OK
ILZT OK
ILZJ OK
ILJO OK
ILSZ OK
ILJT OK
ILJS OK
ILJZ OK
IJZS OK
OITS OK
OITZ OK
OITJ OK
OITL OK
OIST OK
OISJ OK
OISL OK
OISZ OK
OIZT OK
OIZJ OK
OIZL OK
OIJT OK
OIJS OK
OIJZ OK
OIJL OK
OILT OK
OILS OK
OILZ OK
OILJ OK
OTIS OK
OTIZ OK
OTIJ OK
OTIL OK
OTSI OK
ILZS OK
OTSJ OK
OTSL OK
OTZI OK
OTZJ OK
OTZS OK
OTZL OK
OTJI OK
OTJS OK
OTJZ OK
OTJL OK
OTLI OK
OTLS OK
OTSZ OK
OTLZ OK
OSIT OK
OTLJ OK
OSIJ OK
OSIL OK
OSIZ OK
OIZS OK
OSTI OK
OSTJ OK
OSTL OK
OSTZ OK
OSZI OK
OSZT OK
OSJI OK
OSJT OK
OSZL OK
OSJL OK
OSLI OK
OSLT OK
OSJZ OK
OSLJ OK
OZIT OK
OZIJ OK
OSLZ OK
OZIL OK
OZTI OK
OZTJ OK
OZTL OK
OZTS OK
OZSI OK
OZSJ OK
OSZJ OK
OZJI OK
OZJT OK
OZST OK
OZSL OK
OZJL OK
OZJS OK
OZLI OK
OZLT OK
OZLJ OK
OJIT OK
OZIS OK
OJIS OK
OJIZ OK
OJIL OK
OJTI OK
OJTS OK
OJTZ OK
OJTL OK
OJSI OK
OJST OK
OJSL OK
OJZI OK
OJZT OK
OZLS OK
OJZL OK
OJLI OK
OJLT OK
OJLS OK
OJLZ OK
OLIT OK
OLIS OK
OLIZ OK
OLIJ OK
OLTI OK
OLTS OK
OLTZ OK
OLTJ OK
OLSI OK
OLST OK
OLSZ OK
OLSJ OK
OLZI OK
OLZT OK
OLZJ OK
OLJI OK
OLJT OK
OLJS OK
OLJZ OK
TIOS OK
TIOZ OK
OJSZ OK
TIOJ OK
TIOL OK
TISO OK
TISJ OK
TISL OK
TIZO OK
TISZ OK
OJZS OK
TIZJ OK
TIZL OK
TIJO OK
TIJS OK
TIJZ OK
TIJL OK
TILO OK
TILS OK
TIZS OK
TILZ OK
TILJ OK
TOIS OK
TOIZ OK
TOIJ OK
TOIL OK
TOSI OK
TOSJ OK
TOSL OK
TOZI OK
TOZJ OK
TOZL OK
TOZS OK
TOJI OK
TOJS OK
OLZS OK
TOJZ OK
TOJL OK
TOLI OK
TOLS OK
TOLZ OK
TOLJ OK
TSIO OK
TSIJ OK
TSIL OK
TSOI OK
TOSZ OK
TSIZ OK
TSOJ OK
TSOL OK
TSZJ OK
TSZL OK
TSOZ OK
TSJI OK
TSZI OK
TSZO OK
TSJO OK
TSJZ OK
TSJL OK
TSLI OK
TSLJ OK
TSLO OK
TSLZ OK
TZIO OK
TZIJ OK
TZIL OK
TZOI OK
TZOJ OK
TZOL OK
TZIS OK
TZOS OK
TZSJ OK
TZSL OK
TZSI OK
TZJI OK
TZJO OK
TZJL OK
TZSO OK
TZJS OK
TZLI OK
TZLJ OK
TZLO OK
TZLS OK
TJIO OK
TJIS OK
TJIZ OK
TJIL OK
TJOI OK
TJOL OK
TJSI OK
TJOS OK
TJOZ OK
TJSO OK
TJSL OK
TJZI OK
TJZO OK
TJZS OK
TJZL OK
TJSZ OK
TJLI OK
TJLO OK
TJLS OK
TJLZ OK
TLIO OK
TLIS OK
TLIJ OK
TLIZ OK
TLOI OK
TLOJ OK
TLSI OK
TLSO OK
TLOZ OK
TLOS OK
TLSZ OK
TLSJ OK
TLZI OK
TLZJ OK
TLZO OK
TLZS OK
TLJI OK
TLJO OK
TLJS OK
TLJZ OK
SIOJ OK
SIOL OK
SITO OK
SIOT OK
SIOZ OK
SITJ OK
SITL OK
SITZ OK
SIZJ OK
SIZT OK
SIZO OK
SIJO OK
SIJT OK
SIJZ OK
SIJL OK
SIZL OK
SILO OK
SILT OK
SILJ OK
SOIT OK
SOIJ OK
SOIL OK
SOTI OK
SOIZ OK
SOTJ OK
SOTL OK
SILZ OK
SOTZ OK
SOZI OK
SOZT OK
SOJI OK
SOJT OK
SOZL OK
SOJL OK
SOLI OK
SOLT OK
SOJZ OK
SOLJ OK
STIO OK
SOLZ OK
STIJ OK
STIL OK
STOI OK
STIZ OK
STOJ OK
STOL OK
STZI OK
STOZ OK
STZJ OK
STZL OK
STJI OK
STZO OK
STJO OK
STJL OK
STJZ OK
STLI OK
STLO OK
STLZ OK
STLJ OK
SOZJ OK
SZIJ OK
SZIL OK
SZIT OK
SZIO OK
SZOI OK
SZOT OK
SZOJ OK
SZOL OK
SZTI OK
SZTJ OK
SZTL OK
SZTO OK
SZJI OK
SZJT OK
SZJO OK
SZLI OK
SZJL OK
SZLT OK
SZLJ OK
SJIO OK
SJIT OK
SJIZ OK
SJIL OK
SJOI OK
SJOT OK
SZLO OK
SJTI OK
SJOL OK
SJTO OK
SJTL OK
SJTZ OK
SJZI OK
SJZT OK
SJZL OK
SJOZ OK
SJLI OK
SJLT OK
SJLO OK
SJLZ OK
SLIO OK
SLIT OK
SJZO OK
SLIJ OK
SLOI OK
SLOT OK
SLOJ OK
SLTI OK
SLTO OK
SLTZ OK
SLIZ OK
SLTJ OK
SLOZ OK
SLZT OK
SLZJ OK
SLJI OK
SLJO OK
SLJT OK
SLZI OK
SLJZ OK
ZIOJ OK
ZIOT OK
ZIOL OK
ZITO OK
ZITJ OK
ZITL OK
ZITS OK
ZISO OK
ZIST OK
ZISJ OK
ZISL OK
ZIJO OK
ZIJT OK
ZIJS OK
ZIJL OK
ZILO OK
ZILT OK
ZILJ OK
ZILS OK
ZOIT OK
ZOIJ OK
ZOIL OK
ZOTI OK
ZIOS OK
ZOTS OK
ZOTJ OK
ZOTL OK
ZOSI OK
ZOSJ OK
ZOST OK
ZOSL OK
ZOJI OK
ZOJT OK
SLZO OK
ZOIS OK
ZOJL OK
ZOJS OK
ZOLI OK
ZOLT OK
ZOLJ OK
ZTIO OK
ZTIJ OK
ZTIL OK
ZTOI OK
ZTIS OK
ZTOJ OK
ZTOL OK
ZTOS OK
ZTSI OK
ZTSJ OK
ZOLS OK
ZTSO OK
ZTSL OK
ZTJI OK
ZTJL OK
ZTJO OK
ZTJS OK
ZTLI OK
ZTLO OK
ZTLJ OK
ZTLS OK
ZSIJ OK
ZSIL OK
ZSIO OK
ZSIT OK
ZSOI OK
ZSOT OK
ZSOJ OK
ZSOL OK
ZSTJ OK
ZSTL OK
ZSTI OK
ZSJI OK
ZSTO OK
ZSJT OK
ZSJL OK
ZSJO OK
ZSLI OK
ZSLT OK
ZSLJ OK
ZJIO OK
ZJIT OK
ZJIS OK
ZJIL OK
ZJOI OK
ZJOT OK
ZSLO OK
ZJOL OK
ZJTI OK
ZJTO OK
ZJTL OK
ZJTS OK
ZJSI OK
ZJST OK
ZJSL OK
ZJLI OK
ZJLO OK
ZJLT OK
ZJLS OK
ZJSO OK
ZLIO OK
ZLIT OK
ZLIS OK
ZLIJ OK
ZLOI OK
ZLOT OK
ZLOJ OK
ZLTI OK
ZLTO OK
ZLTS OK
ZLTJ OK
ZLSI OK
ZLST OK
ZLSJ OK
ZLJI OK
ZLJO OK
ZLOS OK
ZLJT OK
ZLJS OK
JIOT OK
JIOS OK
JIOZ OK
JIOL OK
JITO OK
ZLSO OK
JITS OK
JITZ OK
JITL OK
ZJOS OK
JIST OK
JISO OK
JISL OK
JISZ OK
JIZT OK
JIZO OK
JIZL OK
JILO OK
JILT OK
JILS OK
JILZ OK
JOIT OK
JOIS OK
JOIZ OK
JOIL OK
JOTI OK
JOTS OK
JOTZ OK
JOTL OK
JOSI OK
JOST OK
JOSL OK
JOZI OK
JOZT OK
JOZL OK
JOLI OK
JOLT OK
JOLS OK
JOLZ OK
JTIO OK
JTIS OK
JIZS OK
JTIZ OK
JTIL OK
JTOI OK
JTOS OK
JTOZ OK
JTOL OK
JTSI OK
JTSO OK
JTSL OK
JTZI OK
JTSZ OK
JTZO OK
JTZS OK
JTZL OK
JTLI OK
JTLO OK
JTLS OK
JTLZ OK
JSIO OK
JSIT OK
JSIZ OK
JSIL OK
JSOI OK
JSOT OK
JSOL OK
JSTI OK
JOSZ OK
JSTO OK
JSTL OK
JSTZ OK
JSOZ OK
JSZI OK
JSZT OK
JSZL OK
JSLI OK
JSLO OK
JSLT OK
JSLZ OK
JZIO OK
JZIT OK
JSZO OK
JZIL OK
JZOI OK
JOZS OK
JZOT OK
JZTI OK
JZOL OK
JZTO OK
JZTS OK
JZTL OK
JZIS OK
JZSI OK
JZST OK
JZSL OK
JZLI OK
JZLO OK
JZLT OK
JZLS OK
JLIO OK
JLIT OK
JLIS OK
JLIZ OK
JLOI OK
JLOT OK
JLOS OK
JLOZ OK
JLTI OK
JLTO OK
JLTS OK
JLTZ OK
JLSI OK
JLST OK
JLSO OK
JLZI OK
JLZO OK
JLZT OK
JLSZ OK
LIOT OK
JLZS OK
LIOS OK
LIOZ OK
LIOJ OK
LITO OK
LITS OK
LITZ OK
LITJ OK
LIST OK
LISO OK
LISJ OK
LIZO OK
LIZT OK
JZOS OK
LISZ OK
LIZJ OK
LIJO OK
LIJT OK
LIJS OK
LIJZ OK
LOIT OK
LOIS OK
LOIZ OK
LOIJ OK
LOTI OK
LOTS OK
LOTZ OK
LOTJ OK
LOSI OK
LOST OK
LOSJ OK
JZSO CAP
LOZI OK
LOZT OK
LOZJ OK
LOSZ OK
LOJI OK
LOJT OK
LOJS OK
LIZS OK
LOJZ OK
LTIO OK
LTIS OK
LTIZ OK
LTIJ OK
LTOI OK
LTOJ OK
LTSI OK
LTOS OK
LTOZ OK
LTSJ OK
LTSO OK
LTSZ OK
LTZI OK
LTZO OK
LTZS OK
LTZJ OK
LTJI OK
LTJO OK
LTJS OK
LTJZ OK
LSIT OK
LSIO OK
LSIJ OK
LSOT OK
LSOI OK
LSOJ OK
LSTI OK
LSIZ OK
LSTO OK
LSTZ OK
LSTJ OK
LSOZ OK
LSZT OK
LSZJ OK
LSZI OK
LSJI OK
LSJO OK
LSJT OK
LSJZ OK
LZIO OK
LZIT OK
LZIS OK
LZIJ OK
LZOI OK
LZOT OK
LZOJ OK
LZTI OK
LZTO OK
LZTS OK
LZTJ OK
LOZS OK
LZSI OK
LZST OK
LZSJ OK
LZJI OK
LZJO OK
LZOS OK
LZJT OK
LZJS OK
LJIO OK
LJIT OK
LJIS OK
LJIZ OK
LJOI OK
LJOT OK
LJOS OK
LJOZ OK
LJTI OK
LJTO OK
LJTS OK
LJTZ OK
LJSI OK
LJSO OK
LZSO OK
LJST OK
LJZI OK
LJZO OK
LJZT OK
LJSZ OK
LJZS OK
LSZO CAP
