IOTJ OK
IOTS OK
IOTL OK
IOTZ OK
IOST OK
IOSL OK
IOSJ OK
IOZJ OK
IOZT OK
IOZL OK
IOSZ OK
IOJT OK
IOJS OK
IOJZ OK
IOJL OK
IOLT OK
IOLS OK
IOLZ OK
IOLJ OK
ITOS OK
ITOZ OK
ITOJ OK
ITOL OK
ITSO OK
ITSJ OK
ITSL OK
ITZO OK
ITSZ OK
ITZJ OK
ITZL OK
ITJO OK
ITJS OK
ITJZ OK
ITZS OK
ITJL OK
ITLO OK
ITLS OK
ITLZ OK
ITLJ OK
ISOT OK
ISOJ OK
ISOZ OK
ISOL OK
ISTO OK
ISTJ OK
ISTL OK
ISTZ OK
ISZJ OK
ISZT OK
ISJO OK
ISZL OK
ISJT OK
ISJZ OK
ISJL OK
ISLO OK
ISLT OK
ISLJ OK
IZOT OK
ISLZ OK
IZOJ OK
IOZS CAP
IZOL OK
IZTO OK
IZTJ OK
IZTL OK
IZTS OK
IZST OK
IZSO OK
IZSJ OK
IZSL OK
IZJO OK
IZJT OK
ISZO OK
IZJL OK
IZLO OK
IZJS OK
IZLT OK
IZLJ OK
IZLS OK
IJOT OK
IJOS OK
IJOZ OK
IJOL OK
IJTO OK
IJTS OK
IJTZ OK
IJTL OK
IJST OK
IJSO OK
IJSL OK
IJZO OK
IJZT OK
IJSZ OK
IJZL OK
IJLO OK
IJLT OK
IJLS OK
IJLZ OK
ILOT OK
ILOS OK
ILOZ OK
ILOJ OK
ILTO OK
ILTS OK
ILTZ OK
ILTJ OK
ILSO OK
ILST OK
IZOS OK
ILSJ OK
ILZO OK
ILZT OK
ILZJ OK
ILJO OK
ILSZ OK
ILJT OK
ILJS OK
ILJZ OK
OITS OK
OITZ OK
OITJ OK
OITL OK
OIST OK
IJZS OK
OISJ OK
OISL OK
OISZ OK
OIZT OK
OIZJ OK
OIZL OK
OIJT OK
OIJS OK
OIJZ OK
OIJL OK
OILT OK
OILS OK
OILZ OK
OILJ OK
OTIS OK
ILZS OK
OTIZ OK
OTIJ OK
OTIL OK
OTSI OK
OTSJ OK
OTSL OK
OTZI OK
OTZS OK
OTZJ OK
OTZL OK
OTJI OK
OTJS OK
OTJZ OK
OTJL OK
OTLI OK
OTLS OK
OTLZ OK
OTSZ OK
OTLJ OK
OSIT OK
OSIJ OK
OSIL OK
OSIZ OK
OSTI OK
OSTJ OK
OSTL OK
OSTZ OK
OSZI OK
OSZT OK
OSJI OK
OSJT OK
OSZL OK
OSJL OK
OSJZ OK
OSLI OK
OSLT OK
OIZS OK
OSLJ OK
OZIT OK
OZIJ OK
OSLZ OK
OZIL OK
OZTI OK
OZTJ OK
OZTL OK
OZTS OK
OZSI OK
OSZJ OK
OZSJ OK
OZJI OK
OZJT OK
OZST OK
OZSL OK
OZJS OK
OZLI OK
OZJL OK
OZIS OK
OZLT OK
OZLJ OK
OJIT OK
OJIS OK
OJIZ OK
OJIL OK
OJTI OK
OJTS OK
OJTZ OK
OJTL OK
OJSI OK
OJST OK
OJZI OK
OJZT OK
OJSL OK
OJSZ OK
OJLI OK
OZLS OK
OJLT OK
OJLS OK
OJLZ OK
OLIT OK
OJZL OK
OLIS OK
OLIZ OK
OLIJ OK
OLTI OK
OLTS OK
OLTZ OK
OLTJ OK
OLSI OK
OLST OK
OLZI OK
OLSJ OK
OLZT OK
OLZJ OK
OLSZ OK
OLJI OK
OLJT OK
OLJS OK
OLJZ OK
TIOS OK
TIOZ OK
TIOJ OK
TIOL OK
TISO OK
TISJ OK
TISL OK
TIZO OK
TISZ OK
TIZJ OK
TIZL OK
TIJO OK
TIJS OK
TIZS OK
TIJZ OK
TIJL OK
TILO OK
TILS OK
TILZ OK
TILJ OK
TOIS OK
TOIZ OK
TOIJ OK
TOIL OK
OJZS OK
TOSI OK
TOSJ OK
TOSL OK
TOZI OK
TOZJ OK
TOZL OK
TOZS OK
TOJI OK
TOJS OK
TOJZ OK
TOLI OK
TOJL OK
TOLS OK
TOLZ OK
TOLJ OK
OLZS OK
TSIO OK
TOSZ OK
TSIJ OK
TSIL OK
TSOI OK
TSOJ OK
TSOL OK
TSIZ OK
TSZJ OK
TSZI OK
TSJI OK
TSZL OK
TSZO OK
TSJO OK
TSJL OK
TSLI OK
TSLO OK
TSJZ OK
TSLZ OK
TSLJ OK
TZIO OK
TSOZ OK
TZIJ OK
TZIL OK
TZOI OK
TZOJ OK
TZOL OK
TZIS OK
TZOS OK
TZSJ OK
TZSL OK
TZSI OK
TZJI OK
TZSO OK
TZJL OK
TZJO OK
TZJS OK
TZLI OK
TZLJ OK
TZLO OK
TZLS OK
TJIO OK
TJIS OK
TJIZ OK
TJIL OK
TJOI OK
TJOL OK
TJSI OK
TJOS OK
TJOZ OK
TJSO OK
TJZI OK
TJSL OK
TJZO OK
TJSZ OK
TJZS OK
TJZL OK
TJLI OK
TJLO OK
TJLS OK
TLIO OK
TJLZ OK
TLIJ OK
TLIS OK
TLOI OK
TLIZ OK
TLOS OK
TLSI OK
TLOJ OK
TLOZ OK
TLSO OK
TLSJ OK
TLSZ OK
TLZI OK
TLJI OK
TLZJ OK
TLZO OK
TLZS OK
TLJO OK
TLJZ OK
TLJS OK
SIOJ OK
SIOL OK
SITO OK
SIOT OK
SIOZ OK
SITL OK
SITJ OK
SITZ OK
SIZJ OK
SIZT OK
SIJO OK
SIJT OK
SIJZ OK
SIZL OK
SIJL OK
SILT OK
SILO OK
SILJ OK
SOIT OK
SOIJ OK
SILZ OK
SOIL OK
SOIZ OK
SOTI OK
SOTJ OK
SOTL OK
SOTZ OK
SOZI OK
SOZT OK
SOJI OK
SOJT OK
SOZL OK
SOJZ OK
SOJL OK
SOLI OK
SOLT OK
SIZO OK
STIO OK
SOLJ OK
SOLZ OK
STIJ OK
STIL OK
STOI OK
STIZ OK
STOJ OK
STOL OK
STZI OK
SOZJ OK
STZJ OK
STOZ OK
STZL OK
STJI OK
STZO OK
STJL OK
STJO OK
STLI OK
STJZ OK
STLO OK
STLJ OK
STLZ OK
SZIJ OK
SZIL OK
SZIT OK
SZIO OK
SZOT OK
SZOI OK
SZOJ OK
SZTJ OK
SZTI OK
SZOL OK
SZTO OK
SZTL OK
SZJI OK
SZJT OK
SZJO OK
SZLI OK
SZJL OK
SZLJ OK
SZLT OK
SJIO OK
SJIT OK
SJIZ OK
SJIL OK
SJOI OK
SJOT OK
SZLO OK
SJTI OK
SJTO OK
SJOL OK
SJTL OK
SJZI OK
SJOZ OK
SJTZ OK
SJZT OK
SJLI OK
SJZL OK
SJLT OK
SJZO OK
SJLO OK
SLIT OK
SJLZ OK
SLIJ OK
SLIO OK
SLOT OK
SLOI OK
SLOJ OK
SLTI OK
SLIZ OK
SLTO OK
SLTJ OK
SLTZ OK
SLOZ OK
SLZT OK
SLZJ OK
SLJI OK
SLJO OK
SLJT OK
SLZI OK
SLJZ OK
ZIOT OK
ZIOJ OK
ZIOL OK
ZITO OK
ZITJ OK
ZITL OK
ZITS OK
ZIST OK
ZISJ OK
ZISO OK
ZISL OK
ZIJO OK
ZIJT OK
ZIJS OK
ZIJL OK
ZILO OK
ZILT OK
ZILS OK
ZIOS OK
ZILJ OK
ZOIT OK
ZOIJ OK
ZOIL OK
ZOTI OK
ZOTS OK
ZOTJ OK
ZOTL OK
SLZO OK
ZOSI OK
ZOSJ OK
ZOJI OK
ZOJT OK
ZOJS OK
ZOSL OK
ZOIS OK
ZOST OK
ZOLI OK
ZOJL OK
ZOLT OK
ZOLJ OK
ZTIO OK
ZTIJ OK
ZTIL OK
ZTOI OK
ZTIS OK
ZTOJ OK
ZTOL OK
ZTOS OK
ZTSI OK
ZTSJ OK
ZTSO OK
ZTSL OK
ZTJI OK
ZOLS OK
ZTJO OK
ZTJS OK
ZTJL OK
ZTLI OK
ZTLJ OK
ZTLO OK
ZTLS OK
ZSIJ OK
ZSIL OK
ZSIT OK
ZSIO OK
ZSOT OK
ZSOI OK
ZSOJ OK
ZSOL OK
ZSTI OK
ZSTJ OK
ZSTL OK
ZSJI OK
ZSTO OK
ZSJO OK
ZSJT OK
ZSJL OK
ZSLI OK
ZSLJ OK
ZSLT OK
ZJIO OK
ZJIT OK
ZJIL OK
ZJIS OK
ZJOI OK
ZSLO OK
ZJOT OK
ZJTI OK
ZJTO OK
ZJOL OK
ZJTS OK
ZJTL OK
ZJOS OK
ZJSI OK
ZJST OK
ZJLI OK
ZJLO OK
ZJLT OK
ZJSL OK
ZJLS OK
ZJSO OK
ZLIO OK
ZLIJ OK
ZLIT OK
ZLIS OK
ZLOI OK
ZLOJ OK
ZLOT OK
ZLTI OK
ZLTO OK
ZLTS OK
ZLTJ OK
ZLSI OK
ZLST OK
ZLSJ OK
ZLJI OK
ZLJO OK
ZLJT OK
ZLJS OK
JIOT OK
JIOS OK
JIOZ OK
JIOL OK
JITO OK
JITS OK
JITZ OK
JITL OK
JISO OK
JIST OK
ZLOS OK
JISL OK
JIZO OK
JIZT OK
JISZ OK
JIZL OK
JILO OK
JILT OK
JILS OK
JILZ OK
JOIT OK
JOIS OK
JOIZ OK
JOIL OK
JOTI OK
JOTS OK
JOTZ OK
ZLSO OK
JOTL OK
JOSI OK
JOST OK
JOZI OK
JOSL OK
JOZT OK
JOSZ OK
JOLI OK
JOLT OK
JOLS OK
JOLZ OK
JTIO OK
JOZL OK
JTIS OK
JTIZ OK
JTIL OK
JTOI OK
JTOS OK
JTOZ OK
JTOL OK
JTSI OK
JIZS OK
JTSO OK
JTSL OK
JTZI OK
JTZO OK
JTSZ OK
JTZS OK
JTLI OK
JTZL OK
JTLO OK
JTLS OK
JTLZ OK
JSIO OK
JSIT OK
JSIZ OK
JSIL OK
JSOI OK
JSOT OK
JSTI OK
JSOL OK
JSTO OK
JSTL OK
JSZI OK
JSOZ OK
JSTZ OK
JSZT OK
JSZL OK
JSLI OK
JSLT OK
JSZO OK
JSLO OK
JZIO OK
JSLZ OK
JZIT OK
JZIL OK
JZOI OK
JZOT OK
JOZS OK
JZOL OK
JZTI OK
JZTO OK
JZTS OK
JZTL OK
JZSI OK
JZST OK
JZIS OK
JZSL OK
JZLI OK
JZLO OK
JZLT OK
JZLS OK
JLIO OK
JLIT OK
JLIS OK
JLIZ OK
JLOI OK
JLOT OK
JLOS OK
JLOZ OK
JLTI OK
JLTO OK
JLTS OK
JLTZ OK
JLSI OK
JLST OK
JLSO OK
JLZI OK
JLSZ OK
JLZT OK
JLZO OK
LIOT OK
LIOS OK
LIOZ OK
LIOJ OK
LITO OK
JLZS OK
LITS OK
LITZ OK
LITJ OK
LIST OK
JZOS OK
LISO OK
LISJ OK
LIZT OK
LIZO OK
LIZJ OK
LIJO OK
LIJT OK
LIJS OK
LISZ OK
LIJZ OK
LOIT OK
LOIS OK
LOIZ OK
LOIJ OK
LOTI OK
LOTS OK
LOTZ OK
LOTJ OK
JZSO CAP
LOSI OK
LOST OK
LOSJ OK
LOZI OK
LOZT OK
LOZJ OK
LOJI OK
LOSZ OK
LOJT OK
LOJS OK
LTIO OK
LIZS OK
LOJZ OK
LTIS OK
LTIJ OK
LTIZ OK
LTOI OK
LTOS OK
LTOZ OK
LTOJ OK
LTSI OK
LTSO OK
LTSZ OK
LTSJ OK
LTZI OK
LTZO OK
LTZS OK
LTZJ OK
LTJI OK
LTJO OK
LTJS OK
LTJZ OK
LSIT OK
LSIO OK
LSIJ OK
LSOT OK
LSOI OK
LSIZ OK
LSTI OK
LSOJ OK
LSTO OK
LSTZ OK
LSTJ OK
LSOZ OK
LSZT OK
LSZJ OK
LSZI OK
LSJI OK
LSJO OK
LSJT OK
LZIO OK
LZIT OK
LSJZ OK
LZIS OK
LZIJ OK
LZOI OK
LZOT OK
LZOJ OK
LZTI OK
LZTO OK
LOZS OK
LZTS OK
LZTJ OK
LZSI OK
LZST OK
LZSJ OK
LZJI OK
LZJO OK
LZJT OK
LZJS OK
LJIO OK
LJIT OK
LJIS OK
LJIZ OK
LJOI OK
LJOT OK
LJOS OK
LJOZ OK
LJTI OK
LJTO OK
LJTS OK
LJTZ OK
LJSI OK
LJSO OK
LJST OK
LZOS OK
LJZI OK
LJSZ OK
LSZO CAP
LJZT OK
LJZO OK
LZSO OK
LJZS OK
