IOTL OK
IOTJ OK
IOTS OK
IOTZ OK
IOST OK
IOSJ OK
IOSL OK
IOZT OK
IOZJ OK
IOSZ OK
IOZL OK
IOJT OK
IOJS OK
IOJZ OK
IOJL OK
IOLT OK
IOLS OK
IOLZ OK
IOLJ OK
ITOS OK
ITOZ OK
ITOJ OK
ITOL OK
ITSO OK
ITSJ OK
ITSL OK
ITZO OK
ITSZ OK
ITZJ OK
ITZL OK
ITJO OK
ITJS OK
ITJZ OK
ITZS OK
ITJL OK
ITLO OK
ITLS OK
ITLZ OK
ITLJ OK
ISOT OK
ISOJ OK
ISOL OK
ISTO OK
ISOZ OK
ISTJ OK
ISTL OK
ISTZ OK
ISZJ OK
ISZT OK
ISZO OK
ISJO OK
ISJT OK
ISJZ OK
ISJL OK
ISLT OK
ISZL OK
ISLO OK
ISLJ OK
IZOT OK
IZOJ OK
IZOL OK
IZTO OK
ISLZ OK
IZTJ OK
IZTL OK
IOZS OK
IZTS OK
IZSJ OK
IZSL OK
IZST OK
IZJT OK
IZJO OK
IZJL OK
IZJS OK
IZLO OK
IZLT OK
IZLS OK
IZLJ OK
IJOT OK
IJOS OK
IJOZ OK
IJOL OK
IJTO OK
IJTS OK
IJTZ OK
IJTL OK
IJST OK
IJSO OK
IJSL OK
IJZO OK
IJZT OK
IZOS OK
IJZL OK
IJLO OK
IJLT OK
IJLS OK
IJSZ OK
IJLZ OK
ILOT OK
ILOS OK
ILOZ OK
ILOJ OK
IZSO OK
ILTO OK
ILTS OK
ILTZ OK
IJZS OK
ILTJ OK
ILST OK
ILSJ OK
ILSO OK
ILZT OK
ILZO OK
ILZJ OK
ILJO OK
ILJT OK
ILJS OK
ILJZ OK
OITS OK
OITZ OK
ILSZ OK
OITJ OK
OITL OK
OIST OK
OISJ OK
OISL OK
OIZT OK
OISZ OK
OIZJ OK
OIZL OK
OIJT OK
OIJS OK
OIJZ OK
OIJL OK
OILT OK
OILS OK
OILZ OK
OILJ OK
OTIS OK
OTIZ OK
OTIJ OK
OTIL OK
OTSI OK
ILZS OK
OTSJ OK
OTSL OK
OTZI OK
OTZJ OK
OTZS OK
OTZL OK
OTJI OK
OTJS OK
OTJZ OK
OTJL OK
OTLI OK
OTLS OK
OTLZ OK
OTSZ OK
OTLJ OK
OSIT OK
OSIJ OK
OSIL OK
OSTI OK
OSIZ OK
OSTJ OK
OSTL OK
OSTZ OK
OSZI OK
OSZT OK
OSJI OK
OSZL OK
OSJT OK
OIZS OK
OSLI OK
OSLT OK
OSJL OK
OSJZ OK
OSLJ OK
OZIT OK
OSLZ OK
OZIJ OK
OZIL OK
OZTI OK
OZTJ OK
OZTS OK
OZTL OK
OSZJ OK
OZSJ OK
OZST OK
OZSL OK
OZJI OK
OZJT OK
OZSI OK
OZJS OK
OZLI OK
OZJL OK
OZLT OK
OZLJ OK
OJIT OK
OJIS OK
OJIZ OK
OJIL OK
OJTI OK
OJTS OK
OJTZ OK
OJTL OK
OJSI OK
OJST OK
OZIS OK
OJZI OK
OJSZ OK
OJSL OK
OJZT OK
OJLI OK
OJLT OK
OJZL OK
OJLS OK
OZLS OK
OJLZ OK
OLIT OK
OLIS OK
OLIZ OK
OLIJ OK
OLTI OK
OLTS OK
OLTZ OK
OLTJ OK
OLSI OK
OLST OK
OLSJ OK
OLZI OK
OLZT OK
OLSZ OK
OLZJ OK
OLJI OK
OLJT OK
OLJS OK
OLJZ OK
TIOS OK
TIOZ OK
TIOJ OK
TIOL OK
TISO OK
TISJ OK
TISL OK
TISZ OK
TIZO OK
TIZJ OK
TIZL OK
TIJO OK
TIJS OK
TIZS OK
TIJZ OK
TIJL OK
TILO OK
TILS OK
TILZ OK
TILJ OK
TOIS OK
TOIZ OK
TOIJ OK
OJZS OK
TOIL OK
TOSI OK
TOSJ OK
TOSL OK
TOZI OK
TOZJ OK
TOZL OK
TOJI OK
TOZS OK
TOJS OK
TOJZ OK
TOJL OK
TOLI OK
TOLS OK
TOLZ OK
OLZS OK
TOLJ OK
TSIO OK
TSIJ OK
TOSZ OK
TSIL OK
TSOI OK
TSOJ OK
TSOL OK
TSIZ OK
TSZI OK
TSOZ OK
TSZJ OK
TSJI OK
TSZO OK
TSZL OK
TSJL OK
TSJO OK
TSLI OK
TSLO OK
TSLJ OK
TSLZ OK
TSJZ OK
TZIJ OK
TZIO OK
TZIL OK
TZOI OK
TZOJ OK
TZOL OK
TZIS OK
TZOS OK
TZSJ OK
TZJI OK
TZSL OK
TZSI OK
TZSO OK
TZJO OK
TZJL OK
TZJS OK
TZLI OK
TZLO OK
TZLJ OK
TZLS OK
TJIO OK
TJIS OK
TJIL OK
TJIZ OK
TJOI OK
TJOL OK
TJSI OK
TJOS OK
TJOZ OK
TJSO OK
TJZI OK
TJSL OK
TJZO OK
TJZL OK
TJSZ OK
TJLI OK
TJZS OK
TJLO OK
TJLS OK
TLIO OK
TJLZ OK
TLIS OK
TLIZ OK
TLIJ OK
TLOI OK
TLOJ OK
TLSI OK
TLOS OK
TLOZ OK
TLSO OK
TLSZ OK
TLSJ OK
TLZI OK
TLZO OK
TLZJ OK
TLJI OK
TLZS OK
TLJO OK
TLJS OK
TLJZ OK
SIOJ OK
SIOL OK
SITO OK
SIOT OK
SITJ OK
SIOZ OK
SITL OK
SITZ OK
SIZJ OK
SIZT OK
SIZO OK
SIJO OK
SIJT OK
SIJZ OK
SIJL OK
SIZL OK
SILT OK
SILO OK
SILJ OK
SOIT OK
SOIJ OK
SOIL OK
SOIZ OK
SOTI OK
SOTJ OK
SILZ OK
SOTL OK
SOTZ OK
SOZI OK
SOZT OK
SOJI OK
SOJT OK
SOZL OK
SOLI OK
SOJL OK
SOJZ OK
SOLT OK
STIO OK
SOLJ OK
STIJ OK
SOLZ OK
STIL OK
STOI OK
STIZ OK
STOJ OK
STOL OK
STOZ OK
STZI OK
STZL OK
STZJ OK
STZO OK
STJI OK
STJO OK
STJL OK
STLI OK
STJZ OK
STLO OK
SOZJ OK
STLZ OK
STLJ OK
SZIJ OK
SZIL OK
SZIT OK
SZIO OK
SZOI OK
SZOT OK
SZOJ OK
SZTI OK
SZOL OK
SZTJ OK
SZJI OK
SZTL OK
SZTO OK
SZJO OK
SZJL OK
SZLI OK
SZJT OK
SZLJ OK
SZLT OK
SJIO OK
SJIT OK
SJIL OK
SJIZ OK
SJOI OK
SJOT OK
SZLO OK
SJTI OK
SJTO OK
SJOL OK
SJTL OK
SJZI OK
SJOZ OK
SJTZ OK
SJZT OK
SJLI OK
SJZL OK
SJLT OK
SJZO OK
SLIO OK
SLIT OK
SJLO OK
SJLZ OK
SLIJ OK
SLOI OK
SLOT OK
SLOJ OK
SLTI OK
SLTO OK
SLTZ OK
SLTJ OK
SLIZ OK
SLOZ OK
SLZT OK
SLZJ OK
SLJI OK
SLJO OK
SLJT OK
SLZI OK
SLJZ OK
ZIOT OK
ZIOJ OK
ZIOL OK
ZITO OK
ZITJ OK
ZITL OK
ZITS OK
ZISO OK
ZIST OK
ZISJ OK
ZISL OK
ZIJO OK
ZIJT OK
ZIJL OK
ZIJS OK
ZILO OK
ZILT OK
ZILS OK
ZILJ OK
ZOIT OK
ZOIJ OK
ZOIL OK
ZOTI OK
ZOTS OK
ZOTJ OK
ZOTL OK
ZIOS OK
ZOSI OK
SLZO OK
ZOSJ OK
ZOJI OK
ZOJT OK
ZOSL OK
ZOJS OK
ZOST OK
ZOLI OK
ZOLT OK
ZOJL OK
ZOLJ OK
ZTIO OK
ZTIJ OK
ZTIL OK
ZTIS OK
ZTOI OK
ZOIS OK
ZTOJ OK
ZTOL OK
ZTOS OK
ZTSI OK
ZTSJ OK
ZTSO OK
ZTJI OK
ZTSL OK
ZTJO OK
ZTJL OK
ZTJS OK
ZTLI OK
ZTLO OK
ZTLS OK
ZTLJ OK
ZOLS OK
ZSIJ OK
ZSIL OK
ZSIT OK
ZSIO OK
ZSOI OK
ZSOT OK
ZSOJ OK
ZSOL OK
ZSTI OK
ZSTO OK
ZSJI OK
ZSTJ OK
ZSTL OK
ZSLI OK
ZSJL OK
ZSJT OK
ZSJO OK
ZSLJ OK
ZSLT OK
ZJIO OK
ZJIT OK
ZJIL OK
ZJIS OK
ZSLO OK
ZJOI OK
ZJOT OK
ZJTI OK
ZJTO OK
ZJOL OK
ZJTS OK
ZJTL OK
ZJSI OK
ZJSO OK
ZJST OK
ZJLI OK
ZJLO OK
ZJLT OK
ZJSL OK
ZJLS OK
ZLIO OK
ZLIT OK
ZLIS OK
ZLIJ OK
ZLOI OK
ZLOT OK
ZLOJ OK
ZLTI OK
ZLTO OK
ZLTS OK
ZLTJ OK
ZLSI OK
ZLST OK
ZLSJ OK
ZLJI OK
ZLJO OK
ZLJT OK
ZLJS OK
ZJOS OK
JIOT OK
JIOS OK
JIOZ OK
JIOL OK
JITO OK
JITS OK
JITZ OK
JITL OK
ZLOS OK
JISO OK
JIST OK
JISL OK
JIZO OK
JIZT OK
ZLSO OK
JIZL OK
JILO OK
JILT OK
JILS OK
JILZ OK
JOIT OK
JOIS OK
JOIZ OK
JOIL OK
JOTI OK
JOTS OK
JOTZ OK
JOTL OK
JOSI OK
JOST OK
JOSZ OK
JOSL OK
JOZI OK
JISZ OK
JOZT OK
JIZS OK
JOLI OK
JOLT OK
JOLS OK
JOLZ OK
JTIO OK
JTIS OK
JTIZ OK
JTIL OK
JOZL OK
JTOI OK
JTOS OK
JTOL OK
JTSI OK
JTOZ OK
JTSO OK
JTSL OK
JTZI OK
JTSZ OK
JTZO OK
JTZS OK
JTZL OK
JTLI OK
JTLO OK
JTLS OK
JTLZ OK
JSIO OK
JSIT OK
JSIZ OK
JSIL OK
JSOI OK
JSOT OK
JSTI OK
JSOL OK
JSTO OK
JSTL OK
JSOZ OK
JSZI OK
JSZT OK
JSTZ OK
JSLI OK
JSZO OK
JSZL OK
JSLT OK
JSLO OK
JZIO OK
JZIT OK
JSLZ OK
JZIL OK
JZOI OK
JZOT OK
JZOL OK
JOZS OK
JZTI OK
JZTO OK
JZTS OK
JZTL OK
JZIS OK
JZST OK
JZSL OK
JZLI OK
JZLO OK
JZLT OK
JZLS OK
JZSI OK
JLIO OK
JLIT OK
JLIS OK
JLIZ OK
JLOI OK
JLOT OK
JLOS OK
JLOZ OK
JLTI OK
JLTO OK
JLTS OK
JLTZ OK
JLSI OK
JLST OK
JLSO OK
JLZI OK
JLSZ OK
JLZT OK
JLZO OK
LIOT OK
LIOS OK
JZOS OK
LIOZ OK
LIOJ OK
LITO OK
LITS OK
LITZ OK
LITJ OK
JLZS OK
LIST OK
LISO OK
LISJ OK
LIZT OK
LIZO OK
LIZJ OK
LIJO OK
LIJT OK
LIJS OK
LISZ OK
LIJZ OK
LOIT OK
LOIS OK
LOIJ OK
LOIZ OK
LOTI OK
LOTS OK
JZSO CAP
LOTZ OK
LOTJ OK
LOSI OK
LOST OK
LOSJ OK
LOZI OK
LOZT OK
LOZJ OK
LOSZ OK
LOJI OK
LIZS OK
LOJT OK
LOJS OK
LOJZ OK
LTIO OK
LTIS OK
LTIJ OK
LTIZ OK
LTOI OK
LTOJ OK
LTOS OK
LTOZ OK
LTSI OK
LTSO OK
LTSZ OK
LTSJ OK
LTZI OK
LTZO OK
LTZS OK
LTZJ OK
LTJI OK
LTJO OK
LTJS OK
LTJZ OK
LSIT OK
LSIO OK
LSIJ OK
LSOT OK
LSIZ OK
LSOI OK
LSOJ OK
LSTI OK
LSTO OK
LSTZ OK
LSTJ OK
LSOZ OK
LSZT OK
LSZJ OK
LSZI OK
LSJI OK
LSJT OK
LSJO OK
LZIO OK
LZIT OK
LZIS OK
LSJZ OK
LZIJ OK
LZOI OK
LZOT OK
LZOJ OK
LZTI OK
LOZS OK
LZTO OK
LZTS OK
LZTJ OK
LZSI OK
LZST OK
LZSJ OK
LZJI OK
LZJO OK
LZJT OK
LZJS OK
LJIO OK
LJIT OK
LJIS OK
LJIZ OK
LJOI OK
LJOT OK
LJOS OK
LJOZ OK
LJTI OK
LJTO OK
LJTS OK
LJTZ OK
LJSI OK
LJSO OK
LJST OK
LJSZ OK
LJZI OK
LZOS OK
LJZT OK
LSZO CAP
LJZO OK
LZSO OK
LJZS OK
