IOTJ OK
IOTL OK
IOTS OK
IOTZ OK
IOST OK
IOSJ OK
IOSL OK
IOZT OK
IOZJ OK
IOZL OK
IOJT OK
IOJS OK
IOJZ OK
IOJL OK
IOLT OK
IOLS OK
IOLZ OK
IOLJ OK
ITOS OK
ITOZ OK
ITOJ OK
ITOL OK
ITSO OK
IOSZ OK
ITSJ OK
ITSL OK
ITSZ OK
ITZO OK
ITZJ OK
ITZL OK
ITJO OK
ITJS OK
ITJZ OK
ITJL OK
ITLO OK
ITZS OK
ITLS OK
ITLZ OK
ITLJ OK
ISOT OK
ISOJ OK
ISOL OK
ISTO OK
ISOZ OK
ISTJ OK
ISTL OK
ISTZ OK
ISZO OK
ISZT OK
ISZL OK
ISZJ OK
ISJO OK
ISJT OK
ISJL OK
ISLO OK
ISLT OK
ISJZ OK
ISLZ OK
ISLJ OK
IOZS OK
IZOT OK
IZOJ OK
IZOL OK
IZTO OK
IZTJ OK
IZTL OK
IZTS OK
IZST OK
IZSJ OK
IZSL OK
IZJO OK
IZJT OK
IZJS OK
IZJL OK
IZSO OK
IZLT OK
IZLO OK
IZLJ OK
IZLS OK
IJOT OK
IJOS OK
IJOZ OK
IJOL OK
IJTO OK
IJTZ OK
IJTS OK
IJTL OK
IJSO OK
IJST OK
IJSL OK
IJZO OK
IJZT OK
IJSZ OK
IJZL OK
IJLO OK
IJLT OK
IJLS OK
IJLZ OK
ILOT OK
IJZS OK
ILOS OK
ILOZ OK
ILOJ OK
ILTO OK
ILTZ OK
ILTS OK
ILTJ OK
ILST OK
ILSO OK
ILSJ OK
ILZO OK
ILZT OK
ILZJ OK
ILSZ OK
ILJO OK
ILJT OK
ILJS OK
ILJZ OK
IZOS OK
OITS OK
OITJ OK
OITZ OK
OITL OK
OIST OK
OISL OK
OISJ OK
OIZT OK
OISZ OK
OIZJ OK
OIZL OK
OIJT OK
OIJS OK
OIZS OK
OIJZ OK
OIJL OK
OILT OK
OILS OK
OILZ OK
OILJ OK
OTIS OK
OTIZ OK
OTIJ OK
ILZS OK
OTIL OK
OTSJ OK
OTSI OK
OTSL OK
OTZI OK
OTZJ OK
OTZL OK
OTJI OK
OTJS OK
OTJZ OK
OTJL OK
OTLI OK
OTLS OK
OTLZ OK
OTLJ OK
OSIT OK
OTSZ OK
OSIJ OK
OTZS OK
OSIZ OK
OSIL OK
OSTI OK
OSTJ OK
OSTL OK
OSTZ OK
OSZI OK
OSZT OK
OSJI OK
OSJT OK
OSJL OK
OSZL OK
OSLI OK
OSLT OK
OSJZ OK
OSZJ OK
OZIT OK
OSLJ OK
OZIJ OK
OZIL OK
OSLZ OK
OZTI OK
OZIS OK
OZTJ OK
OZTL OK
OZSI OK
OZSJ OK
OZJI OK
OZSL OK
OZJT OK
OZTS OK
OZJS OK
OZJL OK
OZLI OK
OZST OK
OZLT OK
OZLJ OK
OJIT OK
OJIS OK
OJIL OK
OJIZ OK
OJTI OK
OJTS OK
OJTZ OK
OJTL OK
OJSI OK
OJST OK
OJSL OK
OZLS OK
OJZI OK
OJZT OK
OJSZ OK
OJZL OK
OJLI OK
OJLT OK
OJLS OK
OJLZ OK
OLIT OK
OLIS OK
OLIZ OK
OLIJ OK
OLTI OK
OLTS OK
OLTZ OK
OLTJ OK
OLSI OK
OLST OK
OLSJ OK
OLZI OK
OLSZ OK
OLZT OK
OLZJ OK
OLJI OK
OLJT OK
OLJS OK
OLJZ OK
TIOS OK
OJZS OK
TIOJ OK
TIOL OK
TIOZ OK
TISJ OK
OLZS OK
TISO OK
TISL OK
TIZJ OK
TIZO OK
TIZL OK
TISZ OK
TIJO OK
TIJS OK
TIJZ OK
TIJL OK
TILO OK
TILS OK
TILZ OK
TILJ OK
TIZS OK
TOIJ OK
TOIL OK
TOIS OK
TOIZ OK
TOSI OK
TOSJ OK
TOSL OK
TOZI OK
TOZJ OK
TOZL OK
TOJI OK
TOJS OK
TOJZ OK
TOJL OK
TOLI OK
TOLS OK
TOLZ OK
TOLJ OK
TSIO OK
TOSZ OK
TSIJ OK
TSIL OK
TSOI OK
TSIZ OK
TSOJ OK
TSOL OK
TOZS OK
TSZJ OK
TSOZ OK
TSZI OK
TSJI OK
TSJO OK
TSZL OK
TSJL OK
TSLI OK
TSJZ OK
TSZO OK
TSLJ OK
TSLO OK
TSLZ OK
TZIJ OK
TZIO OK
TZIL OK
TZOI OK
TZOJ OK
TZIS OK
TZOL OK
TZSJ OK
TZSI OK
TZJI OK
TZSL OK
TZJO OK
TZJS OK
TZJL OK
TZLI OK
TZLO OK
TZLJ OK
TZLS OK
TJIO OK
TJIS OK
TJIZ OK
TJIL OK
TZOS OK
TZSO OK
TJOI OK
TJOL OK
TJOS OK
TJSI OK
TJOZ OK
TJSO OK
TJSL OK
TJZI OK
TJSZ OK
TJZL OK
TJZO OK
TJLI OK
TJLO OK
TJZS OK
TJLS OK
TJLZ OK
TLIO OK
TLIJ OK
TLOI OK
TLIZ OK
TLIS OK
TLOJ OK
TLSI OK
TLOS OK
TLOZ OK
TLSJ OK
TLSO OK
TLSZ OK
TLZI OK
TLZJ OK
TLJI OK
TLZO OK
TLZS OK
TLJO OK
TLJS OK
TLJZ OK
SIOJ OK
SIOL OK
SITO OK
SIOT OK
SITJ OK
SIOZ OK
SITL OK
SITZ OK
SIZT OK
SIZO OK
SIZL OK
SIZJ OK
SIJT OK
SIJO OK
SIJL OK
SILO OK
SILT OK
SILZ OK
SILJ OK
SOIT OK
SIJZ OK
SOIJ OK
SOTI OK
SOIL OK
SOIZ OK
SOTJ OK
SOTL OK
SOTZ OK
SOZI OK
SOZT OK
SOJI OK
SOJT OK
SOJL OK
SOZL OK
SOLI OK
SOLT OK
SOJZ OK
STIO OK
SOZJ OK
SOLJ OK
STIJ OK
STIL OK
SOLZ OK
STOI OK
STOJ OK
STOL OK
STIZ OK
STZI OK
STOZ OK
STZJ OK
STJI OK
STZL OK
STJO OK
STZO OK
STJL OK
STLI OK
STJZ OK
STLJ OK
STLO OK
STLZ OK
SZIJ OK
SZIO OK
SZIT OK
SZIL OK
SZOI OK
SZOT OK
SZOJ OK
SZOL OK
SZTJ OK
SZTI OK
SZTL OK
SZJI OK
SZJO OK
SZJT OK
SZLI OK
SZJL OK
SZTO OK
SZLJ OK
SZLT OK
SJIO OK
SJIT OK
SJIL OK
SZLO OK
SJOI OK
SJOT OK
SJIZ OK
SJTI OK
SJOL OK
SJTO OK
SJTL OK
SJTZ OK
SJOZ OK
SJZT OK
SJLI OK
SJZO OK
SJZL OK
SJLT OK
SJLO OK
SLIO OK
SJZI OK
SLIT OK
SLIJ OK
SLIZ OK
SLOI OK
SJLZ OK
SLOT OK
SLTI OK
SLTO OK
SLTZ OK
SLOJ OK
SLTJ OK
SLZI OK
SLOZ OK
SLZT OK
SLJI OK
SLZJ OK
SLJT OK
SLJO OK
SLJZ OK
ZIOT OK
ZIOJ OK
ZIOS OK
ZIOL OK
ZITO OK
ZITJ OK
ZITL OK
ZITS OK
ZISJ OK
ZISO OK
ZIST OK
ZIJO OK
ZISL OK
ZIJT OK
ZIJL OK
ZIJS OK
ZILO OK
ZILT OK
ZILS OK
ZILJ OK
ZOIT OK
SLZO OK
ZOIJ OK
ZOIL OK
ZOTI OK
ZOIS OK
ZOTJ OK
ZOTL OK
ZOSI OK
ZOSJ OK
ZOJI OK
ZOSL OK
ZOJT OK
ZOTS OK
ZOJS OK
ZOJL OK
ZOLI OK
ZOST OK
ZOLT OK
ZOLJ OK
ZTIO OK
ZTIJ OK
ZTIL OK
ZTIS OK
ZTOI OK
ZTOJ OK
ZTOL OK
ZOLS OK
ZTSI OK
ZTSJ OK
ZTJI OK
ZTSL OK
ZTJO OK
ZTJS OK
ZTJL OK
ZTLI OK
ZTOS OK
ZTLO OK
ZTLJ OK
ZTLS OK
ZSIJ OK
ZSIL OK
ZTSO OK
ZSIO OK
ZSIT OK
ZSOJ OK
ZSOI OK
ZSOL OK
ZSTI OK
ZSTJ OK
ZSTL OK
ZSJI OK
ZSOT OK
ZSJO OK
ZSJT OK
ZSLI OK
ZSJL OK
ZSLJ OK
ZSLT OK
ZJIO OK
ZSTO OK
ZJIT OK
ZSLO OK
ZJIS OK
ZJIL OK
ZJOT OK
ZJOI OK
ZJTI OK
ZJOL OK
ZJTO OK
ZJTS OK
ZJTL OK
ZJSI OK
ZJSO OK
ZJST OK
ZJLI OK
ZJSL OK
ZJLO OK
ZJLT OK
ZJLS OK
ZLIO OK
ZLIT OK
ZLIS OK
ZLIJ OK
ZLOT OK
ZLOI OK
ZLOJ OK
ZLTI OK
ZLTO OK
ZLTS OK
ZLTJ OK
ZJOS OK
ZLSI OK
ZLST OK
ZLSJ OK
ZLJI OK
ZLJO OK
ZLOS OK
ZLJT OK
ZLJS OK
JIOT OK
JIOS OK
JIOZ OK
JIOL OK
JITO OK
JITS OK
JITZ OK
JITL OK
ZLSO OK
JISO OK
JIST OK
JISL OK
JIZO OK
JIZT OK
JIZL OK
JILO OK
JILT OK
JISZ OK
JILS OK
JILZ OK
JOIT OK
JOIS OK
JIZS OK
JOIL OK
JOIZ OK
JOTI OK
JOTS OK
JOTZ OK
JOTL OK
JOSI OK
JOST OK
JOSL OK
JOZI OK
JOZT OK
JOZL OK
JOLI OK
JOLT OK
JOLS OK
JOSZ OK
JOLZ OK
JTIO OK
JTIS OK
JTIZ OK
JTIL OK
JTOI OK
JTOS OK
JTOZ OK
JTOL OK
JTSI OK
JTSO OK
JTSZ OK
JTZI OK
JTSL OK
JTZO OK
JTLI OK
JTZS OK
JTZL OK
JTLO OK
JTLS OK
JTLZ OK
JSIO OK
JSIT OK
JSIL OK
JSOI OK
JSOT OK
JSIZ OK
JSTI OK
JSOL OK
JSTO OK
JOZS OK
JSTZ OK
JSTL OK
JSOZ OK
JSZT OK
JSLI OK
JSZL OK
JSLO OK
JSZO OK
JSLT OK
JZIO OK
JZIT OK
JSZI OK
JZIL OK
JSLZ OK
JZOT OK
JZOI OK
JZTI OK
JZIS OK
JZOL OK
JZTO OK
JZTS OK
JZTL OK
JZST OK
JZSL OK
JZLI OK
JZLO OK
JZLT OK
JZLS OK
JLIO OK
JZSI OK
JLIT OK
JLIS OK
JLIZ OK
JLOI OK
JLOT OK
JLOS OK
JLOZ OK
JLTI OK
JLTO OK
JLTS OK
JLTZ OK
JLSI OK
JZOS OK
JLST OK
JLSO OK
JLZI OK
JLZT OK
JLZO OK
JZSO OK
LIOT OK
JLZS OK
JLSZ OK
LIOS OK
LIOJ OK
LIOZ OK
LITO OK
LITS OK
LITJ OK
LITZ OK
LIST OK
LISJ OK
LISO OK
LIZT OK
LIZO OK
LIZJ OK
LIJO OK
LIJT OK
LIJS OK
LIJZ OK
LOIT OK
LOIS OK
LISZ OK
LOIZ OK
LOIJ OK
LOTI OK
LOTS OK
LOTZ OK
LOTJ OK
LOSI OK
LOST OK
LOSJ OK
LOZI OK
LOSZ OK
LOZT OK
LOJI OK
LOZJ OK
LOJT OK
LOZS OK
LIZS OK
LOJS OK
LTIO OK
LOJZ OK
LTIJ OK
LTIS OK
LTOI OK
LTIZ OK
LTOJ OK
LTSI OK
LTOS OK
LTOZ OK
LTSO OK
LTSZ OK
LTZI OK
LTSJ OK
LTZO OK
LTJI OK
LTZS OK
LTJO OK
LTZJ OK
LTJS OK
LTJZ OK
LSIO OK
LSIT OK
LSIZ OK
LSIJ OK
LSOI OK
LSOT OK
LSTI OK
LSTO OK
LSTZ OK
LSOJ OK
LSTJ OK
LSZI OK
LSOZ OK
LSZT OK
LSZJ OK
LSJI OK
LSJT OK
LSZO OK
LSJO OK
LZIO OK
LSJZ OK
LZIT OK
LZIJ OK
LZOT OK
LZOI OK
LZOJ OK
LZOS OK
LZTI OK
LZTO OK
LZTJ OK
LZTS OK
LZSO OK
LZST OK
LZSJ OK
LZJI OK
LZJO OK
LZJT OK
LZJS OK
LJIO OK
LZIS OK
LJIT OK
LJIS OK
LJOI OK
LJIZ OK
LZSI OK
LJOT OK
LJOS OK
LJOZ OK
LJTI OK
LJTO OK
LJSI OK
LJTS OK
LJTZ OK
LJST OK
LJZI OK
LJSO OK
LJZO OK
LJZT OK
LJZS OK
LJSZ OK
