IOTJ OK
IOTL OK
IOTS OK
IOTZ OK
IOSJ OK
IOST OK
IOSL OK
IOZT OK
IOZJ OK
IOZL OK
IOJT OK
IOJS OK
IOJZ OK
IOJL OK
IOLT OK
IOLS OK
IOLZ OK
IOLJ OK
ITOS OK
ITOZ OK
ITOJ OK
ITOL OK
IOZS OK
ITSJ OK
IOSZ OK
ITSO OK
ITSL OK
ITZJ OK
ITZL OK
ITJO OK
ITZO OK
ITJS OK
ITJZ OK
ITJL OK
ITZS OK
ITLO OK
ITLZ OK
ITLS OK
ITLJ OK
ITSZ OK
ISOT OK
ISOJ OK
ISOL OK
ISTO OK
ISTJ OK
ISTL OK
ISTZ OK
ISZJ OK
ISZT OK
ISZL OK
ISJT OK
ISJO OK
ISZO OK
ISJL OK
ISJZ OK
ISLT OK
ISLO OK
ISLZ OK
ISLJ OK
IZOT OK
IZOJ OK
ISOZ OK
IZOL OK
IZTO OK
IZTJ OK
IZTL OK
IZTS OK
IZST OK
IZSJ OK
IZSL OK
IZJO OK
IZJT OK
IZJS OK
IZJL OK
IZOS OK
IZSO OK
IZLO OK
IZLT OK
IZLS OK
IZLJ OK
IJOT OK
IJOS OK
IJOZ OK
IJOL OK
IJTO OK
IJTS OK
IJTZ OK
IJTL OK
IJST OK
IJSO OK
IJSL OK
IJZT OK
IJZO OK
IJZL OK
IJLO OK
IJSZ OK
IJLT OK
IJLS OK
IJLZ OK
ILOT OK
ILOS OK
IJZS OK
ILOZ OK
ILOJ OK
ILTO OK
ILTS OK
ILTZ OK
ILTJ OK
ILST OK
ILSJ OK
ILSO OK
ILZT OK
ILZO OK
ILZS OK
ILZJ OK
ILJO OK
ILJT OK
ILJS OK
ILJZ OK
OITS OK
OITZ OK
OITJ OK
OITL OK
OIST OK
ILSZ OK
OISL OK
OISJ OK
OIZT OK
OIZJ OK
OIZS OK
OIZL OK
OIJT OK
OIJS OK
OIJZ OK
OIJL OK
OILT OK
OILS OK
OILZ OK
OILJ OK
OISZ OK
OTIS OK
OTIJ OK
OTIZ OK
OTIL OK
OTSI OK
OTSJ OK
OTSL OK
OTZI OK
OTZJ OK
OTZL OK
OTJI OK
OTJS OK
OTJZ OK
OTJL OK
OTLI OK
OTLS OK
OTLZ OK
OTLJ OK
OSIT OK
OTSZ OK
OSIJ OK
OTZS OK
OSIL OK
OSTI OK
OSTJ OK
OSTL OK
OSIZ OK
OSZI OK
OSTZ OK
OSZJ OK
OSJI OK
OSZT OK
OSJT OK
OSZL OK
OSJZ OK
OSJL OK
OSLI OK
OSLT OK
OZIT OK
OZIS OK
OZIJ OK
OSLJ OK
OZIL OK
OSLZ OK
OZTI OK
OZTJ OK
OZTL OK
OZSI OK
OZSJ OK
OZJI OK
OZJT OK
OZSL OK
OZJS OK
OZJL OK
OZLI OK
OZTS OK
OZLT OK
OZLJ OK
OZST OK
OJIT OK
OJIS OK
OJIZ OK
OJIL OK
OZLS OK
OJTI OK
OJTS OK
OJTZ OK
OJTL OK
OJSI OK
OJST OK
OJSL OK
OJZI OK
OJZT OK
OJZL OK
OJLI OK
OJLT OK
OJSZ OK
OJLS OK
OLIT OK
OJLZ OK
OLIS OK
OLIZ OK
OLIJ OK
OLTI OK
OLTS OK
OLTZ OK
OLTJ OK
OLSI OK
OLST OK
OLSJ OK
OLZI OK
OLSZ OK
OLZT OK
OLJI OK
OLZJ OK
OLZS OK
OLJT OK
OLJS OK
OLJZ OK
OJZS OK
TIOJ OK
TIOL OK
TIOS OK
TIOZ OK
TISJ OK
TISL OK
TISO OK
TIZJ OK
TIZO OK
TIZL OK
TIJO OK
TIJS OK
TIJZ OK
TIJL OK
TILO OK
TIZS OK
TILS OK
TILJ OK
TILZ OK
TOIS OK
TOIJ OK
TOIZ OK
TOIL OK
TISZ OK
TOSI OK
TOSJ OK
TOSL OK
TOZI OK
TOZJ OK
TOZL OK
TOJI OK
TOJS OK
TOJZ OK
TOJL OK
TOLI OK
TOLS OK
TOLZ OK
TOLJ OK
TSIO OK
TOSZ OK
TSIJ OK
TSIL OK
TSOI OK
TSIZ OK
TSOJ OK
TSOL OK
TOZS OK
TSZJ OK
TSZI OK
TSJI OK
TSZL OK
TSJO OK
TSOZ OK
TSJL OK
TSJZ OK
TSLI OK
TSLO OK
TSLJ OK
TSLZ OK
TSZO OK
TZIJ OK
TZIO OK
TZIL OK
TZIS OK
TZOJ OK
TZOL OK
TZOI OK
TZSJ OK
TZSL OK
TZSI OK
TZJI OK
TZJO OK
TZJS OK
TZJL OK
TZLI OK
TZLO OK
TZLJ OK
TZLS OK
TJIO OK
TJIS OK
TJIZ OK
TJIL OK
TZSO OK
TZOS OK
TJOI OK
TJOS OK
TJSI OK
TJOL OK
TJOZ OK
TJSO OK
TJZI OK
TJSZ OK
TJSL OK
TJZO OK
TJLI OK
TJZS OK
TJZL OK
TJLO OK
TJLS OK
TLIO OK
TJLZ OK
TLIJ OK
TLIS OK
TLOI OK
TLIZ OK
TLOJ OK
TLSI OK
TLOS OK
TLOZ OK
TLSO OK
TLSZ OK
TLSJ OK
TLZI OK
TLZO OK
TLJI OK
TLZS OK
TLZJ OK
TLJO OK
TLJS OK
TLJZ OK
SIOJ OK
SIOL OK
SITO OK
SIOT OK
SITJ OK
SITL OK
SITZ OK
SIZO OK
SIZJ OK
SIZL OK
SIZT OK
SIJO OK
SIJT OK
SIJZ OK
SIJL OK
SILO OK
SILT OK
SILJ OK
SILZ OK
SOIT OK
SOIJ OK
SIOZ OK
SOIL OK
SOTI OK
SOTJ OK
SOTL OK
SOIZ OK
SOZI OK
SOTZ OK
SOZJ OK
SOJI OK
SOZL OK
SOJT OK
SOJZ OK
SOZT OK
SOJL OK
SOLI OK
SOLT OK
STIO OK
STIJ OK
SOLJ OK
STIL OK
STOI OK
SOLZ OK
STIZ OK
STOJ OK
STOL OK
STZI OK
STZJ OK
STZL OK
STJI OK
STJO OK
STJZ OK
STJL OK
STLI OK
STLO OK
STLZ OK
STOZ OK
STLJ OK
SZIJ OK
SZIT OK
SZIO OK
SZIL OK
STZO OK
SZOI OK
SZOT OK
SZOL OK
SZOJ OK
SZTI OK
SZTJ OK
SZTO OK
SZTL OK
SZJI OK
SZJO OK
SZJT OK
SZJL OK
SZLI OK
SZLT OK
SZLJ OK
SJIO OK
SZLO OK
SJIT OK
SJIL OK
SJIZ OK
SJOI OK
SJOT OK
SJOZ OK
SJTI OK
SJOL OK
SJTO OK
SJTL OK
SJTZ OK
SJZI OK
SJZT OK
SJLI OK
SJLO OK
SJLT OK
SJZL OK
SLIO OK
SJZO OK
SLIT OK
SLIZ OK
SLIJ OK
SLOI OK
SJLZ OK
SLOT OK
SLTI OK
SLTO OK
SLOJ OK
SLTZ OK
SLTJ OK
SLOZ OK
SLZI OK
SLZT OK
SLZJ OK
SLJI OK
SLJT OK
SLJO OK
SLZO OK
SLJZ OK
ZIOJ OK
ZIOL OK
ZIOT OK
ZITO OK
ZIOS OK
ZITJ OK
ZITL OK
ZITS OK
ZISJ OK
ZISO OK
ZISL OK
ZIST OK
ZIJO OK
ZIJT OK
ZIJS OK
ZIJL OK
ZILO OK
ZILJ OK
ZILT OK
ZILS OK
ZOIT OK
ZOIJ OK
ZOIS OK
ZOIL OK
ZOTI OK
ZOTJ OK
ZOTL OK
ZOSI OK
ZOSJ OK
ZOSL OK
ZOJI OK
ZOJT OK
ZOJS OK
ZOTS OK
ZOJL OK
ZOLI OK
ZOST OK
ZOLT OK
ZOLJ OK
ZTIO OK
ZTIJ OK
ZOLS OK
ZTIL OK
ZTOI OK
ZTIS OK
ZTOJ OK
ZTOL OK
ZTSI OK
ZTSJ OK
ZTSL OK
ZTJI OK
ZTJO OK
ZTJS OK
ZTJL OK
ZTLI OK
ZTOS OK
ZTLO OK
ZTLJ OK
ZTLS OK
ZSIO OK
ZTSO OK
ZSIJ OK
ZSIT OK
ZSIL OK
ZSOJ OK
ZSOT OK
ZSOI OK
ZSOL OK
ZSTJ OK
ZSTI OK
ZSTL OK
ZSJI OK
ZSTO OK
ZSJT OK
ZSJO OK
ZSJL OK
ZSLI OK
ZSLT OK
ZSLJ OK
ZJIO OK
ZSLO OK
ZJIT OK
ZJIS OK
ZJIL OK
ZJOT OK
ZJOI OK
ZJOL OK
ZJTI OK
ZJTO OK
ZJTS OK
ZJTL OK
ZJOS OK
ZJST OK
ZJSI OK
ZJLI OK
ZJSL OK
ZJLO OK
ZJSO OK
ZJLT OK
ZJLS OK
ZLIO OK
ZLIJ OK
ZLIT OK
ZLIS OK
ZLOT OK
ZLOJ OK
ZLOI OK
ZLOS OK
ZLTI OK
ZLTO OK
ZLTJ OK
ZLTS OK
ZLSJ OK
ZLSI OK
ZLSO OK
ZLST OK
ZLJI OK
ZLJO OK
ZLJT OK
ZLJS OK
JIOT OK
JIOS OK
JIOL OK
JIOZ OK
JITO OK
JITZ OK
JITS OK
JITL OK
JISO OK
JISL OK
JIST OK
JIZO OK
JIZT OK
JIZL OK
JILO OK
JILT OK
JISZ OK
JILS OK
JILZ OK
JOIT OK
JOIS OK
JIZS OK
JOIL OK
JOIZ OK
JOTI OK
JOTS OK
JOSI OK
JOTL OK
JOTZ OK
JOST OK
JOZI OK
JOSL OK
JOZT OK
JOZL OK
JOLI OK
JOLT OK
JOLS OK
JOSZ OK
JTIO OK
JOLZ OK
JTIS OK
JTIL OK
JTIZ OK
JTOI OK
JTOS OK
JTOZ OK
JTOL OK
JTSI OK
JTSO OK
JTSZ OK
JTSL OK
JTZI OK
JTZO OK
JTZS OK
JTLI OK
JTZL OK
JTLO OK
JTLS OK
JTLZ OK
JSIO OK
JSIT OK
JSIL OK
JSOI OK
JSOT OK
JSIZ OK
JSTI OK
JSOL OK
JSTO OK
JOZS OK
JSTZ OK
JSTL OK
JSZT OK
JSOZ OK
JSLI OK
JSLO OK
JSLT OK
JSZL OK
JSZO OK
JZIO OK
JZIT OK
JSZI OK
JZIL OK
JSLZ OK
JZOT OK
JZOI OK
JZIS OK
JZTI OK
JZOL OK
JZTO OK
JZTS OK
JZTL OK
JZST OK
JZSL OK
JZLI OK
JZLO OK
JZLT OK
JZSI OK
JZLS OK
JLIO OK
JLIT OK
JLIS OK
JLIZ OK
JLOI OK
JLOT OK
JLOS OK
JLOZ OK
JLTI OK
JLTO OK
JLTS OK
JLTZ OK
JLSI OK
JLST OK
JZOS OK
JLSO OK
JLZI OK
JLZO OK
JLZT OK
LIOT OK
JLZS OK
JZSO OK
JLSZ OK
LIOS OK
LIOJ OK
LIOZ OK
LITO OK
LITJ OK
LITS OK
LITZ OK
LIST OK
LISJ OK
LISO OK
LIZT OK
LIZO OK
LIZJ OK
LIJO OK
LIJT OK
LIJS OK
LIJZ OK
LOIT OK
LISZ OK
LOIS OK
LOIZ OK
LOIJ OK
LOTI OK
LOTS OK
LOTZ OK
LOTJ OK
LOSI OK
LOST OK
LOSJ OK
LOZI OK
LOSZ OK
LOZT OK
LOJI OK
LOZJ OK
LIZS OK
LOJT OK
LOZS OK
LOJS OK
LTIO OK
LOJZ OK
LTIJ OK
LTOI OK
LTIS OK
LTIZ OK
LTOJ OK
LTOS OK
LTSI OK
LTOZ OK
LTSO OK
LTSZ OK
LTSJ OK
LTZI OK
LTZO OK
LTJI OK
LTZS OK
LTJO OK
LTZJ OK
LTJS OK
LTJZ OK
LSIT OK
LSIO OK
LSIZ OK
LSIJ OK
LSOI OK
LSOT OK
LSTI OK
LSTO OK
LSOJ OK
LSTJ OK
LSTZ OK
LSZI OK
LSOZ OK
LSZT OK
LSZJ OK
LSJI OK
LSJT OK
LSZO OK
LSJO OK
LZIT OK
LZIO OK
LSJZ OK
LZIJ OK
LZOT OK
LZOI OK
LZOJ OK
LZOS OK
LZTI OK
LZTO OK
LZTJ OK
LZTS OK
LZSO OK
LZST OK
LZSJ OK
LZJI OK
LZJO OK
LZIS OK
LZJT OK
LZJS OK
LJIO OK
LJIT OK
LJIS OK
LJOI OK
LJIZ OK
LZSI OK
LJOT OK
LJOS OK
LJOZ OK
LJTI OK
LJTO OK
LJTS OK
LJSI OK
LJTZ OK
LJST OK
LJZI OK
LJSO OK
LJZT OK
LJZO OK
LJZS OK
LJSZ OK
