IOTJ OK
IOTL OK
IOTS OK
IOTZ OK
IOST OK
IOSJ OK
IOSL OK
IOZT OK
IOZJ OK
IOZL OK
IOJT OK
IOJS OK
IOJZ OK
IOJL OK
IOLT OK
IOLS OK
IOLZ OK
IOLJ OK
ITOS OK
ITOJ OK
ITOL OK
ITOZ OK
IOSZ OK
ITSJ OK
ITSL OK
ITSO OK
ITZO OK
ITZJ OK
ITZS OK
ITZL OK
ITJO OK
ITJS OK
ITJZ OK
ITJL OK
ITSZ OK
ITLO OK
ITLS OK
ITLZ OK
ITLJ OK
ISOJ OK
ISOT OK
ISTO OK
ISOL OK
ISTJ OK
ISTL OK
ISTZ OK
IOZS OK
ISZT OK
ISZJ OK
ISZL OK
ISJO OK
ISJT OK
ISZO OK
ISJL OK
ISOZ OK
ISJZ OK
ISLT OK
ISLO OK
ISLZ OK
ISLJ OK
IZOL OK
IZOJ OK
IZTO OK
IZOT OK
IZTJ OK
IZTL OK
IZTS OK
IZSJ OK
IZSL OK
IZST OK
IZJO OK
IZJT OK
IZJS OK
IZSO OK
IZJL OK
IZLO OK
IZLT OK
IZLS OK
IZLJ OK
IJOT OK
IJOS OK
IJOZ OK
IJOL OK
IJTO OK
IJTS OK
IJTZ OK
IJTL OK
IJST OK
IJSO OK
IJSL OK
IJZO OK
IJZT OK
IJSZ OK
IJZL OK
IJLO OK
IJLT OK
IJLS OK
IJLZ OK
IJZS OK
ILOT OK
ILOS OK
ILOJ OK
ILOZ OK
ILTO OK
ILTS OK
ILTZ OK
ILTJ OK
ILST OK
ILSO OK
ILSJ OK
ILZO OK
ILZT OK
ILZS OK
ILZJ OK
ILJO OK
ILJT OK
ILJS OK
ILJZ OK
ILSZ OK
OITS OK
OITZ OK
OITJ OK
OITL OK
OIST OK
OISJ OK
OISL OK
OIZT OK
OIZS OK
OIZJ OK
OIZL OK
OIJT OK
IZOS OK
OIJS OK
OIJL OK
OIJZ OK
OISZ OK
OILT OK
OILS OK
OILZ OK
OILJ OK
OTIS OK
OTIJ OK
OTIL OK
OTIZ OK
OTSJ OK
OTSI OK
OTSL OK
OTZI OK
OTZJ OK
OTZL OK
OTJI OK
OTJS OK
OTJZ OK
OTJL OK
OTLI OK
OTLS OK
OTLZ OK
OTLJ OK
OSIT OK
OTSZ OK
OSIJ OK
OSIL OK
OSTI OK
OTZS OK
OSTJ OK
OSTL OK
OSIZ OK
OSTZ OK
OSZI OK
OSZJ OK
OSJI OK
OSZL OK
OSJT OK
OSJZ OK
OSJL OK
OSLI OK
OSZT OK
OSLT OK
OZIT OK
OZIS OK
OSLJ OK
OZIJ OK
OZIL OK
OSLZ OK
OZTI OK
OZTJ OK
OZTL OK
OZSI OK
OZSJ OK
OZJI OK
OZSL OK
OZTS OK
OZJT OK
OZLI OK
OZJS OK
OZJL OK
OZLT OK
OZLJ OK
OJIT OK
OJIS OK
OZLS OK
OZST OK
OJIZ OK
OJIL OK
OJTI OK
OJTS OK
OJTZ OK
OJTL OK
OJSI OK
OJST OK
OJSL OK
OJZI OK
OJZT OK
OJZL OK
OJLI OK
OJLT OK
OJSZ OK
OJLS OK
OLIT OK
OJLZ OK
OLIS OK
OLIJ OK
OLIZ OK
OLTI OK
OLTS OK
OLTZ OK
OLTJ OK
OLSI OK
OLST OK
OLSJ OK
OLZI OK
OLSZ OK
OLZT OK
OLJI OK
OLZJ OK
OLZS OK
OLJT OK
OLJS OK
OLJZ OK
TIOJ OK
OJZS OK
TIOL OK
TIOS OK
TIOZ OK
TISJ OK
TISL OK
TISO OK
TIZJ OK
TIZO OK
TISZ OK
TIZL OK
TIJO OK
TIJS OK
TIJZ OK
TIZS OK
TIJL OK
TILO OK
TILS OK
TILZ OK
TILJ OK
TOIS OK
TOIL OK
TOIJ OK
TOIZ OK
TOSJ OK
TOSI OK
TOSL OK
TOZI OK
TOZJ OK
TOZL OK
TOJI OK
TOJZ OK
TOJS OK
TOJL OK
TOLI OK
TOLS OK
TOLZ OK
TOLJ OK
TSIO OK
TOSZ OK
TSIL OK
TSIJ OK
TSOI OK
TSIZ OK
TSOJ OK
TSOL OK
TOZS OK
TSZJ OK
TSZI OK
TSZL OK
TSJI OK
TSJO OK
TSOZ OK
TSJZ OK
TSJL OK
TSLI OK
TSLO OK
TSLJ OK
TSLZ OK
TSZO OK
TZIJ OK
TZIO OK
TZIL OK
TZIS OK
TZOJ OK
TZOL OK
TZOI OK
TZSJ OK
TZSI OK
TZSL OK
TZJI OK
TZJO OK
TZJS OK
TZJL OK
TZLI OK
TZLO OK
TZLS OK
TZLJ OK
TJIO OK
TJIS OK
TJIZ OK
TJIL OK
TZSO OK
TJOI OK
TZOS OK
TJOS OK
TJOL OK
TJOZ OK
TJSI OK
TJSO OK
TJZI OK
TJSZ OK
TJSL OK
TJZO OK
TJZS OK
TJLI OK
TJLO OK
TJZL OK
TLIO OK
TJLS OK
TJLZ OK
TLIJ OK
TLIS OK
TLOI OK
TLIZ OK
TLOJ OK
TLOS OK
TLOZ OK
TLSI OK
TLSO OK
TLSZ OK
TLSJ OK
TLZI OK
TLZO OK
TLJI OK
TLZS OK
TLZJ OK
TLJO OK
TLJS OK
TLJZ OK
SIOJ OK
SIOL OK
SIOT OK
SITO OK
SITJ OK
SITL OK
SITZ OK
SIZO OK
SIZJ OK
SIZT OK
SIZL OK
SIJO OK
SIJT OK
SIJL OK
SIJZ OK
SILO OK
SILT OK
SILZ OK
SILJ OK
SOIT OK
SIOZ OK
SOIJ OK
SOIL OK
SOTI OK
SOTJ OK
SOTL OK
SOIZ OK
SOTZ OK
SOZI OK
SOJI OK
SOJT OK
SOZJ OK
SOZL OK
SOJZ OK
SOJL OK
SOLI OK
SOLT OK
SOZT OK
STIO OK
SOLJ OK
STIJ OK
STIL OK
STOI OK
SOLZ OK
STIZ OK
STOL OK
STOJ OK
STZJ OK
STZI OK
STZL OK
STJI OK
STJO OK
STJZ OK
STJL OK
STOZ OK
STLI OK
STLO OK
STLJ OK
STLZ OK
STZO OK
SZIO OK
SZIJ OK
SZIT OK
SZIL OK
SZOT OK
SZOI OK
SZOJ OK
SZOL OK
SZTJ OK
SZTI OK
SZTL OK
SZTO OK
SZJI OK
SZJT OK
SZJO OK
SZLI OK
SZJL OK
SZLJ OK
SZLT OK
SJIO OK
SZLO OK
SJIT OK
SJIL OK
SJIZ OK
SJOI OK
SJOT OK
SJOZ OK
SJOL OK
SJTI OK
SJTO OK
SJTL OK
SJTZ OK
SJZI OK
SJZT OK
SJLI OK
SJZL OK
SJLT OK
SJLO OK
SJZO OK
SLIO OK
SLIT OK
SLIZ OK
SLIJ OK
SLOI OK
SLOT OK
SJLZ OK
SLTI OK
SLTO OK
SLOJ OK
SLTZ OK
SLTJ OK
SLOZ OK
SLZI OK
SLZT OK
SLJI OK
SLZJ OK
SLJT OK
SLZO OK
SLJO OK
SLJZ OK
ZIOJ OK
ZIOL OK
ZITO OK
ZIOT OK
ZIOS OK
ZITL OK
ZITJ OK
ZITS OK
ZISJ OK
ZISO OK
ZISL OK
ZIST OK
ZIJO OK
ZIJT OK
ZIJL OK
ZIJS OK
ZILO OK
ZILT OK
ZILJ OK
ZILS OK
ZOIT OK
ZOIS OK
ZOIJ OK
ZOIL OK
ZOTJ OK
ZOTI OK
ZOTL OK
ZOSI OK
ZOSJ OK
ZOSL OK
ZOJI OK
ZOTS OK
ZOJT OK
ZOJS OK
ZOJL OK
ZOLI OK
ZOLT OK
ZOLJ OK
ZTIO OK
ZOLS OK
ZOST OK
ZTIJ OK
ZTIL OK
ZTOI OK
ZTIS OK
ZTOJ OK
ZTOL OK
ZTSJ OK
ZTSI OK
ZTSL OK
ZTJI OK
ZTJO OK
ZTJS OK
ZTOS OK
ZTJL OK
ZTLI OK
ZTLO OK
ZTLJ OK
ZTLS OK
ZTSO OK
ZSIJ OK
ZSIO OK
ZSIL OK
ZSIT OK
ZSOI OK
ZSOJ OK
ZSOT OK
ZSOL OK
ZSTJ OK
ZSTI OK
ZSTO OK
ZSJI OK
ZSTL OK
ZSJO OK
ZSJT OK
ZSLI OK
ZSJL OK
ZSLT OK
ZSLJ OK
ZSLO OK
ZJIO OK
ZJIT OK
ZJIS OK
ZJIL OK
ZJOT OK
ZJOI OK
ZJOL OK
ZJTI OK
ZJTO OK
ZJTS OK
ZJTL OK
ZJOS OK
ZJST OK
ZJSI OK
ZJSO OK
ZJLI OK
ZJSL OK
ZJLO OK
ZJLT OK
ZJLS OK
ZLIO OK
ZLIT OK
ZLIJ OK
ZLIS OK
ZLOT OK
ZLOJ OK
ZLOI OK
ZLTI OK
ZLOS OK
ZLTO OK
ZLTJ OK
ZLTS OK
ZLST OK
ZLSJ OK
ZLSI OK
ZLSO OK
ZLJI OK
ZLJO OK
ZLJT OK
ZLJS OK
JIOT OK
JIOS OK
JIOZ OK
JIOL OK
JITO OK
JITS OK
JITZ OK
JITL OK
JIST OK
JISO OK
JISL OK
JIZT OK
JIZO OK
JIZL OK
JILO OK
JISZ OK
JILT OK
JILS OK
JILZ OK
JOIT OK
JOIS OK
JOIL OK
JIZS OK
JOIZ OK
JOTI OK
JOTS OK
JOTZ OK
JOTL OK
JOSI OK
JOST OK
JOSL OK
JOZI OK
JOZT OK
JOZL OK
JOLI OK
JOLT OK
JOLS OK
JOLZ OK
JOSZ OK
JTIO OK
JTIS OK
JTIZ OK
JTIL OK
JTOI OK
JTOS OK
JTOZ OK
JTOL OK
JTSI OK
JTSO OK
JTSZ OK
JTSL OK
JTZI OK
JTZO OK
JTZS OK
JTZL OK
JTLI OK
JTLO OK
JTLS OK
JTLZ OK
JSIO OK
JSIT OK
JSIL OK
JSOI OK
JSOT OK
JSIZ OK
JSTI OK
JSOL OK
JSTO OK
JOZS OK
JSTL OK
JSTZ OK
JSOZ OK
JSZT OK
JSLI OK
JSZL OK
JSZO OK
JSLT OK
JSLO OK
JZIT OK
JZIO OK
JZIL OK
JSZI OK
JSLZ OK
JZOT OK
JZOI OK
JZTI OK
JZIS OK
JZOL OK
JZTO OK
JZTS OK
JZTL OK
JZST OK
JZSL OK
JZLI OK
JZSI OK
JZLO OK
JZLT OK
JZLS OK
JLIO OK
JLIT OK
JLIS OK
JLIZ OK
JLOI OK
JLOT OK
JLOS OK
JLTI OK
JLOZ OK
JLTO OK
JLTS OK
JLTZ OK
JLSI OK
JZOS OK
JLST OK
JLZI OK
JLSO OK
JZSO OK
JLZO OK
JLZT OK
LIOT OK
LIOS OK
JLSZ OK
JLZS OK
LIOJ OK
LIOZ OK
LITO OK
LITS OK
LITJ OK
LITZ OK
LIST OK
LISJ OK
LISO OK
LIZT OK
LIZO OK
LIZJ OK
LIJO OK
LIJT OK
LIJS OK
LIJZ OK
LOIT OK
LOIS OK
LISZ OK
LOIZ OK
LOIJ OK
LOTI OK
LOTS OK
LOTZ OK
LOTJ OK
LOSI OK
LOST OK
LOSJ OK
LOZI OK
LOSZ OK
LOZT OK
LOZJ OK
LOJI OK
LIZS OK
LOJT OK
LOZS OK
LOJS OK
LTIO OK
LOJZ OK
LTIJ OK
LTIS OK
LTOI OK
LTIZ OK
LTOJ OK
LTOS OK
LTOZ OK
LTSI OK
LTSO OK
LTSZ OK
LTSJ OK
LTZI OK
LTZO OK
LTJI OK
LTZS OK
LTZJ OK
LTJO OK
LTJS OK
LSIO OK
LTJZ OK
LSIT OK
LSIZ OK
LSIJ OK
LSOI OK
LSOT OK
LSTI OK
LSTO OK
LSOJ OK
LSTZ OK
LSTJ OK
LSZI OK
LSOZ OK
LSZT OK
LSJI OK
LSZJ OK
LSJT OK
LSZO OK
LSJO OK
LZIO OK
LZIT OK
LSJZ OK
LZIJ OK
LZOT OK
LZOI OK
LZOJ OK
LZTI OK
LZOS OK
LZTO OK
LZTJ OK
LZTS OK
LZST OK
LZSO OK
LZIS OK
LZSJ OK
LZJI OK
LZJO OK
LZJT OK
LZJS OK
LJIO OK
LJIT OK
LJIS OK
LJOI OK
LJIZ OK
LZSI OK
LJOT OK
LJTI OK
LJOS OK
LJOZ OK
LJTO OK
LJTS OK
LJSI OK
LJTZ OK
LJST OK
LJZI OK
LJSO OK
LJZO OK
LJZT OK
LJZS OK
LJSZ OK
