IOTL OK
IOTJ OK
IOTS OK
IOTZ OK
IOST OK
IOSL OK
IOSJ OK
IOZT OK
IOZJ OK
IOZL OK
IOJT OK
IOJS OK
IOJZ OK
IOJL OK
IOLT OK
IOLS OK
IOLZ OK
IOLJ OK
ITOS OK
ITOJ OK
ITOZ OK
ITOL OK
IOSZ OK
ITSJ OK
ITSO OK
ITSL OK
ITZO OK
ITZJ OK
ITZS OK
ITJO OK
ITZL OK
ITJS OK
ITJZ OK
ITSZ OK
ITJL OK
ITLO OK
ITLS OK
ITLJ OK
ITLZ OK
ISOJ OK
ISOT OK
ISOL OK
ISTO OK
ISTJ OK
ISTL OK
ISTZ OK
ISZT OK
ISZJ OK
ISZL OK
ISOZ OK
IOZS CAP
ISJO OK
ISJT OK
ISJL OK
ISJZ OK
ISLO OK
ISLT OK
ISLJ OK
ISLZ OK
IZOJ OK
IZOT OK
IZOL OK
IZTO OK
IZTJ OK
IZTL OK
IZTS OK
IZST OK
IZSJ OK
IZSL OK
IZSO OK
IZJO OK
IZJT OK
IZJS OK
IZJL OK
IZLO OK
IZLT OK
IZLS OK
IZLJ OK
IJOT OK
IJOS OK
ISZO OK
IJOZ OK
IJOL OK
IJTO OK
IJTS OK
IJTZ OK
IJTL OK
IJST OK
IJSO OK
IJSL OK
IJZO OK
IJZT OK
IJSZ OK
IJZL OK
IJLO OK
IJLT OK
IJLS OK
IJLZ OK
ILOT OK
ILOS OK
ILOZ OK
ILOJ OK
ILTO OK
ILTS OK
ILTZ OK
ILTJ OK
ILSO OK
ILST OK
IJZS OK
ILSJ OK
ILZO OK
ILZT OK
ILZS OK
ILZJ OK
ILJO OK
ILJT OK
ILJS OK
ILJZ OK
ILSZ OK
OITS OK
OITZ OK
OITJ OK
OITL OK
IZOS CAP
OIST OK
OISJ OK
OISL OK
OIZT OK
OIZS OK
OIZJ OK
OIZL OK
OIJT OK
OIJS OK
OIJZ OK
OIJL OK
OILT OK
OILS OK
OILJ OK
OILZ OK
OISZ OK
OTIJ OK
OTIS OK
OTIZ OK
OTIL OK
OTSI OK
OTSJ OK
OTSL OK
OTZI OK
OTZJ OK
OTZL OK
OTJI OK
OTJS OK
OTJZ OK
OTJL OK
OTLI OK
OTLS OK
OTLZ OK
OTLJ OK
OTSZ OK
OSIT OK
OSIJ OK
OSIL OK
OSTI OK
OSTJ OK
OSIZ OK
OSTL OK
OSTZ OK
OSZI OK
OTZS OK
OSJI OK
OSJT OK
OSZJ OK
OSZL OK
OSJZ OK
OSJL OK
OSLI OK
OSLT OK
OZIT OK
OSLJ OK
OZIS OK
OSLZ OK
OZIJ OK
OZIL OK
OZTI OK
OZTJ OK
OZTL OK
OZSI OK
OZSJ OK
OZTS OK
OZJI OK
OZJT OK
OZSL OK
OZJS OK
OZJL OK
OZST OK
OZLI OK
OZLT OK
OZLJ OK
OJIT OK
OZLS OK
OJIS OK
OJIZ OK
OSZT OK
OJTI OK
OJIL OK
OJTS OK
OJTZ OK
OJTL OK
OJSI OK
OJST OK
OJZI OK
OJSL OK
OJZT OK
OJZL OK
OJLI OK
OJLT OK
OJLS OK
OJSZ OK
OJLZ OK
OLIT OK
OLIS OK
OLIZ OK
OLIJ OK
OLTI OK
OLTS OK
OLTZ OK
OLTJ OK
OLSI OK
OLST OK
OLSJ OK
OLZI OK
OLSZ OK
OLZT OK
OLJI OK
OLZJ OK
OLZS OK
OLJT OK
OLJS OK
OLJZ OK
TIOJ OK
TIOS OK
TIOL OK
TIOZ OK
TISJ OK
TISL OK
TISO OK
TISZ OK
TIZJ OK
TIZO OK
TIZL OK
TIJO OK
TIJS OK
TIJZ OK
TIZS OK
TIJL OK
TILO OK
TILS OK
TILZ OK
TILJ OK
TOIS OK
TOIZ OK
TOIJ OK
TOIL OK
OJZS OK
TOSI OK
TOSJ OK
TOSL OK
TOZI OK
TOZJ OK
TOZL OK
TOJI OK
TOJS OK
TOJZ OK
TOJL OK
TOLI OK
TOLS OK
TOLZ OK
TOLJ OK
TOSZ OK
TSIO OK
TSIJ OK
TSIL OK
TSIZ OK
TSOJ OK
TSOI OK
TSOL OK
TSZI OK
TSZJ OK
TSZL OK
TSJI OK
TSOZ OK
TSJO OK
TSJZ OK
TOZS OK
TSLI OK
TSJL OK
TSLO OK
TSZO OK
TSLZ OK
TSLJ OK
TZIJ OK
TZIL OK
TZIO OK
TZOJ OK
TZIS OK
TZOI OK
TZOL OK
TZSJ OK
TZSI OK
TZJI OK
TZSL OK
TZJO OK
TZJS OK
TZJL OK
TZLI OK
TZLO OK
TZLJ OK
TZLS OK
TJIO OK
TJIS OK
TJIZ OK
TJIL OK
TZSO OK
TJOI OK
TJOS OK
TJOZ OK
TJOL OK
TJSI OK
TJSO OK
TJSZ OK
TJZI OK
TJSL OK
TJZO OK
TJZS OK
TJLI OK
TJZL OK
TJLO OK
TJLS OK
TJLZ OK
TLIO OK
TLIJ OK
TLOI OK
TZOS OK
TLIS OK
TLIZ OK
TLOJ OK
TLSI OK
TLOS OK
TLOZ OK
TLSO OK
TLSZ OK
TLSJ OK
TLZI OK
TLZO OK
TLJI OK
TLZJ OK
TLZS OK
TLJO OK
TLJS OK
TLJZ OK
SIOJ OK
SIOT OK
SIOL OK
SITO OK
SITJ OK
SITL OK
SITZ OK
SIZJ OK
SIZT OK
SIZL OK
SIJO OK
SIJT OK
SIJZ OK
SIJL OK
SIOZ OK
SILT OK
SILO OK
SILZ OK
SILJ OK
SOIT OK
SOIJ OK
SOIL OK
SOTI OK
SOIZ OK
SOTJ OK
SIZO OK
SOTL OK
SOTZ OK
SOZI OK
SOZJ OK
SOZL OK
SOJT OK
SOJI OK
SOJZ OK
SOLI OK
SOJL OK
SOLT OK
STIO OK
SOLJ OK
STIJ OK
SOLZ OK
STIL OK
STOI OK
STIZ OK
STOJ OK
STOL OK
STZI OK
STZJ OK
STOZ OK
STZL OK
STJI OK
STJO OK
STJZ OK
STJL OK
STZO OK
STLI OK
STLO OK
STLJ OK
STLZ OK
SOZT OK
SZIJ OK
SZIL OK
SZIT OK
SZIO OK
SZOT OK
SZOI OK
SZOJ OK
SZOL OK
SZTJ OK
SZTI OK
SZTL OK
SZJI OK
SZTO OK
SZJO OK
SZJT OK
SZJL OK
SZLI OK
SZLT OK
SZLJ OK
SZLO OK
SJIO OK
SJIT OK
SJIZ OK
SJIL OK
SJOT OK
SJOI OK
SJOL OK
SJOZ OK
SJTI OK
SJTO OK
SJTL OK
SJTZ OK
SJZI OK
SJZT OK
SJLI OK
SJZL OK
SJLT OK
SJZO OK
SJLO OK
SLIO OK
SLIT OK
SLIZ OK
SLIJ OK
SJLZ OK
SLOT OK
SLOI OK
SLTI OK
SLTO OK
SLTZ OK
SLTJ OK
SLOJ OK
SLOZ OK
SLZI OK
SLZT OK
SLJI OK
SLZJ OK
SLJT OK
SLZO OK
SLJO OK
SLJZ OK
ZIOJ OK
ZIOL OK
ZITO OK
ZIOT OK
ZITJ OK
ZITL OK
ZITS OK
ZISJ OK
ZIST OK
ZISL OK
ZISO OK
ZIJO OK
ZIOS OK
ZIJT OK
ZIJS OK
ZIJL OK
ZILT OK
ZILO OK
ZILJ OK
ZILS OK
ZOIT OK
ZOIJ OK
ZOIS OK
ZOIL OK
ZOTJ OK
ZOTI OK
ZOTL OK
ZOSI OK
ZOSJ OK
ZOJI OK
ZOSL OK
ZOTS OK
ZOJT OK
ZOJS OK
ZOJL OK
ZOLI OK
ZOLT OK
ZOLJ OK
ZOST OK
ZTIO OK
ZOLS OK
ZTIJ OK
ZTOI OK
ZTIL OK
ZTIS OK
ZTOJ OK
ZTOL OK
ZTSJ OK
ZTSI OK
ZTJI OK
ZTSL OK
ZTJO OK
ZTJS OK
ZTOS OK
ZTJL OK
ZTLI OK
ZTLO OK
ZTLS OK
ZTLJ OK
ZTSO OK
ZSIJ OK
ZSIL OK
ZSIT OK
ZSIO OK
ZSOT OK
ZSOI OK
ZSOJ OK
ZSOL OK
ZSTI OK
ZSTJ OK
ZSTO OK
ZSTL OK
ZSJI OK
ZSJO OK
ZSJT OK
ZSLI OK
ZSJL OK
ZSLJ OK
ZSLT OK
ZJIO OK
ZSLO OK
ZJIT OK
ZJIL OK
ZJIS OK
ZJOT OK
ZJOI OK
ZJOL OK
ZJTI OK
ZJTO OK
ZJTS OK
ZJTL OK
ZJOS OK
ZJST OK
ZJSL OK
ZJLI OK
ZJLO OK
ZJLT OK
ZJSI OK
ZJLS OK
ZLIO OK
ZJSO OK
ZLIT OK
ZLIJ OK
ZLIS OK
ZLOT OK
ZLOJ OK
ZLOI OK
ZLTI OK
ZLTO OK
ZLOS OK
ZLTJ OK
ZLTS OK
ZLSJ OK
ZLST OK
ZLJI OK
ZLSO OK
ZLJO OK
ZLJT OK
ZLJS OK
ZLSI OK
JIOT OK
JIOS OK
JIOL OK
JIOZ OK
JITO OK
JITS OK
JITZ OK
JITL OK
JISO OK
JIST OK
JISL OK
JIZT OK
JIZO OK
JIZL OK
JILO OK
JISZ OK
JILT OK
JILZ OK
JILS OK
JOIT OK
JOIS OK
JOIZ OK
JOIL OK
JOTI OK
JOTS OK
JOTZ OK
JOTL OK
JOSI OK
JOST OK
JOSL OK
JOZI OK
JOZT OK
JOZL OK
JOLI OK
JOSZ OK
JOLT OK
JOLS OK
JOLZ OK
JTIO OK
JIZS OK
JTIS OK
JTIZ OK
JTIL OK
JTOI OK
JTOS OK
JTOZ OK
JTSI OK
JTOL OK
JTSO OK
JTSZ OK
JTZI OK
JTSL OK
JTZO OK
JTZS OK
JTLI OK
JTZL OK
JTLO OK
JTLS OK
JTLZ OK
JSIO OK
JSIT OK
JSIL OK
JSOI OK
JSOT OK
JSIZ OK
JSTI OK
JSTO OK
JSOL OK
JSTL OK
JSTZ OK
JSOZ OK
JSZT OK
JSZO OK
JSZL OK
JSLI OK
JSLT OK
JSLO OK
JSZI OK
JSLZ OK
JZIO OK
JZIT OK
JZIL OK
JZOI OK
JZOT OK
JOZS OK
JZTI OK
JZOL OK
JZTO OK
JZTS OK
JZTL OK
JZIS OK
JZST OK
JZSI OK
JZLI OK
JZSL OK
JZLO OK
JZLT OK
JZLS OK
JLIO OK
JLIT OK
JLIS OK
JLIZ OK
JLOI OK
JLOT OK
JLOS OK
JLTI OK
JLOZ OK
JLTO OK
JLTS OK
JLTZ OK
JLSI OK
JLST OK
JLSO OK
JLZI OK
JLSZ OK
JLZO OK
JLZT OK
LIOT OK
JLZS OK
LIOS OK
LIOZ OK
LIOJ OK
LITO OK
LITS OK
LITZ OK
LITJ OK
JZOS OK
LIST OK
LISO OK
LISJ OK
LIZO OK
LIZT OK
LIZJ OK
LIJO OK
LIJT OK
LISZ OK
LIJS OK
LIJZ OK
LOIT OK
LOIS OK
LOIZ OK
LOIJ OK
JZSO OK
LOTI OK
LOTS OK
LOTZ OK
LOTJ OK
LOSI OK
LOST OK
LOSJ OK
LOZI OK
LOZT OK
LOSZ OK
LOJI OK
LOZJ OK
LOJT OK
LOZS OK
LIZS OK
LOJS OK
LTIO OK
LOJZ OK
LTIJ OK
LTOI OK
LTIS OK
LTIZ OK
LTOJ OK
LTSI OK
LTOS OK
LTOZ OK
LTSO OK
LTSZ OK
LTSJ OK
LTZI OK
LTZO OK
LTJI OK
LTZS OK
LTZJ OK
LTJO OK
LTJS OK
LTJZ OK
LSIO OK
LSIT OK
LSIZ OK
LSIJ OK
LSOI OK
LSOT OK
LSTI OK
LSTO OK
LSTZ OK
LSTJ OK
LSOJ OK
LSZI OK
LSZT OK
LSOZ OK
LSZJ OK
LSJI OK
LSZO OK
LSJT OK
LSJO OK
LZIO OK
LSJZ OK
LZIT OK
LZIJ OK
LZOT OK
LZOJ OK
LZOI OK
LZOS OK
LZTI OK
LZTO OK
LZTJ OK
LZTS OK
LZST OK
LZSJ OK
LZSO OK
LZIS OK
LZJI OK
LZJO OK
LZJT OK
LZJS OK
LJIO OK
LJIT OK
LZSI OK
LJIS OK
LJIZ OK
LJOI OK
LJOT OK
LJTI OK
LJOS OK
LJOZ OK
LJTO OK
LJSI OK
LJTS OK
LJTZ OK
LJST OK
LJZI OK
LJZO OK
LJZT OK
LJSO OK
LJZS OK
LJSZ OK
