IOTJ OK
IOTL OK
IOTS OK
IOTZ OK
IOST OK
IOSL OK
IOSJ OK
IOZT OK
IOZJ OK
IOZL OK
IOJT OK
IOJS OK
IOJZ OK
IOJL OK
IOLT OK
IOLS OK
IOLZ OK
IOLJ OK
ITOS OK
ITOZ OK
ITOJ OK
ITOL OK
ITSO OK
IOSZ OK
ITSJ OK
ITSL OK
ITSZ OK
ITZO OK
ITZJ OK
ITZL OK
ITJO OK
ITJS OK
ITJZ OK
ITJL OK
ITLO OK
ITZS OK
ITLS OK
ITLZ OK
ITLJ OK
ISOT OK
ISOJ OK
ISOL OK
ISTO OK
ISTJ OK
ISTL OK
ISTZ OK
ISZT OK
ISOZ OK
ISZJ OK
ISJO OK
IOZS CAP
ISJT OK
ISZL OK
ISJL OK
ISLO OK
ISLT OK
ISLJ OK
ISJZ OK
IZOT OK
ISLZ OK
IZOL OK
IZOJ OK
IZTO OK
IZTS OK
IZTJ OK
IZTL OK
IZST OK
IZSJ OK
IZSO OK
ISZO OK
IZSL OK
IZJO OK
IZJT OK
IZJL OK
IZJS OK
IZLO OK
IZLT OK
IZLJ OK
IZLS OK
IJOT OK
IJOS OK
IJOZ OK
IJOL OK
IJTO OK
IJTS OK
IJTZ OK
IJTL OK
IJST OK
IJSO OK
IJSL OK
IJZO OK
IJZT OK
IJZL OK
IJLO OK
IJLT OK
IJLS OK
IJLZ OK
ILOT OK
ILOS OK
ILOZ OK
ILOJ OK
ILTO OK
ILTS OK
IJSZ OK
ILTJ OK
ILTZ OK
ILSO OK
ILST OK
IJZS OK
IZOS OK
ILSJ OK
ILZT OK
ILZO OK
ILZJ OK
ILJO OK
ILJT OK
ILJS OK
ILJZ OK
OITS OK
OITZ OK
OITJ OK
ILSZ OK
OITL OK
OIST OK
OISJ OK
OISL OK
OIZT OK
OISZ OK
OIZJ OK
OIZL OK
OIJT OK
OIJS OK
OIJZ OK
OIJL OK
OILT OK
OILS OK
OILZ OK
OILJ OK
OTIS OK
OTIZ OK
OTIJ OK
ILZS OK
OTIL OK
OTSI OK
OTSJ OK
OTSL OK
OTZI OK
OTZJ OK
OTZL OK
OTSZ OK
OTJI OK
OTJS OK
OTJZ OK
OTJL OK
OTLI OK
OTLS OK
OTLZ OK
OTZS OK
OTLJ OK
OSIT OK
OSIJ OK
OSIL OK
OSTI OK
OSIZ OK
OSTJ OK
OSTL OK
OSTZ OK
OSZI OK
OSZT OK
OSJI OK
OIZS OK
OSJT OK
OSZL OK
OSJL OK
OSZJ OK
OSLI OK
OSLT OK
OSJZ OK
OZIT OK
OSLJ OK
OZIJ OK
OZIL OK
OSLZ OK
OZTI OK
OZTJ OK
OZTL OK
OZSI OK
OZTS OK
OZSJ OK
OZJI OK
OZSL OK
OZJT OK
OZST OK
OZJS OK
OZJL OK
OZLI OK
OZLT OK
OZLJ OK
OJIT OK
OJIS OK
OJIZ OK
OJIL OK
OZIS OK
OJTI OK
OJTS OK
OJTZ OK
OJTL OK
OJSI OK
OJST OK
OJZI OK
OJZT OK
OZLS OK
OJSZ OK
OJSL OK
OJLI OK
OJLT OK
OJLS OK
OJLZ OK
OLIT OK
OJZL OK
OLIS OK
OLIZ OK
OLIJ OK
OLTI OK
OLTS OK
OLTZ OK
OLTJ OK
OLSI OK
OLST OK
OLSJ OK
OLZI OK
OLSZ OK
OLZT OK
OLJI OK
OLZJ OK
OLJT OK
OLJS OK
OLJZ OK
TIOS OK
TIOJ OK
TIOZ OK
TIOL OK
TISO OK
TISJ OK
TISL OK
TISZ OK
TIZO OK
TIZJ OK
TIZL OK
TIJO OK
TIJS OK
TIZS OK
TIJZ OK
TIJL OK
TILO OK
TILS OK
TILZ OK
OJZS OK
TILJ OK
TOIS OK
TOIJ OK
TOIZ OK
TOIL OK
TOSI OK
TOSJ OK
TOSL OK
TOZI OK
TOZJ OK
TOZL OK
TOJI OK
OLZS OK
TOJS OK
TOJZ OK
TOJL OK
TOLI OK
TOLS OK
TOLZ OK
TOSZ OK
TOLJ OK
TSIO OK
TSIJ OK
TSIL OK
TSOI OK
TSIZ OK
TOZS OK
TSOJ OK
TSOL OK
TSZJ OK
TSZL OK
TSZI OK
TSJI OK
TSJO OK
TSJZ OK
TSJL OK
TSLI OK
TSLO OK
TSOZ OK
TSLZ OK
TSLJ OK
TZIO OK
TZIJ OK
TSZO OK
TZIL OK
TZOI OK
TZOJ OK
TZIS OK
TZOL OK
TZSJ OK
TZSI OK
TZSL OK
TZJI OK
TZJO OK
TZJS OK
TZJL OK
TZLI OK
TZLO OK
TZLS OK
TZLJ OK
TJIO OK
TJIS OK
TJIZ OK
TJIL OK
TZSO OK
TZOS OK
TJOI OK
TJOS OK
TJOZ OK
TJSI OK
TJOL OK
TJSO OK
TJZI OK
TJSZ OK
TJZO OK
TJSL OK
TJLI OK
TJZS OK
TJLO OK
TJZL OK
TLIO OK
TJLS OK
TLIS OK
TJLZ OK
TLIJ OK
TLOI OK
TLIZ OK
TLOS OK
TLSI OK
TLOZ OK
TLOJ OK
TLSO OK
TLSJ OK
TLSZ OK
TLZI OK
TLZO OK
TLJI OK
TLZS OK
TLZJ OK
TLJO OK
TLJS OK
TLJZ OK
SIOT OK
SIOJ OK
SIOL OK
SITO OK
SITJ OK
SITL OK
SITZ OK
SIZT OK
SIZJ OK
SIOZ OK
SIJO OK
SIZL OK
SIJT OK
SIJL OK
SILO OK
SILT OK
SIJZ OK
SILJ OK
SOIT OK
SOIJ OK
SILZ OK
SIZO OK
SOIZ OK
SOIL OK
SOTI OK
SOTJ OK
SOTL OK
SOTZ OK
SOZI OK
SOZT OK
SOJT OK
SOJI OK
SOZL OK
SOLI OK
SOJL OK
SOZJ OK
SOLT OK
SOJZ OK
STIO OK
SOLJ OK
STIJ OK
STIL OK
SOLZ OK
STIZ OK
STOJ OK
STOI OK
STOL OK
STZJ OK
STZI OK
STZL OK
STJI OK
STJO OK
STOZ OK
STJZ OK
STJL OK
STLI OK
STLO OK
STLJ OK
STLZ OK
STZO OK
SZIT OK
SZIO OK
SZIJ OK
SZIL OK
SZOJ OK
SZOI OK
SZOL OK
SZTI OK
SZTJ OK
SZTL OK
SZOT OK
SZJI OK
SZJT OK
SZJO OK
SZTO OK
SZJL OK
SZLT OK
SZLJ OK
SZLI OK
SZLO OK
SJIO OK
SJIT OK
SJIL OK
SJOT OK
SJOI OK
SJTI OK
SJOL OK
SJTO OK
SJOZ OK
SJTL OK
SJTZ OK
SJZT OK
SJIZ OK
SJZL OK
SJZO OK
SJLI OK
SJLT OK
SJLO OK
SJLZ OK
SLIT OK
SJZI OK
SLIJ OK
SLIO OK
SLOT OK
SLOI OK
SLIZ OK
SLTI OK
SLOJ OK
SLTO OK
SLOZ OK
SLTZ OK
SLTJ OK
SLZJ OK
SLZT OK
SLJI OK
SLJT OK
SLZI OK
SLJO OK
SLJZ OK
ZIOT OK
ZIOL OK
ZIOJ OK
ZITO OK
ZITS OK
ZITJ OK
ZITL OK
ZIST OK
ZISJ OK
ZISO OK
ZISL OK
ZIJO OK
ZIJT OK
ZIJS OK
ZIJL OK
ZILT OK
ZILO OK
ZILJ OK
ZILS OK
ZOIT OK
ZOIJ OK
ZOIL OK
ZOTI OK
SLZO OK
ZOTJ OK
ZOTL OK
ZOTS OK
ZOSI OK
ZIOS OK
ZOSJ OK
ZOJI OK
ZOIS OK
ZOSL OK
ZOJT OK
ZOLI OK
ZOJL OK
ZOJS OK
ZOLJ OK
ZOST OK
ZOLT OK
ZTIJ OK
ZTIO OK
ZTIL OK
ZTOI OK
ZTIS OK
ZTOJ OK
ZTOL OK
ZTSI OK
ZOLS OK
ZTSJ OK
ZTOS OK
ZTSL OK
ZTJI OK
ZTJO OK
ZTJS OK
ZTJL OK
ZTLI OK
ZTLO OK
ZTLS OK
ZTLJ OK
ZTSO OK
ZSIJ OK
ZSIL OK
ZSIT OK
ZSIO OK
ZSOI OK
ZSOJ OK
ZSOL OK
ZSTI OK
ZSTJ OK
ZSOT OK
ZSTL OK
ZSJI OK
ZSJT OK
ZSJO OK
ZSJL OK
ZSTO OK
ZSLT OK
ZSLJ OK
ZSLI OK
ZJIO OK
ZJIT OK
ZSLO OK
ZJIS OK
ZJIL OK
ZJOT OK
ZJOI OK
ZJTI OK
ZJOL OK
ZJTO OK
ZJTS OK
ZJTL OK
ZJOS OK
ZJST OK
ZJSL OK
ZJLI OK
ZJLO OK
ZJLT OK
ZJSI OK
ZJLS OK
ZJSO OK
ZLIO OK
ZLIT OK
ZLIJ OK
ZLIS OK
ZLOT OK
ZLOJ OK
ZLTI OK
ZLTO OK
ZLOI OK
ZLTJ OK
ZLTS OK
ZLST OK
ZLSJ OK
ZLSI OK
ZLJI OK
ZLJO OK
ZLJT OK
ZLJS OK
JIOT OK
JIOS OK
ZLOS OK
JIOL OK
ZLSO OK
JITO OK
JIOZ OK
JITS OK
JITZ OK
JITL OK
JISO OK
JISL OK
JIST OK
JIZO OK
JIZT OK
JIZL OK
JILO OK
JILT OK
JILS OK
JILZ OK
JOIT OK
JOIS OK
JOIZ OK
JOIL OK
JOTI OK
JOTS OK
JOTZ OK
JOTL OK
JOSI OK
JOST OK
JISZ OK
JOSZ OK
JOSL OK
JOZI OK
JOZT OK
JIZS OK
JOLI OK
JOLT OK
JOLS OK
JOLZ OK
JTIO OK
JTIS OK
JTIZ OK
JTIL OK
JOZL OK
JTOI OK
JTOS OK
JTOZ OK
JTOL OK
JTSI OK
JTSO OK
JTSL OK
JTSZ OK
JTZI OK
JTZO OK
JTZS OK
JTLI OK
JTZL OK
JTLO OK
JTLS OK
JSIO OK
JTLZ OK
JSIT OK
JSIL OK
JSOI OK
JSOT OK
JSOL OK
JSTI OK
JSOZ OK
JSTO OK
JSTL OK
JSTZ OK
JSIZ OK
JSZT OK
JSZO OK
JSLI OK
JSZL OK
JSLT OK
JSLO OK
JSZI OK
JOZS OK
JSLZ OK
JZIO OK
JZIL OK
JZIT OK
JZOT OK
JZOI OK
JZTI OK
JZOL OK
JZTO OK
JZTS OK
JZTL OK
JZSI OK
JZIS OK
JZST OK
JZSL OK
JZLI OK
JZLO OK
JZLT OK
JZLS OK
JLIO OK
JLIT OK
JLIS OK
JLIZ OK
JLOI OK
JLOT OK
JLOS OK
JLOZ OK
JLTI OK
JLTO OK
JLTS OK
JLSI OK
JLTZ OK
JLST OK
JLSO OK
JLZI OK
JLSZ OK
JLZO OK
JLZT OK
LIOT OK
LIOS OK
JLZS OK
LIOZ OK
LIOJ OK
LITO OK
LITS OK
LITZ OK
LITJ OK
LISO OK
LIST OK
JZOS OK
LISJ OK
LIZT OK
LIZO OK
LIZJ OK
LIJO OK
LIJT OK
LIJS OK
LIJZ OK
LISZ OK
LOIT OK
LOIS OK
LOIZ OK
LOIJ OK
LOTI OK
LOTS OK
LOTZ OK
LOSI OK
LOTJ OK
LOST OK
JZSO CAP
LOZI OK
LOZT OK
LOSJ OK
LOSZ OK
LOZJ OK
LOJI OK
LIZS OK
LOJT OK
LOJS OK
LTIO OK
LOJZ OK
LTIS OK
LTIJ OK
LTOI OK
LTIZ OK
LTOS OK
LTOJ OK
LTSI OK
LTOZ OK
LTSO OK
LTSZ OK
LTSJ OK
LTZI OK
LTZO OK
LTZS OK
LTJI OK
LTZJ OK
LTJO OK
LTJS OK
LTJZ OK
LSIT OK
LSIO OK
LSIJ OK
LSOT OK
LSIZ OK
LSOI OK
LSTI OK
LSTO OK
LSOZ OK
LSOJ OK
LSTZ OK
LSTJ OK
LSZT OK
LSZJ OK
LSJI OK
LSZI OK
LSJT OK
LSJO OK
LSJZ OK
LZIT OK
LZIO OK
LOZS OK
LZIJ OK
LZOT OK
LZOI OK
LZOJ OK
LZTI OK
LZTO OK
LZIS OK
LZTS OK
LZTJ OK
LZSI OK
LZST OK
LZSJ OK
LZJI OK
LZSO OK
LZJO OK
LZJT OK
LZJS OK
LJIO OK
LJIT OK
LJIS OK
LJIZ OK
LJOI OK
LJOT OK
LJOS OK
LJOZ OK
LJTI OK
LJTO OK
LJTS OK
LJSI OK
LJTZ OK
LJST OK
LZOS OK
LJZI OK
LSZO CAP
LJSO OK
LJSZ OK
LJZO OK
LJZT OK
LJZS OK
