IOTJ OK
IOTS OK
IOTL OK
IOTZ OK
IOSJ OK
IOSL OK
IOSZ OK
IOST OK
IOZJ OK
IOZL OK
IOJT OK
IOJS OK
IOJZ OK
IOJL OK
IOLT OK
IOLS OK
IOLZ OK
IOLJ OK
ITOS OK
IOZT OK
ITOZ OK
ITOJ OK
ITOL OK
ITSO OK
ITSJ OK
ITSL OK
ITZO OK
IOZS OK
ITZJ OK
ITJO OK
ITZL OK
ITJS OK
ITJZ OK
ITJL OK
ITLO OK
ITLS OK
ITLZ OK
ITLJ OK
ITSZ OK
ISOJ OK
ISOL OK
ITZS OK
ISTO OK
ISTJ OK
ISTL OK
ISOT OK
ISTZ OK
ISZJ OK
ISZL OK
ISZT OK
ISJO OK
ISJT OK
ISJZ OK
ISJL OK
ISLO OK
ISLT OK
ISLZ OK
ISLJ OK
ISZO OK
IZOJ OK
IZOL OK
IZTO OK
IZOT OK
IZTJ OK
IZTL OK
IZOS OK
IZTS OK
IZSJ OK
IZSL OK
ISOZ CAP
IZJT OK
IZJO OK
IZJS OK
IZJL OK
IZLO OK
IZLT OK
IZLS OK
IZLJ OK
IZST OK
IJOT OK
IJOS OK
IZSO OK
IJOL OK
IJOZ OK
IJTO OK
IJTZ OK
IJTS OK
IJTL OK
IJST OK
IJSO OK
IJSL OK
IJSZ OK
IJZT OK
IJZO OK
IJLO OK
IJZL OK
IJLT OK
IJLS OK
IJLZ OK
ILOT OK
ILOS OK
ILOZ OK
ILOJ OK
ILTO OK
ILTS OK
ILTZ OK
IJZS OK
ILTJ OK
ILSO OK
ILST OK
ILSJ OK
ILZO OK
ILZT OK
ILZS OK
ILZJ OK
ILJO OK
ILJT OK
ILJZ OK
ILJS OK
OITS OK
OITJ OK
OITZ OK
ILSZ OK
OITL OK
OIST OK
OISJ OK
OISL OK
OIZT OK
OIZJ OK
OIZS OK
OIZL OK
OIJT OK
OIJS OK
OIJZ OK
OIJL OK
OILT OK
OILS OK
OISZ OK
OILZ OK
OILJ OK
OTIS OK
OTIZ OK
OTIJ OK
OTIL OK
OTSI OK
OTSJ OK
OTSL OK
OTZI OK
OTZJ OK
OTZL OK
OTJI OK
OTJS OK
OTJZ OK
OTJL OK
OTLI OK
OTLS OK
OTLZ OK
OTLJ OK
OSIT OK
OTSZ OK
OSIJ OK
OSIL OK
OSTI OK
OSIZ OK
OSTJ OK
OSTL OK
OTZS OK
OSZI OK
OSTZ OK
OSZL OK
OSJI OK
OSZJ OK
OSJT OK
OSJL OK
OSJZ OK
OSLI OK
OSLT OK
OSLJ OK
OZIT OK
OSLZ OK
OZIS OK
OZIJ OK
OSZT OK
OZIL OK
OZTJ OK
OZTI OK
OZTL OK
OZSI OK
OZSJ OK
OZSL OK
OZJI OK
OZJT OK
OZJS OK
OZJL OK
OZLI OK
OZLT OK
OZLS OK
OZLJ OK
OJIT OK
OZTS OK
OJIS OK
OZST OK
OJIZ OK
OJIL OK
OJTI OK
OJTS OK
OJTZ OK
OJTL OK
OJSI OK
OJST OK
OJZI OK
OJSL OK
OJZT OK
OJZL OK
OJLI OK
OJLT OK
OJSZ OK
OJLS OK
OJLZ OK
OLIS OK
OLIT OK
OLIZ OK
OLIJ OK
OLTI OK
OLTS OK
OLTZ OK
OLTJ OK
OLSI OK
OLST OK
OJZS OK
OLZI OK
OLZT OK
OLSJ OK
OLSZ OK
OLZJ OK
OLJI OK
OLJT OK
OLZS OK
OLJS OK
OLJZ OK
TIOS OK
TIOZ OK
TIOJ OK
TIOL OK
TISO OK
TISJ OK
TISL OK
TIZO OK
TIZJ OK
TIZL OK
TIJO OK
TIJS OK
TIJZ OK
TIJL OK
TILO OK
TILS OK
TILZ OK
TILJ OK
TOIS OK
TOIZ OK
TOIJ OK
TOIL OK
TOSI OK
TISZ OK
TOSJ OK
TOSL OK
TOZI OK
TIZS OK
TOZJ OK
TOZL OK
TOJI OK
TOJS OK
TOJZ OK
TOJL OK
TOLI OK
TOLS OK
TOLZ OK
TOLJ OK
TSIO OK
TOSZ OK
TSIJ OK
TSIL OK
TSOI OK
TSOJ OK
TSOL OK
TOZS OK
TSIZ OK
TSZJ OK
TSOZ OK
TSZL OK
TSJI OK
TSJO OK
TSJZ OK
TSJL OK
TSLI OK
TSLO OK
TSLZ OK
TSLJ OK
TSZI OK
TZIO OK
TZIJ OK
TZIL OK
TZOI OK
TSZO OK
TZOL OK
TZOJ OK
TZIS OK
TZSJ OK
TZSL OK
TZJI OK
TZSI OK
TZJO OK
TZSO OK
TZJS OK
TZJL OK
TZLI OK
TZOS OK
TZLO OK
TZLJ OK
TZLS OK
TJIO OK
TJIS OK
TJIL OK
TJIZ OK
TJOI OK
TJOL OK
TJOS OK
TJSI OK
TJOZ OK
TJSO OK
TJZI OK
TJSL OK
TJSZ OK
TJZO OK
TJLI OK
TJZL OK
TJZS OK
TJLO OK
TJLS OK
TJLZ OK
TLIS OK
TLIO OK
TLIZ OK
TLIJ OK
TLOI OK
TLOJ OK
TLOS OK
TLSI OK
TLOZ OK
TLSJ OK
TLZI OK
TLSO OK
TLSZ OK
TLZO OK
TLZJ OK
TLJI OK
TLZS OK
TLJO OK
TLJS OK
TLJZ OK
SIOJ OK
SIOL OK
SITO OK
SIOT OK
SITJ OK
SIOZ OK
SITL OK
SIZJ OK
SIZL OK
SIJO OK
SIJT OK
SITZ OK
SIJZ OK
SIJL OK
SILO OK
SILT OK
SILZ OK
SILJ OK
SIZT OK
SOIT OK
SOIJ OK
SOIL OK
SOTI OK
SOIZ OK
SOTJ OK
SOTL OK
SIZO OK
SOZI OK
SOTZ OK
SOJI OK
SOZJ OK
SOJT OK
SOZL OK
SOJZ OK
SOJL OK
SOLI OK
SOLT OK
SOLJ OK
STIO OK
SOLZ OK
STIJ OK
SOZT OK
STIL OK
STOI OK
STOJ OK
STOL OK
STIZ OK
STZJ OK
STOZ OK
STJI OK
STZL OK
STZI OK
STJO OK
STJZ OK
STJL OK
STLI OK
STLO OK
STLJ OK
STLZ OK
STZO OK
SZIJ OK
SZIL OK
SZIT OK
SZOJ OK
SZIO OK
SZOI OK
SZOL OK
SZTJ OK
SZOT OK
SZTL OK
SZJI OK
SZJO OK
SZJT OK
SZJL OK
SZLI OK
SZTI OK
SZLT OK
SZLJ OK
SZTO OK
SJIO OK
SJIT OK
SZLO OK
SJIZ OK
SJIL OK
SJOI OK
SJOT OK
SJOZ OK
SJOL OK
SJTI OK
SJTO OK
SJTZ OK
SJTL OK
SJZI OK
SJZT OK
SJLI OK
SJZL OK
SJLT OK
SJLO OK
SJZO OK
SLIO OK
SLIT OK
SJLZ OK
SLIZ OK
SLIJ OK
SLOI OK
SLOT OK
SLTI OK
SLOJ OK
SLTO OK
SLTJ OK
SLTZ OK
SLZI OK
SLOZ OK
SLZT OK
SLJI OK
SLZJ OK
SLJT OK
SLJO OK
SLZO OK
SLJZ OK
ZIOJ OK
ZIOL OK
ZITO OK
ZITJ OK
ZITL OK
ZIOT OK
ZIOS OK
ZITS OK
ZISJ OK
ZISL OK
ZIJO OK
ZIJT OK
ZIJS OK
ZIJL OK
ZILO OK
ZILT OK
ZILS OK
ZILJ OK
ZOIT OK
ZIST OK
ZOIS OK
ZOIJ OK
ZOIL OK
ZOTI OK
ZISO OK
ZOTJ OK
ZOTL OK
ZOSI OK
ZOSJ OK
ZOSL OK
ZOJI OK
ZOJT OK
ZOJS OK
ZOJL OK
ZOLI OK
ZOLT OK
ZOTS OK
ZOLS OK
ZOLJ OK
ZTIO OK
ZOST OK
ZTIJ OK
ZTIL OK
ZTOI OK
ZTOJ OK
ZTOL OK
ZTIS OK
ZTSJ OK
ZTSL OK
ZTJI OK
ZTSO OK
ZTSI OK
ZTJO OK
ZTJL OK
ZTJS OK
ZTOS OK
ZTLI OK
ZTLO OK
ZTLS OK
ZTLJ OK
ZSIJ OK
ZSIL OK
ZSIT OK
ZSIO OK
ZSOI OK
ZSOJ OK
ZSOT OK
ZSOL OK
ZSTJ OK
ZSTL OK
ZSJI OK
ZSJO OK
ZSJT OK
ZSJL OK
ZSLI OK
ZSLT OK
ZSTI OK
ZSLO OK
ZSTO OK
ZSLJ OK
ZJIO OK
ZJIT OK
ZJIS OK
ZJIL OK
ZJOI OK
ZJOT OK
ZJTI OK
ZJOL OK
ZJTO OK
ZJTS OK
ZJTL OK
ZJSI OK
ZJST OK
ZJSL OK
ZJLI OK
ZJOS OK
ZJSO OK
ZJLT OK
ZJLO OK
ZLIO OK
ZLIT OK
ZLIS OK
ZJLS OK
ZLIJ OK
ZLOI OK
ZLOT OK
ZLTI OK
ZLOJ OK
ZLTO OK
ZLTS OK
ZLTJ OK
ZLSI OK
ZLOS OK
ZLST OK
ZLJI OK
ZLSJ OK
ZLJT OK
ZLJO OK
ZLSO OK
JIOT OK
JIOS OK
ZLJS OK
JIOZ OK
JIOL OK
JITO OK
JITS OK
JITZ OK
JITL OK
JIST OK
JISL OK
JISO OK
JIZT OK
JIZO OK
JISZ OK
JIZL OK
JILO OK
JILT OK
JILS OK
JOIT OK
JILZ OK
JOIS OK
JOIZ OK
JOIL OK
JOTI OK
JOTS OK
JOTZ OK
JOTL OK
JIZS OK
JOSI OK
JOST OK
JOZI OK
JOZT OK
JOSL OK
JOZL OK
JOLI OK
JOLT OK
JOLS OK
JOSZ OK
JOLZ OK
JTIO OK
JTIS OK
JTIZ OK
JTIL OK
JTOI OK
JTOS OK
JTOL OK
JTOZ OK
JTSI OK
JTSO OK
JTSL OK
JOZS OK
JTZI OK
JTSZ OK
JTZO OK
JTZL OK
JTLI OK
JTLO OK
JTZS OK
JTLS OK
JTLZ OK
JSIO OK
JSIT OK
JSIZ OK
JSIL OK
JSOI OK
JSOT OK
JSOL OK
JSTI OK
JSTO OK
JSTZ OK
JSZI OK
JSTL OK
JSOZ OK
JSZT OK
JSLI OK
JSLO OK
JSZL OK
JSLT OK
JSLZ OK
JZIT OK
JZIO OK
JSZO OK
JZIL OK
JZOT OK
JZOI OK
JZIS OK
JZTI OK
JZOL OK
JZTO OK
JZTL OK
JZTS OK
JZST OK
JZSI OK
JZOS OK
JZLI OK
JZSL OK
JZLO OK
JZLT OK
JZLS OK
JLIO OK
JLIT OK
JLIS OK
JLIZ OK
JLOI OK
JLOT OK
JLOS OK
JLOZ OK
JZSO OK
JLTI OK
JLTO OK
JLTS OK
JLTZ OK
JLSI OK
JLSO OK
JLST OK
JLZI OK
JLZT OK
JLZO OK
LIOT OK
LIOS OK
JLZS OK
LIOZ OK
LIOJ OK
LITO OK
LITS OK
LITZ OK
JLSZ OK
LITJ OK
LIST OK
LISJ OK
LISO OK
LIZT OK
LIZO OK
LIZJ OK
LIJO OK
LIJT OK
LIJS OK
LIJZ OK
LISZ OK
LOIT OK
LOIS OK
LOIZ OK
LOIJ OK
LOTI OK
LOTS OK
LOTZ OK
LOTJ OK
LOSI OK
LOST OK
LIZS OK
LOZI OK
LOZT OK
LOSJ OK
LOSZ OK
LOJI OK
LOZJ OK
LOJT OK
LOJS OK
LOJZ OK
LOZS OK
LTIO OK
LTIS OK
LTIZ OK
LTIJ OK
LTOI OK
LTOJ OK
LTSI OK
LTOZ OK
LTOS OK
LTSO OK
LTSJ OK
LTZI OK
LTSZ OK
LTZO OK
LTJI OK
LTZS OK
LTZJ OK
LTJO OK
LTJS OK
LTJZ OK
LSIO OK
LSIT OK
LSIJ OK
LSIZ OK
LSOT OK
LSOI OK
LSOJ OK
LSTI OK
LSTO OK
LSTJ OK
LSOZ OK
LSTZ OK
LSZI OK
LSZT OK
LSZJ OK
LSJI OK
LSJO OK
LSJT OK
LSJZ OK
LSZO OK
LZIO OK
LZIT OK
LZIS OK
LZIJ OK
LZOI OK
LZOT OK
LZTI OK
LZTO OK
LZOJ OK
LZTS OK
LZTJ OK
LZSI OK
LZOS OK
LZST OK
LZJI OK
LZSJ OK
LZJO OK
LZJT OK
LZJS OK
LJIO OK
LZSO OK
LJIT OK
LJIS OK
LJIZ OK
LJOI OK
LJOS OK
LJOT OK
LJOZ OK
LJTI OK
LJTO OK
LJTS OK
LJTZ OK
LJSI OK
LJST OK
LJSO OK
LJZI OK
LJZT OK
LJZO OK
LJZS OK
LJSZ OK
