IOTS OK
IOTJ OK
IOTL OK
IOTZ OK
IOSJ OK
IOSL OK
IOST OK
IOSZ OK
IOZJ OK
IOZL OK
IOJT OK
IOJS OK
IOJZ OK
IOJL OK
IOLT OK
IOLS OK
IOLZ OK
IOLJ OK
ITOS OK
ITOZ OK
IOZT OK
ITOJ OK
ITOL OK
ITSO OK
ITSJ OK
ITSL OK
ITZO OK
IOZS OK
ITZJ OK
ITZL OK
ITJO OK
ITJS OK
ITJZ OK
ITJL OK
ITLO OK
ITLS OK
ITLZ OK
ITLJ OK
ITSZ OK
ISOJ OK
ITZS OK
ISOL OK
ISTO OK
ISTJ OK
ISTL OK
ISOT OK
ISOZ OK
ISZJ OK
ISZL OK
ISJO OK
ISTZ OK
ISJT OK
ISJZ OK
ISJL OK
ISLO OK
ISLT OK
ISZT OK
ISLZ OK
ISLJ OK
IZOJ OK
IZOL OK
IZTO OK
ISZO OK
IZTJ OK
IZOT OK
IZTL OK
IZOS OK
IZSJ OK
IZTS OK
IZSL OK
IZJO OK
IZJT OK
IZJS OK
IZJL OK
IZLO OK
IZLT OK
IZLS OK
IZLJ OK
IZST OK
IJOT OK
IJOS OK
IJOZ OK
IJOL OK
IJTO OK
IJTS OK
IJTZ OK
IJTL OK
IJST OK
IZSO OK
IJSO OK
IJSL OK
IJZT OK
IJSZ OK
IJZO OK
IJZL OK
IJLO OK
IJLT OK
IJLS OK
IJLZ OK
ILOT OK
ILOS OK
ILOZ OK
ILOJ OK
ILTO OK
ILTS OK
ILTZ OK
ILTJ OK
ILSO OK
ILST OK
ILSJ OK
IJZS OK
ILZO OK
ILZT OK
ILZJ OK
ILZS OK
ILJO OK
ILJT OK
ILJS OK
ILSZ OK
ILJZ OK
OITS OK
OITJ OK
OITZ OK
OITL OK
OISJ OK
OIST OK
OISL OK
OIZT OK
OIZS OK
OIZJ OK
OIZL OK
OIJT OK
OIJS OK
OIJZ OK
OIJL OK
OILT OK
OILS OK
OILZ OK
OILJ OK
OISZ OK
OTIS OK
OTIZ OK
OTIJ OK
OTIL OK
OTSI OK
OTSJ OK
OTSL OK
OTZI OK
OTZJ OK
OTZL OK
OTJI OK
OTJS OK
OTJZ OK
OTJL OK
OTLI OK
OTLS OK
OTLZ OK
OTLJ OK
OSIT OK
OTSZ OK
OSIJ OK
OSIL OK
OSIZ OK
OSTI OK
OSTJ OK
OSTL OK
OTZS OK
OSZI OK
OSTZ OK
OSZJ OK
OSJI OK
OSJT OK
OSZL OK
OSJZ OK
OSLI OK
OSJL OK
OSLT OK
OSLJ OK
OZIT OK
OSZT OK
OSLZ OK
OZIS OK
OZIJ OK
OZIL OK
OZTI OK
OZTJ OK
OZTL OK
OZSI OK
OZSJ OK
OZSL OK
OZJI OK
OZJT OK
OZJS OK
OZJL OK
OZLI OK
OZLT OK
OZLJ OK
OZLS OK
OJIT OK
OJIS OK
OZTS OK
OZST OK
OJIZ OK
OJIL OK
OJTI OK
OJTS OK
OJTZ OK
OJTL OK
OJSI OK
OJST OK
OJZI OK
OJSL OK
OJZT OK
OJLI OK
OJZL OK
OJSZ OK
OJLT OK
OJLS OK
OJLZ OK
OLIT OK
OLIS OK
OLIZ OK
OLIJ OK
OLTI OK
OLTS OK
OLTZ OK
OLTJ OK
OLSI OK
OLST OK
OLZI OK
OLZT OK
OLSZ OK
OLSJ OK
OLZJ OK
OLJI OK
OLJT OK
OLJS OK
OLZS OK
OLJZ OK
TIOS OK
TIOZ OK
TIOJ OK
TIOL OK
TISO OK
TISJ OK
TISL OK
OJZS OK
TIZO OK
TIZJ OK
TIZL OK
TIJO OK
TIJS OK
TIJZ OK
TIJL OK
TILO OK
TILS OK
TILZ OK
TILJ OK
TOIS OK
TOIZ OK
TOIJ OK
TOIL OK
TOSI OK
TOSJ OK
TOSL OK
TISZ OK
TOZI OK
TOZJ OK
TIZS OK
TOZL OK
TOJI OK
TOJS OK
TOJZ OK
TOJL OK
TOLI OK
TOLS OK
TOLZ OK
TOLJ OK
TSIO OK
TOSZ OK
TSIJ OK
TSIL OK
TSOI OK
TSOJ OK
TSOL OK
TOZS OK
TSIZ OK
TSZJ OK
TSOZ OK
TSJI OK
TSZL OK
TSJO OK
TSJZ OK
TSJL OK
TSLI OK
TSLO OK
TSLZ OK
TSZI OK
TSLJ OK
TZIO OK
TZIJ OK
TZIL OK
TZOI OK
TZOJ OK
TSZO OK
TZOL OK
TZIS OK
TZSJ OK
TZSL OK
TZJI OK
TZSI OK
TZSO OK
TZJO OK
TZJL OK
TZLI OK
TZJS OK
TZOS OK
TZLO OK
TZLS OK
TZLJ OK
TJIO OK
TJIL OK
TJIZ OK
TJIS OK
TJOI OK
TJOL OK
TJSI OK
TJOS OK
TJOZ OK
TJSO OK
TJZI OK
TJSL OK
TJSZ OK
TJZO OK
TJZL OK
TJLI OK
TJZS OK
TJLO OK
TJLS OK
TJLZ OK
TLIO OK
TLIS OK
TLIZ OK
TLIJ OK
TLOI OK
TLOS OK
TLOJ OK
TLOZ OK
TLSI OK
TLSJ OK
TLZI OK
TLSO OK
TLSZ OK
TLZJ OK
TLJI OK
TLZO OK
TLZS OK
TLJO OK
TLJS OK
TLJZ OK
SIOJ OK
SIOL OK
SITO OK
SITJ OK
SITL OK
SIOT OK
SIOZ OK
SITZ OK
SIZJ OK
SIZL OK
SIJO OK
SIJT OK
SIJZ OK
SIJL OK
SILO OK
SILT OK
SILZ OK
SILJ OK
SOIT OK
SIZT OK
SOIJ OK
SOIL OK
SOTI OK
SOTJ OK
SOIZ OK
SOTL OK
SIZO OK
SOZI OK
SOTZ OK
SOJI OK
SOJT OK
SOZJ OK
SOZL OK
SOJZ OK
SOLI OK
SOJL OK
SOLT OK
SOLJ OK
STIO OK
SOZT OK
STIJ OK
SOLZ OK
STIL OK
STOI OK
STOJ OK
STOL OK
STIZ OK
STZJ OK
STOZ OK
STJI OK
STZL OK
STJO OK
STJZ OK
STZI OK
STJL OK
STLI OK
STLO OK
STLJ OK
STLZ OK
STZO OK
SZIJ OK
SZIL OK
SZIT OK
SZIO OK
SZOJ OK
SZOI OK
SZOT OK
SZOL OK
SZTJ OK
SZTL OK
SZJI OK
SZJO OK
SZJT OK
SZJL OK
SZLI OK
SZTI OK
SZLT OK
SZLO OK
SZLJ OK
SJIO OK
SZTO OK
SJIT OK
SJIZ OK
SJIL OK
SJOI OK
SJOT OK
SJOZ OK
SJOL OK
SJTI OK
SJTO OK
SJTZ OK
SJTL OK
SJZI OK
SJZT OK
SJLI OK
SJZL OK
SJLT OK
SJLO OK
SJZO OK
SLIO OK
SLIT OK
SJLZ OK
SLIZ OK
SLIJ OK
SLOI OK
SLOT OK
SLTI OK
SLOJ OK
SLTO OK
SLTJ OK
SLOZ OK
SLTZ OK
SLZI OK
SLZT OK
SLJI OK
SLZJ OK
SLJT OK
SLJO OK
SLZO OK
SLJZ OK
ZIOJ OK
ZIOL OK
ZITO OK
ZITJ OK
ZITL OK
ZIOT OK
ZIOS OK
ZITS OK
ZISL OK
ZISJ OK
ZIJO OK
ZIJT OK
ZIJL OK
ZIJS OK
ZILO OK
ZILT OK
ZILS OK
ZILJ OK
ZIST OK
ZOIT OK
ZOIS OK
ZOIJ OK
ZOIL OK
ZISO OK
ZOTI OK
ZOTJ OK
ZOTL OK
ZOSI OK
ZOSJ OK
ZOSL OK
ZOJI OK
ZOJT OK
ZOJS OK
ZOJL OK
ZOLI OK
ZOLT OK
ZOLS OK
ZOLJ OK
ZOTS OK
ZTIO OK
ZOST OK
ZTIJ OK
ZTIL OK
ZTOI OK
ZTOJ OK
ZTOL OK
ZTIS OK
ZTSJ OK
ZTSL OK
ZTSI OK
ZTJI OK
ZTSO OK
ZTJO OK
ZTOS OK
ZTJS OK
ZTLI OK
ZTJL OK
ZTLO OK
ZTLS OK
ZTLJ OK
ZSIJ OK
ZSIL OK
ZSIT OK
ZSIO OK
ZSOI OK
ZSOJ OK
ZSOL OK
ZSOT OK
ZSTJ OK
ZSTL OK
ZSJI OK
ZSJO OK
ZSJT OK
ZSJL OK
ZSLI OK
ZSTI OK
ZSLT OK
ZSTO OK
ZSLO OK
ZSLJ OK
ZJIO OK
ZJIT OK
ZJIS OK
ZJIL OK
ZJOT OK
ZJOI OK
ZJOL OK
ZJTI OK
ZJTO OK
ZJTS OK
ZJTL OK
ZJOS OK
ZJST OK
ZJSL OK
ZJSI OK
ZJLI OK
ZJLT OK
ZJSO OK
ZJLO OK
ZLIO OK
ZJLS OK
ZLIT OK
ZLIS OK
ZLIJ OK
ZLOI OK
ZLOT OK
ZLOJ OK
ZLTI OK
ZLTO OK
ZLTS OK
ZLTJ OK
ZLSI OK
ZLOS OK
ZLST OK
ZLJI OK
ZLSJ OK
ZLJT OK
ZLJO OK
ZLSO OK
JIOT OK
ZLJS OK
JIOS OK
JIOZ OK
JIOL OK
JITO OK
JITS OK
JITZ OK
JITL OK
JIST OK
JISL OK
JISO OK
JIZT OK
JIZO OK
JISZ OK
JIZL OK
JILO OK
JILT OK
JILS OK
JILZ OK
JOIT OK
JOIS OK
JOIZ OK
JOIL OK
JOTI OK
JOTS OK
JOTZ OK
JOTL OK
JOSI OK
JOST OK
JOSL OK
JOZI OK
JOZT OK
JIZS OK
JOZL OK
JOLI OK
JOSZ OK
JOLT OK
JOLS OK
JOLZ OK
JTIO OK
JTIS OK
JTIZ OK
JTIL OK
JTOI OK
JTOS OK
JTOZ OK
JTOL OK
JTSI OK
JTSO OK
JTSL OK
JTSZ OK
JTZI OK
JTZO OK
JTZL OK
JTLI OK
JTLO OK
JTZS OK
JTLS OK
JTLZ OK
JSIO OK
JSIT OK
JSIZ OK
JSIL OK
JSOI OK
JSOT OK
JSOL OK
JSTI OK
JSTO OK
JSTZ OK
JSTL OK
JSOZ OK
JSZI OK
JOZS OK
JSZT OK
JSZL OK
JSLI OK
JSLO OK
JSLT OK
JSLZ OK
JZIT OK
JSZO OK
JZIO OK
JZIL OK
JZOT OK
JZOI OK
JZOL OK
JZTI OK
JZTO OK
JZTS OK
JZIS OK
JZTL OK
JZST OK
JZSL OK
JZSI OK
JZLI OK
JZLO OK
JZLT OK
JLIO OK
JZLS OK
JLIT OK
JLIS OK
JLIZ OK
JLOI OK
JLOT OK
JLOS OK
JLOZ OK
JLTI OK
JLTO OK
JLTS OK
JLTZ OK
JLSI OK
JLSO OK
JLST OK
JLZI OK
JZOS OK
JLZT OK
JLZO OK
LIOT OK
LIOS OK
JLSZ OK
JLZS OK
LIOZ OK
LIOJ OK
LITO OK
LITS OK
LITZ OK
LITJ OK
JZSO OK
LIST OK
LISJ OK
LISO OK
LIZT OK
LIZO OK
LIZJ OK
LIJO OK
LIJT OK
LISZ OK
LIJS OK
LIJZ OK
LOIT OK
LOIS OK
LOIZ OK
LOIJ OK
LOTI OK
LOTS OK
LOTJ OK
LOTZ OK
LOSI OK
LOST OK
LIZS OK
LOZI OK
LOZT OK
LOSJ OK
LOSZ OK
LOJI OK
LOZJ OK
LOJT OK
LOJS OK
LOJZ OK
LOZS OK
LTIO OK
LTIS OK
LTIZ OK
LTIJ OK
LTOI OK
LTOJ OK
LTSI OK
LTOS OK
LTOZ OK
LTSJ OK
LTSO OK
LTZI OK
LTSZ OK
LTZJ OK
LTJI OK
LTZO OK
LTZS OK
LTJO OK
LTJS OK
LTJZ OK
LSIT OK
LSIO OK
LSIZ OK
LSIJ OK
LSOI OK
LSOT OK
LSTI OK
LSOJ OK
LSTO OK
LSTJ OK
LSTZ OK
LSZI OK
LSOZ OK
LSZT OK
LSJI OK
LSZJ OK
LSJO OK
LSJT OK
LSJZ OK
LSZO OK
LZIO OK
LZIT OK
LZIS OK
LZIJ OK
LZOI OK
LZOT OK
LZTI OK
LZOJ OK
LZTO OK
LZTS OK
LZTJ OK
LZSI OK
LZOS OK
LZST OK
LZJI OK
LZSJ OK
LZJO OK
LZJT OK
LZJS OK
LJIO OK
LJIT OK
LZSO OK
LJIS OK
LJIZ OK
LJOI OK
LJOT OK
LJOS OK
LJOZ OK
LJTI OK
LJTO OK
LJTS OK
LJTZ OK
LJSI OK
LJSO OK
LJST OK
LJZI OK
LJZT OK
LJZO OK
LJZS OK
LJSZ OK
