IOTJ OK
IOTL OK
IOTZ OK
IOTS OK
IOSJ OK
IOSL OK
IOST OK
IOZT OK
IOZJ OK
IOZL OK
IOJT OK
IOJS OK
IOJZ OK
IOJL OK
IOLT OK
IOSZ OK
IOLS OK
IOLZ OK
IOLJ OK
ITOS OK
ITOZ OK
ITOJ OK
ITOL OK
ITSO OK
ITSJ OK
ITSL OK
ITZO OK
ITZJ OK
ITZL OK
ITJO OK
ITJS OK
ITJZ OK
ITJL OK
ITLO OK
ITLS OK
ITLZ OK
ITLJ OK
ITZS OK
IOZS OK
ISOJ OK
ISOL OK
ISTO OK
ISOT OK
ITSZ OK
ISTJ OK
ISTL OK
ISTZ OK
ISZJ OK
ISZL OK
ISJO OK
ISZT OK
ISJT OK
ISJZ OK
ISJL OK
ISLO OK
ISLT OK
ISLZ OK
ISLJ OK
IZOT OK
IZOJ OK
IZOL OK
IZTO OK
ISOZ CAP
IZTJ OK
IZTL OK
IZTS OK
IZOS OK
ISZO CAP
IZSJ OK
IZSL OK
IZJO OK
IZJT OK
IZJS OK
IZJL OK
IZLO OK
IZLT OK
IZLS OK
IZLJ OK
IJOT OK
IJOS OK
IJOZ OK
IZST OK
IJOL OK
IJTS OK
IJTO OK
IJTZ OK
IJTL OK
IJST OK
IJSO OK
IJSL OK
IJSZ OK
IJZT OK
IJZO OK
IJZL OK
IJLO OK
IJLT OK
IJLS OK
IJLZ OK
ILOT OK
ILOS OK
ILOZ OK
ILOJ OK
IJZS OK
ILTO OK
ILTS OK
ILTZ OK
ILTJ OK
IZSO OK
ILST OK
ILSJ OK
ILSO OK
ILZT OK
ILZO OK
ILZJ OK
ILJO OK
ILJT OK
ILJS OK
ILSZ OK
ILJZ OK
OITS OK
OITZ OK
OITJ OK
OITL OK
OIST OK
OISJ OK
OISL OK
ILZS OK
OIZT OK
OIZJ OK
OIZL OK
OIJT OK
OIJS OK
OISZ OK
OIJZ OK
OIJL OK
OILT OK
OILS OK
OILZ OK
OILJ OK
OTIS OK
OTIZ OK
OTIJ OK
OTIL OK
OTSI OK
OTSJ OK
OTSL OK
OTZI OK
OTZJ OK
OTZL OK
OTJI OK
OTJS OK
OTJZ OK
OTJL OK
OTLI OK
OTLS OK
OTLZ OK
OIZS OK
OTLJ OK
OSIT OK
OTSZ OK
OSIJ OK
OSIL OK
OSTI OK
OTZS OK
OSTJ OK
OSTL OK
OSIZ OK
OSZI OK
OSZJ OK
OSJI OK
OSZL OK
OSJT OK
OSJL OK
OSTZ OK
OSJZ OK
OSLI OK
OSLT OK
OSZT OK
OZIT OK
OSLJ OK
OZIJ OK
OZIL OK
OSLZ OK
OZTI OK
OZTJ OK
OZTL OK
OZSI OK
OZSJ OK
OZSL OK
OZJI OK
OZTS OK
OZJT OK
OZJS OK
OZJL OK
OZIS OK
OZLI OK
OZST OK
OZLT OK
OJIT OK
OJIS OK
OZLJ OK
OJIZ OK
OJIL OK
OJTI OK
OJTS OK
OJTZ OK
OJTL OK
OJSI OK
OZLS OK
OJST OK
OJZI OK
OJZT OK
OJSL OK
OJZL OK
OJSZ OK
OJLI OK
OJLT OK
OJLS OK
OJLZ OK
OLIT OK
OLIS OK
OLIZ OK
OLIJ OK
OLTS OK
OLTI OK
OLTZ OK
OLTJ OK
OLSI OK
OLST OK
OJZS OK
OLZI OK
OLZT OK
OLSJ OK
OLSZ OK
OLJI OK
OLZJ OK
OLJT OK
OLJS OK
OLJZ OK
TIOS OK
TIOZ OK
TIOJ OK
TIOL OK
TISO OK
OLZS OK
TISJ OK
TISL OK
TIZO OK
TIZJ OK
TIZL OK
TIJO OK
TIJS OK
TIJZ OK
TIJL OK
TILO OK
TILS OK
TILZ OK
TILJ OK
TOIS OK
TOIZ OK
TOIJ OK
TOIL OK
TOSI OK
TOSJ OK
TOSL OK
TOZI OK
TIZS OK
TOZJ OK
TOZL OK
TOJI OK
TOJS OK
TOJZ OK
TOSZ OK
TOJL OK
TOLI OK
TOLS OK
TOLZ OK
TOLJ OK
TSIO OK
TISZ OK
TSIJ OK
TSIL OK
TSOI OK
TSOJ OK
TSOL OK
TSOZ OK
TOZS OK
TSZJ OK
TSZL OK
TSJI OK
TSZO OK
TSJO OK
TSJZ OK
TSJL OK
TSLI OK
TSLO OK
TSLZ OK
TSLJ OK
TZIO OK
TSZI OK
TZIJ OK
TZIL OK
TZOI OK
TZOJ OK
TSIZ OK
TZOL OK
TZIS OK
TZSJ OK
TZSL OK
TZJI OK
TZSI OK
TZJO OK
TZSO OK
TZJL OK
TZOS OK
TZJS OK
TZLI OK
TZLO OK
TZLS OK
TZLJ OK
TJIO OK
TJIS OK
TJIZ OK
TJIL OK
TJOI OK
TJOL OK
TJOS OK
TJSI OK
TJOZ OK
TJSO OK
TJZI OK
TJSL OK
TJSZ OK
TJZL OK
TJZO OK
TJLI OK
TJLO OK
TJZS OK
TJLS OK
TJLZ OK
TLIO OK
TLIS OK
TLIZ OK
TLIJ OK
TLOI OK
TLOJ OK
TLSI OK
TLSO OK
TLOS OK
TLOZ OK
TLSJ OK
TLSZ OK
TLZI OK
TLZJ OK
TLJI OK
TLZO OK
TLZS OK
TLJO OK
TLJS OK
TLJZ OK
SIOJ OK
SIOL OK
SITO OK
SIOT OK
SITJ OK
SITL OK
SIOZ OK
SIZJ OK
SITZ OK
SIZL OK
SIJO OK
SIJT OK
SIJZ OK
SIJL OK
SIZT OK
SILO OK
SILT OK
SILZ OK
SILJ OK
SOIT OK
SOIJ OK
SOIL OK
SOTI OK
SOTJ OK
SIZO OK
SOIZ OK
SOTL OK
SOZI OK
SOZJ OK
SOJI OK
SOZL OK
SOJT OK
SOTZ OK
SOJL OK
SOLI OK
SOLT OK
SOJZ OK
SOZT OK
STIO OK
SOLJ OK
SOLZ OK
STIJ OK
STIL OK
STOI OK
STOJ OK
STOL OK
STIZ OK
STZJ OK
STOZ OK
STJI OK
STZI OK
STZL OK
STJO OK
STZO OK
STJL OK
STJZ OK
STLI OK
STLO OK
STLJ OK
STLZ OK
SZIJ OK
SZIL OK
SZIT OK
SZOJ OK
SZOT OK
SZIO OK
SZOL OK
SZOI OK
SZTJ OK
SZTL OK
SZJI OK
SZJO OK
SZJT OK
SZJL OK
SZLI OK
SZLT OK
SZLJ OK
SZLO OK
SJIO OK
SJIT OK
SJIZ OK
SJIL OK
SZTI OK
SJOI OK
SZTO OK
SJOT OK
SJTI OK
SJTO OK
SJOL OK
SJTZ OK
SJTL OK
SJZI OK
SJOZ OK
SJZT OK
SJZL OK
SJLI OK
SJLO OK
SJLT OK
SJZO OK
SJLZ OK
SLIO OK
SLIT OK
SLIZ OK
SLIJ OK
SLOI OK
SLOT OK
SLOJ OK
SLTI OK
SLTO OK
SLTJ OK
SLTZ OK
SLZI OK
SLOZ OK
SLZT OK
SLJI OK
SLZJ OK
SLJO OK
SLJT OK
SLJZ OK
SLZO OK
ZIOJ OK
ZIOL OK
ZITO OK
ZITJ OK
ZITL OK
ZIOT OK
ZIOS OK
ZITS OK
ZISJ OK
ZISL OK
ZIJO OK
ZIJT OK
ZIJL OK
ZIJS OK
ZIST OK
ZILO OK
ZILT OK
ZILS OK
ZILJ OK
ZOIT OK
ZOIJ OK
ZOIL OK
ZOTI OK
ZOTJ OK
ZOTL OK
ZISO OK
ZOSI OK
ZOTS OK
ZOSJ OK
ZOJI OK
ZOIS OK
ZOJT OK
ZOSL OK
ZOJS OK
ZOJL OK
ZOLI OK
ZOLT OK
ZOLJ OK
ZTIO OK
ZTIJ OK
ZOLS OK
ZOST OK
ZTIL OK
ZTOI OK
ZTOJ OK
ZTOL OK
ZTIS OK
ZTSJ OK
ZTSL OK
ZTJI OK
ZTSI OK
ZTJO OK
ZTJL OK
ZTJS OK
ZTOS OK
ZTLI OK
ZTLO OK
ZTLS OK
ZTLJ OK
ZTSO OK
ZSIJ OK
ZSIL OK
ZSIT OK
ZSOJ OK
ZSOT OK
ZSOL OK
ZSIO OK
ZSTJ OK
ZSOI OK
ZSTL OK
ZSJI OK
ZSJO OK
ZSJT OK
ZSLI OK
ZSJL OK
ZSLT OK
ZSLJ OK
ZSLO OK
ZJIO OK
ZJIT OK
ZSTO OK
ZJIS OK
ZJIL OK
ZJOI OK
ZSTI OK
ZJOT OK
ZJTI OK
ZJOL OK
ZJTO OK
ZJTL OK
ZJTS OK
ZJSI OK
ZJST OK
ZJSL OK
ZJOS OK
ZJLI OK
ZJSO OK
ZJLT OK
ZLIO OK
ZJLO OK
ZJLS OK
ZLIT OK
ZLIS OK
ZLIJ OK
ZLOI OK
ZLOT OK
ZLTI OK
ZLOJ OK
ZLTO OK
ZLTS OK
ZLTJ OK
ZLSI OK
ZLOS OK
ZLST OK
ZLSJ OK
ZLJI OK
ZLJO OK
ZLJT OK
ZLJS OK
ZLSO OK
JIOS OK
JIOT OK
JIOZ OK
JIOL OK
JITO OK
JITS OK
JITZ OK
JITL OK
JIST OK
JISO OK
JISL OK
JIZO OK
JIZT OK
JISZ OK
JIZL OK
JILO OK
JILT OK
JILZ OK
JILS OK
JOIT OK
JOIZ OK
JOIS OK
JOIL OK
JOTI OK
JOTS OK
JOTZ OK
JOTL OK
JOSI OK
JIZS OK
JOST OK
JOZI OK
JOZT OK
JOSL OK
JOZL OK
JOLI OK
JOLT OK
JOSZ OK
JOLS OK
JOLZ OK
JTIO OK
JTIS OK
JTIL OK
JTIZ OK
JTOI OK
JTOS OK
JTOZ OK
JTOL OK
JTSI OK
JOZS OK
JTSO OK
JTSL OK
JTZI OK
JTSZ OK
JTZO OK
JTLI OK
JTZL OK
JTZS OK
JTLO OK
JTLZ OK
JTLS OK
JSIT OK
JSIO OK
JSIL OK
JSIZ OK
JSOI OK
JSOT OK
JSOL OK
JSTI OK
JSTO OK
JSTL OK
JSTZ OK
JSZI OK
JSZT OK
JSOZ OK
JSLI OK
JSZL OK
JSLO OK
JSLT OK
JSLZ OK
JZIT OK
JZIO OK
JSZO OK
JZIL OK
JZOI OK
JZOT OK
JZIS OK
JZTI OK
JZOL OK
JZTO OK
JZTL OK
JZTS OK
JZST OK
JZOS OK
JZSL OK
JZLI OK
JZLO OK
JZSI OK
JZLT OK
JZLS OK
JLIO OK
JLIT OK
JLIS OK
JLIZ OK
JZSO OK
JLOI OK
JLOT OK
JLOS OK
JLOZ OK
JLTI OK
JLTO OK
JLTS OK
JLTZ OK
JLSI OK
JLSO OK
JLST OK
JLZI OK
JLZT OK
JLZO OK
JLZS OK
LIOT OK
LIOS OK
LIOJ OK
LIOZ OK
LITO OK
JLSZ OK
LITS OK
LITJ OK
LITZ OK
LIST OK
LISJ OK
LISO OK
LIZT OK
LIZO OK
LIZJ OK
LIJO OK
LIJT OK
LIJS OK
LIJZ OK
LISZ OK
LOIT OK
LOIS OK
LOIZ OK
LOIJ OK
LOTI OK
LOTS OK
LOTZ OK
LOTJ OK
LOSI OK
LOST OK
LOSJ OK
LIZS OK
LOZI OK
LOZT OK
LOZJ OK
LOJI OK
LOJT OK
LOSZ OK
LOJS OK
LOJZ OK
LTIO OK
LOZS OK
LTIS OK
LTIJ OK
LTIZ OK
LTOI OK
LTOJ OK
LTSI OK
LTOS OK
LTSO OK
LTOZ OK
LTSZ OK
LTSJ OK
LTZI OK
LTZJ OK
LTJI OK
LTZO OK
LTZS OK
LTJO OK
LTJS OK
LTJZ OK
LSIT OK
LSIO OK
LSIJ OK
LSIZ OK
LSOI OK
LSOT OK
LSOJ OK
LSTI OK
LSTO OK
LSTJ OK
LSTZ OK
LSZI OK
LSOZ OK
LSZT OK
LSJI OK
LSZJ OK
LSJO OK
LSJT OK
LSJZ OK
LZIO OK
LSZO OK
LZIT OK
LZIS OK
LZIJ OK
LZOI OK
LZOT OK
LZTI OK
LZOJ OK
LZTO OK
LZTS OK
LZTJ OK
LZSI OK
LZST OK
LZOS OK
LZSJ OK
LZJI OK
LZJO OK
LZJT OK
LZJS OK
LJIO OK
LZSO OK
LJIT OK
LJIS OK
LJIZ OK
LJOI OK
LJOT OK
LJOS OK
LJOZ OK
LJTI OK
LJTO OK
LJTS OK
LJTZ OK
LJSI OK
LJST OK
LJSO OK
LJZI OK
LJZT OK
LJZO OK
LJZS OK
LJSZ OK
