IOTL OK
IOTJ OK
IOTS OK
IOTZ OK
IOST OK
IOSL OK
IOSJ OK
IOZT OK
IOZJ OK
IOZL OK
IOJT OK
IOJS OK
IOJZ OK
IOJL OK
IOLT OK
IOLS OK
IOSZ OK
IOLZ OK
IOLJ OK
ITOJ OK
ITOS OK
ITOZ OK
ITOL OK
ITSJ OK
ITSL OK
ITSO OK
ITZO OK
ITZJ OK
ITZL OK
ITJO OK
ITSZ OK
ITJS OK
IOZS OK
ITJZ OK
ITJL OK
ITLO OK
ITLS OK
ITLZ OK
ITLJ OK
ISOJ OK
ISOL OK
ISTO OK
ITZS OK
ISTJ OK
ISTL OK
ISOT OK
ISOZ OK
ISTZ OK
ISZJ OK
ISZL OK
ISJO OK
ISJT OK
ISJZ OK
ISJL OK
ISLO OK
ISLT OK
ISZT OK
ISLJ OK
ISLZ OK
IZOJ OK
IZOL OK
IZTO OK
ISZO OK
IZTJ OK
IZTL OK
IZOT OK
IZTS OK
IZSJ OK
IZSL OK
IZJO OK
IZJT OK
IZST OK
IZOS OK
IZJL OK
IZJS OK
IZLT OK
IZLO OK
IZLS OK
IZLJ OK
IJOT OK
IJOS OK
IJOZ OK
IJOL OK
IJTO OK
IZSO OK
IJTS OK
IJTZ OK
IJTL OK
IJSO OK
IJST OK
IJSL OK
IJZT OK
IJZO OK
IJZL OK
IJLO OK
IJSZ OK
IJLT OK
IJLS OK
IJLZ OK
ILOT OK
ILOS OK
ILOZ OK
IJZS OK
ILOJ OK
ILTO OK
ILTS OK
ILTJ OK
ILTZ OK
ILST OK
ILSJ OK
ILSO OK
ILZO OK
ILZT OK
ILZJ OK
ILJO OK
ILZS OK
ILJT OK
ILJS OK
ILJZ OK
ILSZ OK
OITJ OK
OITS OK
OITZ OK
OITL OK
OIST OK
OISJ OK
OISL OK
OIZT OK
OIZJ OK
OIZS OK
OIZL OK
OIJT OK
OIJS OK
OIJZ OK
OIJL OK
OILT OK
OILS OK
OILZ OK
OILJ OK
OISZ OK
OTIJ OK
OTIS OK
OTIZ OK
OTIL OK
OTSI OK
OTSJ OK
OTSL OK
OTZI OK
OTZJ OK
OTZL OK
OTJI OK
OTJS OK
OTJZ OK
OTJL OK
OTLI OK
OTLS OK
OTLZ OK
OTLJ OK
OSIT OK
OTSZ OK
OSIJ OK
OSIL OK
OSTI OK
OSTJ OK
OSIZ OK
OSTL OK
OTZS OK
OSTZ OK
OSZI OK
OSJI OK
OSJT OK
OSZL OK
OSZJ OK
OSJZ OK
OSLI OK
OSJL OK
OSLT OK
OZIT OK
OSLZ OK
OSLJ OK
OZIS OK
OZIL OK
OZIJ OK
OSZT OK
OZTI OK
OZTJ OK
OZTL OK
OZSI OK
OZSJ OK
OZJI OK
OZSL OK
OZJT OK
OZJS OK
OZJL OK
OZLI OK
OZLT OK
OZLJ OK
OZLS OK
OJIT OK
OJIS OK
OZTS OK
OJIZ OK
OJIL OK
OZST OK
OJTI OK
OJTS OK
OJTZ OK
OJTL OK
OJSI OK
OJST OK
OJSL OK
OJZI OK
OJZT OK
OJZL OK
OJLI OK
OJSZ OK
OJLT OK
OJLS OK
OJLZ OK
OLIT OK
OLIS OK
OLIZ OK
OLIJ OK
OLTI OK
OLTS OK
OJZS OK
OLTZ OK
OLTJ OK
OLSI OK
OLST OK
OLZI OK
OLZT OK
OLSZ OK
OLSJ OK
OLJI OK
OLZJ OK
OLJT OK
OLJS OK
OLZS OK
OLJZ OK
TIOJ OK
TIOL OK
TIOS OK
TIOZ OK
TISJ OK
TISL OK
TISO OK
TIZJ OK
TIZO OK
TIJO OK
TIZL OK
TIJS OK
TIJZ OK
TIJL OK
TILO OK
TILS OK
TILZ OK
TILJ OK
TISZ OK
TOIS OK
TOIJ OK
TOIZ OK
TOIL OK
TOSI OK
TOSJ OK
TOSL OK
TOZI OK
TOZJ OK
TOZL OK
TOJI OK
TIZS OK
TOJS OK
TOSZ OK
TOJZ OK
TOJL OK
TOLI OK
TOLS OK
TOLZ OK
TOLJ OK
TSIO OK
TSIJ OK
TSIL OK
TSOI OK
TOZS OK
TSOJ OK
TSOL OK
TSIZ OK
TSZJ OK
TSOZ OK
TSJI OK
TSZL OK
TSJO OK
TSJL OK
TSJZ OK
TSLI OK
TSLO OK
TSZO OK
TSLJ OK
TSLZ OK
TZIJ OK
TSZI OK
TZIL OK
TZIO OK
TZOJ OK
TZOI OK
TZOL OK
TZIS OK
TZSJ OK
TZSO OK
TZSI OK
TZJI OK
TZJO OK
TZSL OK
TZOS OK
TZJS OK
TZJL OK
TZLI OK
TZLO OK
TZLJ OK
TJIO OK
TZLS OK
TJIS OK
TJIZ OK
TJIL OK
TJOI OK
TJOS OK
TJOZ OK
TJOL OK
TJSI OK
TJSO OK
TJZI OK
TJSZ OK
TJZO OK
TJSL OK
TJZS OK
TJLI OK
TJLO OK
TJZL OK
TLIO OK
TJLS OK
TJLZ OK
TLIJ OK
TLIS OK
TLOI OK
TLIZ OK
TLOJ OK
TLOS OK
TLOZ OK
TLSI OK
TLSO OK
TLSZ OK
TLSJ OK
TLZI OK
TLZO OK
TLJI OK
TLZJ OK
TLZS OK
TLJO OK
TLJS OK
TLJZ OK
SIOJ OK
SIOL OK
SITO OK
SITJ OK
SITL OK
SIOT OK
SIOZ OK
SITZ OK
SIZJ OK
SIZL OK
SIJO OK
SIJT OK
SIJZ OK
SIJL OK
SILO OK
SILT OK
SIZT OK
SILJ OK
SILZ OK
SOIT OK
SOIJ OK
SOIL OK
SOTI OK
SIZO OK
SOTJ OK
SOTL OK
SOIZ OK
SOZI OK
SOTZ OK
SOZJ OK
SOJI OK
SOZL OK
SOJT OK
SOJZ OK
SOJL OK
SOLI OK
SOLT OK
SOZT OK
STIO OK
SOLZ OK
SOLJ OK
STIJ OK
STIL OK
STOI OK
STOJ OK
STOL OK
STIZ OK
STOZ OK
STZJ OK
STZI OK
STZL OK
STJI OK
STJO OK
STJL OK
STJZ OK
STZO OK
STLI OK
STLO OK
STLJ OK
STLZ OK
SZIJ OK
SZIL OK
SZIT OK
SZOJ OK
SZIO OK
SZOL OK
SZOI OK
SZOT OK
SZTJ OK
SZTL OK
SZJI OK
SZJO OK
SZJT OK
SZJL OK
SZLI OK
SZTI OK
SZTO OK
SZLT OK
SZLJ OK
SZLO OK
SJIT OK
SJIO OK
SJIL OK
SJIZ OK
SJOI OK
SJOT OK
SJOZ OK
SJOL OK
SJTI OK
SJTO OK
SJTL OK
SJTZ OK
SJZI OK
SJZT OK
SJLI OK
SJZO OK
SJZL OK
SJLT OK
SJLO OK
SLIO OK
SLIT OK
SLIZ OK
SLIJ OK
SLOI OK
SLOT OK
SJLZ OK
SLTI OK
SLTO OK
SLOZ OK
SLOJ OK
SLTJ OK
SLTZ OK
SLZI OK
SLZT OK
SLZJ OK
SLJI OK
SLJT OK
SLZO OK
SLJO OK
SLJZ OK
ZIOJ OK
ZIOL OK
ZITO OK
ZITJ OK
ZITL OK
ZIOT OK
ZIOS OK
ZISJ OK
ZISL OK
ZITS OK
ZIJO OK
ZIJT OK
ZIJS OK
ZIJL OK
ZILT OK
ZILO OK
ZILJ OK
ZILS OK
ZOIT OK
ZIST OK
ZISO OK
ZOIS OK
ZOIJ OK
ZOIL OK
ZOTI OK
ZOTJ OK
ZOTL OK
ZOSI OK
ZOSJ OK
ZOSL OK
ZOJI OK
ZOJT OK
ZOJS OK
ZOJL OK
ZOLI OK
ZOLT OK
ZOLS OK
ZOLJ OK
ZOTS OK
ZTIO OK
ZTIJ OK
ZOST OK
ZTOI OK
ZTIL OK
ZTOJ OK
ZTOL OK
ZTSI OK
ZTIS OK
ZTSO OK
ZTSJ OK
ZTOS OK
ZTSL OK
ZTJI OK
ZTJO OK
ZTJS OK
ZTJL OK
ZTLI OK
ZTLJ OK
ZTLO OK
ZTLS OK
ZSIJ OK
ZSIL OK
ZSIT OK
ZSIO OK
ZSOJ OK
ZSOI OK
ZSOT OK
ZSOL OK
ZSTJ OK
ZSTL OK
ZSJI OK
ZSJO OK
ZSJT OK
ZSJL OK
ZSLI OK
ZSTI OK
ZSTO OK
ZSLT OK
ZSLJ OK
ZSLO OK
ZJIO OK
ZJIT OK
ZJIL OK
ZJIS OK
ZJOT OK
ZJOI OK
ZJTI OK
ZJOL OK
ZJTO OK
ZJTS OK
ZJTL OK
ZJOS OK
ZJST OK
ZJSI OK
ZJSL OK
ZJSO OK
ZJLI OK
ZJLO OK
ZJLS OK
ZJLT OK
ZLIO OK
ZLIJ OK
ZLIT OK
ZLIS OK
ZLOT OK
ZLOJ OK
ZLOI OK
ZLOS OK
ZLTI OK
ZLTO OK
ZLTJ OK
ZLTS OK
ZLST OK
ZLSJ OK
ZLSI OK
ZLSO OK
ZLJI OK
ZLJT OK
ZLJO OK
ZLJS OK
JIOT OK
JIOS OK
JIOZ OK
JIOL OK
JITO OK
JITS OK
JITZ OK
JITL OK
JIST OK
JISO OK
JISL OK
JIZT OK
JIZO OK
JILO OK
JIZL OK
JILT OK
JILS OK
JISZ OK
JILZ OK
JOIT OK
JOIS OK
JIZS OK
JOIZ OK
JOIL OK
JOTI OK
JOTS OK
JOTZ OK
JOTL OK
JOSI OK
JOST OK
JOSL OK
JOZI OK
JOZT OK
JOZL OK
JOLI OK
JOLT OK
JOSZ OK
JOLS OK
JTIO OK
JOLZ OK
JTIS OK
JTIZ OK
JTIL OK
JTOI OK
JTOS OK
JTOZ OK
JTOL OK
JTSI OK
JOZS OK
JTSO OK
JTZI OK
JTSZ OK
JTSL OK
JTZO OK
JTLI OK
JTLO OK
JTZS OK
JTZL OK
JTLS OK
JTLZ OK
JSIO OK
JSIT OK
JSIL OK
JSOT OK
JSOI OK
JSIZ OK
JSTI OK
JSTO OK
JSOL OK
JSOZ OK
JSTL OK
JSTZ OK
JSZT OK
JSLI OK
JSZO OK
JSZL OK
JSLT OK
JSZI OK
JSLO OK
JZIT OK
JZIO OK
JZIL OK
JSLZ OK
JZOI OK
JZOT OK
JZIS OK
JZTI OK
JZOL OK
JZTO OK
JZTS OK
JZTL OK
JZST OK
JZOS OK
JZLI OK
JZSL OK
JZSI OK
JZLO OK
JZLT OK
JZLS OK
JLIO OK
JLIT OK
JZSO OK
JLIS OK
JLOI OK
JLIZ OK
JLOT OK
JLTI OK
JLTO OK
JLTS OK
JLOS OK
JLOZ OK
JLTZ OK
JLSI OK
JLST OK
JLZI OK
JLZO OK
JLSO OK
JLZT OK
LIOT OK
LIOS OK
JLZS OK
LIOZ OK
LIOJ OK
LITO OK
LITS OK
LITZ OK
LITJ OK
LIST OK
LISO OK
LISJ OK
LIZO OK
LIZT OK
LISZ OK
LIZJ OK
LIJO OK
LIJT OK
LIJS OK
LIJZ OK
LOIT OK
LOIS OK
LOIZ OK
LOIJ OK
LOTI OK
LIZS OK
JLSZ OK
LOTS OK
LOSI OK
LOTZ OK
LOTJ OK
LOST OK
LOZI OK
LOZT OK
LOSJ OK
LOSZ OK
LOZS OK
LOZJ OK
LOJI OK
LOJT OK
LTIO OK
LOJS OK
LOJZ OK
LTIJ OK
LTOI OK
LTIS OK
LTIZ OK
LTOJ OK
LTOS OK
LTOZ OK
LTSI OK
LTSO OK
LTSZ OK
LTSJ OK
LTZI OK
LTZO OK
LTJI OK
LTZS OK
LTZJ OK
LTJO OK
LTJS OK
LSIO OK
LTJZ OK
LSIT OK
LSIZ OK
LSIJ OK
LSOI OK
LSOT OK
LSTI OK
LSTO OK
LSOZ OK
LSOJ OK
LSTJ OK
LSTZ OK
LSZI OK
LSZT OK
LSZJ OK
LSJI OK
LSJT OK
LSZO OK
LSJO OK
LZIO OK
LZIT OK
LZIJ OK
LSJZ OK
LZOT OK
LZOI OK
LZOJ OK
LZIS OK
LZOS OK
LZTI OK
LZTO OK
LZTJ OK
LZTS OK
LZST OK
LZSJ OK
LZJI OK
LZJO OK
LZSO OK
LZJT OK
LZJS OK
LJIO OK
LJIT OK
LZSI OK
LJIS OK
LJOI OK
LJIZ OK
LJOT OK
LJOS OK
LJTI OK
LJOZ OK
LJTO OK
LJTS OK
LJTZ OK
LJSI OK
LJST OK
LJZI OK
LJSO OK
LJZO OK
LJZT OK
LJZS OK
LJSZ OK
