IOTL OK
IOTJ OK
IOTS OK
IOTZ OK
IOST OK
IOSL OK
IOSJ OK
IOZT OK
IOZJ OK
IOZL OK
IOJT OK
IOJS OK
IOJZ OK
IOJL OK
IOLT OK
IOSZ OK
IOLS OK
IOLJ OK
IOLZ OK
ITOS OK
ITOJ OK
ITOL OK
ITOZ OK
ITSO OK
ITSJ OK
ITSL OK
ITZO OK
ITZJ OK
ITZL OK
ITJO OK
ITJS OK
ITJZ OK
ITSZ OK
ITJL OK
ITLO OK
ITLS OK
ITLZ OK
ITLJ OK
ISOT OK
ISOJ OK
ISOL OK
ITZS OK
ISTO OK
ISTJ OK
ISTL OK
IOZS OK
ISOZ OK
ISTZ OK
ISZL OK
ISZJ OK
ISJO OK
ISJT OK
ISJL OK
ISLO OK
ISJZ OK
ISZT OK
ISLT OK
ISLZ OK
ISLJ OK
IZOT OK
IZOJ OK
ISZO OK
IZOL OK
IZTO OK
IZTJ OK
IZTL OK
IZTS OK
IZSJ OK
IZSL OK
IZST OK
IZJO OK
IZJT OK
IZJS OK
IZJL OK
IZLO OK
IZLT OK
IZSO OK
IZLJ OK
IZLS OK
IJOT OK
IJOS OK
IJOZ OK
IJOL OK
IJTO OK
IJTS OK
IJTZ OK
IJTL OK
IJSO OK
IJST OK
IJSL OK
IJZO OK
IJZT OK
IJSZ OK
IJZL OK
IJLO OK
IJLT OK
IJLS OK
IZOS OK
IJLZ OK
ILOT OK
IJZS OK
ILOS OK
ILOZ OK
ILOJ OK
ILTO OK
ILTS OK
ILTZ OK
ILTJ OK
ILST OK
ILSJ OK
ILSO OK
ILZT OK
ILZO OK
ILZJ OK
ILJO OK
ILJT OK
ILJS OK
ILSZ OK
ILJZ OK
OITS OK
OITJ OK
OITZ OK
OITL OK
OIST OK
OISJ OK
ILZS OK
OISL OK
OIZT OK
OIZJ OK
OIZL OK
OIJT OK
OIJS OK
OIJZ OK
OISZ OK
OIJL OK
OILT OK
OILS OK
OILZ OK
OILJ OK
OTIS OK
OTIZ OK
OTIJ OK
OTIL OK
OTSI OK
OTSJ OK
OTSL OK
OTZI OK
OTZJ OK
OTZL OK
OTJI OK
OIZS OK
OTJS OK
OTJZ OK
OTJL OK
OTLI OK
OTLS OK
OTLZ OK
OTLJ OK
OSIT OK
OTSZ OK
OSIJ OK
OSIL OK
OSTI OK
OTZS OK
OSTJ OK
OSTL OK
OSIZ OK
OSZI OK
OSZJ OK
OSZL OK
OSJI OK
OSJT OK
OSTZ OK
OSJL OK
OSLI OK
OSJZ OK
OSLT OK
OSZT OK
OZIT OK
OSLJ OK
OSLZ OK
OZIJ OK
OZIL OK
OZTI OK
OZTJ OK
OZTL OK
OZSI OK
OZSJ OK
OZIS OK
OZJI OK
OZJT OK
OZSL OK
OZTS OK
OZJS OK
OZJL OK
OZLI OK
OZLT OK
OZLJ OK
OZST OK
OJIT OK
OJIS OK
OJIZ OK
OJIL OK
OJTI OK
OZLS OK
OJTS OK
OJTZ OK
OJTL OK
OJSI OK
OJST OK
OJSL OK
OJZT OK
OJZI OK
OJSZ OK
OJLI OK
OJZL OK
OJLT OK
OJLS OK
OJLZ OK
OLIT OK
OLIS OK
OLIJ OK
OLIZ OK
OLTI OK
OLTS OK
OJZS OK
OLTZ OK
OLTJ OK
OLSI OK
OLST OK
OLZI OK
OLZT OK
OLSZ OK
OLSJ OK
OLJI OK
OLZJ OK
OLJT OK
OLJS OK
OLJZ OK
OLZS OK
TIOJ OK
TIOS OK
TIOL OK
TIOZ OK
TISJ OK
TISL OK
TISO OK
TIZJ OK
TIZO OK
TIZL OK
TIJO OK
TIJS OK
TIJZ OK
TIJL OK
TILO OK
TILS OK
TILZ OK
TILJ OK
TOIS OK
TOIZ OK
TOIJ OK
TISZ OK
TOIL OK
TOSI OK
TOSJ OK
TOSL OK
TOZI OK
TOZJ OK
TOZL OK
TIZS OK
TOJI OK
TOJS OK
TOJZ OK
TOJL OK
TOLI OK
TOLS OK
TOLZ OK
TOLJ OK
TOSZ OK
TSIO OK
TSIJ OK
TSIL OK
TSOI OK
TSOJ OK
TSOL OK
TSOZ OK
TOZS OK
TSIZ OK
TSZJ OK
TSZL OK
TSJI OK
TSZO OK
TSJO OK
TSJL OK
TSJZ OK
TSLI OK
TSLO OK
TSLJ OK
TSLZ OK
TZIO OK
TZIJ OK
TZIL OK
TSZI OK
TZOI OK
TZOJ OK
TZOL OK
TZIS OK
TZSJ OK
TZSL OK
TZJI OK
TZSI OK
TZJO OK
TZJL OK
TZSO OK
TZJS OK
TZOS OK
TZLI OK
TZLJ OK
TZLO OK
TZLS OK
TJIO OK
TJIS OK
TJIZ OK
TJIL OK
TJOI OK
TJOL OK
TJSI OK
TJOS OK
TJOZ OK
TJSL OK
TJSO OK
TJZI OK
TJSZ OK
TJZL OK
TJZO OK
TJLI OK
TJLS OK
TJLO OK
TJZS OK
TJLZ OK
TLIO OK
TLIJ OK
TLOI OK
TLIS OK
TLIZ OK
TLOJ OK
TLSI OK
TLOS OK
TLSO OK
TLOZ OK
TLSJ OK
TLSZ OK
TLZI OK
TLZO OK
TLZJ OK
TLJI OK
TLZS OK
TLJO OK
TLJS OK
TLJZ OK
SIOJ OK
SIOL OK
SITO OK
SIOT OK
SITJ OK
SITL OK
SIOZ OK
SIZJ OK
SITZ OK
SIZL OK
SIJO OK
SIJT OK
SIJL OK
SIZT OK
SILO OK
SILT OK
SIJZ OK
SIZO OK
SILJ OK
SILZ OK
SOIT OK
SOIJ OK
SOIL OK
SOTI OK
SOTJ OK
SOTL OK
SOIZ OK
SOZI OK
SOZJ OK
SOJI OK
SOZL OK
SOJT OK
SOTZ OK
SOJL OK
SOLI OK
SOJZ OK
SOLT OK
SOZT OK
STIO OK
STIJ OK
SOLZ OK
SOLJ OK
STIL OK
STOI OK
STOJ OK
STOL OK
STIZ OK
STOZ OK
STZJ OK
STZI OK
STZL OK
STJI OK
STZO OK
STJL OK
STJO OK
STLI OK
STJZ OK
STLJ OK
STLO OK
STLZ OK
SZIJ OK
SZIL OK
SZIT OK
SZOJ OK
SZIO OK
SZOT OK
SZOL OK
SZOI OK
SZTJ OK
SZTL OK
SZJI OK
SZJO OK
SZJT OK
SZJL OK
SZLI OK
SZLT OK
SZLJ OK
SZLO OK
SZTI OK
SJIO OK
SJIT OK
SJIL OK
SZTO OK
SJOT OK
SJOI OK
SJIZ OK
SJTI OK
SJOL OK
SJTO OK
SJTL OK
SJTZ OK
SJOZ OK
SJZT OK
SJLI OK
SJZO OK
SJZL OK
SJLT OK
SJZI OK
SJLO OK
SLIO OK
SLIT OK
SLIJ OK
SLIZ OK
SLOI OK
SLOT OK
SJLZ OK
SLTI OK
SLTO OK
SLOZ OK
SLOJ OK
SLTJ OK
SLTZ OK
SLZI OK
SLZJ OK
SLZT OK
SLJI OK
SLJT OK
SLJO OK
SLJZ OK
SLZO OK
ZIOL OK
ZIOJ OK
ZITO OK
ZITJ OK
ZITL OK
ZIOT OK
ZIOS OK
ZISJ OK
ZITS OK
ZISL OK
ZIJO OK
ZIJT OK
ZIJS OK
ZIJL OK
ZILO OK
ZILT OK
ZIST OK
ZILJ OK
ZILS OK
ZOIT OK
ZOIJ OK
ZOIL OK
ZISO OK
ZOTI OK
ZOTJ OK
ZOTL OK
ZOSI OK
ZOSJ OK
ZOIS OK
ZOJI OK
ZOJT OK
ZOSL OK
ZOTS OK
ZOJS OK
ZOJL OK
ZOLI OK
ZOLT OK
ZOLJ OK
ZOST OK
ZTIJ OK
ZTIO OK
ZOLS OK
ZTIL OK
ZTOI OK
ZTOJ OK
ZTOL OK
ZTIS OK
ZTSJ OK
ZTSL OK
ZTJI OK
ZTSI OK
ZTJO OK
ZTOS OK
ZTJS OK
ZTJL OK
ZTLI OK
ZTLO OK
ZTLJ OK
ZTLS OK
ZTSO OK
ZSIJ OK
ZSIL OK
ZSIT OK
ZSOJ OK
ZSIO OK
ZSOL OK
ZSOI OK
ZSOT OK
ZSTJ OK
ZSTL OK
ZSJI OK
ZSJO OK
ZSJT OK
ZSJL OK
ZSLI OK
ZSLT OK
ZSTI OK
ZSLO OK
ZSLJ OK
ZJIO OK
ZJIT OK
ZJIS OK
ZJIL OK
ZSTO OK
ZJOT OK
ZJOI OK
ZJOL OK
ZJTI OK
ZJTO OK
ZJTS OK
ZJTL OK
ZJOS OK
ZJSI OK
ZJST OK
ZJSO OK
ZJLI OK
ZJLO OK
ZJSL OK
ZJLT OK
ZJLS OK
ZLIO OK
ZLIJ OK
ZLIT OK
ZLIS OK
ZLOT OK
ZLOJ OK
ZLOI OK
ZLTI OK
ZLTO OK
ZLTJ OK
ZLTS OK
ZLOS OK
ZLSI OK
ZLSJ OK
ZLST OK
ZLJI OK
ZLJO OK
ZLJT OK
ZLJS OK
ZLSO OK
JIOT OK
JIOL OK
JIOS OK
JITO OK
JIOZ OK
JITS OK
JITZ OK
JITL OK
JISO OK
JISL OK
JIST OK
JIZO OK
JIZT OK
JIZL OK
JILO OK
JILT OK
JISZ OK
JILS OK
JOIT OK
JILZ OK
JIZS OK
JOIL OK
JOIS OK
JOIZ OK
JOTI OK
JOTS OK
JOTZ OK
JOTL OK
JOSI OK
JOST OK
JOZI OK
JOSL OK
JOZT OK
JOZL OK
JOLI OK
JOSZ OK
JOLT OK
JOLS OK
JOLZ OK
JTIO OK
JTIS OK
JTIZ OK
JTIL OK
JTOI OK
JTOS OK
JTOZ OK
JTOL OK
JOZS OK
JTSI OK
JTSO OK
JTZI OK
JTSZ OK
JTSL OK
JTZO OK
JTLI OK
JTZS OK
JTLO OK
JTZL OK
JTLS OK
JTLZ OK
JSIO OK
JSIT OK
JSIL OK
JSOT OK
JSOI OK
JSIZ OK
JSTI OK
JSOL OK
JSTO OK
JSTL OK
JSTZ OK
JSOZ OK
JSZT OK
JSLI OK
JSZO OK
JSLO OK
JSLT OK
JSZL OK
JSZI OK
JZIT OK
JZIO OK
JZIL OK
JZOI OK
JSLZ OK
JZOT OK
JZIS OK
JZTI OK
JZOL OK
JZTO OK
JZTS OK
JZTL OK
JZST OK
JZOS OK
JZSL OK
JZLI OK
JZSI OK
JZLO OK
JZLT OK
JZLS OK
JLIO OK
JLIT OK
JZSO OK
JLOI OK
JLIS OK
JLIZ OK
JLOT OK
JLTI OK
JLOS OK
JLOZ OK
JLTO OK
JLSI OK
JLTS OK
JLTZ OK
JLST OK
JLZI OK
JLSO OK
JLZT OK
JLZO OK
LIOT OK
LIOS OK
JLZS OK
LIOZ OK
LIOJ OK
JLSZ OK
LITO OK
LITS OK
LITZ OK
LITJ OK
LIST OK
LISJ OK
LISO OK
LIZT OK
LIZO OK
LIZJ OK
LIJO OK
LIJT OK
LISZ OK
LIJS OK
LIJZ OK
LOIT OK
LOIS OK
LOIZ OK
LOIJ OK
LOTI OK
LOTS OK
LOTZ OK
LOTJ OK
LOSI OK
LIZS OK
LOST OK
LOZI OK
LOZT OK
LOSZ OK
LOSJ OK
LOZJ OK
LOJI OK
LOZS OK
LOJT OK
LTIO OK
LOJS OK
LOJZ OK
LTIJ OK
LTIS OK
LTOI OK
LTIZ OK
LTOJ OK
LTSI OK
LTOS OK
LTOZ OK
LTSO OK
LTSZ OK
LTZI OK
LTSJ OK
LTZO OK
LTJI OK
LTZS OK
LTZJ OK
LTJO OK
LTJS OK
LTJZ OK
LSIO OK
LSIT OK
LSIZ OK
LSIJ OK
LSOI OK
LSOT OK
LSTI OK
LSTO OK
LSOZ OK
LSTZ OK
LSTJ OK
LSOJ OK
LSZI OK
LSZT OK
LSZJ OK
LSJI OK
LSJT OK
LSZO OK
LSJO OK
LZIT OK
LZIO OK
LSJZ OK
LZIJ OK
LZOT OK
LZOJ OK
LZOI OK
LZOS OK
LZTI OK
LZTO OK
LZTJ OK
LZIS OK
LZTS OK
LZST OK
LZSJ OK
LZJI OK
LZJO OK
LZSO OK
LZJT OK
LZJS OK
LJIO OK
LJIT OK
LJIS OK
LZSI OK
LJOI OK
LJIZ OK
LJOT OK
LJOS OK
LJTI OK
LJOZ OK
LJTO OK
LJTS OK
LJTZ OK
LJSI OK
LJST OK
LJZI OK
LJSO OK
LJZT OK
LJZO OK
LJZS OK
LJSZ OK
