IOTL OK
IOTJ OK
IOTZ OK
IOTS OK
IOST OK
IOSL OK
IOSJ OK
IOZT OK
IOZJ OK
IOZL OK
IOJT OK
IOJS OK
IOJZ OK
IOJL OK
IOLT OK
IOLS OK
IOSZ OK
IOLZ OK
IOLJ OK
ITOS OK
ITOJ OK
ITOZ OK
ITOL OK
ITSO OK
ITSJ OK
ITSL OK
ITZO OK
ITZJ OK
ITZL OK
ITJO OK
ITJS OK
ITJZ OK
ITJL OK
ITLO OK
ITLS OK
ITSZ OK
ITLJ OK
ITLZ OK
ITZS OK
ISOJ OK
ISOL OK
IOZS OK
ISTO OK
ISOT OK
ISTJ OK
ISTL OK
ISOZ OK
ISZJ OK
ISTZ OK
ISZL OK
ISJO OK
ISJT OK
ISJL OK
ISJZ OK
ISLO OK
ISZT OK
ISLT OK
ISLJ OK
ISLZ OK
IZOJ OK
IZOL OK
IZTO OK
IZOT OK
IZTJ OK
IZTL OK
IZTS OK
ISZO CAP
IZSJ OK
IZST OK
IZSL OK
IZJO OK
IZJT OK
IZOS OK
IZJS OK
IZJL OK
IZLT OK
IZLO OK
IZLJ OK
IZLS OK
IJOT OK
IJOS OK
IJOL OK
IJOZ OK
IJTO OK
IJTS OK
IJTZ OK
IJTL OK
IJST OK
IJSO OK
IJSL OK
IJZO OK
IJZT OK
IJZL OK
IJLO OK
IJLT OK
IJSZ OK
IJLS OK
IJLZ OK
ILOT OK
ILOS OK
ILOZ OK
IJZS OK
ILOJ OK
ILTO OK
ILTS OK
ILTZ OK
ILTJ OK
ILST OK
ILSO OK
ILSJ OK
ILZO OK
ILZT OK
ILZJ OK
ILSZ OK
ILJO OK
ILJT OK
ILJS OK
ILJZ OK
IZSO CAP
OITS OK
OITZ OK
OITJ OK
OITL OK
OIST OK
OISJ OK
OISL OK
ILZS OK
OIZT OK
OIZJ OK
OIZL OK
OIJT OK
OIJS OK
OIJZ OK
OISZ OK
OIJL OK
OILT OK
OILS OK
OILZ OK
OILJ OK
OTIS OK
OTIZ OK
OTIJ OK
OTIL OK
OTSI OK
OTSJ OK
OTSL OK
OTZI OK
OTZJ OK
OTZL OK
OTJI OK
OTJS OK
OTSZ OK
OTJZ OK
OTJL OK
OTLI OK
OTLS OK
OTLZ OK
OTLJ OK
OSIT OK
OSIJ OK
OTZS OK
OSIL OK
OSTI OK
OIZS OK
OSIZ OK
OSTJ OK
OSTL OK
OSZI OK
OSTZ OK
OSZL OK
OSJI OK
OSJT OK
OSZJ OK
OSJZ OK
OSLI OK
OSZT OK
OSJL OK
OSLT OK
OZIT OK
OSLZ OK
OSLJ OK
OZIJ OK
OZIL OK
OZTI OK
OZTJ OK
OZTL OK
OZSI OK
OZSJ OK
OZIS OK
OZSL OK
OZJI OK
OZTS OK
OZJT OK
OZJS OK
OZJL OK
OZLI OK
OZST OK
OZLJ OK
OZLT OK
OJIT OK
OJIS OK
OJIL OK
OJIZ OK
OJTI OK
OJTS OK
OJTZ OK
OJTL OK
OJSI OK
OJST OK
OZLS OK
OJZI OK
OJZT OK
OJSZ OK
OJSL OK
OJLI OK
OJLT OK
OJLS OK
OJZL OK
OJLZ OK
OLIT OK
OLIS OK
OLIZ OK
OLIJ OK
OLTI OK
OLTS OK
OLTZ OK
OLTJ OK
OLSI OK
OLST OK
OLSZ OK
OLZI OK
OLSJ OK
OLZT OK
OLZJ OK
OLJI OK
OLJT OK
OLJS OK
OLJZ OK
TIOS OK
TIOJ OK
TIOZ OK
TIOL OK
OJZS OK
TISO OK
TISJ OK
TISL OK
TIZO OK
TIZJ OK
TIZL OK
TIJO OK
TIJS OK
TIJZ OK
TIJL OK
TILO OK
TILS OK
TILZ OK
TISZ OK
TILJ OK
TOIS OK
TOIZ OK
TOIJ OK
TOIL OK
TOSI OK
TIZS OK
TOSJ OK
OLZS OK
TOSL OK
TOZI OK
TOZJ OK
TOZL OK
TOJI OK
TOJS OK
TOJZ OK
TOJL OK
TOLI OK
TOLS OK
TOLZ OK
TOLJ OK
TSIO OK
TOSZ OK
TSIJ OK
TSIL OK
TSOI OK
TSOJ OK
TSOL OK
TOZS OK
TSIZ OK
TSZJ OK
TSOZ OK
TSJI OK
TSZL OK
TSJO OK
TSJZ OK
TSZI OK
TSLI OK
TSJL OK
TSLO OK
TSZO OK
TSLJ OK
TSLZ OK
TZIO OK
TZIJ OK
TZIL OK
TZOI OK
TZOJ OK
TZOL OK
TZIS OK
TZSJ OK
TZSL OK
TZSI OK
TZJI OK
TZJO OK
TZSO OK
TZJS OK
TZOS OK
TZLI OK
TZJL OK
TZLO OK
TZLJ OK
TJIO OK
TZLS OK
TJIS OK
TJIL OK
TJIZ OK
TJOI OK
TJOZ OK
TJOS OK
TJOL OK
TJSI OK
TJSO OK
TJZI OK
TJSZ OK
TJSL OK
TJZO OK
TJLI OK
TJZS OK
TJZL OK
TJLO OK
TJLS OK
TLIO OK
TJLZ OK
TLIJ OK
TLIS OK
TLOI OK
TLIZ OK
TLOJ OK
TLOS OK
TLSI OK
TLOZ OK
TLSO OK
TLSZ OK
TLZI OK
TLSJ OK
TLZO OK
TLJI OK
TLZS OK
TLZJ OK
TLJO OK
TLJS OK
TLJZ OK
SIOJ OK
SIOL OK
SITO OK
SITJ OK
SITL OK
SIOT OK
SIOZ OK
SITZ OK
SIZJ OK
SIJO OK
SIZL OK
SIJT OK
SIJL OK
SIJZ OK
SIZT OK
SILO OK
SILJ OK
SILT OK
SOIT OK
SILZ OK
SOIJ OK
SIZO OK
SOIL OK
SOTI OK
SOTJ OK
SOTL OK
SOIZ OK
SOZI OK
SOTZ OK
SOZL OK
SOJI OK
SOJT OK
SOZJ OK
SOZT OK
SOJZ OK
SOLI OK
SOJL OK
SOLT OK
SOLZ OK
STIO OK
SOLJ OK
STIJ OK
STIL OK
STOI OK
STOJ OK
STOL OK
STIZ OK
STOZ OK
STZJ OK
STJI OK
STZL OK
STZI OK
STJO OK
STJZ OK
STZO OK
STJL OK
STLI OK
STLJ OK
STLO OK
STLZ OK
SZIJ OK
SZIL OK
SZIT OK
SZOJ OK
SZIO OK
SZOT OK
SZOL OK
SZTJ OK
SZOI OK
SZTL OK
SZJI OK
SZJO OK
SZJT OK
SZTI OK
SZJL OK
SZTO OK
SZLI OK
SZLT OK
SZLJ OK
SZLO OK
SJIT OK
SJIO OK
SJIL OK
SJOT OK
SJOI OK
SJIZ OK
SJTI OK
SJOZ OK
SJOL OK
SJTO OK
SJTL OK
SJTZ OK
SJZT OK
SJZO OK
SJLI OK
SJZL OK
SJZI OK
SJLT OK
SLIT OK
SJLO OK
SLIO OK
SJLZ OK
SLIJ OK
SLOT OK
SLIZ OK
SLTI OK
SLOI OK
SLOZ OK
SLTO OK
SLOJ OK
SLTJ OK
SLTZ OK
SLZT OK
SLZJ OK
SLJI OK
SLZI OK
SLJT OK
SLJO OK
SLJZ OK
ZIOJ OK
ZIOL OK
ZITO OK
ZIOT OK
ZITJ OK
ZITL OK
ZITS OK
ZIOS OK
ZIST OK
ZISJ OK
ZISL OK
ZIJO OK
SLZO OK
ZIJT OK
ZIJL OK
ZIJS OK
ZILT OK
ZILO OK
ZILS OK
ZILJ OK
ZOIT OK
ZOIJ OK
ZOIL OK
ZOTI OK
ZOTJ OK
ZOTL OK
ZOSI OK
ZOIS OK
ZOTS OK
ZOSJ OK
ZOJI OK
ZOSL OK
ZOJT OK
ZISO OK
ZOJL OK
ZOJS OK
ZOLI OK
ZOLT OK
ZOLJ OK
ZTIO OK
ZTIJ OK
ZOST OK
ZTIL OK
ZOLS OK
ZTOI OK
ZTOJ OK
ZTOL OK
ZTIS OK
ZTSJ OK
ZTSL OK
ZTJI OK
ZTSI OK
ZTJO OK
ZTSO OK
ZTJS OK
ZTOS OK
ZTJL OK
ZTLI OK
ZTLJ OK
ZTLO OK
ZTLS OK
ZSIJ OK
ZSIL OK
ZSIT OK
ZSOJ OK
ZSOT OK
ZSOL OK
ZSIO OK
ZSTJ OK
ZSOI OK
ZSTL OK
ZSJI OK
ZSTI OK
ZSJO OK
ZSJT OK
ZSTO OK
ZSJL OK
ZSLT OK
ZSLJ OK
ZSLI OK
ZSLO OK
ZJIO OK
ZJIT OK
ZJIL OK
ZJIS OK
ZJOT OK
ZJOI OK
ZJTI OK
ZJOL OK
ZJTO OK
ZJTS OK
ZJTL OK
ZJOS OK
ZJST OK
ZJSL OK
ZJLI OK
ZJSI OK
ZJLO OK
ZJSO OK
ZJLT OK
ZJLS OK
ZLIO OK
ZLIT OK
ZLIS OK
ZLIJ OK
ZLOT OK
ZLOJ OK
ZLTI OK
ZLOI OK
ZLTO OK
ZLTJ OK
ZLTS OK
ZLSI OK
ZLST OK
ZLSJ OK
ZLJI OK
ZLOS OK
ZLJO OK
ZLJT OK
ZLJS OK
JIOT OK
JIOS OK
JIOZ OK
JIOL OK
JITO OK
JITZ OK
JITS OK
JITL OK
ZLSO OK
JISO OK
JIST OK
JISL OK
JIZO OK
JIZT OK
JIZL OK
JILO OK
JILT OK
JILS OK
JILZ OK
JOIT OK
JOIS OK
JISZ OK
JOIL OK
JOIZ OK
JOTI OK
JOTS OK
JOTZ OK
JOTL OK
JIZS OK
JOST OK
JOSI OK
JOZI OK
JOZT OK
JOSZ OK
JOSL OK
JOLI OK
JOLT OK
JOLS OK
JOLZ OK
JTIO OK
JTIS OK
JOZL OK
JTIZ OK
JTIL OK
JTOI OK
JTOS OK
JTOZ OK
JTOL OK
JTSI OK
JTSO OK
JTSZ OK
JTZI OK
JTSL OK
JTZO OK
JTZS OK
JTLI OK
JTZL OK
JTLO OK
JTLS OK
JTLZ OK
JSIO OK
JSIT OK
JSIL OK
JSOI OK
JSOT OK
JSIZ OK
JOZS OK
JSOZ OK
JSTI OK
JSOL OK
JSTL OK
JSTO OK
JSTZ OK
JSZT OK
JSLI OK
JSZO OK
JSZL OK
JSLT OK
JSZI OK
JSLO OK
JZIO OK
JZIT OK
JZIL OK
JSLZ OK
JZOT OK
JZOI OK
JZOL OK
JZTI OK
JZTO OK
JZTS OK
JZIS OK
JZTL OK
JZST OK
JZSL OK
JZSI OK
JZLI OK
JZLO OK
JZLT OK
JZLS OK
JLIO OK
JLIT OK
JLIS OK
JLIZ OK
JLOI OK
JLOT OK
JLOS OK
JLOZ OK
JLTI OK
JLTO OK
JLTS OK
JLSI OK
JLTZ OK
JLST OK
JZOS OK
JLZI OK
JLSO OK
JLZO OK
JLSZ OK
JLZT OK
LIOT OK
JZSO OK
LIOS OK
JLZS OK
LIOJ OK
LIOZ OK
LITO OK
LITJ OK
LITS OK
LITZ OK
LIST OK
LISJ OK
LISO OK
LIZT OK
LIZO OK
LIZJ OK
LIJO OK
LIJT OK
LISZ OK
LIJS OK
LIJZ OK
LOIT OK
LOIS OK
LOIZ OK
LOIJ OK
LOTI OK
LOTS OK
LOTZ OK
LOTJ OK
LOSI OK
LOST OK
LIZS OK
LOZI OK
LOZT OK
LOSZ OK
LOSJ OK
LOZJ OK
LOJI OK
LOJT OK
LOJS OK
LOJZ OK
LTIO OK
LTIJ OK
LTIS OK
LTIZ OK
LTOI OK
LTOS OK
LTOZ OK
LTOJ OK
LTSI OK
LTSO OK
LTSZ OK
LTSJ OK
LTZI OK
LTZO OK
LTJI OK
LTZS OK
LTZJ OK
LTJO OK
LTJS OK
LTJZ OK
LSIT OK
LSIJ OK
LSIO OK
LSOT OK
LSIZ OK
LSOI OK
LSTI OK
LSOJ OK
LSOZ OK
LSTO OK
LSTJ OK
LSTZ OK
LSZT OK
LSZI OK
LSJI OK
LSZJ OK
LSJT OK
LSJO OK
LSJZ OK
LOZS OK
LZIT OK
LZIO OK
LZIJ OK
LZOT OK
LZOI OK
LZIS OK
LZOJ OK
LZTI OK
LZTO OK
LZTJ OK
LZTS OK
LZSI OK
LZST OK
LZSJ OK
LZJI OK
LZJO OK
LZJT OK
LZJS OK
LZSO OK
LJIO OK
LJIT OK
LJIS OK
LJIZ OK
LJOI OK
LJOT OK
LJOS OK
LJOZ OK
LJTI OK
LZOS OK
LJTO OK
LJTS OK
LJSI OK
LJTZ OK
LJST OK
LJZI OK
LJZO OK
LJSO OK
LJSZ OK
LJZT OK
LJZS OK
LSZO CAP
