IOTL OK
IOTJ OK
IOTZ OK
IOTS OK
IOST OK
IOSJ OK
IOSL OK
IOZT OK
IOZJ OK
IOZL OK
IOJT OK
IOJS OK
IOJZ OK
IOJL OK
IOLT OK
IOLS OK
IOSZ OK
IOLZ OK
IOLJ OK
ITOS OK
ITOJ OK
ITOZ OK
ITOL OK
ITSJ OK
ITSO OK
ITSL OK
IOZS OK
ITZJ OK
ITZL OK
ITZO OK
ITJO OK
ITJS OK
ITJZ OK
ITJL OK
ITLO OK
ITSZ OK
ITLS OK
ITLZ OK
ITLJ OK
ISOT OK
ISOJ OK
ISOL OK
ISTO OK
ISTJ OK
ISTL OK
ITZS OK
ISOZ OK
ISTZ OK
ISZJ OK
ISZL OK
ISJO OK
ISJT OK
ISJL OK
ISJZ OK
ISZT OK
ISLO OK
ISLT OK
ISLJ OK
ISLZ OK
IZOT OK
IZOJ OK
IZOL OK
IZTO OK
IZTJ OK
ISZO OK
IZTL OK
IZOS OK
IZTS OK
IZSJ OK
IZSL OK
IZJO OK
IZST OK
IZJT OK
IZJL OK
IZJS OK
IZLO OK
IZSO OK
IZLT OK
IZLS OK
IZLJ OK
IJOT OK
IJOS OK
IJOL OK
IJOZ OK
IJTO OK
IJTS OK
IJTZ OK
IJTL OK
IJST OK
IJSO OK
IJSL OK
IJZO OK
IJZT OK
IJLO OK
IJZL OK
IJSZ OK
IJLT OK
IJLS OK
ILOT OK
IJLZ OK
ILOS OK
IJZS OK
ILOJ OK
ILOZ OK
ILTO OK
ILTS OK
ILTJ OK
ILTZ OK
ILST OK
ILSJ OK
ILSO OK
ILZT OK
ILZO OK
ILZS OK
ILZJ OK
ILJO OK
ILJT OK
ILJS OK
ILJZ OK
ILSZ OK
OITJ OK
OITS OK
OITZ OK
OITL OK
OIST OK
OISJ OK
OISL OK
OIZT OK
OIZJ OK
OIZS OK
OIZL OK
OIJT OK
OIJS OK
OIJZ OK
OIJL OK
OILT OK
OILS OK
OILZ OK
OILJ OK
OISZ OK
OTIJ OK
OTIS OK
OTIZ OK
OTIL OK
OTSI OK
OTSJ OK
OTSL OK
OTZI OK
OTZJ OK
OTZL OK
OTJI OK
OTJS OK
OTJZ OK
OTJL OK
OTLI OK
OTLS OK
OTLZ OK
OTLJ OK
OSIT OK
OSIJ OK
OSIL OK
OSIZ OK
OTSZ OK
OSTI OK
OSTJ OK
OSTL OK
OTZS OK
OSZI OK
OSZJ OK
OSJI OK
OSZL OK
OSJT OK
OSJZ OK
OSJL OK
OSLI OK
OSTZ OK
OSLT OK
OSZT OK
OZIT OK
OZIS OK
OSLZ OK
OZIJ OK
OSLJ OK
OZIL OK
OZTJ OK
OZTI OK
OZTL OK
OZSI OK
OZSJ OK
OZSL OK
OZJI OK
OZJT OK
OZJS OK
OZJL OK
OZLI OK
OZLT OK
OZLJ OK
OZLS OK
OZTS OK
OJIT OK
OJIS OK
OZST OK
OJIZ OK
OJIL OK
OJTI OK
OJTS OK
OJTZ OK
OJTL OK
OJSI OK
OJST OK
OJZI OK
OJSL OK
OJZT OK
OJZL OK
OJLI OK
OJSZ OK
OJLT OK
OJLS OK
OLIT OK
OJLZ OK
OLIS OK
OLIJ OK
OLIZ OK
OLTI OK
OLTZ OK
OLTS OK
OJZS OK
OLTJ OK
OLSI OK
OLST OK
OLZI OK
OLZT OK
OLSZ OK
OLSJ OK
OLJI OK
OLZJ OK
OLZS OK
OLJT OK
OLJS OK
OLJZ OK
TIOJ OK
TIOL OK
TIOS OK
TIOZ OK
TISJ OK
TISL OK
TISO OK
TIZJ OK
TIZL OK
TIZO OK
TIJO OK
TIJS OK
TIJZ OK
TIJL OK
TILO OK
TILS OK
TILZ OK
TILJ OK
TISZ OK
TOIS OK
TOIZ OK
TOIJ OK
TOIL OK
TOSI OK
TOSJ OK
TOSL OK
TOZI OK
TOZJ OK
TOZL OK
TIZS OK
TOJI OK
TOJS OK
TOJZ OK
TOLI OK
TOJL OK
TOLS OK
TOSZ OK
TOLZ OK
TOLJ OK
TSIO OK
TSIJ OK
TSIL OK
TSOI OK
TSOJ OK
TSOL OK
TOZS OK
TSIZ OK
TSZJ OK
TSOZ OK
TSJI OK
TSZL OK
TSJO OK
TSJL OK
TSJZ OK
TSLI OK
TSLO OK
TSZO OK
TSLJ OK
TSLZ OK
TZIJ OK
TZIO OK
TZIL OK
TSZI OK
TZOJ OK
TZOI OK
TZOL OK
TZIS OK
TZSJ OK
TZSL OK
TZJI OK
TZJO OK
TZOS OK
TZJS OK
TZSO OK
TZJL OK
TZLI OK
TZLO OK
TZSI OK
TZLJ OK
TJIO OK
TZLS OK
TJIS OK
TJIZ OK
TJIL OK
TJOI OK
TJOS OK
TJSI OK
TJOL OK
TJOZ OK
TJSO OK
TJZI OK
TJSZ OK
TJZO OK
TJSL OK
TJZS OK
TJLI OK
TJLO OK
TJZL OK
TJLS OK
TJLZ OK
TLIO OK
TLIJ OK
TLOI OK
TLIS OK
TLIZ OK
TLOJ OK
TLSI OK
TLOS OK
TLOZ OK
TLSO OK
TLSZ OK
TLSJ OK
TLZI OK
TLZO OK
TLJI OK
TLZS OK
TLZJ OK
TLJO OK
TLJS OK
TLJZ OK
SIOJ OK
SIOL OK
SITO OK
SIOT OK
SITJ OK
SITL OK
SIOZ OK
SIZJ OK
SIZL OK
SITZ OK
SIJO OK
SIJT OK
SIJL OK
SIJZ OK
SILT OK
SILO OK
SIZT OK
SIZO OK
SILJ OK
SILZ OK
SOIT OK
SOIJ OK
SOTI OK
SOIL OK
SOTJ OK
SOTL OK
SOIZ OK
SOZI OK
SOZJ OK
SOJI OK
SOZL OK
SOJZ OK
SOJT OK
SOTZ OK
SOLI OK
SOJL OK
SOLT OK
SOZT OK
STIO OK
SOLJ OK
SOLZ OK
STIJ OK
STIL OK
STOI OK
STOJ OK
STOL OK
STIZ OK
STZJ OK
STOZ OK
STZL OK
STJI OK
STZI OK
STJO OK
STJL OK
STLI OK
STJZ OK
STZO OK
STLO OK
STLJ OK
STLZ OK
SZIJ OK
SZIL OK
SZIT OK
SZOJ OK
SZIO OK
SZOT OK
SZOI OK
SZOL OK
SZTJ OK
SZTL OK
SZJI OK
SZJO OK
SZJT OK
SZJL OK
SZLI OK
SZLT OK
SZLO OK
SZLJ OK
SJIO OK
SZTI OK
SJIT OK
SJIL OK
SZTO OK
SJIZ OK
SJOI OK
SJOT OK
SJTI OK
SJOZ OK
SJOL OK
SJTO OK
SJTL OK
SJTZ OK
SJZI OK
SJZT OK
SJLI OK
SJLO OK
SJLT OK
SJZO OK
SJZL OK
SLIO OK
SLIT OK
SLIZ OK
SLIJ OK
SLOT OK
SLOI OK
SJLZ OK
SLTI OK
SLTO OK
SLOZ OK
SLTZ OK
SLTJ OK
SLOJ OK
SLZI OK
SLZT OK
SLZJ OK
SLJI OK
SLJT OK
SLJO OK
SLZO OK
SLJZ OK
ZIOJ OK
ZIOL OK
ZITO OK
ZITJ OK
ZITL OK
ZIOT OK
ZIOS OK
ZITS OK
ZISJ OK
ZISL OK
ZIJO OK
ZIJT OK
ZIJS OK
ZIJL OK
ZILO OK
ZILT OK
ZIST OK
ZILJ OK
ZISO OK
ZILS OK
ZOIT OK
ZOIS OK
ZOIJ OK
ZOIL OK
ZOTI OK
ZOTJ OK
ZOTL OK
ZOSI OK
ZOSJ OK
ZOSL OK
ZOJI OK
ZOJT OK
ZOJS OK
ZOJL OK
ZOLI OK
ZOLT OK
ZOLJ OK
ZOLS OK
ZOTS OK
ZOST OK
ZTIJ OK
ZTIO OK
ZTOI OK
ZTIL OK
ZTOJ OK
ZTOL OK
ZTIS OK
ZTSJ OK
ZTSL OK
ZTOS OK
ZTJI OK
ZTJO OK
ZTSI OK
ZTJS OK
ZTJL OK
ZTLI OK
ZTLO OK
ZTSO OK
ZTLS OK
ZTLJ OK
ZSIL OK
ZSIJ OK
ZSIT OK
ZSOJ OK
ZSIO OK
ZSOT OK
ZSOI OK
ZSOL OK
ZSTJ OK
ZSTL OK
ZSJI OK
ZSJO OK
ZSJT OK
ZSJL OK
ZSLI OK
ZSLT OK
ZSLO OK
ZSLJ OK
ZJIO OK
ZJIT OK
ZSTI OK
ZSTO OK
ZJIL OK
ZJIS OK
ZJOI OK
ZJOT OK
ZJTI OK
ZJOL OK
ZJTO OK
ZJTS OK
ZJTL OK
ZJOS OK
ZJST OK
ZJSI OK
ZJSL OK
ZJSO OK
ZJLI OK
ZJLO OK
ZJLT OK
ZJLS OK
ZLIO OK
ZLIJ OK
ZLIT OK
ZLIS OK
ZLOT OK
ZLOJ OK
ZLOI OK
ZLTI OK
ZLOS OK
ZLTO OK
ZLTJ OK
ZLTS OK
ZLST OK
ZLSJ OK
ZLSI OK
ZLSO OK
ZLJI OK
ZLJO OK
ZLJT OK
ZLJS OK
JIOT OK
JIOS OK
JIOZ OK
JIOL OK
JITO OK
JITS OK
JITL OK
JITZ OK
JISO OK
JIST OK
JISL OK
JIZO OK
JIZT OK
JIZL OK
JILO OK
JILT OK
JISZ OK
JILS OK
JILZ OK
JOIT OK
JOIS OK
JOIL OK
JOIZ OK
JIZS OK
JOTI OK
JOTS OK
JOTZ OK
JOTL OK
JOSI OK
JOST OK
JOSL OK
JOZI OK
JOZT OK
JOZL OK
JOLI OK
JOSZ OK
JOLT OK
JOLS OK
JTIO OK
JOLZ OK
JTIS OK
JTIZ OK
JTIL OK
JTOI OK
JTOS OK
JTOZ OK
JTOL OK
JOZS OK
JTSI OK
JTSO OK
JTZI OK
JTSZ OK
JTZO OK
JTSL OK
JTLI OK
JTZS OK
JTLO OK
JTZL OK
JTLS OK
JTLZ OK
JSIO OK
JSIT OK
JSIL OK
JSOT OK
JSOI OK
JSIZ OK
JSOL OK
JSTI OK
JSTO OK
JSTL OK
JSOZ OK
JSTZ OK
JSZT OK
JSLI OK
JSZO OK
JSZL OK
JSLT OK
JSLO OK
JSZI OK
JZIO OK
JZIT OK
JZIL OK
JSLZ OK
JZOT OK
JZOI OK
JZIS OK
JZTI OK
JZOL OK
JZTO OK
JZTS OK
JZTL OK
JZST OK
JZOS OK
JZLI OK
JZSL OK
JZLO OK
JZLT OK
JZSI OK
JZLS OK
JLIO OK
JLIT OK
JLIS OK
JZSO OK
JLIZ OK
JLOI OK
JLOT OK
JLTI OK
JLOZ OK
JLOS OK
JLTO OK
JLTS OK
JLSI OK
JLTZ OK
JLST OK
JLSO OK
JLZI OK
JLZO OK
JLZT OK
LIOT OK
LIOS OK
JLZS OK
LIOZ OK
LIOJ OK
LITO OK
LITS OK
LITZ OK
LITJ OK
LIST OK
LISO OK
LISJ OK
LIZO OK
LIZT OK
LISZ OK
LIZJ OK
LIJO OK
LIJT OK
LIJS OK
LIJZ OK
LOIT OK
LOIS OK
LOIZ OK
LOIJ OK
LOTI OK
LIZS OK
JLSZ OK
LOTS OK
LOTZ OK
LOSI OK
LOTJ OK
LOST OK
LOZI OK
LOZT OK
LOSZ OK
LOSJ OK
LOZS OK
LOJI OK
LOZJ OK
LOJT OK
LTIO OK
LOJS OK
LOJZ OK
LTIS OK
LTIJ OK
LTOI OK
LTIZ OK
LTOJ OK
LTSI OK
LTOS OK
LTOZ OK
LTSO OK
LTSZ OK
LTSJ OK
LTZI OK
LTZO OK
LTJI OK
LTZS OK
LTZJ OK
LTJO OK
LTJS OK
LSIO OK
LTJZ OK
LSIT OK
LSIZ OK
LSOI OK
LSIJ OK
LSOT OK
LSTI OK
LSTO OK
LSOZ OK
LSOJ OK
LSTJ OK
LSTZ OK
LSZI OK
LSZT OK
LSZJ OK
LSJI OK
LSZO OK
LSJT OK
LSJO OK
LZIT OK
LSJZ OK
LZIO OK
LZIJ OK
LZOT OK
LZOI OK
LZOJ OK
LZIS OK
LZOS OK
LZTI OK
LZTJ OK
LZTO OK
LZTS OK
LZST OK
LZSJ OK
LZJI OK
LZJO OK
LZSO OK
LZJT OK
LZJS OK
LJIO OK
LJIT OK
LJIS OK
LJOI OK
LJIZ OK
LZSI OK
LJOT OK
LJTI OK
LJOS OK
LJOZ OK
LJTO OK
LJTS OK
LJSI OK
LJTZ OK
LJST OK
LJSO OK
LJZI OK
LJZO OK
LJZT OK
LJZS OK
LJSZ OK
