IOTL OK
IOTJ OK
IOTZ OK
IOTS OK
IOST OK
IOSJ OK
IOSL OK
IOZT OK
IOZJ OK
IOZL OK
IOJT OK
IOJS OK
IOJZ OK
IOJL OK
IOLT OK
IOLS OK
IOSZ OK
IOLZ OK
IOLJ OK
ITOS OK
ITOJ OK
ITOZ OK
ITOL OK
ITSO OK
ITSJ OK
ITSL OK
ITZO OK
ITZJ OK
ITZL OK
ITJO OK
ITJS OK
ITJZ OK
ITJL OK
ITLO OK
ITLS OK
ITLZ OK
ITLJ OK
ITZS OK
ISOT OK
ISOJ OK
IOZS OK
ITSZ OK
ISOL OK
ISTO OK
ISTJ OK
ISTL OK
ISOZ OK
ISZJ OK
ISTZ OK
ISZL OK
ISJT OK
ISZT OK
ISJO OK
ISJL OK
ISLO OK
ISLT OK
ISZO OK
ISLJ OK
ISJZ OK
IZOT OK
IZOL OK
IZOJ OK
ISLZ OK
IZTJ OK
IZTO OK
IZTL OK
IZTS OK
IZSJ OK
IZSL OK
IZST OK
IZJO OK
IZJT OK
IZJL OK
IZJS OK
IZLT OK
IZLO OK
IZLS OK
IZLJ OK
IJOT OK
IJOS OK
IJOZ OK
IJOL OK
IJTO OK
IJTS OK
IJTZ OK
IJTL OK
IJSO OK
IJST OK
IJSL OK
IZOS OK
IJZO OK
IJZT OK
IJZL OK
IJLO OK
IJLT OK
IJSZ OK
IJLS OK
IJLZ OK
ILOT OK
ILOS OK
ILOZ OK
ILOJ OK
ILTO OK
ILTS OK
ILTJ OK
ILTZ OK
IZSO OK
ILST OK
ILSO OK
ILSJ OK
ILZO OK
ILZT OK
ILZJ OK
ILSZ OK
ILJO OK
ILJT OK
ILJS OK
ILJZ OK
OITS OK
OITZ OK
OITJ OK
OITL OK
OIST OK
ILZS OK
OISJ OK
OISL OK
OIZT OK
OIZJ OK
OIZL OK
OISZ OK
OIJT OK
IJZS OK
OIJS OK
OIJZ OK
OIJL OK
OILT OK
OILS OK
OILZ OK
OILJ OK
OTIS OK
OTIJ OK
OTIZ OK
OTIL OK
OTSI OK
OTSJ OK
OTSL OK
OTZI OK
OTZJ OK
OTZL OK
OTJI OK
OIZS OK
OTJS OK
OTJZ OK
OTJL OK
OTLI OK
OTLS OK
OTLZ OK
OTLJ OK
OSIT OK
OTSZ OK
OSIJ OK
OSIL OK
OSTI OK
OTZS OK
OSTJ OK
OSTL OK
OSIZ OK
OSZI OK
OSZL OK
OSJI OK
OSTZ OK
OSJT OK
OSJL OK
OSZT OK
OSJZ OK
OSLI OK
OSLT OK
OSLZ OK
OSLJ OK
OZIT OK
OZIJ OK
OZIL OK
OZTI OK
OZTJ OK
OZTL OK
OSZJ OK
OZSI OK
OZSJ OK
OZTS OK
OZSL OK
OZIS OK
OZJI OK
OZJT OK
OZJS OK
OZJL OK
OZLI OK
OZLT OK
OZLJ OK
OZST OK
OJIT OK
OJIS OK
OJIL OK
OJIZ OK
OJTI OK
OJTZ OK
OJTS OK
OJTL OK
OJST OK
OJSI OK
OJSL OK
OJZI OK
OJZT OK
OJSZ OK
OZLS OK
OJLI OK
OJZL OK
OJLT OK
OJLS OK
OJLZ OK
OLIT OK
OLIS OK
OLIJ OK
OLIZ OK
OLTI OK
OLTS OK
OLTZ OK
OLTJ OK
OLSI OK
OLST OK
OLSZ OK
OLZI OK
OLSJ OK
OLZT OK
OLZJ OK
OLJI OK
OLJT OK
OLJS OK
OLJZ OK
TIOS OK
TIOZ OK
TIOJ OK
TIOL OK
TISO OK
TISJ OK
TISL OK
TIZO OK
OJZS OK
TIZJ OK
OLZS OK
TIZL OK
TIJO OK
TIJS OK
TIJZ OK
TIJL OK
TILO OK
TILS OK
TILZ OK
TILJ OK
TOIS OK
TOIJ OK
TOIZ OK
TOIL OK
TOSI OK
TOSJ OK
TIZS OK
TOSL OK
TOZI OK
TISZ OK
TOZJ OK
TOZL OK
TOJI OK
TOJS OK
TOJZ OK
TOJL OK
TOLI OK
TOLS OK
TOLZ OK
TOLJ OK
TOSZ OK
TSIO OK
TSIJ OK
TSIL OK
TSOI OK
TSOJ OK
TSOL OK
TSOZ OK
TOZS OK
TSZJ OK
TSZO OK
TSJI OK
TSZL OK
TSJO OK
TSJZ OK
TSJL OK
TSLI OK
TSLO OK
TSLZ OK
TSLJ OK
TSIZ OK
TSZI OK
TZIJ OK
TZIO OK
TZIL OK
TZOI OK
TZOJ OK
TZOL OK
TZIS OK
TZSJ OK
TZSL OK
TZSI OK
TZJI OK
TZJO OK
TZSO OK
TZJL OK
TZOS OK
TZJS OK
TZLI OK
TZLJ OK
TJIO OK
TZLO OK
TZLS OK
TJIS OK
TJIZ OK
TJIL OK
TJOI OK
TJOS OK
TJOL OK
TJSI OK
TJOZ OK
TJSO OK
TJSL OK
TJZI OK
TJSZ OK
TJZL OK
TJZO OK
TJLI OK
TJLO OK
TJZS OK
TJLS OK
TJLZ OK
TLIO OK
TLIJ OK
TLOI OK
TLIS OK
TLIZ OK
TLOJ OK
TLSI OK
TLOS OK
TLSO OK
TLSJ OK
TLSZ OK
TLOZ OK
TLZI OK
TLZJ OK
TLZO OK
TLJI OK
TLZS OK
TLJO OK
TLJS OK
TLJZ OK
SIOJ OK
SIOL OK
SITO OK
SIOT OK
SITJ OK
SITL OK
SIOZ OK
SIZJ OK
SITZ OK
SIJO OK
SIJT OK
SIZL OK
SIZT OK
SIJL OK
SIZO OK
SILO OK
SILT OK
SILJ OK
SOIT OK
SIJZ OK
SOIJ OK
SOIL OK
SOTI OK
SILZ OK
SOTJ OK
SOTL OK
SOIZ OK
SOZI OK
SOZL OK
SOJI OK
SOTZ OK
SOJT OK
SOJL OK
SOZT OK
SOJZ OK
SOLI OK
SOLT OK
STIO OK
SOLZ OK
SOLJ OK
STIJ OK
STIL OK
STOI OK
STIZ OK
STOJ OK
STOL OK
STOZ OK
STZI OK
STZJ OK
STJI OK
STZO OK
SOZJ OK
STZL OK
STJL OK
STJO OK
STLI OK
STJZ OK
STLO OK
STLJ OK
STLZ OK
SZIJ OK
SZIL OK
SZIT OK
SZIO OK
SZOJ OK
SZOL OK
SZOT OK
SZTJ OK
SZOI OK
SZTL OK
SZJI OK
SZJO OK
SZJT OK
SZJL OK
SZLI OK
SZTI OK
SZLT OK
SZLJ OK
SZLO OK
SZTO OK
SJIO OK
SJIT OK
SJIL OK
SJOT OK
SJOI OK
SJOL OK
SJTI OK
SJTO OK
SJOZ OK
SJIZ OK
SJTL OK
SJTZ OK
SJZT OK
SJLI OK
SJZO OK
SJLT OK
SJZL OK
SJLO OK
SJZI OK
SLIT OK
SLIO OK
SLIJ OK
SLOI OK
SJLZ OK
SLOT OK
SLIZ OK
SLTI OK
SLTO OK
SLTZ OK
SLTJ OK
SLOJ OK
SLOZ OK
SLZJ OK
SLZT OK
SLJI OK
SLZI OK
SLJT OK
SLJO OK
SLJZ OK
ZIOJ OK
ZIOL OK
ZITO OK
ZIOT OK
ZITJ OK
ZITL OK
SLZO OK
ZITS OK
ZISJ OK
ZISL OK
ZIJO OK
ZIJT OK
ZIST OK
ZIJS OK
ZIJL OK
ZIOS OK
ZISO OK
ZILT OK
ZILO OK
ZILJ OK
ZILS OK
ZOIT OK
ZOIJ OK
ZOIL OK
ZOTI OK
ZOTJ OK
ZOTL OK
ZOSI OK
ZOSJ OK
ZOTS OK
ZOSL OK
ZOJT OK
ZOJI OK
ZOIS OK
ZOJL OK
ZOJS OK
ZOLI OK
ZOST OK
ZOLT OK
ZOLJ OK
ZTIO OK
ZTIJ OK
ZTIL OK
ZTOI OK
ZTOJ OK
ZTOL OK
ZOLS OK
ZTIS OK
ZTSJ OK
ZTSL OK
ZTJI OK
ZTJO OK
ZTOS OK
ZTSI OK
ZTJS OK
ZTJL OK
ZTLI OK
ZTLO OK
ZTLS OK
ZTLJ OK
ZSIJ OK
ZTSO OK
ZSIL OK
ZSIT OK
ZSIO OK
ZSOJ OK
ZSOT OK
ZSOL OK
ZSOI OK
ZSTJ OK
ZSTL OK
ZSJI OK
ZSJO OK
ZSJT OK
ZSJL OK
ZSLI OK
ZSLO OK
ZSLT OK
ZSTI OK
ZSLJ OK
ZSTO OK
ZJIO OK
ZJIT OK
ZJIS OK
ZJIL OK
ZJOT OK
ZJOI OK
ZJTI OK
ZJOL OK
ZJTO OK
ZJTS OK
ZJTL OK
ZJST OK
ZJSI OK
ZJSO OK
ZJLI OK
ZJSL OK
ZJLO OK
ZJLT OK
ZJLS OK
ZLIO OK
ZLIT OK
ZLIS OK
ZLIJ OK
ZLOT OK
ZLOJ OK
ZLOI OK
ZLTI OK
ZLTO OK
ZLTJ OK
ZLTS OK
ZLSI OK
ZLOS OK
ZLST OK
ZLSJ OK
ZLJI OK
ZLJO OK
ZLJT OK
ZLJS OK
JIOT OK
ZJOS OK
JIOS OK
JIOL OK
JIOZ OK
ZLSO OK
JITO OK
JITS OK
JITZ OK
JITL OK
JISO OK
JISL OK
JIST OK
JIZO OK
JIZT OK
JIZL OK
JILO OK
JILT OK
JILS OK
JILZ OK
JOIT OK
JOIS OK
JISZ OK
JOIL OK
JOIZ OK
JOTI OK
JOTS OK
JOTZ OK
JOTL OK
JOST OK
JOSI OK
JOSL OK
JOZI OK
JOZT OK
JOSZ OK
JOZL OK
JOLI OK
JOLT OK
JOLS OK
JTIO OK
JOLZ OK
JTIS OK
JTIZ OK
JTIL OK
JTOI OK
JTOS OK
JTOZ OK
JTOL OK
JTSI OK
JTSO OK
JTSZ OK
JTZI OK
JTSL OK
JTZO OK
JIZS OK
JTLI OK
JTZS OK
JTLO OK
JTZL OK
JTLS OK
JTLZ OK
JSIO OK
JSIT OK
JSIL OK
JSOT OK
JSOI OK
JSOL OK
JSTI OK
JSIZ OK
JSOZ OK
JSTO OK
JSTL OK
JSTZ OK
JSZT OK
JSZO OK
JSLI OK
JSZI OK
JSZL OK
JSLT OK
JSLO OK
JOZS OK
JZIT OK
JZIO OK
JZIL OK
JZOT OK
JZOI OK
JSLZ OK
JZTI OK
JZOL OK
JZTO OK
JZTS OK
JZTL OK
JZSI OK
JZST OK
JZSL OK
JZLI OK
JZLO OK
JZLT OK
JZIS OK
JZLS OK
JLIO OK
JLIT OK
JLIS OK
JLIZ OK
JLOI OK
JLOT OK
JLOS OK
JLOZ OK
JLTI OK
JLTO OK
JLTS OK
JLSI OK
JLTZ OK
JLST OK
JLSO OK
JLZI OK
JLZO OK
JLSZ OK
JLZT OK
LIOT OK
JLZS OK
JZOS OK
LIOS OK
LIOZ OK
LIOJ OK
LITO OK
LITS OK
LITZ OK
LITJ OK
LIST OK
LISO OK
LISJ OK
LIZO OK
LIZT OK
LISZ OK
LIZJ OK
LIJO OK
LIJT OK
LIJS OK
LIJZ OK
LOIT OK
LOIS OK
LOIZ OK
LOIJ OK
LOTI OK
LOTS OK
LOTZ OK
LIZS OK
LOTJ OK
LOSI OK
LOST OK
LOZI OK
LOSJ OK
LOSZ OK
LOZT OK
JZSO CAP
LOJI OK
LOJT OK
LOZJ OK
LOJS OK
LTIO OK
LOJZ OK
LTIS OK
LTIJ OK
LTIZ OK
LTOI OK
LTOS OK
LTOZ OK
LTOJ OK
LTSI OK
LTSO OK
LTSZ OK
LTSJ OK
LTZI OK
LTZO OK
LTZS OK
LTJI OK
LTZJ OK
LTJO OK
LTJS OK
LTJZ OK
LSIT OK
LSIJ OK
LSIO OK
LSIZ OK
LSOT OK
LSOI OK
LSTI OK
LOZS OK
LSOZ OK
LSTO OK
LSOJ OK
LSTZ OK
LSTJ OK
LSZT OK
LSZJ OK
LSJI OK
LSZI OK
LSJT OK
LSJO OK
LSJZ OK
LZIT OK
LZIO OK
LZIJ OK
LZOT OK
LZIS OK
LZOI OK
LZOJ OK
LZTI OK
LZTO OK
LZTJ OK
LZTS OK
LZSI OK
LSZO OK
LZSJ OK
LZST OK
LZJI OK
LZJO OK
LZJT OK
LZJS OK
LJIO OK
LJIT OK
LJIS OK
LJIZ OK
LJOI OK
LJOT OK
LJOS OK
LJOZ OK
LJTI OK
LJTO OK
LJTS OK
LZOS OK
LJSI OK
LJTZ OK
LJST OK
LJSO OK
LJZI OK
LJZO OK
LJZT OK
LJSZ OK
LZSO OK
LJZS OK
