IOTS OK
IOTZ OK
IOTJ OK
IOTL OK
IOST OK
IOZT OK
IOSL OK
IOSZ OK
IOSJ OK
IOJT OK
IOZL OK
IOZJ OK
IOJS OK
IOJL OK
IOLT OK
IOJZ OK
IOLS OK
IOLJ OK
IOLZ OK
ITOS OK
ITOZ OK
ITOJ OK
ITOL OK
ITSO OK
ITSZ OK
ITSJ OK
ITSL OK
ITZO OK
ITZS OK
ITZJ OK
ITJO OK
ITZL OK
ITJS OK
ITJZ OK
ITJL OK
ITLO OK
ITLS OK
ITLJ OK
ITLZ OK
ISOT OK
ISOZ OK
ISOJ OK
ISOL OK
ISTO OK
ISTZ OK
ISTJ OK
ISTL OK
ISZO OK
ISZT OK
ISZL OK
ISJO OK
ISJT OK
ISJL OK
IOZS OK
ISLT OK
ISLO OK
ISLJ OK
IZOT OK
ISLZ OK
ISZJ OK
IZOL OK
IZTO OK
IZOJ OK
IZTS OK
IZTJ OK
IZTL OK
ISJZ OK
IZST OK
IZSL OK
IZJO OK
IZJT OK
IZSJ OK
IZOS OK
IZJL OK
IZLO OK
IZLT OK
IZLJ OK
IJOT OK
IZLS OK
IJOS OK
IJOZ OK
IJOL OK
IJTO OK
IJTS OK
IJTZ OK
IJTL OK
IZJS OK
IJST OK
IJSO OK
IJSL OK
IJSZ OK
IJZT OK
IZSO OK
IJZL OK
IJLO OK
IJLT OK
IJLS OK
IJZO OK
IJLZ OK
ILOT OK
ILOJ OK
ILTO OK
ILTS OK
ILTZ OK
ILTJ OK
ILOS OK
ILOZ OK
ILST OK
ILSJ OK
ILZO OK
ILZT OK
ILSO OK
ILZJ OK
ILJO OK
ILSZ OK
ILJT OK
ILJS OK
ILJZ OK
ILZS OK
OITS OK
OITZ OK
OITJ OK
OITL OK
OIST OK
IJZS OK
OISZ OK
OISJ OK
OIZT OK
OISL OK
OIZS OK
OIZJ OK
OIJT OK
OIZL OK
OIJL OK
OILT OK
OIJS OK
OIJZ OK
OILS OK
OILJ OK
OTIS OK
OTIZ OK
OTIJ OK
OTIL OK
OILZ OK
OTSI OK
OTSJ OK
OTZI OK
OTSL OK
OTZJ OK
OTJI OK
OTZL OK
OTJS OK
OTJZ OK
OTJL OK
OTLI OK
OTLS OK
OTLZ OK
OTLJ OK
OSIT OK
OSIZ OK
OSIJ OK
OSTI OK
OSIL OK
OSTJ OK
OTSZ OK
OSTZ OK
OSTL OK
OSZI OK
OSZT OK
OTZS OK
OSJI OK
OSJT OK
OSJL OK
OSZL OK
OSLI OK
OSLT OK
OSLJ OK
OZIT OK
OZIS OK
OSLZ OK
OZIJ OK
OZIL OK
OZTI OK
OSJZ OK
OZTJ OK
OZSI OK
OZTL OK
OSZJ OK
OZTS OK
OZJI OK
OZSL OK
OZJT OK
OZST OK
OZJL OK
OZLI OK
OZLT OK
OZSJ OK
OZLJ OK
OJIT OK
OJIS OK
OJIL OK
OJIZ OK
OJTI OK
OJTS OK
OZLS OK
OJTZ OK
OJTL OK
OZJS OK
OJST OK
OJSI OK
OJSL OK
OJZT OK
OJZL OK
OJZI OK
OJLI OK
OJLT OK
OJLS OK
OJLZ OK
OLIT OK
OLIS OK
OLIJ OK
OLIZ OK
OLTI OK
OLTS OK
OJSZ OK
OLTZ OK
OLTJ OK
OLST OK
OLSI OK
OLSJ OK
OLZI OK
OLZT OK
OLSZ OK
OLZJ OK
OLJI OK
OLJT OK
OLJS OK
OLJZ OK
TIOS OK
TIOZ OK
TIOJ OK
TIOL OK
TISO OK
TISZ OK
TISJ OK
TISL OK
TIZO OK
TIZS OK
TIZJ OK
OJZS OK
TIJO OK
TIJS OK
TIZL OK
TIJZ OK
TIJL OK
TILO OK
TILS OK
TILZ OK
TILJ OK
TOIS OK
TOIJ OK
TOIZ OK
TOIL OK
TOSI OK
TOSJ OK
TOSL OK
TOZI OK
TOZJ OK
OLZS OK
TOJI OK
TOJS OK
TOZL OK
TOJZ OK
TOJL OK
TOLI OK
TOLS OK
TOLJ OK
TOLZ OK
TSIO OK
TSIJ OK
TSIZ OK
TSIL OK
TSOI OK
TOSZ OK
TSOJ OK
TSOL OK
TSZI OK
TOZS OK
TSZJ OK
TSZL OK
TSJI OK
TSJO OK
TSJL OK
TSJZ OK
TSLI OK
TSLO OK
TSLJ OK
TSLZ OK
TZIO OK
TZIJ OK
TZIS OK
TZIL OK
TZOI OK
TZOJ OK
TSOZ OK
TZSI OK
TZOL OK
TSZO OK
TZSJ OK
TZJI OK
TZSL OK
TZJO OK
TZJS OK
TZJL OK
TZLO OK
TZLI OK
TZLJ OK
TJIO OK
TJIS OK
TJIZ OK
TJIL OK
TJOI OK
TZOS OK
TJOS OK
TZLS OK
TJOZ OK
TJOL OK
TJSI OK
TJSO OK
TJSL OK
TJZI OK
TJSZ OK
TJZO OK
TJZL OK
TZSO OK
TJLI OK
TJLO OK
TJLS OK
TJLZ OK
TJZS OK
TLIO OK
TLIJ OK
TLIS OK
TLIZ OK
TLOI OK
TLOJ OK
TLSI OK
TLSO OK
TLSZ OK
TLSJ OK
TLZI OK
TLOS OK
TLOZ OK
TLZJ OK
TLJI OK
TLJO OK
TLJS OK
TLJZ OK
SIOT OK
SIOZ OK
TLZO OK
SIOJ OK
SITO OK
SIOL OK
SITZ OK
SITJ OK
SITL OK
SIZO OK
SIZT OK
SIZJ OK
SIZL OK
TLZS OK
SIJO OK
SIJT OK
SIJL OK
SILT OK
SILO OK
SILJ OK
SOIT OK
SOIZ OK
SOIJ OK
SOIL OK
SOTI OK
SOTZ OK
SOTJ OK
SILZ OK
SOTL OK
SOZI OK
SOZT OK
SOZL OK
SOJI OK
SOJT OK
SOJL OK
SIJZ OK
SOLI OK
SOLT OK
SOLJ OK
STIO OK
STIZ OK
STIJ OK
SOLZ OK
STIL OK
STOI OK
STOJ OK
SOJZ OK
STOL OK
STZI OK
STZJ OK
STOZ OK
SOZJ OK
STJI OK
STZL OK
STJO OK
STJL OK
STLI OK
STZO OK
STLO OK
STLJ OK
SZIO OK
STLZ OK
SZIT OK
SZIJ OK
SZIL OK
SZOI OK
STJZ OK
SZOT OK
SZTI OK
SZOL OK
SZTJ OK
SZJI OK
SZTO OK
SZJT OK
SZJL OK
SZTL OK
SZLI OK
SZOJ OK
SZLJ OK
SJIO OK
SZLT OK
SJIT OK
SJIL OK
SJIZ OK
SZJO OK
SJOT OK
SJOI OK
SJOL OK
SJTI OK
SJTO OK
SJTL OK
SZLO OK
SJTZ OK
SJZI OK
SJZL OK
SJZT OK
SJLI OK
SJLO OK
SJLT OK
SJLZ OK
SLIT OK
SJOZ OK
SLIJ OK
SLIO OK
SLIZ OK
SLOT OK
SLOI OK
SLOJ OK
SJZO OK
SLTI OK
SLTO OK
SLTJ OK
SLOZ OK
SLZI OK
SLTZ OK
SLZJ OK
SLJI OK
SLJO OK
SLJT OK
SLJZ OK
SLZT OK
ZIOT OK
ZIOL OK
ZITO OK
ZITS OK
ZIOJ OK
ZITJ OK
ZITL OK
ZISO OK
ZIST OK
ZISJ OK
ZISL OK
ZIJT OK
SLZO OK
ZIJL OK
ZIJO OK
ZILO OK
ZILT OK
ZILJ OK
ZOIT OK
ZILS OK
ZOIS OK
ZOIJ OK
ZIOS OK
ZOTI OK
ZOIL OK
ZOTJ OK
ZOTL OK
ZOSI OK
ZIJS OK
ZOSL OK
ZOJI OK
ZOTS OK
ZOJT OK
ZOJL OK
ZOST OK
ZOLI OK
ZOLT OK
ZOSJ OK
ZOLJ OK
ZTIO OK
ZTIS OK
ZTIJ OK
ZTIL OK
ZTOI OK
ZTOJ OK
ZOLS OK
ZTSI OK
ZTOL OK
ZOJS OK
ZTSJ OK
ZTJI OK
ZTJO OK
ZTJS OK
ZTSL OK
ZTJL OK
ZTLI OK
ZTLO OK
ZTOS OK
ZTLJ OK
ZSIO OK
ZSIT OK
ZSIJ OK
ZSIL OK
ZSOI OK
ZTLS OK
ZTSO OK
ZSTI OK
ZSOL OK
ZSTJ OK
ZSOT OK
ZSTO OK
ZSOJ OK
ZSJI OK
ZSJT OK
ZSJL OK
ZSTL OK
ZSLI OK
ZSLJ OK
ZSLT OK
ZJIT OK
ZJIO OK
ZSJO OK
ZJIL OK
ZJOT OK
ZSLO OK
ZJOI OK
ZJTI OK
ZJOL OK
ZJTO OK
ZJTL OK
ZJTS OK
ZJSI OK
ZJST OK
ZJSL OK
ZJIS OK
ZJLI OK
ZJLT OK
ZJLO OK
ZJLS OK
ZLIO OK
ZLIT OK
ZLIS OK
ZLIJ OK
ZLOI OK
ZJSO OK
ZLOT OK
ZLOJ OK
ZLTI OK
ZJOS OK
ZLTO OK
ZLTJ OK
ZLSI OK
ZLOS OK
ZLSJ OK
ZLJI OK
ZLTS OK
ZLJO OK
ZLJT OK
ZLST OK
ZLJS OK
JIOT OK
ZLSO OK
JIOL OK
JITO OK
JITS OK
JITZ OK
JITL OK
JIOS OK
JIOZ OK
JIST OK
JISL OK
JISO OK
JIZT OK
JISZ OK
JIZL OK
JILO OK
JILT OK
JIZO OK
JILS OK
JILZ OK
JOIT OK
JOIL OK
JOTI OK
JOIS OK
JOIZ OK
JOTS OK
JOTL OK
JOTZ OK
JOST OK
JOSI OK
JOSL OK
JOZT OK
JOZI OK
JOZL OK
JOLI OK
JOLT OK
JOLS OK
JOLZ OK
JTIO OK
JTIS OK
JTIZ OK
JTIL OK
JOSZ OK
JTOI OK
JTOS OK
JTOZ OK
JIZS OK
JTOL OK
JTSI OK
JTSO OK
JTSL OK
JTZI OK
JTZO OK
JTZS OK
JTZL OK
JTLI OK
JTSZ OK
JTLO OK
JTLS OK
JTLZ OK
JSIT OK
JSIO OK
JSIL OK
JSIZ OK
JSOT OK
JSOI OK
JSOL OK
JSTI OK
JSTO OK
JSTL OK
JSTZ OK
JSZI OK
JOZS OK
JSZL OK
JSLI OK
JSZT OK
JSLO OK
JSLT OK
JSLZ OK
JSOZ OK
JZIT OK
JZIL OK
JZIO OK
JZOI OK
JZOT OK
JZOL OK
JZTI OK
JSZO OK
JZTO OK
JZTL OK
JZTS OK
JZSI OK
JZIS OK
JZST OK
JZLI OK
JZSL OK
JZLO OK
JZLT OK
JZLS OK
JLIO OK
JLIT OK
JLIS OK
JLIZ OK
JLOT OK
JLOI OK
JLOS OK
JLOZ OK
JLTI OK
JLTO OK
JLTZ OK
JLTS OK
JLSI OK
JLSO OK
JLST OK
JLSZ OK
JLZI OK
JLZO OK
JLZT OK
LIOT OK
JLZS OK
JZOS OK
LIOJ OK
LITO OK
LITS OK
LITZ OK
LITJ OK
LIOS OK
LIST OK
LIOZ OK
LISJ OK
LIZO OK
LISO OK
LIZT OK
LIZJ OK
LIJO OK
LIJT OK
LISZ OK
LIJS OK
LIJZ OK
LIZS OK
LOIT OK
LOIJ OK
LOTI OK
JZSO TIMEOUT
LOTS OK
LOIZ OK
LOTZ OK
LOIS OK
LOTJ OK
LOSJ OK
LOST OK
LOSI OK
LOZI OK
LOZT OK
LOJI OK
LOZJ OK
LOJT OK
LOJS OK
LOSZ OK
LOJZ OK
LTIO OK
LTIS OK
LTIZ OK
LTIJ OK
LTOI OK
LTOJ OK
LTSI OK
LTOS OK
LTOZ OK
LTSO OK
LTSJ OK
LTZI OK
LTZO OK
LTZJ OK
LTJI OK
LTJO OK
LTZS OK
LTJS OK
LTSZ OK
LTJZ OK
LSIT OK
LSIJ OK
LOZS OK
LSIO OK
LSOT OK
LSIZ OK
LSOJ OK
LSTI OK
LSTO OK
LSTJ OK
LSOI OK
LSOZ OK
LSZI OK
LSZJ OK
LSJI OK
LSJO OK
LSJT OK
LSJZ OK
LZIO OK
LZIT OK
LSTZ OK
LZIJ OK
LZIS OK
LSZT OK
LZOI OK
LZOJ OK
LZOT OK
LZTI OK
LSZO OK
LZTO OK
LZTJ OK
LZSI OK
LZTS OK
LZSJ OK
LZJI OK
LZJO OK
LZJT OK
LZJS OK
LJIO OK
LZST OK
LJIT OK
LJIS OK
LJIZ OK
LJOI OK
LJOT OK
LJOS OK
LJOZ OK
LJTI OK
LJTO OK
LJTZ OK
LJTS OK
LJSI OK
LJSO OK
LZOS OK
LJST OK
LJSZ OK
LJZO OK
LJZI OK
LJZT OK
LJZS OK
LZSO OK
