IOTZ OK
IOTS OK
IOTJ OK
IOST OK
IOTL OK
IOSL OK
IOZT OK
IOSJ OK
IOSZ OK
IOZJ OK
IOZL OK
IOJT OK
IOJS OK
IOJZ OK
IOLT OK
IOJL OK
IOLS OK
IOLZ OK
IOLJ OK
ITOS OK
ITOJ OK
ITOZ OK
ITOL OK
ITSO OK
ITSJ OK
ITSZ OK
ITSL OK
ITZO OK
ITZS OK
ITZJ OK
ITJO OK
ITZL OK
ITJS OK
ITJZ OK
ITJL OK
ITLO OK
ITLS OK
ITLZ OK
ITLJ OK
ISOT OK
ISOZ OK
ISOJ OK
ISOL OK
ISTO OK
ISTZ OK
ISTJ OK
ISTL OK
ISZO OK
ISZT OK
ISZL OK
ISZJ OK
IOZS OK
ISJO OK
ISJT OK
ISJL OK
ISLO OK
ISLT OK
ISLJ OK
IZOT OK
ISJZ OK
IZOJ OK
IZOL OK
IZTO OK
ISLZ OK
IZTS OK
IZTJ OK
IZTL OK
IZST OK
IZSO OK
IZSJ OK
IZSL OK
IZJO OK
IZJT OK
IZJL OK
IZLO OK
IZLT OK
IZLS OK
IZJS OK
IZLJ OK
IJOT OK
IJOS OK
IJOZ OK
IJOL OK
IZOS OK
IJTO OK
IJTS OK
IJTZ OK
IJTL OK
IJST OK
IJSL OK
IJSO OK
IJSZ OK
IJZT OK
IJZL OK
IJZO OK
IJLO OK
IJLT OK
IJLS OK
IJLZ OK
ILOT OK
ILOS OK
ILOZ OK
ILOJ OK
ILTO OK
ILTS OK
IJZS OK
ILTZ OK
ILTJ OK
ILST OK
ILSJ OK
ILSO OK
ILZT OK
ILZO OK
ILZJ OK
ILJO OK
ILZS OK
ILJT OK
ILJS OK
ILJZ OK
OITS OK
OITZ OK
OITJ OK
OITL OK
OIST OK
OISZ OK
OISJ OK
OISL OK
OIZT OK
OIZS OK
OIZJ OK
OIJT OK
OIZL OK
OIJS OK
OIJZ OK
ILSZ OK
OIJL OK
OILT OK
OILJ OK
OTIS OK
OILZ OK
OILS OK
OTIZ OK
OTIJ OK
OTIL OK
OTSI OK
OTSJ OK
OTZI OK
OTSL OK
OTZJ OK
OTZL OK
OTJI OK
OTJS OK
OTJZ OK
OTJL OK
OTLI OK
OTLS OK
OTSZ OK
OTLJ OK
OSIT OK
OTZS OK
OTLZ OK
OSIL OK
OSIZ OK
OSIJ OK
OSTI OK
OSTJ OK
OSTZ OK
OSTL OK
OSZI OK
OSZT OK
OSJI OK
OSZL OK
OSJT OK
OSZJ OK
OSJL OK
OSLI OK
OSLT OK
OSLJ OK
OSJZ OK
OZIT OK
OZIS OK
OSLZ OK
OZIJ OK
OZIL OK
OZTI OK
OZTJ OK
OZSI OK
OZTL OK
OZSJ OK
OZSL OK
OZJI OK
OZJT OK
OZTS OK
OZJL OK
OZJS OK
OZLI OK
OZST OK
OZLJ OK
OZLT OK
OJIT OK
OZLS OK
OJIL OK
OJIS OK
OJTI OK
OJIZ OK
OJTL OK
OJTS OK
OJTZ OK
OJST OK
OJSI OK
OJSL OK
OJSZ OK
OJZI OK
OJZT OK
OJZL OK
OJLI OK
OJLT OK
OJLS OK
OJLZ OK
OJZS OK
OLIT OK
OLIJ OK
OLIS OK
OLIZ OK
OLTI OK
OLTJ OK
OLTS OK
OLTZ OK
OLSI OK
OLST OK
OLSJ OK
OLZT OK
OLZI OK
OLZJ OK
OLSZ OK
OLJI OK
OLJT OK
OLZS OK
OLJS OK
OLJZ OK
TIOS OK
TIOJ OK
TIOZ OK
TIOL OK
TISO OK
TISJ OK
TISZ OK
TISL OK
TIZO OK
TIZJ OK
TIZS OK
TIZL OK
TIJO OK
TIJS OK
TIJZ OK
TIJL OK
TILO OK
TILJ OK
TILS OK
TILZ OK
TOIS OK
TOIZ OK
TOIJ OK
TOIL OK
TOSI OK
TOSJ OK
TOZI OK
TOSL OK
TOZJ OK
TOZL OK
TOJI OK
TOJS OK
TOJZ OK
TOJL OK
TOLI OK
TOLS OK
TOSZ OK
TOLJ OK
TOLZ OK
TSIO OK
TSIZ OK
TSIJ OK
TOZS OK
TSIL OK
TSOI OK
TSOJ OK
TSOL OK
TSZI OK
TSZJ OK
TSZL OK
TSJI OK
TSJO OK
TSJZ OK
TSJL OK
TSLI OK
TSLO OK
TSLZ OK
TSLJ OK
TZIO OK
TZIS OK
TSOZ OK
TZIJ OK
TZIL OK
TZOI OK
TSZO OK
TZOJ OK
TZSI OK
TZOL OK
TZSJ OK
TZSL OK
TZJI OK
TZJO OK
TZJS OK
TZJL OK
TZLI OK
TZLO OK
TZOS OK
TZLS OK
TZLJ OK
TJIO OK
TJIS OK
TJIZ OK
TJIL OK
TZSO OK
TJOI OK
TJOL OK
TJOS OK
TJOZ OK
TJSI OK
TJSO OK
TJSZ OK
TJSL OK
TJZI OK
TJZL OK
TJZO OK
TJLI OK
TJLO OK
TJZS OK
TJLS OK
TJLZ OK
TLIO OK
TLIZ OK
TLIS OK
TLIJ OK
TLOI OK
TLOJ OK
TLSI OK
TLSO OK
TLOS OK
TLOZ OK
TLSJ OK
TLZI OK
TLSZ OK
TLZJ OK
TLJI OK
TLJO OK
TLJS OK
TLJZ OK
TLZO OK
SIOT OK
SIOZ OK
SIOJ OK
SIOL OK
SITO OK
SITZ OK
SITJ OK
TLZS OK
SITL OK
SIZT OK
SIZO OK
SIZJ OK
SIZL OK
SIJO OK
SIJT OK
SIJL OK
SILO OK
SILT OK
SILJ OK
SIJZ OK
SOIT OK
SOIZ OK
SOIJ OK
SOIL OK
SOTI OK
SOTZ OK
SOTJ OK
SILZ OK
SOTL OK
SOZI OK
SOZT OK
SOJI OK
SOZL OK
SOZJ OK
SOJT OK
SOJL OK
SOLI OK
SOLT OK
SOJZ OK
SOLJ OK
STIO OK
STIZ OK
STIJ OK
SOLZ OK
STIL OK
STOI OK
STOJ OK
STOL OK
STZI OK
STZJ OK
STOZ OK
STZL OK
STJI OK
STJO OK
STZO OK
STJZ OK
STJL OK
STLI OK
STLO OK
STLJ OK
SZIO OK
STLZ OK
SZIT OK
SZIJ OK
SZIL OK
SZOI OK
SZOL OK
SZOJ OK
SZTI OK
SZOT OK
SZTJ OK
SZTL OK
SZJI OK
SZTO OK
SZJT OK
SZJL OK
SZLI OK
SZJO OK
SZLJ OK
SZLO OK
SJIT OK
SJIO OK
SJIL OK
SJIZ OK
SJOT OK
SJOI OK
SZLT OK
SJOL OK
SJTI OK
SJTO OK
SJTZ OK
SJTL OK
SJOZ OK
SJZI OK
SJZT OK
SJZL OK
SJZO OK
SJLI OK
SJLO OK
SJLT OK
SJLZ OK
SLIT OK
SLIJ OK
SLIO OK
SLOI OK
SLOT OK
SLOJ OK
SLIZ OK
SLTI OK
SLTO OK
SLTJ OK
SLOZ OK
SLTZ OK
SLZI OK
SLZJ OK
SLZO OK
SLJI OK
SLZT OK
SLJO OK
SLJT OK
SLJZ OK
ZIOT OK
ZIOS OK
ZIOJ OK
ZIOL OK
ZITO OK
ZITS OK
ZITJ OK
ZITL OK
ZIST OK
ZISO OK
ZISJ OK
ZISL OK
ZIJO OK
ZIJT OK
ZIJL OK
ZILO OK
ZILT OK
ZILJ OK
ZOIT OK
ZILS OK
ZOIS OK
ZOIJ OK
ZIJS OK
ZOIL OK
ZOTI OK
ZOTJ OK
ZOTL OK
ZOSI OK
ZOSJ OK
ZOSL OK
ZOJI OK
ZOJT OK
ZOTS OK
ZOJL OK
ZOLI OK
ZOST OK
ZOJS OK
ZOLJ OK
ZOLT OK
ZTIO OK
ZOLS OK
ZTIS OK
ZTIJ OK
ZTIL OK
ZTOI OK
ZTOJ OK
ZTSI OK
ZTOL OK
ZTSJ OK
ZTSL OK
ZTJI OK
ZTJO OK
ZTOS OK
ZTJS OK
ZTJL OK
ZTLI OK
ZTLO OK
ZTLS OK
ZTLJ OK
ZTSO OK
ZSIT OK
ZSIO OK
ZSIJ OK
ZSIL OK
ZSOI OK
ZSOL OK
ZSOJ OK
ZSTI OK
ZSTJ OK
ZSOT OK
ZSJI OK
ZSTO OK
ZSJO OK
ZSJL OK
ZSJT OK
ZSTL OK
ZSLI OK
ZSLJ OK
ZSLO OK
ZJIO OK
ZJIT OK
ZJIL OK
ZJOI OK
ZJOT OK
ZSLT OK
ZJIS OK
ZJOL OK
ZJTI OK
ZJTO OK
ZJTL OK
ZJOS OK
ZJTS OK
ZJSI OK
ZJSL OK
ZJLI OK
ZJSO OK
ZJLO OK
ZJST OK
ZJLT OK
ZJLS OK
ZLIT OK
ZLIO OK
ZLIJ OK
ZLOI OK
ZLIS OK
ZLOJ OK
ZLOT OK
ZLTI OK
ZLOS OK
ZLTO OK
ZLTS OK
ZLTJ OK
ZLSI OK
ZLSJ OK
ZLJI OK
ZLSO OK
ZLJO OK
ZLJT OK
ZLJS OK
JIOT OK
JIOS OK
JIOZ OK
JIOL OK
JITO OK
ZLST OK
JITS OK
JITZ OK
JITL OK
JIST OK
JISL OK
JISO OK
JISZ OK
JIZT OK
JIZL OK
JIZO OK
JILO OK
JILT OK
JILS OK
JILZ OK
JOIT OK
JOIS OK
JOIZ OK
JOIL OK
JOTI OK
JOTS OK
JOTZ OK
JOTL OK
JIZS OK
JOST OK
JOSI OK
JOSL OK
JOSZ OK
JOZI OK
JOZT OK
JOZL OK
JOLI OK
JOLT OK
JOLS OK
JOLZ OK
JTIO OK
JOZS OK
JTIS OK
JTIZ OK
JTIL OK
JTOI OK
JTOL OK
JTOS OK
JTOZ OK
JTSI OK
JTSO OK
JTSZ OK
JTSL OK
JTZI OK
JTZO OK
JTZL OK
JTLI OK
JTLO OK
JTZS OK
JTLS OK
JTLZ OK
JSIT OK
JSIL OK
JSIO OK
JSIZ OK
JSOI OK
JSOT OK
JSOL OK
JSTI OK
JSTO OK
JSTZ OK
JSTL OK
JSOZ OK
JSZI OK
JSZL OK
JSZT OK
JSZO OK
JSLI OK
JSLO OK
JSLT OK
JSLZ OK
JZIT OK
JZIL OK
JZIO OK
JZOT OK
JZOI OK
JZOL OK
JZTI OK
JZIS OK
JZOS OK
JZTO OK
JZTL OK
JZTS OK
JZSI OK
JZSL OK
JZST OK
JZSO OK
JZLI OK
JZLT OK
JZLO OK
JZLS OK
JLIT OK
JLIO OK
JLIS OK
JLIZ OK
JLOI OK
JLOT OK
JLTI OK
JLOS OK
JLOZ OK
JLTO OK
JLTS OK
JLTZ OK
JLSI OK
JLSO OK
JLST OK
JLSZ OK
JLZI OK
JLZT OK
JLZO OK
LIOT OK
JLZS OK
LIOJ OK
LIOS OK
LIOZ OK
LITO OK
LITS OK
LITJ OK
LITZ OK
LIST OK
LISJ OK
LISO OK
LIZT OK
LIZO OK
LIZJ OK
LIJO OK
LIZS OK
LIJT OK
LIJS OK
LIJZ OK
LOIT OK
LOIS OK
LOIJ OK
LOIZ OK
LOTI OK
LOTS OK
LOTZ OK
LOTJ OK
LOST OK
LISZ OK
LOSI OK
LOSJ OK
LOZT OK
LOZI OK
LOZJ OK
LOJI OK
LOZS OK
LOSZ OK
LOJT OK
LOJS OK
LTIO OK
LOJZ OK
LTIS OK
LTIJ OK
LTIZ OK
LTOI OK
LTOJ OK
LTSI OK
LTSO OK
LTOS OK
LTOZ OK
LTSJ OK
LTZI OK
LTSZ OK
LTZJ OK
LTJI OK
LTJO OK
LTZO OK
LTJS OK
LTJZ OK
LSIT OK
LTZS OK
LSIJ OK
LSIO OK
LSOT OK
LSOI OK
LSOJ OK
LSTI OK
LSTO OK
LSTZ OK
LSTJ OK
LSOZ OK
LSZI OK
LSIZ OK
LSZJ OK
LSJI OK
LSJO OK
LSJT OK
LSJZ OK
LZIO OK
LZIT OK
LZIS OK
LZIJ OK
LSZT OK
LZOI OK
LZOT OK
LZOS OK
LSZO OK
LZOJ OK
LZTI OK
LZTJ OK
LZTO OK
LZSI OK
LZSO OK
LZSJ OK
LZJI OK
LZJO OK
LZJT OK
LZJS OK
LZTS OK
LJIO OK
LJIT OK
LJIS OK
LJIZ OK
LJOI OK
LJOT OK
LJOS OK
LZST OK
LJOZ OK
LJTI OK
LJTO OK
LJTS OK
LJTZ OK
LJSI OK
LJSO OK
LJST OK
LJSZ OK
LJZI OK
LJZO OK
LJZT OK
LJZS OK
