IOTL OK
IOTS OK
IOTJ OK
IOTZ OK
IOST OK
IOSL OK
IOZT OK
IOSJ OK
IOSZ OK
IOJT OK
IOZJ OK
IOZL OK
IOJS OK
IOJL OK
IOLT OK
IOJZ OK
IOLJ OK
ITOS OK
IOLS OK
IOLZ OK
ITOZ OK
ITOJ OK
ITOL OK
ITSO OK
ITSZ OK
ITSJ OK
ITSL OK
ITZO OK
ITZJ OK
ITZS OK
ITZL OK
ITJO OK
ITJS OK
ITJZ OK
ITJL OK
ITLO OK
ITLJ OK
ITLS OK
ITLZ OK
ISOT OK
ISOJ OK
ISTO OK
ISTZ OK
ISTJ OK
ISOL OK
ISTL OK
ISZT OK
ISOZ OK
IOZS OK
ISZJ OK
ISZL OK
ISJT OK
ISJL OK
ISJO OK
ISLT OK
ISJZ OK
ISLO OK
ISLJ OK
IZOT OK
IZOJ OK
ISLZ OK
IZTO OK
IZOL OK
IZTS OK
IZTJ OK
IZTL OK
IZST OK
ISZO OK
IZSJ OK
IZSO OK
IZJT OK
IZJO OK
IZSL OK
IZJL OK
IZLT OK
IZJS OK
IZLJ OK
IZLO OK
IJOT OK
IZLS OK
IJOL OK
IJTO OK
IJTS OK
IJOS OK
IJTZ OK
IJOZ OK
IJTL OK
IJST OK
IJSO OK
IJSL OK
IJZT OK
IZOS OK
IJSZ OK
IJZL OK
IJLO OK
IJZO OK
IJLT OK
IJLS OK
IJLZ OK
ILOT OK
IJZS OK
ILOJ OK
ILTO OK
ILTS OK
ILTJ OK
ILTZ OK
ILST OK
ILOS OK
ILOZ OK
ILSJ OK
ILZT OK
ILSO OK
ILZO OK
ILZJ OK
ILJO OK
ILJT OK
ILJS OK
ILSZ OK
ILJZ OK
ILZS OK
OITS OK
OITZ OK
OITJ OK
OITL OK
OIST OK
OISZ OK
OISJ OK
OISL OK
OIZT OK
OIJT OK
OIZL OK
OIZJ OK
OIJL OK
OIJS OK
OILT OK
OIJZ OK
OILJ OK
OILS OK
OILZ OK
OTIS OK
OTIZ OK
OTIJ OK
OTIL OK
OTSI OK
OTSJ OK
OTSL OK
OTZI OK
OTZJ OK
OTZL OK
OTJI OK
OTJS OK
OTJZ OK
OTJL OK
OTLI OK
OTLS OK
OTLZ OK
OTLJ OK
OSIT OK
OTSZ OK
OIZS OK
OSIZ OK
OSIJ OK
OSIL OK
OTZS OK
OSTI OK
OSTJ OK
OSTZ OK
OSTL OK
OSZI OK
OSZT OK
OSJI OK
OSJT OK
OSJL OK
OSLI OK
OSZL OK
OSLT OK
OSLJ OK
OZIT OK
OSLZ OK
OZIJ OK
OSJZ OK
OZTI OK
OZIL OK
OZTJ OK
OZTL OK
OZIS OK
OSZJ OK
OZTS OK
OZSI OK
OZJI OK
OZJT OK
OZSL OK
OZJL OK
OZLI OK
OZJS OK
OZST OK
OZLT OK
OZLJ OK
OJIT OK
OZSJ OK
OJIL OK
OJTI OK
OJIS OK
OZLS OK
OJTS OK
OJIZ OK
OJTL OK
OJTZ OK
OJSL OK
OJST OK
OJSI OK
OJZI OK
OJZT OK
OJZL OK
OJLI OK
OJLT OK
OJLS OK
OJLZ OK
OLIT OK
OLIS OK
OLIZ OK
OLIJ OK
OLTI OK
OLTS OK
OJSZ OK
OLTZ OK
OLTJ OK
OLST OK
OLSI OK
OLSJ OK
OLZT OK
OLZI OK
OLSZ OK
OLJI OK
OLZJ OK
OLJT OK
OJZS OK
OLJS OK
OLJZ OK
TIOJ OK
TIOS OK
TIOZ OK
TIOL OK
TISO OK
TISZ OK
TISJ OK
TISL OK
TIZJ OK
TIZO OK
TIZS OK
TIJO OK
TIZL OK
TIJS OK
TIJZ OK
TIJL OK
TILO OK
TILJ OK
TILS OK
TILZ OK
TOIS OK
TOIZ OK
TOIJ OK
TOIL OK
TOSI OK
TOSJ OK
TOSL OK
TOZI OK
TOZJ OK
TOZL OK
TOJI OK
TOJS OK
TOJZ OK
TOJL OK
TOLI OK
TOLS OK
TOLZ OK
TOLJ OK
TSIO OK
OLZS OK
TSIJ OK
TSIZ OK
TOSZ OK
TSIL OK
TSOI OK
TSOJ OK
TSOL OK
TOZS OK
TSZI OK
TSZL OK
TSZJ OK
TSJI OK
TSJO OK
TSJL OK
TSJZ OK
TSLI OK
TSLO OK
TSLJ OK
TSLZ OK
TZIO OK
TZIS OK
TZIJ OK
TZIL OK
TZOI OK
TZOJ OK
TZOL OK
TZSI OK
TSOZ OK
TZSJ OK
TSZO OK
TZJI OK
TZSL OK
TZJO OK
TZJL OK
TZJS OK
TZLO OK
TZLI OK
TZLJ OK
TJIO OK
TZLS OK
TJIS OK
TJIZ OK
TJIL OK
TJOI OK
TZOS OK
TJOS OK
TJOZ OK
TJOL OK
TJSI OK
TJSL OK
TJSO OK
TJZI OK
TJSZ OK
TJZO OK
TJZL OK
TJLI OK
TZSO OK
TJLO OK
TJLS OK
TJZS OK
TJLZ OK
TLIO OK
TLIS OK
TLIZ OK
TLIJ OK
TLOI OK
TLOJ OK
TLSI OK
TLOS OK
TLOZ OK
TLSO OK
TLSJ OK
TLZI OK
TLSZ OK
TLZO OK
TLZJ OK
TLJI OK
TLJS OK
TLJO OK
TLZS OK
TLJZ OK
SIOT OK
SITO OK
SITZ OK
SIOJ OK
SITJ OK
SITL OK
SIZT OK
SIOL OK
SIZL OK
SIOZ OK
SIJT OK
SIJO OK
SIJL OK
SIZJ OK
SIZO OK
SILT OK
SILJ OK
SILO OK
SOIT OK
SOIZ OK
SOIJ OK
SOTI OK
SOIL OK
SILZ OK
SIJZ OK
SOTJ OK
SOTZ OK
SOTL OK
SOZT OK
SOZI OK
SOJT OK
SOJI OK
SOJL OK
SOZL OK
SOLI OK
SOLT OK
SOLJ OK
STIO OK
STIZ OK
SOLZ OK
STIJ OK
STIL OK
STOI OK
STOJ OK
SOJZ OK
STZI OK
STOL OK
STZJ OK
STOZ OK
SOZJ OK
STJI OK
STZL OK
STJO OK
STJL OK
STLI OK
STLO OK
STLJ OK
STJZ OK
SZIT OK
STZO OK
STLZ OK
SZIO OK
SZIJ OK
SZIL OK
SZOI OK
SZTI OK
SZOL OK
SZTJ OK
SZOT OK
SZTO OK
SZOJ OK
SZTL OK
SZJI OK
SZJL OK
SZJT OK
SZLI OK
SZLJ OK
SJIO OK
SZLT OK
SJIT OK
SJIL OK
SJIZ OK
SJOT OK
SZJO OK
SJOI OK
SJTI OK
SJOL OK
SJTO OK
SJTL OK
SZLO OK
SJTZ OK
SJZI OK
SJZL OK
SJZT OK
SJLI OK
SJLO OK
SJLT OK
SJLZ OK
SJOZ OK
SLIT OK
SLIJ OK
SLIO OK
SLIZ OK
SLOT OK
SLOI OK
SJZO OK
SLOJ OK
SLTI OK
SLTO OK
SLTJ OK
SLOZ OK
SLZI OK
SLZJ OK
SLJI OK
SLJO OK
SLJT OK
SLTZ OK
SLJZ OK
ZIOT OK
SLZT OK
ZIOJ OK
ZITO OK
ZITS OK
ZIOL OK
ZITJ OK
ZITL OK
ZIST OK
ZISJ OK
ZISO OK
ZISL OK
ZIJT OK
ZIJO OK
ZIJL OK
ZIJS OK
ZILT OK
ZILO OK
ZILJ OK
ZOIT OK
SLZO OK
ZILS OK
ZOIL OK
ZOIJ OK
ZIOS OK
ZOTI OK
ZOTJ OK
ZOTL OK
ZOSI OK
ZOTS OK
ZOIS OK
ZOSL OK
ZOJI OK
ZOJT OK
ZOJL OK
ZOST OK
ZOLI OK
ZOLT OK
ZOJS OK
ZOLJ OK
ZOSJ OK
ZTIO OK
ZTIS OK
ZTIJ OK
ZTIL OK
ZTOI OK
ZTOJ OK
ZOLS OK
ZTSI OK
ZTOL OK
ZTSJ OK
ZTJI OK
ZTOS OK
ZTJO OK
ZTSL OK
ZTJL OK
ZTJS OK
ZTLI OK
ZTLO OK
ZTLJ OK
ZSIT OK
ZSIO OK
ZSIJ OK
ZTLS OK
ZSIL OK
ZTSO OK
ZSOI OK
ZSTI OK
ZSOL OK
ZSTJ OK
ZSOT OK
ZSTO OK
ZSJI OK
ZSTL OK
ZSOJ OK
ZSJT OK
ZSJL OK
ZSLI OK
ZSLJ OK
ZJIO OK
ZSLT OK
ZJIT OK
ZJIL OK
ZJIS OK
ZJOT OK
ZSJO OK
ZJOI OK
ZJOL OK
ZJTI OK
ZJTO OK
ZJTL OK
ZSLO OK
ZJTS OK
ZJOS OK
ZJSL OK
ZJSI OK
ZJLI OK
ZJLO OK
ZJST OK
ZJLS OK
ZJLT OK
ZLIT OK
ZLIJ OK
ZLIO OK
ZLIS OK
ZLOI OK
ZLOT OK
ZLOJ OK
ZLTO OK
ZLTI OK
ZLTJ OK
ZLOS OK
ZLSI OK
ZJSO OK
ZLSJ OK
ZLTS OK
ZLJI OK
ZLJO OK
ZLJT OK
ZLJS OK
JIOT OK
ZLST OK
JIOL OK
JITO OK
ZLSO OK
JITS OK
JITZ OK
JIOS OK
JITL OK
JIST OK
JIOZ OK
JISL OK
JISO OK
JIZT OK
JISZ OK
JIZL OK
JIZO OK
JILO OK
JILT OK
JOIT OK
JILS OK
JILZ OK
JOIL OK
JIZS OK
JOTI OK
JOTS OK
JOTL OK
JOTZ OK
JOIZ OK
JOIS OK
JOST OK
JOSL OK
JOSI OK
JOZT OK
JOZI OK
JOZL OK
JOLT OK
JOLI OK
JOLZ OK
JOLS OK
JTIO OK
JTIS OK
JTIZ OK
JTIL OK
JTOI OK
JTOS OK
JTOZ OK
JTSI OK
JTOL OK
JTSO OK
JTSL OK
JTZI OK
JTZO OK
JOSZ OK
JTSZ OK
JTZL OK
JTLI OK
JTLO OK
JTZS OK
JTLS OK
JTLZ OK
JSIT OK
JSIL OK
JSIO OK
JSIZ OK
JSOI OK
JSOT OK
JSTI OK
JSOL OK
JOZS OK
JSTL OK
JSTO OK
JSTZ OK
JSZI OK
JSZL OK
JSZT OK
JSLI OK
JSLO OK
JSLT OK
JSLZ OK
JZIT OK
JZIO OK
JZIL OK
JSOZ OK
JZIS OK
JZOT OK
JZOI OK
JZOL OK
JZTI OK
JZTO OK
JZTL OK
JZTS OK
JZSI OK
JSZO OK
JZSL OK
JZLI OK
JZLO OK
JZST OK
JZLT OK
JZLS OK
JLIO OK
JLIT OK
JLIS OK
JLIZ OK
JLOT OK
JLOI OK
JLOS OK
JLOZ OK
JLTI OK
JLTO OK
JLTS OK
JLTZ OK
JLSI OK
JLSO OK
JLST OK
JLZI OK
JZOS OK
JLSZ OK
JLZT OK
JLZO OK
LIOT OK
JLZS OK
LIOJ OK
LITO OK
LITS OK
LITZ OK
LITJ OK
JZSO OK
LIST OK
LIOS OK
LIOZ OK
LISJ OK
LIZT OK
LIZO OK
LIZJ OK
LIZS OK
LIJO OK
LISO OK
LIJT OK
LIJS OK
LIJZ OK
LOIT OK
LOIJ OK
LISZ OK
LOTI OK
LOTS OK
LOTJ OK
LOTZ OK
LOST OK
LOIS OK
LOIZ OK
LOSJ OK
LOSI OK
LOZT OK
LOSZ OK
LOJI OK
LOZJ OK
LOJT OK
LOZI OK
LOJS OK
LOJZ OK
LTIO OK
LTIS OK
LTOI OK
LTIZ OK
LTIJ OK
LTOJ OK
LTSI OK
LTSO OK
LTOS OK
LTOZ OK
LTSJ OK
LTZI OK
LTZO OK
LTZS OK
LTZJ OK
LTJI OK
LTJO OK
LTJS OK
LTJZ OK
LSIT OK
LTSZ OK
LSIJ OK
LSIO OK
LSIZ OK
LSOT OK
LSOI OK
LSOJ OK
LSTI OK
LSTO OK
LSTJ OK
LOZS OK
LSOZ OK
LSZI OK
LSZJ OK
LSJI OK
LSTZ OK
LSJO OK
LSJT OK
LSJZ OK
LZIT OK
LSZT OK
LZIJ OK
LZIO OK
LZIS OK
LZOI OK
LZOT OK
LZOJ OK
LZTI OK
LZTO OK
LZTJ OK
LZSI OK
LZTS OK
LZST OK
LZSJ OK
LZJI OK
LZJO OK
LZOS OK
LZJT OK
LZJS OK
LJIO OK
LJIT OK
LJIS OK
LJIZ OK
LJOT OK
LJOI OK
LJOS OK
LJOZ OK
LJTI OK
LJTO OK
LSZO TIMEOUT
LJTS OK
LJTZ OK
LJST OK
LJSI OK
LJSO OK
LJZI OK
LJSZ OK
LZSO OK
LJZO OK
LJZT OK
LJZS OK
