IOTJ OK
IOTS OK
IOTZ OK
IOTL OK
IOST OK
IOSJ OK
IOSL OK
IOZT OK
IOSZ OK
IOZJ OK
IOZL OK
IOJT OK
IOJS OK
IOJZ OK
IOJL OK
IOLT OK
IOLS OK
IOLZ OK
IOLJ OK
ITOS OK
ITOZ OK
ITOJ OK
ITOL OK
ITSO OK
ITSJ OK
ITSL OK
ITZO OK
ITSZ OK
ITZJ OK
ITZL OK
ITJO OK
ITJS OK
ITZS OK
ITJZ OK
ITJL OK
ITLO OK
ITLS OK
ITLZ OK
ITLJ OK
ISOT OK
ISOZ OK
ISOJ OK
ISOL OK
ISTO OK
ISTJ OK
ISTL OK
ISTZ OK
ISZT OK
ISZJ OK
ISZL OK
ISJO OK
ISJT OK
IOZS CAP
ISJZ OK
ISJL OK
ISLO OK
ISLT OK
ISLJ OK
IZOT OK
ISLZ OK
IZOJ OK
IZOL OK
IZTO OK
IZTS OK
IZTJ OK
IZTL OK
ISZO OK
IZSO OK
IZST OK
IZSJ OK
IZSL OK
IZJT OK
IZJO OK
IZJL OK
IZJS OK
IZLO OK
IZLT OK
IZLS OK
IZLJ OK
IJOT OK
IJOS OK
IJOZ OK
IJOL OK
IJTO OK
IJTS OK
IJTZ OK
IJTL OK
IJST OK
IJSO OK
IJSL OK
IJZO OK
IJZT OK
IJSZ OK
IJZL OK
IJLO OK
IJLT OK
IZOS OK
IJLS OK
IJLZ OK
ILOT OK
ILOS OK
ILOJ OK
ILOZ OK
ILTO OK
ILTS OK
ILTJ OK
ILTZ OK
ILST OK
ILSO OK
ILSJ OK
ILZO OK
ILZT OK
ILSZ OK
ILZJ OK
ILJO OK
ILJT OK
ILJS OK
ILJZ OK
OITS OK
OITZ OK
IJZS OK
OITJ OK
OITL OK
OIST OK
OISJ OK
OISL OK
OISZ OK
OIZT OK
OIZJ OK
ILZS OK
OIZL OK
OIJT OK
OIJS OK
OIJZ OK
OIJL OK
OILT OK
OILS OK
OILZ OK
OILJ OK
OTIS OK
OTIZ OK
OTIJ OK
OTIL OK
OTSI OK
OTSJ OK
OTSL OK
OTZI OK
OTZS OK
OTZJ OK
OTZL OK
OTJI OK
OTSZ OK
OTJS OK
OTJZ OK
OTJL OK
OTLI OK
OTLS OK
OTLZ OK
OTLJ OK
OSIT OK
OSIJ OK
OSIL OK
OSIZ OK
OSTI OK
OSTJ OK
OSTL OK
OSTZ OK
OSZI OK
OSZT OK
OIZS OK
OSJI OK
OSJT OK
OSZL OK
OSJL OK
OSJZ OK
OSLI OK
OSLT OK
OSLJ OK
OSLZ OK
OZIT OK
OZIJ OK
OZIL OK
OZTI OK
OZTS OK
OZTJ OK
OZTL OK
OSZJ OK
OZSI OK
OZSJ OK
OZIS OK
OZJI OK
OZST OK
OZJT OK
OZSL OK
OZJS OK
OZJL OK
OZLT OK
OZLI OK
OZLJ OK
OJIT OK
OJIS OK
OJIZ OK
OJIL OK
OJTI OK
OJTS OK
OJTZ OK
OJTL OK
OJSI OK
OJST OK
OZLS OK
OJSL OK
OJZI OK
OJSZ OK
OJZT OK
OJLI OK
OJLT OK
OJLS OK
OJZL OK
OJLZ OK
OLIT OK
OLIS OK
OLIJ OK
OLIZ OK
OLTI OK
OLTS OK
OLTZ OK
OLTJ OK
OLSI OK
OLST OK
OLSJ OK
OLZI OK
OLZT OK
OLSZ OK
OLZJ OK
OLJI OK
OLJT OK
OLJS OK
OLJZ OK
TIOS OK
TIOZ OK
TIOJ OK
TIOL OK
TISO OK
TISZ OK
TISJ OK
TISL OK
TIZO OK
OJZS OK
TIZJ OK
TIZL OK
TIJO OK
TIJS OK
TIJZ OK
TIZS OK
TIJL OK
TILO OK
TILS OK
TILZ OK
TILJ OK
TOIS OK
TOIZ OK
TOIJ OK
TOIL OK
TOSI OK
TOSJ OK
TOSL OK
OLZS OK
TOZI OK
TOZJ OK
TOZL OK
TOJI OK
TOJS OK
TOZS OK
TOJZ OK
TOLI OK
TOJL OK
TOLS OK
TOLZ OK
TOSZ OK
TOLJ OK
TSIO OK
TSIJ OK
TSIL OK
TSOI OK
TSOJ OK
TSIZ OK
TSOL OK
TSZI OK
TSZO OK
TSZJ OK
TSZL OK
TSJI OK
TSJO OK
TSOZ OK
TSJL OK
TSLI OK
TSJZ OK
TSLO OK
TSLJ OK
TSLZ OK
TZIO OK
TZIJ OK
TZIL OK
TZOI OK
TZOJ OK
TZIS OK
TZOL OK
TZOS OK
TZSJ OK
TZSL OK
TZSI OK
TZJI OK
TZSO OK
TZJO OK
TZJL OK
TZJS OK
TZLI OK
TZLO OK
TZLS OK
TZLJ OK
TJIO OK
TJIS OK
TJIZ OK
TJIL OK
TJOI OK
TJOS OK
TJOL OK
TJOZ OK
TJSI OK
TJSO OK
TJSL OK
TJZI OK
TJZO OK
TJSZ OK
TJLI OK
TJZS OK
TJZL OK
TJLO OK
TJLS OK
TJLZ OK
TLIO OK
TLIS OK
TLIZ OK
TLIJ OK
TLOI OK
TLOS OK
TLOZ OK
TLOJ OK
TLSI OK
TLSO OK
TLSZ OK
TLSJ OK
TLZI OK
TLZO OK
TLZS OK
TLJI OK
TLZJ OK
TLJO OK
TLJS OK
TLJZ OK
SIOJ OK
SIOT OK
SIOL OK
SIOZ OK
SITO OK
SITJ OK
SITL OK
SITZ OK
SIZJ OK
SIZT OK
SIJO OK
SIJT OK
SIJZ OK
SIZL OK
SIJL OK
SILO OK
SILT OK
SILJ OK
SOIT OK
SILZ OK
SOIZ OK
SOIJ OK
SOIL OK
SOTI OK
SOTJ OK
SOTZ OK
SOTL OK
SOZI OK
SOZT OK
SIZO OK
SOZL OK
SOJI OK
SOJT OK
SOJL OK
SOLI OK
SOJZ OK
SOLT OK
SOLJ OK
SOLZ OK
STIO OK
STIJ OK
STIL OK
STOI OK
STIZ OK
STOJ OK
STOL OK
SOZJ OK
STZI OK
STOZ OK
STZJ OK
STZO OK
STJI OK
STZL OK
STJO OK
STJL OK
STLI OK
STJZ OK
STLO OK
STLZ OK
STLJ OK
SZIJ OK
SZIL OK
SZIT OK
SZIO OK
SZOT OK
SZOI OK
SZOJ OK
SZTI OK
SZOL OK
SZTO OK
SZTJ OK
SZTL OK
SZJI OK
SZJT OK
SZJO OK
SZJL OK
SZLI OK
SZLT OK
SZLJ OK
SJIO OK
SJIT OK
SJIZ OK
SJIL OK
SZLO OK
SJOI OK
SJOT OK
SJTI OK
SJOL OK
SJTO OK
SJTL OK
SJOZ OK
SJZI OK
SJTZ OK
SJZT OK
SJZL OK
SJLI OK
SJZO OK
SJLT OK
SJLO OK
SJLZ OK
SLIT OK
SLIO OK
SLIJ OK
SLOT OK
SLOI OK
SLOJ OK
SLIZ OK
SLTI OK
SLTO OK
SLOZ OK
SLTJ OK
SLTZ OK
SLZT OK
SLZJ OK
SLJI OK
SLZI OK
SLJO OK
SLJT OK
SLJZ OK
ZIOT OK
ZIOJ OK
ZIOL OK
ZITO OK
ZITS OK
ZITJ OK
ZITL OK
ZISO OK
ZIOS OK
ZIST OK
ZISJ OK
ZISL OK
ZIJO OK
ZIJT OK
ZIJL OK
ZIJS OK
ZILO OK
SLZO OK
ZILT OK
ZILS OK
ZILJ OK
ZOIT OK
ZOIJ OK
ZOIL OK
ZOTI OK
ZOTJ OK
ZOTL OK
ZOTS OK
ZOSI OK
ZOSJ OK
ZOST OK
ZOJI OK
ZOIS OK
ZOSL OK
ZOJT OK
ZOLI OK
ZOJS OK
ZOJL OK
ZOLT OK
ZOLJ OK
ZTIO OK
ZTIJ OK
ZTIS OK
ZTIL OK
ZTOI OK
ZTOJ OK
ZTOL OK
ZTOS OK
ZOLS OK
ZTSJ OK
ZTSI OK
ZTSO OK
ZTJI OK
ZTSL OK
ZTJL OK
ZTJO OK
ZTJS OK
ZTLI OK
ZTLS OK
ZTLO OK
ZTLJ OK
ZSIJ OK
ZSIL OK
ZSIT OK
ZSIO OK
ZSOT OK
ZSOI OK
ZSOJ OK
ZSOL OK
ZSTI OK
ZSTJ OK
ZSTL OK
ZSTO OK
ZSJI OK
ZSJO OK
ZSJT OK
ZSJL OK
ZSLI OK
ZSLT OK
ZSLJ OK
ZJIO OK
ZJIT OK
ZJIL OK
ZSLO OK
ZJIS OK
ZJOT OK
ZJOI OK
ZJTI OK
ZJTO OK
ZJOL OK
ZJTS OK
ZJTL OK
ZJOS OK
ZJST OK
ZJSI OK
ZJLI OK
ZJLO OK
ZJSO OK
ZJLT OK
ZJSL OK
ZJLS OK
ZLIT OK
ZLIO OK
ZLIS OK
ZLIJ OK
ZLOI OK
ZLOT OK
ZLOJ OK
ZLTI OK
ZLTO OK
ZLTJ OK
ZLTS OK
ZLSI OK
ZLST OK
ZLSJ OK
ZLJI OK
ZLJO OK
ZLJT OK
ZLJS OK
JIOT OK
JIOS OK
JIOZ OK
ZLOS OK
JIOL OK
JITO OK
JITS OK
JITZ OK
JITL OK
JISO OK
JIST OK
JISL OK
JIZO OK
JISZ OK
JIZT OK
ZLSO OK
JIZL OK
JILO OK
JILT OK
JILS OK
JILZ OK
JOIT OK
JOIS OK
JOIZ OK
JOIL OK
JOTI OK
JOTS OK
JOTZ OK
JOTL OK
JOSI OK
JOST OK
JOSL OK
JOZI OK
JOSZ OK
JOZT OK
JOZL OK
JOLI OK
JOLT OK
JOLS OK
JOLZ OK
JIZS OK
JTIO OK
JTIS OK
JTIZ OK
JTIL OK
JTOI OK
JTOS OK
JTOZ OK
JTSI OK
JTOL OK
JTSO OK
JTSL OK
JTSZ OK
JTZI OK
JTZO OK
JTZS OK
JTLI OK
JTZL OK
JTLO OK
JTLS OK
JTLZ OK
JSIO OK
JSIT OK
JSIZ OK
JSIL OK
JSOI OK
JSOT OK
JSOL OK
JSTI OK
JSOZ OK
JSTO OK
JSTL OK
JSZI OK
JSTZ OK
JSZT OK
JOZS OK
JSZO OK
JSLI OK
JSLT OK
JSZL OK
JSLO OK
JZIO OK
JSLZ OK
JZIT OK
JZIL OK
JZOI OK
JZOT OK
JZOL OK
JZTI OK
JZTO OK
JZTS OK
JZTL OK
JZSI OK
JZIS OK
JZST OK
JZSL OK
JZLI OK
JZLO OK
JZLT OK
JZLS OK
JLIO OK
JLIT OK
JLIS OK
JLIZ OK
JLOI OK
JLOT OK
JLOS OK
JLOZ OK
JLTI OK
JLTO OK
JLTS OK
JLTZ OK
JLSI OK
JZOS OK
JLST OK
JLSO OK
JLZI OK
JLSZ OK
JLZO OK
JLZT OK
LIOT OK
LIOS OK
LIOZ OK
LIOJ OK
LITO OK
LITS OK
LITZ OK
JLZS OK
LITJ OK
LIST OK
LISO OK
LISJ OK
JZSO CAP
LIZT OK
LIZO OK
LIZJ OK
LIJO OK
LIJT OK
LISZ OK
LIJS OK
LIJZ OK
LOIT OK
LOIS OK
LOIZ OK
LOIJ OK
LOTI OK
LOTS OK
LOTZ OK
LOTJ OK
LOSI OK
LOST OK
LOSJ OK
LOZI OK
LOZT OK
LOSZ OK
LOZJ OK
LOJI OK
LIZS OK
LOJT OK
LOJS OK
LOJZ OK
LTIO OK
LTIS OK
LTIZ OK
LTIJ OK
LTOI OK
LTOS OK
LTOZ OK
LTOJ OK
LTSI OK
LTSZ OK
LTSO OK
LTZI OK
LTSJ OK
LTZS OK
LTZO OK
LTJI OK
LTZJ OK
LTJO OK
LTJS OK
LTJZ OK
LSIT OK
LSIO OK
LSIJ OK
LSOI OK
LSIZ OK
LSOT OK
LSOJ OK
LSTI OK
LSTO OK
LSOZ OK
LSTZ OK
LSTJ OK
LSZI OK
LSZT OK
LOZS OK
LSZJ OK
LSJI OK
LSJO OK
LSJT OK
LZIO OK
LZIT OK
LSJZ OK
LZIS OK
LZIJ OK
LZOI OK
LZOT OK
LZOJ OK
LZTI OK
LZTO OK
LZTS OK
LZTJ OK
LZSI OK
LZOS OK
LSZO CAP
LZST OK
LZSJ OK
LZJI OK
LZJO OK
LZJT OK
LZJS OK
LJIO OK
LJIT OK
LJIS OK
LJIZ OK
LJOI OK
LJOT OK
LJOS OK
LJTI OK
LJOZ OK
LZSO OK
LJTO OK
LJTS OK
LJTZ OK
LJSI OK
LJST OK
LJZI OK
LJSO OK
LJSZ OK
LJZT OK
LJZO OK
LJZS OK
