IOTJ OK
IOTZ OK
IOTS OK
IOTL OK
IOSJ OK
IOST OK
IOSL OK
IOZT OK
IOZJ OK
IOZL OK
IOJT OK
IOJS OK
IOJZ OK
IOJL OK
IOLT OK
IOLS OK
IOLZ OK
IOLJ OK
ITOS OK
IOSZ OK
ITOJ OK
ITOL OK
ITOZ OK
ITSO OK
ITSJ OK
ITSL OK
ITSZ OK
ITZO OK
ITZJ OK
ITZL OK
ITJO OK
ITJS OK
ITZS OK
ITJZ OK
ITJL OK
ITLO OK
ITLS OK
ITLZ OK
ITLJ OK
ISOT OK
ISOJ OK
ISOL OK
ISOZ OK
ISTO OK
ISTJ OK
ISTL OK
ISTZ OK
IOZS OK
ISZO OK
ISZL OK
ISZJ OK
ISZT OK
ISJT OK
ISJO OK
ISJL OK
ISLO OK
ISLT OK
ISLZ OK
ISLJ OK
ISJZ OK
IZOJ OK
IZOT OK
IZOL OK
IZTO OK
IZTJ OK
IZTS OK
IZTL OK
IZST OK
IZSJ OK
IZSL OK
IZJO OK
IZSO OK
IZJT OK
IZJS OK
IZJL OK
IZLO OK
IZLT OK
IZLJ OK
IZLS OK
IJOT OK
IJOS OK
IJOZ OK
IJOL OK
IJTO OK
IJTS OK
IJTZ OK
IJTL OK
IJSO OK
IJST OK
IJSL OK
IJZO OK
IJSZ OK
IJZT OK
IJZL OK
IJLO OK
IJLT OK
IJLS OK
IJZS OK
IJLZ OK
ILOT OK
ILOS OK
ILOZ OK
ILOJ OK
ILTO OK
ILTS OK
IZOS OK
ILTZ OK
ILTJ OK
ILST OK
ILSO OK
ILSJ OK
ILZT OK
ILZO OK
ILZJ OK
ILJO OK
ILJT OK
ILJS OK
ILSZ OK
ILJZ OK
OITS OK
OITJ OK
OITZ OK
OITL OK
OIST OK
OISJ OK
OISL OK
OISZ OK
OIZT OK
OIZJ OK
OIZL OK
OIJT OK
OIZS OK
OIJS OK
OIJZ OK
OIJL OK
ILZS OK
OILT OK
OILS OK
OILZ OK
OILJ OK
OTIJ OK
OTIS OK
OTIZ OK
OTIL OK
OTSI OK
OTSJ OK
OTSL OK
OTZI OK
OTZJ OK
OTZL OK
OTJI OK
OTJS OK
OTJZ OK
OTJL OK
OTLI OK
OTSZ OK
OTLS OK
OTZS OK
OTLZ OK
OTLJ OK
OSIT OK
OSIJ OK
OSIL OK
OSTI OK
OSTJ OK
OSIZ OK
OSTL OK
OSTZ OK
OSZI OK
OSZT OK
OSJI OK
OSJT OK
OSZL OK
OSJL OK
OSLI OK
OSZJ OK
OSJZ OK
OSLT OK
OZIT OK
OSLJ OK
OSLZ OK
OZIJ OK
OZIS OK
OZIL OK
OZTI OK
OZTJ OK
OZTL OK
OZSI OK
OZSJ OK
OZTS OK
OZSL OK
OZJI OK
OZST OK
OZJT OK
OZJS OK
OZLI OK
OZJL OK
OZLJ OK
OZLT OK
OJIT OK
OJIS OK
OJIL OK
OJIZ OK
OJTI OK
OJTS OK
OJTZ OK
OJTL OK
OJSI OK
OJST OK
OZLS OK
OJSL OK
OJZI OK
OJZT OK
OJZL OK
OJSZ OK
OJLI OK
OJLT OK
OJLS OK
OJLZ OK
OLIT OK
OLIS OK
OLIZ OK
OLIJ OK
OLTI OK
OLTS OK
OLTZ OK
OLTJ OK
OLSI OK
OLST OK
OLSJ OK
OLZI OK
OLSZ OK
OLZT OK
OLZJ OK
OJZS OK
OLJI OK
OLJT OK
OLJS OK
OLJZ OK
TIOS OK
TIOJ OK
TIOZ OK
TIOL OK
OLZS OK
TISO OK
TISJ OK
TISL OK
TIZO OK
TISZ OK
TIZJ OK
TIJO OK
TIZL OK
TIJS OK
TIJZ OK
TIZS OK
TIJL OK
TILO OK
TILJ OK
TILS OK
TILZ OK
TOIJ OK
TOIS OK
TOIZ OK
TOIL OK
TOSI OK
TOSJ OK
TOSL OK
TOZI OK
TOZJ OK
TOZL OK
TOJI OK
TOJS OK
TOJZ OK
TOJL OK
TOLI OK
TOSZ OK
TOLS OK
TOLJ OK
TOLZ OK
TSIO OK
TSIJ OK
TSIL OK
TOZS OK
TSOI OK
TSIZ OK
TSOJ OK
TSOL OK
TSZI OK
TSOZ OK
TSZJ OK
TSZL OK
TSJI OK
TSZO OK
TSJL OK
TSJO OK
TSJZ OK
TSLI OK
TSLO OK
TSLJ OK
TSLZ OK
TZIJ OK
TZIO OK
TZIL OK
TZOI OK
TZIS OK
TZOJ OK
TZOL OK
TZSI OK
TZSJ OK
TZSL OK
TZJI OK
TZJO OK
TZJS OK
TZJL OK
TZOS OK
TZSO OK
TZLI OK
TZLO OK
TZLJ OK
TZLS OK
TJIO OK
TJIS OK
TJIZ OK
TJIL OK
TJOI OK
TJOS OK
TJOL OK
TJOZ OK
TJSI OK
TJSO OK
TJSL OK
TJSZ OK
TJZI OK
TJZO OK
TJZL OK
TJLI OK
TJLO OK
TJZS OK
TJLS OK
TJLZ OK
TLIO OK
TLIJ OK
TLIS OK
TLIZ OK
TLOI OK
TLOJ OK
TLSI OK
TLOS OK
TLOZ OK
TLSO OK
TLSJ OK
TLSZ OK
TLZI OK
TLZO OK
TLZJ OK
TLJI OK
TLJO OK
TLZS OK
TLJS OK
TLJZ OK
SIOJ OK
SIOL OK
SIOT OK
SITO OK
SIOZ OK
SITJ OK
SITL OK
SITZ OK
SIZO OK
SIZT OK
SIZL OK
SIZJ OK
SIJO OK
SIJT OK
SIJL OK
SILO OK
SILT OK
SILJ OK
SIJZ OK
SILZ OK
SOIT OK
SOIJ OK
SOIL OK
SOTI OK
SOTJ OK
SOIZ OK
SOTL OK
SOTZ OK
SOZI OK
SOZT OK
SOJI OK
SOJT OK
SOZL OK
SOJL OK
SOLI OK
SOJZ OK
SOLT OK
SOZJ OK
STIO OK
SOLJ OK
STIJ OK
SOLZ OK
STIL OK
STOI OK
STIZ OK
STOJ OK
STOL OK
STZI OK
STOZ OK
STZJ OK
STZL OK
STZO OK
STJI OK
STJO OK
STJL OK
STJZ OK
STLI OK
STLO OK
STLJ OK
STLZ OK
SZIO OK
SZIT OK
SZIJ OK
SZIL OK
SZOI OK
SZOT OK
SZOJ OK
SZOL OK
SZTI OK
SZTJ OK
SZTL OK
SZJI OK
SZTO OK
SZJO OK
SZJT OK
SZJL OK
SZLI OK
SZLJ OK
SZLT OK
SJIO OK
SJIT OK
SZLO OK
SJIL OK
SJOT OK
SJOI OK
SJIZ OK
SJTI OK
SJOL OK
SJTO OK
SJTZ OK
SJTL OK
SJOZ OK
SJZT OK
SJZO OK
SJZL OK
SJLI OK
SJLT OK
SJZI OK
SJLO OK
SLIO OK
SLIT OK
SLIJ OK
SLIZ OK
SJLZ OK
SLOI OK
SLOT OK
SLTI OK
SLTO OK
SLOJ OK
SLTJ OK
SLTZ OK
SLOZ OK
SLZI OK
SLZT OK
SLZJ OK
SLJI OK
SLJT OK
SLJO OK
SLJZ OK
ZIOT OK
ZIOS OK
ZIOJ OK
ZIOL OK
ZITO OK
ZITJ OK
ZITL OK
ZITS OK
ZIST OK
ZISO OK
SLZO OK
ZISJ OK
ZISL OK
ZIJO OK
ZIJT OK
ZIJS OK
ZIJL OK
ZILT OK
ZILO OK
ZILJ OK
ZILS OK
ZOIT OK
ZOIJ OK
ZOIL OK
ZOTI OK
ZOIS OK
ZOTJ OK
ZOTL OK
ZOSI OK
ZOSJ OK
ZOTS OK
ZOJI OK
ZOSL OK
ZOST OK
ZOJT OK
ZOJS OK
ZOLI OK
ZOJL OK
ZOLT OK
ZOLJ OK
ZTIO OK
ZTIJ OK
ZTIL OK
ZTIS OK
ZTOI OK
ZTOJ OK
ZOLS OK
ZTOL OK
ZTSI OK
ZTSJ OK
ZTSL OK
ZTOS OK
ZTJI OK
ZTJO OK
ZTJS OK
ZTJL OK
ZTLI OK
ZTLO OK
ZTLS OK
ZTLJ OK
ZTSO OK
ZSIJ OK
ZSIO OK
ZSIL OK
ZSIT OK
ZSOJ OK
ZSOI OK
ZSTI OK
ZSOL OK
ZSTJ OK
ZSOT OK
ZSTL OK
ZSJI OK
ZSJO OK
ZSJT OK
ZSJL OK
ZSLI OK
ZSLT OK
ZSLJ OK
ZSTO OK
ZSLO OK
ZJIO OK
ZJIL OK
ZJIT OK
ZJIS OK
ZJOT OK
ZJOI OK
ZJTI OK
ZJOL OK
ZJTO OK
ZJTS OK
ZJTL OK
ZJSI OK
ZJSO OK
ZJST OK
ZJLI OK
ZJSL OK
ZJLO OK
ZJLT OK
ZJLS OK
ZLIO OK
ZLIT OK
ZLIS OK
ZLIJ OK
ZLOT OK
ZJOS OK
ZLOI OK
ZLOJ OK
ZLTI OK
ZLTO OK
ZLTJ OK
ZLTS OK
ZLSI OK
ZLST OK
ZLSJ OK
ZLOS OK
ZLJI OK
ZLJO OK
ZLJT OK
ZLJS OK
JIOT OK
JIOS OK
JIOZ OK
JIOL OK
ZLSO OK
JITO OK
JITS OK
JITZ OK
JITL OK
JISO OK
JIST OK
JISL OK
JIZO OK
JIZT OK
JISZ OK
JIZL OK
JILO OK
JILT OK
JILS OK
JILZ OK
JOIT OK
JIZS OK
JOIS OK
JOIL OK
JOIZ OK
JOTI OK
JOTS OK
JOTZ OK
JOTL OK
JOSI OK
JOST OK
JOZI OK
JOSL OK
JOZT OK
JOZL OK
JOSZ OK
JOLI OK
JOLT OK
JOLS OK
JTIO OK
JOLZ OK
JTIS OK
JTIZ OK
JTIL OK
JTOI OK
JTOS OK
JTOZ OK
JTOL OK
JTSI OK
JTSO OK
JTSZ OK
JTZI OK
JTSL OK
JTZO OK
JTZS OK
JTZL OK
JTLI OK
JTLO OK
JTLS OK
JTLZ OK
JSIO OK
JSIT OK
JOZS OK
JSIL OK
JSOT OK
JSOI OK
JSIZ OK
JSTI OK
JSOL OK
JSTO OK
JSTL OK
JSTZ OK
JSOZ OK
JSZT OK
JSZO OK
JSLI OK
JSZL OK
JSLT OK
JSLO OK
JSZI OK
JZIO OK
JZIT OK
JZIL OK
JSLZ OK
JZOT OK
JZOI OK
JZIS OK
JZTI OK
JZOL OK
JZTO OK
JZTS OK
JZTL OK
JZSI OK
JZST OK
JZSL OK
JZLI OK
JZLO OK
JZLT OK
JZLS OK
JLIO OK
JLIT OK
JZOS OK
JLIS OK
JLOI OK
JLIZ OK
JLOT OK
JLOS OK
JLTI OK
JLOZ OK
JLTO OK
JZSO OK
JLTS OK
JLTZ OK
JLSI OK
JLST OK
JLSO OK
JLZI OK
JLZT OK
JLZO OK
LIOT OK
JLZS OK
JLSZ OK
LIOS OK
LIOJ OK
LIOZ OK
LITO OK
LITS OK
LITZ OK
LITJ OK
LIST OK
LISO OK
LISJ OK
LIZT OK
LIZO OK
LIZJ OK
LIJO OK
LIJT OK
LISZ OK
LIJS OK
LIJZ OK
LOIT OK
LOIS OK
LOIZ OK
LOIJ OK
LOTI OK
LOTS OK
LOTZ OK
LOTJ OK
LOSI OK
LOST OK
LOSJ OK
LOSZ OK
LOZI OK
LIZS OK
LOZT OK
LOJI OK
LOZJ OK
LOJT OK
LOZS OK
LOJS OK
LTIO OK
LOJZ OK
LTIJ OK
LTIS OK
LTIZ OK
LTOI OK
LTOJ OK
LTSI OK
LTOS OK
LTOZ OK
LTSO OK
LTSZ OK
LTSJ OK
LTZI OK
LTZO OK
LTZS OK
LTJI OK
LTZJ OK
LTJO OK
LTJS OK
LTJZ OK
LSIO OK
LSIT OK
LSIZ OK
LSIJ OK
LSOI OK
LSOT OK
LSTI OK
LSTO OK
LSOJ OK
LSTZ OK
LSTJ OK
LSOZ OK
LSZI OK
LSZT OK
LSZJ OK
LSJI OK
LSZO OK
LSJT OK
LSJO OK
LZIO OK
LSJZ OK
LZIT OK
LZIJ OK
LZOT OK
LZOI OK
LZOJ OK
LZOS OK
LZTI OK
LZTO OK
LZTS OK
LZTJ OK
LZSO OK
LZIS OK
LZSJ OK
LZST OK
LZJI OK
LZJO OK
LZJT OK
LZJS OK
LJIO OK
LJIT OK
LZSI OK
LJIS OK
LJOI OK
LJIZ OK
LJOT OK
LJOS OK
LJOZ OK
LJTI OK
LJTO OK
LJTS OK
LJSI OK
LJTZ OK
LJST OK
LJSO OK
LJZI OK
LJZT OK
LJZO OK
LJSZ OK
LJZS OK
