IOTJ OK
IOTS OK
IOTZ OK
IOTL OK
IOST OK
IOSJ OK
IOSL OK
IOZT OK
IOZJ OK
IOZL OK
IOJT OK
IOJS OK
IOJZ OK
IOJL OK
IOLT OK
IOLS OK
IOLZ OK
IOLJ OK
ITOS OK
IOSZ OK
ITOJ OK
ITOL OK
ITOZ OK
ITSO OK
ITSJ OK
ITSL OK
ITSZ OK
ITZO OK
ITZJ OK
ITZL OK
ITJO OK
ITZS OK
ITJS OK
ITJZ OK
ITJL OK
ITLO OK
ITLS OK
ITLZ OK
ITLJ OK
ISOT OK
ISOJ OK
ISOL OK
ISTO OK
IOZS CAP
ISTZ OK
ISTJ OK
ISTL OK
ISOZ OK
ISZT OK
ISZJ OK
ISZL OK
ISJO OK
ISJT OK
ISJL OK
ISLO OK
ISLT OK
ISJZ OK
ISLJ OK
ISLZ OK
IZOT OK
IZOJ OK
IZOL OK
IZTO OK
IZTS OK
IZTJ OK
IZTL OK
ISZO OK
IZST OK
IZSJ OK
IZSO OK
IZSL OK
IZJO OK
IZJT OK
IZJS OK
IZJL OK
IZLO OK
IZLT OK
IZLJ OK
IZLS OK
IJOT OK
IJOS OK
IJOZ OK
IJOL OK
IJTO OK
IJTS OK
IJTZ OK
IJTL OK
IJSO OK
IJST OK
IJSL OK
IJZO OK
IJZT OK
IZOS OK
IJZL OK
IJLO OK
IJLT OK
IJLS OK
IJSZ OK
IJLZ OK
ILOT OK
ILOS OK
ILOZ OK
ILOJ OK
ILTO OK
ILTS OK
ILTZ OK
ILTJ OK
IJZS OK
ILST OK
ILSO OK
ILSJ OK
ILZT OK
ILZO OK
ILZJ OK
ILJO OK
ILJT OK
ILJS OK
ILSZ OK
ILJZ OK
OITS OK
OITZ OK
OITJ OK
OITL OK
OIST OK
OISJ OK
OISL OK
OISZ OK
OIZT OK
OIZJ OK
OIZL OK
OIJT OK
OIJS OK
OIJZ OK
OIJL OK
ILZS OK
OILT OK
OILS OK
OILZ OK
OILJ OK
OTIS OK
OTIZ OK
OTIJ OK
OTIL OK
OTSI OK
OTSJ OK
OTSL OK
OTZI OK
OTSZ OK
OTZJ OK
OTZL OK
OTJI OK
OTJS OK
OTJZ OK
OTJL OK
OTZS OK
OTLI OK
OTLS OK
OTLZ OK
OTLJ OK
OSIT OK
OSIJ OK
OSIL OK
OSIZ OK
OIZS OK
OSTI OK
OSTJ OK
OSTL OK
OSTZ OK
OSZI OK
OSZT OK
OSJI OK
OSJT OK
OSZL OK
OSZJ OK
OSJL OK
OSLI OK
OSJZ OK
OSLT OK
OZIT OK
OSLJ OK
OSLZ OK
OZIJ OK
OZIL OK
OZTI OK
OZTJ OK
OZTL OK
OZTS OK
OZSI OK
OZSJ OK
OZSL OK
OZJI OK
OZST OK
OZJT OK
OZIS OK
OZJS OK
OZJL OK
OZLI OK
OZLT OK
OZLJ OK
OJIT OK
OJIS OK
OJIZ OK
OJIL OK
OJTI OK
OJTS OK
OJTZ OK
OJTL OK
OJSI OK
OJST OK
OZLS OK
OJSL OK
OJZI OK
OJSZ OK
OJZT OK
OJLI OK
OJLT OK
OJLS OK
OJZL OK
OJLZ OK
OLIT OK
OLIS OK
OLIZ OK
OLTI OK
OLIJ OK
OLTZ OK
OLTS OK
OLSI OK
OLTJ OK
OLST OK
OLSJ OK
OLSZ OK
OLZI OK
OLZT OK
OLZJ OK
OLJI OK
OLJT OK
OLJS OK
OLJZ OK
TIOS OK
TIOZ OK
TIOJ OK
TIOL OK
TISO OK
OJZS OK
TISJ OK
TISL OK
TIZO OK
TISZ OK
TIZJ OK
TIZL OK
TIJO OK
TIJS OK
TIJZ OK
TIZS OK
TIJL OK
TILO OK
TILS OK
TILZ OK
TILJ OK
OLZS OK
TOIS OK
TOIZ OK
TOIJ OK
TOIL OK
TOSI OK
TOSJ OK
TOSL OK
TOZI OK
TOZJ OK
TOZL OK
TOJI OK
TOJS OK
TOJZ OK
TOJL OK
TOLI OK
TOSZ OK
TOLS OK
TOLJ OK
TOLZ OK
TSIO OK
TSIJ OK
TSIL OK
TOZS OK
TSIZ OK
TSOJ OK
TSOI OK
TSOL OK
TSZI OK
TSZJ OK
TSZL OK
TSJI OK
TSOZ OK
TSJO OK
TSJZ OK
TSJL OK
TSLI OK
TSZO OK
TSLO OK
TSLZ OK
TSLJ OK
TZIJ OK
TZIO OK
TZIL OK
TZOI OK
TZOJ OK
TZIS OK
TZOL OK
TZSI OK
TZSJ OK
TZSL OK
TZJI OK
TZJO OK
TZJS OK
TZOS OK
TZJL OK
TZSO OK
TZLI OK
TZLJ OK
TZLO OK
TZLS OK
TJIO OK
TJIS OK
TJIZ OK
TJIL OK
TJOI OK
TJOS OK
TJOZ OK
TJOL OK
TJSI OK
TJSO OK
TJZI OK
TJSZ OK
TJSL OK
TJZO OK
TJZS OK
TJLI OK
TJZL OK
TJLO OK
TLIO OK
TJLS OK
TJLZ OK
TLIJ OK
TLIS OK
TLIZ OK
TLOI OK
TLOS OK
TLOJ OK
TLOZ OK
TLSI OK
TLSO OK
TLSZ OK
TLSJ OK
TLZI OK
TLZO OK
TLZS OK
TLJI OK
TLZJ OK
TLJO OK
TLJS OK
TLJZ OK
SIOT OK
SIOJ OK
SIOL OK
SITO OK
SITJ OK
SITZ OK
SITL OK
SIZT OK
SIOZ OK
SIZJ OK
SIZL OK
SIJO OK
SIJT OK
SIJL OK
SILO OK
SIJZ OK
SILT OK
SIZO OK
SILJ OK
SOIT OK
SOIJ OK
SOIZ OK
SOIL OK
SILZ OK
SOTI OK
SOTJ OK
SOTL OK
SOTZ OK
SOZI OK
SOZT OK
SOJI OK
SOJT OK
SOZL OK
SOZJ OK
SOJL OK
SOLI OK
SOJZ OK
SOLT OK
STIO OK
SOLJ OK
SOLZ OK
STIJ OK
STIL OK
STOI OK
STIZ OK
STOJ OK
STOL OK
STZI OK
STOZ OK
STZJ OK
STJI OK
STZL OK
STJO OK
STJL OK
STJZ OK
STZO OK
STLI OK
STLO OK
STLJ OK
STLZ OK
SZIT OK
SZIO OK
SZIJ OK
SZIL OK
SZOI OK
SZOJ OK
SZOL OK
SZOT OK
SZTI OK
SZTJ OK
SZTL OK
SZJI OK
SZJO OK
SZJT OK
SZJL OK
SZTO OK
SZLT OK
SZLI OK
SZLJ OK
SZLO OK
SJIO OK
SJIT OK
SJIL OK
SJOI OK
SJOT OK
SJOL OK
SJTI OK
SJOZ OK
SJTO OK
SJTZ OK
SJTL OK
SJIZ OK
SJZT OK
SJZO OK
SJLI OK
SJZL OK
SJLT OK
SJLO OK
SJLZ OK
SJZI OK
SLIT OK
SLIJ OK
SLIO OK
SLOT OK
SLOI OK
SLIZ OK
SLTI OK
SLTO OK
SLOZ OK
SLOJ OK
SLTJ OK
SLTZ OK
SLZT OK
SLZJ OK
SLZI OK
SLJI OK
SLJT OK
SLJO OK
SLJZ OK
ZIOT OK
ZIOJ OK
ZIOL OK
ZITO OK
ZITS OK
ZITJ OK
ZITL OK
ZISO OK
ZIST OK
SLZO OK
ZISJ OK
ZISL OK
ZIJO OK
ZIJT OK
ZIJS OK
ZIJL OK
ZILT OK
ZILO OK
ZILJ OK
ZILS OK
ZOIT OK
ZOIJ OK
ZOIL OK
ZOTI OK
ZIOS OK
ZOTJ OK
ZOTL OK
ZOTS OK
ZOSI OK
ZOSJ OK
ZOSL OK
ZOJI OK
ZOJT OK
ZOIS OK
ZOST OK
ZOLI OK
ZOJL OK
ZOJS OK
ZOLT OK
ZOLJ OK
ZTIO OK
ZTIJ OK
ZTIS OK
ZTIL OK
ZTOI OK
ZTOJ OK
ZTOL OK
ZOLS OK
ZTSI OK
ZTOS OK
ZTSJ OK
ZTSL OK
ZTJI OK
ZTJO OK
ZTJS OK
ZTJL OK
ZTLI OK
ZTLO OK
ZTSO OK
ZTLS OK
ZTLJ OK
ZSIJ OK
ZSIL OK
ZSIT OK
ZSIO OK
ZSOI OK
ZSOJ OK
ZSOL OK
ZSOT OK
ZSTI OK
ZSTJ OK
ZSTL OK
ZSJI OK
ZSJO OK
ZSJT OK
ZSJL OK
ZSTO OK
ZSLT OK
ZSLI OK
ZSLO OK
ZSLJ OK
ZJIO OK
ZJIT OK
ZJIS OK
ZJIL OK
ZJOT OK
ZJOI OK
ZJTI OK
ZJOL OK
ZJTO OK
ZJTS OK
ZJOS OK
ZJTL OK
ZJST OK
ZJSL OK
ZJLI OK
ZJSI OK
ZJLO OK
ZJLT OK
ZJSO OK
ZJLS OK
ZLIT OK
ZLIO OK
ZLIS OK
ZLIJ OK
ZLOT OK
ZLOJ OK
ZLOI OK
ZLTI OK
ZLTO OK
ZLTS OK
ZLTJ OK
ZLSI OK
ZLST OK
ZLSJ OK
ZLJI OK
ZLOS OK
ZLJO OK
ZLJT OK
ZLJS OK
JIOT OK
ZLSO OK
JIOL OK
JIOS OK
JITO OK
JIOZ OK
JITS OK
JITZ OK
JITL OK
JISO OK
JIST OK
JISL OK
JIZO OK
JIZT OK
JIZL OK
JILO OK
JILT OK
JILS OK
JILZ OK
JOIT OK
JOIS OK
JOIZ OK
JOIL OK
JOTI OK
JOTS OK
JISZ OK
JOTZ OK
JOTL OK
JOSI OK
JOST OK
JIZS OK
JOZI OK
JOZT OK
JOSL OK
JOSZ OK
JOLI OK
JOLT OK
JOLS OK
JOLZ OK
JOZL OK
JTIO OK
JTIS OK
JTIZ OK
JTIL OK
JTOI OK
JTOS OK
JTOZ OK
JTSI OK
JTOL OK
JTSO OK
JTSZ OK
JTZI OK
JTSL OK
JTZO OK
JTZS OK
JTLI OK
JTZL OK
JTLO OK
JTLS OK
JTLZ OK
JSIO OK
JSIT OK
JSIL OK
JSOI OK
JSOT OK
JSOZ OK
JSIZ OK
JSOL OK
JSTI OK
JSTO OK
JSTL OK
JSTZ OK
JOZS OK
JSZT OK
JSZO OK
JSLI OK
JSZL OK
JSLT OK
JSLO OK
JSLZ OK
JZIO OK
JSZI OK
JZIT OK
JZIL OK
JZOT OK
JZOI OK
JZOL OK
JZTI OK
JZTO OK
JZTS OK
JZTL OK
JZIS OK
JZSI OK
JZST OK
JZSL OK
JZLI OK
JZLO OK
JZLT OK
JZLS OK
JLIO OK
JLIT OK
JLIS OK
JLIZ OK
JLOI OK
JLOT OK
JLOS OK
JLOZ OK
JLTI OK
JLTO OK
JLTS OK
JLTZ OK
JLSI OK
JZOS OK
JLST OK
JLSO OK
JLZI OK
JLSZ OK
JLZO OK
JLZT OK
JLZS OK
LIOT OK
LIOS OK
LIOZ OK
LIOJ OK
LITO OK
LITS OK
LITJ OK
LITZ OK
LIST OK
LISO OK
LISJ OK
LIZO OK
LIZT OK
JZSO CAP
LIZJ OK
LIJO OK
LISZ OK
LIJT OK
LIJS OK
LIJZ OK
LOIT OK
LOIS OK
LOIZ OK
LOIJ OK
LOTI OK
LOTS OK
LOTZ OK
LOSI OK
LOTJ OK
LOST OK
LOSJ OK
LOZI OK
LOSZ OK
LOZT OK
LOZJ OK
LIZS OK
LOJI OK
LOJT OK
LOJS OK
LOJZ OK
LTIO OK
LTIS OK
LTIZ OK
LTIJ OK
LTOI OK
LTOS OK
LTOZ OK
LTSI OK
LTOJ OK
LTSO OK
LTSZ OK
LTZI OK
LTSJ OK
LTZO OK
LTZS OK
LTJI OK
LTZJ OK
LTJO OK
LTJS OK
LTJZ OK
LSIT OK
LSIO OK
LSIJ OK
LSIZ OK
LSOT OK
LSOI OK
LSOJ OK
LSTI OK
LSOZ OK
LSTO OK
LSTJ OK
LSTZ OK
LOZS OK
LSZT OK
LSZI OK
LSZJ OK
LSJI OK
LSJT OK
LSJO OK
LSJZ OK
LZIO OK
LZIT OK
LZIJ OK
LZOI OK
LZOT OK
LZIS OK
LZOJ OK
LZTI OK
LZTO OK
LZTS OK
LZTJ OK
LZSI OK
LZSO OK
LSZO CAP
LZSJ OK
LZST OK
LZJI OK
LZOS OK
LZJO OK
LZJT OK
LZJS OK
LJIO OK
LJIT OK
LJOI OK
LJIS OK
LJIZ OK
LJOT OK
LJOS OK
LJOZ OK
LJTI OK
LJTO OK
LJSI OK
LJTS OK
LJTZ OK
LJST OK
LJZI OK
LJZO OK
LJSO OK
LJSZ OK
LJZT OK
LJZS OK
