IOTJ OK
IOTS OK
IOTZ OK
IOTL OK
IOST OK
IOSJ OK
IOSL OK
IOZT OK
IOZJ OK
IOZL OK
IOJT OK
IOJS OK
IOJZ OK
IOJL OK
IOLT OK
IOLS OK
IOLZ OK
IOLJ OK
IOSZ OK
ITOS OK
ITOJ OK
ITOZ OK
ITOL OK
ITSO OK
ITSJ OK
ITSL OK
ITSZ OK
ITZO OK
ITZJ OK
ITZL OK
ITJO OK
ITJS OK
ITZS OK
ITJZ OK
ITJL OK
ITLO OK
ITLS OK
ITLZ OK
ITLJ OK
ISOT OK
ISOJ OK
ISOL OK
ISOZ OK
ISTO OK
ISTJ OK
IOZS OK
ISTL OK
ISTZ OK
ISZT OK
ISZO OK
ISJO OK
ISJT OK
ISZJ OK
ISJL OK
ISZL OK
ISLO OK
ISLT OK
ISLJ OK
IZOT OK
ISJZ OK
IZOJ OK
IZOL OK
ISLZ OK
IZTO OK
IZTJ OK
IZTS OK
IZTL OK
IZST OK
IZSJ OK
IZSL OK
IZJO OK
IZJT OK
IZJS OK
IZJL OK
IZLO OK
IZLT OK
IZLS OK
IZLJ OK
IJOT OK
IJOS OK
IJOZ OK
IJOL OK
IJTO OK
IJTS OK
IJTZ OK
IJTL OK
IJSO OK
IJST OK
IZOS OK
IJSL OK
IJZO OK
IJZT OK
IZSO OK
IJZL OK
IJLO OK
IJLT OK
IJLS OK
IJLZ OK
ILOT OK
ILOS OK
ILOZ OK
IJSZ OK
ILOJ OK
ILTO OK
ILTS OK
ILTJ OK
ILTZ OK
ILST OK
ILSO OK
ILSJ OK
ILZO OK
IJZS OK
ILZT OK
ILZJ OK
ILJO OK
ILSZ OK
ILJT OK
ILJS OK
ILJZ OK
OITS OK
OITZ OK
OITJ OK
OITL OK
OIST OK
OISJ OK
OISL OK
OISZ OK
OIZT OK
OIZJ OK
OIZL OK
OIJT OK
OIZS OK
OIJS OK
OIJZ OK
OIJL OK
OILT OK
OILS OK
OILZ OK
OILJ OK
ILZS OK
OTIJ OK
OTIS OK
OTIZ OK
OTIL OK
OTSJ OK
OTSI OK
OTSL OK
OTZI OK
OTZJ OK
OTZL OK
OTJI OK
OTJS OK
OTJZ OK
OTJL OK
OTLI OK
OTSZ OK
OTLS OK
OTLZ OK
OTLJ OK
OSIT OK
OTZS OK
OSIL OK
OSIJ OK
OSTI OK
OSIZ OK
OSTJ OK
OSTL OK
OSTZ OK
OSZI OK
OSZT OK
OSJI OK
OSJT OK
OSZL OK
OSJL OK
OSLI OK
OSJZ OK
OSLT OK
OSLJ OK
OSLZ OK
OZIT OK
OZIJ OK
OZIL OK
OZIS OK
OZTI OK
OZTJ OK
OZTL OK
OSZJ OK
OZSI OK
OZSJ OK
OZTS OK
OZJI OK
OZJT OK
OZSL OK
OZST OK
OZJS OK
OZJL OK
OZLI OK
OZLT OK
OZLJ OK
OJIT OK
OJIS OK
OJIZ OK
OJIL OK
OJTI OK
OJTS OK
OJTZ OK
OJTL OK
OJSI OK
OJST OK
OJSL OK
OJZI OK
OJSZ OK
OJZT OK
OJZL OK
OJLI OK
OZLS OK
OJLT OK
OJLS OK
OJLZ OK
OLIT OK
OLIS OK
OLIZ OK
OLIJ OK
OLTI OK
OLTS OK
OLTZ OK
OLTJ OK
OLSI OK
OLST OK
OLSJ OK
OLZI OK
OLSZ OK
OLZT OK
OLZJ OK
OLJI OK
OLJT OK
OLJS OK
OLJZ OK
TIOS OK
TIOZ OK
TIOJ OK
TIOL OK
TISO OK
OJZS OK
TISJ OK
TISL OK
TIZO OK
TISZ OK
TIZJ OK
TIZL OK
TIJO OK
TIJS OK
TIZS OK
TIJZ OK
TIJL OK
TILO OK
TILS OK
TILZ OK
TILJ OK
TOIS OK
TOIZ OK
OLZS OK
TOIJ OK
TOIL OK
TOSI OK
TOSJ OK
TOSL OK
TOZI OK
TOZJ OK
TOZL OK
TOJI OK
TOJS OK
TOJZ OK
TOJL OK
TOLI OK
TOLS OK
TOSZ OK
TOLJ OK
TOLZ OK
TSIO OK
TSIJ OK
TSIL OK
TOZS OK
TSOI OK
TSIZ OK
TSOJ OK
TSOL OK
TSZI OK
TSOZ OK
TSZJ OK
TSZL OK
TSZO OK
TSJI OK
TSJL OK
TSJO OK
TSJZ OK
TSLI OK
TSLO OK
TSLJ OK
TSLZ OK
TZIO OK
TZIJ OK
TZIL OK
TZOI OK
TZIS OK
TZOJ OK
TZOL OK
TZSI OK
TZSJ OK
TZSL OK
TZJI OK
TZJO OK
TZJS OK
TZJL OK
TZOS OK
TZSO OK
TZLI OK
TZLO OK
TZLJ OK
TJIO OK
TZLS OK
TJIS OK
TJIL OK
TJIZ OK
TJOI OK
TJOL OK
TJOZ OK
TJOS OK
TJSI OK
TJSO OK
TJSL OK
TJZI OK
TJSZ OK
TJZO OK
TJZL OK
TJLI OK
TJLO OK
TJZS OK
TJLS OK
TLIO OK
TJLZ OK
TLIJ OK
TLIS OK
TLOI OK
TLIZ OK
TLOJ OK
TLSI OK
TLOS OK
TLOZ OK
TLSO OK
TLSJ OK
TLSZ OK
TLZI OK
TLZO OK
TLZJ OK
TLJI OK
TLZS OK
TLJO OK
TLJS OK
TLJZ OK
SIOJ OK
SIOL OK
SIOT OK
SITO OK
SIOZ OK
SITJ OK
SITL OK
SITZ OK
SIZO OK
SIZT OK
SIJO OK
SIZJ OK
SIJT OK
SIZL OK
SIJL OK
SILT OK
SILO OK
SILJ OK
SOIT OK
SIJZ OK
SOIJ OK
SOIL OK
SOTI OK
SILZ OK
SOIZ OK
SOTJ OK
SOTL OK
SOTZ OK
SOZT OK
SOZI OK
SOJI OK
SOJT OK
SOZL OK
SOJL OK
SOLI OK
SOJZ OK
SOLT OK
SOLJ OK
SOLZ OK
STIO OK
STIJ OK
STIL OK
STOI OK
STIZ OK
STOJ OK
STOL OK
STOZ OK
SOZJ OK
STZJ OK
STZI OK
STJI OK
STZL OK
STJO OK
STJL OK
STJZ OK
STZO OK
STLI OK
STLO OK
STLJ OK
STLZ OK
SZIO OK
SZIT OK
SZIJ OK
SZIL OK
SZOI OK
SZOT OK
SZOL OK
SZOJ OK
SZTI OK
SZTJ OK
SZTL OK
SZJI OK
SZJO OK
SZJT OK
SZTO OK
SZJL OK
SZLT OK
SZLI OK
SZLJ OK
SJIO OK
SZLO OK
SJIT OK
SJIL OK
SJOT OK
SJOI OK
SJOL OK
SJTI OK
SJTO OK
SJOZ OK
SJTZ OK
SJTL OK
SJIZ OK
SJZT OK
SJZO OK
SJLI OK
SJLO OK
SJZL OK
SJLT OK
SLIO OK
SJZI OK
SLIT OK
SJLZ OK
SLIJ OK
SLOT OK
SLOI OK
SLIZ OK
SLTI OK
SLOJ OK
SLTO OK
SLOZ OK
SLTJ OK
SLTZ OK
SLZT OK
SLZJ OK
SLZI OK
SLJI OK
SLJT OK
SLJO OK
SLJZ OK
ZIOT OK
ZIOJ OK
ZIOL OK
ZITO OK
ZITS OK
ZITJ OK
ZITL OK
ZISO OK
ZIST OK
ZISJ OK
ZISL OK
ZIJO OK
ZIJT OK
ZIJS OK
SLZO OK
ZIJL OK
ZIOS OK
ZILO OK
ZILT OK
ZILJ OK
ZOIT OK
ZILS OK
ZOIJ OK
ZOIL OK
ZOTI OK
ZOIS OK
ZOTJ OK
ZOTL OK
ZOSI OK
ZOSJ OK
ZOTS OK
ZOSL OK
ZOJI OK
ZOST OK
ZOJT OK
ZOJS OK
ZOJL OK
ZOLI OK
ZOLT OK
ZOLJ OK
ZTIO OK
ZTIJ OK
ZTIS OK
ZTIL OK
ZTOI OK
ZTOJ OK
ZTOL OK
ZTSI OK
ZOLS OK
ZTOS OK
ZTSJ OK
ZTSL OK
ZTJI OK
ZTJO OK
ZTJS OK
ZTJL OK
ZTLI OK
ZTLO OK
ZTLJ OK
ZTLS OK
ZTSO OK
ZSIJ OK
ZSIO OK
ZSIT OK
ZSIL OK
ZSOI OK
ZSOJ OK
ZSOL OK
ZSTI OK
ZSOT OK
ZSTJ OK
ZSTL OK
ZSJI OK
ZSJO OK
ZSJT OK
ZSJL OK
ZSTO OK
ZSLT OK
ZSLI OK
ZSLJ OK
ZJIO OK
ZJIT OK
ZSLO OK
ZJIL OK
ZJIS OK
ZJOI OK
ZJOT OK
ZJTI OK
ZJOL OK
ZJTO OK
ZJTS OK
ZJTL OK
ZJSI OK
ZJST OK
ZJSO OK
ZJLI OK
ZJSL OK
ZJLO OK
ZJLT OK
ZJLS OK
ZLIO OK
ZLIT OK
ZLIJ OK
ZLIS OK
ZLOT OK
ZLOI OK
ZLOJ OK
ZLTI OK
ZLTO OK
ZLTS OK
ZJOS OK
ZLTJ OK
ZLSI OK
ZLST OK
ZLSJ OK
ZLJI OK
ZLJO OK
ZLJT OK
ZLJS OK
ZLOS OK
JIOT OK
JIOS OK
JIOZ OK
JIOL OK
JITO OK
JITS OK
JITZ OK
JITL OK
JISO OK
JIST OK
JISL OK
ZLSO OK
JIZO OK
JIZT OK
JIZL OK
JILO OK
JILT OK
JILS OK
JILZ OK
JOIT OK
JOIS OK
JOIZ OK
JOIL OK
JOTI OK
JOTS OK
JOTZ OK
JOTL OK
JISZ OK
JOST OK
JOSI OK
JOSL OK
JOZI OK
JIZS OK
JOZT OK
JOSZ OK
JOZL OK
JOLI OK
JOLT OK
JOLS OK
JOLZ OK
JTIO OK
JTIS OK
JTIZ OK
JTIL OK
JTOI OK
JTOS OK
JTOZ OK
JTSI OK
JTOL OK
JTSO OK
JTSZ OK
JTZI OK
JTSL OK
JTZO OK
JTZS OK
JTLI OK
JTZL OK
JTLO OK
JTLS OK
JTLZ OK
JSIO OK
JSIT OK
JSIL OK
JSOI OK
JSOT OK
JSOZ OK
JSOL OK
JSTI OK
JSIZ OK
JSTO OK
JSTL OK
JSTZ OK
JOZS OK
JSZT OK
JSZO OK
JSLI OK
JSZL OK
JSLT OK
JSLO OK
JZIO OK
JSLZ OK
JZIT OK
JSZI OK
JZIL OK
JZOT OK
JZOI OK
JZOL OK
JZTI OK
JZTO OK
JZTS OK
JZTL OK
JZIS OK
JZSI OK
JZST OK
JZSL OK
JZLI OK
JZLO OK
JZLT OK
JZLS OK
JLIO OK
JLIT OK
JLIS OK
JLIZ OK
JLOI OK
JLOT OK
JLOS OK
JLOZ OK
JLTI OK
JLTO OK
JLTS OK
JZOS OK
JLSI OK
JLTZ OK
JLST OK
JLSO OK
JLZI OK
JLZO OK
JLSZ OK
JLZT OK
JLZS OK
LIOT OK
LIOZ OK
LIOS OK
LIOJ OK
LITO OK
LITS OK
LITZ OK
LITJ OK
LIST OK
LISO OK
LISJ OK
LIZO OK
LIZT OK
JZSO CAP
LIZJ OK
LIJO OK
LISZ OK
LIJT OK
LIJS OK
LIJZ OK
LOIT OK
LOIS OK
LOIJ OK
LOIZ OK
LOTI OK
LOTS OK
LOTZ OK
LOTJ OK
LOSI OK
LOST OK
LOSJ OK
LOZI OK
LOSZ OK
LOZT OK
LIZS OK
LOZJ OK
LOJI OK
LOJT OK
LOJS OK
LOJZ OK
LTIO OK
LTIS OK
LTIZ OK
LTIJ OK
LTOI OK
LTOS OK
LTOZ OK
LTSI OK
LTOJ OK
LTSO OK
LTSZ OK
LTZI OK
LTSJ OK
LTZO OK
LTZS OK
LTJI OK
LTZJ OK
LTJO OK
LTJS OK
LTJZ OK
LSIT OK
LSIO OK
LSIJ OK
LSIZ OK
LSOT OK
LSOI OK
LSOJ OK
LSTI OK
LSTO OK
LSOZ OK
LSTJ OK
LSTZ OK
LOZS OK
LSZT OK
LSZJ OK
LSZI OK
LSJI OK
LSJT OK
LSJO OK
LSJZ OK
LZIT OK
LZIO OK
LZIJ OK
LZOI OK
LZOT OK
LZIS OK
LZOJ OK
LZTI OK
LZTO OK
LZTS OK
LZTJ OK
LZSI OK
LSZO CAP
LZST OK
LZSJ OK
LZJI OK
LZJO OK
LZJT OK
LZOS OK
LZJS OK
LJIO OK
LJIT OK
LJIS OK
LJIZ OK
LJOI OK
LJOT OK
LJOS OK
LJTI OK
LJOZ OK
LJTO OK
LJTS OK
LJSI OK
LJTZ OK
LJST OK
LJSO OK
LJZI OK
LJZO OK
LJSZ OK
LJZT OK
LJZS OK
LZSO OK
