IOTJ OK
IOTZ OK
IOTS OK
IOTL OK
IOST OK
IOSJ OK
IOSL OK
IOZT OK
IOZJ OK
IOZL OK
IOJT OK
IOJS OK
IOJZ OK
IOJL OK
IOLT OK
IOLS OK
IOLZ OK
IOLJ OK
IOSZ OK
ITOS OK
ITOJ OK
ITOL OK
ITOZ OK
ITSO OK
ITSJ OK
ITSL OK
ITZO OK
ITSZ OK
ITZJ OK
ITZL OK
ITZS OK
ITJO OK
ITJS OK
ITJL OK
ITJZ OK
ITLO OK
ITLS OK
ITLZ OK
ITLJ OK
IOZS OK
ISOJ OK
ISOT OK
ISOL OK
ISTO OK
ISTJ OK
ISTL OK
ISTZ OK
ISZT OK
ISZJ OK
ISZL OK
ISZO OK
ISOZ OK
ISJO OK
ISJT OK
ISJL OK
ISJZ OK
ISLO OK
ISLT OK
ISLJ OK
ISLZ OK
IZOJ OK
IZOL OK
IZOT OK
IZTO OK
IZTJ OK
IZTL OK
IZTS OK
IZST OK
IZSJ OK
IZSO OK
IZSL OK
IZJO OK
IZJT OK
IZJL OK
IZJS OK
IZLO OK
IZLT OK
IZLJ OK
IZLS OK
IJOS OK
IJOT OK
IJOL OK
IJOZ OK
IJTO OK
IJTS OK
IJTZ OK
IJTL OK
IJSO OK
IJST OK
IJSL OK
IJZO OK
IJSZ OK
IJZT OK
IJZL OK
IJLO OK
IJZS OK
IJLT OK
IJLS OK
IJLZ OK
ILOT OK
ILOS OK
ILOZ OK
ILOJ OK
ILTO OK
ILTS OK
IZOS OK
ILTZ OK
ILTJ OK
ILST OK
ILSJ OK
ILSO OK
ILZT OK
ILZO OK
ILZJ OK
ILZS OK
ILJO OK
ILJT OK
ILJS OK
ILJZ OK
OITS OK
ILSZ OK
OITZ OK
OITJ OK
OITL OK
OIST OK
OISJ OK
OISL OK
OIZT OK
OIZS OK
OIZL OK
OIZJ OK
OIJT OK
OIJS OK
OIJZ OK
OIJL OK
OILT OK
OISZ OK
OILS OK
OILJ OK
OILZ OK
OTIS OK
OTIJ OK
OTIZ OK
OTIL OK
OTSI OK
OTSJ OK
OTSL OK
OTZI OK
OTZJ OK
OTZL OK
OTJI OK
OTJS OK
OTSZ OK
OTJZ OK
OTLI OK
OTJL OK
OTLS OK
OTLZ OK
OTLJ OK
OSIT OK
OSIJ OK
OTZS OK
OSIL OK
OSTI OK
OSTJ OK
OSTL OK
OSIZ OK
OSTZ OK
OSZI OK
OSZJ OK
OSZT OK
OSZL OK
OSJI OK
OSJT OK
OSJZ OK
OSJL OK
OSLI OK
OSLT OK
OZIT OK
OSLJ OK
OZIS OK
OSLZ OK
OZIJ OK
OZIL OK
OZTI OK
OZTJ OK
OZTL OK
OZSI OK
OZSJ OK
OZTS OK
OZJI OK
OZSL OK
OZJT OK
OZJS OK
OZJL OK
OZLI OK
OZLT OK
OZST OK
OZLJ OK
OJIT OK
OZLS OK
OJIS OK
OJIZ OK
OJIL OK
OJTI OK
OJTS OK
OJTZ OK
OJTL OK
OJSI OK
OJST OK
OJSL OK
OJZI OK
OJZT OK
OJZL OK
OJSZ OK
OJLI OK
OJLT OK
OJLS OK
OLIT OK
OJLZ OK
OLIS OK
OLIZ OK
OLIJ OK
OLTI OK
OLTS OK
OLTZ OK
OLTJ OK
OLSI OK
OLST OK
OLSJ OK
OLSZ OK
OLZI OK
OLZT OK
OLZJ OK
OJZS OK
OLJI OK
OLZS OK
OLJT OK
OLJS OK
OLJZ OK
TIOJ OK
TIOL OK
TIOS OK
TIOZ OK
TISJ OK
TISL OK
TISO OK
TISZ OK
TIZO OK
TIZJ OK
TIZL OK
TIJO OK
TIZS OK
TIJS OK
TIJZ OK
TIJL OK
TILO OK
TILS OK
TILZ OK
TILJ OK
TOIJ OK
TOIS OK
TOIZ OK
TOIL OK
TOSI OK
TOSJ OK
TOSL OK
TOZI OK
TOZJ OK
TOZL OK
TOJI OK
TOJS OK
TOJZ OK
TOJL OK
TOLI OK
TOSZ OK
TOLS OK
TOLJ OK
TOLZ OK
TSIO OK
TSIJ OK
TSIL OK
TSOI OK
TSIZ OK
TOZS OK
TSOJ OK
TSOL OK
TSZI OK
TSZJ OK
TSZL OK
TSOZ OK
TSJI OK
TSJO OK
TSJL OK
TSZO OK
TSJZ OK
TSLI OK
TSLO OK
TSLJ OK
TSLZ OK
TZIJ OK
TZIL OK
TZIO OK
TZIS OK
TZOJ OK
TZOI OK
TZOL OK
TZSI OK
TZSJ OK
TZSL OK
TZJI OK
TZJO OK
TZJS OK
TZJL OK
TZSO OK
TZOS OK
TZLI OK
TZLO OK
TZLS OK
TJIO OK
TZLJ OK
TJIS OK
TJIL OK
TJIZ OK
TJOI OK
TJOZ OK
TJOS OK
TJOL OK
TJSI OK
TJSO OK
TJZI OK
TJSZ OK
TJSL OK
TJZO OK
TJZS OK
TJLI OK
TJZL OK
TJLO OK
TLIO OK
TJLS OK
TJLZ OK
TLIJ OK
TLOI OK
TLIS OK
TLIZ OK
TLOJ OK
TLOS OK
TLOZ OK
TLSI OK
TLSO OK
TLSZ OK
TLSJ OK
TLZO OK
TLZI OK
TLZS OK
TLJI OK
TLZJ OK
TLJO OK
TLJS OK
TLJZ OK
SIOJ OK
SIOT OK
SIOL OK
SITO OK
SITJ OK
SITL OK
SITZ OK
SIZO OK
SIZT OK
SIZJ OK
SIZL OK
SIJO OK
SIJT OK
SIOZ OK
SIJL OK
SIJZ OK
SILO OK
SILT OK
SILJ OK
SILZ OK
SOIT OK
SOIJ OK
SOIL OK
SOTI OK
SOTJ OK
SOTL OK
SOIZ OK
SOTZ OK
SOZI OK
SOZJ OK
SOZL OK
SOJI OK
SOZT OK
SOJT OK
SOJZ OK
SOJL OK
SOLI OK
SOLT OK
STIO OK
SOLJ OK
STIJ OK
SOLZ OK
STIL OK
STOI OK
STIZ OK
STOJ OK
STOL OK
STZI OK
STZJ OK
STOZ OK
STZL OK
STJI OK
STJO OK
STJL OK
STJZ OK
STLI OK
STLO OK
STZO OK
STLJ OK
STLZ OK
SZIJ OK
SZIO OK
SZIL OK
SZIT OK
SZOI OK
SZOT OK
SZOJ OK
SZTI OK
SZOL OK
SZTO OK
SZTJ OK
SZTL OK
SZJI OK
SZJO OK
SZJT OK
SZLI OK
SZJL OK
SZLJ OK
SZLT OK
SZLO OK
SJIO OK
SJIT OK
SJIZ OK
SJIL OK
SJOI OK
SJOT OK
SJOZ OK
SJOL OK
SJTI OK
SJTO OK
SJTL OK
SJTZ OK
SJZI OK
SJZT OK
SJLI OK
SJZL OK
SJZO OK
SJLT OK
SJLO OK
SLIO OK
SLIT OK
SLIZ OK
SLIJ OK
SJLZ OK
SLOI OK
SLOT OK
SLTI OK
SLOJ OK
SLTO OK
SLOZ OK
SLTJ OK
SLTZ OK
SLZI OK
SLZT OK
SLZJ OK
SLJI OK
SLZO OK
SLJT OK
SLJO OK
SLJZ OK
ZIOJ OK
ZIOT OK
ZIOS OK
ZIOL OK
ZITO OK
ZITJ OK
ZITL OK
ZITS OK
ZISJ OK
ZISO OK
ZIST OK
ZISL OK
ZIJO OK
ZIJT OK
ZIJL OK
ZIJS OK
ZILT OK
ZILO OK
ZILS OK
ZILJ OK
ZOIT OK
ZOIJ OK
ZOIS OK
ZOIL OK
ZOTI OK
ZOTJ OK
ZOTL OK
ZOSI OK
ZOSJ OK
ZOTS OK
ZOSL OK
ZOJI OK
ZOJT OK
ZOJS OK
ZOJL OK
ZOLI OK
ZOLT OK
ZOST OK
ZOLJ OK
ZTIO OK
ZOLS OK
ZTIJ OK
ZTIL OK
ZTOI OK
ZTOJ OK
ZTIS OK
ZTOL OK
ZTSI OK
ZTSJ OK
ZTSL OK
ZTOS OK
ZTJI OK
ZTJO OK
ZTJS OK
ZTJL OK
ZTLI OK
ZTSO OK
ZTLO OK
ZTLJ OK
ZTLS OK
ZSIJ OK
ZSIL OK
ZSIO OK
ZSIT OK
ZSOJ OK
ZSOI OK
ZSOT OK
ZSTI OK
ZSOL OK
ZSTO OK
ZSTJ OK
ZSTL OK
ZSJI OK
ZSJO OK
ZSJT OK
ZSJL OK
ZSLI OK
ZSLJ OK
ZSLT OK
ZSLO OK
ZJIO OK
ZJIT OK
ZJIS OK
ZJIL OK
ZJOT OK
ZJOI OK
ZJTI OK
ZJOL OK
ZJTO OK
ZJTS OK
ZJTL OK
ZJOS OK
ZJST OK
ZJSI OK
ZJSL OK
ZJSO OK
ZJLI OK
ZJLO OK
ZJLT OK
ZJLS OK
ZLIO OK
ZLIT OK
ZLIS OK
ZLIJ OK
ZLOT OK
ZLOJ OK
ZLOI OK
ZLOS OK
ZLTI OK
ZLTO OK
ZLTJ OK
ZLTS OK
ZLST OK
ZLSI OK
ZLSJ OK
ZLSO OK
ZLJI OK
ZLJO OK
ZLJT OK
ZLJS OK
JIOT OK
JIOS OK
JIOZ OK
JIOL OK
JITO OK
JITS OK
JITZ OK
JITL OK
JISO OK
JIST OK
JISL OK
JIZO OK
JIZT OK
JISZ OK
JIZL OK
JILO OK
JILT OK
JILS OK
JILZ OK
JOIT OK
JIZS OK
JOIS OK
JOIL OK
JOIZ OK
JOTI OK
JOTZ OK
JOTS OK
JOTL OK
JOST OK
JOSI OK
JOZI OK
JOSL OK
JOZT OK
JOZL OK
JOSZ OK
JOLI OK
JOLT OK
JOLS OK
JTIO OK
JOLZ OK
JTIS OK
JTIZ OK
JTIL OK
JTOI OK
JTOS OK
JTOZ OK
JTSI OK
JTOL OK
JTSO OK
JTSZ OK
JTZI OK
JTSL OK
JTZO OK
JTZS OK
JTLI OK
JTZL OK
JTLO OK
JTLS OK
JTLZ OK
JSIO OK
JSIT OK
JSIL OK
JOZS OK
JSOI OK
JSOT OK
JSIZ OK
JSTI OK
JSTO OK
JSOL OK
JSTL OK
JSTZ OK
JSOZ OK
JSZT OK
JSZO OK
JSZL OK
JSLI OK
JSLT OK
JSZI OK
JSLO OK
JZIO OK
JZIT OK
JSLZ OK
JZIL OK
JZOT OK
JZOI OK
JZIS OK
JZOL OK
JZTI OK
JZTO OK
JZTS OK
JZTL OK
JZSI OK
JZST OK
JZSL OK
JZLI OK
JZLO OK
JZLT OK
JZLS OK
JLIO OK
JLIT OK
JLIS OK
JLIZ OK
JLOI OK
JZOS OK
JLOT OK
JLOS OK
JLOZ OK
JLTI OK
JLTO OK
JLTS OK
JZSO OK
JLTZ OK
JLSI OK
JLST OK
JLZI OK
JLSO OK
JLZO OK
JLZT OK
LIOT OK
JLSZ OK
JLZS OK
LIOS OK
LIOZ OK
LIOJ OK
LITO OK
LITS OK
LITZ OK
LITJ OK
LIST OK
LISO OK
LISJ OK
LIZT OK
LIZO OK
LIZJ OK
LIJO OK
LIJT OK
LISZ OK
LIJS OK
LIJZ OK
LOIT OK
LOIS OK
LOIJ OK
LOIZ OK
LOTI OK
LOTS OK
LOTZ OK
LOTJ OK
LOSI OK
LOST OK
LOSJ OK
LOZI OK
LOSZ OK
LIZS OK
LOZT OK
LOZJ OK
LOJI OK
LOZS OK
LOJT OK
LOJS OK
LTIO OK
LOJZ OK
LTIJ OK
LTIS OK
LTIZ OK
LTOI OK
LTOJ OK
LTOS OK
LTOZ OK
LTSI OK
LTSO OK
LTSZ OK
LTSJ OK
LTZI OK
LTZO OK
LTJI OK
LTZS OK
LTZJ OK
LTJO OK
LTJS OK
LTJZ OK
LSIO OK
LSIT OK
LSIZ OK
LSIJ OK
LSOI OK
LSOT OK
LSTI OK
LSOJ OK
LSTO OK
LSOZ OK
LSTJ OK
LSTZ OK
LSZI OK
LSZT OK
LSZJ OK
LSZO OK
LSJI OK
LSJT OK
LSJO OK
LZIO OK
LSJZ OK
LZIT OK
LZIJ OK
LZOT OK
LZOI OK
LZOJ OK
LZTI OK
LZOS OK
LZTO OK
LZTS OK
LZTJ OK
LZIS OK
LZST OK
LZSO OK
LZSJ OK
LZJI OK
LZJO OK
LZJT OK
LZJS OK
LJIO OK
LZSI OK
LJIT OK
LJIS OK
LJOI OK
LJIZ OK
LJOT OK
LJOS OK
LJOZ OK
LJTI OK
LJTO OK
LJTS OK
LJSI OK
LJTZ OK
LJST OK
LJZI OK
LJSO OK
LJZO OK
LJZT OK
LJSZ OK
LJZS OK
