IOTS OK
IOTJ OK
IOTZ OK
IOST OK
IOTL OK
IOSL OK
IOZT OK
IOSJ OK
IOSZ OK
IOZJ OK
IOZL OK
IOJT OK
IOJS OK
IOJZ OK
IOJL OK
IOLT OK
IOLS OK
IOLZ OK
IOLJ OK
ITOS OK
ITOZ OK
ITOJ OK
ITOL OK
ITSO OK
ITSJ OK
ITSZ OK
ITSL OK
ITZO OK
ITZJ OK
ITZS OK
ITJO OK
ITZL OK
ITJS OK
ITJZ OK
ITJL OK
ITLO OK
ITLS OK
ITLZ OK
ITLJ OK
ISOT OK
ISOZ OK
ISOJ OK
ISOL OK
ISTO OK
ISTZ OK
ISTJ OK
ISTL OK
ISZO OK
ISZT OK
ISZL OK
ISZJ OK
IOZS OK
ISJT OK
ISJO OK
ISJL OK
ISLO OK
ISLT OK
ISLJ OK
IZOT OK
ISJZ OK
IZOJ OK
IZOL OK
IZTO OK
ISLZ OK
IZTS OK
IZTJ OK
IZTL OK
IZST OK
IZSO OK
IZSJ OK
IZSL OK
IZJT OK
IZJO OK
IZJL OK
IZLO OK
IZLT OK
IZJS OK
IZLS OK
IZLJ OK
IJOT OK
IJOS OK
IJOZ OK
IJOL OK
IZOS OK
IJTO OK
IJTS OK
IJTZ OK
IJTL OK
IJST OK
IJSL OK
IJSO OK
IJSZ OK
IJZT OK
IJZL OK
IJZO OK
IJLO OK
IJLT OK
IJLS OK
IJLZ OK
ILOT OK
ILOS OK
ILOJ OK
ILOZ OK
ILTO OK
IJZS OK
ILTS OK
ILTJ OK
ILTZ OK
ILST OK
ILSJ OK
ILSO OK
ILZT OK
ILZO OK
ILZJ OK
ILJO OK
ILJT OK
ILZS OK
ILJS OK
ILJZ OK
OITS OK
OITZ OK
OITL OK
OITJ OK
OIST OK
OISZ OK
OISJ OK
OISL OK
OIZT OK
OIZS OK
OIZJ OK
OIZL OK
OIJT OK
OIJS OK
OIJZ OK
OIJL OK
OILT OK
ILSZ OK
OILJ OK
OILS OK
OTIS OK
OILZ OK
OTIZ OK
OTIJ OK
OTIL OK
OTSI OK
OTSJ OK
OTZI OK
OTSL OK
OTZJ OK
OTZL OK
OTJI OK
OTJS OK
OTJZ OK
OTJL OK
OTLI OK
OTLS OK
OTSZ OK
OTLJ OK
OSIT OK
OTLZ OK
OTZS OK
OSIZ OK
OSIJ OK
OSIL OK
OSTI OK
OSTZ OK
OSTJ OK
OSTL OK
OSZI OK
OSZT OK
OSJI OK
OSZJ OK
OSZL OK
OSJT OK
OSJL OK
OSLI OK
OSLT OK
OSLJ OK
OSJZ OK
OZIT OK
OZIS OK
OSLZ OK
OZIJ OK
OZIL OK
OZTI OK
OZTJ OK
OZSI OK
OZTL OK
OZSJ OK
OZSL OK
OZJI OK
OZJT OK
OZTS OK
OZJL OK
OZJS OK
OZST OK
OZLI OK
OZLJ OK
OZLT OK
OJIT OK
OZLS OK
OJIL OK
OJTI OK
OJIS OK
OJIZ OK
OJTS OK
OJTZ OK
OJTL OK
OJST OK
OJSI OK
OJSL OK
OJSZ OK
OJZI OK
OJZT OK
OJZL OK
OJLT OK
OJLI OK
OJLS OK
OJLZ OK
OJZS OK
OLIT OK
OLIJ OK
OLIS OK
OLIZ OK
OLTI OK
OLTJ OK
OLTS OK
OLTZ OK
OLSI OK
OLST OK
OLSJ OK
OLZT OK
OLZI OK
OLZJ OK
OLSZ OK
OLJI OK
OLJT OK
OLZS OK
OLJS OK
OLJZ OK
TIOS OK
TIOJ OK
TIOZ OK
TIOL OK
TISO OK
TISJ OK
TISZ OK
TISL OK
TIZO OK
TIZJ OK
TIZS OK
TIZL OK
TIJO OK
TIJS OK
TIJZ OK
TIJL OK
TILO OK
TILJ OK
TILS OK
TILZ OK
TOIJ OK
TOIS OK
TOIZ OK
TOIL OK
TOSI OK
TOSJ OK
TOZI OK
TOSL OK
TOZJ OK
TOZL OK
TOJI OK
TOJS OK
TOJZ OK
TOJL OK
TOLI OK
TOLS OK
TOSZ OK
TOLJ OK
TOLZ OK
TSIO OK
TSIJ OK
TSIZ OK
TOZS OK
TSIL OK
TSOI OK
TSOJ OK
TSOL OK
TSZI OK
TSZJ OK
TSZL OK
TSJI OK
TSJO OK
TSJZ OK
TSJL OK
TSLI OK
TSLO OK
TSLZ OK
TSLJ OK
TZIO OK
TZIS OK
TSOZ OK
TZIJ OK
TZIL OK
TZOI OK
TSZO OK
TZOJ OK
TZSI OK
TZOL OK
TZSJ OK
TZSL OK
TZJI OK
TZJO OK
TZJS OK
TZJL OK
TZLI OK
TZLO OK
TZLS OK
TZOS OK
TZLJ OK
TJIO OK
TJIS OK
TJIZ OK
TJIL OK
TJOI OK
TJOS OK
TZSO OK
TJOZ OK
TJOL OK
TJSI OK
TJSO OK
TJSL OK
TJSZ OK
TJZI OK
TJZL OK
TJZO OK
TJLI OK
TJLO OK
TJZS OK
TJLS OK
TJLZ OK
TLIO OK
TLIS OK
TLIZ OK
TLIJ OK
TLOI OK
TLOJ OK
TLSI OK
TLSO OK
TLOS OK
TLOZ OK
TLSJ OK
TLZI OK
TLSZ OK
TLZJ OK
TLJI OK
TLJO OK
TLJS OK
TLJZ OK
TLZO OK
SIOT OK
SIOZ OK
SIOJ OK
SIOL OK
SITO OK
SITZ OK
TLZS OK
SITJ OK
SITL OK
SIZT OK
SIZO OK
SIZJ OK
SIZL OK
SIJO OK
SIJT OK
SIJL OK
SILO OK
SILT OK
SILJ OK
SIJZ OK
SOIT OK
SOIZ OK
SOIJ OK
SOIL OK
SOTI OK
SOTZ OK
SOTJ OK
SILZ OK
SOTL OK
SOZI OK
SOZT OK
SOJI OK
SOZL OK
SOZJ OK
SOJT OK
SOJL OK
SOLT OK
SOLI OK
SOLJ OK
SOJZ OK
STIO OK
STIZ OK
STIJ OK
STIL OK
SOLZ OK
STOI OK
STOJ OK
STOL OK
STZI OK
STZJ OK
STOZ OK
STZL OK
STJI OK
STJO OK
STZO OK
STJZ OK
STJL OK
STLI OK
STLO OK
STLJ OK
SZIO OK
STLZ OK
SZIT OK
SZIJ OK
SZIL OK
SZOI OK
SZOL OK
SZOJ OK
SZTI OK
SZOT OK
SZTJ OK
SZTL OK
SZJI OK
SZTO OK
SZJT OK
SZJL OK
SZLI OK
SZJO OK
SZLJ OK
SZLO OK
SJIT OK
SJIO OK
SJIL OK
SJIZ OK
SJOT OK
SJOI OK
SZLT OK
SJOL OK
SJTI OK
SJTO OK
SJTZ OK
SJTL OK
SJOZ OK
SJZI OK
SJZT OK
SJZL OK
SJZO OK
SJLI OK
SJLO OK
SJLT OK
SJLZ OK
SLIT OK
SLIJ OK
SLIO OK
SLOI OK
SLOT OK
SLOJ OK
SLIZ OK
SLTI OK
SLTO OK
SLTJ OK
SLOZ OK
SLTZ OK
SLZI OK
SLZJ OK
SLZO OK
SLZT OK
SLJI OK
SLJO OK
SLJT OK
ZIOT OK
SLJZ OK
ZIOS OK
ZIOL OK
ZIOJ OK
ZITO OK
ZITJ OK
ZITS OK
ZITL OK
ZIST OK
ZISO OK
ZISJ OK
ZISL OK
ZIJO OK
ZIJT OK
ZIJL OK
ZILO OK
ZILT OK
ZILJ OK
ZOIT OK
ZILS OK
ZOIS OK
ZOIJ OK
ZIJS OK
ZOTI OK
ZOIL OK
ZOTJ OK
ZOTL OK
ZOSI OK
ZOSJ OK
ZOSL OK
ZOJI OK
ZOJT OK
ZOTS OK
ZOJL OK
ZOLI OK
ZOST OK
ZOJS OK
ZOLJ OK
ZOLT OK
ZTIO OK
ZOLS OK
ZTIS OK
ZTIJ OK
ZTIL OK
ZTOI OK
ZTOJ OK
ZTSI OK
ZTOL OK
ZTSJ OK
ZTSL OK
ZTJI OK
ZTJO OK
ZTOS OK
ZTJS OK
ZTJL OK
ZTLI OK
ZTLO OK
ZTLS OK
ZTSO OK
ZTLJ OK
ZSIO OK
ZSIT OK
ZSIJ OK
ZSIL OK
ZSOI OK
ZSOL OK
ZSOJ OK
ZSTI OK
ZSTJ OK
ZSOT OK
ZSJI OK
ZSJO OK
ZSTO OK
ZSJL OK
ZSJT OK
ZSLI OK
ZSTL OK
ZSLO OK
ZSLJ OK
ZJIO OK
ZJIT OK
ZJIL OK
ZJOI OK
ZSLT OK
ZJOT OK
ZJIS OK
ZJOL OK
ZJTI OK
ZJTO OK
ZJOS OK
ZJTL OK
ZJTS OK
ZJSI OK
ZJSL OK
ZJLI OK
ZJSO OK
ZJLO OK
ZJST OK
ZJLT OK
ZJLS OK
ZLIO OK
ZLIT OK
ZLIJ OK
ZLIS OK
ZLOI OK
ZLOJ OK
ZLOT OK
ZLTI OK
ZLOS OK
ZLTO OK
ZLTS OK
ZLTJ OK
ZLSI OK
ZLSJ OK
ZLJI OK
ZLSO OK
ZLJO OK
ZLJT OK
ZLJS OK
JIOT OK
JIOS OK
JIOZ OK
JIOL OK
ZLST OK
JITO OK
JITS OK
JITZ OK
JITL OK
JIST OK
JISL OK
JISO OK
JISZ OK
JIZT OK
JIZL OK
JILO OK
JIZO OK
JILT OK
JILS OK
JILZ OK
JOIT OK
JOIS OK
JOIZ OK
JOIL OK
JOTI OK
JOTS OK
JOTZ OK
JIZS OK
JOTL OK
JOSI OK
JOST OK
JOSL OK
JOSZ OK
JOZI OK
JOZT OK
JOLI OK
JOZL OK
JOLT OK
JOLS OK
JOLZ OK
JTIO OK
JOZS OK
JTIS OK
JTIZ OK
JTIL OK
JTOI OK
JTOS OK
JTOL OK
JTOZ OK
JTSI OK
JTSO OK
JTSZ OK
JTSL OK
JTZI OK
JTZO OK
JTZL OK
JTLI OK
JTLO OK
JTZS OK
JTLS OK
JTLZ OK
JSIT OK
JSIL OK
JSIO OK
JSIZ OK
JSOT OK
JSOI OK
JSOL OK
JSTI OK
JSTO OK
JSTZ OK
JSOZ OK
JSTL OK
JSZI OK
JSZL OK
JSZT OK
JSZO OK
JSLI OK
JSLO OK
JSLT OK
JSLZ OK
JZIT OK
JZIL OK
JZIO OK
JZOT OK
JZOI OK
JZOL OK
JZTI OK
JZIS OK
JZOS OK
JZTO OK
JZTL OK
JZTS OK
JZSI OK
JZSL OK
JZST OK
JZSO OK
JZLI OK
JZLO OK
JZLT OK
JZLS OK
JLIT OK
JLIO OK
JLIS OK
JLIZ OK
JLOI OK
JLOT OK
JLOS OK
JLOZ OK
JLTI OK
JLTO OK
JLTS OK
JLTZ OK
JLSO OK
JLSI OK
JLST OK
JLSZ OK
JLZI OK
JLZO OK
JLZT OK
LIOT OK
JLZS OK
LIOJ OK
LIOS OK
LITO OK
LIOZ OK
LITS OK
LITJ OK
LITZ OK
LIST OK
LISJ OK
LISO OK
LIZT OK
LIZO OK
LIZJ OK
LIJO OK
LIZS OK
LIJT OK
LIJS OK
LIJZ OK
LOIT OK
LOIS OK
LOIZ OK
LOIJ OK
LOTI OK
LOTS OK
LOTZ OK
LOTJ OK
LOST OK
LISZ OK
LOSI OK
LOSJ OK
LOZI OK
LOZT OK
LOZJ OK
LOJI OK
LOSZ OK
LOJT OK
LOJS OK
LOZS OK
LOJZ OK
LTIS OK
LTIO OK
LTIZ OK
LTOI OK
LTIJ OK
LTOJ OK
LTSI OK
LTSO OK
LTOS OK
LTOZ OK
LTZI OK
LTSJ OK
LTSZ OK
LTZJ OK
LTJI OK
LTZO OK
LTJO OK
LTJS OK
LTJZ OK
LSIT OK
LTZS OK
LSIJ OK
LSIO OK
LSOT OK
LSOI OK
LSOJ OK
LSTI OK
LSTO OK
LSTZ OK
LSTJ OK
LSOZ OK
LSZI OK
LSIZ OK
LSZJ OK
LSJI OK
LSJO OK
LSJT OK
LSJZ OK
LZIO OK
LZIT OK
LZIS OK
LZIJ OK
LSZT OK
LZOI OK
LZOT OK
LSZO OK
LZOJ OK
LZOS OK
LZTI OK
LZTJ OK
LZTO OK
LZSI OK
LZSO OK
LZSJ OK
LZJI OK
LZJO OK
LZJT OK
LZJS OK
LJIO OK
LJIT OK
LZTS OK
LJIS OK
LJIZ OK
LJOT OK
LJOI OK
LZST OK
LJOS OK
LJOZ OK
LJTI OK
LJTO OK
LJTS OK
LJTZ OK
LJSI OK
LJST OK
LJSO OK
LJSZ OK
LJZI OK
LJZO OK
LJZT OK
LJZS OK
