IOTS OK
IOTJ OK
IOTZ OK
IOTL OK
IOST OK
IOSL OK
IOSZ OK
IOZT OK
IOSJ OK
IOZL OK
IOJT OK
IOZJ OK
IOJS OK
IOJL OK
IOLT OK
IOJZ OK
IOLS OK
IOLJ OK
IOLZ OK
ITOS OK
ITOZ OK
ITOJ OK
ITOL OK
ITSO OK
ITSJ OK
ITSZ OK
ITSL OK
ITZO OK
ITZJ OK
ITZS OK
ITJO OK
ITZL OK
ITJS OK
ITJZ OK
ITJL OK
ITLO OK
ITLS OK
ITLZ OK
ITLJ OK
ISOT OK
ISOZ OK
ISOJ OK
ISOL OK
ISTO OK
ISTZ OK
ISTJ OK
ISTL OK
ISZO OK
ISZT OK
IOZS OK
ISJO OK
ISJT OK
ISZL OK
ISJL OK
ISLO OK
ISLT OK
ISLZ OK
ISLJ OK
IZOT OK
ISZJ OK
ISJZ OK
IZOJ OK
IZOL OK
IZTO OK
IZTS OK
IZTJ OK
IZTL OK
IZST OK
IZSJ OK
IZOS OK
IZSL OK
IZJT OK
IZJO OK
IZJL OK
IZLO OK
IZLT OK
IZLS OK
IZLJ OK
IJOT OK
IZSO OK
IJOS OK
IJOL OK
IJOZ OK
IZJS OK
IJTO OK
IJTS OK
IJTZ OK
IJTL OK
IJST OK
IJSL OK
IJSO OK
IJSZ OK
IJZT OK
IJZL OK
IJLO OK
IJZO OK
IJLT OK
IJLS OK
IJLZ OK
ILOT OK
ILOS OK
ILOZ OK
ILOJ OK
ILTO OK
ILTS OK
ILTJ OK
ILTZ OK
ILST OK
IJZS OK
ILSO OK
ILSJ OK
ILZT OK
ILSZ OK
ILZJ OK
ILJO OK
ILZO OK
ILJT OK
ILJS OK
ILJZ OK
OITS OK
ILZS OK
OITZ OK
OITJ OK
OITL OK
OIST OK
OISZ OK
OISJ OK
OISL OK
OIZT OK
OIZS OK
OIZJ OK
OIZL OK
OIJT OK
OIJL OK
OILT OK
OIJS OK
OIJZ OK
OILJ OK
OILS OK
OTIS OK
OTIZ OK
OTIJ OK
OILZ OK
OTIL OK
OTSI OK
OTSJ OK
OTSL OK
OTZI OK
OTZJ OK
OTZL OK
OTJI OK
OTJS OK
OTJZ OK
OTJL OK
OTLI OK
OTSZ OK
OTLS OK
OTLJ OK
OTLZ OK
OTZS OK
OSIT OK
OSIZ OK
OSIJ OK
OSIL OK
OSTI OK
OSTJ OK
OSTZ OK
OSTL OK
OSZI OK
OSZT OK
OSJI OK
OSJT OK
OSZL OK
OSJL OK
OSLI OK
OSLT OK
OSLZ OK
OSLJ OK
OSJZ OK
OZIT OK
OZIS OK
OZIJ OK
OZIL OK
OZTI OK
OZTJ OK
OSZJ OK
OZTL OK
OZSI OK
OZTS OK
OZST OK
OZJI OK
OZJT OK
OZSL OK
OZSJ OK
OZJL OK
OZLI OK
OZLT OK
OZLJ OK
OJIT OK
OJIS OK
OZLS OK
OJIL OK
OJTI OK
OJIZ OK
OJTS OK
OJTZ OK
OJTL OK
OZJS OK
OJST OK
OJSI OK
OJSL OK
OJZT OK
OJZI OK
OJZL OK
OJLI OK
OJLT OK
OJLS OK
OJLZ OK
OLIT OK
OJSZ OK
OLIS OK
OLIJ OK
OLTI OK
OLIZ OK
OLTS OK
OLTZ OK
OLTJ OK
OLSI OK
OLST OK
OLSJ OK
OLZI OK
OLZT OK
OLSZ OK
OLZJ OK
OLJI OK
OLJT OK
OJZS OK
OLJS OK
OLJZ OK
TIOS OK
TIOZ OK
TIOL OK
TIOJ OK
TISO OK
TISZ OK
TISJ OK
TISL OK
TIZO OK
TIZS OK
TIZJ OK
TIJO OK
TIZL OK
TIJS OK
TIJZ OK
TIJL OK
TILO OK
TILS OK
TILZ OK
TILJ OK
TOIS OK
TOIZ OK
TOIJ OK
TOIL OK
TOSI OK
TOSJ OK
OLZS OK
TOSL OK
TOZI OK
TOZJ OK
TOZL OK
TOJI OK
TOJS OK
TOJZ OK
TOJL OK
TOLI OK
TOLS OK
TOSZ OK
TOLJ OK
TSIO OK
TOLZ OK
TSIZ OK
TSIJ OK
TOZS OK
TSIL OK
TSOI OK
TSOJ OK
TSOL OK
TSZI OK
TSZJ OK
TSZL OK
TSJI OK
TSJO OK
TSJZ OK
TSJL OK
TSLI OK
TSLO OK
TSLZ OK
TSLJ OK
TZIO OK
TSOZ OK
TZIS OK
TZIJ OK
TZIL OK
TZOI OK
TSZO OK
TZOJ OK
TZSI OK
TZOL OK
TZSJ OK
TZSL OK
TZJI OK
TZJO OK
TZJS OK
TZJL OK
TZLI OK
TZLO OK
TZOS OK
TZLJ OK
TJIO OK
TJIS OK
TZSO OK
TJIL OK
TJIZ OK
TZLS OK
TJOI OK
TJOS OK
TJOL OK
TJOZ OK
TJSI OK
TJSL OK
TJSO OK
TJZI OK
TJZO OK
TJSZ OK
TJZL OK
TJLI OK
TJLO OK
TJLS OK
TJZS OK
TJLZ OK
TLIO OK
TLIS OK
TLIJ OK
TLIZ OK
TLOI OK
TLOJ OK
TLSI OK
TLSO OK
TLOS OK
TLOZ OK
TLSZ OK
TLSJ OK
TLZI OK
TLZJ OK
TLJI OK
TLJO OK
TLJS OK
TLJZ OK
TLZO OK
SIOT OK
SIOZ OK
SIOJ OK
SIOL OK
SITO OK
SITZ OK
SITJ OK
TLZS OK
SITL OK
SIZO OK
SIZT OK
SIZJ OK
SIZL OK
SIJO OK
SIJT OK
SIJL OK
SILO OK
SILT OK
SILJ OK
SOIT OK
SOIZ OK
SOIJ OK
SOIL OK
SILZ OK
SOTI OK
SOTZ OK
SOTJ OK
SOTL OK
SOZI OK
SOZT OK
SOZL OK
SIJZ OK
SOJT OK
SOJI OK
SOJL OK
SOLI OK
SOLT OK
SOLZ OK
SOLJ OK
STIO OK
SOJZ OK
STIZ OK
STIJ OK
STIL OK
STOI OK
SOZJ OK
STOJ OK
STOL OK
STZI OK
STZJ OK
STOZ OK
STZL OK
STJI OK
STJO OK
STZO OK
STJL OK
STLI OK
STLO OK
STLJ OK
STLZ OK
SZIO OK
SZIT OK
STJZ OK
SZIJ OK
SZIL OK
SZOI OK
SZOT OK
SZTI OK
SZOL OK
SZTJ OK
SZTO OK
SZJI OK
SZTL OK
SZOJ OK
SZJT OK
SZJL OK
SZLI OK
SZLT OK
SZLJ OK
SZJO OK
SJIO OK
SJIT OK
SJIL OK
SJIZ OK
SJOT OK
SZLO OK
SJOI OK
SJTI OK
SJOL OK
SJTO OK
SJTL OK
SJTZ OK
SJZI OK
SJZT OK
SJZL OK
SJLI OK
SJLO OK
SJOZ OK
SJLT OK
SJLZ OK
SLIT OK
SLIO OK
SLIJ OK
SJZO OK
SLIZ OK
SLOT OK
SLOJ OK
SLTI OK
SLTO OK
SLOI OK
SLOZ OK
SLTJ OK
SLZI OK
SLTZ OK
SLZJ OK
SLJI OK
SLJO OK
SLZT OK
SLJT OK
SLJZ OK
ZIOT OK
ZIOJ OK
ZIOL OK
ZITO OK
ZITS OK
ZITJ OK
ZITL OK
SLZO OK
ZISO OK
ZIST OK
ZISJ OK
ZISL OK
ZIJT OK
ZIJO OK
ZIOS OK
ZIJL OK
ZILT OK
ZILO OK
ZILJ OK
ZOIT OK
ZILS OK
ZOIS OK
ZOIJ OK
ZOIL OK
ZOTI OK
ZOTJ OK
ZIJS OK
ZOSI OK
ZOTL OK
ZOTS OK
ZOST OK
ZOJI OK
ZOSL OK
ZOSJ OK
ZOJT OK
ZOJL OK
ZOLI OK
ZOLT OK
ZOLJ OK
ZTIO OK
ZTIS OK
ZTIJ OK
ZTIL OK
ZTOI OK
ZOLS OK
ZTOJ OK
ZOJS OK
ZTOL OK
ZTSI OK
ZTSJ OK
ZTSL OK
ZTJI OK
ZTOS OK
ZTJO OK
ZTJL OK
ZTJS OK
ZTLI OK
ZTLO OK
ZTLJ OK
ZTSO OK
ZSIO OK
ZSIT OK
ZSIJ OK
ZSIL OK
ZTLS OK
ZSOI OK
ZSOL OK
ZSTI OK
ZSOT OK
ZSTJ OK
ZSOJ OK
ZSTO OK
ZSJI OK
ZSJT OK
ZSJL OK
ZSTL OK
ZSLI OK
ZSLT OK
ZSLJ OK
ZSJO OK
ZJIT OK
ZJIO OK
ZJIL OK
ZSLO OK
ZJOI OK
ZJOT OK
ZJOL OK
ZJTI OK
ZJTO OK
ZJTS OK
ZJTL OK
ZJSI OK
ZJIS OK
ZJST OK
ZJSL OK
ZJLI OK
ZJLO OK
ZJLT OK
ZJLS OK
ZLIO OK
ZLIT OK
ZJSO OK
ZLIS OK
ZJOS OK
ZLIJ OK
ZLOI OK
ZLOJ OK
ZLOT OK
ZLTI OK
ZLTO OK
ZLTJ OK
ZLSI OK
ZLOS OK
ZLTS OK
ZLSJ OK
ZLJI OK
ZLJO OK
ZLJT OK
ZLJS OK
JIOT OK
ZLSO OK
ZLST OK
JIOL OK
JITO OK
JITS OK
JITZ OK
JITL OK
JIOZ OK
JIOS OK
JIST OK
JISL OK
JISO OK
JISZ OK
JIZT OK
JIZL OK
JILO OK
JIZO OK
JILT OK
JILS OK
JILZ OK
JOIT OK
JOIS OK
JOIZ OK
JOIL OK
JOTI OK
JOTS OK
JOTZ OK
JOTL OK
JOST OK
JOSI OK
JOSL OK
JOZI OK
JOZT OK
JIZS OK
JOZL OK
JOLI OK
JOSZ OK
JOLT OK
JOLS OK
JTIO OK
JOLZ OK
JTIS OK
JTIZ OK
JTIL OK
JTOI OK
JTOS OK
JTOZ OK
JTOL OK
JTSI OK
JTSO OK
JTSL OK
JTZI OK
JTZO OK
JTSZ OK
JTZL OK
JTZS OK
JTLI OK
JTLO OK
JTLS OK
JTLZ OK
JSIT OK
JSIO OK
JSIL OK
JSIZ OK
JSOT OK
JSOI OK
JSOL OK
JSTI OK
JSTO OK
JOZS OK
JSTL OK
JSTZ OK
JSZI OK
JSZT OK
JSZL OK
JSLI OK
JSLO OK
JSOZ OK
JSLT OK
JSLZ OK
JZIT OK
JZIO OK
JZIL OK
JZOI OK
JSZO OK
JZOT OK
JZOL OK
JZTI OK
JZTO OK
JZTS OK
JZTL OK
JZIS OK
JZSI OK
JZST OK
JZSL OK
JZLI OK
JZLO OK
JZLT OK
JZLS OK
JLIO OK
JLIT OK
JLIS OK
JLIZ OK
JLOI OK
JLOT OK
JLOS OK
JLOZ OK
JLTI OK
JLTO OK
JLTS OK
JZOS OK
JLTZ OK
JLSI OK
JLSO OK
JLST OK
JLSZ OK
JLZI OK
JLZT OK
JLZO OK
LIOT OK
JLZS OK
LIOS OK
LIOZ OK
LIOJ OK
LITO OK
LITS OK
LITJ OK
LITZ OK
LIST OK
LISO OK
LISJ OK
LISZ OK
JZSO CAP
LIZT OK
LIZJ OK
LIJO OK
LIZO OK
LIJT OK
LIJS OK
LIJZ OK
LIZS OK
LOIT OK
LOIJ OK
LOTI OK
LOTS OK
LOTZ OK
LOIS OK
LOTJ OK
LOIZ OK
LOST OK
LOSJ OK
LOSI OK
LOZI OK
LOSZ OK
LOZT OK
LOZJ OK
LOJI OK
LOJT OK
LOJS OK
LTIO OK
LOJZ OK
LTIS OK
LTIZ OK
LTIJ OK
LTOI OK
LTOS OK
LTOZ OK
LTOJ OK
LTSI OK
LTSO OK
LTSJ OK
LTZI OK
LTZO OK
LTSZ OK
LTZJ OK
LTJI OK
LTJO OK
LOZS OK
LTJS OK
LTJZ OK
LSIT OK
LTZS OK
LSIJ OK
LSIO OK
LSIZ OK
LSOI OK
LSOT OK
LSOJ OK
LSTI OK
LSTO OK
LSTJ OK
LSZI OK
LSOZ OK
LSTZ OK
LSZJ OK
LSJI OK
LSJO OK
LSJT OK
LSZT OK
LSJZ OK
LZIT OK
LZIO OK
LZIJ OK
LZIS OK
LSZO OK
LZOI OK
LZOT OK
LZOJ OK
LZTI OK
LZTO OK
LZTJ OK
LZSI OK
LZTS OK
LZST OK
LZSJ OK
LZJI OK
LZJO OK
LZJT OK
LZJS OK
LZOS OK
LJIO OK
LJIT OK
LJIS OK
LJIZ OK
LJOT OK
LJOI OK
LJOS OK
LJOZ OK
LJTI OK
LJTO OK
LJTS OK
LJTZ OK
LJSI OK
LJSO OK
LJST OK
LJSZ OK
LJZI OK
LJZT OK
LJZO OK
LZSO OK
LJZS OK
