IOTS OK
IOTZ OK
IOTJ OK
IOST OK
IOTL OK
IOSL OK
IOSJ OK
IOSZ OK
IOZT OK
IOZL OK
IOZJ OK
IOJT OK
IOJS OK
IOJZ OK
IOJL OK
IOLT OK
IOLS OK
IOLZ OK
IOLJ OK
ITOS OK
ITOZ OK
ITOJ OK
ITOL OK
ITSO OK
ITSJ OK
ITSZ OK
ITSL OK
ITZO OK
ITZJ OK
ITZS OK
ITJO OK
ITZL OK
ITJS OK
ITJZ OK
ITJL OK
ITLO OK
ITLS OK
ITLZ OK
ITLJ OK
ISOT OK
ISOJ OK
IOZS OK
ISTO OK
ISTZ OK
ISTJ OK
ISOL OK
ISTL OK
ISZT OK
ISOZ OK
ISZL OK
ISZJ OK
ISJT OK
ISJO OK
ISJL OK
ISJZ OK
ISLT OK
ISLO OK
ISLJ OK
IZOT OK
ISLZ OK
IZOJ OK
ISZO OK
IZTO OK
IZTS OK
IZOL OK
IZTJ OK
IZTL OK
IZST OK
IZSJ OK
IZSO OK
IZSL OK
IZJT OK
IZJO OK
IZJL OK
IZJS OK
IZLT OK
IZLO OK
IZLJ OK
IJOT OK
IZLS OK
IJOS OK
IZOS OK
IJOL OK
IJOZ OK
IJTS OK
IJTO OK
IJTZ OK
IJTL OK
IJST OK
IJSL OK
IJSO OK
IJSZ OK
IJZT OK
IJZL OK
IJZO OK
IJLT OK
IJLO OK
IJLS OK
IJZS OK
IJLZ OK
ILOT OK
ILOJ OK
ILTO OK
ILTS OK
ILTZ OK
ILTJ OK
ILOS OK
ILOZ OK
ILST OK
ILSJ OK
ILZO OK
ILSO OK
ILZT OK
ILZJ OK
ILJO OK
ILSZ OK
ILZS OK
ILJT OK
ILJS OK
ILJZ OK
OITS OK
OITZ OK
OITJ OK
OITL OK
OIST OK
OISJ OK
OISZ OK
OISL OK
OIZT OK
OIZL OK
OIZJ OK
OIJT OK
OIJS OK
OIJZ OK
OIJL OK
OILT OK
OILS OK
OILZ OK
OILJ OK
OTIS OK
OTIZ OK
OTIJ OK
OTIL OK
OTSI OK
OTSJ OK
OTSL OK
OTZI OK
OIZS OK
OTZJ OK
OTZL OK
OTJI OK
OTSZ OK
OTJS OK
OTJL OK
OTJZ OK
OTLI OK
OTLS OK
OTLZ OK
OTLJ OK
OTZS OK
OSIT OK
OSIZ OK
OSIJ OK
OSIL OK
OSTI OK
OSTZ OK
OSTJ OK
OSTL OK
OSZI OK
OSZT OK
OSJI OK
OSJT OK
OSZL OK
OSJL OK
OSLI OK
OSLT OK
OSLZ OK
OSJZ OK
OSLJ OK
OZIT OK
OZIJ OK
OZIL OK
OSZJ OK
OZTI OK
OZTJ OK
OZTL OK
OZTS OK
OZIS OK
OZSI OK
OZSL OK
OZJI OK
OZJT OK
OZST OK
OZJL OK
OZSJ OK
OZJS OK
OZLI OK
OZLJ OK
OZLT OK
OJIT OK
OZLS OK
OJIS OK
OJIL OK
OJIZ OK
OJTI OK
OJTS OK
OJTZ OK
OJTL OK
OJST OK
OJSI OK
OJSL OK
OJZT OK
OJZI OK
OJZL OK
OJLI OK
OJLT OK
OJLS OK
OJLZ OK
OLIT OK
OJSZ OK
OLIS OK
OLIJ OK
OLTI OK
OLIZ OK
OLTS OK
OLTZ OK
OLTJ OK
OLST OK
OLSI OK
OLSJ OK
OJZS OK
OLZI OK
OLZT OK
OLSZ OK
OLJI OK
OLJT OK
OLZJ OK
OLJS OK
OLJZ OK
TIOS OK
TIOZ OK
TIOL OK
TIOJ OK
TISO OK
TISZ OK
TISJ OK
TISL OK
TIZO OK
TIZJ OK
TIZS OK
TIJO OK
TIZL OK
TIJS OK
TIJZ OK
TIJL OK
TILO OK
TILS OK
TILZ OK
TILJ OK
TOIS OK
TOIZ OK
TOIJ OK
TOIL OK
TOSI OK
TOSJ OK
TOSL OK
TOZI OK
OLZS OK
TOZJ OK
TOZL OK
TOJI OK
TOJS OK
TOJZ OK
TOJL OK
TOLI OK
TOLS OK
TOSZ OK
TOLJ OK
TOLZ OK
TSIO OK
TSIZ OK
TSIJ OK
TSIL OK
TSOI OK
TOZS OK
TSOJ OK
TSOL OK
TSZI OK
TSZJ OK
TSZL OK
TSJI OK
TSJO OK
TSJZ OK
TSJL OK
TSLI OK
TSLO OK
TSLZ OK
TSLJ OK
TZIO OK
TSOZ OK
TZIS OK
TZIJ OK
TZIL OK
TZOI OK
TSZO OK
TZOJ OK
TZOL OK
TZSI OK
TZSJ OK
TZSL OK
TZJI OK
TZJO OK
TZJS OK
TZJL OK
TZLI OK
TZLO OK
TZLS OK
TZLJ OK
TJIO OK
TZOS OK
TJIS OK
TJIZ OK
TJIL OK
TJOI OK
TZSO OK
TJOS OK
TJOZ OK
TJOL OK
TJSI OK
TJSL OK
TJSO OK
TJZI OK
TJSZ OK
TJZO OK
TJZL OK
TJLI OK
TJLO OK
TJZS OK
TJLS OK
TJLZ OK
TLIO OK
TLIS OK
TLIZ OK
TLIJ OK
TLOI OK
TLOJ OK
TLOS OK
TLOZ OK
TLSI OK
TLSO OK
TLSJ OK
TLZI OK
TLSZ OK
TLZO OK
TLZJ OK
TLJI OK
TLJO OK
TLJZ OK
TLZS OK
TLJS OK
SIOT OK
SIOJ OK
SITO OK
SITZ OK
SIOL OK
SITJ OK
SITL OK
SIZT OK
SIOZ OK
SIZL OK
SIJO OK
SIJT OK
SIZO OK
SIZJ OK
SIJL OK
SILT OK
SILO OK
SILJ OK
SOIT OK
SILZ OK
SOIZ OK
SOIJ OK
SOTI OK
SOIL OK
SOTJ OK
SOTZ OK
SOTL OK
SOZI OK
SOZT OK
SIJZ OK
SOJI OK
SOJT OK
SOZL OK
SOJL OK
SOLI OK
SOLT OK
SOLZ OK
SOLJ OK
SOJZ OK
STIO OK
STIJ OK
STIZ OK
STIL OK
STOI OK
STOJ OK
SOZJ OK
STZI OK
STOL OK
STZJ OK
STOZ OK
STJI OK
STZL OK
STJO OK
STJL OK
STLI OK
STLO OK
STJZ OK
STLJ OK
STZO OK
SZIT OK
STLZ OK
SZIJ OK
SZIO OK
SZIL OK
SZOI OK
SZOL OK
SZTI OK
SZOT OK
SZTJ OK
SZOJ OK
SZJI OK
SZTO OK
SZTL OK
SZJT OK
SZJL OK
SZLI OK
SZLT OK
SZLJ OK
SZJO OK
SJIO OK
SJIT OK
SJIL OK
SZLO OK
SJIZ OK
SJOT OK
SJOI OK
SJOL OK
SJTI OK
SJTO OK
SJTL OK
SJTZ OK
SJZI OK
SJZT OK
SJZL OK
SJLI OK
SJOZ OK
SJLO OK
SJLT OK
SJLZ OK
SLIT OK
SLIO OK
SLIJ OK
SJZO OK
SLIZ OK
SLOT OK
SLOJ OK
SLTI OK
SLTO OK
SLOI OK
SLTJ OK
SLOZ OK
SLZI OK
SLTZ OK
SLZJ OK
SLJI OK
SLJO OK
SLJT OK
SLJZ OK
ZIOT OK
SLZT OK
ZIOJ OK
ZIOL OK
ZITO OK
ZITS OK
ZITJ OK
ZITL OK
ZISO OK
ZIST OK
SLZO OK
ZISJ OK
ZISL OK
ZIJT OK
ZIJO OK
ZIJL OK
ZIJS OK
ZIOS OK
ZILT OK
ZILJ OK
ZILO OK
ZOIT OK
ZILS OK
ZOIJ OK
ZOIL OK
ZOTI OK
ZOTJ OK
ZOTL OK
ZOTS OK
ZOSI OK
ZOIS OK
ZOSL OK
ZOJI OK
ZOST OK
ZOJT OK
ZOJL OK
ZOSJ OK
ZOLI OK
ZOLT OK
ZOJS OK
ZOLJ OK
ZTIO OK
ZTIS OK
ZTIJ OK
ZTIL OK
ZTOI OK
ZOLS OK
ZTOJ OK
ZTSI OK
ZTOL OK
ZTSJ OK
ZTOS OK
ZTJI OK
ZTJO OK
ZTSL OK
ZTJL OK
ZTJS OK
ZTLI OK
ZTLO OK
ZTLJ OK
ZTSO OK
ZSIT OK
ZTLS OK
ZSIO OK
ZSIJ OK
ZSIL OK
ZSOI OK
ZSOL OK
ZSTI OK
ZSOT OK
ZSTJ OK
ZSOJ OK
ZSJI OK
ZSTO OK
ZSJT OK
ZSTL OK
ZSJL OK
ZSLI OK
ZSLT OK
ZSLJ OK
ZJIO OK
ZSJO OK
ZJIT OK
ZJIL OK
ZJIS OK
ZSLO OK
ZJOT OK
ZJOI OK
ZJOL OK
ZJTI OK
ZJTO OK
ZJTL OK
ZJTS OK
ZJOS OK
ZJSI OK
ZJSL OK
ZJLI OK
ZJST OK
ZJLO OK
ZJLT OK
ZJLS OK
ZLIT OK
ZLIO OK
ZLIJ OK
ZLIS OK
ZLOI OK
ZLOT OK
ZLOJ OK
ZLTI OK
ZLTO OK
ZJSO OK
ZLTJ OK
ZLOS OK
ZLSI OK
ZLTS OK
ZLSJ OK
ZLJI OK
ZLJO OK
ZLJT OK
ZLST OK
ZLJS OK
JIOT OK
ZLSO OK
JIOL OK
JITO OK
JITS OK
JIOS OK
JITZ OK
JITL OK
JIOZ OK
JIST OK
JISL OK
JISO OK
JISZ OK
JIZT OK
JIZL OK
JIZO OK
JILT OK
JILO OK
JIZS OK
JILS OK
JILZ OK
JOIT OK
JOIL OK
JOTI OK
JOTS OK
JOIS OK
JOIZ OK
JOTZ OK
JOTL OK
JOST OK
JOSI OK
JOSL OK
JOZT OK
JOZI OK
JOZL OK
JOLI OK
JOLT OK
JOLS OK
JOLZ OK
JTIO OK
JTIS OK
JTIZ OK
JTIL OK
JTOI OK
JOSZ OK
JTOS OK
JTOZ OK
JTOL OK
JTSI OK
JTSO OK
JTSL OK
JTZI OK
JTZO OK
JTSZ OK
JTZL OK
JTZS OK
JTLI OK
JTLO OK
JTLS OK
JTLZ OK
JSIT OK
JSIO OK
JOZS OK
JSIL OK
JSIZ OK
JSOI OK
JSOT OK
JSTI OK
JSOL OK
JSTO OK
JSTL OK
JSTZ OK
JSZI OK
JSZT OK
JSZL OK
JSLI OK
JSOZ OK
JSLO OK
JSLT OK
JSLZ OK
JZIT OK
JZIO OK
JZIL OK
JZIS OK
JZOT OK
JZOI OK
JZOL OK
JSZO OK
JZTI OK
JZTO OK
JZTL OK
JZTS OK
JZSI OK
JZST OK
JZSL OK
JZLI OK
JZLO OK
JZLT OK
JZLS OK
JLIO OK
JLIT OK
JLIS OK
JLIZ OK
JLOI OK
JLOT OK
JZOS OK
JLOS OK
JLOZ OK
JLTI OK
JLTO OK
JLTS OK
JLTZ OK
JLSI OK
JLSO OK
JLST OK
JLSZ OK
JLZI OK
JLZT OK
JZSO OK
JLZO OK
LIOT OK
JLZS OK
LIOJ OK
LITO OK
LITS OK
LITZ OK
LITJ OK
LIOS OK
LIOZ OK
LIST OK
LISJ OK
LIZO OK
LISO OK
LIZT OK
LIZJ OK
LIJO OK
LIJT OK
LISZ OK
LIJS OK
LIJZ OK
LIZS OK
LOIT OK
LOIJ OK
LOTI OK
LOTS OK
LOTZ OK
LOIS OK
LOIZ OK
LOTJ OK
LOST OK
LOSJ OK
LOSI OK
LOSZ OK
LOZT OK
LOZJ OK
LOJI OK
LOZI OK
LOJT OK
LOJS OK
LOJZ OK
LTIO OK
LTIS OK
LTIZ OK
LTIJ OK
LTOI OK
LTOS OK
LTOZ OK
LTOJ OK
LTSI OK
LTSO OK
LTSJ OK
LTZI OK
LTZO OK
LTZS OK
LTZJ OK
LTJI OK
LTSZ OK
LTJO OK
LTJS OK
LTJZ OK
LSIT OK
LSIO OK
LSIJ OK
LSIZ OK
LOZS OK
LSOT OK
LSOJ OK
LSTI OK
LSTO OK
LSOI OK
LSTJ OK
LSOZ OK
LSZI OK
LSTZ OK
LSZJ OK
LSJI OK
LSJO OK
LSJT OK
LSJZ OK
LZIO OK
LSZT OK
LZIT OK
LZIJ OK
LZIS OK
LZOI OK
LZOT OK
LZOJ OK
LZTI OK
LZTO OK
LZTS OK
LZTJ OK
LZSI OK
LZOS OK
LSZO CAP
LZSJ OK
LZJI OK
LZJO OK
LZJT OK
LZJS OK
LJIO OK
LZST OK
LJIT OK
LJIS OK
LJIZ OK
LJOT OK
LJOI OK
LJOS OK
LJOZ OK
LJTO OK
LJTI OK
LJTS OK
LJTZ OK
LJSI OK
LJSO OK
LJST OK
LJSZ OK
LJZI OK
LJZO OK
LJZT OK
LJZS OK
LZSO OK
