IOTJ OK
IOTZ OK
IOTS OK
IOTL OK
IOST OK
IOSL OK
IOSJ OK
IOZT OK
IOSZ OK
IOZJ OK
IOJT OK
IOZL OK
IOJS OK
IOJZ OK
IOJL OK
IOLT OK
IOLS OK
IOLZ OK
IOLJ OK
ITOS OK
ITOZ OK
ITOJ OK
IOZS OK
ITOL OK
ITSO OK
ITSJ OK
ITSL OK
ITZO OK
ITZS OK
ITZJ OK
ITJO OK
ITZL OK
ITJS OK
ITJZ OK
ITJL OK
ITLO OK
ITLS OK
ITLZ OK
ITLJ OK
ISOT OK
ISOJ OK
ITSZ OK
ISOL OK
ISTO OK
ISTZ OK
ISTJ OK
ISTL OK
ISZT OK
ISZJ OK
ISOZ OK
ISZL OK
ISZO OK
ISJT OK
ISJL OK
ISJO OK
ISLT OK
ISJZ OK
ISLJ OK
ISLO OK
IZOT OK
IZOJ OK
IZOL OK
ISLZ OK
IZTO OK
IZTS OK
IZTJ OK
IZTL OK
IZST OK
IZOS OK
IZSJ OK
IZSO OK
IZSL OK
IZJT OK
IZJL OK
IZJO OK
IZLO OK
IZLT OK
IZLJ OK
IJOT OK
IZJS OK
IZLS OK
IJOL OK
IJTO OK
IJOS OK
IJTS OK
IJOZ OK
IJTZ OK
IJTL OK
IJST OK
IJSO OK
IJSL OK
IJSZ OK
IJZT OK
IJZO OK
IJZL OK
IJLO OK
IJLT OK
IJLZ OK
IJLS OK
ILOT OK
ILOS OK
ILOJ OK
ILOZ OK
IJZS OK
ILTO OK
ILTS OK
ILTZ OK
ILTJ OK
ILST OK
ILSO OK
ILSJ OK
ILZT OK
ILZO OK
ILZJ OK
ILJO OK
ILJT OK
ILZS OK
ILJS OK
ILJZ OK
OITS OK
OITZ OK
OITJ OK
OITL OK
OIST OK
OISJ OK
OISL OK
OIZT OK
OISZ OK
OIZS OK
OIZJ OK
ILSZ OK
OIZL OK
OIJT OK
OIJL OK
OIJS OK
OILT OK
OIJZ OK
OILJ OK
OILS OK
OTIS OK
OILZ OK
OTIZ OK
OTIJ OK
OTIL OK
OTSI OK
OTSJ OK
OTZI OK
OTSL OK
OTZJ OK
OTZL OK
OTJI OK
OTJS OK
OTJZ OK
OTJL OK
OTLI OK
OTLS OK
OTSZ OK
OTLJ OK
OTLZ OK
OSIT OK
OTZS OK
OSIL OK
OSTI OK
OSIJ OK
OSTJ OK
OSIZ OK
OSTL OK
OSZI OK
OSZJ OK
OSZL OK
OSTZ OK
OSJT OK
OSJI OK
OSZT OK
OSJL OK
OSJZ OK
OSLT OK
OSLI OK
OSLJ OK
OZIT OK
OZIS OK
OZIJ OK
OSLZ OK
OZIL OK
OZTI OK
OZTJ OK
OZSI OK
OZTL OK
OZSJ OK
OZSL OK
OZJI OK
OZJT OK
OZTS OK
OZJL OK
OZST OK
OZJS OK
OZLI OK
OZLJ OK
OZLT OK
OJIT OK
OZLS OK
OJIL OK
OJTI OK
OJIS OK
OJIZ OK
OJTS OK
OJTL OK
OJTZ OK
OJST OK
OJSI OK
OJSL OK
OJSZ OK
OJZI OK
OJZT OK
OJZL OK
OJLI OK
OJLT OK
OJLS OK
OJLZ OK
OJZS OK
OLIT OK
OLIJ OK
OLIZ OK
OLIS OK
OLTI OK
OLTJ OK
OLTS OK
OLTZ OK
OLSI OK
OLST OK
OLSJ OK
OLZT OK
OLZI OK
OLSZ OK
OLJI OK
OLZJ OK
OLZS OK
OLJT OK
OLJS OK
TIOS OK
OLJZ OK
TIOJ OK
TIOZ OK
TIOL OK
TISJ OK
TISO OK
TIZO OK
TISL OK
TIZJ OK
TIZS OK
TIJO OK
TIZL OK
TIJS OK
TIJZ OK
TIJL OK
TILO OK
TILS OK
TILZ OK
TILJ OK
TOIS OK
TOIZ OK
TOIJ OK
TOIL OK
TOSI OK
TOSJ OK
TISZ OK
TOZI OK
TOSL OK
TOZJ OK
TOZL OK
TOJI OK
TOJS OK
TOJZ OK
TOJL OK
TOLI OK
TOLS OK
TOSZ OK
TOLJ OK
TSIO OK
TOLZ OK
TSIJ OK
TSIZ OK
TSIL OK
TOZS OK
TSOI OK
TSOJ OK
TSOL OK
TSZI OK
TSZJ OK
TSZL OK
TSJI OK
TSJO OK
TSJZ OK
TSJL OK
TSLI OK
TSLO OK
TSLZ OK
TSLJ OK
TZIO OK
TZIS OK
TSOZ OK
TZIJ OK
TZOI OK
TZIL OK
TSZO OK
TZOJ OK
TZSI OK
TZOL OK
TZSJ OK
TZSL OK
TZJI OK
TZJO OK
TZJS OK
TZJL OK
TZLI OK
TZLO OK
TZLS OK
TZOS OK
TZLJ OK
TJIO OK
TJIS OK
TJIZ OK
TJIL OK
TJOI OK
TZSO OK
TJOS OK
TJOL OK
TJOZ OK
TJSI OK
TJSL OK
TJSO OK
TJSZ OK
TJZI OK
TJZO OK
TJZL OK
TJLI OK
TJLO OK
TJZS OK
TJLS OK
TJLZ OK
TLIO OK
TLIS OK
TLIJ OK
TLIZ OK
TLOI OK
TLOJ OK
TLSI OK
TLSO OK
TLOS OK
TLOZ OK
TLSJ OK
TLZI OK
TLSZ OK
TLZJ OK
TLJI OK
TLJO OK
TLJS OK
TLJZ OK
TLZO OK
SIOT OK
SIOJ OK
TLZS OK
SIOL OK
SITO OK
SITZ OK
SITJ OK
SITL OK
SIZO OK
SIZT OK
SIZJ OK
SIZL OK
SIJT OK
SIOZ OK
SIJL OK
SIJO OK
SILT OK
SIJZ OK
SILJ OK
SILO OK
SOIT OK
SOIJ OK
SOIL OK
SOIZ OK
SOTI OK
SILZ OK
SOTJ OK
SOTL OK
SOZI OK
SOZJ OK
SOZL OK
SOTZ OK
SOJI OK
SOZT OK
SOJT OK
SOJL OK
SOJZ OK
SOLT OK
SOLJ OK
SOLI OK
STIO OK
STIZ OK
SOLZ OK
STIJ OK
STIL OK
STOI OK
STOJ OK
STOL OK
STZI OK
STZJ OK
STZL OK
STJI OK
STJO OK
STJZ OK
STJL OK
STLI OK
STLO OK
STLZ OK
STLJ OK
STOZ OK
SZIO OK
SZIT OK
STZO OK
SZIJ OK
SZIL OK
SZOI OK
SZOT OK
SZTI OK
SZOJ OK
SZOL OK
SZTO OK
SZTJ OK
SZTL OK
SZJI OK
SZJL OK
SZJT OK
SZLI OK
SZJO OK
SZLT OK
SZLJ OK
SZLO OK
SJIT OK
SJIL OK
SJIO OK
SJIZ OK
SJOT OK
SJOI OK
SJOL OK
SJTI OK
SJOZ OK
SJTO OK
SJTZ OK
SJTL OK
SJZI OK
SJZT OK
SJZL OK
SJZO OK
SJLI OK
SJLO OK
SJLT OK
SJLZ OK
SLIT OK
SLIJ OK
SLIO OK
SLOI OK
SLOT OK
SLOJ OK
SLIZ OK
SLTO OK
SLTI OK
SLTJ OK
SLOZ OK
SLTZ OK
SLZI OK
SLZJ OK
SLZO OK
SLJI OK
SLZT OK
SLJT OK
SLJO OK
SLJZ OK
ZIOT OK
ZIOS OK
ZIOJ OK
ZIOL OK
ZITO OK
ZITS OK
ZITJ OK
ZITL OK
ZISO OK
ZIST OK
ZISJ OK
ZISL OK
ZIJT OK
ZIJO OK
ZIJL OK
ZILO OK
ZILT OK
ZIJS OK
ZILJ OK
ZOIT OK
ZOIS OK
ZILS OK
ZOIJ OK
ZOIL OK
ZOTI OK
ZOTJ OK
ZOTL OK
ZOSI OK
ZOSJ OK
ZOSL OK
ZOJI OK
ZOJT OK
ZOTS OK
ZOJL OK
ZOST OK
ZOLI OK
ZOJS OK
ZOLJ OK
ZTIO OK
ZOLT OK
ZOLS OK
ZTIJ OK
ZTIS OK
ZTIL OK
ZTOI OK
ZTOJ OK
ZTSI OK
ZTOL OK
ZTSJ OK
ZTSL OK
ZTJI OK
ZTJO OK
ZTOS OK
ZTJS OK
ZTJL OK
ZTLI OK
ZTLO OK
ZTLS OK
ZTLJ OK
ZTSO OK
ZSIO OK
ZSIT OK
ZSIJ OK
ZSIL OK
ZSOI OK
ZSOT OK
ZSTI OK
ZSOL OK
ZSOJ OK
ZSTO OK
ZSTJ OK
ZSTL OK
ZSJI OK
ZSJT OK
ZSJL OK
ZSJO OK
ZSLI OK
ZSLJ OK
ZSLO OK
ZSLT OK
ZJIT OK
ZJIO OK
ZJIL OK
ZJIS OK
ZJOT OK
ZJOI OK
ZJOL OK
ZJTI OK
ZJTO OK
ZJTL OK
ZJOS OK
ZJTS OK
ZJSI OK
ZJSL OK
ZJLI OK
ZJSO OK
ZJLO OK
ZJST OK
ZJLT OK
ZJLS OK
ZLIO OK
ZLIT OK
ZLIJ OK
ZLOI OK
ZLIS OK
ZLOJ OK
ZLOT OK
ZLTI OK
ZLTO OK
ZLOS OK
ZLTS OK
ZLTJ OK
ZLSI OK
ZLSJ OK
ZLSO OK
ZLJI OK
ZLJO OK
ZLJT OK
ZLJS OK
JIOT OK
JIOS OK
JIOZ OK
JIOL OK
JITO OK
JITS OK
JITZ OK
ZLST OK
JITL OK
JIST OK
JISO OK
JISL OK
JISZ OK
JIZT OK
JIZL OK
JIZO OK
JILO OK
JILT OK
JILS OK
JILZ OK
JOIT OK
JOIS OK
JOIL OK
JOIZ OK
JIZS OK
JOTI OK
JOTS OK
JOTL OK
JOTZ OK
JOST OK
JOSI OK
JOSL OK
JOSZ OK
JOZI OK
JOZT OK
JOLI OK
JOZL OK
JOLT OK
JOLS OK
JOLZ OK
JOZS OK
JTIO OK
JTIS OK
JTIZ OK
JTIL OK
JTOI OK
JTOS OK
JTOL OK
JTOZ OK
JTSI OK
JTSO OK
JTSZ OK
JTSL OK
JTZI OK
JTZO OK
JTZL OK
JTLI OK
JTLO OK
JTZS OK
JTLS OK
JTLZ OK
JSIT OK
JSIL OK
JSIO OK
JSIZ OK
JSOI OK
JSOT OK
JSOL OK
JSTI OK
JSTO OK
JSTZ OK
JSOZ OK
JSTL OK
JSZI OK
JSZT OK
JSZL OK
JSZO OK
JSLI OK
JSLO OK
JSLT OK
JSLZ OK
JZIT OK
JZIL OK
JZIO OK
JZOI OK
JZOT OK
JZOL OK
JZTI OK
JZIS OK
JZOS OK
JZTO OK
JZTL OK
JZTS OK
JZSI OK
JZSL OK
JZST OK
JZSO OK
JZLI OK
JZLO OK
JZLT OK
JZLS OK
JLIT OK
JLIO OK
JLIS OK
JLIZ OK
JLOI OK
JLOT OK
JLTI OK
JLOS OK
JLOZ OK
JLTO OK
JLTZ OK
JLTS OK
JLSI OK
JLSO OK
JLST OK
JLSZ OK
JLZT OK
JLZI OK
JLZO OK
LIOT OK
JLZS OK
LIOS OK
LIOJ OK
LIOZ OK
LITO OK
LITS OK
LITJ OK
LITZ OK
LIST OK
LISO OK
LISJ OK
LIZT OK
LIZO OK
LIZJ OK
LIJO OK
LIJT OK
LIZS OK
LIJS OK
LIJZ OK
LOIT OK
LOIS OK
LOIJ OK
LOIZ OK
LOTI OK
LOTS OK
LISZ OK
LOTZ OK
LOTJ OK
LOST OK
LOSJ OK
LOSI OK
LOZT OK
LOZI OK
LOSZ OK
LOJI OK
LOJT OK
LOZJ OK
LOZS OK
LOJS OK
LTIO OK
LOJZ OK
LTIS OK
LTIZ OK
LTIJ OK
LTOI OK
LTOJ OK
LTSI OK
LTSO OK
LTOS OK
LTOZ OK
LTSJ OK
LTZI OK
LTSZ OK
LTZJ OK
LTJI OK
LTJO OK
LTZO OK
LTJS OK
LTJZ OK
LSIT OK
LTZS OK
LSIJ OK
LSIO OK
LSOI OK
LSOT OK
LSOJ OK
LSTI OK
LSTO OK
LSTZ OK
LSTJ OK
LSOZ OK
LSZI OK
LSIZ OK
LSZJ OK
LSJI OK
LSJO OK
LSJT OK
LSJZ OK
LZIO OK
LZIT OK
LZIS OK
LZIJ OK
LSZT OK
LZOI OK
LZOT OK
LSZO OK
LZOJ OK
LZOS OK
LZTI OK
LZTJ OK
LZTO OK
LZSI OK
LZSO OK
LZSJ OK
LZJI OK
LZJO OK
LZJT OK
LZJS OK
LJIO OK
LZTS OK
LJIT OK
LJIS OK
LJIZ OK
LJOI OK
LJOT OK
LZST OK
LJOS OK
LJOZ OK
LJTO OK
LJTI OK
LJTS OK
LJTZ OK
LJSI OK
LJSO OK
LJST OK
LJSZ OK
LJZI OK
LJZO OK
LJZT OK
LJZS OK
