IOTS OK
IOTJ OK
IOTL OK
IOTZ OK
IOST OK
IOSL OK
IOSJ OK
IOSZ OK
IOZL OK
IOZJ OK
IOJT OK
IOJS OK
IOJZ OK
IOZT OK
IOJL OK
IOLT OK
IOLS OK
IOLZ OK
IOLJ OK
ITOS OK
ITOZ OK
ITOJ OK
ITOL OK
ITSO OK
IOZS OK
ITSL OK
ITSJ OK
ITZO OK
ITZJ OK
ITZL OK
ITZS OK
ITJO OK
ITJS OK
ITJZ OK
ITJL OK
ITLO OK
ITLS OK
ITSZ OK
ITLZ OK
ITLJ OK
ISOT OK
ISOZ OK
ISOJ OK
ISOL OK
ISTO OK
ISTL OK
ISTJ OK
ISZJ OK
ISZL OK
ISTZ OK
ISJO OK
ISJT OK
ISZT OK
ISLO OK
ISJL OK
ISJZ OK
ISLZ OK
ISLJ OK
ISLT OK
ISZO OK
IZOJ OK
IZTO OK
IZOL OK
IZTJ OK
IZOT OK
IZTL OK
IZTS OK
IZOS OK
IZSJ OK
IZSL OK
IZST OK
IZJO OK
IZJT OK
IZJL OK
IZJS OK
IZLT OK
IZSO OK
IZLO OK
IZLJ OK
IJOT OK
IZLS OK
IJOS OK
IJOZ OK
IJOL OK
IJTO OK
IJTS OK
IJTZ OK
IJTL OK
IJST OK
IJSL OK
IJSO OK
IJZT OK
IJZO OK
IJSZ OK
IJZS OK
IJZL OK
IJLO OK
IJLT OK
IJLS OK
ILOT OK
IJLZ OK
ILOS OK
ILOJ OK
ILTO OK
ILOZ OK
ILTS OK
ILTZ OK
ILTJ OK
ILSO OK
ILST OK
ILSZ OK
ILSJ OK
ILZT OK
ILZJ OK
ILJO OK
ILJT OK
ILJS OK
ILJZ OK
OITS OK
OITZ OK
OITJ OK
OITL OK
OIST OK
ILZO OK
OISZ OK
OISJ OK
ILZS OK
OISL OK
OIZJ OK
OIZL OK
OIJT OK
OIJS OK
OIJZ OK
OIJL OK
OILT OK
OIZT OK
OILS OK
OILJ OK
OILZ OK
OTIS OK
OTIZ OK
OTIJ OK
OTIL OK
OTSI OK
OTSJ OK
OTSL OK
OIZS OK
OTZI OK
OTZJ OK
OTZL OK
OTJI OK
OTSZ OK
OTJS OK
OTJZ OK
OTJL OK
OTLI OK
OTLS OK
OTLJ OK
OTZS OK
OTLZ OK
OSIT OK
OSIJ OK
OSIL OK
OSIZ OK
OSTI OK
OSTJ OK
OSTL OK
OSZI OK
OSZJ OK
OSZL OK
OSJI OK
OSJT OK
OSJZ OK
OSTZ OK
OSJL OK
OSZT OK
OSLI OK
OSLT OK
OSLZ OK
OSLJ OK
OZIJ OK
OZIL OK
OZTI OK
OZIT OK
OZTJ OK
OZTL OK
OZTS OK
OZIS OK
OZSL OK
OZST OK
OZSI OK
OZJI OK
OZJT OK
OZJL OK
OZSJ OK
OZLI OK
OZLT OK
OZLJ OK
OJIT OK
OJIS OK
OJIZ OK
OZJS OK
OJIL OK
OJTI OK
OJTS OK
OJTZ OK
OJTL OK
OJSI OK
OZLS OK
OJST OK
OJSZ OK
OJSL OK
OJZI OK
OJZT OK
OJZL OK
OJLI OK
OJLT OK
OJLS OK
OJLZ OK
OLIT OK
OLIS OK
OLIJ OK
OLIZ OK
OLTI OK
OLTS OK
OLTZ OK
OLTJ OK
OLSI OK
OLST OK
OLSZ OK
OLSJ OK
OLZI OK
OLZT OK
OLZJ OK
OLJI OK
OLJT OK
OLJS OK
OLJZ OK
TIOS OK
TIOZ OK
TIOJ OK
TIOL OK
TISO OK
TISZ OK
TISJ OK
TISL OK
TIZO OK
TIZJ OK
TIZS OK
TIZL OK
TIJO OK
TIJS OK
OLZS OK
TIJZ OK
TIJL OK
TILO OK
TILS OK
TILZ OK
TILJ OK
TOIS OK
TOIZ OK
TOIJ OK
TOIL OK
TOSI OK
TOSJ OK
TOSL OK
TOZI OK
TOZJ OK
TOSZ OK
OJZS OK
TOZL OK
TOJI OK
TOJS OK
TOJZ OK
TOZS OK
TOJL OK
TOLI OK
TOLS OK
TOLZ OK
TSIO OK
TOLJ OK
TSIJ OK
TSIL OK
TSOI OK
TSOJ OK
TSOL OK
TSIZ OK
TSZI OK
TSZJ OK
TSZL OK
TSJI OK
TSJO OK
TSOZ OK
TSJZ OK
TSJL OK
TSLI OK
TSLO OK
TSZO OK
TSLZ OK
TSLJ OK
TZIO OK
TZIJ OK
TZIL OK
TZOI OK
TZIS OK
TZOJ OK
TZOL OK
TZSI OK
TZSJ OK
TZSL OK
TZJI OK
TZOS OK
TZJO OK
TZSO OK
TZLI OK
TZJS OK
TZJL OK
TZLO OK
TJIO OK
TJIS OK
TZLJ OK
TZLS OK
TJIZ OK
TJIL OK
TJOI OK
TJOS OK
TJOZ OK
TJOL OK
TJSI OK
TJSO OK
TJZI OK
TJZO OK
TJSZ OK
TJSL OK
TJLI OK
TJLO OK
TJZS OK
TJZL OK
TLIO OK
TLIS OK
TLIZ OK
TJLS OK
TJLZ OK
TLIJ OK
TLOI OK
TLOS OK
TLOZ OK
TLOJ OK
TLSI OK
TLSO OK
TLSZ OK
TLSJ OK
TLZI OK
TLZO OK
TLZJ OK
TLJI OK
TLJO OK
TLZS OK
TLJS OK
TLJZ OK
SIOT OK
SIOZ OK
SIOJ OK
SIOL OK
SITO OK
SITL OK
SITJ OK
SIZJ OK
SIZL OK
SITZ OK
SIJO OK
SIJT OK
SIZT OK
SIJZ OK
SIJL OK
SILO OK
SILT OK
SILZ OK
SILJ OK
SIZO OK
SOIT OK
SOIZ OK
SOIJ OK
SOIL OK
SOTI OK
SOTJ OK
SOTL OK
SOZI OK
SOZJ OK
SOZL OK
SOJI OK
SOJT OK
SOTZ OK
SOJZ OK
SOJL OK
SOLI OK
SOZT OK
SOLT OK
SOLZ OK
SOLJ OK
STIO OK
STIJ OK
STIL OK
STOI OK
STOJ OK
STOL OK
STZI OK
STZJ OK
STIZ OK
STOZ OK
STZL OK
STJI OK
STJO OK
STZO OK
STJZ OK
STJL OK
STLI OK
STLO OK
STLZ OK
STLJ OK
SZIJ OK
SZIL OK
SZIT OK
SZIO OK
SZOT OK
SZOJ OK
SZOL OK
SZOI OK
SZTJ OK
SZTL OK
SZJI OK
SZJT OK
SZTO OK
SZTI OK
SZLI OK
SZLT OK
SZJL OK
SZJO OK
SZLJ OK
SJIO OK
SJIT OK
SJIL OK
SJIZ OK
SJOI OK
SJOT OK
SZLO OK
SJOZ OK
SJOL OK
SJTO OK
SJTI OK
SJTZ OK
SJTL OK
SJZI OK
SJZT OK
SJZL OK
SJLI OK
SJLT OK
SJLO OK
SJLZ OK
SLIO OK
SLIT OK
SLIZ OK
SLIJ OK
SLOI OK
SLOT OK
SLOZ OK
SLOJ OK
SLTI OK
SLTO OK
SLTZ OK
SJZO OK
SLTJ OK
SLZI OK
SLZT OK
SLJI OK
SLZJ OK
SLJO OK
SLJT OK
SLJZ OK
ZIOJ OK
ZIOT OK
ZITO OK
ZIOL OK
SLZO OK
ZITJ OK
ZITL OK
ZIOS OK
ZISJ OK
ZITS OK
ZISL OK
ZIST OK
ZIJO OK
ZIJT OK
ZIJL OK
ZIJS OK
ZILT OK
ZISO OK
ZILO OK
ZILJ OK
ZILS OK
ZOIJ OK
ZOIL OK
ZOTI OK
ZOIT OK
ZOTJ OK
ZOTL OK
ZOTS OK
ZOIS OK
ZOSI OK
ZOSL OK
ZOST OK
ZOJI OK
ZOJT OK
ZOJL OK
ZOSJ OK
ZOLI OK
ZOLT OK
ZOLJ OK
ZTIO OK
ZOJS OK
ZTIS OK
ZTIL OK
ZTIJ OK
ZTOI OK
ZOLS OK
ZTOJ OK
ZTOL OK
ZTSI OK
ZTSJ OK
ZTOS OK
ZTSL OK
ZTJI OK
ZTJO OK
ZTSO OK
ZTLI OK
ZTJS OK
ZTLO OK
ZTJL OK
ZTLS OK
ZTLJ OK
ZSIL OK
ZSIJ OK
ZSIO OK
ZSIT OK
ZSOL OK
ZSOT OK
ZSOI OK
ZSOJ OK
ZSTJ OK
ZSTL OK
ZSJI OK
ZSTO OK
ZSTI OK
ZSJT OK
ZSLI OK
ZSJL OK
ZSLT OK
ZSJO OK
ZJIO OK
ZJIT OK
ZSLO OK
ZJIS OK
ZSLJ OK
ZJIL OK
ZJOT OK
ZJOL OK
ZJOI OK
ZJTO OK
ZJTI OK
ZJSI OK
ZJTS OK
ZJTL OK
ZJOS OK
ZJLI OK
ZJLO OK
ZJSL OK
ZJST OK
ZJLT OK
ZJSO OK
ZLIT OK
ZLIO OK
ZJLS OK
ZLIJ OK
ZLIS OK
ZLOT OK
ZLOJ OK
ZLOI OK
ZLTI OK
ZLTO OK
ZLTJ OK
ZLTS OK
ZLOS OK
ZLST OK
ZLSI OK
ZLJI OK
ZLJO OK
ZLJT OK
ZLSO OK
JIOT OK
JIOS OK
JIOZ OK
ZLJS OK
ZLSJ OK
JIOL OK
JITO OK
JITS OK
JITZ OK
JITL OK
JIST OK
JISL OK
JISO OK
JIZT OK
JIZO OK
JISZ OK
JIZS OK
JIZL OK
JILO OK
JILT OK
JILS OK
JOIT OK
JILZ OK
JOIS OK
JOIZ OK
JOIL OK
JOTI OK
JOTS OK
JOTZ OK
JOTL OK
JOSI OK
JOST OK
JOSZ OK
JOSL OK
JOZI OK
JOZT OK
JOZL OK
JOLI OK
JOLT OK
JOLS OK
JOLZ OK
JTIO OK
JTIS OK
JTIZ OK
JTIL OK
JTOI OK
JTOS OK
JTOZ OK
JTOL OK
JTSI OK
JTSO OK
JTZI OK
JTSZ OK
JTZO OK
JTSL OK
JTLI OK
JTLO OK
JTZL OK
JTZS OK
JSIO OK
JTLS OK
JTLZ OK
JSIT OK
JSIL OK
JSIZ OK
JSOI OK
JSOT OK
JSOZ OK
JSOL OK
JSTI OK
JSTO OK
JSTL OK
JSTZ OK
JSZI OK
JSZT OK
JSZL OK
JSLI OK
JSLO OK
JSLT OK
JSLZ OK
JZIO OK
JZIT OK
JZIS OK
JZIL OK
JZOI OK
JZOT OK
JSZO OK
JZOL OK
JZTI OK
JZTO OK
JZTL OK
JZSI OK
JZTS OK
JZST OK
JOZS OK
JZLI OK
JZLO OK
JZSO OK
JZSL OK
JZLT OK
JZLS OK
JLIO OK
JLIT OK
JLIS OK
JLIZ OK
JLOI OK
JLOT OK
JLOS OK
JLOZ OK
JLTI OK
JLTO OK
JLTS OK
JLTZ OK
JLSI OK
JLSO OK
JLST OK
JLZI OK
JLZO OK
JLZT OK
LIOT OK
LIOS OK
LIOZ OK
LIOJ OK
LITO OK
JLZS OK
LITS OK
LITZ OK
LITJ OK
LISO OK
LIST OK
LISZ OK
LISJ OK
JLSZ OK
LIZT OK
LIZO OK
LIZJ OK
LIJO OK
LIJT OK
LIJS OK
JZOS OK
LIJZ OK
LOIT OK
LOIS OK
LOIJ OK
LOIZ OK
LOTI OK
LOTS OK
LOTZ OK
LOTJ OK
LOSI OK
LOST OK
LOSZ OK
LOSJ OK
LIZS OK
LOZI OK
LOZT OK
LOJI OK
LOZJ OK
LOJT OK
LOJS OK
LOJZ OK
LTIO OK
LTIS OK
LTIZ OK
LTIJ OK
LTOI OK
LTOS OK
LTOZ OK
LTOJ OK
LTSI OK
LTSO OK
LTSZ OK
LTSJ OK
LTZI OK
LTZO OK
LTZJ OK
LTJI OK
LTZS OK
LTJO OK
LTJS OK
LTJZ OK
LSIO OK
LSIT OK
LSIJ OK
LSIZ OK
LSOI OK
LSOT OK
LSOZ OK
LSOJ OK
LSTI OK
LSTO OK
LSTZ OK
LSTJ OK
LSZI OK
LOZS OK
LSZT OK
LSJI OK
LSJO OK
LSZJ OK
LSJT OK
LZIT OK
LSJZ OK
LZIO OK
LZIJ OK
LZOI OK
LZOT OK
LZIS OK
LZOJ OK
LSZO OK
LZTI OK
LZTO OK
LZTJ OK
LZTS OK
LZST OK
LZSI OK
LZJI OK
LZSJ OK
LZJO OK
LZJT OK
LJIO OK
LJIT OK
LJIS OK
LJIZ OK
LZJS OK
LZSO OK
LJOI OK
LZOS OK
LJOT OK
LJOS OK
LJOZ OK
LJTI OK
LJTO OK
LJTS OK
LJSI OK
LJSO OK
LJTZ OK
LJST OK
LJZI OK
LJZO OK
LJZT OK
LJSZ OK
LJZS OK
