IOTJ OK
IOTL OK
IOTS OK
IOTZ OK
IOST OK
IOSZ OK
IOSJ OK
IOSL OK
IOZL OK
IOZJ OK
IOJT OK
IOJS OK
IOJL OK
IOJZ OK
IOZT OK
IOLT OK
IOLS OK
IOLZ OK
IOLJ OK
ITOS OK
IOZS OK
ITOJ OK
ITOZ OK
ITOL OK
ITSO OK
ITSL OK
ITSJ OK
ITZO OK
ITZJ OK
ITZS OK
ITZL OK
ITJO OK
ITJS OK
ITJZ OK
ITJL OK
ITLO OK
ITLS OK
ITSZ OK
ITLZ OK
ITLJ OK
ISOZ OK
ISOT OK
ISOJ OK
ISOL OK
ISTO OK
ISTJ OK
ISTL OK
ISZJ OK
ISZL OK
ISZO OK
ISTZ OK
ISZT OK
ISJO OK
ISJT OK
ISJL OK
ISJZ OK
ISLO OK
ISLT OK
ISLZ OK
ISLJ OK
IZOJ OK
IZOL OK
IZTO OK
IZOT OK
IZTJ OK
IZTL OK
IZOS OK
IZSO OK
IZST OK
IZSJ OK
IZSL OK
IZJO OK
IZJT OK
IZTS OK
IZJS OK
IZJL OK
IZLT OK
IZLJ OK
IZLO OK
IJOT OK
IJOS OK
IZLS OK
IJOZ OK
IJOL OK
IJTO OK
IJTS OK
IJTZ OK
IJTL OK
IJST OK
IJSL OK
IJSO OK
IJSZ OK
IJZT OK
IJZO OK
IJZS OK
IJZL OK
IJLO OK
IJLT OK
IJLS OK
ILOT OK
IJLZ OK
ILOS OK
ILOJ OK
ILTO OK
ILOZ OK
ILTS OK
ILTZ OK
ILSO OK
ILTJ OK
ILST OK
ILSZ OK
ILSJ OK
ILZT OK
ILZO OK
ILZJ OK
ILJO OK
ILJT OK
ILJS OK
ILZS OK
ILJZ OK
OITS OK
OITZ OK
OITJ OK
OITL OK
OIST OK
OISZ OK
OISJ OK
OISL OK
OIZJ OK
OIZL OK
OIJT OK
OIJS OK
OIJZ OK
OIJL OK
OIZT OK
OILT OK
OILS OK
OILZ OK
OILJ OK
OIZS OK
OTIS OK
OTIZ OK
OTIJ OK
OTIL OK
OTSI OK
OTSJ OK
OTSL OK
OTZI OK
OTZJ OK
OTZL OK
OTJI OK
OTSZ OK
OTJS OK
OTJZ OK
OTJL OK
OTLI OK
OTZS OK
OTLS OK
OTLJ OK
OTLZ OK
OSIT OK
OSIZ OK
OSIJ OK
OSIL OK
OSTI OK
OSZI OK
OSTJ OK
OSTL OK
OSZL OK
OSZJ OK
OSTZ OK
OSJI OK
OSJT OK
OSJZ OK
OSJL OK
OSLI OK
OSZT OK
OSLT OK
OSLZ OK
OSLJ OK
OZIJ OK
OZIL OK
OZTI OK
OZIT OK
OZTJ OK
OZTL OK
OZIS OK
OZTS OK
OZSL OK
OZSJ OK
OZJI OK
OZJT OK
OZST OK
OZSI OK
OZJL OK
OZLI OK
OZLT OK
OZJS OK
OZLJ OK
OJIT OK
OJIS OK
OJIZ OK
OJIL OK
OJTI OK
OJTS OK
OJTZ OK
OJTL OK
OJSI OK
OJST OK
OZLS OK
OJSZ OK
OJSL OK
OJZI OK
OJZT OK
OJZL OK
OJLI OK
OJLT OK
OJLS OK
OJLZ OK
OJZS OK
OLIT OK
OLIS OK
OLIJ OK
OLIZ OK
OLTI OK
OLTJ OK
OLTS OK
OLTZ OK
OLSI OK
OLST OK
OLSJ OK
OLSZ OK
OLZI OK
OLZT OK
OLZJ OK
OLJI OK
OLJT OK
OLJS OK
OLJZ OK
TIOS OK
TIOJ OK
TIOZ OK
TIOL OK
TISO OK
TISJ OK
TISL OK
TIZO OK
TIZS OK
TIZJ OK
TIZL OK
TIJO OK
TISZ OK
TIJS OK
TIJL OK
TIJZ OK
TILO OK
TILS OK
TILZ OK
TILJ OK
OLZS OK
TOIS OK
TOIZ OK
TOIJ OK
TOIL OK
TOSJ OK
TOSI OK
TOSL OK
TOZI OK
TOZJ OK
TOZL OK
TOJI OK
TOSZ OK
TOJS OK
TOJZ OK
TOJL OK
TOLI OK
TOZS OK
TOLS OK
TOLJ OK
TSIO OK
TOLZ OK
TSIJ OK
TSIL OK
TSOI OK
TSOJ OK
TSOL OK
TSOZ OK
TSZI OK
TSZO OK
TSZJ OK
TSZL OK
TSIZ OK
TSJI OK
TSJO OK
TSJL OK
TSLI OK
TSJZ OK
TSLO OK
TSLZ OK
TSLJ OK
TZIO OK
TZIL OK
TZIS OK
TZIJ OK
TZOI OK
TZOJ OK
TZOL OK
TZSI OK
TZSJ OK
TZSL OK
TZOS OK
TZJI OK
TZJO OK
TZSO OK
TZJS OK
TZLI OK
TZJL OK
TZLO OK
TJIO OK
TJIS OK
TZLJ OK
TZLS OK
TJIZ OK
TJIL OK
TJOI OK
TJOS OK
TJOZ OK
TJOL OK
TJSI OK
TJSO OK
TJZI OK
TJZO OK
TJSL OK
TJSZ OK
TJZS OK
TJLI OK
TJZL OK
TJLO OK
TLIO OK
TLIS OK
TJLS OK
TJLZ OK
TLIZ OK
TLIJ OK
TLOI OK
TLOS OK
TLOZ OK
TLOJ OK
TLSI OK
TLSO OK
TLSZ OK
TLSJ OK
TLZI OK
TLZO OK
TLZJ OK
TLJI OK
TLZS OK
TLJO OK
TLJS OK
TLJZ OK
SIOT OK
SIOZ OK
SIOJ OK
SIOL OK
SITO OK
SITJ OK
SITL OK
SIZJ OK
SIZL OK
SIZO OK
SITZ OK
SIZT OK
SIJO OK
SIJT OK
SIJL OK
SIJZ OK
SILO OK
SILT OK
SILZ OK
SILJ OK
SOIT OK
SOIZ OK
SOIJ OK
SOIL OK
SOTI OK
SOTJ OK
SOTL OK
SOTZ OK
SOZI OK
SOZJ OK
SOZT OK
SOZL OK
SOJI OK
SOJZ OK
SOJT OK
SOJL OK
SOLI OK
SOLT OK
SOLZ OK
STIO OK
SOLJ OK
STIJ OK
STOI OK
STIL OK
STOJ OK
STOL OK
STOZ OK
STZI OK
STZO OK
STZJ OK
STZL OK
STIZ OK
STJO OK
STJI OK
STJL OK
STJZ OK
STLI OK
STLO OK
STLZ OK
STLJ OK
SZIJ OK
SZIL OK
SZIO OK
SZIT OK
SZOT OK
SZOL OK
SZOJ OK
SZOI OK
SZTJ OK
SZTL OK
SZTO OK
SZJI OK
SZJT OK
SZJO OK
SZTI OK
SZLI OK
SZJL OK
SZLT OK
SZLJ OK
SJIO OK
SZLO OK
SJIT OK
SJIL OK
SJIZ OK
SJOI OK
SJOT OK
SJOL OK
SJOZ OK
SJTO OK
SJTI OK
SJTL OK
SJTZ OK
SJZI OK
SJZT OK
SJZL OK
SJZO OK
SJLI OK
SJLO OK
SJLT OK
SLIO OK
SJLZ OK
SLIT OK
SLIZ OK
SLIJ OK
SLOI OK
SLOT OK
SLOZ OK
SLOJ OK
SLTI OK
SLTO OK
SLTZ OK
SLTJ OK
SLZI OK
SLZT OK
SLJI OK
SLZJ OK
SLJO OK
SLJT OK
SLJZ OK
SLZO OK
ZIOJ OK
ZIOL OK
ZITO OK
ZIOT OK
ZITJ OK
ZIOS OK
ZITL OK
ZISO OK
ZIST OK
ZISJ OK
ZISL OK
ZIJO OK
ZITS OK
ZIJT OK
ZIJL OK
ZIJS OK
ZILT OK
ZILO OK
ZILJ OK
ZILS OK
ZOIJ OK
ZOIL OK
ZOTI OK
ZOIT OK
ZOTJ OK
ZOTL OK
ZOIS OK
ZOTS OK
ZOSJ OK
ZOSL OK
ZOJI OK
ZOST OK
ZOJT OK
ZOSI OK
ZOJL OK
ZOLI OK
ZOLT OK
ZOJS OK
ZOLJ OK
ZTIO OK
ZTIS OK
ZTIJ OK
ZTIL OK
ZTOI OK
ZTOJ OK
ZOLS OK
ZTOL OK
ZTSI OK
ZTSJ OK
ZTOS OK
ZTSL OK
ZTJI OK
ZTJO OK
ZTSO OK
ZTLI OK
ZTJS OK
ZTJL OK
ZTLO OK
ZTLS OK
ZTLJ OK
ZSIO OK
ZSIT OK
ZSIJ OK
ZSIL OK
ZSOI OK
ZSOL OK
ZSOJ OK
ZSTI OK
ZSTJ OK
ZSOT OK
ZSTL OK
ZSJI OK
ZSJT OK
ZSJO OK
ZSTO OK
ZSLI OK
ZSJL OK
ZSLT OK
ZJIO OK
ZSLJ OK
ZSLO OK
ZJIT OK
ZJIL OK
ZJIS OK
ZJOT OK
ZJOI OK
ZJOL OK
ZJTO OK
ZJTI OK
ZJOS OK
ZJSI OK
ZJTL OK
ZJSO OK
ZJTS OK
ZJST OK
ZJSL OK
ZJLI OK
ZJLO OK
ZJLT OK
ZJLS OK
ZLIT OK
ZLIO OK
ZLIJ OK
ZLIS OK
ZLOT OK
ZLOI OK
ZLOJ OK
ZLTI OK
ZLTO OK
ZLTJ OK
ZLTS OK
ZLSI OK
ZLST OK
ZLOS OK
ZLJI OK
ZLSJ OK
ZLJO OK
ZLJT OK
JIOT OK
ZLJS OK
JIOS OK
JIOZ OK
JIOL OK
ZLSO OK
JITO OK
JITS OK
JITZ OK
JITL OK
JIST OK
JISL OK
JISO OK
JISZ OK
JIZT OK
JIZO OK
JIZS OK
JIZL OK
JILO OK
JILT OK
JILS OK
JILZ OK
JOIT OK
JOIS OK
JOIZ OK
JOIL OK
JOTI OK
JOTS OK
JOTZ OK
JOTL OK
JOSI OK
JOST OK
JOSZ OK
JOSL OK
JOZI OK
JOZT OK
JOZL OK
JOLI OK
JOLT OK
JOLS OK
JOLZ OK
JOZS OK
JTIO OK
JTIS OK
JTIZ OK
JTIL OK
JTOI OK
JTOZ OK
JTOS OK
JTSI OK
JTOL OK
JTSO OK
JTZI OK
JTZO OK
JTSL OK
JTSZ OK
JTLI OK
JTZS OK
JTLO OK
JTZL OK
JSIO OK
JSIT OK
JTLS OK
JTLZ OK
JSIL OK
JSOI OK
JSIZ OK
JSOT OK
JSOZ OK
JSOL OK
JSTI OK
JSTO OK
JSTL OK
JSTZ OK
JSZI OK
JSZO OK
JSZL OK
JSZT OK
JSLI OK
JSLO OK
JSLT OK
JSLZ OK
JZIO OK
JZIT OK
JZIL OK
JZIS OK
JZOT OK
JZOI OK
JZOL OK
JZTI OK
JZTO OK
JZOS OK
JZTL OK
JZTS OK
JZSI OK
JZSO OK
JZLI OK
JZST OK
JZLO OK
JZLT OK
JZLS OK
JLIO OK
JZSL OK
JLIT OK
JLIS OK
JLIZ OK
JLOI OK
JLOS OK
JLOT OK
JLOZ OK
JLTI OK
JLTO OK
JLTS OK
JLSI OK
JLTZ OK
JLSO OK
JLST OK
JLZI OK
JLZO OK
JLZT OK
LIOT OK
LIOS OK
LIOZ OK
JLSZ OK
LIOJ OK
LITO OK
LITS OK
LITZ OK
JLZS OK
LITJ OK
LISO OK
LIST OK
LISZ OK
LISJ OK
LIZT OK
LIZJ OK
LIJO OK
LIZO OK
LIJT OK
LIZS OK
LIJS OK
LIJZ OK
LOIT OK
LOIZ OK
LOIJ OK
LOIS OK
LOTI OK
LOTJ OK
LOTZ OK
LOTS OK
LOSI OK
LOST OK
LOSZ OK
LOSJ OK
LOZI OK
LOZJ OK
LOZT OK
LOJI OK
LOZS OK
LOJT OK
LOJS OK
LOJZ OK
LTIO OK
LTIS OK
LTIZ OK
LTOI OK
LTIJ OK
LTOS OK
LTOZ OK
LTSI OK
LTOJ OK
LTSO OK
LTSZ OK
LTZI OK
LTSJ OK
LTZO OK
LTJI OK
LTZJ OK
LTZS OK
LTJO OK
LTJS OK
LTJZ OK
LSIO OK
LSIT OK
LSIJ OK
LSIZ OK
LSOI OK
LSOT OK
LSOJ OK
LSOZ OK
LSTI OK
LSTO OK
LSTZ OK
LSTJ OK
LSZI OK
LSZT OK
LSJI OK
LSZJ OK
LSZO OK
LSJO OK
LSJT OK
LZIT OK
LSJZ OK
LZIO OK
LZIJ OK
LZOT OK
LZIS OK
LZOI OK
LZOS OK
LZTI OK
LZOJ OK
LZTO OK
LZTJ OK
LZTS OK
LZST OK
LZSI OK
LZSO OK
LZJI OK
LZJO OK
LZSJ OK
LZJT OK
LZJS OK
LJIO OK
LJIT OK
LJIS OK
LJIZ OK
LJOI OK
LJOT OK
LJOS OK
LJTI OK
LJOZ OK
LJTO OK
LJTS OK
LJSI OK
LJTZ OK
LJSO OK
LJST OK
LJZI OK
LJZO OK
LJZT OK
LJSZ OK
LJZS OK
