IOTJ OK
IOTL OK
IOTZ OK
IOTS OK
IOSZ OK
IOST OK
IOSJ OK
IOSL OK
IOZL OK
IOZJ OK
IOJT OK
IOJS OK
IOJZ OK
IOJL OK
IOZT OK
IOLT OK
IOLS OK
IOLZ OK
IOLJ OK
ITOS OK
ITOZ OK
ITOJ OK
ITOL OK
ITSO OK
IOZS OK
ITSJ OK
ITSL OK
ITZO OK
ITZJ OK
ITZS OK
ITZL OK
ITJO OK
ITJS OK
ITJZ OK
ITJL OK
ITSZ OK
ITLO OK
ITLS OK
ITLZ OK
ITLJ OK
ISOT OK
ISOZ OK
ISOJ OK
ISOL OK
ISTO OK
ISTJ OK
ISTL OK
ISZJ OK
ISZL OK
ISTZ OK
ISJO OK
ISJT OK
ISZT OK
ISJL OK
ISLO OK
ISJZ OK
ISLT OK
ISLZ OK
ISLJ OK
ISZO OK
IZOJ OK
IZOL OK
IZTO OK
IZOT OK
IZTJ OK
IZTL OK
IZTS OK
IZOS OK
IZSJ OK
IZSL OK
IZST OK
IZJO OK
IZJT OK
IZJL OK
IZJS OK
IZSO OK
IZLT OK
IZLO OK
IZLJ OK
IJOT OK
IJOS OK
IZLS OK
IJOZ OK
IJOL OK
IJTO OK
IJTS OK
IJTZ OK
IJTL OK
IJST OK
IJSL OK
IJSO OK
IJZT OK
IJSZ OK
IJZO OK
IJZS OK
IJZL OK
IJLO OK
IJLT OK
IJLS OK
IJLZ OK
ILOT OK
ILOS OK
ILOJ OK
ILOZ OK
ILTO OK
ILTS OK
ILTZ OK
ILSO OK
ILTJ OK
ILST OK
ILSZ OK
ILSJ OK
ILZT OK
ILZO OK
ILZJ OK
ILJO OK
ILJS OK
ILJT OK
ILJZ OK
ILZS OK
OITJ OK
OITS OK
OITL OK
OITZ OK
OIST OK
OISZ OK
OISJ OK
OISL OK
OIZJ OK
OIZL OK
OIJT OK
OIJS OK
OIZT OK
OIJZ OK
OIJL OK
OILT OK
OILS OK
OILZ OK
OILJ OK
OTIS OK
OTIZ OK
OTIJ OK
OTIL OK
OTSI OK
OIZS OK
OTSJ OK
OTSL OK
OTZI OK
OTZJ OK
OTZL OK
OTJI OK
OTSZ OK
OTJS OK
OTJZ OK
OTJL OK
OTLI OK
OTLS OK
OTZS OK
OTLJ OK
OTLZ OK
OSIT OK
OSIZ OK
OSIJ OK
OSIL OK
OSTI OK
OSTJ OK
OSTL OK
OSZI OK
OSZJ OK
OSZL OK
OSJI OK
OSJT OK
OSTZ OK
OSJZ OK
OSJL OK
OSLI OK
OSZT OK
OSLT OK
OSLZ OK
OSLJ OK
OZIJ OK
OZIL OK
OZTI OK
OZIT OK
OZTJ OK
OZTL OK
OZTS OK
OZIS OK
OZSJ OK
OZSL OK
OZST OK
OZSI OK
OZJI OK
OZJT OK
OZJL OK
OZLI OK
OZLT OK
OZJS OK
OZLJ OK
OJIT OK
OJIS OK
OJIZ OK
OJIL OK
OJTI OK
OJTS OK
OJTZ OK
OJTL OK
OJSI OK
OZLS OK
OJST OK
OJSZ OK
OJSL OK
OJZI OK
OJZT OK
OJZL OK
OJLI OK
OJLT OK
OJZS OK
OJLS OK
OJLZ OK
OLIT OK
OLIJ OK
OLIZ OK
OLIS OK
OLTI OK
OLTJ OK
OLTS OK
OLTZ OK
OLSI OK
OLST OK
OLSJ OK
OLSZ OK
OLZI OK
OLZJ OK
OLZT OK
OLJI OK
OLJT OK
OLJS OK
OLJZ OK
TIOS OK
TIOJ OK
TIOZ OK
TIOL OK
TISO OK
TISJ OK
TISL OK
TIZO OK
TIZS OK
TIZJ OK
TIZL OK
TIJO OK
TISZ OK
TIJS OK
TIJZ OK
TIJL OK
TILO OK
TILS OK
TILZ OK
TILJ OK
OLZS OK
TOIS OK
TOIZ OK
TOIJ OK
TOIL OK
TOSJ OK
TOSI OK
TOSL OK
TOZI OK
TOZJ OK
TOZL OK
TOJI OK
TOJS OK
TOJZ OK
TOSZ OK
TOJL OK
TOLI OK
TOZS OK
TOLS OK
TOLJ OK
TOLZ OK
TSIO OK
TSIL OK
TSOI OK
TSIJ OK
TSOZ OK
TSOJ OK
TSOL OK
TSZI OK
TSZJ OK
TSZO OK
TSZL OK
TSIZ OK
TSJI OK
TSJO OK
TSJL OK
TSJZ OK
TSLI OK
TSLO OK
TSLZ OK
TSLJ OK
TZIO OK
TZIJ OK
TZIL OK
TZIS OK
TZOI OK
TZOJ OK
TZOL OK
TZSI OK
TZSJ OK
TZSL OK
TZOS OK
TZJI OK
TZJO OK
TZSO OK
TZLI OK
TZJL OK
TZJS OK
TZLO OK
TJIO OK
TZLS OK
TJIS OK
TZLJ OK
TJIZ OK
TJIL OK
TJOI OK
TJOS OK
TJOZ OK
TJOL OK
TJSI OK
TJSO OK
TJZI OK
TJZO OK
TJSZ OK
TJSL OK
TJLI OK
TJLO OK
TJZS OK
TJZL OK
TLIO OK
TLIS OK
TJLS OK
TJLZ OK
TLIZ OK
TLIJ OK
TLOI OK
TLOS OK
TLOJ OK
TLOZ OK
TLSI OK
TLSO OK
TLSZ OK
TLSJ OK
TLZI OK
TLZO OK
TLJI OK
TLZJ OK
TLJO OK
TLZS OK
TLJS OK
TLJZ OK
SIOT OK
SIOZ OK
SIOJ OK
SIOL OK
SITO OK
SITL OK
SITJ OK
SIZJ OK
SIZL OK
SIJO OK
SITZ OK
SIZT OK
SIJT OK
SIJZ OK
SIJL OK
SILO OK
SILT OK
SILZ OK
SILJ OK
SOIT OK
SIZO OK
SOIZ OK
SOIJ OK
SOIL OK
SOTI OK
SOTJ OK
SOTL OK
SOTZ OK
SOZI OK
SOZL OK
SOZT OK
SOZJ OK
SOJI OK
SOJT OK
SOJZ OK
SOJL OK
SOLI OK
SOLT OK
SOLZ OK
SOLJ OK
STIO OK
STIJ OK
STOI OK
STIL OK
STOL OK
STOJ OK
STOZ OK
STZI OK
STZJ OK
STZO OK
STZL OK
STIZ OK
STJO OK
STJI OK
STJL OK
STLI OK
STLO OK
STJZ OK
STLZ OK
STLJ OK
SZIJ OK
SZIL OK
SZOT OK
SZIT OK
SZIO OK
SZOJ OK
SZOL OK
SZTJ OK
SZTO OK
SZOI OK
SZTL OK
SZJI OK
SZJO OK
SZJT OK
SZTI OK
SZLI OK
SZJL OK
SZLT OK
SZLO OK
SJIO OK
SZLJ OK
SJIT OK
SJIL OK
SJOI OK
SJIZ OK
SJOT OK
SJOZ OK
SJOL OK
SJTI OK
SJTO OK
SJTL OK
SJTZ OK
SJZI OK
SJZT OK
SJZL OK
SJLI OK
SJZO OK
SJLO OK
SJLT OK
SLIO OK
SJLZ OK
SLIZ OK
SLIT OK
SLIJ OK
SLOI OK
SLOZ OK
SLOT OK
SLOJ OK
SLTI OK
SLTO OK
SLTZ OK
SLTJ OK
SLZI OK
SLZT OK
SLJI OK
SLZJ OK
SLZO OK
SLJO OK
SLJT OK
SLJZ OK
ZIOJ OK
ZIOL OK
ZITO OK
ZIOT OK
ZITJ OK
ZITL OK
ZITS OK
ZIOS OK
ZISL OK
ZISJ OK
ZIJO OK
ZIJT OK
ZIJL OK
ZIST OK
ZIJS OK
ZISO OK
ZILT OK
ZILO OK
ZILS OK
ZILJ OK
ZOIL OK
ZOIJ OK
ZOTI OK
ZOIT OK
ZOTJ OK
ZOTL OK
ZOTS OK
ZOIS OK
ZOSJ OK
ZOST OK
ZOSL OK
ZOSI OK
ZOJT OK
ZOJI OK
ZOJL OK
ZOJS OK
ZOLI OK
ZOLT OK
ZOLJ OK
ZTIO OK
ZTIS OK
ZTIL OK
ZTIJ OK
ZTOI OK
ZTOJ OK
ZOLS OK
ZTOL OK
ZTSI OK
ZTSJ OK
ZTOS OK
ZTSL OK
ZTJI OK
ZTJO OK
ZTSO OK
ZTLI OK
ZTJS OK
ZTLO OK
ZTJL OK
ZTLS OK
ZTLJ OK
ZSIL OK
ZSIJ OK
ZSIO OK
ZSIT OK
ZSOL OK
ZSOJ OK
ZSOT OK
ZSOI OK
ZSTJ OK
ZSTL OK
ZSJI OK
ZSJO OK
ZSTO OK
ZSJT OK
ZSTI OK
ZSLI OK
ZSJL OK
ZSLT OK
ZSLJ OK
ZJIO OK
ZSLO OK
ZJIT OK
ZJIS OK
ZJIL OK
ZJOT OK
ZJOI OK
ZJOL OK
ZJTO OK
ZJTI OK
ZJOS OK
ZJTL OK
ZJSI OK
ZJSO OK
ZJTS OK
ZJST OK
ZJLI OK
ZJSL OK
ZJLO OK
ZJLT OK
ZLIT OK
ZJLS OK
ZLIO OK
ZLIJ OK
ZLOT OK
ZLIS OK
ZLOI OK
ZLOJ OK
ZLTI OK
ZLTO OK
ZLTJ OK
ZLTS OK
ZLSI OK
ZLST OK
ZLOS OK
ZLJI OK
ZLSJ OK
ZLJO OK
ZLJT OK
ZLJS OK
JIOT OK
JIOS OK
ZLSO OK
JIOZ OK
JIOL OK
JITO OK
JITS OK
JITZ OK
JITL OK
JIST OK
JISL OK
JISO OK
JIZO OK
JIZT OK
JISZ OK
JIZS OK
JIZL OK
JILO OK
JILT OK
JILS OK
JILZ OK
JOIT OK
JOIS OK
JOIZ OK
JOIL OK
JOTI OK
JOTS OK
JOTL OK
JOTZ OK
JOSI OK
JOST OK
JOSZ OK
JOSL OK
JOZI OK
JOZT OK
JOZL OK
JOLI OK
JOLT OK
JOLS OK
JOLZ OK
JTIO OK
JOZS OK
JTIS OK
JTIZ OK
JTOI OK
JTIL OK
JTOS OK
JTOZ OK
JTOL OK
JTSI OK
JTSO OK
JTZI OK
JTZO OK
JTSL OK
JTSZ OK
JTLI OK
JTLO OK
JTZS OK
JTZL OK
JSIO OK
JSIT OK
JTLS OK
JTLZ OK
JSIL OK
JSOI OK
JSIZ OK
JSOT OK
JSOZ OK
JSOL OK
JSTI OK
JSTO OK
JSTL OK
JSTZ OK
JSZI OK
JSZO OK
JSZT OK
JSLI OK
JSZL OK
JSLO OK
JSLT OK
JSLZ OK
JZIO OK
JZIT OK
JZIL OK
JZIS OK
JZOT OK
JZOI OK
JZOL OK
JZTI OK
JZTO OK
JZOS OK
JZTS OK
JZTL OK
JZSI OK
JZSO OK
JZLI OK
JZST OK
JZLO OK
JZLT OK
JZLS OK
JLIO OK
JLIT OK
JLIZ OK
JLIS OK
JZSL OK
JLOI OK
JLOS OK
JLOT OK
JLOZ OK
JLTI OK
JLTO OK
JLTS OK
JLTZ OK
JLSI OK
JLSO OK
JLST OK
JLZI OK
JLZO OK
JLZT OK
LIOT OK
LIOS OK
LIOZ OK
LIOJ OK
LITO OK
LITS OK
LITZ OK
LITJ OK
LISO OK
LIST OK
LISZ OK
LISJ OK
JLZS OK
LIZT OK
LIZO OK
LIZJ OK
LIJO OK
LIZS OK
LIJT OK
LIJS OK
LIJZ OK
LOIT OK
LOIS OK
LOIJ OK
LOIZ OK
JLSZ OK
LOTI OK
LOTS OK
LOTZ OK
LOTJ OK
LOSI OK
LOST OK
LOSZ OK
LOSJ OK
LOZI OK
LOZJ OK
LOZT OK
LOJI OK
LOZS OK
LOJT OK
LOJS OK
LOJZ OK
LTIO OK
LTIS OK
LTIZ OK
LTIJ OK
LTOI OK
LTOJ OK
LTOZ OK
LTOS OK
LTSI OK
LTSO OK
LTSZ OK
LTSJ OK
LTZI OK
LTZO OK
LTZJ OK
LTJI OK
LTZS OK
LTJO OK
LTJS OK
LTJZ OK
LSIO OK
LSIT OK
LSIZ OK
LSIJ OK
LSOI OK
LSOT OK
LSOZ OK
LSOJ OK
LSTI OK
LSTO OK
LSTZ OK
LSTJ OK
LSZI OK
LSZT OK
LSJI OK
LSZO OK
LSZJ OK
LSJO OK
LSJT OK
LZIT OK
LSJZ OK
LZIO OK
LZIJ OK
LZIS OK
LZOT OK
LZOI OK
LZOJ OK
LZTI OK
LZOS OK
LZTO OK
LZTJ OK
LZTS OK
LZST OK
LZSO OK
LZSI OK
LZJI OK
LZJO OK
LZSJ OK
LZJT OK
LJIO OK
LJIT OK
LJIS OK
LJOI OK
LJIZ OK
LJOT OK
LJOZ OK
LJOS OK
LZJS OK
LJTI OK
LJTO OK
LJSI OK
LJTS OK
LJTZ OK
LJSO OK
LJST OK
LJZI OK
LJZO OK
LJZT OK
LJSZ OK
LJZS OK
