IOTL OK
IOTJ OK
IOTZ OK
IOTS OK
IOSJ OK
IOSL OK
IOST OK
IOZJ OK
IOZT OK
IOJT OK
IOZL OK
IOSZ OK
IOJS OK
IOJZ OK
IOJL OK
IOLT OK
IOLS OK
IOLZ OK
IOLJ OK
ITOS OK
ITOJ OK
ITOZ OK
IOZS OK
ITOL OK
ITSJ OK
ITSO OK
ITSL OK
ITZO OK
ITZS OK
ITZJ OK
ITZL OK
ITJO OK
ITJS OK
ITJZ OK
ITJL OK
ITLO OK
ITLS OK
ITLZ OK
ITLJ OK
ITSZ OK
ISOJ OK
ISOL OK
ISTO OK
ISOT OK
ISTJ OK
ISTL OK
ISTZ OK
ISOZ OK
ISZJ OK
ISZL OK
ISJO OK
ISJT OK
ISZT OK
ISJZ OK
ISJL OK
ISLO OK
ISZO OK
ISLT OK
ISLZ OK
ISLJ OK
IZOJ OK
IZOL OK
IZTO OK
IZOT OK
IZTJ OK
IZTL OK
IZTS OK
IZOS OK
IZSJ OK
IZSL OK
IZJO OK
IZJT OK
IZST OK
IZJL OK
IZSO OK
IZLT OK
IZJS OK
IZLJ OK
IZLO OK
IJOT OK
IJOS OK
IZLS OK
IJOZ OK
IJOL OK
IJTO OK
IJTS OK
IJTZ OK
IJTL OK
IJSO OK
IJST OK
IJSZ OK
IJSL OK
IJZO OK
IJZL OK
IJZT OK
IJLO OK
IJLT OK
IJLS OK
IJLZ OK
ILOT OK
ILOS OK
ILOZ OK
ILOJ OK
ILTO OK
ILTS OK
ILTZ OK
ILTJ OK
ILST OK
IJZS OK
ILSO OK
ILSZ OK
ILSJ OK
ILZT OK
ILZJ OK
ILJO OK
ILJT OK
ILJS OK
ILJZ OK
OITS OK
OITZ OK
OITJ OK
ILZO OK
OITL OK
OIST OK
ILZS OK
OISJ OK
OISL OK
OIZT OK
OIZJ OK
OIZL OK
OIJT OK
OIJS OK
OIJZ OK
OIJL OK
OILT OK
OISZ OK
OILS OK
OILZ OK
OILJ OK
OTIS OK
OTIJ OK
OTIZ OK
OIZS OK
OTIL OK
OTSI OK
OTSJ OK
OTSL OK
OTZI OK
OTZJ OK
OTZL OK
OTJI OK
OTJS OK
OTSZ OK
OTJZ OK
OTJL OK
OTLI OK
OTZS OK
OTLS OK
OTLZ OK
OTLJ OK
OSIT OK
OSIJ OK
OSIL OK
OSTI OK
OSTJ OK
OSTL OK
OSTZ OK
OSIZ OK
OSZT OK
OSZI OK
OSJI OK
OSJT OK
OSJL OK
OSZJ OK
OSLI OK
OSLT OK
OSLJ OK
OZIT OK
OSJZ OK
OSZL OK
OZIJ OK
OZIL OK
OZTI OK
OZTJ OK
OZTS OK
OZTL OK
OSLZ OK
OZIS OK
OZST OK
OZSI OK
OZJI OK
OZSJ OK
OZSL OK
OZJT OK
OZJL OK
OZLI OK
OZLT OK
OZLJ OK
OJIT OK
OJIS OK
OJIZ OK
OJIL OK
OZJS OK
OJTI OK
OJTS OK
OJTZ OK
OZLS OK
OJTL OK
OJSI OK
OJST OK
OJSL OK
OJZI OK
OJZT OK
OJZL OK
OJLI OK
OJLT OK
OJLS OK
OJLZ OK
OLIT OK
OLIS OK
OLIZ OK
OLIJ OK
OLTI OK
OLTS OK
OLTZ OK
OLTJ OK
OLSI OK
OLST OK
OJSZ OK
OLSJ OK
OLZI OK
OLZT OK
OLZJ OK
OLJI OK
OLJT OK
OLJS OK
OLJZ OK
TIOS OK
OLSZ OK
TIOJ OK
TIOZ OK
TIOL OK
TISO OK
TISZ OK
TISJ OK
OLZS OK
TISL OK
TIZO OK
TIZJ OK
TIZS OK
TIZL OK
TIJO OK
TIJS OK
TIJZ OK
TIJL OK
TILO OK
TILS OK
TILZ OK
TILJ OK
TOIS OK
TOIZ OK
TOIJ OK
TOIL OK
TOSI OK
TOSJ OK
TOSL OK
TOZI OK
TOSZ OK
TOZJ OK
TOZL OK
TOJI OK
TOJS OK
TOJZ OK
TOZS OK
TOJL OK
TOLI OK
TOLS OK
TOLZ OK
TOLJ OK
TSIO OK
TSIZ OK
TSIJ OK
TSIL OK
TSOI OK
TSOJ OK
TSOL OK
TSZI OK
TSZJ OK
TSOZ OK
TSZL OK
TSJI OK
TSJO OK
TSJZ OK
TSZO OK
TSJL OK
TSLI OK
TSLO OK
TSLJ OK
TSLZ OK
TZIJ OK
TZIO OK
TZIS OK
TZIL OK
OJZS CAP
TZOI OK
TZOL OK
TZOJ OK
TZSI OK
TZSJ OK
TZSL OK
TZJI OK
TZJO OK
TZOS OK
TZJL OK
TZJS OK
TZLI OK
TZLO OK
TZLS OK
TZSO OK
TZLJ OK
TJIO OK
TJIS OK
TJIZ OK
TJIL OK
TJOI OK
TJOS OK
TJOL OK
TJOZ OK
TJSI OK
TJSO OK
TJSZ OK
TJSL OK
TJZI OK
TJZL OK
TJZO OK
TJLI OK
TJZS OK
TJLO OK
TJLS OK
TJLZ OK
TLIO OK
TLIZ OK
TLIS OK
TLIJ OK
TLOI OK
TLOS OK
TLOZ OK
TLOJ OK
TLSI OK
TLSO OK
TLSJ OK
TLSZ OK
TLZI OK
TLZO OK
TLZS OK
TLZJ OK
TLJI OK
TLJO OK
TLJS OK
TLJZ OK
SIOJ OK
SIOL OK
SIOT OK
SITO OK
SITJ OK
SITL OK
SIOZ OK
SITZ OK
SIZJ OK
SIZL OK
SIJO OK
SIJT OK
SIZT OK
SIJZ OK
SIJL OK
SIZO OK
SILO OK
SILT OK
SILZ OK
SILJ OK
SOIJ OK
SOIL OK
SOIT OK
SOTI OK
SOTJ OK
SOTL OK
SOTZ OK
SOIZ OK
SOZT OK
SOZI OK
SOJI OK
SOJT OK
SOJL OK
SOZJ OK
SOLT OK
SOLI OK
SOLJ OK
SOZL OK
SOJZ OK
STIO OK
STIJ OK
STIL OK
STOI OK
STOJ OK
STIZ OK
STOL OK
SOLZ OK
STOZ OK
STZI OK
STZJ OK
STZL OK
STJI OK
STJO OK
STJZ OK
STJL OK
STLI OK
STLO OK
STLZ OK
STLJ OK
STZO OK
SZIJ OK
SZIL OK
SZIT OK
SZIO OK
SZOT OK
SZOI OK
SZOJ OK
SZTO OK
SZTI OK
SZTJ OK
SZJI OK
SZOL OK
SZTL OK
SZJT OK
SZLI OK
SZJL OK
SZLJ OK
SZLT OK
SZJO OK
SJIO OK
SJIT OK
SJIL OK
SJIZ OK
SJOI OK
SJOT OK
SZLO OK
SJOL OK
SJTI OK
SJTL OK
SJTO OK
SJTZ OK
SJZI OK
SJZT OK
SJZL OK
SJLI OK
SJOZ OK
SJLO OK
SJLT OK
SJLZ OK
SLIO OK
SLIT OK
SJZO OK
SLIJ OK
SLIZ OK
SLOI OK
SLOT OK
SLOJ OK
SLTI OK
SLTO OK
SLTZ OK
SLTJ OK
SLZI OK
SLZT OK
SLZJ OK
SLJI OK
SLJO OK
SLJT OK
SLJZ OK
SLZO OK
ZIOT OK
ZIOJ OK
ZIOL OK
ZITO OK
ZITJ OK
ZITL OK
ZIOS OK
ZITS OK
ZISJ OK
ZISL OK
ZIST OK
ZIJO OK
ZISO OK
ZIJT OK
ZIJL OK
ZIJS OK
ZILO OK
ZILT OK
ZILJ OK
ZILS OK
ZOIT OK
ZOIJ OK
ZOIL OK
SLOZ OK
ZOTI OK
ZOIS OK
ZOTJ OK
ZOTL OK
ZOTS OK
ZOST OK
ZOSI OK
ZOSJ OK
ZOJI OK
ZOSL OK
ZOJT OK
ZOJL OK
ZOLT OK
ZOLI OK
ZOLJ OK
ZTIO OK
ZTIS OK
ZTIJ OK
ZOJS OK
ZTIL OK
ZTOI OK
ZOLS OK
ZTOJ OK
ZTOL OK
ZTSI OK
ZTSJ OK
ZTSL OK
ZTJI OK
ZTOS OK
ZTJO OK
ZTJL OK
ZTJS OK
ZTSO OK
ZTLI OK
ZTLO OK
ZTLS OK
ZTLJ OK
ZSIJ OK
ZSIL OK
ZSIO OK
ZSIT OK
ZSOI OK
ZSOT OK
ZSOJ OK
ZSOL OK
ZSTJ OK
ZSTO OK
ZSTI OK
ZSTL OK
ZSJI OK
ZSJT OK
ZSLI OK
ZSJL OK
ZSLJ OK
ZSLT OK
ZSJO OK
ZJIO OK
ZJIT OK
ZJIL OK
ZSLO OK
ZJOI OK
ZJOT OK
ZJIS OK
ZJOL OK
ZJTI OK
ZJTO OK
ZJTL OK
ZJTS OK
ZJSI OK
ZJOS OK
ZJLI OK
ZJLO OK
ZJSL OK
ZJST OK
ZJLT OK
ZJLS OK
ZJSO OK
ZLIT OK
ZLIJ OK
ZLIO OK
ZLIS OK
ZLOT OK
ZLOJ OK
ZLOI OK
ZLTI OK
ZLTO OK
ZLTJ OK
ZLTS OK
ZLOS OK
ZLSI OK
ZLST OK
ZLSJ OK
ZLJI OK
ZLJO OK
ZLJT OK
ZLJS OK
JIOT OK
ZLSO OK
JIOS OK
JIOZ OK
JIOL OK
JITO OK
JITS OK
JITZ OK
JITL OK
JISO OK
JISL OK
JIST OK
JISZ OK
JIZO OK
JIZL OK
JIZT OK
JILO OK
JILT OK
JILS OK
JILZ OK
JOIT OK
JOIS OK
JOIZ OK
JOIL OK
JOTI OK
JOTS OK
JOTZ OK
JOTL OK
JOSI OK
JOST OK
JOSL OK
JOZI OK
JIZS OK
JOZT OK
JOZL OK
JOLI OK
JOLT OK
JOLS OK
JOLZ OK
JTIO OK
JTIS OK
JTIZ OK
JTIL OK
JTOI OK
JTOS OK
JTOZ OK
JTOL OK
JTSI OK
JTSO OK
JTSZ OK
JTSL OK
JTZI OK
JTZO OK
JOSZ OK
JTZL OK
JTZS OK
JTLI OK
JTLO OK
JTLS OK
JTLZ OK
JSIO OK
JSIT OK
JSIL OK
JSIZ OK
JSOI OK
JSOT OK
JSOL OK
JSTI OK
JSTO OK
JSTZ OK
JSTL OK
JSZI OK
JSZT OK
JSOZ OK
JSZL OK
JSLI OK
JSLO OK
JSLT OK
JSZO OK
JZIO OK
JZIT OK
JSLZ OK
JZIL OK
JZOI OK
JZOT OK
JZIS OK
JZOL OK
JZTI OK
JZTO OK
JZTL OK
JZTS OK
JZSI OK
JZST OK
JZSO OK
JZSL OK
JZLI OK
JZLO OK
JZLT OK
JZLS OK
JLIO OK
JOZS CAP
JLIT OK
JLIS OK
JLIZ OK
JLOI OK
JLOT OK
JLOS OK
JLOZ OK
JLTI OK
JLTO OK
JLTS OK
JLTZ OK
JLSI OK
JLSO OK
JLST OK
JLZI OK
JLZO OK
JLZT OK
LIOT OK
LIOS OK
JLZS OK
LIOZ OK
LIOJ OK
LITO OK
LITS OK
LITZ OK
LITJ OK
LISO OK
LIST OK
LISZ OK
LISJ OK
JLSZ OK
LIZT OK
LIZO OK
LIZJ OK
LIJO OK
LIJT OK
LIJS OK
LIJZ OK
LOIT OK
LOIS OK
LOIZ OK
LOIJ OK
LOTI OK
LOTS OK
LOTZ OK
LIZS OK
LOTJ OK
LOST OK
LOSI OK
LOSJ OK
LOZI OK
LOZT OK
LOZJ OK
LOJI OK
LOJT OK
LOJS OK
LOJZ OK
LTIO OK
JZOS CAP
LTIS OK
LTIZ OK
LTIJ OK
LTOI OK
LTOS OK
LTOZ OK
LOSZ OK
LTOJ OK
LTSI OK
LTSO OK
LTSZ OK
LTSJ OK
LTZI OK
LTZO OK
LTZS OK
LTZJ OK
LTJO OK
LTJI OK
LTJS OK
LOZS OK
LTJZ OK
LSIT OK
LSIO OK
LSIZ OK
LSIJ OK
LSOT OK
LSOI OK
LSOJ OK
LSTI OK
LSTO OK
LSTJ OK
LSTZ OK
LSZI OK
LSZT OK
LSZJ OK
LSJI OK
LSJO OK
LSJT OK
LSJZ OK
LZIO OK
LZIT OK
LZIJ OK
LSZO OK
LZOI OK
LZIS OK
LZOT OK
LZOJ OK
LZTI OK
LZTO OK
LZTS OK
LZTJ OK
LZSI OK
LZST OK
LZSJ OK
LZJI OK
LZJO OK
LZOS OK
LZJT OK
LZSO OK
LZJS OK
LJIO OK
LJIT OK
LJIS OK
LJIZ OK
LJOI OK
LJOT OK
LJOS OK
LJOZ OK
LJTI OK
LJTS OK
LJTO OK
LJTZ OK
LJSI OK
LJSO OK
LJST OK
LJZI OK
LJZO OK
LJSZ OK
LJZT OK
LJZS OK
LSOZ CAP
