IOTJ OK
IOTL OK
IOTS OK
IOTZ OK
IOSJ OK
IOSL OK
IOST OK
IOZT OK
IOZJ OK
IOZL OK
IOJT OK
IOJS OK
IOJZ OK
IOSZ OK
IOJL OK
IOLT OK
IOLS OK
IOLZ OK
IOLJ OK
ITOS OK
IOZS OK
ITOJ OK
ITOZ OK
ITOL OK
ITSJ OK
ITSO OK
ITSL OK
ITZO OK
ITZS OK
ITZJ OK
ITZL OK
ITJO OK
ITJS OK
ITJZ OK
ITJL OK
ITLO OK
ITLS OK
ITLZ OK
ITSZ OK
ITLJ OK
ISOJ OK
ISOL OK
ISTO OK
ISOT OK
ISTJ OK
ISTL OK
ISTZ OK
ISOZ OK
ISZJ OK
ISZL OK
ISJO OK
ISZT OK
ISJT OK
ISJZ OK
ISJL OK
ISZO OK
ISLO OK
ISLZ OK
ISLT OK
ISLJ OK
IZOJ OK
IZOL OK
IZTO OK
IZOT OK
IZTJ OK
IZTL OK
IZTS OK
IZOS OK
IZSJ OK
IZSL OK
IZJO OK
IZJT OK
IZST OK
IZJL OK
IZSO OK
IZLT OK
IZJS OK
IZLO OK
IZLJ OK
IJOT OK
IJOS OK
IJOZ OK
IZLS OK
IJOL OK
IJTO OK
IJTS OK
IJTZ OK
IJTL OK
IJSO OK
IJSL OK
IJST OK
IJSZ OK
IJZO OK
IJZL OK
IJZT OK
IJLO OK
IJLT OK
IJLS OK
IJLZ OK
ILOT OK
ILOS OK
ILOZ OK
ILOJ OK
ILTO OK
ILTS OK
ILTZ OK
ILTJ OK
IJZS OK
ILST OK
ILSO OK
ILSZ OK
ILSJ OK
ILZT OK
ILZO OK
ILZJ OK
ILJO OK
ILJT OK
ILJS OK
ILJZ OK
OITS OK
OITJ OK
OITZ OK
OITL OK
OIST OK
OISJ OK
OISL OK
OIZT OK
ILZS OK
OIZJ OK
OIZL OK
OIJT OK
OIJS OK
OIJZ OK
OIJL OK
OILT OK
OISZ OK
OILS OK
OILJ OK
OILZ OK
OTIS OK
OTIZ OK
OTIJ OK
OIZS OK
OTIL OK
OTSI OK
OTSJ OK
OTSL OK
OTZI OK
OTZJ OK
OTZL OK
OTJI OK
OTJS OK
OTJZ OK
OTSZ OK
OTJL OK
OTLI OK
OTLS OK
OTZS OK
OTLZ OK
OTLJ OK
OSIT OK
OSIJ OK
OSIL OK
OSTI OK
OSTJ OK
OSTL OK
OSTZ OK
OSZJ OK
OSIZ OK
OSZT OK
OSJI OK
OSJT OK
OSZI OK
OSJZ OK
OSJL OK
OSLI OK
OSLT OK
OSLJ OK
OZIT OK
OSZL OK
OZIJ OK
OZIL OK
OZTI OK
OZTS OK
OZTJ OK
OZTL OK
OZST OK
OZIS OK
OSLZ OK
OZSJ OK
OZJI OK
OZSI OK
OZJT OK
OZJL OK
OZLI OK
OZLT OK
OZSL OK
OZLJ OK
OJIT OK
OJIS OK
OZJS OK
OJIZ OK
OJIL OK
OJTI OK
OJTS OK
OJTZ OK
OZLS OK
OJTL OK
OJSI OK
OJST OK
OJSL OK
OJZI OK
OJZT OK
OJSZ OK
OJZL OK
OJLI OK
OJLT OK
OJLS OK
OJLZ OK
OLIT OK
OLIS OK
OLIZ OK
OLIJ OK
OLTI OK
OLTS OK
OLTZ OK
OLTJ OK
OLST OK
OLSI OK
OLSJ OK
OLZI OK
OLZT OK
OLZJ OK
OLJI OK
OLJT OK
OLJS OK
OLJZ OK
TIOS OK
OLSZ OK
TIOJ OK
TIOZ OK
TIOL OK
TISO OK
TISZ OK
OLZS OK
TISJ OK
TISL OK
TIZO OK
TIZJ OK
TIZS OK
TIZL OK
TIJS OK
TIJO OK
TIJZ OK
TIJL OK
TILO OK
TILS OK
TILZ OK
TILJ OK
TOIJ OK
TOIS OK
TOIZ OK
TOIL OK
TOSI OK
TOSJ OK
TOSL OK
TOZI OK
TOZJ OK
TOSZ OK
TOZL OK
TOJI OK
TOJS OK
TOJZ OK
OJZS OK
TOZS OK
TOJL OK
TOLI OK
TOLS OK
TOLZ OK
TOLJ OK
TSIO OK
TSIL OK
TSIJ OK
TSIZ OK
TSOJ OK
TSOL OK
TSOI OK
TSOZ OK
TSZJ OK
TSZI OK
TSZL OK
TSZO OK
TSJI OK
TSJO OK
TSJZ OK
TSJL OK
TSLI OK
TSLO OK
TSLZ OK
TSLJ OK
TZIO OK
TZIJ OK
TZIL OK
TZIS OK
TZOI OK
TZOJ OK
TZOL OK
TZSI OK
TZSJ OK
TZSL OK
TZJI OK
TZJO OK
TZOS OK
TZJL OK
TZJS OK
TZLI OK
TZLO OK
TZLS OK
TZLJ OK
TZSO OK
TJIO OK
TJIS OK
TJIZ OK
TJIL OK
TJOI OK
TJOS OK
TJOZ OK
TJOL OK
TJSI OK
TJSO OK
TJSZ OK
TJSL OK
TJZI OK
TJZO OK
TJZL OK
TJLI OK
TJLO OK
TJZS OK
TJLS OK
TJLZ OK
TLIO OK
TLIS OK
TLIZ OK
TLIJ OK
TLOI OK
TLOS OK
TLOZ OK
TLOJ OK
TLSI OK
TLSO OK
TLSJ OK
TLZI OK
TLSZ OK
TLZO OK
TLZS OK
TLZJ OK
TLJO OK
TLJI OK
TLJS OK
TLJZ OK
SIOT OK
SIOJ OK
SIOL OK
SITO OK
SITJ OK
SITL OK
SITZ OK
SIOZ OK
SIZJ OK
SIZL OK
SIJO OK
SIZT OK
SIJT OK
SIJZ OK
SIJL OK
SILO OK
SILT OK
SILZ OK
SILJ OK
SIZO OK
SOIT OK
SOIJ OK
SOTI OK
SOIL OK
SOTZ OK
SOTJ OK
SOTL OK
SOZT OK
SOZJ OK
SOZL OK
SOJI OK
SOJT OK
SOIZ OK
SOJZ OK
SOJL OK
SOZI OK
SOLI OK
SOLT OK
SOLZ OK
SOLJ OK
STIO OK
STIJ OK
STIL OK
STOI OK
STOJ OK
STOZ OK
STOL OK
STZI OK
STZO OK
STZJ OK
STZL OK
STJI OK
STJO OK
STIZ OK
STJZ OK
STJL OK
STLI OK
STLO OK
STLJ OK
STLZ OK
SZIJ OK
SZIL OK
SZIT OK
SZOT OK
SZIO OK
SZOJ OK
SZOL OK
SZTO OK
SZOI OK
SZTJ OK
SZTL OK
SZJI OK
SZTI OK
SZJT OK
SZJO OK
SZJL OK
SZLI OK
SZLO OK
SZLT OK
SZLJ OK
SJIO OK
SJIL OK
SJIT OK
SJIZ OK
SJOI OK
SJOT OK
SJOL OK
SJTI OK
SJOZ OK
SJTL OK
SJTO OK
SJTZ OK
SJZI OK
SJZT OK
SJZO OK
SJLI OK
SJLO OK
SJLT OK
SJLZ OK
SLIT OK
SJZL OK
SLIO OK
SLIZ OK
SLIJ OK
SLOT OK
SLOI OK
SLOJ OK
SLTI OK
SLOZ OK
SLTO OK
SLTZ OK
SLTJ OK
SLZI OK
SLZO OK
SLZT OK
SLZJ OK
SLJI OK
SLJO OK
SLJT OK
ZIOT OK
SLJZ OK
ZIOJ OK
ZIOL OK
ZITO OK
ZITJ OK
ZITL OK
ZITS OK
ZIOS OK
ZISJ OK
ZISL OK
ZIJO OK
ZISO OK
ZIJT OK
ZIST OK
ZIJL OK
ZILO OK
ZIJS OK
ZILT OK
ZILS OK
ZILJ OK
ZOIT OK
ZOIJ OK
ZOIL OK
ZOTI OK
ZOTS OK
ZOTJ OK
ZOTL OK
ZOST OK
ZOSJ OK
ZOIS OK
ZOSI OK
ZOJI OK
ZOJT OK
ZOJL OK
ZOSL OK
ZOLI OK
ZOLT OK
ZOLJ OK
ZTIO OK
ZOJS OK
ZTIJ OK
ZTIS OK
ZTIL OK
ZOLS OK
ZTOI OK
ZTOS OK
ZTOJ OK
ZTOL OK
ZTSI OK
ZTSJ OK
ZTSL OK
ZTJI OK
ZTJO OK
ZTJL OK
ZTJS OK
ZTLI OK
ZTLO OK
ZTLS OK
ZTSO OK
ZTLJ OK
ZSIJ OK
ZSIL OK
ZSIO OK
ZSOT OK
ZSIT OK
ZSOJ OK
ZSOI OK
ZSOL OK
ZSTJ OK
ZSTL OK
ZSJI OK
ZSTO OK
ZSJO OK
ZSTI OK
ZSJT OK
ZSJL OK
ZSLI OK
ZSLJ OK
ZJIO OK
ZSLO OK
ZSLT OK
ZJIT OK
ZJIL OK
ZJIS OK
ZJOI OK
ZJOT OK
ZJOL OK
ZJTI OK
ZJTO OK
ZJTL OK
ZJSI OK
ZJSO OK
ZJTS OK
ZJST OK
ZJOS OK
ZJSL OK
ZJLI OK
ZJLO OK
ZJLT OK
ZJLS OK
ZLIO OK
ZLIT OK
ZLIJ OK
ZLIS OK
ZLOT OK
ZLOI OK
ZLOJ OK
ZLTI OK
ZLTO OK
ZLTS OK
ZLTJ OK
ZLSI OK
ZLST OK
ZLSJ OK
ZLJI OK
ZLOS OK
ZLJO OK
ZLJT OK
ZLJS OK
JIOT OK
JIOS OK
JIOZ OK
JIOL OK
ZLSO OK
JITO OK
JITS OK
JITZ OK
JITL OK
JISO OK
JISL OK
JIST OK
JISZ OK
JIZO OK
JIZL OK
JILO OK
JIZT OK
JILT OK
JILS OK
JILZ OK
JOIT OK
JOIS OK
JOIZ OK
JOIL OK
JOTI OK
JOTS OK
JOTZ OK
JOTL OK
JOSI OK
JOST OK
JOSL OK
JOSZ OK
JOZI OK
JOZT OK
JIZS OK
JOZL OK
JOLI OK
JOLT OK
JOLS OK
JOLZ OK
JTIO OK
JTIS OK
JTIZ OK
JTIL OK
JTOI OK
JTOS OK
JTOL OK
JTOZ OK
JTSI OK
JTSO OK
JTSZ OK
JTSL OK
JTZI OK
JTZO OK
JTZS OK
JTLI OK
JTZL OK
JTLO OK
JTLS OK
JTLZ OK
JSIO OK
JSIT OK
JSIZ OK
JSIL OK
JSOI OK
JSOT OK
JSOZ OK
JSOL OK
JSTI OK
JSTO OK
JSTL OK
JOZS OK
JSTZ OK
JSZI OK
JSZT OK
JSZO OK
JSLI OK
JSLO OK
JSLT OK
JSLZ OK
JZIO OK
JZIT OK
JSZL OK
JZIL OK
JZOI OK
JZOT OK
JZOL OK
JZTI OK
JZTO OK
JZIS OK
JZTL OK
JZTS OK
JZSI OK
JZST OK
JZSL OK
JZLI OK
JZLO OK
JZLT OK
JZLS OK
JLIO OK
JLIT OK
JLIS OK
JLIZ OK
JLOI OK
JZSO OK
JLOT OK
JLOS OK
JLOZ OK
JLTI OK
JLTO OK
JLTS OK
JLTZ OK
JLSI OK
JLSO OK
JLST OK
JZOS OK
JLZI OK
JLZO OK
JLZT OK
LIOT OK
LIOS OK
LIOZ OK
LIOJ OK
LITO OK
JLZS OK
LITS OK
LITZ OK
LITJ OK
LISO OK
LIST OK
LISZ OK
LISJ OK
LIZO OK
LIZT OK
LIZJ OK
LIJO OK
LIJT OK
LIJS OK
JLSZ OK
LIJZ OK
LOIT OK
LOIS OK
LOIJ OK
LOIZ OK
LOTI OK
LOTS OK
LOTZ OK
LOTJ OK
LOST OK
LOSI OK
LIZS OK
LOSJ OK
LOZT OK
LOZI OK
LOZS OK
LOZJ OK
LOJI OK
LOJT OK
LOJS OK
LOJZ OK
LTIO OK
LTIS OK
LTIZ OK
LTIJ OK
LTOI OK
LTOS OK
LTOZ OK
LTOJ OK
LTSI OK
LTSO OK
LTSZ OK
LTSJ OK
LTZI OK
LTZO OK
LTZS OK
LTZJ OK
LTJI OK
LTJO OK
LTJS OK
LTJZ OK
LSIO OK
LSIT OK
LSIZ OK
LSIJ OK
LOSZ OK
LSOI OK
LSOT OK
LSTI OK
LSOJ OK
LSTO OK
LSTJ OK
LSTZ OK
LSZI OK
LSZO OK
LSZT OK
LSZJ OK
LSJI OK
LSJO OK
LSJT OK
LSJZ OK
LZIO OK
LZIT OK
LZIJ OK
LZOI OK
LZOT OK
LZIS OK
LZOJ OK
LZOS OK
LZTI OK
LZTO OK
LZTS OK
LZTJ OK
LZSO OK
LZST OK
LZSJ OK
LZJI OK
LZSI OK
LZJO OK
LSOZ OK
LZJT OK
LZJS OK
LJIO OK
LJIT OK
LJIS OK
LJIZ OK
LJOI OK
LJOT OK
LJOS OK
LJOZ OK
LJTI OK
LJTO OK
LJTS OK
LJTZ OK
LJSI OK
LJSO OK
LJST OK
LJZI OK
LJZO OK
LJZT OK
LJSZ OK
LJZS OK
