IOTJ OK
IOTZ OK
IOTS OK
IOTL OK
IOST OK
IOSJ OK
IOSL OK
IOZT OK
IOSZ OK
IOZJ OK
IOZL OK
IOJT OK
IOJS OK
IOZS OK
IOJZ OK
IOJL OK
IOLT OK
IOLS OK
IOLZ OK
IOLJ OK
ITOS OK
ITOJ OK
ITOZ OK
ITOL OK
ITSO OK
ITSJ OK
ITSL OK
ITSZ OK
ITZO OK
ITZJ OK
ITZL OK
ITZS OK
ITJO OK
ITJS OK
ITJZ OK
ITJL OK
ITLO OK
ITLS OK
ITLZ OK
ITLJ OK
ISOJ OK
ISOT OK
ISOL OK
ISTO OK
ISOZ OK
ISTJ OK
ISTZ OK
ISTL OK
ISZJ OK
ISZT OK
ISZO OK
ISZL OK
ISJO OK
ISJT OK
ISJZ OK
ISJL OK
ISLO OK
ISLT OK
ISLZ OK
ISLJ OK
IZOT OK
IZOJ OK
IZOL OK
IZTO OK
IZTJ OK
IZOS OK
IZTS OK
IZTL OK
IZSJ OK
IZST OK
IZSL OK
IZSO OK
IZJO OK
IZJT OK
IZJS OK
IZJL OK
IZLO OK
IZLT OK
IZLJ OK
IZLS OK
IJOT OK
IJOS OK
IJOZ OK
IJOL OK
IJTO OK
IJTS OK
IJTZ OK
IJTL OK
IJST OK
IJSL OK
IJSO OK
IJZT OK
IJZO OK
IJZL OK
IJLO OK
IJLT OK
IJLS OK
IJLZ OK
IJSZ OK
ILOT OK
ILOS OK
ILOZ OK
ILOJ OK
ILTO OK
ILTS OK
IJZS OK
ILTJ OK
ILTZ OK
ILST OK
ILSJ OK
ILSO OK
ILZT OK
ILZO OK
ILZJ OK
ILJO OK
ILJT OK
ILJS OK
ILJZ OK
OITS OK
ILSZ OK
OITZ OK
ILZS OK
OITJ OK
OITL OK
OISJ OK
OIST OK
OISL OK
OIZT OK
OISZ OK
OIZJ OK
OIZL OK
OIJT OK
OIJS OK
OIJZ OK
OIZS OK
OIJL OK
OILT OK
OILS OK
OILJ OK
OILZ OK
OTIS OK
OTIJ OK
OTIZ OK
OTIL OK
OTSI OK
OTSZ OK
OTSJ OK
OTSL OK
OTZI OK
OTZJ OK
OTZS OK
OTJI OK
OTZL OK
OTJS OK
OTJL OK
OTJZ OK
OTLI OK
OTLZ OK
OTLS OK
OTLJ OK
OSIJ OK
OSIT OK
OSIL OK
OSTI OK
OSTZ OK
OSIZ OK
OSTJ OK
OSTL OK
OSZT OK
OSZI OK
OSJI OK
OSZJ OK
OSJT OK
OSZL OK
OSJL OK
OSLI OK
OSLT OK
OSJZ OK
OSLJ OK
OZIT OK
OZIJ OK
OZIL OK
OZIS OK
OZTS OK
OZTI OK
OZTJ OK
OZTL OK
OSLZ OK
OZST OK
OZSI OK
OZJI OK
OZSJ OK
OZJT OK
OZSL OK
OZJL OK
OZLI OK
OZLT OK
OZLJ OK
OJIT OK
OJIS OK
OZLS OK
OJIZ OK
OJIL OK
OZJS OK
OJTS OK
OJTI OK
OJTZ OK
OJTL OK
OJSI OK
OJST OK
OJSL OK
OJZI OK
OJZT OK
OJZL OK
OJLI OK
OJLT OK
OJLS OK
OJLZ OK
OLIT OK
OJSZ OK
OLIS OK
OLIZ OK
OLIJ OK
OLTI OK
OLTS OK
OLTZ OK
OLTJ OK
OJZS OK
OLSI OK
OLST OK
OLSJ OK
OLZI OK
OLZT OK
OLZJ OK
OLJI OK
OLJT OK
OLJS OK
OLJZ OK
TIOS OK
TIOZ OK
TIOJ OK
TIOL OK
OLZS OK
TISO OK
TISJ OK
TISZ OK
TISL OK
TIZO OK
TIZJ OK
TIZL OK
TIZS OK
TIJO OK
TIJS OK
TIJL OK
TIJZ OK
TILO OK
TILS OK
TILJ OK
TILZ OK
TOIS OK
TOIZ OK
TOIJ OK
TOIL OK
TOSI OK
TOSZ OK
TOSJ OK
TOSL OK
TOZI OK
TOZJ OK
TOZS OK
TOZL OK
TOJI OK
TOJS OK
TOJZ OK
TOJL OK
TOLI OK
TOLS OK
TOLZ OK
TOLJ OK
TSIO OK
TSIJ OK
TSIZ OK
TSIL OK
TSOI OK
TSOZ OK
TSOJ OK
TSOL OK
TSZI OK
TSZO OK
TSZL OK
TSZJ OK
TSJI OK
TSJO OK
TSJZ OK
TSJL OK
TSLI OK
TSLO OK
OLSZ CAP
TSLJ OK
TSLZ OK
TZIO OK
TZIJ OK
TZIL OK
TZIS OK
TZOI OK
TZOJ OK
TZOS OK
TZOL OK
TZSJ OK
TZSO OK
TZSL OK
TZSI OK
TZJI OK
TZJO OK
TZJS OK
TZJL OK
TZLI OK
TZLO OK
TZLS OK
TZLJ OK
TJIO OK
TJIS OK
TJIZ OK
TJIL OK
TJOI OK
TJOS OK
TJOZ OK
TJOL OK
TJSI OK
TJSO OK
TJSZ OK
TJSL OK
TJZI OK
TJZO OK
TJZL OK
TJLI OK
TJZS OK
TJLO OK
TJLS OK
TJLZ OK
TLIO OK
TLIS OK
TLIZ OK
TLIJ OK
TLOI OK
TLOS OK
TLOZ OK
TLOJ OK
TLSI OK
TLSO OK
TLSZ OK
TLSJ OK
TLZI OK
TLZO OK
TLZS OK
TLZJ OK
TLJI OK
TLJO OK
TLJS OK
TLJZ OK
SIOT OK
SIOJ OK
SIOL OK
SITO OK
SITJ OK
SIOZ OK
SITZ OK
SITL OK
SIZJ OK
SIZT OK
SIZL OK
SIZO OK
SIJO OK
SIJT OK
SIJZ OK
SIJL OK
SILO OK
SILT OK
SILJ OK
SILZ OK
SOIJ OK
SOIT OK
SOIL OK
SOTI OK
SOTZ OK
SOIZ OK
SOTJ OK
SOTL OK
SOZT OK
SOZI OK
SOZJ OK
SOZL OK
SOJI OK
SOJT OK
SOJL OK
SOLI OK
SOLT OK
SOLZ OK
SOLJ OK
SOJZ OK
STIO OK
STIJ OK
STIL OK
STIZ OK
STOI OK
STOJ OK
STOL OK
STOZ OK
STZJ OK
STZO OK
STZI OK
STZL OK
STJI OK
STJO OK
STJZ OK
STJL OK
STLI OK
STLO OK
STLZ OK
STLJ OK
SZIJ OK
SZIO OK
SZIT OK
SZIL OK
SZOJ OK
SZOT OK
SZOI OK
SZOL OK
SZTO OK
SZTJ OK
SZTI OK
SZTL OK
SZJO OK
SZJI OK
SZJT OK
SZLI OK
SZJL OK
SZLO OK
SZLJ OK
SZLT OK
SJIO OK
SJIT OK
SJIZ OK
SJIL OK
SJOI OK
SJOT OK
SJOL OK
SJTI OK
SJTO OK
SJTZ OK
SJTL OK
SJZI OK
SJOZ OK
SJZT OK
SJZL OK
SJLI OK
SJLO OK
SJZO OK
SJLT OK
SJLZ OK
SLIO OK
SLIT OK
SLIZ OK
SLIJ OK
SLOI OK
SLOT OK
SLOJ OK
SLTI OK
SLTO OK
SLTZ OK
SLTJ OK
SLZI OK
SLZO OK
SLZJ OK
SLZT OK
SLJI OK
SLJO OK
SLJT OK
SLJZ OK
ZIOT OK
ZIOJ OK
ZIOL OK
ZIOS OK
ZITO OK
SLOZ OK
ZITJ OK
ZITL OK
ZITS OK
ZISJ OK
ZIST OK
ZISL OK
ZISO OK
ZIJO OK
ZIJT OK
ZIJS OK
ZIJL OK
ZILO OK
ZILT OK
ZILS OK
ZILJ OK
ZOIT OK
ZOIJ OK
ZOIL OK
ZOTI OK
ZOIS OK
ZOTS OK
ZOTJ OK
ZOTL OK
ZOST OK
ZOSI OK
ZOSJ OK
ZOJI OK
ZOJT OK
ZOSL OK
ZOJS OK
ZOJL OK
ZOLI OK
ZOLJ OK
ZOLT OK
ZTIO OK
ZTIJ OK
ZTIS OK
ZOLS OK
ZTIL OK
ZTOI OK
ZTOS OK
ZTOJ OK
ZTOL OK
ZTSJ OK
ZTSO OK
ZTSI OK
ZTSL OK
ZTJI OK
ZTJO OK
ZTJS OK
ZTJL OK
ZTLI OK
ZTLO OK
ZTLS OK
ZTLJ OK
ZSIJ OK
ZSIO OK
ZSIT OK
ZSIL OK
ZSOJ OK
ZSOT OK
ZSOI OK
ZSOL OK
ZSTO OK
ZSTI OK
ZSTJ OK
ZSTL OK
ZSJI OK
ZSJO OK
ZSJT OK
ZSLI OK
ZSJL OK
ZSLO OK
ZSLJ OK
ZSLT OK
ZJIO OK
ZJIT OK
ZJIS OK
ZJIL OK
ZJOT OK
ZJOI OK
ZJOL OK
ZJTI OK
ZJTO OK
ZJTS OK
ZJTL OK
ZJSI OK
ZJST OK
ZJSO OK
ZJSL OK
ZJLI OK
ZJLO OK
ZJLT OK
ZJOS OK
ZJLS OK
ZLIO OK
ZLIT OK
ZLIJ OK
ZLIS OK
ZLOI OK
ZLOT OK
ZLOJ OK
ZLTI OK
ZLTO OK
ZLTJ OK
ZLTS OK
ZLOS OK
ZLSI OK
ZLSJ OK
ZLST OK
ZLSO OK
ZLJI OK
ZLJO OK
ZLJT OK
ZLJS OK
JIOT OK
JIOS OK
JIOZ OK
JIOL OK
JITO OK
JITS OK
JITZ OK
JITL OK
JIST OK
JISL OK
JISO OK
JIZT OK
JIZO OK
JIZL OK
JILO OK
JILT OK
JILS OK
JILZ OK
JOIT OK
JOIS OK
JOIZ OK
JISZ OK
JOIL OK
JOTI OK
JOTS OK
JOTZ OK
JOTL OK
JOST OK
JOSI OK
JIZS OK
JOSL OK
JOZI OK
JOZT OK
JOZL OK
JOLI OK
JOLT OK
JOLS OK
JOLZ OK
JTIO OK
JTIS OK
JTIZ OK
JTIL OK
JOSZ OK
JTOI OK
JTOZ OK
JTOS OK
JTOL OK
JTSI OK
JOZS OK
JTSO OK
JTSZ OK
JTSL OK
JTZI OK
JTZO OK
JTZS OK
JTZL OK
JTLI OK
JTLO OK
JTLS OK
JTLZ OK
JSIT OK
JSIO OK
JSIL OK
JSIZ OK
JSOT OK
JSOI OK
JSOL OK
JSTI OK
JSTO OK
JSTZ OK
JSTL OK
JSOZ OK
JSZI OK
JSZT OK
JSLI OK
JSZL OK
JSZO OK
JSLO OK
JSLT OK
JSLZ OK
JZIT OK
JZIO OK
JZIS OK
JZIL OK
JZOI OK
JZOT OK
JZOL OK
JZTI OK
JZTO OK
JZTS OK
JZSI OK
JZTL OK
JZST OK
JZSL OK
JZLI OK
JZSO OK
JZLO OK
JZLT OK
JLIO OK
JZLS OK
JLIT OK
JZOS OK
JLIS OK
JLIZ OK
JLOI OK
JLOT OK
JLOS OK
JLOZ OK
JLTI OK
JLTO OK
JLTS OK
JLTZ OK
JLSI OK
JLSO OK
JLST OK
JLZI OK
JLSZ OK
JLZO OK
LIOT OK
JLZT OK
LIOS OK
LIOZ OK
LIOJ OK
LITO OK
LITS OK
LITZ OK
LITJ OK
JLZS OK
LIST OK
LISJ OK
LISO OK
LIZT OK
LIZO OK
LIZJ OK
LIJO OK
LIJT OK
LIJS OK
LIJZ OK
LOIT OK
LOIS OK
LOIZ OK
LOIJ OK
LOTI OK
LISZ OK
LOTS OK
LIZS OK
LOTJ OK
LOTZ OK
LOST OK
LOSI OK
LOSJ OK
LOZI OK
LOZT OK
LOZJ OK
LOJI OK
LOJT OK
LOJS OK
LOJZ OK
LTIO OK
LTIS OK
LTIZ OK
LTIJ OK
LTOI OK
LOZS OK
LTOS OK
LTOJ OK
LTOZ OK
LTSI OK
LTSO OK
LTSZ OK
LTSJ OK
LTZI OK
LTZO OK
LTZS OK
LTZJ OK
LTJI OK
LTJO OK
LTJS OK
LTJZ OK
LSIT OK
LSIO OK
LSIJ OK
LSIZ OK
LSOI OK
LSOT OK
LSOJ OK
LSTI OK
LSTO OK
LSTZ OK
LSTJ OK
LSZI OK
LSZO OK
LSZT OK
LSZJ OK
LSJI OK
LSJO OK
LSOZ OK
LSJT OK
LSJZ OK
LZIO OK
LZIT OK
LZIS OK
LZIJ OK
LZOT OK
LOSZ CAP
LZOJ OK
LZTI OK
LZOI OK
LZTO OK
LZTJ OK
LZTS OK
LZOS OK
LZST OK
LZSI OK
LZSJ OK
LZSO OK
LZJI OK
LZJO OK
LZJT OK
LJIO OK
LZJS OK
LJIT OK
LJIS OK
LJIZ OK
LJOI OK
LJOT OK
LJOS OK
LJOZ OK
LJTI OK
LJTO OK
LJTS OK
LJTZ OK
LJSI OK
LJSO OK
LJZI OK
LJST OK
LJZO OK
LJZT OK
LJZS OK
LJSZ OK
