IOTJ OK
IOTZ OK
IOTS OK
IOTL OK
IOST OK
IOSJ OK
IOSL OK
IOSZ OK
IOZT OK
IOZJ OK
IOZL OK
IOJT OK
IOZS OK
IOJS OK
IOJL OK
IOJZ OK
IOLT OK
IOLS OK
IOLZ OK
IOLJ OK
ITOS OK
ITOJ OK
ITOZ OK
ITOL OK
ITSO OK
ITSJ OK
ITSL OK
ITSZ OK
ITZO OK
ITZJ OK
ITZL OK
ITJO OK
ITZS OK
ITJS OK
ITJZ OK
ITJL OK
ITLO OK
ITLS OK
ITLZ OK
ITLJ OK
ISOT OK
ISOJ OK
ISOL OK
ISTO OK
ISOZ OK
ISTJ OK
ISTZ OK
ISTL OK
ISZJ OK
ISZT OK
ISZO OK
ISZL OK
ISJO OK
ISJT OK
ISJZ OK
ISJL OK
ISLO OK
ISLT OK
ISLZ OK
ISLJ OK
IZOT OK
IZOJ OK
IZOL OK
IZTO OK
IZOS OK
IZTJ OK
IZTL OK
IZTS OK
IZST OK
IZSJ OK
IZSO OK
IZSL OK
IZJO OK
IZJT OK
IZJS OK
IZJL OK
IZLO OK
IZLT OK
IZLS OK
IZLJ OK
IJOT OK
IJOS OK
IJOZ OK
IJOL OK
IJTO OK
IJTS OK
IJTZ OK
IJTL OK
IJST OK
IJSL OK
IJSO OK
IJZT OK
IJZO OK
IJZL OK
IJSZ OK
IJLO OK
IJLT OK
IJLS OK
IJLZ OK
ILOT OK
ILOS OK
ILOZ OK
ILOJ OK
ILTO OK
ILTS OK
ILTZ OK
ILTJ OK
IJZS OK
ILST OK
ILSJ OK
ILSO OK
ILZT OK
ILZO OK
ILZJ OK
ILJO OK
ILJT OK
ILJS OK
ILJZ OK
OITS OK
OITZ OK
OITJ OK
ILSZ OK
OITL OK
ILZS OK
OIST OK
OISJ OK
OISL OK
OIZT OK
OISZ OK
OIZJ OK
OIZL OK
OIJT OK
OIZS OK
OIJS OK
OIJL OK
OIJZ OK
OILT OK
OILS OK
OILJ OK
OILZ OK
OTIJ OK
OTIS OK
OTIZ OK
OTIL OK
OTSI OK
OTSZ OK
OTSJ OK
OTSL OK
OTZI OK
OTZJ OK
OTZS OK
OTZL OK
OTJI OK
OTJS OK
OTJZ OK
OTJL OK
OTLI OK
OTLS OK
OTLZ OK
OTLJ OK
OSIT OK
OSIJ OK
OSIL OK
OSIZ OK
OSTI OK
OSTJ OK
OSTZ OK
OSTL OK
OSZT OK
OSZI OK
OSZJ OK
OSJI OK
OSJT OK
OSZL OK
OSJL OK
OSLI OK
OSLT OK
OSJZ OK
OSLJ OK
OZIT OK
OZIJ OK
OZIS OK
OZIL OK
OZTI OK
OZTS OK
OZTJ OK
OZTL OK
OSLZ OK
OZSI OK
OZST OK
OZJI OK
OZSJ OK
OZSL OK
OZJT OK
OZJL OK
OZLI OK
OZLT OK
OZLJ OK
OJIT OK
OZLS OK
OJIS OK
OJIZ OK
OJIL OK
OZJS OK
OJTI OK
OJTS OK
OJTZ OK
OJTL OK
OJSI OK
OJST OK
OJSL OK
OJZI OK
OJZT OK
OJZL OK
OJLI OK
OJLT OK
OJLS OK
OJLZ OK
OJSZ OK
OLIT OK
OLIS OK
OLIZ OK
OLIJ OK
OLTS OK
OLTI OK
OJZS OK
OLTJ OK
OLTZ OK
OLSI OK
OLST OK
OLZI OK
OLSJ OK
OLZT OK
OLZJ OK
OLJI OK
OLJT OK
OLJS OK
OLJZ OK
TIOS OK
TIOZ OK
TIOJ OK
OLZS OK
TIOL OK
TISO OK
TISJ OK
TISL OK
TISZ OK
TIZO OK
TIZJ OK
TIZL OK
TIZS OK
TIJO OK
TIJS OK
TIJZ OK
TIJL OK
TILO OK
TILS OK
TILZ OK
TILJ OK
TOIS OK
TOIZ OK
TOIJ OK
TOIL OK
TOSI OK
TOSJ OK
TOSZ OK
TOSL OK
TOZI OK
TOZJ OK
TOZS OK
TOZL OK
TOJI OK
TOJS OK
TOJZ OK
TOJL OK
TOLI OK
TOLS OK
TOLZ OK
TOLJ OK
TSIO OK
TSIJ OK
TSIL OK
TSIZ OK
TSOI OK
TSOJ OK
TSOZ OK
TSOL OK
TSZO OK
TSZI OK
TSZJ OK
TSZL OK
TSJI OK
TSJO OK
TSJZ OK
TSJL OK
TSLI OK
TSLO OK
TSLZ OK
TSLJ OK
TZIO OK
TZIJ OK
TZIL OK
OLSZ CAP
TZIS OK
TZOJ OK
TZOI OK
TZOL OK
TZOS OK
TZSJ OK
TZSL OK
TZSO OK
TZSI OK
TZJI OK
TZJO OK
TZJL OK
TZJS OK
TZLI OK
TZLO OK
TZLS OK
TJIO OK
TZLJ OK
TJIS OK
TJIZ OK
TJIL OK
TJOI OK
TJOZ OK
TJOS OK
TJOL OK
TJSI OK
TJSO OK
TJSZ OK
TJSL OK
TJZI OK
TJZL OK
TJZO OK
TJZS OK
TJLI OK
TJLO OK
TJLS OK
TJLZ OK
TLIO OK
TLIS OK
TLIZ OK
TLIJ OK
TLOI OK
TLOS OK
TLOZ OK
TLOJ OK
TLSI OK
TLSJ OK
TLSO OK
TLSZ OK
TLZI OK
TLZO OK
TLZS OK
TLZJ OK
TLJI OK
TLJO OK
TLJS OK
TLJZ OK
SIOJ OK
SIOT OK
SIOL OK
SITO OK
SITJ OK
SIOZ OK
SITL OK
SITZ OK
SIZJ OK
SIZT OK
SIZL OK
SIZO OK
SIJO OK
SIJT OK
SIJZ OK
SIJL OK
SILO OK
SILT OK
SILZ OK
SILJ OK
SOIJ OK
SOIT OK
SOIL OK
SOTI OK
SOIZ OK
SOTZ OK
SOTJ OK
SOTL OK
SOZT OK
SOZI OK
SOZJ OK
SOZL OK
SOJI OK
SOJT OK
SOJL OK
SOLI OK
SOLT OK
SOLZ OK
SOLJ OK
SOJZ OK
STIO OK
STIJ OK
STIL OK
STIZ OK
STOI OK
STOJ OK
STOZ OK
STOL OK
STZJ OK
STZL OK
STZO OK
STZI OK
STJI OK
STJO OK
STJZ OK
STJL OK
STLI OK
STLJ OK
STLO OK
STLZ OK
SZIJ OK
SZIT OK
SZIO OK
SZIL OK
SZOJ OK
SZOT OK
SZOL OK
SZOI OK
SZTJ OK
SZTO OK
SZTI OK
SZTL OK
SZJI OK
SZJO OK
SZJT OK
SZJL OK
SZLI OK
SZLO OK
SZLT OK
SZLJ OK
SJIO OK
SJIT OK
SJIZ OK
SJIL OK
SJOI OK
SJOT OK
SJTI OK
SJOL OK
SJTO OK
SJTZ OK
SJTL OK
SJZI OK
SJOZ OK
SJZT OK
SJZL OK
SJLI OK
SJZO OK
SJLO OK
SJLT OK
SJLZ OK
SLIO OK
SLIT OK
SLIZ OK
SLIJ OK
SLOI OK
SLOT OK
SLOJ OK
SLTI OK
SLTO OK
SLTZ OK
SLTJ OK
SLZI OK
SLZO OK
SLZT OK
SLZJ OK
SLJI OK
SLJO OK
SLJT OK
SLJZ OK
ZIOT OK
ZIOJ OK
ZIOS OK
ZIOL OK
ZITO OK
ZITJ OK
SLOZ OK
ZITS OK
ZITL OK
ZISJ OK
ZIST OK
ZISL OK
ZISO OK
ZIJO OK
ZIJT OK
ZIJL OK
ZIJS OK
ZILO OK
ZILT OK
ZILS OK
ZILJ OK
ZOIT OK
ZOIJ OK
ZOIL OK
ZOTI OK
ZOIS OK
ZOTJ OK
ZOTL OK
ZOTS OK
ZOSJ OK
ZOST OK
ZOSI OK
ZOJI OK
ZOJT OK
ZOSL OK
ZOJS OK
ZOJL OK
ZOLI OK
ZOLT OK
ZOLJ OK
ZTIO OK
ZTIJ OK
ZOLS OK
ZTIL OK
ZTIS OK
ZTOI OK
ZTOJ OK
ZTOS OK
ZTOL OK
ZTSJ OK
ZTSO OK
ZTSI OK
ZTSL OK
ZTJI OK
ZTJO OK
ZTJS OK
ZTJL OK
ZTLI OK
ZTLO OK
ZTLS OK
ZTLJ OK
ZSIJ OK
ZSIO OK
ZSIT OK
ZSIL OK
ZSOT OK
ZSOJ OK
ZSOI OK
ZSOL OK
ZSTJ OK
ZSTO OK
ZSTI OK
ZSTL OK
ZSJI OK
ZSJO OK
ZSJL OK
ZSJT OK
ZSLI OK
ZSLT OK
ZSLO OK
ZSLJ OK
ZJIO OK
ZJIT OK
ZJIS OK
ZJIL OK
ZJOI OK
ZJOT OK
ZJOL OK
ZJTI OK
ZJTO OK
ZJTS OK
ZJTL OK
ZJSI OK
ZJSO OK
ZJST OK
ZJSL OK
ZJLI OK
ZJLO OK
ZJLT OK
ZJLS OK
ZLIO OK
ZLIT OK
ZLIS OK
ZLIJ OK
ZJOS OK
ZLOI OK
ZLOT OK
ZLOJ OK
ZLTI OK
ZLTO OK
ZLTS OK
ZLTJ OK
ZLSI OK
ZLOS OK
ZLST OK
ZLSJ OK
ZLJI OK
ZLSO OK
ZLJO OK
ZLJT OK
ZLJS OK
JIOT OK
JIOS OK
JIOL OK
JIOZ OK
JITO OK
JITS OK
JITZ OK
JITL OK
JIST OK
JISL OK
JISO OK
JIZT OK
JIZO OK
JIZL OK
JILO OK
JILT OK
JISZ OK
JILS OK
JILZ OK
JOIT OK
JOIS OK
JOIZ OK
JOIL OK
JOTI OK
JOTS OK
JOTZ OK
JOTL OK
JOSI OK
JOST OK
JOSL OK
JOZI OK
JOZT OK
JIZS OK
JOZL OK
JOLI OK
JOLT OK
JOLS OK
JOLZ OK
JTIO OK
JTIS OK
JOSZ OK
JTIZ OK
JTIL OK
JTOI OK
JTOS OK
JTOZ OK
JTOL OK
JTSI OK
JTSO OK
JTSZ OK
JOZS OK
JTSL OK
JTZI OK
JTZL OK
JTZO OK
JTZS OK
JTLI OK
JTLO OK
JTLS OK
JTLZ OK
JSIT OK
JSIO OK
JSIZ OK
JSIL OK
JSOT OK
JSOI OK
JSOL OK
JSTI OK
JSTO OK
JSTZ OK
JSTL OK
JSZI OK
JSOZ OK
JSZT OK
JSZO OK
JSLI OK
JSLO OK
JSZL OK
JSLT OK
JSLZ OK
JZIO OK
JZIT OK
JZIL OK
JZIS OK
JZOI OK
JZOT OK
JZOL OK
JZTI OK
JZTO OK
JZTS OK
JZTL OK
JZSI OK
JZST OK
JZSL OK
JZSO OK
JZLI OK
JZLO OK
JZLT OK
JZLS OK
JLIO OK
JLIT OK
JLIS OK
JLIZ OK
JLOI OK
JLOT OK
JLOS OK
JLOZ OK
JZOS OK
JLTO OK
JLTI OK
JLTS OK
JLTZ OK
JLSI OK
JLST OK
JLSO OK
JLSZ OK
JLZI OK
JLZT OK
JLZO OK
LIOT OK
LIOS OK
LIOJ OK
LIOZ OK
LITO OK
LITS OK
LITZ OK
LITJ OK
LIST OK
JLZS OK
LISJ OK
LISO OK
LIZT OK
LISZ OK
LIZJ OK
LIZO OK
LIJO OK
LIJT OK
LIJS OK
LIJZ OK
LOIT OK
LOIS OK
LOIJ OK
LOIZ OK
LOTI OK
LOTS OK
LOTZ OK
LOTJ OK
LOSI OK
LOST OK
LOSJ OK
LOZI OK
LOZT OK
LIZS OK
LOZJ OK
LOJI OK
LOJT OK
LOJS OK
LOJZ OK
LTIO OK
LTIS OK
LTIZ OK
LTIJ OK
LTOI OK
LTOS OK
LTOZ OK
LTOJ OK
LOZS OK
LTSI OK
LTSO OK
LTSZ OK
LTSJ OK
LTZI OK
LTZO OK
LTZS OK
LTZJ OK
LTJI OK
LTJO OK
LTJS OK
LTJZ OK
LSIT OK
LSIO OK
LSIJ OK
LSIZ OK
LSOI OK
LSOT OK
LSOJ OK
LSTI OK
LSTO OK
LSTZ OK
LSTJ OK
LSZI OK
LSZO OK
LSZT OK
LSZJ OK
LSJI OK
LSJO OK
LSJT OK
LSJZ OK
LZIO OK
LZIT OK
LSOZ OK
LOSZ CAP
LZIJ OK
LZIS OK
LZOT OK
LZOI OK
LZOJ OK
LZTI OK
LZTO OK
LZTJ OK
LZTS OK
LZOS OK
LZSI OK
LZST OK
LZSO OK
LZJI OK
LZSJ OK
LZJO OK
LZJT OK
LZJS OK
LJIO OK
LJIT OK
LJIS OK
LJIZ OK
LJOI OK
LJOT OK
LJOS OK
LJTI OK
LJOZ OK
LJTO OK
LJTS OK
LJTZ OK
LJSI OK
LJST OK
LJSO OK
LJZI OK
LJZO OK
LJZT OK
LJZS OK
LJSZ OK
