IOTS OK
IOTZ OK
IOTJ OK
IOTL OK
IOST OK
IOSJ OK
IOSL OK
IOZT OK
IOZJ OK
IOZL OK
IOSZ OK
IOJT OK
IOJS OK
IOJZ OK
IOJL OK
IOLT OK
IOZS OK
IOLS OK
IOLZ OK
IOLJ OK
ITOS OK
ITOZ OK
ITOJ OK
ITOL OK
ITSO OK
ITSJ OK
ITSL OK
ITSZ OK
ITZO OK
ITZJ OK
ITZL OK
ITZS OK
ITJO OK
ITJS OK
ITJZ OK
ITJL OK
ITLO OK
ITLS OK
ITLZ OK
ITLJ OK
ISOJ OK
ISOT OK
ISOL OK
ISTO OK
ISTJ OK
ISTL OK
ISTZ OK
ISZT OK
ISOZ OK
ISZJ OK
ISZO OK
ISZL OK
ISJO OK
ISJT OK
ISJZ OK
ISJL OK
ISLO OK
ISLT OK
ISLZ OK
ISLJ OK
IZOJ OK
IZOT OK
IZOL OK
IZTO OK
IZTJ OK
IZTS OK
IZTL OK
IZST OK
IZOS OK
IZSJ OK
IZSO OK
IZSL OK
IZJO OK
IZJT OK
IZJS OK
IZJL OK
IZLO OK
IZLT OK
IZLS OK
IZLJ OK
IJOT OK
IJOS OK
IJOZ OK
IJOL OK
IJTO OK
IJTS OK
IJTZ OK
IJTL OK
IJST OK
IJSL OK
IJSO OK
IJZT OK
IJZO OK
IJZL OK
IJSZ OK
IJLO OK
IJLT OK
IJLS OK
IJLZ OK
ILOT OK
ILOS OK
ILOZ OK
ILOJ OK
ILTO OK
ILTS OK
ILTZ OK
ILTJ OK
IJZS OK
ILST OK
ILSJ OK
ILSO OK
ILZT OK
ILZO OK
ILZJ OK
ILJO OK
ILJT OK
ILJS OK
ILJZ OK
OITS OK
OITZ OK
OITJ OK
ILSZ OK
ILZS OK
OITL OK
OISJ OK
OIST OK
OISL OK
OIZT OK
OIZJ OK
OIZL OK
OIJT OK
OISZ OK
OIJS OK
OIJZ OK
OIJL OK
OILT OK
OIZS OK
OILS OK
OILZ OK
OILJ OK
OTIS OK
OTIZ OK
OTIJ OK
OTIL OK
OTSI OK
OTSJ OK
OTSZ OK
OTSL OK
OTZI OK
OTZJ OK
OTZL OK
OTZS OK
OTJI OK
OTJS OK
OTJZ OK
OTJL OK
OTLI OK
OTLS OK
OTLZ OK
OTLJ OK
OSIT OK
OSIJ OK
OSIL OK
OSTI OK
OSTZ OK
OSIZ OK
OSTJ OK
OSTL OK
OSZT OK
OSZI OK
OSZJ OK
OSJI OK
OSZL OK
OSJT OK
OSJL OK
OSLI OK
OSLT OK
OSJZ OK
OSLJ OK
OZIT OK
OZIJ OK
OZIL OK
OZTI OK
OZIS OK
OZTJ OK
OZTS OK
OZTL OK
OZSI OK
OZST OK
OZSJ OK
OSLZ OK
OZSL OK
OZJI OK
OZJT OK
OZJL OK
OZLI OK
OZLT OK
OZLJ OK
OJIT OK
OJIS OK
OZLS OK
OZJS OK
OJIL OK
OJIZ OK
OJTI OK
OJTS OK
OJTZ OK
OJTL OK
OJSI OK
OJST OK
OJSL OK
OJZI OK
OJZT OK
OJZL OK
OJLI OK
OJLT OK
OJLS OK
OJLZ OK
OLIT OK
OJSZ OK
OLIS OK
OLIZ OK
OLIJ OK
OLTI OK
OLTS OK
OLTZ OK
OJZS OK
OLTJ OK
OLSI OK
OLST OK
OLSJ OK
OLZI OK
OLZT OK
OLZJ OK
OLJI OK
OLJT OK
OLJS OK
OLJZ OK
TIOS OK
TIOZ OK
TIOJ OK
TIOL OK
OLZS OK
TISO OK
TISJ OK
TISL OK
TISZ OK
TIZO OK
OLSZ OK
TIZJ OK
TIZL OK
TIJO OK
TIZS OK
TIJS OK
TIJL OK
TIJZ OK
TILO OK
TILS OK
TILZ OK
TILJ OK
TOIS OK
TOIZ OK
TOIJ OK
TOIL OK
TOSI OK
TOSJ OK
TOSL OK
TOSZ OK
TOZI OK
TOZJ OK
TOZL OK
TOZS OK
TOJI OK
TOJS OK
TOJZ OK
TOJL OK
TOLI OK
TOLS OK
TOLZ OK
TOLJ OK
TSIO OK
TSIJ OK
TSIL OK
TSOI OK
TSIZ OK
TSOZ OK
TSOJ OK
TSOL OK
TSZJ OK
TSZO OK
TSZL OK
TSZI OK
TSJI OK
TSJO OK
TSJZ OK
TSLI OK
TSJL OK
TSLJ OK
TSLO OK
TSLZ OK
TZIO OK
TZIJ OK
TZIL OK
TZOI OK
TZIS OK
TZOS OK
TZOJ OK
TZOL OK
TZSJ OK
TZSO OK
TZSL OK
TZSI OK
TZJI OK
TZJO OK
TZJS OK
TZJL OK
TZLI OK
TZLO OK
TZLS OK
TZLJ OK
TJIO OK
TJIS OK
TJIZ OK
TJIL OK
TJOI OK
TJOS OK
TJOZ OK
TJOL OK
TJSI OK
TJSO OK
TJSZ OK
TJSL OK
TJZI OK
TJZO OK
TJZS OK
TJZL OK
TJLI OK
TJLO OK
TJLS OK
TJLZ OK
TLIO OK
TLIS OK
TLIZ OK
TLIJ OK
TLOI OK
TLOS OK
TLOZ OK
TLOJ OK
TLSI OK
TLSO OK
TLSZ OK
TLSJ OK
TLZI OK
TLZO OK
TLZS OK
TLZJ OK
TLJI OK
TLJO OK
TLJS OK
TLJZ OK
SIOJ OK
SIOT OK
SIOL OK
SITO OK
SITJ OK
SITZ OK
SIOZ OK
SITL OK
SIZJ OK
SIZL OK
SIZT OK
SIJO OK
SIJT OK
SIZO OK
SIJZ OK
SIJL OK
SILO OK
SILT OK
SILZ OK
SILJ OK
SOIJ OK
SOIT OK
SOIL OK
SOTI OK
SOTZ OK
SOIZ OK
SOTJ OK
SOTL OK
SOZT OK
SOZI OK
SOZJ OK
SOZL OK
SOJI OK
SOJT OK
SOJL OK
SOLI OK
SOLT OK
SOLZ OK
SOLJ OK
STIO OK
SOJZ OK
STIJ OK
STIL OK
STOI OK
STIZ OK
STOZ OK
STOJ OK
STOL OK
STZJ OK
STZO OK
STZL OK
STZI OK
STJI OK
STJO OK
STJZ OK
STJL OK
STLI OK
STLO OK
STLZ OK
STLJ OK
SZIJ OK
SZIO OK
SZIT OK
SZIL OK
SZOJ OK
SZOT OK
SZOI OK
SZOL OK
SZTJ OK
SZTO OK
SZTI OK
SZTL OK
SZJI OK
SZJO OK
SZJT OK
SZJL OK
SZLI OK
SZLO OK
SZLT OK
SZLJ OK
SJIO OK
SJIT OK
SJIZ OK
SJIL OK
SJOI OK
SJOT OK
SJTI OK
SJOL OK
SJTO OK
SJTZ OK
SJTL OK
SJZI OK
SJOZ OK
SJZT OK
SJZL OK
SJLI OK
SJZO OK
SJLO OK
SJLT OK
SLIO OK
SJLZ OK
SLIT OK
SLIZ OK
SLIJ OK
SLOI OK
SLOT OK
SLOJ OK
SLTI OK
SLTO OK
SLTZ OK
SLTJ OK
SLZI OK
SLZO OK
SLZT OK
SLZJ OK
SLJI OK
SLJO OK
SLJT OK
SLJZ OK
ZIOT OK
ZIOJ OK
ZIOL OK
ZITO OK
ZITS OK
SLOZ OK
ZIOS OK
ZITJ OK
ZITL OK
ZISJ OK
ZIST OK
ZISL OK
ZIJO OK
ZISO OK
ZIJT OK
ZIJS OK
ZIJL OK
ZILO OK
ZILT OK
ZILS OK
ZILJ OK
ZOIJ OK
ZOIT OK
ZOIL OK
ZOTI OK
ZOTS OK
ZOTJ OK
ZOTL OK
ZOIS OK
ZOSI OK
ZOST OK
ZOSJ OK
ZOJI OK
ZOSL OK
ZOJT OK
ZOJS OK
ZOLI OK
ZOJL OK
ZOLT OK
ZOLJ OK
ZTIO OK
ZTIJ OK
ZTIL OK
ZTIS OK
ZOLS OK
ZTOI OK
ZTOJ OK
ZTOS OK
ZTOL OK
ZTSJ OK
ZTSI OK
ZTSO OK
ZTSL OK
ZTJI OK
ZTJO OK
ZTJS OK
ZTJL OK
ZTLI OK
ZTLO OK
ZTLJ OK
ZTLS OK
ZSIJ OK
ZSIL OK
ZSIO OK
ZSIT OK
ZSOJ OK
ZSOT OK
ZSOL OK
ZSOI OK
ZSTJ OK
ZSTI OK
ZSTO OK
ZSTL OK
ZSJI OK
ZSJO OK
ZSJT OK
ZSJL OK
ZSLI OK
ZSLO OK
ZSLJ OK
ZSLT OK
ZJIO OK
ZJIT OK
ZJIS OK
ZJIL OK
ZJOI OK
ZJOT OK
ZJOL OK
ZJTI OK
ZJTO OK
ZJTS OK
ZJTL OK
ZJSI OK
ZJSO OK
ZJST OK
ZJLI OK
ZJSL OK
ZJLT OK
ZJLO OK
ZJOS OK
ZLIT OK
ZLIO OK
ZJLS OK
ZLIJ OK
ZLIS OK
ZLOI OK
ZLOJ OK
ZLOT OK
ZLTI OK
ZLTO OK
ZLTS OK
ZLTJ OK
ZLSI OK
ZLOS OK
ZLST OK
ZLSJ OK
ZLSO OK
ZLJI OK
ZLJO OK
ZLJT OK
ZLJS OK
JIOT OK
JIOS OK
JIOZ OK
JIOL OK
JITO OK
JITS OK
JITZ OK
JITL OK
JIST OK
JISL OK
JISO OK
JIZT OK
JIZO OK
JIZL OK
JILO OK
JILT OK
JISZ OK
JILS OK
JILZ OK
JOIT OK
JOIS OK
JOIZ OK
JOIL OK
JOTI OK
JOTS OK
JOTZ OK
JOTL OK
JOSI OK
JOST OK
JOSL OK
JOZI OK
JIZS OK
JOZT OK
JOZL OK
JOLI OK
JOLT OK
JOLS OK
JOLZ OK
JTIO OK
JTIS OK
JTIZ OK
JOSZ OK
JTIL OK
JTOI OK
JTOS OK
JTOZ OK
JTOL OK
JTSI OK
JOZS OK
JTSO OK
JTSZ OK
JTZI OK
JTSL OK
JTZO OK
JTZS OK
JTZL OK
JTLI OK
JTLS OK
JTLO OK
JTLZ OK
JSIT OK
JSIO OK
JSIL OK
JSIZ OK
JSOT OK
JSOI OK
JSOL OK
JSTI OK
JSTO OK
JSTZ OK
JSTL OK
JSZI OK
JSOZ OK
JSZT OK
JSLI OK
JSZO OK
JSZL OK
JSLT OK
JSLO OK
JSLZ OK
JZIT OK
JZIO OK
JZIS OK
JZIL OK
JZOI OK
JZOT OK
JZOL OK
JZTI OK
JZTO OK
JZTS OK
JZTL OK
JZSI OK
JZST OK
JZSL OK
JZLI OK
JZSO OK
JZLO OK
JZLT OK
JLIO OK
JZLS OK
JZOS OK
JLIT OK
JLIZ OK
JLIS OK
JLOI OK
JLOT OK
JLOS OK
JLOZ OK
JLTI OK
JLTO OK
JLTZ OK
JLTS OK
JLSI OK
JLST OK
JLSO OK
JLSZ OK
JLZI OK
JLZO OK
JLZT OK
LIOT OK
LIOS OK
LIOZ OK
LIOJ OK
LITO OK
LITS OK
LITZ OK
LITJ OK
LIST OK
JLZS OK
LISJ OK
LISO OK
LISZ OK
LIZT OK
LIZJ OK
LIZO OK
LIJO OK
LIJT OK
LIJS OK
LIJZ OK
LOIT OK
LOIS OK
LOIZ OK
LOIJ OK
LOTI OK
LOTS OK
LOTZ OK
LOTJ OK
LOSI OK
LOST OK
LOSJ OK
LOZI OK
LOZT OK
LIZS OK
LOZJ OK
LOJI OK
LOJT OK
LOJS OK
LOJZ OK
LTIO OK
LTIS OK
LTIZ OK
LTIJ OK
LTOI OK
LOZS OK
LTOS OK
LTOZ OK
LTOJ OK
LTSI OK
LTSO OK
LTSZ OK
LTSJ OK
LTZI OK
LTZO OK
LTZS OK
LOSZ OK
LTJI OK
LTZJ OK
LTJO OK
LTJS OK
LTJZ OK
LSIT OK
LSIO OK
LSIZ OK
LSIJ OK
LSOI OK
LSOT OK
LSTI OK
LSOJ OK
LSTO OK
LSTZ OK
LSTJ OK
LSZI OK
LSZT OK
LSZJ OK
LSJI OK
LSZO OK
LSJO OK
LSJT OK
LSJZ OK
LZIO OK
LZIT OK
LZIS OK
LZIJ OK
LZOT OK
LZOI OK
LZOJ OK
LZTI OK
LZTO OK
LZTS OK
LSOZ OK
LZTJ OK
LZOS OK
LZST OK
LZSI OK
LZSJ OK
LZJI OK
LZSO OK
LZJO OK
LZJT OK
LJIO OK
LZJS OK
LJIT OK
LJIS OK
LJIZ OK
LJOI OK
LJOT OK
LJOS OK
LJOZ OK
LJTI OK
LJTS OK
LJTO OK
LJTZ OK
LJSI OK
LJSO OK
LJST OK
LJZI OK
LJZO OK
LJZT OK
LJZS OK
LJSZ OK
