IOTL OK
IOTJ OK
IOTS OK
IOTZ OK
IOST OK
IOSZ OK
IOSJ OK
IOSL OK
IOZT OK
IOZS OK
IOZJ OK
IOZL OK
IOJT OK
IOJL OK
IOJS OK
IOLT OK
IOJZ OK
IOLS OK
ITOS OK
IOLJ OK
IOLZ OK
ITOZ OK
ITOJ OK
ITOL OK
ITSO OK
ITSZ OK
ITSL OK
ITSJ OK
ITZO OK
ITZS OK
ITZJ OK
ITZL OK
ITJO OK
ITJS OK
ITJZ OK
ITJL OK
ITLO OK
ITLJ OK
ITLS OK
ITLZ OK
ISOT OK
ISOZ OK
ISOJ OK
ISOL OK
ISTO OK
ISTZ OK
ISTJ OK
ISTL OK
ISZO OK
ISZT OK
ISZJ OK
ISJT OK
ISJO OK
ISZL OK
ISJZ OK
ISJL OK
ISLT OK
ISLO OK
ISLJ OK
IZOT OK
IZOS OK
IZOJ OK
ISLZ OK
IZTO OK
IZOL OK
IZTS OK
IZTJ OK
IZTL OK
IZST OK
IZSO OK
IZSL OK
IZSJ OK
IZJT OK
IZJO OK
IZJL OK
IZLT OK
IZJS OK
IZLO OK
IZLJ OK
IZLS OK
IJOT OK
IJOL OK
IJOS OK
IJTO OK
IJOZ OK
IJTS OK
IJTZ OK
IJTL OK
IJST OK
IJSL OK
IJSO OK
IJZT OK
IJZO OK
IJZL OK
IJLO OK
IJLT OK
IJLS OK
IJLZ OK
ILOT OK
ILOS OK
ILOZ OK
ILOJ OK
ILTO OK
ILTS OK
ILTZ OK
ILTJ OK
ILST OK
IJZS OK
ILSJ OK
ILSO OK
ILZT OK
ILSZ OK
ILZJ OK
ILJO OK
ILJT OK
ILZO OK
ILJS OK
ILJZ OK
OITS OK
OITZ OK
OITJ OK
OITL OK
OIST OK
OISZ OK
OISJ OK
OISL OK
OIZT OK
OIZS OK
OIZJ OK
OIZL OK
OIJT OK
OIJS OK
OIJZ OK
OIJL OK
IJSZ OK
OILT OK
ILZS OK
OILS OK
OILJ OK
OTIS OK
OILZ OK
OTIZ OK
OTIL OK
OTIJ OK
OTSI OK
OTSJ OK
OTSL OK
OTZI OK
OTZJ OK
OTZL OK
OTSZ OK
OTJI OK
OTJS OK
OTJZ OK
OTZS OK
OTJL OK
OTLI OK
OTLJ OK
OTLZ OK
OTLS OK
OSIT OK
OSIZ OK
OSIJ OK
OSIL OK
OSTI OK
OSTJ OK
OSZI OK
OSTL OK
OSTZ OK
OSZT OK
OSJI OK
OSJT OK
OSJL OK
OSZJ OK
OSLI OK
OSLT OK
OSLJ OK
OSJZ OK
OZIT OK
OZIS OK
OSZL OK
OZIJ OK
OZIL OK
OZTI OK
OZTS OK
OZTJ OK
OZTL OK
OZSI OK
OZST OK
OZJI OK
OZJT OK
OSLZ OK
OZJL OK
OZSL OK
OZLI OK
OZLT OK
OZLJ OK
OZSJ OK
OJIT OK
OJIS OK
OJIZ OK
OJIL OK
OZLS OK
OJTI OK
OJTL OK
OZJS OK
OJTS OK
OJTZ OK
OJSI OK
OJST OK
OJSL OK
OJZI OK
OJZT OK
OJZL OK
OJLI OK
OJLT OK
OJLS OK
OJLZ OK
OLIT OK
OLIS OK
OLIZ OK
OLIJ OK
OLTI OK
OLTS OK
OLTZ OK
OLTJ OK
OLSI OK
OLST OK
OJSZ OK
OLSJ OK
OLZI OK
OLZT OK
OLZJ OK
OLJI OK
OLJT OK
OLJS OK
OLJZ OK
TIOS OK
TIOZ OK
TIOJ OK
TIOL OK
OLSZ OK
TISO OK
TISZ OK
TISJ OK
TISL OK
TIZO OK
TIZS OK
TIZJ OK
TIZL OK
TIJO OK
TIJS OK
TIJZ OK
TIJL OK
TILO OK
TILS OK
TILZ OK
TILJ OK
TOIS OK
TOIZ OK
TOIJ OK
TOIL OK
TOSI OK
TOSJ OK
TOSL OK
TOSZ OK
TOZI OK
TOZJ OK
TOZL OK
TOZS OK
TOJI OK
TOJS OK
TOJZ OK
TOJL OK
TOLI OK
TOLS OK
TOLZ OK
TOLJ OK
TSIO OK
TSIZ OK
TSIJ OK
TSIL OK
TSOI OK
TSOJ OK
TSOZ OK
TSOL OK
TSZI OK
OJZS CAP
TSZJ OK
TSJI OK
TSZL OK
TSJO OK
TSZO OK
TSJZ OK
TSJL OK
TSLI OK
TSLO OK
TSLJ OK
TSLZ OK
TZIO OK
TZIS OK
OLZS OK
TZIJ OK
TZIL OK
TZOI OK
TZOS OK
TZOJ OK
TZOL OK
TZSI OK
TZJI OK
TZSJ OK
TZSL OK
TZJO OK
TZJL OK
TZLI OK
TZJS OK
TZLO OK
TZSO OK
TZLJ OK
TZLS OK
TJIS OK
TJIO OK
TJIZ OK
TJIL OK
TJOI OK
TJOS OK
TJOL OK
TJSI OK
TJOZ OK
TJSL OK
TJSO OK
TJZI OK
TJSZ OK
TJZO OK
TJZL OK
TJLI OK
TJLO OK
TJLS OK
TJLZ OK
TJZS OK
TLIO OK
TLIS OK
TLIZ OK
TLIJ OK
TLOI OK
TLOJ OK
TLSI OK
TLOS OK
TLOZ OK
TLSO OK
TLSJ OK
TLZI OK
TLSZ OK
TLZO OK
TLZJ OK
TLZS OK
TLJI OK
TLJO OK
TLJS OK
TLJZ OK
SIOT OK
SIOZ OK
SIOJ OK
SITO OK
SIOL OK
SITZ OK
SITJ OK
SITL OK
SIZO OK
SIZT OK
SIZJ OK
SIZL OK
SIJO OK
SIJT OK
SIJZ OK
SIJL OK
SILT OK
SILO OK
SILJ OK
SOIT OK
SOIZ OK
SILZ OK
SOIJ OK
SOTI OK
SOIL OK
SOTJ OK
SOZI OK
SOTL OK
SOTZ OK
SOZT OK
SOJI OK
SOJT OK
SOJL OK
SOZJ OK
SOLI OK
SOLT OK
SOLJ OK
SOJZ OK
STIO OK
STIZ OK
SOZL OK
STIJ OK
STIL OK
STOI OK
STOJ OK
STOL OK
STZI OK
STOZ OK
STZJ OK
STZL OK
STJI OK
STZO OK
STJO OK
SOLZ OK
STJL OK
STLI OK
STLO OK
STJZ OK
STLJ OK
SZIO OK
SZIT OK
SZIJ OK
SZIL OK
STLZ OK
SZOI OK
SZOT OK
SZTI OK
SZTO OK
SZTJ OK
SZTL OK
SZJI OK
SZOJ OK
SZOL OK
SZJL OK
SZLI OK
SZJT OK
SZLJ OK
SZJO OK
SZLT OK
SJIO OK
SJIT OK
SJIL OK
SZLO OK
SJOI OK
SJIZ OK
SJOL OK
SJTI OK
SJTO OK
SJOT OK
SJTL OK
SJTZ OK
SJZI OK
SJZL OK
SJLI OK
SJOZ OK
SJZT OK
SJZO OK
SJLT OK
SJLO OK
SJLZ OK
SLIO OK
SLIT OK
SLIJ OK
SLOI OK
SLIZ OK
SLOJ OK
SLOT OK
SLTI OK
SLTO OK
SLTJ OK
SLZI OK
SLTZ OK
SLZJ OK
SLJI OK
SLZT OK
SLZO OK
SLJO OK
SLJT OK
ZIOT OK
SLJZ OK
ZIOS OK
ZIOJ OK
ZIOL OK
ZITO OK
ZITS OK
ZITJ OK
ZITL OK
ZIST OK
ZISO OK
ZISJ OK
ZISL OK
ZIJT OK
ZIJO OK
ZIJL OK
ZIJS OK
ZILO OK
ZILT OK
ZILJ OK
ZOIT OK
ZILS OK
ZOIS OK
ZOIJ OK
ZOIL OK
ZOTI OK
ZOTJ OK
ZOTS OK
ZOTL OK
ZOSI OK
ZOST OK
ZOJI OK
ZOJT OK
ZOSL OK
ZOJL OK
ZOLI OK
ZOSJ OK
ZOLT OK
ZOLJ OK
ZTIO OK
ZTIS OK
ZTIJ OK
ZOJS OK
SLOZ OK
ZTIL OK
ZTOI OK
ZOLS OK
ZTOS OK
ZTSI OK
ZTOJ OK
ZTOL OK
ZTSL OK
ZTJI OK
ZTSJ OK
ZTJO OK
ZTJL OK
ZTSO OK
ZTJS OK
ZTLI OK
ZTLO OK
ZTLJ OK
ZTLS OK
ZSIO OK
ZSIT OK
ZSIJ OK
ZSIL OK
ZSOI OK
ZSOT OK
ZSTI OK
ZSTO OK
ZSTJ OK
ZSTL OK
ZSJI OK
ZSOJ OK
ZSOL OK
ZSJL OK
ZSLI OK
ZSJT OK
ZSJO OK
ZSLJ OK
ZSLT OK
ZJIT OK
ZSLO OK
ZJIO OK
ZJIL OK
ZJOT OK
ZJIS OK
ZJOI OK
ZJOL OK
ZJTI OK
ZJTO OK
ZJTL OK
ZJSI OK
ZJTS OK
ZJSL OK
ZJST OK
ZJSO OK
ZJLI OK
ZJLO OK
ZJLT OK
ZJLS OK
ZLIT OK
ZLIO OK
ZLIJ OK
ZLIS OK
ZLOT OK
ZJOS OK
ZLOI OK
ZLOJ OK
ZLTI OK
ZLTO OK
ZLTJ OK
ZLTS OK
ZLSI OK
ZLSJ OK
ZLST OK
ZLJI OK
ZLOS OK
ZLJO OK
ZLSO OK
ZLJT OK
ZLJS OK
JIOT OK
JIOL OK
JITO OK
JIOS OK
JIOZ OK
JITS OK
JITZ OK
JITL OK
JIST OK
JISL OK
JISO OK
JIZT OK
JIZO OK
JIZL OK
JILO OK
JILT OK
JILS OK
JILZ OK
JOIT OK
JOIS OK
JOIL OK
JOIZ OK
JOTI OK
JOTS OK
JOTZ OK
JOTL OK
JOSI OK
JOST OK
JOSL OK
JOZI OK
JOZT OK
JIZS OK
JOZL OK
JOLI OK
JOLT OK
JOLS OK
JOLZ OK
JTIO OK
JTIS OK
JTIZ OK
JTIL OK
JOSZ OK
JTOI OK
JTOS OK
JTOZ OK
JTOL OK
JTSI OK
JTSO OK
JTSZ OK
JTSL OK
JTZI OK
JTZO OK
JTZL OK
JTZS OK
JTLI OK
JTLO OK
JTLS OK
JTLZ OK
JSIO OK
JSIT OK
JSIL OK
JSIZ OK
JSOI OK
JSOT OK
JSOL OK
JSTI OK
JISZ OK
JSTO OK
JSTL OK
JSTZ OK
JSZI OK
JSOZ OK
JSZL OK
JSLI OK
JSLO OK
JSZT OK
JSLT OK
JSZO OK
JSLZ OK
JZIT OK
JZIO OK
JZIL OK
JZIS OK
JZOT OK
JZOI OK
JZOL OK
JZTI OK
JZTO OK
JZTL OK
JOZS CAP
JZSI OK
JZTS OK
JZSL OK
JZLI OK
JZST OK
JZLO OK
JZSO OK
JZLT OK
JZLS OK
JLIO OK
JLIT OK
JLIS OK
JLOI OK
JLIZ OK
JLOT OK
JLOS OK
JLOZ OK
JLTI OK
JLTO OK
JLTS OK
JLTZ OK
JLSI OK
JLST OK
JLSO OK
JLZI OK
JLZO OK
JLZT OK
JLZS OK
LIOT OK
JLSZ OK
LIOS OK
LIOJ OK
LIOZ OK
LITO OK
LITS OK
LITJ OK
LITZ OK
LIST OK
LISJ OK
LISO OK
LIZT OK
LIZO OK
LIZJ OK
LIJO OK
LIJT OK
LIJS OK
LIJZ OK
LOIT OK
LOIS OK
LOIZ OK
LISZ OK
LOIJ OK
LOTI OK
LOTS OK
LOTZ OK
LOTJ OK
LOSI OK
LOST OK
LOSJ OK
LIZS OK
JZOS CAP
LOZI OK
LOZT OK
LOZJ OK
LOJI OK
LOJT OK
LOJS OK
LOJZ OK
LTIO OK
LTIS OK
LTIZ OK
LTIJ OK
LTOI OK
LTOS OK
LTOZ OK
LTOJ OK
LTSI OK
LTSO OK
LTSZ OK
LTSJ OK
LTZO OK
LTZI OK
LTZJ OK
LOSZ OK
LTJI OK
LTJO OK
LTJS OK
LTZS OK
LTJZ OK
LSIO OK
LSIT OK
LSIJ OK
LSOI OK
LSIZ OK
LSOT OK
LSOJ OK
LSTI OK
LSTO OK
LSTJ OK
LSTZ OK
LSZI OK
LSZO OK
LSZJ OK
LSJI OK
LSZT OK
LSJT OK
LSJO OK
LSJZ OK
LZIO OK
LZIT OK
LZIJ OK
LZIS OK
LZOT OK
LZOI OK
LZOJ OK
LZTI OK
LZTO OK
LZTS OK
LZTJ OK
LZSI OK
LZOS OK
LOZS CAP
LZSJ OK
LZJI OK
LZJO OK
LZST OK
LZSO OK
LZJT OK
LZJS OK
LJIT OK
LJIO OK
LJIS OK
LJIZ OK
LJOI OK
LJOT OK
LJOS OK
LJTI OK
LJOZ OK
LJTO OK
LJTS OK
LJTZ OK
LJST OK
LJSI OK
LJSO OK
LJZI OK
LJZT OK
LJZO OK
LJZS OK
LJSZ OK
LSOZ CAP
