IOTZ OK
IOTS OK
IOTL OK
IOTJ OK
IOST OK
IOSJ OK
IOSZ OK
IOSL OK
IOZT OK
IOZJ OK
IOZS OK
IOZL OK
IOJT OK
IOLT OK
IOJL OK
IOJS OK
IOJZ OK
IOLS OK
IOLJ OK
ITOS OK
IOLZ OK
ITOZ OK
ITOJ OK
ITOL OK
ITSO OK
ITSZ OK
ITSL OK
ITSJ OK
ITZO OK
ITZL OK
ITZS OK
ITJO OK
ITZJ OK
ITJZ OK
ITJL OK
ITJS OK
ITLO OK
ITLS OK
ITLJ OK
ISOT OK
ITLZ OK
ISOZ OK
ISTO OK
ISOL OK
ISOJ OK
ISTZ OK
ISTJ OK
ISTL OK
ISZO OK
ISZJ OK
ISZT OK
ISJT OK
ISJO OK
ISZL OK
ISJZ OK
ISJL OK
ISLO OK
ISLT OK
IZOT OK
ISLJ OK
IZOS OK
ISLZ OK
IZOJ OK
IZOL OK
IZTO OK
IZTS OK
IZTJ OK
IZTL OK
IZST OK
IZSJ OK
IZSL OK
IZSO OK
IZJT OK
IZJO OK
IZJL OK
IZJS OK
IZLO OK
IZLT OK
IZLS OK
IZLJ OK
IJOT OK
IJOL OK
IJOS OK
IJTO OK
IJTS OK
IJOZ OK
IJTZ OK
IJTL OK
IJST OK
IJSL OK
IJSO OK
IJZT OK
IJZO OK
IJZL OK
IJLO OK
IJLT OK
IJLS OK
IJLZ OK
ILOT OK
ILOS OK
ILOZ OK
ILOJ OK
ILTO OK
ILTS OK
ILTZ OK
ILTJ OK
ILST OK
IJZS OK
IJSZ OK
ILSJ OK
ILZT OK
ILSO OK
ILZJ OK
ILJO OK
ILJT OK
ILSZ OK
ILJS OK
ILZO OK
ILJZ OK
OITS OK
OITJ OK
OITL OK
OITZ OK
OIST OK
OISZ OK
OISJ OK
OIZT OK
OIZS OK
OISL OK
OIZJ OK
ILZS OK
OIZL OK
OIJT OK
OIJL OK
OILT OK
OIJS OK
OIJZ OK
OILJ OK
OTIS OK
OILZ OK
OILS OK
OTIJ OK
OTIZ OK
OTIL OK
OTSI OK
OTSJ OK
OTSL OK
OTZI OK
OTZL OK
OTZJ OK
OTSZ OK
OTJI OK
OTZS OK
OTJS OK
OTJL OK
OTJZ OK
OTLI OK
OTLS OK
OTLJ OK
OTLZ OK
OSIT OK
OSIZ OK
OSTI OK
OSIJ OK
OSIL OK
OSTZ OK
OSZI OK
OSTJ OK
OSTL OK
OSZT OK
OSJI OK
OSJT OK
OSZJ OK
OSJL OK
OSJZ OK
OSLI OK
OSLT OK
OSZL OK
OSLJ OK
OZIS OK
OZIJ OK
OZIT OK
OZTI OK
OZTS OK
OZIL OK
OZTJ OK
OZTL OK
OZSI OK
OZST OK
OZJI OK
OZJT OK
OZSL OK
OZJL OK
OSLZ OK
OZLI OK
OZLT OK
OZSJ OK
OZLJ OK
OJIT OK
OJIS OK
OJIZ OK
OJIL OK
OJTI OK
OZLS OK
OZJS OK
OJTS OK
OJTL OK
OJTZ OK
OJSI OK
OJST OK
OJZI OK
OJSL OK
OJZT OK
OJZL OK
OJLI OK
OJLS OK
OJLT OK
OJLZ OK
OLIT OK
OLIS OK
OLIZ OK
OLIJ OK
OLTI OK
OLTS OK
OLTZ OK
OLTJ OK
OLSI OK
OLST OK
OJSZ OK
OLSJ OK
OLZI OK
OLZT OK
OLZJ OK
OLJI OK
OLJT OK
OLJS OK
OLSZ OK
OLJZ OK
TIOS OK
TIOZ OK
TIOL OK
TIOJ OK
TISZ OK
TISO OK
TISJ OK
TISL OK
TIZO OK
TIZS OK
TIZL OK
TIZJ OK
TIJO OK
TIJS OK
TIJL OK
TIJZ OK
TILO OK
TILS OK
TILZ OK
TILJ OK
TOIS OK
TOIZ OK
TOIJ OK
TOIL OK
TOSI OK
TOSJ OK
TOSZ OK
TOSL OK
TOZI OK
TOZS OK
TOZJ OK
TOZL OK
TOJI OK
TOJS OK
TOJZ OK
TOJL OK
TOLI OK
TOLS OK
TOLZ OK
TOLJ OK
TSIO OK
TSIZ OK
TSIJ OK
TSIL OK
TSOI OK
TSOJ OK
TSOZ OK
TSOL OK
TSZI OK
TSZJ OK
OJZS CAP
TSZL OK
TSJI OK
TSZO OK
TSJZ OK
TSJO OK
TSLO OK
TSLI OK
TSJL OK
TSLZ OK
TSLJ OK
TZIO OK
TZIL OK
TZIS OK
TZIJ OK
TZOI OK
TZOJ OK
TZOS OK
TZSI OK
TZOL OK
TZSO OK
TZJI OK
TZSJ OK
TZSL OK
TZJO OK
TZJL OK
TZJS OK
TZLI OK
TZLO OK
TZLS OK
TJIO OK
TZLJ OK
TJIZ OK
TJIS OK
TJIL OK
TJOI OK
TJOZ OK
OLZS CAP
TJOS OK
TJOL OK
TJSI OK
TJZI OK
TJSL OK
TJSO OK
TJZS OK
TJZO OK
TJSZ OK
TJZL OK
TJLO OK
TJLS OK
TJLZ OK
TJLI OK
TLIZ OK
TLIS OK
TLIO OK
TLIJ OK
TLOI OK
TLOS OK
TLOJ OK
TLOZ OK
TLSI OK
TLZI OK
TLSZ OK
TLSJ OK
TLSO OK
TLZJ OK
TLZO OK
TLJI OK
TLZS OK
TLJZ OK
SIOT OK
TLJO OK
TLJS OK
SIOJ OK
SIOL OK
SITO OK
SIOZ OK
SITZ OK
SITJ OK
SITL OK
SIZT OK
SIZO OK
SIZJ OK
SIJT OK
SIZL OK
SIJO OK
SIJL OK
SIJZ OK
SILT OK
SILO OK
SILJ OK
SOIT OK
SOIZ OK
SILZ OK
SOIJ OK
SOTI OK
SOIL OK
SOTJ OK
SOTZ OK
SOZI OK
SOTL OK
SOZT OK
SOJI OK
SOJT OK
SOZJ OK
SOJL OK
SOLI OK
SOLT OK
SOLJ OK
SOJZ OK
STIO OK
SOZL OK
STIZ OK
STIL OK
STIJ OK
STOI OK
STOJ OK
STOL OK
STZI OK
STOZ OK
STZJ OK
STZL OK
STZO OK
STJI OK
STJL OK
STJO OK
STLI OK
SOLZ OK
STLO OK
STJZ OK
STLJ OK
SZIO OK
SZIT OK
STLZ OK
SZIJ OK
SZIL OK
SZOT OK
SZOI OK
SZTI OK
SZTJ OK
SZTO OK
SZTL OK
SZJI OK
SZJT OK
SZOJ OK
SZJL OK
SZOL OK
SZLI OK
SZLT OK
SZLJ OK
SZJO OK
SJIO OK
SJIT OK
SJIL OK
SZLO OK
SJIZ OK
SJOI OK
SJTI OK
SJOL OK
SJOT OK
SJTO OK
SJTL OK
SJTZ OK
SJZI OK
SJZT OK
SJZL OK
SJLI OK
SJLO OK
SJLT OK
SJLZ OK
SJZO OK
SLIO OK
SJOZ OK
SLIT OK
SLIJ OK
SLOI OK
SLIZ OK
SLOJ OK
SLTI OK
SLTO OK
SLOT OK
SLTZ OK
SLTJ OK
SLZI OK
SLZJ OK
SLJI OK
SLZO OK
SLZT OK
SLJO OK
SLJT OK
ZIOT OK
SLJZ OK
ZIOS OK
ZIOL OK
ZIOJ OK
ZITO OK
ZITS OK
ZITJ OK
ZITL OK
ZIST OK
ZISO OK
ZISL OK
ZISJ OK
ZIJT OK
ZIJO OK
ZIJL OK
ZIJS OK
ZILO OK
ZILT OK
ZILJ OK
ZOIT OK
ZILS OK
ZOIS OK
ZOIL OK
ZOIJ OK
ZOTI OK
ZOTS OK
ZOTJ OK
ZOST OK
ZOTL OK
ZOSI OK
ZOJI OK
ZOJT OK
ZOSL OK
ZOJL OK
ZOLI OK
ZOLT OK
ZOSJ OK
ZOLJ OK
ZTIO OK
ZTIS OK
ZOLS OK
ZTIJ OK
ZOJS OK
ZTIL OK
ZTOI OK
ZTOS OK
ZTOJ OK
ZTOL OK
SLOZ OK
ZTSI OK
ZTSJ OK
ZTSL OK
ZTJI OK
ZTJO OK
ZTJS OK
ZTJL OK
ZTLI OK
ZTSO OK
ZTLO OK
ZTLJ OK
ZSIO OK
ZTLS OK
ZSIJ OK
ZSIT OK
ZSOI OK
ZSIL OK
ZSOT OK
ZSTI OK
ZSTO OK
ZSTJ OK
ZSJI OK
ZSTL OK
ZSOJ OK
ZSJT OK
ZSJL OK
ZSOL OK
ZSLI OK
ZSLT OK
ZSJO OK
ZSLJ OK
ZJIT OK
ZJIO OK
ZJIL OK
ZSLO OK
ZJIS OK
ZJOT OK
ZJOL OK
ZJOI OK
ZJTO OK
ZJTS OK
ZJTI OK
ZJTL OK
ZJSI OK
ZJSL OK
ZJLI OK
ZJST OK
ZJLO OK
ZJSO OK
ZJLS OK
ZJLT OK
ZLIT OK
ZLIO OK
ZLIJ OK
ZLIS OK
ZLOI OK
ZLOT OK
ZLOJ OK
ZLTI OK
ZLTO OK
ZLTJ OK
ZLTS OK
ZJOS OK
ZLSI OK
ZLST OK
ZLSJ OK
ZLJO OK
ZLJI OK
ZLOS OK
ZLJT OK
JIOT OK
ZLJS OK
ZLSO OK
JIOL OK
JITO OK
JIOS OK
JITS OK
JIOZ OK
JITZ OK
JITL OK
JIST OK
JISL OK
JISO OK
JIZT OK
JIZO OK
JIZL OK
JILT OK
JILO OK
JILS OK
JILZ OK
JOIT OK
JOIS OK
JOIL OK
JOIZ OK
JOTI OK
JOTS OK
JOTZ OK
JOTL OK
JOSI OK
JOST OK
JOSL OK
JOZI OK
JOZT OK
JIZS OK
JISZ OK
JOZL OK
JOLT OK
JOLI OK
JOLS OK
JOLZ OK
JTIO OK
JTIS OK
JTIL OK
JTIZ OK
JOSZ OK
JTOI OK
JTOS OK
JTSI OK
JTOL OK
JTOZ OK
JTSO OK
JTSL OK
JTSZ OK
JTZI OK
JTZO OK
JTZS OK
JTZL OK
JTLI OK
JTLO OK
JTLS OK
JTLZ OK
JSIT OK
JSIO OK
JSIL OK
JSOI OK
JSIZ OK
JSOT OK
JSTI OK
JSOL OK
JSTO OK
JSTZ OK
JSTL OK
JSZI OK
JSZT OK
JSZL OK
JSOZ OK
JSLI OK
JSLO OK
JSLT OK
JSZO OK
JSLZ OK
JZIT OK
JZIO OK
JZIL OK
JZIS OK
JZOI OK
JZOT OK
JZTI OK
JZOL OK
JZTO OK
JZTS OK
JZTL OK
JZSI OK
JZST OK
JZSL OK
JZSO OK
JZLI OK
JZLO OK
JZLT OK
JZLS OK
JLIO OK
JLIT OK
JLIS OK
JLIZ OK
JLOI OK
JLOT OK
JLOS OK
JOZS CAP
JLTI OK
JLTO OK
JLOZ OK
JLTS OK
JLTZ OK
JLSI OK
JLST OK
JLSO OK
JLZI OK
JLZT OK
JLZO OK
JLZS OK
LIOT OK
JZOS OK
LIOS OK
LIOJ OK
JLSZ OK
LIOZ OK
LITO OK
LITZ OK
LITJ OK
LITS OK
LIST OK
LISJ OK
LIZT OK
LISO OK
LIZO OK
LIZJ OK
LIJO OK
LIJS OK
LIJT OK
LIJZ OK
LOIT OK
LOIS OK
LOIZ OK
LOIJ OK
LOTS OK
LOTI OK
LOTZ OK
LOTJ OK
LOSI OK
LOST OK
LOSJ OK
LISZ OK
LIZS OK
LOZI OK
LOZT OK
LOZJ OK
LOJI OK
LOJT OK
LOJS OK
LOJZ OK
LTIO OK
LTIS OK
LTIZ OK
LTIJ OK
LTOI OK
LTOZ OK
LTOS OK
LTOJ OK
LTSI OK
LTSO OK
LTSJ OK
LTSZ OK
LTZI OK
LTZO OK
LTZJ OK
LTJI OK
LTZS OK
LOSZ OK
LTJO OK
LTJS OK
LSIO OK
LTJZ OK
LSIT OK
LSIJ OK
LSOI OK
LSIZ OK
LSOJ OK
LSOT OK
LSTI OK
LSTO OK
LSTJ OK
LSTZ OK
LSZI OK
LSZT OK
LSZO OK
LSZJ OK
LSJI OK
LSJT OK
LSJO OK
LSJZ OK
LZIO OK
LZIT OK
LZIJ OK
LZIS OK
LZOT OK
LZOI OK
LZOJ OK
LZTI OK
LZTO OK
LZTS OK
LZTJ OK
LOZS CAP
LZSI OK
LZOS OK
LZSJ OK
LZJI OK
LZST OK
LZJO OK
LZJT OK
LZJS OK
LZSO OK
LJIO OK
LJIT OK
LJIS OK
LJIZ OK
LJOT OK
LJOI OK
LJTI OK
LJOS OK
LJOZ OK
LJTO OK
LJTS OK
LJTZ OK
LJSI OK
LJSO OK
LJST OK
LJSZ OK
LJZI OK
LJZO OK
LJZT OK
LJZS OK
LSOZ CAP
