IOTL OK
IOTS OK
IOTJ OK
IOTZ OK
IOST OK
IOSZ OK
IOSJ OK
IOSL OK
IOZT OK
IOZS OK
IOZJ OK
IOZL OK
IOJT OK
IOJL OK
IOLT OK
IOJS OK
IOJZ OK
IOLS OK
IOLJ OK
ITOS OK
IOLZ OK
ITOJ OK
ITOZ OK
ITOL OK
ITSO OK
ITSZ OK
ITSJ OK
ITSL OK
ITZO OK
ITZS OK
ITZJ OK
ITZL OK
ITJO OK
ITJS OK
ITJL OK
ITJZ OK
ITLO OK
ITLS OK
ITLJ OK
ITLZ OK
ISOT OK
ISOZ OK
ISOL OK
ISOJ OK
ISTO OK
ISTZ OK
ISTJ OK
ISTL OK
ISZO OK
ISZT OK
ISZJ OK
ISJO OK
ISZL OK
ISJT OK
ISJL OK
ISLO OK
ISJZ OK
ISLT OK
ISLJ OK
IZOT OK
IZOS OK
ISLZ OK
IZOJ OK
IZOL OK
IZTO OK
IZTS OK
IZTJ OK
IZTL OK
IZST OK
IZSO OK
IZSJ OK
IZJT OK
IZSL OK
IZJO OK
IZJL OK
IZJS OK
IZLT OK
IZLO OK
IZLJ OK
IJOT OK
IZLS OK
IJOL OK
IJTO OK
IJOS OK
IJOZ OK
IJTS OK
IJTL OK
IJTZ OK
IJST OK
IJSL OK
IJSO OK
IJZT OK
IJZO OK
IJZL OK
IJLO OK
IJLT OK
IJLS OK
IJLZ OK
ILOT OK
ILOS OK
ILOZ OK
ILOJ OK
ILTO OK
ILTS OK
ILTZ OK
ILTJ OK
ILST OK
IJZS OK
ILSJ OK
ILSO OK
ILZT OK
ILSZ OK
ILZJ OK
ILJO OK
ILJT OK
ILJS OK
ILZO OK
ILJZ OK
OITS OK
OITZ OK
OITJ OK
OITL OK
OIST OK
OISZ OK
OISJ OK
OISL OK
OIZT OK
ILZS OK
OIZS OK
OIZJ OK
OIZL OK
IJSZ OK
OIJT OK
OIJL OK
OIJS OK
OILT OK
OIJZ OK
OILS OK
OILJ OK
OTIS OK
OILZ OK
OTIJ OK
OTIZ OK
OTIL OK
OTSI OK
OTSJ OK
OTSL OK
OTZI OK
OTZJ OK
OTZL OK
OTSZ OK
OTJI OK
OTJS OK
OTZS OK
OTJL OK
OTJZ OK
OTLI OK
OTLJ OK
OTLS OK
OTLZ OK
OSIT OK
OSIZ OK
OSIJ OK
OSIL OK
OSTI OK
OSTJ OK
OSZI OK
OSTL OK
OSTZ OK
OSZT OK
OSJI OK
OSJT OK
OSZJ OK
OSZL OK
OSJL OK
OSLI OK
OSLT OK
OSLJ OK
OZIT OK
OZIS OK
OZIJ OK
OZIL OK
OZTI OK
OSJZ OK
OZTS OK
OZTJ OK
OZTL OK
OZSI OK
OZST OK
OSLZ OK
OZJI OK
OZJT OK
OZJL OK
OZLI OK
OZSL OK
OZLT OK
OZLJ OK
OZSJ OK
OJIT OK
OJIS OK
OZLS OK
OJIL OK
OJIZ OK
OJTI OK
OZJS OK
OJTZ OK
OJTS OK
OJTL OK
OJSI OK
OJSL OK
OJST OK
OJZI OK
OJZT OK
OJZL OK
OJLI OK
OJLT OK
OJLS OK
OJLZ OK
OLIT OK
OLIS OK
OLIZ OK
OLIJ OK
OLTI OK
OLTS OK
OLTZ OK
OLTJ OK
OLSI OK
OJSZ OK
OLST OK
OLSJ OK
OLZI OK
OLZT OK
OLZJ OK
OLJI OK
OLJT OK
OLJS OK
OLJZ OK
OLSZ OK
TIOS OK
TIOZ OK
TIOJ OK
TIOL OK
TISO OK
TISZ OK
TISJ OK
TISL OK
TIZO OK
TIZS OK
TIZJ OK
TIZL OK
TIJO OK
TIJS OK
TIJZ OK
TIJL OK
TILO OK
TILS OK
TILZ OK
TILJ OK
TOIS OK
TOIZ OK
TOIJ OK
TOIL OK
TOSI OK
TOSJ OK
TOSL OK
OJZS OK
TOSZ OK
TOZI OK
TOZJ OK
TOZL OK
TOJI OK
TOJS OK
TOJZ OK
TOZS OK
TOJL OK
TOLI OK
TOLS OK
TOLZ OK
TOLJ OK
TSIO OK
TSIZ OK
TSIJ OK
TSIL OK
TSOI OK
TSOJ OK
TSOL OK
TSZI OK
TSOZ OK
TSZJ OK
TSZL OK
TSJI OK
OLZS OK
TSJO OK
TSJL OK
TSZO OK
TSJZ OK
TSLI OK
TSLJ OK
TSLO OK
TZIO OK
TSLZ OK
TZIS OK
TZIJ OK
TZIL OK
TZOI OK
TZOS OK
TZOJ OK
TZSI OK
TZOL OK
TZSJ OK
TZJI OK
TZSL OK
TZJO OK
TZJL OK
TZJS OK
TZLI OK
TZSO OK
TZLS OK
TZLO OK
TZLJ OK
TJIO OK
TJIZ OK
TJIS OK
TJIL OK
TJOI OK
TJOS OK
TJOZ OK
TJOL OK
TJSI OK
TJSL OK
TJSO OK
TJSZ OK
TJZI OK
TJZL OK
TJZO OK
TJLI OK
TJZS OK
TJLO OK
TJLS OK
TJLZ OK
TLIO OK
TLIS OK
TLIJ OK
TLIZ OK
TLOI OK
TLOS OK
TLSI OK
TLOJ OK
TLOZ OK
TLSO OK
TLSJ OK
TLZI OK
TLSZ OK
TLZO OK
TLZS OK
TLJI OK
TLZJ OK
TLJO OK
TLJS OK
SIOT OK
TLJZ OK
SIOZ OK
SIOJ OK
SIOL OK
SITO OK
SITZ OK
SITJ OK
SITL OK
SIZO OK
SIZT OK
SIZJ OK
SIJO OK
SIZL OK
SIJT OK
SIJL OK
SILO OK
SILT OK
SIJZ OK
SILJ OK
SOIT OK
SOIZ OK
SILZ OK
SOIJ OK
SOIL OK
SOTI OK
SOTJ OK
SOZI OK
SOTL OK
SOTZ OK
SOZT OK
SOZL OK
SOJI OK
SOZJ OK
SOJT OK
SOJL OK
SOLI OK
SOLT OK
SOLJ OK
STIO OK
STIZ OK
STIJ OK
STIL OK
STOI OK
SOJZ OK
STOJ OK
STOZ OK
SOLZ OK
STOL OK
STZI OK
STZJ OK
STZO OK
STJI OK
STZL OK
STJO OK
STJL OK
STLI OK
STJZ OK
STLJ OK
STLO OK
SZIO OK
SZIT OK
STLZ OK
SZIJ OK
SZOI OK
SZIL OK
SZOT OK
SZTI OK
SZTO OK
SZOL OK
SZTJ OK
SZTL OK
SZJI OK
SZOJ OK
SZJL OK
SZJT OK
SZJO OK
SZLI OK
SZLT OK
SZLO OK
SZLJ OK
SJIO OK
SJIT OK
SJIL OK
SJOI OK
SJIZ OK
SJOL OK
SJTI OK
SJOT OK
SJTO OK
SJTL OK
SJTZ OK
SJZI OK
SJZT OK
SJZL OK
SJLI OK
SJLO OK
SJLT OK
SJOZ OK
SJZO OK
SJLZ OK
SLIO OK
SLIT OK
SLIJ OK
SLOI OK
SLIZ OK
SLOT OK
SLOJ OK
SLTI OK
SLTO OK
SLTJ OK
SLTZ OK
SLZI OK
SLZT OK
SLZO OK
SLZJ OK
SLJI OK
SLJO OK
SLJT OK
ZIOT OK
SLJZ OK
SLOZ OK
ZIOS OK
ZIOJ OK
ZITO OK
ZIOL OK
ZITS OK
ZITJ OK
ZITL OK
ZISO OK
ZIST OK
ZISJ OK
ZISL OK
ZIJT OK
ZIJO OK
ZIJL OK
ZIJS OK
ZILT OK
ZILO OK
ZILJ OK
ZOIT OK
ZILS OK
ZOIS OK
ZOIJ OK
ZOTI OK
ZOIL OK
ZOTS OK
ZOTJ OK
ZOTL OK
ZOSI OK
ZOST OK
ZOJI OK
ZOJT OK
ZOSL OK
ZOJL OK
ZOLI OK
ZOLT OK
ZOLJ OK
ZOSJ OK
ZTIO OK
ZTIS OK
ZTIJ OK
ZTIL OK
ZOJS OK
ZTOI OK
ZOLS OK
ZTOS OK
ZTOJ OK
ZTOL OK
ZTSI OK
ZTSJ OK
ZTSL OK
ZTJI OK
ZTJO OK
ZTSO OK
ZTJL OK
ZTJS OK
ZTLI OK
ZTLO OK
ZTLS OK
ZTLJ OK
ZSIO OK
ZSIT OK
ZSIJ OK
ZSIL OK
ZSOI OK
ZSOT OK
ZSTI OK
ZSTO OK
ZSOL OK
ZSTJ OK
ZSJI OK
ZSTL OK
ZSOJ OK
ZSJL OK
ZSJT OK
ZSLI OK
ZSJO OK
ZSLT OK
ZSLO OK
ZSLJ OK
ZJIT OK
ZJIO OK
ZJIL OK
ZJIS OK
ZJOT OK
ZJOI OK
ZJOL OK
ZJTI OK
ZJTO OK
ZJTL OK
ZJSI OK
ZJTS OK
ZJSO OK
ZJSL OK
ZJLI OK
ZJLO OK
ZJST OK
ZJLT OK
ZJLS OK
ZLIT OK
ZJOS OK
ZLIO OK
ZLIJ OK
ZLIS OK
ZLOT OK
ZLOJ OK
ZLOI OK
ZLTI OK
ZLTO OK
ZLTS OK
ZLTJ OK
ZLSI OK
ZLOS OK
ZLSJ OK
ZLSO OK
ZLJI OK
ZLST OK
ZLJT OK
ZLJO OK
ZLJS OK
JIOT OK
JIOL OK
JITO OK
JIOS OK
JIOZ OK
JITS OK
JITZ OK
JITL OK
JIST OK
JISL OK
JIZT OK
JISO OK
JIZL OK
JIZO OK
JILO OK
JILT OK
JILS OK
JILZ OK
JOIT OK
JOIS OK
JOIZ OK
JOIL OK
JOTI OK
JOTS OK
JOTZ OK
JOTL OK
JOSI OK
JOST OK
JOSL OK
JOZI OK
JIZS OK
JOZT OK
JOZL OK
JOLI OK
JOLT OK
JOLS OK
JOLZ OK
JTIO OK
JTIS OK
JTIZ OK
JTIL OK
JOSZ OK
JTOI OK
JTOS OK
JTOZ OK
JTOL OK
JTSI OK
JTSO OK
JTSZ OK
JTSL OK
JTZI OK
JTZO OK
JTZS OK
JTZL OK
JTLI OK
JTLO OK
JTLS OK
JTLZ OK
JSIO OK
JSIT OK
JSIL OK
JSIZ OK
JSOI OK
JSOT OK
JSOL OK
JISZ OK
JSTI OK
JSTO OK
JSTL OK
JSTZ OK
JSOZ OK
JSZI OK
JSZL OK
JSZO OK
JSZT OK
JSLI OK
JSLO OK
JSLT OK
JSLZ OK
JZIT OK
JZIO OK
JZIL OK
JZIS OK
JZOT OK
JZOI OK
JZOL OK
JZTI OK
JOZS OK
JZTO OK
JZTL OK
JZTS OK
JZSI OK
JZSL OK
JZST OK
JZLI OK
JZLT OK
JZLO OK
JLIO OK
JZLS OK
JZSO OK
JLIT OK
JLIS OK
JLIZ OK
JLOI OK
JLOT OK
JLOS OK
JLOZ OK
JLTI OK
JLTO OK
JLTS OK
JLTZ OK
JLSI OK
JLSO OK
JLST OK
JLZI OK
JLZO OK
JLZT OK
JLZS OK
LIOT OK
JLSZ OK
LIOS OK
LIOJ OK
LIOZ OK
LITO OK
LITS OK
LITZ OK
LITJ OK
LIST OK
LISJ OK
LISO OK
LIZT OK
LIZO OK
LIZJ OK
LISZ OK
LIJO OK
LIJT OK
LIJS OK
LIJZ OK
LOIT OK
LOIS OK
LOIZ OK
LOIJ OK
LOTI OK
LOTS OK
LOTZ OK
LOTJ OK
LOSI OK
LOST OK
LOSJ OK
JZOS OK
LOZI OK
LOZT OK
LIZS OK
LOZJ OK
LOJI OK
LOJT OK
LOJS OK
LOJZ OK
LTIO OK
LTIS OK
LTIZ OK
LTIJ OK
LTOI OK
LOSZ OK
LTOS OK
LTOJ OK
LTOZ OK
LTSI OK
LTSO OK
LTSZ OK
LTSJ OK
LTZI OK
LTZO OK
LTZS OK
LTZJ OK
LTJI OK
LTJO OK
LTJS OK
LTJZ OK
LSIO OK
LSIT OK
LSIJ OK
LSOI OK
LSIZ OK
LSOT OK
LSOJ OK
LSTI OK
LSTO OK
LSTJ OK
LSTZ OK
LSZI OK
LSOZ OK
LSZJ OK
LSZT OK
LSJI OK
LSJO OK
LSZO OK
LSJT OK
LSJZ OK
LZIT OK
LZIO OK
LZIJ OK
LZIS OK
LZOT OK
LZOI OK
LZOJ OK
LZTI OK
LZTO OK
LZTS OK
LZTJ OK
LZSI OK
LZOS OK
LZSJ OK
LZSO OK
LZJI OK
LZJO OK
LZJT OK
LZST OK
LZJS OK
LOZS OK
LJIO OK
LJIT OK
LJIS OK
LJIZ OK
LJOI OK
LJOT OK
LJOS OK
LJOZ OK
LJTI OK
LJTO OK
LJTS OK
LJTZ OK
LJSI OK
LJSO OK
LJST OK
LJZI OK
LJZO OK
LJZT OK
LJZS OK
LJSZ OK
