IOTJ OK
IOTL OK
IOTS OK
IOTZ OK
IOST OK
IOSZ OK
IOSJ OK
IOSL OK
IOZT OK
IOZS OK
IOZJ OK
IOZL OK
IOJT OK
IOJL OK
IOLT OK
IOJZ OK
IOJS OK
IOLS OK
IOLJ OK
ITOS OK
IOLZ OK
ITOJ OK
ITOZ OK
ITOL OK
ITSO OK
ITSZ OK
ITSJ OK
ITSL OK
ITZO OK
ITZS OK
ITZJ OK
ITZL OK
ITJO OK
ITJS OK
ITJZ OK
ITJL OK
ITLO OK
ITLS OK
ITLZ OK
ITLJ OK
ISOT OK
ISOJ OK
ISOZ OK
ISOL OK
ISTO OK
ISTZ OK
ISTJ OK
ISTL OK
ISZO OK
ISZT OK
ISZJ OK
ISJO OK
ISJT OK
ISZL OK
ISJL OK
ISLO OK
ISLT OK
ISJZ OK
ISLJ OK
IZOT OK
ISLZ OK
IZOS OK
IZOJ OK
IZOL OK
IZTO OK
IZTS OK
IZTJ OK
IZTL OK
IZST OK
IZSO OK
IZSJ OK
IZSL OK
IZJT OK
IZJO OK
IZJL OK
IZJS OK
IZLT OK
IZLO OK
IZLJ OK
IZLS OK
IJOT OK
IJOS OK
IJOL OK
IJTO OK
IJOZ OK
IJTS OK
IJTZ OK
IJTL OK
IJST OK
IJSL OK
IJSO OK
IJZT OK
IJZO OK
IJZL OK
IJLO OK
IJLT OK
IJLS OK
IJLZ OK
ILOT OK
ILOS OK
ILOJ OK
ILOZ OK
ILTO OK
ILTS OK
ILTZ OK
ILTJ OK
ILST OK
IJZS OK
ILSJ OK
ILSO OK
ILZT OK
ILZO OK
ILSZ OK
ILZJ OK
ILJO OK
ILJT OK
ILJS OK
ILJZ OK
OITS OK
OITZ OK
OITJ OK
OITL OK
OIST OK
OISZ OK
OISJ OK
OISL OK
OIZT OK
IJSZ OK
OIZS OK
OIZJ OK
OIJT OK
OIZL OK
OIJS OK
OIJL OK
OIJZ OK
OILT OK
ILZS OK
OILS OK
OILJ OK
OTIS OK
OILZ OK
OTIJ OK
OTIZ OK
OTIL OK
OTSI OK
OTSJ OK
OTSL OK
OTZI OK
OTZJ OK
OTSZ OK
OTZL OK
OTJI OK
OTZS OK
OTJS OK
OTJZ OK
OTJL OK
OTLI OK
OTLS OK
OTLJ OK
OTLZ OK
OSIT OK
OSIZ OK
OSIJ OK
OSIL OK
OSTI OK
OSTJ OK
OSZI OK
OSTZ OK
OSTL OK
OSZT OK
OSJI OK
OSJT OK
OSZJ OK
OSJL OK
OSLI OK
OSLT OK
OSJZ OK
OSLJ OK
OZIT OK
OZIS OK
OSZL OK
OZIJ OK
OZIL OK
OZTI OK
OZTS OK
OZTJ OK
OZTL OK
OZSI OK
OZST OK
OZJI OK
OSLZ OK
OZJT OK
OZJL OK
OZSL OK
OZLI OK
OZLT OK
OZSJ OK
OZLJ OK
OJIT OK
OJIS OK
OJIL OK
OJIZ OK
OZLS OK
OJTI OK
OZJS OK
OJTS OK
OJTZ OK
OJTL OK
OJSI OK
OJSL OK
OJST OK
OJZI OK
OJZT OK
OJZL OK
OJLI OK
OJLT OK
OJLS OK
OJLZ OK
OLIT OK
OLIS OK
OLIZ OK
OLIJ OK
OLTI OK
OLTS OK
OLTZ OK
OLTJ OK
OLSI OK
OJSZ OK
OLST OK
OLSJ OK
OLZI OK
OLZT OK
OLZJ OK
OLJI OK
OLJT OK
OLJS OK
OLJZ OK
TIOS OK
TIOZ OK
TIOJ OK
OLSZ OK
TIOL OK
TISO OK
TISZ OK
TISJ OK
TISL OK
TIZO OK
TIZS OK
TIZJ OK
TIZL OK
TIJO OK
TIJS OK
TIJZ OK
TIJL OK
TILO OK
TILS OK
TILZ OK
TILJ OK
TOIS OK
TOIZ OK
TOIJ OK
TOIL OK
TOSI OK
TOSJ OK
TOSZ OK
TOSL OK
TOZI OK
TOZJ OK
TOZL OK
TOZS OK
TOJI OK
TOJS OK
TOJZ OK
TOJL OK
TOLI OK
TOLS OK
TOLZ OK
TOLJ OK
TSIO OK
TSIZ OK
TSIJ OK
TSIL OK
TSOI OK
TSOJ OK
OJZS CAP
TSOL OK
TSZI OK
TSOZ OK
TSZJ OK
TSZL OK
TSJI OK
TSJO OK
TSJZ OK
TSZO OK
TSJL OK
TSLI OK
TSLO OK
TSLZ OK
TSLJ OK
TZIO OK
OLZS OK
TZIS OK
TZIJ OK
TZIL OK
TZOI OK
TZOS OK
TZOJ OK
TZSI OK
TZOL OK
TZSL OK
TZSJ OK
TZJI OK
TZJO OK
TZJS OK
TZJL OK
TZSO OK
TZLI OK
TZLO OK
TZLS OK
TJIO OK
TZLJ OK
TJIS OK
TJIZ OK
TJIL OK
TJOI OK
TJOS OK
TJOZ OK
TJOL OK
TJSI OK
TJSL OK
TJSO OK
TJSZ OK
TJZI OK
TJZL OK
TJLI OK
TJZO OK
TJZS OK
TJLO OK
TLIO OK
TJLZ OK
TJLS OK
TLIS OK
TLIJ OK
TLIZ OK
TLOI OK
TLOS OK
TLOZ OK
TLSI OK
TLOJ OK
TLSO OK
TLSJ OK
TLZI OK
TLSZ OK
TLZO OK
TLJI OK
TLZJ OK
TLZS OK
TLJO OK
TLJS OK
SIOT OK
TLJZ OK
SIOZ OK
SIOJ OK
SITO OK
SIOL OK
SITZ OK
SITJ OK
SITL OK
SIZO OK
SIZT OK
SIZJ OK
SIJO OK
SIZL OK
SIJT OK
SIJL OK
SILO OK
SILT OK
SIJZ OK
SILJ OK
SOIT OK
SOIZ OK
SILZ OK
SOIJ OK
SOIL OK
SOTI OK
SOTJ OK
SOTL OK
SOTZ OK
SOZI OK
SOZT OK
SOJI OK
SOJT OK
SOJL OK
SOLI OK
SOZJ OK
SOLT OK
SOJZ OK
SOLJ OK
STIO OK
STIZ OK
SOZL OK
STIJ OK
STIL OK
STOI OK
STOJ OK
STOZ OK
STZI OK
STOL OK
STZJ OK
STZL OK
STJI OK
SOLZ OK
STZO OK
STJO OK
STJL OK
STLI OK
STLO OK
STJZ OK
STLJ OK
SZIO OK
SZIT OK
SZIJ OK
SZIL OK
STLZ OK
SZOI OK
SZOT OK
SZTI OK
SZTO OK
SZTJ OK
SZTL OK
SZJI OK
SZOJ OK
SZOL OK
SZJL OK
SZLI OK
SZJT OK
SZJO OK
SZLJ OK
SJIO OK
SZLO OK
SZLT OK
SJIT OK
SJIL OK
SJOI OK
SJIZ OK
SJOL OK
SJTI OK
SJOT OK
SJTO OK
SJTL OK
SJTZ OK
SJZI OK
SJOZ OK
SJZL OK
SJZO OK
SJLI OK
SJZT OK
SJLO OK
SJLT OK
SLIO OK
SJLZ OK
SLIT OK
SLIJ OK
SLOI OK
SLIZ OK
SLOJ OK
SLTI OK
SLOT OK
SLTO OK
SLTJ OK
SLZI OK
SLTZ OK
SLZO OK
SLZT OK
SLZJ OK
SLJI OK
SLJO OK
SLJT OK
SLJZ OK
ZIOT OK
ZIOS OK
ZIOJ OK
ZIOL OK
ZITO OK
ZITS OK
ZITJ OK
ZITL OK
ZIST OK
ZISO OK
ZISJ OK
ZISL OK
ZIJT OK
ZIJO OK
ZIJL OK
ZIJS OK
ZILT OK
ZILO OK
ZILJ OK
ZILS OK
ZOIT OK
ZOIS OK
ZOIJ OK
ZOIL OK
ZOTI OK
ZOTS OK
ZOTJ OK
ZOTL OK
ZOSI OK
ZOST OK
ZOJI OK
ZOSL OK
ZOJT OK
ZOJL OK
ZOLI OK
ZOSJ OK
ZOLT OK
SLOZ OK
ZOLJ OK
ZTIO OK
ZTIS OK
ZTIJ OK
ZTIL OK
ZTOI OK
ZTOS OK
ZOLS OK
ZOJS OK
ZTOJ OK
ZTSI OK
ZTOL OK
ZTSJ OK
ZTSL OK
ZTJI OK
ZTJO OK
ZTJL OK
ZTSO OK
ZTJS OK
ZTLI OK
ZTLS OK
ZTLO OK
ZTLJ OK
ZSIO OK
ZSIT OK
ZSIL OK
ZSIJ OK
ZSOI OK
ZSOT OK
ZSTI OK
ZSTO OK
ZSTJ OK
ZSTL OK
ZSOJ OK
ZSOL OK
ZSJI OK
ZSJL OK
ZSLI OK
ZSJT OK
ZSJO OK
ZSLJ OK
ZSLO OK
ZSLT OK
ZJIT OK
ZJIO OK
ZJIL OK
ZJOT OK
ZJIS OK
ZJOI OK
ZJOL OK
ZJTI OK
ZJTO OK
ZJTL OK
ZJSI OK
ZJTS OK
ZJSO OK
ZJSL OK
ZJLI OK
ZJLO OK
ZJST OK
ZJLT OK
ZJLS OK
ZLIT OK
ZJOS OK
ZLIO OK
ZLIJ OK
ZLIS OK
ZLOT OK
ZLOJ OK
ZLOI OK
ZLTI OK
ZLTO OK
ZLTJ OK
ZLTS OK
ZLSI OK
ZLSJ OK
ZLOS OK
ZLJI OK
ZLSO OK
ZLST OK
ZLJO OK
ZLJT OK
ZLJS OK
JIOT OK
JIOL OK
JITO OK
JIOS OK
JIOZ OK
JITS OK
JITZ OK
JITL OK
JIST OK
JISL OK
JIZT OK
JISO OK
JIZL OK
JIZO OK
JILO OK
JILT OK
JILS OK
JILZ OK
JOIT OK
JOIS OK
JOIL OK
JOIZ OK
JOTI OK
JOTS OK
JOTZ OK
JOTL OK
JOSI OK
JOST OK
JOSL OK
JOZI OK
JIZS OK
JOZT OK
JOZL OK
JOLI OK
JOLT OK
JOLS OK
JOLZ OK
JTIO OK
JTIS OK
JTIZ OK
JTIL OK
JOSZ OK
JTOI OK
JTOS OK
JTOZ OK
JTOL OK
JTSI OK
JTSO OK
JTSZ OK
JTSL OK
JTZI OK
JTZO OK
JTZS OK
JTZL OK
JTLI OK
JTLO OK
JTLS OK
JTLZ OK
JSIO OK
JSIT OK
JSIL OK
JSIZ OK
JSOI OK
JSOT OK
JISZ OK
JSOL OK
JSTI OK
JSTO OK
JSTZ OK
JSTL OK
JSZI OK
JSOZ OK
JSZL OK
JSLI OK
JSLO OK
JSZO OK
JSLT OK
JSLZ OK
JSZT OK
JZIT OK
JZIO OK
JZIL OK
JZOT OK
JZIS OK
JZOI OK
JZOL OK
JZTI OK
JZTO OK
JZTL OK
JZSI OK
JOZS CAP
JZTS OK
JZSL OK
JZLI OK
JZSO OK
JZLO OK
JZLT OK
JZST OK
JZLS OK
JLIO OK
JLIT OK
JLIS OK
JLIZ OK
JLOI OK
JLOT OK
JLOS OK
JLOZ OK
JLTI OK
JLTO OK
JLTS OK
JLTZ OK
JLSI OK
JLST OK
JLSO OK
JLZI OK
JLZO OK
JLZT OK
JLZS OK
LIOT OK
JLSZ OK
LIOS OK
LIOJ OK
LIOZ OK
LITO OK
LITS OK
LITZ OK
LITJ OK
LIST OK
LISJ OK
LISO OK
LIZT OK
LIZO OK
LIZJ OK
LIJO OK
LIJT OK
LIJS OK
LIJZ OK
LOIT OK
LISZ OK
LOIS OK
LOIJ OK
LOTI OK
LOIZ OK
LOTS OK
LOTZ OK
LOTJ OK
LOSI OK
LIZS OK
LOST OK
LOSJ OK
JZOS CAP
LOZT OK
LOZI OK
LOZJ OK
LOJI OK
LOJS OK
LOJT OK
LOJZ OK
LTIO OK
LTIS OK
LTIZ OK
LTIJ OK
LTOI OK
LTOS OK
LTOZ OK
LTOJ OK
LTSI OK
LTSO OK
LTSZ OK
LTSJ OK
LTZI OK
LTZO OK
LTZJ OK
LOSZ OK
LTJI OK
LTZS OK
LTJO OK
LTJS OK
LTJZ OK
LSIO OK
LSIT OK
LSIJ OK
LSOI OK
LSIZ OK
LSOT OK
LSOJ OK
LSTI OK
LSTO OK
LSTJ OK
LSTZ OK
LSZI OK
LSZO OK
LSZT OK
LSJI OK
LSZJ OK
LSJO OK
LSJT OK
LSJZ OK
LZIT OK
LZIO OK
LZIS OK
LZIJ OK
LZOT OK
LZOI OK
LZOJ OK
LZTI OK
LZTO OK
LOZS CAP
LZTS OK
LZTJ OK
LZOS OK
LZSI OK
LZSJ OK
LZJI OK
LZSO OK
LZJO OK
LZJT OK
LZJS OK
LZST OK
LJIO OK
LJIT OK
LJIS OK
LJIZ OK
LJOI OK
LJOT OK
LJOS OK
LJOZ OK
LJTI OK
LJTO OK
LJTS OK
LJTZ OK
LJSI OK
LJSO OK
LJST OK
LJZI OK
LJZO OK
LJZT OK
LJZS OK
LJSZ OK
LSOZ CAP
