IOTS OK
IOTZ OK
IOTJ OK
IOTL OK
IOST OK
IOSZ OK
IOSJ OK
IOSL OK
IOZT OK
IOZJ OK
IOZL OK
IOZS OK
IOJT OK
IOJS OK
IOJL OK
IOJZ OK
IOLT OK
IOLS OK
IOLJ OK
IOLZ OK
ITOS OK
ITOZ OK
ITOJ OK
ITOL OK
ITSO OK
ITSZ OK
ITSJ OK
ITSL OK
ITZO OK
ITZS OK
ITZJ OK
ITZL OK
ITJO OK
ITJS OK
ITJL OK
ITJZ OK
ITLO OK
ITLS OK
ITLZ OK
ITLJ OK
ISOT OK
ISOZ OK
ISOJ OK
ISOL OK
ISTO OK
ISTZ OK
ISTJ OK
ISTL OK
ISZT OK
ISZJ OK
ISZL OK
ISJO OK
ISJT OK
ISJZ OK
ISJL OK
ISLO OK
ISLT OK
ISZO OK
ISLJ OK
ISLZ OK
IZOT OK
IZOJ OK
IZOL OK
IZOS OK
IZTO OK
IZTS OK
IZTJ OK
IZTL OK
IZST OK
IZSJ OK
IZSO OK
IZSL OK
IZJO OK
IZJT OK
IZJL OK
IZJS OK
IZLT OK
IZLO OK
IZLJ OK
IZLS OK
IJOT OK
IJOS OK
IJOZ OK
IJOL OK
IJTO OK
IJTS OK
IJTZ OK
IJTL OK
IJST OK
IJSO OK
IJSL OK
IJSZ OK
IJZT OK
IJZO OK
IJZL OK
IJZS OK
IJLO OK
IJLT OK
IJLS OK
IJLZ OK
ILOT OK
ILOS OK
ILOZ OK
ILOJ OK
ILTO OK
ILTS OK
ILTZ OK
ILTJ OK
ILST OK
ILSO OK
ILSJ OK
ILZO OK
ILZT OK
ILSZ OK
ILZJ OK
ILJO OK
ILJT OK
ILJS OK
ILJZ OK
OITS OK
OITZ OK
OITJ OK
OITL OK
OIST OK
OISZ OK
OISJ OK
OISL OK
OIZT OK
ILZS OK
OIZJ OK
OIZS OK
OIZL OK
OIJT OK
OIJS OK
OIJZ OK
OIJL OK
OILT OK
OILS OK
OILZ OK
OILJ OK
OTIS OK
OTIZ OK
OTIJ OK
OTIL OK
OTSI OK
OTSZ OK
OTSJ OK
OTSL OK
OTZI OK
OTZJ OK
OTZS OK
OTZL OK
OTJI OK
OTJS OK
OTJZ OK
OTJL OK
OTLI OK
OTLS OK
OTLZ OK
OTLJ OK
OSIT OK
OSIZ OK
OSIJ OK
OSIL OK
OSTI OK
OSTZ OK
OSTJ OK
OSZI OK
OSTL OK
OSZT OK
OSZJ OK
OSJI OK
OSZL OK
OSJT OK
OSJZ OK
OSLI OK
OSJL OK
OSLT OK
OSLZ OK
OSLJ OK
OZIT OK
OZIJ OK
OZIL OK
OZIS OK
OZTI OK
OZTJ OK
OZTS OK
OZTL OK
OZSI OK
OZST OK
OZSJ OK
OZSL OK
OZJI OK
OZJT OK
OZJL OK
OZJS OK
OZLI OK
OZLT OK
OZLJ OK
OJIT OK
OJIS OK
OJIZ OK
OZLS OK
OJIL OK
OJTI OK
OJTS OK
OJTZ OK
OJTL OK
OJSI OK
OJST OK
OJSZ OK
OJSL OK
OJZT OK
OJZI OK
OJZL OK
OJLI OK
OJLT OK
OJLS OK
OJLZ OK
OLIT OK
OLIS OK
OLIZ OK
OLIJ OK
OLTI OK
OLTS OK
OLTZ OK
OLTJ OK
OLSI OK
OLST OK
OLSZ OK
OLSJ OK
OLZI OK
OLZT OK
OJZS OK
OLZJ OK
OLJI OK
OLJT OK
OLJS OK
OLJZ OK
TIOS OK
TIOZ OK
TIOJ OK
TIOL OK
TISO OK
TISZ OK
TISJ OK
OLZS OK
TISL OK
TIZO OK
TIZS OK
TIZJ OK
TIZL OK
TIJO OK
TIJS OK
TIJZ OK
TIJL OK
TILO OK
TILS OK
TILZ OK
TILJ OK
TOIS OK
TOIZ OK
TOIJ OK
TOIL OK
TOSI OK
TOSJ OK
TOSZ OK
TOZI OK
TOSL OK
TOZJ OK
TOZL OK
TOZS OK
TOJI OK
TOJS OK
TOJZ OK
TOJL OK
TOLI OK
TOLS OK
TOLZ OK
TOLJ OK
TSIO OK
TSIZ OK
TSIJ OK
TSIL OK
TSOI OK
TSOJ OK
TSOZ OK
TSZI OK
TSOL OK
TSZO OK
TSZJ OK
TSZL OK
TSJI OK
TSJO OK
TSJL OK
TSLI OK
TSLO OK
TSJZ OK
TSLZ OK
TSLJ OK
TZIO OK
TZIS OK
TZIJ OK
TZIL OK
TZOI OK
TZOJ OK
TZOS OK
TZOL OK
TZSI OK
TZSO OK
TZSJ OK
TZJI OK
TZSL OK
TZJO OK
TZJL OK
TZJS OK
TZLI OK
TZLO OK
TZLJ OK
TZLS OK
TJIO OK
TJIS OK
TJIZ OK
TJIL OK
TJOI OK
TJOS OK
TJOZ OK
TJOL OK
TJSI OK
TJSO OK
TJSL OK
TJSZ OK
TJZI OK
TJZO OK
TJZL OK
TJZS OK
TJLI OK
TJLO OK
TJLS OK
TJLZ OK
TLIO OK
TLIS OK
TLIZ OK
TLIJ OK
TLOI OK
TLOS OK
TLOZ OK
TLOJ OK
TLSI OK
TLSO OK
TLSJ OK
TLZI OK
TLSZ OK
TLZO OK
TLZJ OK
TLZS OK
TLJI OK
TLJO OK
TLJS OK
TLJZ OK
SIOT OK
SIOZ OK
SIOJ OK
SIOL OK
SITO OK
SITJ OK
SITZ OK
SITL OK
SIZT OK
SIZJ OK
SIZL OK
SIJO OK
SIJT OK
SIJZ OK
SIJL OK
SILO OK
SILT OK
SIZO OK
SILJ OK
SOIT OK
SOIZ OK
SILZ OK
SOIJ OK
SOIL OK
SOTI OK
SOTZ OK
SOTJ OK
SOTL OK
SOZI OK
SOZT OK
SOZJ OK
SOJI OK
SOZL OK
SOJZ OK
SOJT OK
SOJL OK
SOLI OK
SOLT OK
SOLZ OK
SOLJ OK
STIO OK
STIZ OK
STIJ OK
STIL OK
STOI OK
STOZ OK
STOJ OK
STZI OK
STOL OK
STZO OK
STZJ OK
STJI OK
STZL OK
STJO OK
STJZ OK
STJL OK
STLI OK
STLO OK
STLJ OK
STLZ OK
SZIO OK
SZIT OK
SZIJ OK
SZIL OK
SZOI OK
SZOJ OK
SZOT OK
SZOL OK
SZTI OK
SZTO OK
SZTJ OK
SZJI OK
SZTL OK
SZJT OK
SZJL OK
SZLI OK
SZJO OK
SZLO OK
SZLT OK
SZLJ OK
SJIT OK
SJIO OK
SJIL OK
SJIZ OK
SJOI OK
SJOT OK
SJOZ OK
SJOL OK
SJTI OK
SJTO OK
SJTZ OK
SJTL OK
SJZI OK
SJZT OK
SJZL OK
SJZO OK
SJLI OK
SJLO OK
SJLT OK
SJLZ OK
SLIT OK
SLIO OK
SLIJ OK
SLIZ OK
SLOI OK
SLOT OK
SLOJ OK
SLOZ OK
SLTI OK
SLTO OK
SLTJ OK
SLTZ OK
SLZI OK
SLZT OK
SLZJ OK
SLJI OK
SLJO OK
SLJT OK
SLJZ OK
ZIOT OK
ZIOS OK
ZIOJ OK
ZIOL OK
ZITO OK
ZITS OK
ZITJ OK
ZITL OK
ZISO OK
ZIST OK
ZISJ OK
ZISL OK
ZIJO OK
ZIJT OK
ZIJS OK
ZIJL OK
SLZO OK
ZILO OK
ZILT OK
ZILJ OK
ZILS OK
ZOIT OK
ZOIJ OK
ZOIS OK
ZOIL OK
ZOTI OK
ZOTJ OK
ZOTS OK
ZOTL OK
ZOSI OK
ZOST OK
ZOSJ OK
ZOSL OK
ZOJI OK
ZOJT OK
ZOJS OK
ZOJL OK
ZOLI OK
ZOLT OK
ZOLJ OK
ZTIO OK
ZTIS OK
ZTIJ OK
ZTIL OK
ZOLS OK
ZTOI OK
ZTOJ OK
ZTOS OK
ZTOL OK
ZTSI OK
ZTSO OK
ZTSJ OK
ZTSL OK
ZTJI OK
ZTJO OK
ZTJS OK
ZTJL OK
ZTLI OK
ZTLO OK
ZTLJ OK
ZTLS OK
ZSIT OK
ZSIO OK
ZSIJ OK
ZSIL OK
ZSOI OK
ZSOJ OK
ZSOT OK
ZSOL OK
ZSTI OK
ZSTO OK
ZSTJ OK
ZSTL OK
ZSJI OK
ZSJT OK
ZSJL OK
ZSLI OK
ZSJO OK
ZSLO OK
ZSLT OK
ZSLJ OK
ZJIT OK
ZJIO OK
ZJIL OK
ZJIS OK
ZJOI OK
ZJOT OK
ZJOS OK
ZJOL OK
ZJTI OK
ZJTO OK
ZJTL OK
ZJTS OK
ZJSI OK
ZJST OK
ZJSL OK
ZJLI OK
ZJSO OK
ZJLO OK
ZJLT OK
ZJLS OK
ZLIO OK
ZLIT OK
ZLIJ OK
ZLIS OK
ZLOI OK
ZLOT OK
ZLOJ OK
ZLTI OK
ZLTO OK
ZLTS OK
ZLTJ OK
ZLOS OK
ZLSI OK
ZLSO OK
ZLST OK
ZLSJ OK
ZLJI OK
ZLJO OK
ZLJT OK
ZLJS OK
JIOT OK
JIOS OK
JIOL OK
JIOZ OK
JITO OK
JITS OK
JITZ OK
JITL OK
JIST OK
JISO OK
JISZ OK
JISL OK
JIZT OK
JIZO OK
JIZL OK
JIZS OK
JILO OK
JILT OK
JILS OK
JILZ OK
JOIT OK
JOIS OK
JOIL OK
JOIZ OK
JOTI OK
JOTS OK
JOTZ OK
JOTL OK
JOSI OK
JOST OK
JOSL OK
JOSZ OK
JOZT OK
JOZI OK
JOZL OK
JOLI OK
JOLT OK
JOLS OK
JOLZ OK
JTIO OK
JTIS OK
JTIZ OK
JTIL OK
JTOI OK
JTOS OK
JTOZ OK
JTOL OK
JTSI OK
JTSO OK
JTSZ OK
JTSL OK
JTZI OK
JTZO OK
JTZS OK
JTZL OK
JTLI OK
JTLO OK
JTLS OK
JTLZ OK
JSIO OK
JSIT OK
JSIZ OK
JSIL OK
JSOI OK
JSOT OK
JSOZ OK
JSOL OK
JSTI OK
JSTO OK
JOZS OK
JSTZ OK
JSTL OK
JSZI OK
JSZT OK
JSZL OK
JSLI OK
JSLO OK
JSZO OK
JSLT OK
JSLZ OK
JZIT OK
JZIO OK
JZIL OK
JZIS OK
JZOT OK
JZOI OK
JZOL OK
JZTI OK
JZTO OK
JZTS OK
JZTL OK
JZSI OK
JZOS OK
JZST OK
JZSL OK
JZLI OK
JZLO OK
JZLT OK
JZLS OK
JLIO OK
JLIT OK
JLIS OK
JLIZ OK
JLOI OK
JLOT OK
JLOS OK
JLOZ OK
JLTI OK
JLTO OK
JLTS OK
JLTZ OK
JLSI OK
JLSO OK
JLST OK
JLSZ OK
JZSO CAP
JLZI OK
JLZO OK
JLZT OK
JLZS OK
LIOT OK
LIOS OK
LIOZ OK
LIOJ OK
LITO OK
LITS OK
LITZ OK
LITJ OK
LIST OK
LISO OK
LISJ OK
LIZO OK
LIZT OK
LISZ OK
LIZJ OK
LIJO OK
LIJT OK
LIJS OK
LIJZ OK
LOIT OK
LOIS OK
LOIZ OK
LOIJ OK
LOTI OK
LIZS OK
LOTS OK
LOTZ OK
LOTJ OK
LOSI OK
LOST OK
LOSZ OK
LOSJ OK
LOZT OK
LOZI OK
LOZJ OK
LOJI OK
LOJT OK
LOJS OK
LOJZ OK
LTIO OK
LTIS OK
LTIZ OK
LTIJ OK
LTOI OK
LTOS OK
LTOZ OK
LTOJ OK
LTSI OK
LTSO OK
LTSZ OK
LTSJ OK
LOZS OK
LTZI OK
LTZO OK
LTZJ OK
LTZS OK
LTJI OK
LTJO OK
LTJS OK
LTJZ OK
LSIT OK
LSIO OK
LSIJ OK
LSIZ OK
LSOI OK
LSOT OK
LSOZ OK
LSOJ OK
LSTI OK
LSTO OK
LSTJ OK
LSTZ OK
LSZI OK
LSZT OK
LSZJ OK
LSJI OK
LSJO OK
LSJT OK
LSJZ OK
LZIO OK
LZIT OK
LZIS OK
LZIJ OK
LZOI OK
LZOT OK
LZOS OK
LZOJ OK
LZTI OK
LZTO OK
LZTS OK
LZTJ OK
LZSI OK
LZSO OK
LZST OK
LZSJ OK
LZJI OK
LSZO OK
LZJO OK
LZJT OK
LZJS OK
LJIO OK
LJIT OK
LJIS OK
LJIZ OK
LJOI OK
LJOT OK
LJOS OK
LJOZ OK
LJTI OK
LJTO OK
LJTS OK
LJTZ OK
LJSI OK
LJSO OK
LJST OK
LJZI OK
LJSZ OK
LJZO OK
LJZT OK
LJZS OK
