IOTL OK
IOTJ OK
IOTZ OK
IOTS OK
IOST OK
IOSZ OK
IOSJ OK
IOSL OK
IOZL OK
IOZJ OK
IOJT OK
IOJS OK
IOJZ OK
IOJL OK
IOZT OK
IOLS OK
IOLT OK
IOLZ OK
IOLJ OK
ITOS OK
IOZS OK
ITOZ OK
ITOJ OK
ITOL OK
ITSO OK
ITSL OK
ITSJ OK
ITZO OK
ITZJ OK
ITZL OK
ITZS OK
ITJO OK
ITJS OK
ITJZ OK
ITJL OK
ITLO OK
ITLS OK
ITSZ OK
ITLZ OK
ITLJ OK
ISOT OK
ISOZ OK
ISOJ OK
ISOL OK
ISTO OK
ISTJ OK
ISTL OK
ISZJ OK
ISZL OK
ISZO OK
ISJO OK
ISTZ OK
ISZT OK
ISJT OK
ISJZ OK
ISJL OK
ISLT OK
ISLO OK
ISLZ OK
ISLJ OK
IZOJ OK
IZOL OK
IZTO OK
IZOT OK
IZTJ OK
IZTL OK
IZOS OK
IZSO OK
IZSJ OK
IZSL OK
IZST OK
IZTS OK
IZJT OK
IZJO OK
IZJS OK
IZJL OK
IZLT OK
IZLJ OK
IZLO OK
IJOT OK
IZLS OK
IJOS OK
IJOZ OK
IJOL OK
IJTO OK
IJTS OK
IJTZ OK
IJTL OK
IJST OK
IJSO OK
IJSL OK
IJZT OK
IJSZ OK
IJZO OK
IJZS OK
IJZL OK
IJLO OK
IJLT OK
IJLZ OK
IJLS OK
ILOT OK
ILOS OK
ILOJ OK
ILOZ OK
ILTO OK
ILTS OK
ILTJ OK
ILSO OK
ILTZ OK
ILST OK
ILSJ OK
ILSZ OK
ILZT OK
ILZJ OK
ILZO OK
ILJO OK
ILJT OK
ILJS OK
ILZS OK
ILJZ OK
OITS OK
OITJ OK
OITZ OK
OITL OK
OIST OK
OISZ OK
OISJ OK
OISL OK
OIZJ OK
OIZL OK
OIJT OK
OIJS OK
OIJZ OK
OIJL OK
OIZT OK
OILT OK
OILS OK
OILZ OK
OILJ OK
OIZS OK
OTIS OK
OTIZ OK
OTIJ OK
OTIL OK
OTSI OK
OTSJ OK
OTSL OK
OTZI OK
OTZJ OK
OTZL OK
OTJI OK
OTJS OK
OTSZ OK
OTJZ OK
OTJL OK
OTLI OK
OTLS OK
OTZS OK
OTLJ OK
OTLZ OK
OSIT OK
OSIZ OK
OSIJ OK
OSIL OK
OSTI OK
OSTJ OK
OSTL OK
OSZI OK
OSZJ OK
OSZL OK
OSJI OK
OSJT OK
OSTZ OK
OSJZ OK
OSJL OK
OSLI OK
OSZT OK
OSLT OK
OSLZ OK
OSLJ OK
OZIJ OK
OZIL OK
OZTI OK
OZIT OK
OZTJ OK
OZTL OK
OZIS OK
OZTS OK
OZSJ OK
OZSL OK
OZJT OK
OZST OK
OZJI OK
OZSI OK
OZJL OK
OZLI OK
OZLT OK
OZJS OK
OZLJ OK
OJIT OK
OJIS OK
OJIZ OK
OJIL OK
OJTI OK
OJTS OK
OJTZ OK
OJTL OK
OJSI OK
OJST OK
OZLS OK
OJSZ OK
OJSL OK
OJZI OK
OJZT OK
OJZL OK
OJLI OK
OJLT OK
OJLS OK
OJZS OK
OJLZ OK
OLIT OK
OLIS OK
OLIJ OK
OLIZ OK
OLTI OK
OLTJ OK
OLTZ OK
OLTS OK
OLSI OK
OLST OK
OLSJ OK
OLSZ OK
OLZI OK
OLZJ OK
OLZT OK
OLJI OK
OLJT OK
OLJS OK
OLJZ OK
TIOS OK
TIOJ OK
TIOZ OK
TIOL OK
TISO OK
TISJ OK
TISL OK
TIZO OK
TIZS OK
TIZJ OK
TIZL OK
TISZ OK
TIJO OK
TIJS OK
TIJL OK
TIJZ OK
TILO OK
TILS OK
TILZ OK
OLZS OK
TILJ OK
TOIS OK
TOIZ OK
TOIJ OK
TOIL OK
TOSI OK
TOSJ OK
TOSL OK
TOZI OK
TOZJ OK
TOJI OK
TOZL OK
TOSZ OK
TOJS OK
TOJZ OK
TOJL OK
TOLI OK
TOZS OK
TOLS OK
TOLJ OK
TOLZ OK
TSIO OK
TSIL OK
TSOI OK
TSIJ OK
TSOJ OK
TSOL OK
TSOZ OK
TSZI OK
TSZO OK
TSZJ OK
TSIZ OK
TSZL OK
TSJI OK
TSJO OK
TSJL OK
TSLI OK
TSJZ OK
TSLO OK
TSLZ OK
TSLJ OK
TZIO OK
TZIL OK
TZIJ OK
TZIS OK
TZOI OK
TZOJ OK
TZOL OK
TZSI OK
TZSJ OK
TZSL OK
TZJI OK
TZOS OK
TZJO OK
TZSO OK
TZLI OK
TZJL OK
TZJS OK
TZLO OK
TJIO OK
TZLS OK
TJIS OK
TZLJ OK
TJIZ OK
TJIL OK
TJOI OK
TJOS OK
TJOZ OK
TJOL OK
TJSI OK
TJSO OK
TJZI OK
TJZO OK
TJSZ OK
TJSL OK
TJLI OK
TJLO OK
TJZS OK
TJZL OK
TLIO OK
TLIS OK
TJLS OK
TJLZ OK
TLIZ OK
TLIJ OK
TLOI OK
TLOS OK
TLOZ OK
TLOJ OK
TLSI OK
TLSO OK
TLSZ OK
TLSJ OK
TLZI OK
TLZO OK
TLZJ OK
TLJI OK
TLZS OK
TLJO OK
TLJS OK
TLJZ OK
SIOT OK
SIOZ OK
SIOJ OK
SIOL OK
SITO OK
SITJ OK
SITL OK
SIZJ OK
SIZL OK
SIZO OK
SITZ OK
SIZT OK
SIJO OK
SIJT OK
SIJL OK
SILO OK
SIJZ OK
SILT OK
SILZ OK
SILJ OK
SOIT OK
SOIZ OK
SOIJ OK
SOIL OK
SOTI OK
SOTJ OK
SOTL OK
SOZI OK
SOTZ OK
SOZJ OK
SOJI OK
SOZL OK
SOZT OK
SOJT OK
SOJL OK
SOJZ OK
SOLI OK
SOLT OK
SOLJ OK
SOLZ OK
STIO OK
STIL OK
STOI OK
STIJ OK
STOJ OK
STOL OK
STOZ OK
STZI OK
STZO OK
STZJ OK
STZL OK
STJO OK
STJI OK
STIZ OK
STJZ OK
STJL OK
STLI OK
STLO OK
STLZ OK
STLJ OK
SZIJ OK
SZIL OK
SZIO OK
SZIT OK
SZOT OK
SZOL OK
SZOJ OK
SZOI OK
SZTJ OK
SZTO OK
SZTL OK
SZJI OK
SZJT OK
SZJO OK
SZTI OK
SZLI OK
SZJL OK
SZLT OK
SJIO OK
SZLJ OK
SZLO OK
SJIT OK
SJIL OK
SJIZ OK
SJOI OK
SJOT OK
SJOZ OK
SJOL OK
SJTO OK
SJTI OK
SJTL OK
SJTZ OK
SJZI OK
SJZT OK
SJZL OK
SJZO OK
SJLI OK
SJLO OK
SJLT OK
SLIO OK
SJLZ OK
SLIT OK
SLIZ OK
SLIJ OK
SLOI OK
SLOT OK
SLOZ OK
SLOJ OK
SLTI OK
SLTO OK
SLTZ OK
SLTJ OK
SLZI OK
SLZT OK
SLJI OK
SLZJ OK
SLJO OK
SLJT OK
SLJZ OK
SLZO OK
ZIOJ OK
ZIOL OK
ZITO OK
ZIOT OK
ZITJ OK
ZITL OK
ZIOS OK
ZISO OK
ZIST OK
ZISJ OK
ZISL OK
ZIJO OK
ZITS OK
ZIJT OK
ZIJS OK
ZIJL OK
ZILT OK
ZILO OK
ZILJ OK
ZILS OK
ZOIJ OK
ZOIL OK
ZOTI OK
ZOIT OK
ZOTJ OK
ZOTL OK
ZOIS OK
ZOTS OK
ZOSJ OK
ZOSL OK
ZOJI OK
ZOJT OK
ZOST OK
ZOSI OK
ZOJL OK
ZOLI OK
ZOLT OK
ZOJS OK
ZOLJ OK
ZTIO OK
ZTIS OK
ZTIL OK
ZTIJ OK
ZTOI OK
ZTOJ OK
ZOLS OK
ZTOL OK
ZTSI OK
ZTSJ OK
ZTOS OK
ZTSL OK
ZTJO OK
ZTJI OK
ZTSO OK
ZTLI OK
ZTJS OK
ZTJL OK
ZTLO OK
ZTLS OK
ZTLJ OK
ZSIO OK
ZSIT OK
ZSIJ OK
ZSIL OK
ZSOI OK
ZSOL OK
ZSOJ OK
ZSTI OK
ZSTJ OK
ZSOT OK
ZSTL OK
ZSJI OK
ZSJO OK
ZSJT OK
ZSTO OK
ZSLI OK
ZSJL OK
ZSLT OK
ZJIO OK
ZSLJ OK
ZSLO OK
ZJIT OK
ZJIL OK
ZJIS OK
ZJOT OK
ZJOI OK
ZJOL OK
ZJTO OK
ZJTI OK
ZJOS OK
ZJSI OK
ZJTL OK
ZJSO OK
ZJTS OK
ZJST OK
ZJSL OK
ZJLI OK
ZJLO OK
ZJLS OK
ZJLT OK
ZLIT OK
ZLIO OK
ZLIJ OK
ZLIS OK
ZLOT OK
ZLOI OK
ZLTI OK
ZLOJ OK
ZLTO OK
ZLTJ OK
ZLTS OK
ZLSI OK
ZLST OK
ZLOS OK
ZLJI OK
ZLSJ OK
ZLJO OK
ZLJT OK
ZLJS OK
JIOT OK
JIOS OK
JIOZ OK
JIOL OK
ZLSO OK
JITO OK
JITS OK
JITZ OK
JITL OK
JIST OK
JISL OK
JISO OK
JIZT OK
JISZ OK
JIZO OK
JIZL OK
JIZS OK
JILO OK
JILT OK
JILS OK
JILZ OK
JOIT OK
JOIS OK
JOIZ OK
JOIL OK
JOTI OK
JOTS OK
JOTL OK
JOTZ OK
JOSI OK
JOST OK
JOSZ OK
JOSL OK
JOZI OK
JOZT OK
JOLI OK
JOZL OK
JOLT OK
JOLS OK
JOLZ OK
JOZS OK
JTIO OK
JTIS OK
JTIZ OK
JTIL OK
JTOI OK
JTOS OK
JTOZ OK
JTOL OK
JTSI OK
JTSO OK
JTZI OK
JTZO OK
JTSZ OK
JTSL OK
JTZS OK
JTZL OK
JTLI OK
JTLO OK
JSIO OK
JSIT OK
JTLS OK
JTLZ OK
JSIL OK
JSIZ OK
JSOI OK
JSOT OK
JSOZ OK
JSOL OK
JSTI OK
JSTO OK
JSTL OK
JSTZ OK
JSZI OK
JSZO OK
JSZL OK
JSZT OK
JSLI OK
JSLO OK
JSLT OK
JSLZ OK
JZIO OK
JZIT OK
JZIL OK
JZIS OK
JZOT OK
JZOI OK
JZOL OK
JZTI OK
JZTO OK
JZOS OK
JZSI OK
JZTS OK
JZTL OK
JZLI OK
JZSO OK
JZST OK
JZLO OK
JZLT OK
JLIO OK
JZLS OK
JZSL OK
JLIT OK
JLIS OK
JLIZ OK
JLOI OK
JLOT OK
JLOS OK
JLOZ OK
JLTI OK
JLTO OK
JLTS OK
JLTZ OK
JLSI OK
JLSO OK
JLST OK
JLZI OK
JLZO OK
JLZT OK
LIOT OK
LIOS OK
LIOZ OK
JLSZ OK
LIOJ OK
LITO OK
LITS OK
JLZS OK
LITZ OK
LITJ OK
LISO OK
LIST OK
LISZ OK
LISJ OK
LIZT OK
LIZJ OK
LIJO OK
LIZO OK
LIJT OK
LIJZ OK
LIJS OK
LIZS OK
LOIT OK
LOIJ OK
LOIZ OK
LOIS OK
LOTI OK
LOTJ OK
LOTS OK
LOTZ OK
LOSI OK
LOST OK
LOSZ OK
LOSJ OK
LOZI OK
LOZT OK
LOZJ OK
LOJI OK
LOZS OK
LOJT OK
LOJS OK
LOJZ OK
LTIO OK
LTIS OK
LTIZ OK
LTIJ OK
LTOI OK
LTOZ OK
LTOS OK
LTSI OK
LTOJ OK
LTSO OK
LTSZ OK
LTSJ OK
LTZI OK
LTZO OK
LTJI OK
LTZJ OK
LTZS OK
LTJO OK
LTJS OK
LTJZ OK
LSIO OK
LSIT OK
LSIZ OK
LSIJ OK
LSOI OK
LSOT OK
LSOZ OK
LSOJ OK
LSTI OK
LSTO OK
LSTZ OK
LSTJ OK
LSZI OK
LSZT OK
LSJI OK
LSZJ OK
LSZO OK
LSJO OK
LSJT OK
LZIT OK
LSJZ OK
LZIO OK
LZIJ OK
LZIS OK
LZOT OK
LZOI OK
LZOS OK
LZOJ OK
LZTI OK
LZTO OK
LZTJ OK
LZTS OK
LZST OK
LZSO OK
LZSI OK
LZJI OK
LZJO OK
LZJT OK
LZSJ OK
LZJS OK
LJIO OK
LJIT OK
LJIS OK
LJIZ OK
LJOI OK
LJOT OK
LJOS OK
LJOZ OK
LJTI OK
LJTO OK
LJTS OK
LJSI OK
LJTZ OK
LJSO OK
LJST OK
LJZI OK
LJZO OK
LJZT OK
LJSZ OK
LJZS OK
