IOTZ OK
IOTJ OK
IOTS OK
IOTL OK
IOST OK
IOSJ OK
IOSL OK
IOSZ OK
IOZJ OK
IOZL OK
IOJT OK
IOJS OK
IOJZ OK
IOJL OK
IOLT OK
IOZT OK
IOLS OK
IOLJ OK
IOLZ OK
ITOS OK
ITOZ OK
ITOJ OK
ITOL OK
ITSO OK
ITSJ OK
ITSL OK
IOZS OK
ITZO OK
ITZJ OK
ITZL OK
ITZS OK
ITJO OK
ITJZ OK
ITJS OK
ITJL OK
ITLO OK
ITLS OK
ITSZ OK
ITLZ OK
ITLJ OK
ISOT OK
ISOZ OK
ISOJ OK
ISOL OK
ISTO OK
ISTJ OK
ISTL OK
ISZJ OK
ISTZ OK
ISZL OK
ISJO OK
ISJT OK
ISZT OK
ISJL OK
ISJZ OK
ISLO OK
ISLT OK
ISLZ OK
ISLJ OK
ISZO OK
IZOJ OK
IZOL OK
IZTO OK
IZOT OK
IZTJ OK
IZTL OK
IZTS OK
IZOS OK
IZSJ OK
IZSL OK
IZJT OK
IZJO OK
IZST OK
IZJS OK
IZJL OK
IZLT OK
IZSO OK
IZLO OK
IJOT OK
IZLJ OK
IZLS OK
IJOS OK
IJOZ OK
IJOL OK
IJTO OK
IJTS OK
IJTZ OK
IJTL OK
IJST OK
IJSL OK
IJSO OK
IJSZ OK
IJZT OK
IJZO OK
IJZS OK
IJZL OK
IJLO OK
IJLT OK
IJLS OK
IJLZ OK
ILOT OK
ILOS OK
ILOJ OK
ILTO OK
ILOZ OK
ILTS OK
ILTZ OK
ILTJ OK
ILSO OK
ILST OK
ILSZ OK
ILSJ OK
ILZT OK
ILZJ OK
ILJO OK
ILJT OK
ILJS OK
ILJZ OK
OITS OK
OITZ OK
OITJ OK
OITL OK
OIST OK
ILZO OK
OISZ OK
OISJ OK
ILZS OK
OISL OK
OIZJ OK
OIZL OK
OIJT OK
OIJS OK
OIJZ OK
OIJL OK
OILT OK
OIZT OK
OILS OK
OILJ OK
OILZ OK
OTIS OK
OTIZ OK
OTIJ OK
OTIL OK
OTSI OK
OTSJ OK
OTSL OK
OIZS OK
OTZI OK
OTZJ OK
OTZL OK
OTJI OK
OTJS OK
OTJZ OK
OTSZ OK
OTJL OK
OTLI OK
OTLS OK
OTLZ OK
OTZS OK
OTLJ OK
OSIT OK
OSIZ OK
OSIJ OK
OSIL OK
OSTI OK
OSTJ OK
OSTL OK
OSZI OK
OSZJ OK
OSZL OK
OSJI OK
OSJT OK
OSTZ OK
OSJZ OK
OSJL OK
OSZT OK
OSLI OK
OSLT OK
OSLZ OK
OSLJ OK
OZIJ OK
OZIL OK
OZTI OK
OZIT OK
OZTJ OK
OZTL OK
OZTS OK
OZIS OK
OZSL OK
OZST OK
OZSI OK
OZJI OK
OZJT OK
OZJL OK
OZLI OK
OZSJ OK
OZLT OK
OZLJ OK
OJIT OK
OJIS OK
OZJS OK
OJIZ OK
OJIL OK
OJTI OK
OJTS OK
OJTZ OK
OJTL OK
OZLS OK
OJSI OK
OJST OK
OJSZ OK
OJSL OK
OJZI OK
OJZT OK
OJZL OK
OJLI OK
OJLT OK
OJLS OK
OJLZ OK
OLIT OK
OLIS OK
OLIZ OK
OLIJ OK
OLTI OK
OLTS OK
OLTZ OK
OLTJ OK
OLSI OK
OLST OK
OLSZ OK
OLSJ OK
OLZI OK
OLZT OK
OLZJ OK
OLJI OK
OLJT OK
OLJS OK
OLJZ OK
TIOS OK
TIOZ OK
TIOJ OK
TIOL OK
TISO OK
TISJ OK
TISZ OK
TISL OK
TIZO OK
TIZJ OK
TIZL OK
TIZS OK
TIJO OK
TIJS OK
OLZS OK
TIJZ OK
TIJL OK
TILO OK
TILS OK
TILZ OK
TILJ OK
TOIZ OK
TOIS OK
TOIJ OK
TOIL OK
TOSI OK
TOSJ OK
TOSL OK
TOZI OK
TOZJ OK
TOSZ OK
TOZL OK
TOJI OK
TOJS OK
TOZS OK
TOJZ OK
TOJL OK
OJZS OK
TOLI OK
TOLS OK
TOLZ OK
TOLJ OK
TSIO OK
TSIJ OK
TSIL OK
TSOI OK
TSOJ OK
TSOL OK
TSIZ OK
TSZI OK
TSZJ OK
TSZL OK
TSJI OK
TSJO OK
TSOZ OK
TSJZ OK
TSJL OK
TSLI OK
TSLO OK
TSLZ OK
TSZO OK
TSLJ OK
TZIO OK
TZIJ OK
TZIL OK
TZOI OK
TZIS OK
TZOJ OK
TZOL OK
TZSI OK
TZSJ OK
TZSL OK
TZOS OK
TZJI OK
TZJO OK
TZSO OK
TZLI OK
TZJL OK
TZJS OK
TZLO OK
TJIO OK
TJIS OK
TZLS OK
TZLJ OK
TJIZ OK
TJIL OK
TJOI OK
TJOS OK
TJOZ OK
TJOL OK
TJSI OK
TJSO OK
TJZI OK
TJZO OK
TJSZ OK
TJSL OK
TJLI OK
TJLO OK
TJZS OK
TJZL OK
TLIO OK
TLIS OK
TJLS OK
TLIZ OK
TJLZ OK
TLIJ OK
TLOI OK
TLOS OK
TLOZ OK
TLOJ OK
TLSI OK
TLSO OK
TLSZ OK
TLSJ OK
TLZI OK
TLZO OK
TLZJ OK
TLJI OK
TLJO OK
TLZS OK
TLJS OK
TLJZ OK
SIOT OK
SIOZ OK
SIOJ OK
SIOL OK
SITO OK
SITJ OK
SITL OK
SIZJ OK
SIZL OK
SITZ OK
SIJO OK
SIJT OK
SIZT OK
SIJL OK
SILO OK
SIJZ OK
SILT OK
SILZ OK
SILJ OK
SIZO OK
SOIT OK
SOIJ OK
SOIZ OK
SOIL OK
SOTI OK
SOTJ OK
SOTL OK
SOZI OK
SOZJ OK
SOZL OK
SOJI OK
SOJT OK
SOTZ OK
SOJZ OK
SOJL OK
SOZT OK
SOLI OK
SOLT OK
SOLZ OK
SOLJ OK
STIO OK
STIL OK
STOI OK
STIJ OK
STOJ OK
STOL OK
STIZ OK
STZI OK
STOZ OK
STZJ OK
STZL OK
STJI OK
STJO OK
STJZ OK
STJL OK
STLI OK
STLO OK
STZO OK
STLZ OK
STLJ OK
SZIJ OK
SZIL OK
SZIT OK
SZIO OK
SZOT OK
SZOJ OK
SZOL OK
SZOI OK
SZTJ OK
SZTL OK
SZJI OK
SZTO OK
SZJT OK
SZTI OK
SZLI OK
SZLT OK
SZJL OK
SZJO OK
SZLJ OK
SJIO OK
SJIT OK
SJIZ OK
SJIL OK
SJOI OK
SZLO OK
SJOT OK
SJOZ OK
SJOL OK
SJTO OK
SJTI OK
SJTZ OK
SJTL OK
SJZI OK
SJZL OK
SJZT OK
SJLI OK
SJLT OK
SJLO OK
SJLZ OK
SLIO OK
SLIT OK
SLIZ OK
SLOI OK
SLIJ OK
SLOT OK
SLOZ OK
SLOJ OK
SLTI OK
SLTZ OK
SLTO OK
SJZO OK
SLTJ OK
SLZI OK
SLZT OK
SLJI OK
SLZJ OK
SLJO OK
SLJT OK
SLJZ OK
ZIOJ OK
ZIOT OK
SLZO OK
ZIOL OK
ZITO OK
ZITJ OK
ZITL OK
ZIOS OK
ZISJ OK
ZITS OK
ZISL OK
ZIST OK
ZIJO OK
ZIJT OK
ZIJL OK
ZIJS OK
ZILT OK
ZISO OK
ZILO OK
ZILJ OK
ZILS OK
ZOIJ OK
ZOIL OK
ZOTI OK
ZOIT OK
ZOTJ OK
ZOTL OK
ZOTS OK
ZOIS OK
ZOST OK
ZOSL OK
ZOSI OK
ZOJI OK
ZOJT OK
ZOSJ OK
ZOJL OK
ZOLI OK
ZOLT OK
ZOLJ OK
ZTIO OK
ZOJS OK
ZTIS OK
ZTIL OK
ZTIJ OK
ZTOI OK
ZOLS OK
ZTOJ OK
ZTOL OK
ZTSI OK
ZTSJ OK
ZTOS OK
ZTSL OK
ZTJI OK
ZTJO OK
ZTSO OK
ZTLI OK
ZTJS OK
ZTLO OK
ZTJL OK
ZTLJ OK
ZTLS OK
ZSIL OK
ZSIJ OK
ZSIO OK
ZSIT OK
ZSOT OK
ZSOL OK
ZSOI OK
ZSOJ OK
ZSTJ OK
ZSTL OK
ZSTO OK
ZSJI OK
ZSTI OK
ZSJT OK
ZSLI OK
ZSJL OK
ZSLT OK
ZSJO OK
ZJIO OK
ZJIT OK
ZSLJ OK
ZSLO OK
ZJIS OK
ZJIL OK
ZJOT OK
ZJOI OK
ZJOL OK
ZJTO OK
ZJTI OK
ZJSI OK
ZJTL OK
ZJTS OK
ZJOS OK
ZJLI OK
ZJLO OK
ZJST OK
ZJSL OK
ZJLT OK
ZJSO OK
ZLIT OK
ZLIO OK
ZLIJ OK
ZJLS OK
ZLIS OK
ZLOT OK
ZLOI OK
ZLOJ OK
ZLTI OK
ZLTO OK
ZLTJ OK
ZLTS OK
ZLOS OK
ZLST OK
ZLSI OK
ZLJI OK
ZLJO OK
ZLJT OK
ZLSO OK
JIOT OK
JIOS OK
JIOZ OK
ZLJS OK
ZLSJ OK
JIOL OK
JITO OK
JITS OK
JITZ OK
JITL OK
JIST OK
JISL OK
JISO OK
JIZO OK
JIZT OK
JISZ OK
JIZS OK
JIZL OK
JILO OK
JILT OK
JILS OK
JOIT OK
JILZ OK
JOIS OK
JOIZ OK
JOIL OK
JOTI OK
JOTS OK
JOTZ OK
JOTL OK
JOSI OK
JOST OK
JOSZ OK
JOSL OK
JOZI OK
JOZT OK
JOZL OK
JOLI OK
JOLT OK
JOLS OK
JOLZ OK
JTIO OK
JTIS OK
JTIZ OK
JTIL OK
JTOI OK
JTOS OK
JTOZ OK
JTOL OK
JTSI OK
JTSO OK
JTSZ OK
JTZI OK
JTSL OK
JTZO OK
JTZL OK
JTLI OK
JTZS OK
JTLO OK
JTLS OK
JTLZ OK
JSIO OK
JSIT OK
JSIL OK
JSIZ OK
JSOI OK
JSOT OK
JSOZ OK
JSOL OK
JSTI OK
JSTO OK
JSTZ OK
JSTL OK
JSZI OK
JSZT OK
JSZL OK
JSLI OK
JSLO OK
JSLT OK
JSLZ OK
JZIO OK
JZIT OK
JZIS OK
JZIL OK
JZOI OK
JZOT OK
JSZO OK
JZOL OK
JZTI OK
JZTO OK
JZTL OK
JZSI OK
JZTS OK
JZST OK
JZSO OK
JOZS OK
JZLI OK
JZSL OK
JZLO OK
JLIO OK
JZLT OK
JZLS OK
JLIT OK
JLIS OK
JLIZ OK
JLOI OK
JLOT OK
JLOS OK
JLOZ OK
JLTI OK
JLTO OK
JLTS OK
JLTZ OK
JLSI OK
JLSO OK
JLST OK
JLZO OK
JLZI OK
JLZT OK
LIOT OK
LIOS OK
LIOZ OK
LIOJ OK
LITO OK
JLZS OK
LITS OK
LITZ OK
LITJ OK
LISO OK
LIST OK
LISZ OK
LISJ OK
JLSZ OK
LIZT OK
LIZO OK
LIZJ OK
LIJO OK
LIJT OK
LIJS OK
LIJZ OK
LOIT OK
JZOS OK
LOIS OK
LOIZ OK
LOIJ OK
LOTI OK
LOTS OK
LOTZ OK
LOTJ OK
LOSI OK
LOST OK
LOSZ OK
LOSJ OK
LIZS OK
LOZI OK
LOZT OK
LOZJ OK
LOJI OK
LOJT OK
LOJS OK
LOJZ OK
LTIO OK
LTIS OK
LTIZ OK
LTIJ OK
LTOI OK
LTOS OK
LTOZ OK
LTOJ OK
LTSI OK
LTSO OK
LTSZ OK
LTSJ OK
LTZI OK
LTZO OK
LTZJ OK
LTJI OK
LTZS OK
LTJO OK
LTJS OK
LSIO OK
LTJZ OK
LSIT OK
LSIZ OK
LSIJ OK
LSOI OK
LSOT OK
LSOZ OK
LSOJ OK
LSTI OK
LSTO OK
LSTZ OK
LSTJ OK
LSZI OK
LOZS OK
LSZT OK
LSZJ OK
LSJI OK
LSJO OK
LSJT OK
LSJZ OK
LZIT OK
LZIO OK
LZIJ OK
LZOI OK
LZOT OK
LZIS OK
LZOJ OK
LSZO OK
LZTI OK
LZTO OK
LZTJ OK
LZTS OK
LZST OK
LZSI OK
LZJI OK
LZSJ OK
LZJO OK
LZJT OK
LJIO OK
LJIT OK
LJIS OK
LZSO OK
LZJS OK
LJIZ OK
LZOS OK
LJOI OK
LJOT OK
LJOS OK
LJTI OK
LJOZ OK
LJTO OK
LJTS OK
LJSI OK
LJTZ OK
LJSO OK
LJST OK
LJZI OK
LJZO OK
LJZT OK
LJSZ OK
LJZS OK
