IOTJ OK
IOTL OK
IOTS OK
IOTZ OK
IOST OK
IOSZ OK
IOSL OK
IOSJ OK
IOZL OK
IOZJ OK
IOJT OK
IOJS OK
IOJZ OK
IOJL OK
IOLT OK
IOLS OK
IOZT OK
IOLZ OK
IOLJ OK
ITOJ OK
ITOS OK
ITOZ OK
ITOL OK
ITSO OK
ITSL OK
ITSJ OK
ITZO OK
IOZS OK
ITZL OK
ITZS OK
ITZJ OK
ITJO OK
ITJZ OK
ITJS OK
ITJL OK
ITLO OK
ITLZ OK
ITLS OK
ITSZ OK
ITLJ OK
ISOZ OK
ISOJ OK
ISOT OK
ISOL OK
ISTO OK
ISTJ OK
ISTL OK
ISZJ OK
ISZL OK
ISTZ OK
ISJO OK
ISZT OK
ISJT OK
ISJL OK
ISJZ OK
ISLO OK
ISLT OK
ISLZ OK
ISLJ OK
ISZO OK
IZOJ OK
IZOL OK
IZTO OK
IZOT OK
IZTJ OK
IZTL OK
IZTS OK
IZOS OK
IZSJ OK
IZSL OK
IZST OK
IZJO OK
IZJT OK
IZJL OK
IZJS OK
IZLT OK
IZSO OK
IZLO OK
IZLJ OK
IJOT OK
IZLS OK
IJOS OK
IJOZ OK
IJOL OK
IJTO OK
IJTS OK
IJTZ OK
IJTL OK
IJST OK
IJSO OK
IJSL OK
IJZT OK
IJZO OK
IJSZ OK
IJZS OK
IJZL OK
IJLO OK
IJLT OK
IJLS OK
IJLZ OK
ILOT OK
ILOS OK
ILOZ OK
ILOJ OK
ILTO OK
ILTS OK
ILTZ OK
ILTJ OK
ILSO OK
ILST OK
ILSZ OK
ILSJ OK
ILZT OK
ILZJ OK
ILZO OK
ILJO OK
ILJT OK
ILJS OK
ILZS OK
ILJZ OK
OITJ OK
OITS OK
OITL OK
OITZ OK
OIST OK
OISZ OK
OISJ OK
OISL OK
OIZL OK
OIZJ OK
OIJT OK
OIJS OK
OIJZ OK
OIJL OK
OIZT OK
OILT OK
OILS OK
OILZ OK
OILJ OK
OTIS OK
OTIJ OK
OTIZ OK
OTIL OK
OTSI OK
OIZS OK
OTSJ OK
OTSL OK
OTZI OK
OTZJ OK
OTZL OK
OTJI OK
OTSZ OK
OTJS OK
OTJZ OK
OTJL OK
OTLI OK
OTLS OK
OTZS OK
OTLJ OK
OTLZ OK
OSIT OK
OSIZ OK
OSIJ OK
OSIL OK
OSTI OK
OSTJ OK
OSTL OK
OSZI OK
OSZJ OK
OSZL OK
OSJT OK
OSJI OK
OSTZ OK
OSJZ OK
OSJL OK
OSZT OK
OSLI OK
OSLT OK
OSLZ OK
OSLJ OK
OZIJ OK
OZIL OK
OZTI OK
OZTJ OK
OZIT OK
OZTL OK
OZTS OK
OZSJ OK
OZIS OK
OZSL OK
OZST OK
OZSI OK
OZJI OK
OZJT OK
OZJL OK
OZLI OK
OZLT OK
OZJS OK
OZLJ OK
OJIT OK
OJIS OK
OJIZ OK
OJIL OK
OJTI OK
OJTS OK
OJTL OK
OJTZ OK
OJSI OK
OZLS OK
OJST OK
OJSZ OK
OJSL OK
OJZI OK
OJZT OK
OJZL OK
OJLI OK
OJLT OK
OJLS OK
OJZS OK
OJLZ OK
OLIT OK
OLIS OK
OLIZ OK
OLIJ OK
OLTI OK
OLTS OK
OLTJ OK
OLTZ OK
OLSI OK
OLST OK
OLSJ OK
OLSZ OK
OLZI OK
OLZJ OK
OLJI OK
OLZT OK
OLJT OK
OLJZ OK
OLJS OK
TIOJ OK
TIOS OK
TIOZ OK
TIOL OK
TISO OK
TISL OK
TISJ OK
TIZO OK
TIZS OK
TIZJ OK
TIZL OK
TIJO OK
TIJS OK
TISZ OK
TIJZ OK
TIJL OK
TILO OK
TILS OK
TILZ OK
TILJ OK
OLZS OK
TOIS OK
TOIJ OK
TOIZ OK
TOIL OK
TOSI OK
TOSJ OK
TOSL OK
TOZI OK
TOZJ OK
TOJI OK
TOZL OK
TOJS OK
TOJZ OK
TOSZ OK
TOJL OK
TOLI OK
TOZS OK
TOLS OK
TOLJ OK
TOLZ OK
TSIO OK
TSIL OK
TSIJ OK
TSOI OK
TSOJ OK
TSOL OK
TSOZ OK
TSZI OK
TSZO OK
TSZJ OK
TSZL OK
TSJI OK
TSJO OK
TSIZ OK
TSJL OK
TSLI OK
TSJZ OK
TSLO OK
TSLZ OK
TSLJ OK
TZIO OK
TZIL OK
TZIS OK
TZIJ OK
TZOI OK
TZOJ OK
TZOL OK
TZSI OK
TZSJ OK
TZSL OK
TZJI OK
TZOS OK
TZJO OK
TZSO OK
TZJS OK
TZLI OK
TZJL OK
TZLO OK
TJIO OK
TZLS OK
TZLJ OK
TJIS OK
TJIZ OK
TJIL OK
TJOI OK
TJOS OK
TJOZ OK
TJOL OK
TJSI OK
TJSO OK
TJZI OK
TJZO OK
TJSZ OK
TJSL OK
TJLI OK
TJLO OK
TJZS OK
TJZL OK
TLIO OK
TLIS OK
TJLS OK
TJLZ OK
TLIZ OK
TLIJ OK
TLOI OK
TLOS OK
TLOZ OK
TLOJ OK
TLSI OK
TLSO OK
TLSZ OK
TLSJ OK
TLZI OK
TLZO OK
TLJI OK
TLZJ OK
TLJO OK
TLJS OK
TLZS OK
TLJZ OK
SIOT OK
SIOZ OK
SIOJ OK
SIOL OK
SITO OK
SITL OK
SITJ OK
SIZJ OK
SIZL OK
SIJO OK
SITZ OK
SIJT OK
SIZT OK
SIJZ OK
SIJL OK
SILO OK
SILT OK
SILZ OK
SILJ OK
SOIT OK
SIZO OK
SOIZ OK
SOIJ OK
SOIL OK
SOTI OK
SOTJ OK
SOTL OK
SOTZ OK
SOZI OK
SOZT OK
SOZL OK
SOZJ OK
SOJI OK
SOJT OK
SOJZ OK
SOJL OK
SOLI OK
SOLT OK
SOLJ OK
SOLZ OK
STIO OK
STIL OK
STOI OK
STIJ OK
STOJ OK
STOL OK
STOZ OK
STZI OK
STZO OK
STZJ OK
STZL OK
STJI OK
STJO OK
STIZ OK
STJZ OK
STJL OK
STLI OK
STLO OK
STLZ OK
STLJ OK
SZIL OK
SZIJ OK
SZOT OK
SZOJ OK
SZIT OK
SZIO OK
SZOL OK
SZTJ OK
SZOI OK
SZTO OK
SZTL OK
SZJI OK
SZJO OK
SZJT OK
SZTI OK
SZLI OK
SZJL OK
SZLT OK
SZLO OK
SJIO OK
SZLJ OK
SJIT OK
SJIZ OK
SJIL OK
SJOI OK
SJOT OK
SJOZ OK
SJOL OK
SJTI OK
SJTO OK
SJTL OK
SJTZ OK
SJZI OK
SJZT OK
SJZL OK
SJZO OK
SJLI OK
SJLO OK
SJLT OK
SLIO OK
SJLZ OK
SLIZ OK
SLIT OK
SLIJ OK
SLOI OK
SLOJ OK
SLOT OK
SLOZ OK
SLTI OK
SLTO OK
SLTZ OK
SLTJ OK
SLZI OK
SLZT OK
SLJI OK
SLZJ OK
SLZO OK
SLJO OK
SLJT OK
SLJZ OK
ZIOJ OK
ZIOL OK
ZITO OK
ZIOT OK
ZITJ OK
ZITL OK
ZITS OK
ZIOS OK
ZISL OK
ZISJ OK
ZIST OK
ZIJT OK
ZIJO OK
ZIJS OK
ZIJL OK
ZILO OK
ZISO OK
ZILT OK
ZILS OK
ZILJ OK
ZOIL OK
ZOIJ OK
ZOTI OK
ZOIT OK
ZOTJ OK
ZOTL OK
ZOTS OK
ZOIS OK
ZOSJ OK
ZOSL OK
ZOST OK
ZOJI OK
ZOSI OK
ZOJT OK
ZOJL OK
ZOLI OK
ZOJS OK
ZOLT OK
ZOLJ OK
ZTIO OK
ZTIS OK
ZTIJ OK
ZTIL OK
ZTOI OK
ZTOJ OK
ZOLS OK
ZTOL OK
ZTSI OK
ZTSJ OK
ZTOS OK
ZTSL OK
ZTJI OK
ZTJO OK
ZTSO OK
ZTLI OK
ZTJS OK
ZTJL OK
ZTLO OK
ZTLS OK
ZTLJ OK
ZSIL OK
ZSIJ OK
ZSIO OK
ZSIT OK
ZSOT OK
ZSOL OK
ZSOJ OK
ZSOI OK
ZSTJ OK
ZSTL OK
ZSJI OK
ZSJO OK
ZSTO OK
ZSJT OK
ZSTI OK
ZSJL OK
ZSLI OK
ZSLT OK
ZJIO OK
ZSLJ OK
ZSLO OK
ZJIT OK
ZJIL OK
ZJIS OK
ZJOI OK
ZJOT OK
ZJOL OK
ZJTO OK
ZJTI OK
ZJOS OK
ZJSI OK
ZJTL OK
ZJSO OK
ZJLI OK
ZJTS OK
ZJST OK
ZJSL OK
ZJLO OK
ZJLT OK
ZLIT OK
ZJLS OK
ZLIO OK
ZLIJ OK
ZLOT OK
ZLIS OK
ZLOI OK
ZLOJ OK
ZLTI OK
ZLTO OK
ZLTJ OK
ZLTS OK
ZLSI OK
ZLST OK
ZLJI OK
ZLOS OK
ZLSJ OK
ZLJO OK
ZLJT OK
JIOT OK
ZLJS OK
JIOS OK
JIOZ OK
ZLSO OK
JIOL OK
JITO OK
JITS OK
JITZ OK
JITL OK
JIST OK
JISL OK
JISO OK
JIZT OK
JISZ OK
JIZO OK
JIZS OK
JIZL OK
JILO OK
JILT OK
JILS OK
JILZ OK
JOIT OK
JOIS OK
JOIZ OK
JOIL OK
JOTI OK
JOTS OK
JOTZ OK
JOTL OK
JOSI OK
JOST OK
JOSZ OK
JOSL OK
JOZI OK
JOZT OK
JOZL OK
JOLI OK
JOLT OK
JOLS OK
JOLZ OK
JOZS OK
JTIO OK
JTIS OK
JTIZ OK
JTIL OK
JTOI OK
JTOS OK
JTOL OK
JTOZ OK
JTSI OK
JTSO OK
JTZI OK
JTZO OK
JTSL OK
JTSZ OK
JTLI OK
JTLO OK
JTZS OK
JTZL OK
JSIT OK
JSIO OK
JTLS OK
JTLZ OK
JSIL OK
JSIZ OK
JSOI OK
JSOT OK
JSOZ OK
JSOL OK
JSTI OK
JSTO OK
JSTL OK
JSTZ OK
JSZI OK
JSZT OK
JSZL OK
JSLI OK
JSZO OK
JSLO OK
JSLT OK
JSLZ OK
JZIO OK
JZIT OK
JZIL OK
JZIS OK
JZOT OK
JZOI OK
JZOL OK
JZTI OK
JZTO OK
JZOS OK
JZTS OK
JZTL OK
JZSI OK
JZLI OK
JZSO OK
JZST OK
JZLO OK
JLIO OK
JZLT OK
JZLS OK
JZSL OK
JLIT OK
JLIS OK
JLIZ OK
JLOI OK
JLOT OK
JLOS OK
JLOZ OK
JLTI OK
JLTO OK
JLTS OK
JLTZ OK
JLSI OK
JLSO OK
JLST OK
JLZI OK
JLZO OK
JLZT OK
LIOT OK
LIOS OK
LIOZ OK
LIOJ OK
LITO OK
LITS OK
LITZ OK
LITJ OK
LISO OK
LIST OK
LISZ OK
JLZS OK
LISJ OK
LIZT OK
LIZO OK
LIZJ OK
LIJO OK
LIZS OK
LIJT OK
LIJS OK
LOIT OK
LIJZ OK
LOIS OK
LOIZ OK
LOIJ OK
JLSZ OK
LOTI OK
LOTJ OK
LOTS OK
LOTZ OK
LOSI OK
LOST OK
LOSZ OK
LOSJ OK
LOZI OK
LOZJ OK
LOZT OK
LOJI OK
LOZS OK
LOJT OK
LOJS OK
LOJZ OK
LTIO OK
LTIS OK
LTIZ OK
LTIJ OK
LTOI OK
LTOS OK
LTOZ OK
LTOJ OK
LTSI OK
LTSO OK
LTSZ OK
LTSJ OK
LTZI OK
LTZO OK
LTZJ OK
LTJI OK
LTJO OK
LTZS OK
LTJS OK
LTJZ OK
LSIO OK
LSIT OK
LSIZ OK
LSIJ OK
LSOI OK
LSOT OK
LSOZ OK
LSOJ OK
LSTI OK
LSTO OK
LSTZ OK
LSTJ OK
LSZI OK
LSZT OK
LSJI OK
LSJO OK
LSZO OK
LSZJ OK
LSJT OK
LZIT OK
LSJZ OK
LZIO OK
LZIJ OK
LZIS OK
LZOT OK
LZOI OK
LZOJ OK
LZOS OK
LZTI OK
LZTO OK
LZTJ OK
LZTS OK
LZST OK
LZSI OK
LZSO OK
LZJI OK
LZJO OK
LZSJ OK
LZJT OK
LJIO OK
LJIT OK
LJIS OK
LJOI OK
LJIZ OK
LJOT OK
LJOS OK
LJOZ OK
LZJS OK
LJTI OK
LJTO OK
LJTS OK
LJTZ OK
LJSI OK
LJSO OK
LJST OK
LJZI OK
LJZO OK
LJZT OK
LJSZ OK
LJZS OK
