IOTS OK
IOTL OK
IOTZ OK
IOTJ OK
IOST OK
IOSJ OK
IOSL OK
IOSZ OK
IOZJ OK
IOZL OK
IOJT OK
IOJS OK
IOJZ OK
IOJL OK
IOZT OK
IOLT OK
IOLS OK
IOLZ OK
IOLJ OK
ITOS OK
IOZS OK
ITOZ OK
ITOJ OK
ITOL OK
ITSO OK
ITSL OK
ITSJ OK
ITZO OK
ITZJ OK
ITZL OK
ITZS OK
ITJO OK
ITJS OK
ITJZ OK
ITJL OK
ITLO OK
ITLS OK
ITLZ OK
ITLJ OK
ITSZ OK
ISOT OK
ISOZ OK
ISOJ OK
ISOL OK
ISTO OK
ISTL OK
ISTJ OK
ISZJ OK
ISZL OK
ISZO OK
ISTZ OK
ISJO OK
ISJT OK
ISZT OK
ISJL OK
ISLO OK
ISJZ OK
ISLT OK
ISLZ OK
ISLJ OK
IZOJ OK
IZOL OK
IZTO OK
IZOT OK
IZTJ OK
IZTL OK
IZOS OK
IZSO OK
IZSJ OK
IZST OK
IZSL OK
IZTS OK
IZJT OK
IZJO OK
IZJS OK
IZJL OK
IZLO OK
IZLT OK
IZLS OK
IZLJ OK
IJOT OK
IJOS OK
IJOZ OK
IJOL OK
IJTO OK
IJTS OK
IJTZ OK
IJTL OK
IJST OK
IJSO OK
IJSL OK
IJSZ OK
IJZO OK
IJZT OK
IJZS OK
IJLO OK
IJZL OK
IJLT OK
IJLS OK
ILOT OK
IJLZ OK
ILOS OK
ILOJ OK
ILTO OK
ILOZ OK
ILTS OK
ILTJ OK
ILTZ OK
ILSO OK
ILST OK
ILSZ OK
ILSJ OK
ILZT OK
ILZJ OK
ILZO OK
ILJO OK
ILJT OK
ILJS OK
ILJZ OK
ILZS OK
OITS OK
OITZ OK
OITJ OK
OITL OK
OIST OK
OISZ OK
OISJ OK
OISL OK
OIZJ OK
OIZL OK
OIJT OK
OIJS OK
OIJZ OK
OIJL OK
OILT OK
OIZT OK
OILS OK
OILJ OK
OILZ OK
OTIS OK
OTIZ OK
OTIJ OK
OIZS OK
OTIL OK
OTSI OK
OTSJ OK
OTSL OK
OTZI OK
OTZJ OK
OTZL OK
OTJI OK
OTJS OK
OTJZ OK
OTJL OK
OTSZ OK
OTLI OK
OTLS OK
OTZS OK
OTLZ OK
OTLJ OK
OSIT OK
OSIZ OK
OSIJ OK
OSIL OK
OSTI OK
OSTJ OK
OSTL OK
OSZI OK
OSZJ OK
OSZL OK
OSTZ OK
OSJI OK
OSJT OK
OSZT OK
OSJL OK
OSJZ OK
OSLI OK
OSLT OK
OSLJ OK
OSLZ OK
OZIJ OK
OZIL OK
OZIT OK
OZTJ OK
OZTI OK
OZIS OK
OZTL OK
OZTS OK
OZSJ OK
OZSL OK
OZJI OK
OZJT OK
OZST OK
OZJL OK
OZJS OK
OZSI OK
OZLT OK
OZLI OK
OZLJ OK
OJIT OK
OJIS OK
OJIZ OK
OJIL OK
OJTI OK
OJTS OK
OJTZ OK
OJTL OK
OJSI OK
OJST OK
OJSZ OK
OZLS OK
OJSL OK
OJZI OK
OJZT OK
OJZL OK
OJLI OK
OJLT OK
OJLS OK
OJZS OK
OJLZ OK
OLIT OK
OLIJ OK
OLIS OK
OLIZ OK
OLTI OK
OLTS OK
OLTZ OK
OLTJ OK
OLSI OK
OLST OK
OLSJ OK
OLSZ OK
OLZI OK
OLZT OK
OLZJ OK
OLJI OK
OLJT OK
OLJS OK
OLJZ OK
TIOS OK
TIOZ OK
TIOJ OK
TIOL OK
TISO OK
TISJ OK
TISL OK
TIZO OK
TIZS OK
TIZJ OK
TIZL OK
TIJO OK
TIJS OK
TISZ OK
TIJZ OK
TIJL OK
TILO OK
TILS OK
TILZ OK
TILJ OK
TOIS OK
TOIZ OK
TOIJ OK
TOIL OK
OLZS OK
TOSI OK
TOSJ OK
TOSL OK
TOZI OK
TOZJ OK
TOZL OK
TOJI OK
TOJS OK
TOJZ OK
TOSZ OK
TOJL OK
TOLI OK
TOLS OK
TOLZ OK
TOZS OK
TOLJ OK
TSIO OK
TSIL OK
TSIJ OK
TSOI OK
TSOJ OK
TSOL OK
TSOZ OK
TSZI OK
TSZJ OK
TSZO OK
TSZL OK
TSIZ OK
TSJI OK
TSJO OK
TSJL OK
TSJZ OK
TSLI OK
TSLO OK
TSLZ OK
TSLJ OK
TZIO OK
TZIJ OK
TZIL OK
TZOI OK
TZIS OK
TZOJ OK
TZOL OK
TZSI OK
TZSJ OK
TZSL OK
TZJI OK
TZJO OK
TZJS OK
TZOS OK
TZJL OK
TZLI OK
TZLO OK
TZSO OK
TZLJ OK
TJIO OK
TZLS OK
TJIS OK
TJIZ OK
TJIL OK
TJOI OK
TJOS OK
TJOZ OK
TJOL OK
TJSO OK
TJSI OK
TJSL OK
TJZI OK
TJZO OK
TJSZ OK
TJZS OK
TJZL OK
TJLI OK
TJLO OK
TJLS OK
TLIO OK
TLIS OK
TJLZ OK
TLIZ OK
TLIJ OK
TLOI OK
TLOS OK
TLOJ OK
TLOZ OK
TLSI OK
TLSO OK
TLSZ OK
TLSJ OK
TLZI OK
TLZO OK
TLZJ OK
TLJI OK
TLJO OK
TLJS OK
TLZS OK
TLJZ OK
SIOT OK
SIOZ OK
SIOJ OK
SIOL OK
SITO OK
SITL OK
SITJ OK
SIZJ OK
SIZL OK
SIZO OK
SIJO OK
SITZ OK
SIJT OK
SIZT OK
SIJL OK
SIJZ OK
SILO OK
SILZ OK
SILT OK
SILJ OK
SOIT OK
SOIZ OK
SOIL OK
SOIJ OK
SOTI OK
SOTJ OK
SOTL OK
SOZI OK
SOTZ OK
SOZL OK
SOZT OK
SOJI OK
SOZJ OK
SOJT OK
SOJL OK
SOJZ OK
SOLI OK
SOLT OK
SOLJ OK
SOLZ OK
STIO OK
STIL OK
STIJ OK
STOI OK
STOJ OK
STOL OK
STOZ OK
STZI OK
STZJ OK
STZO OK
STIZ OK
STZL OK
STJO OK
STJI OK
STJL OK
STLI OK
STJZ OK
STLO OK
STLZ OK
STLJ OK
SZIJ OK
SZIL OK
SZIO OK
SZIT OK
SZOT OK
SZOL OK
SZOJ OK
SZOI OK
SZTJ OK
SZTL OK
SZTO OK
SZJI OK
SZJT OK
SZJO OK
SZTI OK
SZLI OK
SZJL OK
SZLT OK
SZLJ OK
SJIT OK
SJIO OK
SZLO OK
SJIL OK
SJIZ OK
SJOI OK
SJOT OK
SJOL OK
SJOZ OK
SJTO OK
SJTI OK
SJTL OK
SJTZ OK
SJZI OK
SJZO OK
SJZT OK
SJLI OK
SJZL OK
SJLO OK
SJLT OK
SLIO OK
SJLZ OK
SLIT OK
SLIZ OK
SLOI OK
SLIJ OK
SLOT OK
SLOZ OK
SLTI OK
SLOJ OK
SLTO OK
SLTZ OK
SLTJ OK
SLZI OK
SLZT OK
SLJI OK
SLZJ OK
SLJO OK
SLJT OK
SLJZ OK
SLZO OK
ZIOJ OK
ZIOL OK
ZITO OK
ZIOT OK
ZITJ OK
ZITL OK
ZIOS OK
ZISO OK
ZIST OK
ZISJ OK
ZISL OK
ZIJT OK
ZIJO OK
ZITS OK
ZIJS OK
ZIJL OK
ZILO OK
ZILT OK
ZILS OK
ZILJ OK
ZOIJ OK
ZOIL OK
ZOIT OK
ZOIS OK
ZOTJ OK
ZOTI OK
ZOTL OK
ZOTS OK
ZOSJ OK
ZOSL OK
ZOJI OK
ZOJT OK
ZOST OK
ZOJL OK
ZOSI OK
ZOLI OK
ZOJS OK
ZOLT OK
ZOLJ OK
ZTIO OK
ZTIJ OK
ZTIL OK
ZTIS OK
ZTOI OK
ZTOJ OK
ZTOL OK
ZOLS OK
ZTSI OK
ZTSJ OK
ZTSL OK
ZTJI OK
ZTOS OK
ZTJO OK
ZTJS OK
ZTJL OK
ZTLI OK
ZTSO OK
ZTLO OK
ZTLJ OK
ZTLS OK
ZSIO OK
ZSIT OK
ZSIJ OK
ZSIL OK
ZSOI OK
ZSOL OK
ZSOJ OK
ZSTI OK
ZSTJ OK
ZSTL OK
ZSOT OK
ZSJI OK
ZSJT OK
ZSJO OK
ZSTO OK
ZSLI OK
ZSJL OK
ZSLT OK
ZJIO OK
ZSLJ OK
ZJIT OK
ZSLO OK
ZJIL OK
ZJIS OK
ZJOI OK
ZJOT OK
ZJOL OK
ZJTI OK
ZJTO OK
ZJOS OK
ZJTS OK
ZJTL OK
ZJSI OK
ZJST OK
ZJSO OK
ZJLI OK
ZJLO OK
ZJSL OK
ZJLS OK
ZJLT OK
ZLIO OK
ZLIT OK
ZLIS OK
ZLIJ OK
ZLOI OK
ZLOT OK
ZLOJ OK
ZLTI OK
ZLTO OK
ZLTJ OK
ZLSI OK
ZLTS OK
ZLST OK
ZLSJ OK
ZLJI OK
ZLOS OK
ZLJO OK
ZLJT OK
ZLJS OK
JIOT OK
JIOS OK
JIOZ OK
ZLSO OK
JIOL OK
JITO OK
JITS OK
JITZ OK
JITL OK
JIST OK
JISL OK
JISO OK
JIZO OK
JIZT OK
JISZ OK
JIZS OK
JIZL OK
JILO OK
JILT OK
JILS OK
JILZ OK
JOIT OK
JOIS OK
JOIZ OK
JOIL OK
JOTI OK
JOTS OK
JOTZ OK
JOTL OK
JOSI OK
JOST OK
JOSL OK
JOSZ OK
JOZI OK
JOZT OK
JOZL OK
JOLI OK
JOLT OK
JOLS OK
JOLZ OK
JTIO OK
JOZS OK
JTIS OK
JTIZ OK
JTIL OK
JTOI OK
JTOS OK
JTOZ OK
JTOL OK
JTSI OK
JTSO OK
JTSL OK
JTZI OK
JTZO OK
JTZS OK
JTZL OK
JTSZ OK
JTLI OK
JTLO OK
JSIO OK
JSIT OK
JTLS OK
JTLZ OK
JSIL OK
JSOI OK
JSIZ OK
JSOT OK
JSOZ OK
JSOL OK
JSTI OK
JSTO OK
JSTL OK
JSTZ OK
JSZI OK
JSZO OK
JSZT OK
JSLI OK
JSZL OK
JSLT OK
JSLO OK
JSLZ OK
JZIO OK
JZIT OK
JZIL OK
JZIS OK
JZOT OK
JZOI OK
JZTI OK
JZOL OK
JZTO OK
JZOS OK
JZTS OK
JZTL OK
JZSI OK
JZST OK
JZLI OK
JZLO OK
JZSO OK
JZLT OK
JLIO OK
JLIT OK
JZLS OK
JZSL OK
JLIS OK
JLIZ OK
JLOI OK
JLOT OK
JLOS OK
JLOZ OK
JLTI OK
JLTO OK
JLTS OK
JLSI OK
JLTZ OK
JLSO OK
JLST OK
JLZI OK
JLZO OK
JLZT OK
LIOT OK
LIOS OK
LIOZ OK
LIOJ OK
JLSZ OK
LITO OK
JLZS OK
LITZ OK
LITS OK
LITJ OK
LIST OK
LISO OK
LISZ OK
LISJ OK
LIZT OK
LIZJ OK
LIJO OK
LIZO OK
LIJT OK
LIZS OK
LIJS OK
LIJZ OK
LOIT OK
LOIS OK
LOIZ OK
LOIJ OK
LOTI OK
LOTS OK
LOTZ OK
LOTJ OK
LOSI OK
LOST OK
LOSZ OK
LOSJ OK
LOZI OK
LOZT OK
LOZJ OK
LOJI OK
LOJT OK
LOJS OK
LOZS OK
LTIO OK
LOJZ OK
LTIS OK
LTIZ OK
LTIJ OK
LTOI OK
LTOS OK
LTOZ OK
LTOJ OK
LTSI OK
LTSO OK
LTSZ OK
LTZI OK
LTSJ OK
LTZO OK
LTJI OK
LTZJ OK
LTJO OK
LTZS OK
LTJS OK
LTJZ OK
LSIO OK
LSIT OK
LSIZ OK
LSIJ OK
LSOI OK
LSOT OK
LSOJ OK
LSOZ OK
LSTI OK
LSTO OK
LSTJ OK
LSTZ OK
LSZI OK
LSZT OK
LSJI OK
LSZO OK
LSZJ OK
LSJO OK
LSJT OK
LZIT OK
LSJZ OK
LZIO OK
LZIJ OK
LZIS OK
LZOT OK
LZOI OK
LZOS OK
LZTI OK
LZOJ OK
LZTO OK
LZTJ OK
LZTS OK
LZST OK
LZSO OK
LZSI OK
LZJI OK
LZJO OK
LZJT OK
LZSJ OK
LZJS OK
LJIO OK
LJIT OK
LJIS OK
LJIZ OK
LJOI OK
LJOT OK
LJOS OK
LJOZ OK
LJTI OK
LJTO OK
LJTS OK
LJSI OK
LJTZ OK
LJSO OK
LJST OK
LJZI OK
LJZO OK
LJZT OK
LJSZ OK
LJZS OK
