IOTJ OK
IOTZ OK
IOTS OK
IOTL OK
IOSJ OK
IOSL OK
IOST OK
IOZT OK
IOSZ OK
IOZJ OK
IOJT OK
IOZL OK
IOJS OK
IOJZ OK
IOZS OK
IOJL OK
IOLT OK
IOLS OK
IOLJ OK
IOLZ OK
ITOJ OK
ITOS OK
ITOZ OK
ITOL OK
ITSO OK
ITSJ OK
ITSL OK
ITZO OK
ITZS OK
ITZJ OK
ITZL OK
ITJO OK
ITJS OK
ITSZ OK
ITJZ OK
ITJL OK
ITLO OK
ITLZ OK
ITLS OK
ITLJ OK
ISOJ OK
ISOL OK
ISTO OK
ISOT OK
ISTJ OK
ISTL OK
ISOZ OK
ISTZ OK
ISZJ OK
ISZL OK
ISZO OK
ISZT OK
ISJO OK
ISJT OK
ISJZ OK
ISJL OK
ISLT OK
ISLO OK
ISLZ OK
ISLJ OK
IZOT OK
IZOJ OK
IZOL OK
IZTO OK
IZTS OK
IZTJ OK
IZTL OK
IZSO OK
IZOS OK
IZST OK
IZSJ OK
IZSL OK
IZJO OK
IZJT OK
IZJL OK
IZLT OK
IZJS OK
IZLO OK
IZLJ OK
IJOT OK
IZLS OK
IJOS OK
IJOZ OK
IJOL OK
IJTO OK
IJTS OK
IJTL OK
IJTZ OK
IJSO OK
IJSZ OK
IJST OK
IJSL OK
IJZO OK
IJZT OK
IJZL OK
IJLO OK
IJZS OK
IJLT OK
IJLS OK
IJLZ OK
ILOT OK
ILOS OK
ILOJ OK
ILOZ OK
ILTO OK
ILTS OK
ILTZ OK
ILTJ OK
ILSO OK
ILST OK
ILSJ OK
ILZO OK
ILZT OK
ILZS OK
ILZJ OK
ILJO OK
ILJT OK
ILJZ OK
ILJS OK
OITS OK
OITZ OK
OITJ OK
OITL OK
OIST OK
OISZ OK
OISJ OK
ILSZ OK
OISL OK
OIZJ OK
OIZL OK
OIJT OK
OIZT OK
OIJS OK
OIJZ OK
OIJL OK
OILT OK
OILS OK
OIZS OK
OILZ OK
OILJ OK
OTIS OK
OTIJ OK
OTIZ OK
OTIL OK
OTSI OK
OTSJ OK
OTSL OK
OTZI OK
OTZJ OK
OTZL OK
OTSZ OK
OTJI OK
OTJS OK
OTJZ OK
OTJL OK
OTLI OK
OTZS OK
OTLS OK
OTLZ OK
OTLJ OK
OSIT OK
OSIJ OK
OSIZ OK
OSIL OK
OSTI OK
OSTJ OK
OSTL OK
OSZI OK
OSZJ OK
OSTZ OK
OSJI OK
OSJT OK
OSZT OK
OSJZ OK
OSJL OK
OSZL OK
OSLT OK
OSLI OK
OSLJ OK
OZIT OK
OZIJ OK
OZIL OK
OZTI OK
OZTS OK
OZTJ OK
OZIS OK
OZTL OK
OZST OK
OZSJ OK
OSLZ OK
OZJI OK
OZSI OK
OZJT OK
OZSL OK
OZJL OK
OZJS OK
OZLI OK
OZLT OK
OZLJ OK
OJIT OK
OJIS OK
OJIZ OK
OJIL OK
OJTI OK
OJTS OK
OZLS OK
OJTZ OK
OJTL OK
OJSI OK
OJST OK
OJSL OK
OJZI OK
OJSZ OK
OJZT OK
OJZL OK
OJLI OK
OJLT OK
OJZS OK
OJLS OK
OJLZ OK
OLIT OK
OLIJ OK
OLIS OK
OLIZ OK
OLTS OK
OLTI OK
OLTZ OK
OLTJ OK
OLSI OK
OLST OK
OLSZ OK
OLSJ OK
OLZI OK
OLZT OK
OLZJ OK
OLJI OK
OLJT OK
OLJS OK
OLJZ OK
TIOS OK
OLZS OK
TIOZ OK
TIOJ OK
TIOL OK
TISO OK
TISJ OK
TISL OK
TIZO OK
TIZS OK
TIZJ OK
TIZL OK
TIJO OK
TIJS OK
TIJL OK
TIJZ OK
TISZ OK
TILO OK
TILS OK
TILZ OK
TILJ OK
TOIZ OK
TOIS OK
TOIJ OK
TOIL OK
TOSI OK
TOSJ OK
TOSL OK
TOZI OK
TOZJ OK
TOZL OK
TOJI OK
TOSZ OK
TOJS OK
TOJZ OK
TOJL OK
TOZS OK
TOLI OK
TOLS OK
TOLZ OK
TOLJ OK
TSIO OK
TSIJ OK
TSIL OK
TSOI OK
TSOZ OK
TSOJ OK
TSOL OK
TSZI OK
TSZO OK
TSZJ OK
TSZL OK
TSIZ OK
TSJO OK
TSJI OK
TSJZ OK
TSJL OK
TSLI OK
TSLO OK
TSLZ OK
TSLJ OK
TZIO OK
TZIS OK
TZIJ OK
TZIL OK
TZOI OK
TZOJ OK
TZOL OK
TZSI OK
TZSJ OK
TZSL OK
TZOS OK
TZJI OK
TZJO OK
TZJL OK
TZSO OK
TZJS OK
TZLI OK
TZLO OK
TZLS OK
TJIO OK
TZLJ OK
TJIS OK
TJIL OK
TJIZ OK
TJOI OK
TJOS OK
TJOZ OK
TJOL OK
TJSO OK
TJSI OK
TJSZ OK
TJSL OK
TJZI OK
TJZO OK
TJZL OK
TJZS OK
TJLI OK
TJLO OK
TJLS OK
TJLZ OK
TLIO OK
TLIS OK
TLIZ OK
TLIJ OK
TLOI OK
TLOS OK
TLOZ OK
TLOJ OK
TLSI OK
TLSO OK
TLSJ OK
TLSZ OK
TLZI OK
TLZO OK
TLZS OK
TLZJ OK
TLJI OK
TLJO OK
TLJS OK
TLJZ OK
SIOT OK
SIOJ OK
SIOL OK
SITO OK
SITJ OK
SITL OK
SITZ OK
SIOZ OK
SIZJ OK
SIZT OK
SIZL OK
SIZO OK
SIJO OK
SIJT OK
SIJZ OK
SIJL OK
SILT OK
SILO OK
SILZ OK
SILJ OK
SOIT OK
SOIJ OK
SOIZ OK
SOIL OK
SOTI OK
SOTZ OK
SOTJ OK
SOTL OK
SOZI OK
SOZT OK
SOZJ OK
SOJI OK
SOZL OK
SOJT OK
SOJZ OK
SOJL OK
SOLI OK
SOLT OK
SOLZ OK
SOLJ OK
STIO OK
STIJ OK
STIL OK
STOI OK
STOZ OK
STOJ OK
STOL OK
STIZ OK
STZI OK
STZO OK
STZJ OK
STZL OK
STJI OK
STJO OK
STLI OK
STJZ OK
STJL OK
STLO OK
STLZ OK
STLJ OK
SZIJ OK
SZIL OK
SZIT OK
SZOT OK
SZIO OK
SZOJ OK
SZOL OK
SZTO OK
SZOI OK
SZTL OK
SZTI OK
SZJI OK
SZTJ OK
SZJO OK
SZJT OK
SZJL OK
SZLI OK
SZLJ OK
SZLT OK
SZLO OK
SJIO OK
SJIT OK
SJIZ OK
SJIL OK
SJOI OK
SJOT OK
SJOZ OK
SJOL OK
SJTI OK
SJTO OK
SJTZ OK
SJTL OK
SJZI OK
SJZO OK
SJZT OK
SJLI OK
SJLO OK
SJZL OK
SJLT OK
SJLZ OK
SLIO OK
SLIT OK
SLIZ OK
SLIJ OK
SLOI OK
SLOT OK
SLOJ OK
SLOZ OK
SLTI OK
SLTO OK
SLTZ OK
SLTJ OK
SLZI OK
SLZT OK
SLZO OK
SLZJ OK
SLJI OK
SLJO OK
SLJT OK
SLJZ OK
ZIOT OK
ZIOJ OK
ZIOL OK
ZITO OK
ZITS OK
ZITJ OK
ZITL OK
ZISO OK
ZIST OK
ZIOS OK
ZISJ OK
ZISL OK
ZIJO OK
ZIJT OK
ZIJL OK
ZIJS OK
ZILO OK
ZILT OK
ZILS OK
ZILJ OK
ZOIT OK
ZOIJ OK
ZOIL OK
ZOTI OK
ZOTS OK
ZOTJ OK
ZOTL OK
ZOIS OK
ZOST OK
ZOSJ OK
ZOJI OK
ZOJT OK
ZOSI OK
ZOSL OK
ZOJL OK
ZOJS OK
ZOLI OK
ZOLT OK
ZOLJ OK
ZTIO OK
ZTIS OK
ZTIJ OK
ZOLS OK
ZTIL OK
ZTOI OK
ZTOJ OK
ZTOS OK
ZTOL OK
ZTSI OK
ZTSJ OK
ZTSL OK
ZTJI OK
ZTJO OK
ZTJS OK
ZTJL OK
ZTSO OK
ZTLI OK
ZTLO OK
ZTLS OK
ZTLJ OK
ZSIO OK
ZSIT OK
ZSIJ OK
ZSIL OK
ZSOI OK
ZSOJ OK
ZSOT OK
ZSTI OK
ZSOL OK
ZSTJ OK
ZSJI OK
ZSTL OK
ZSTO OK
ZSJO OK
ZSJT OK
ZSJL OK
ZSLI OK
ZSLJ OK
ZSLT OK
ZSLO OK
ZJIO OK
ZJIT OK
ZJIL OK
ZJIS OK
ZJOI OK
ZJOT OK
ZJOL OK
ZJTI OK
ZJOS OK
ZJTO OK
ZJTL OK
ZJTS OK
ZJSI OK
ZJSO OK
ZJST OK
ZJSL OK
ZJLI OK
ZJLO OK
ZJLT OK
ZJLS OK
ZLIO OK
ZLIT OK
ZLIS OK
ZLIJ OK
ZLOI OK
ZLOT OK
ZLOJ OK
ZLTI OK
ZLTO OK
ZLTS OK
ZLTJ OK
ZLOS OK
ZLSI OK
ZLST OK
ZLSJ OK
ZLJI OK
ZLJO OK
ZLJT OK
ZLSO OK
ZLJS OK
JIOT OK
JIOS OK
JIOZ OK
JIOL OK
JITO OK
JITS OK
JITL OK
JITZ OK
JISO OK
JIST OK
JISL OK
JISZ OK
JIZO OK
JIZT OK
JIZL OK
JILO OK
JILT OK
JIZS OK
JILS OK
JILZ OK
JOIT OK
JOIS OK
JOIZ OK
JOIL OK
JOTI OK
JOTS OK
JOTZ OK
JOSI OK
JOTL OK
JOST OK
JOSL OK
JOSZ OK
JOZI OK
JOZT OK
JOZL OK
JOLI OK
JOLT OK
JOZS OK
JOLS OK
JTIO OK
JOLZ OK
JTIL OK
JTIS OK
JTIZ OK
JTOI OK
JTOS OK
JTOZ OK
JTOL OK
JTSO OK
JTSI OK
JTSZ OK
JTSL OK
JTZI OK
JTZO OK
JTZL OK
JTZS OK
JTLI OK
JTLO OK
JTLS OK
JTLZ OK
JSIO OK
JSIT OK
JSIZ OK
JSIL OK
JSOI OK
JSOT OK
JSOL OK
JSOZ OK
JSTI OK
JSTO OK
JSTZ OK
JSTL OK
JSZI OK
JSZO OK
JSZT OK
JSLI OK
JSLO OK
JSLT OK
JSLZ OK
JZIO OK
JZIT OK
JSZL OK
JZIL OK
JZOT OK
JZOI OK
JZIS OK
JZOL OK
JZTI OK
JZTO OK
JZOS OK
JZTL OK
JZTS OK
JZSI OK
JZST OK
JZSO OK
JZLI OK
JZSL OK
JZLO OK
JZLT OK
JLIO OK
JLIT OK
JZLS OK
JLIS OK
JLIZ OK
JLOI OK
JLOT OK
JLOS OK
JLOZ OK
JLTI OK
JLTS OK
JLTO OK
JLTZ OK
JLSI OK
JLST OK
JLSO OK
JLZI OK
JLZO OK
JLZT OK
JLSZ OK
LIOT OK
LIOS OK
JLZS OK
LIOZ OK
LIOJ OK
LITO OK
LITS OK
LITZ OK
LITJ OK
LISO OK
LIST OK
LISJ OK
LIZO OK
LIZT OK
LIZJ OK
LIZS OK
LIJO OK
LIJT OK
LIJS OK
LIJZ OK
LOIT OK
LOIS OK
LOIZ OK
LOIJ OK
LOTI OK
LOTS OK
LOTZ OK
LOTJ OK
LOSI OK
LOST OK
LOSZ OK
LOSJ OK
LOZT OK
LOZI OK
LOZJ OK
LOZS OK
LOJI OK
LOJT OK
LOJS OK
LOJZ OK
LISZ OK
LTIO OK
LTIS OK
LTIJ OK
LTIZ OK
LTOI OK
LTOS OK
LTOZ OK
LTOJ OK
LTSI OK
LTSO OK
LTSZ OK
LTSJ OK
LTZI OK
LTZO OK
LTZJ OK
LTZS OK
LTJI OK
LTJO OK
LTJS OK
LTJZ OK
LSIT OK
LSIO OK
LSIZ OK
LSIJ OK
LSOI OK
LSOT OK
LSOJ OK
LSTI OK
LSTO OK
LSTJ OK
LSTZ OK
LSZI OK
LSZO OK
LSZT OK
LSZJ OK
LSJI OK
LSJO OK
LSJT OK
LSJZ OK
LZIO OK
LZIT OK
LZIJ OK
LZIS OK
LZOI OK
LZOT OK
LZOS OK
LZOJ OK
LZTI OK
LZTO OK
LZTS OK
LZTJ OK
LZSO OK
LSOZ OK
LZSI OK
LZST OK
LZSJ OK
LZJI OK
LZJO OK
LZJT OK
LJIO OK
LJIT OK
LZJS OK
LJIS OK
LJIZ OK
LJOI OK
LJOT OK
LJOS OK
LJOZ OK
LJTI OK
LJTO OK
LJTS OK
LJTZ OK
LJSI OK
LJST OK
LJSO OK
LJSZ OK
LJZI OK
LJZO OK
LJZT OK
LJZS OK
