IOTJ OK
IOTL OK
IOTZ OK
IOTS OK
IOSJ OK
IOSL OK
IOST OK
IOZT OK
IOZJ OK
IOJT OK
IOZL OK
IOJS OK
IOJZ OK
IOJL OK
IOSZ OK
IOLT OK
IOLS OK
IOLZ OK
IOLJ OK
IOZS OK
ITOS OK
ITOJ OK
ITOZ OK
ITOL OK
ITSO OK
ITSJ OK
ITSL OK
ITZO OK
ITZS OK
ITZJ OK
ITJO OK
ITZL OK
ITJS OK
ITJZ OK
ITJL OK
ITLO OK
ITSZ OK
ITLS OK
ITLZ OK
ITLJ OK
ISOJ OK
ISOL OK
ISTO OK
ISOT OK
ISTJ OK
ISTL OK
ISOZ OK
ISTZ OK
ISZJ OK
ISJO OK
ISZL OK
ISZT OK
ISZO OK
ISJT OK
ISJL OK
ISJZ OK
ISLT OK
ISLJ OK
IZOT OK
ISLO OK
ISLZ OK
IZOJ OK
IZOL OK
IZTO OK
IZTS OK
IZTJ OK
IZTL OK
IZST OK
IZSJ OK
IZOS OK
IZJO OK
IZJT OK
IZSL OK
IZJL OK
IZSO OK
IZLT OK
IZJS OK
IZLO OK
IZLJ OK
IJOT OK
IJOS OK
IJOZ OK
IJOL OK
IZLS OK
IJTO OK
IJTS OK
IJTZ OK
IJTL OK
IJSO OK
IJSL OK
IJST OK
IJSZ OK
IJZO OK
IJZL OK
IJZT OK
IJLO OK
IJLT OK
IJLS OK
IJLZ OK
ILOT OK
ILOS OK
ILOZ OK
ILOJ OK
ILTO OK
ILTS OK
ILTZ OK
ILTJ OK
ILST OK
ILSO OK
IJZS OK
ILSJ OK
ILZT OK
ILZO OK
ILZJ OK
ILJO OK
ILJT OK
ILJS OK
ILJZ OK
OITS OK
OITZ OK
OITJ OK
OITL OK
OIST OK
ILZS OK
OISJ OK
OISL OK
OIZT OK
OIZJ OK
ILSZ OK
OIZL OK
OIJT OK
OISZ OK
OIJS OK
OIJZ OK
OIJL OK
OILT OK
OILS OK
OIZS OK
OILJ OK
OILZ OK
OTIS OK
OTIJ OK
OTIL OK
OTIZ OK
OTSJ OK
OTSI OK
OTSL OK
OTZI OK
OTZJ OK
OTZL OK
OTJI OK
OTJS OK
OTJZ OK
OTSZ OK
OTJL OK
OTLI OK
OTLS OK
OTLZ OK
OTZS OK
OTLJ OK
OSIT OK
OSIJ OK
OSIL OK
OSTI OK
OSTJ OK
OSTL OK
OSTZ OK
OSIZ OK
OSZJ OK
OSZT OK
OSZI OK
OSJI OK
OSJT OK
OSJL OK
OSJZ OK
OSLT OK
OSLI OK
OSLJ OK
OZIT OK
OZIJ OK
OZIL OK
OSZL OK
OZTI OK
OZTJ OK
OZTL OK
OZIS OK
OSLZ OK
OZTS OK
OZSJ OK
OZJI OK
OZST OK
OZSI OK
OZJT OK
OZJL OK
OZLI OK
OZSL OK
OZLT OK
OZLJ OK
OJIT OK
OJIS OK
OJIZ OK
OZJS OK
OJIL OK
OJTI OK
OJTS OK
OJTZ OK
OJTL OK
OJSI OK
OJST OK
OZLS OK
OJSL OK
OJSZ OK
OJZI OK
OJZT OK
OJLI OK
OJZL OK
OJLT OK
OJLS OK
OJLZ OK
OLIT OK
OLIS OK
OLIZ OK
OLIJ OK
OLTI OK
OLTS OK
OLTZ OK
OLTJ OK
OLST OK
OLSI OK
OLSZ OK
OLSJ OK
OLZI OK
OLZT OK
OLZJ OK
OLJI OK
OLJT OK
OLJS OK
OLJZ OK
TIOS OK
TIOZ OK
TIOJ OK
TIOL OK
TISO OK
TISJ OK
TISL OK
TIZO OK
OLZS OK
TISZ OK
TIZJ OK
TIZL OK
TIZS OK
TIJO OK
TIJS OK
TIJZ OK
TIJL OK
TILO OK
TILS OK
TILZ OK
TILJ OK
TOIS OK
TOIJ OK
TOIZ OK
TOIL OK
TOSI OK
TOSJ OK
TOSL OK
TOZI OK
TOSZ OK
TOZJ OK
TOZL OK
TOJI OK
TOJS OK
TOJZ OK
TOZS OK
TOJL OK
TOLI OK
TOLS OK
TOLZ OK
TOLJ OK
TSIO OK
TSIJ OK
TSIL OK
TSOI OK
OJZS OK
TSOJ OK
TSOL OK
TSIZ OK
TSZI OK
TSZJ OK
TSZL OK
TSOZ OK
TSJI OK
TSJO OK
TSJZ OK
TSJL OK
TSLI OK
TSLO OK
TSLJ OK
TSLZ OK
TZIO OK
TZIJ OK
TSZO OK
TZIS OK
TZIL OK
TZOJ OK
TZOI OK
TZOL OK
TZSI OK
TZSJ OK
TZSL OK
TZJI OK
TZJO OK
TZJS OK
TZOS OK
TZJL OK
TZLI OK
TZLO OK
TZLS OK
TZLJ OK
TJIO OK
TJIS OK
TZSO OK
TJIZ OK
TJIL OK
TJOI OK
TJOS OK
TJOZ OK
TJOL OK
TJSI OK
TJSO OK
TJSZ OK
TJZI OK
TJSL OK
TJZO OK
TJLI OK
TJZL OK
TJZS OK
TJLO OK
TJLS OK
TJLZ OK
TLIO OK
TLIS OK
TLIZ OK
TLIJ OK
TLOI OK
TLOS OK
TLOZ OK
TLOJ OK
TLSI OK
TLSO OK
TLSJ OK
TLZI OK
TLSZ OK
TLZO OK
TLZS OK
TLZJ OK
TLJI OK
TLJO OK
TLJS OK
TLJZ OK
SIOJ OK
SIOT OK
SIOL OK
SITO OK
SITJ OK
SITL OK
SIOZ OK
SIZJ OK
SITZ OK
SIJO OK
SIZT OK
SIZL OK
SIZO OK
SIJT OK
SIJL OK
SIJZ OK
SILT OK
SILJ OK
SILO OK
SILZ OK
SOIJ OK
SOIL OK
SOIT OK
SOTJ OK
SOTI OK
SOIZ OK
SOTL OK
SOTZ OK
SOZJ OK
SOJI OK
SOZT OK
SOJT OK
SOZI OK
SOJL OK
SOJZ OK
SOLT OK
SOLI OK
SOLJ OK
STIO OK
STIJ OK
STIL OK
SOZL OK
STOI OK
STOJ OK
STIZ OK
STOL OK
STZI OK
STOZ OK
STZJ OK
SOLZ OK
STZL OK
STJI OK
STJO OK
STJZ OK
STJL OK
STLI OK
STLO OK
STZO OK
STLJ OK
STLZ OK
SZIJ OK
SZIL OK
SZIO OK
SZIT OK
SZOJ OK
SZOI OK
SZOT OK
SZTJ OK
SZTL OK
SZTO OK
SZTI OK
SZJI OK
SZJO OK
SZOL OK
SZJT OK
SZJL OK
SZLI OK
SZLJ OK
SJIO OK
SJIT OK
SJIZ OK
SJIL OK
SZLO OK
SJOI OK
SJOT OK
SZLT OK
SJOL OK
SJOZ OK
SJTI OK
SJTO OK
SJTL OK
SJTZ OK
SJZI OK
SJZO OK
SJZT OK
SJLI OK
SJLO OK
SJLT OK
SJLZ OK
SLIT OK
SLIO OK
SLIJ OK
SJZL OK
SLOI OK
SLOT OK
SLIZ OK
SLOJ OK
SLTI OK
SLTO OK
SLTJ OK
SLTZ OK
SLZT OK
SLZI OK
SLJI OK
SLZJ OK
SLJT OK
SLJO OK
ZIOT OK
SLJZ OK
SLZO OK
ZIOJ OK
ZIOL OK
ZITO OK
SLOZ OK
ZITJ OK
ZITS OK
ZITL OK
ZIST OK
ZIOS OK
ZISJ OK
ZIJO OK
ZIJT OK
ZISL OK
ZIJL OK
ZISO OK
ZILT OK
ZIJS OK
ZILO OK
ZILJ OK
ZOIT OK
ZILS OK
ZOIJ OK
ZOIL OK
ZOTI OK
ZOTJ OK
ZOTL OK
ZOIS OK
ZOTS OK
ZOSJ OK
ZOJI OK
ZOST OK
ZOSI OK
ZOJT OK
ZOJL OK
ZOSL OK
ZOLT OK
ZOLI OK
ZOLJ OK
ZTIO OK
ZTIS OK
ZTIJ OK
ZOJS OK
ZTIL OK
ZTOI OK
ZTOJ OK
ZOLS OK
ZTOL OK
ZTSI OK
ZTSJ OK
ZTSL OK
ZTJI OK
ZTOS OK
ZTJO OK
ZTJS OK
ZTJL OK
ZTLI OK
ZTLO OK
ZTLS OK
ZTSO OK
ZTLJ OK
ZSIT OK
ZSIJ OK
ZSIL OK
ZSIO OK
ZSOJ OK
ZSOT OK
ZSOI OK
ZSTI OK
ZSTJ OK
ZSTL OK
ZSOL OK
ZSJI OK
ZSTO OK
ZSJO OK
ZSJT OK
ZSJL OK
ZSLI OK
ZSLJ OK
ZJIO OK
ZJIT OK
ZSLO OK
ZJIL OK
ZJOI OK
ZSLT OK
ZJOT OK
ZJIS OK
ZJOL OK
ZJTI OK
ZJTO OK
ZJTL OK
ZJTS OK
ZJSI OK
ZJST OK
ZJSO OK
ZJOS OK
ZJLI OK
ZJLO OK
ZJLT OK
ZJSL OK
ZJLS OK
ZLIT OK
ZLIO OK
ZLIJ OK
ZLOT OK
ZLOI OK
ZLOJ OK
ZLTI OK
ZLIS OK
ZLTO OK
ZLTJ OK
ZLTS OK
ZLSI OK
ZLOS OK
ZLST OK
ZLSJ OK
ZLJO OK
ZLJI OK
ZLJT OK
ZLJS OK
JIOT OK
JIOS OK
JIOZ OK
JIOL OK
ZLSO OK
JITO OK
JITS OK
JITZ OK
JITL OK
JISO OK
JISL OK
JIST OK
JISZ OK
JIZO OK
JIZL OK
JIZT OK
JILO OK
JILT OK
JILS OK
JILZ OK
JOIT OK
JOIS OK
JOIZ OK
JOIL OK
JOTI OK
JOTS OK
JOTZ OK
JOTL OK
JOSI OK
JOST OK
JOSL OK
JOZI OK
JOSZ OK
JOZT OK
JOZL OK
JOLI OK
JIZS OK
JOLT OK
JOLS OK
JOLZ OK
JTIO OK
JTIS OK
JTIZ OK
JTIL OK
JTOI OK
JTOS OK
JTOZ OK
JTOL OK
JTSI OK
JTSO OK
JTSZ OK
JTSL OK
JTZI OK
JTZO OK
JTZS OK
JTZL OK
JTLI OK
JOZS OK
JTLO OK
JTLS OK
JTLZ OK
JSIO OK
JSIL OK
JSIT OK
JSIZ OK
JSOI OK
JSOT OK
JSOL OK
JSTI OK
JSOZ OK
JSTO OK
JSTL OK
JSTZ OK
JSZI OK
JSZO OK
JSZT OK
JSLI OK
JSLO OK
JSLT OK
JSLZ OK
JZIO OK
JZIT OK
JSZL OK
JZIL OK
JZOI OK
JZOT OK
JZOL OK
JZTI OK
JZIS OK
JZTO OK
JZTL OK
JZTS OK
JZSI OK
JZST OK
JZLI OK
JZOS OK
JZLO OK
JZLT OK
JZSL OK
JZLS OK
JLIO OK
JLIT OK
JLIS OK
JLIZ OK
JLOI OK
JLOT OK
JLOS OK
JZSO OK
JLOZ OK
JLTI OK
JLTO OK
JLTS OK
JLTZ OK
JLSI OK
JLSO OK
JLST OK
JLZI OK
JLZT OK
JLZO OK
LIOT OK
JLSZ OK
LIOS OK
LIOJ OK
JLZS OK
LIOZ OK
LITO OK
LITS OK
LITZ OK
LITJ OK
LIST OK
LISO OK
LISJ OK
LIZT OK
LIZO OK
LIZJ OK
LIJO OK
LIJT OK
LIJS OK
LIJZ OK
LOIT OK
LOIS OK
LOIZ OK
LOIJ OK
LOTI OK
LOTS OK
LOTZ OK
LOTJ OK
LIZS OK
LOST OK
LOSI OK
LOSJ OK
LOSZ OK
LOZI OK
LOZT OK
LOZJ OK
LOJI OK
LOJT OK
LOJS OK
LOJZ OK
LTIO OK
LTIS OK
LTIZ OK
LISZ OK
LTIJ OK
LTOI OK
LTOS OK
LTOZ OK
LTOJ OK
LTSI OK
LTSO OK
LTSJ OK
LTSZ OK
LTZI OK
LTZO OK
LTZS OK
LTZJ OK
LTJI OK
LTJO OK
LTJS OK
LTJZ OK
LSIT OK
LSIO OK
LSIJ OK
LSOI OK
LSIZ OK
LSOT OK
LSOJ OK
LSTI OK
LOZS OK
LSTO OK
LSTZ OK
LSTJ OK
LSZT OK
LSZI OK
LSZJ OK
LSJI OK
LSJO OK
LSJT OK
LSJZ OK
LZIO OK
LZIT OK
LZIJ OK
LSZO OK
LZOI OK
LZOT OK
LZIS OK
LZOJ OK
LZTI OK
LZTO OK
LSOZ OK
LZTJ OK
LZTS OK
LZST OK
LZSJ OK
LZJI OK
LZJO OK
LZSI OK
LZJT OK
LZJS OK
LJIO OK
LJIT OK
LJIS OK
LJIZ OK
LZSO OK
LJOI OK
LZOS OK
LJOT OK
LJOS OK
LJOZ OK
LJTI OK
LJTO OK
LJTS OK
LJTZ OK
LJSI OK
LJSO OK
LJST OK
LJZI OK
LJZT OK
LJZO OK
LJSZ OK
LJZS OK
