IOTS OK
IOTJ OK
IOTZ OK
IOTL OK
IOSJ OK
IOSL OK
IOST OK
IOZJ OK
IOZT OK
IOJT OK
IOZL OK
IOJS OK
IOJZ OK
IOSZ OK
IOJL OK
IOLT OK
IOZS OK
IOLS OK
IOLJ OK
IOLZ OK
ITOJ OK
ITOS OK
ITOL OK
ITOZ OK
ITSJ OK
ITSL OK
ITSO OK
ITZJ OK
ITZO OK
ITZS OK
ITZL OK
ITJS OK
ITJO OK
ITJZ OK
ITJL OK
ITLO OK
ITLS OK
ITLZ OK
ITLJ OK
ITSZ OK
ISOJ OK
ISOL OK
ISTO OK
ISTJ OK
ISOT OK
ISTL OK
ISTZ OK
ISOZ OK
ISZJ OK
ISZL OK
ISZO OK
ISJO OK
ISJT OK
ISJZ OK
ISJL OK
ISZT OK
ISLO OK
ISLT OK
ISLJ OK
ISLZ OK
IZOT OK
IZOJ OK
IZOL OK
IZTS OK
IZTO OK
IZTJ OK
IZTL OK
IZSO OK
IZST OK
IZSJ OK
IZSL OK
IZOS OK
IZJO OK
IZJT OK
IZJL OK
IZJS OK
IZLT OK
IZLJ OK
IJOT OK
IZLO OK
IJOS OK
IZLS OK
IJOL OK
IJOZ OK
IJTO OK
IJTS OK
IJTZ OK
IJTL OK
IJSO OK
IJSL OK
IJST OK
IJSZ OK
IJZO OK
IJZL OK
IJZT OK
IJLO OK
IJLT OK
IJLS OK
IJZS OK
IJLZ OK
ILOT OK
ILOJ OK
ILOS OK
ILOZ OK
ILTO OK
ILTS OK
ILTZ OK
ILTJ OK
ILST OK
ILSO OK
ILSJ OK
ILZT OK
ILZO OK
ILZJ OK
ILJO OK
ILJT OK
ILJS OK
ILJZ OK
OITS OK
OITZ OK
OITJ OK
OITL OK
OIST OK
ILZS OK
OISJ OK
OISL OK
OIZT OK
OIZJ OK
ILSZ OK
OIJT OK
OIZL OK
OIJS OK
OIJZ OK
OISZ OK
OIJL OK
OILT OK
OILS OK
OILJ OK
OILZ OK
OIZS OK
OTIS OK
OTIZ OK
OTIJ OK
OTIL OK
OTSI OK
OTSJ OK
OTSL OK
OTZI OK
OTZJ OK
OTZL OK
OTJI OK
OTJS OK
OTJZ OK
OTJL OK
OTLI OK
OTSZ OK
OTLS OK
OTLZ OK
OTLJ OK
OTZS OK
OSIT OK
OSIJ OK
OSTI OK
OSIL OK
OSIZ OK
OSTJ OK
OSTL OK
OSZI OK
OSZJ OK
OSTZ OK
OSJI OK
OSJT OK
OSZT OK
OSJZ OK
OSJL OK
OSLI OK
OSLT OK
OSLJ OK
OZIT OK
OSZL OK
OZIJ OK
OZIL OK
OZTI OK
OZTS OK
OZTJ OK
OZTL OK
OZST OK
OZSJ OK
OZIS OK
OZSI OK
OZJI OK
OZJT OK
OZJL OK
OZSL OK
OZLI OK
OZLT OK
OZJS OK
OZLJ OK
OJIT OK
OJIS OK
OJIZ OK
OJIL OK
OJTI OK
OJTS OK
OJTZ OK
OZLS OK
OJTL OK
OJSI OK
OJST OK
OJSL OK
OJSZ OK
OJZI OK
OJZT OK
OJZL OK
OJLI OK
OJLT OK
OJLS OK
OJLZ OK
OLIT OK
OLIS OK
OLIZ OK
OLIJ OK
OLTI OK
OLTS OK
OLTZ OK
OLTJ OK
OSLZ OK
OLST OK
OLSI OK
OLSJ OK
OLSZ OK
OLZI OK
OLZT OK
OLZJ OK
OLJI OK
OLJT OK
OLJS OK
OLJZ OK
TIOS OK
TIOZ OK
TIOJ OK
TIOL OK
TISO OK
TISZ OK
TISJ OK
TISL OK
TIZO OK
TIZS OK
TIZJ OK
TIZL OK
TIJO OK
TIJS OK
TIJZ OK
TIJL OK
TILO OK
TILS OK
TILZ OK
TILJ OK
OLZS OK
TOIS OK
TOIJ OK
TOIZ OK
TOIL OK
TOSI OK
TOSJ OK
TOSL OK
TOZI OK
TOZJ OK
TOSZ OK
TOZL OK
TOJI OK
TOJS OK
TOJZ OK
TOJL OK
TOLI OK
TOZS OK
TOLS OK
TOLZ OK
TOLJ OK
TSIO OK
TSIJ OK
TSIZ OK
TSIL OK
TSOI OK
TSOZ OK
TSOJ OK
TSOL OK
TSZI OK
TSZO OK
TSZJ OK
TSZL OK
TSJI OK
TSJO OK
TSJZ OK
TSJL OK
TSLI OK
TSLO OK
TSLJ OK
TSLZ OK
TZIO OK
TZIJ OK
TZIS OK
TZIL OK
TZOI OK
TZOJ OK
TZOL OK
TZSI OK
TZSJ OK
TZSL OK
TZOS OK
TZJI OK
TZJO OK
OJZS CAP
TZJL OK
TZJS OK
TZLI OK
TZSO OK
TZLO OK
TZLS OK
TZLJ OK
TJIO OK
TJIS OK
TJIZ OK
TJIL OK
TJOI OK
TJOS OK
TJOZ OK
TJOL OK
TJSI OK
TJSO OK
TJSZ OK
TJSL OK
TJZI OK
TJZO OK
TJZS OK
TJZL OK
TJLI OK
TJLO OK
TJLS OK
TJLZ OK
TLIO OK
TLIS OK
TLIZ OK
TLIJ OK
TLOI OK
TLOS OK
TLOJ OK
TLOZ OK
TLSI OK
TLSO OK
TLSJ OK
TLZI OK
TLSZ OK
TLZO OK
TLZS OK
TLZJ OK
TLJI OK
TLJO OK
TLJS OK
TLJZ OK
SIOT OK
SIOJ OK
SIOL OK
SITO OK
SITJ OK
SITL OK
SITZ OK
SIOZ OK
SIZO OK
SIZJ OK
SIZL OK
SIJT OK
SIJO OK
SIJZ OK
SIJL OK
SIZT OK
SILO OK
SILT OK
SILZ OK
SILJ OK
SOIT OK
SOIJ OK
SOIL OK
SOTI OK
SOIZ OK
SOTZ OK
SOTJ OK
SOTL OK
SOZT OK
SOZJ OK
SOZI OK
SOJI OK
SOZL OK
SOJT OK
SOJL OK
SOJZ OK
SOLI OK
SOLT OK
SOLZ OK
SOLJ OK
STIO OK
STIJ OK
STIL OK
STOI OK
STOJ OK
STOZ OK
STOL OK
STZI OK
STZO OK
STZJ OK
STZL OK
STJI OK
STJO OK
STIZ OK
STJZ OK
STJL OK
STLI OK
STLO OK
STLJ OK
STLZ OK
SZIJ OK
SZIL OK
SZIO OK
SZIT OK
SZOT OK
SZOJ OK
SZOL OK
SZTO OK
SZOI OK
SZTL OK
SZTJ OK
SZJI OK
SZJO OK
SZTI OK
SZJT OK
SZJL OK
SZLI OK
SZLO OK
SZLJ OK
SZLT OK
SJIO OK
SJIL OK
SJIT OK
SJIZ OK
SJOI OK
SJOT OK
SJOL OK
SJTI OK
SJOZ OK
SJTO OK
SJTL OK
SJTZ OK
SJZI OK
SJZO OK
SJZT OK
SJLI OK
SJLO OK
SJLT OK
SJLZ OK
SLIT OK
SJZL OK
SLIO OK
SLIJ OK
SLIZ OK
SLOT OK
SLOI OK
SLOJ OK
SLTI OK
SLOZ OK
SLTO OK
SLTZ OK
SLTJ OK
SLZI OK
SLZO OK
SLZT OK
SLJI OK
SLZJ OK
SLJO OK
SLJT OK
ZIOT OK
SLJZ OK
ZIOJ OK
ZIOL OK
ZITO OK
ZITS OK
ZITJ OK
ZITL OK
ZISO OK
ZIST OK
ZISJ OK
ZIOS OK
ZISL OK
ZIJO OK
ZIJT OK
ZIJL OK
ZILO OK
ZIJS OK
ZILT OK
ZILS OK
ZILJ OK
ZOIT OK
ZOIJ OK
ZOTI OK
ZOIL OK
ZOTS OK
ZOTJ OK
ZOTL OK
ZOST OK
ZOSJ OK
ZOIS OK
ZOJI OK
ZOJT OK
ZOSI OK
ZOJL OK
ZOJS OK
ZOSL OK
ZOLT OK
ZOLI OK
ZOLJ OK
ZTIO OK
ZTIS OK
ZTIJ OK
ZTIL OK
ZTOI OK
ZTOS OK
ZTOJ OK
ZTOL OK
ZTSI OK
ZOLS OK
ZTSJ OK
ZTSL OK
ZTJI OK
ZTJO OK
ZTJS OK
ZTJL OK
ZTLI OK
ZTLO OK
ZTLS OK
ZTLJ OK
ZTSO OK
ZSIO OK
ZSIT OK
ZSIJ OK
ZSIL OK
ZSOT OK
ZSOI OK
ZSOJ OK
ZSTI OK
ZSTJ OK
ZSOL OK
ZSTL OK
ZSJI OK
ZSJO OK
ZSTO OK
ZSJT OK
ZSJL OK
ZSLI OK
ZSLJ OK
ZJIO OK
ZSLO OK
ZSLT OK
ZJIT OK
ZJIS OK
ZJIL OK
ZJOI OK
ZJOT OK
ZJOL OK
ZJTI OK
ZJTO OK
ZJTL OK
ZJSI OK
ZJTS OK
ZJSO OK
ZJSL OK
ZJST OK
ZJLI OK
ZJLO OK
ZJLT OK
ZJLS OK
ZJOS OK
ZLIT OK
ZLIO OK
ZLIJ OK
ZLIS OK
ZLOT OK
ZLOI OK
ZLOJ OK
ZLTI OK
ZLTO OK
ZLTS OK
ZLTJ OK
ZLSI OK
ZLST OK
ZLSJ OK
ZLJI OK
ZLJO OK
ZLOS OK
ZLJT OK
ZLJS OK
JIOT OK
JIOS OK
JIOZ OK
JIOL OK
JITO OK
JITS OK
JITZ OK
ZLSO OK
JITL OK
JISO OK
JISL OK
JISZ OK
JIST OK
JIZO OK
JIZT OK
JIZL OK
JILO OK
JILT OK
JILZ OK
JILS OK
JOIT OK
JIZS OK
JOIS OK
JOIZ OK
JOIL OK
JOTI OK
JOTS OK
JOTZ OK
JOTL OK
JOSI OK
JOST OK
JOSL OK
JOZI OK
JOSZ OK
JOZT OK
JOZL OK
JOLT OK
JOLI OK
JOLS OK
JOLZ OK
JTIO OK
JTIS OK
JTIZ OK
JTIL OK
JTOI OK
JTOS OK
JTOZ OK
JTOL OK
JTSI OK
JTSO OK
JTSZ OK
JTSL OK
JTZI OK
JTZO OK
JTZL OK
JTZS OK
JTLI OK
JTLO OK
JOZS OK
JTLS OK
JTLZ OK
JSIO OK
JSIL OK
JSOI OK
JSIT OK
JSIZ OK
JSOT OK
JSOL OK
JSTI OK
JSTO OK
JSOZ OK
JSTL OK
JSTZ OK
JSZI OK
JSZO OK
JSZT OK
JSLI OK
JSLO OK
JSLT OK
JZIO OK
JSLZ OK
JZIT OK
JZIL OK
JZOI OK
JSZL OK
JZOT OK
JZOL OK
JZIS OK
JZTI OK
JZTO OK
JZTL OK
JZTS OK
JZSI OK
JZST OK
JZSL OK
JZLI OK
JZLO OK
JZLT OK
JZLS OK
JZOS OK
JLIO OK
JLIT OK
JLIS OK
JLIZ OK
JLOI OK
JLOT OK
JLOS OK
JZSO OK
JLOZ OK
JLTI OK
JLTO OK
JLTS OK
JLTZ OK
JLSI OK
JLSO OK
JLST OK
JLZI OK
JLZO OK
JLZT OK
JLSZ OK
LIOT OK
LIOS OK
JLZS OK
LIOJ OK
LIOZ OK
LITO OK
LITS OK
LITZ OK
LITJ OK
LIST OK
LISO OK
LISJ OK
LIZT OK
LIZO OK
LIZJ OK
LIJO OK
LIJT OK
LIJS OK
LIJZ OK
LOIT OK
LOIS OK
LOIZ OK
LOIJ OK
LOTI OK
LOTS OK
LOTZ OK
LOTJ OK
LIZS OK
LOST OK
LOSI OK
LOSJ OK
LOSZ OK
LOZI OK
LOZT OK
LOZJ OK
LOJI OK
LOZS OK
LOJT OK
LOJS OK
LOJZ OK
LTIO OK
LTIS OK
LTIZ OK
LTIJ OK
LTOI OK
LTOS OK
LTOZ OK
LISZ OK
LTOJ OK
LTSI OK
LTSO OK
LTSJ OK
LTZI OK
LTSZ OK
LTZS OK
LTZO OK
LTZJ OK
LTJI OK
LTJO OK
LTJS OK
LTJZ OK
LSIO OK
LSIT OK
LSIJ OK
LSIZ OK
LSOT OK
LSOI OK
LSOJ OK
LSTI OK
LSTO OK
LSTZ OK
LSTJ OK
LSZI OK
LSZO OK
LSZT OK
LSZJ OK
LSJO OK
LSJI OK
LSJT OK
LSJZ OK
LZIO OK
LZIT OK
LZIJ OK
LZOI OK
LZOT OK
LZOS OK
LZIS OK
LZOJ OK
LZTI OK
LZTO OK
LZTS OK
LZTJ OK
LZSO OK
LZST OK
LZSJ OK
LZJI OK
LZJO OK
LZJT OK
LSOZ OK
LZJS OK
LJIO OK
LJIT OK
LJIS OK
LJOI OK
LJIZ OK
LJOT OK
LJOS OK
LJOZ OK
LJTI OK
LZSI OK
LJTO OK
LJTS OK
LJTZ OK
LJSI OK
LJSO OK
LJST OK
LJZI OK
LJZO OK
LJZT OK
LJSZ OK
LJZS OK
