IOTJ OK
IOTL OK
IOTZ OK
IOTS OK
IOSJ OK
IOSL OK
IOST OK
IOZT OK
IOZJ OK
IOJT OK
IOZL OK
IOSZ OK
IOJS OK
IOJZ OK
IOJL OK
IOLT OK
IOLS OK
IOLZ OK
IOLJ OK
IOZS OK
ITOS OK
ITOJ OK
ITOZ OK
ITOL OK
ITSO OK
ITSJ OK
ITSL OK
ITZO OK
ITZJ OK
ITZS OK
ITZL OK
ITJO OK
ITJS OK
ITJZ OK
ITJL OK
ITLO OK
ITLS OK
ITLZ OK
ITSZ OK
ITLJ OK
ISOJ OK
ISOL OK
ISTO OK
ISOT OK
ISTJ OK
ISTL OK
ISTZ OK
ISOZ OK
ISZJ OK
ISZL OK
ISJO OK
ISJT OK
ISZT OK
ISJL OK
ISJZ OK
ISLO OK
ISLT OK
ISZO OK
ISLZ OK
ISLJ OK
IZOJ OK
IZOL OK
IZTO OK
IZOT OK
IZTJ OK
IZTL OK
IZTS OK
IZOS OK
IZSJ OK
IZSL OK
IZJO OK
IZJT OK
IZST OK
IZJL OK
IZSO OK
IZLT OK
IZJS OK
IZLO OK
IZLJ OK
IJOT OK
IJOS OK
IJOZ OK
IZLS OK
IJOL OK
IJTO OK
IJTS OK
IJTL OK
IJTZ OK
IJSO OK
IJSL OK
IJST OK
IJZO OK
IJSZ OK
IJZT OK
IJZL OK
IJLO OK
IJLT OK
IJLS OK
IJLZ OK
ILOT OK
ILOS OK
ILOZ OK
ILOJ OK
ILTO OK
ILTS OK
ILTZ OK
ILTJ OK
IJZS OK
ILST OK
ILSO OK
ILSZ OK
ILSJ OK
ILZT OK
ILZJ OK
ILJO OK
ILJT OK
ILJS OK
ILJZ OK
OITS OK
OITZ OK
OITJ OK
ILZO OK
OITL OK
OIST OK
ILZS OK
OISJ OK
OIZT OK
OISL OK
OIZJ OK
OIZL OK
OIJT OK
OIJS OK
OIJZ OK
OIJL OK
OILT OK
OILS OK
OISZ OK
OILZ OK
OILJ OK
OTIS OK
OTIJ OK
OTIZ OK
OTIL OK
OIZS OK
OTSI OK
OTSJ OK
OTSL OK
OTZI OK
OTZJ OK
OTZL OK
OTJI OK
OTJS OK
OTSZ OK
OTJZ OK
OTJL OK
OTLI OK
OTZS OK
OTLS OK
OTLZ OK
OTLJ OK
OSIT OK
OSIJ OK
OSIL OK
OSTI OK
OSTJ OK
OSTL OK
OSTZ OK
OSIZ OK
OSZI OK
OSZT OK
OSJI OK
OSJT OK
OSJL OK
OSLI OK
OSZJ OK
OSLT OK
OSLJ OK
OSJZ OK
OZIT OK
OSZL OK
OZIJ OK
OZIL OK
OZTI OK
OZTJ OK
OSLZ OK
OZTS OK
OZTL OK
OZIS OK
OZST OK
OZSJ OK
OZSI OK
OZJI OK
OZJT OK
OZJL OK
OZSL OK
OZLT OK
OZLI OK
OZLJ OK
OJIT OK
OJIS OK
OJIZ OK
OZJS OK
OJIL OK
OJTI OK
OJTS OK
OZLS OK
OJTL OK
OJTZ OK
OJSI OK
OJST OK
OJSL OK
OJZI OK
OJZT OK
OJZL OK
OJLI OK
OJLT OK
OJLS OK
OJLZ OK
OLIT OK
OLIS OK
OLIZ OK
OLIJ OK
OLTI OK
OLTS OK
OLTZ OK
OLTJ OK
OLSI OK
OLST OK
OJSZ OK
OLSJ OK
OLZI OK
OLZT OK
OLZJ OK
OLJI OK
OLJT OK
OLJS OK
OLJZ OK
TIOS OK
OLSZ OK
TIOJ OK
TIOZ OK
TIOL OK
TISO OK
TISZ OK
TISJ OK
OLZS OK
TISL OK
TIZO OK
TIZJ OK
TIZS OK
TIZL OK
TIJO OK
TIJS OK
TIJZ OK
TIJL OK
TILO OK
TILS OK
TILZ OK
TILJ OK
TOIS OK
TOIZ OK
TOIJ OK
TOIL OK
TOSI OK
TOSJ OK
TOSL OK
TOZI OK
TOSZ OK
TOZJ OK
TOZL OK
TOJI OK
TOJS OK
TOJZ OK
TOZS OK
TOJL OK
TOLI OK
TOLS OK
TOLZ OK
TOLJ OK
TSIO OK
TSIJ OK
TSIZ OK
TSIL OK
TSOI OK
TSOJ OK
TSOL OK
TSZI OK
TSOZ OK
TSZJ OK
TSZL OK
TSJI OK
TSJO OK
TSJZ OK
TSZO OK
TSJL OK
TSLI OK
TSLO OK
TSLJ OK
TSLZ OK
TZIO OK
TZIJ OK
TZIS OK
TZIL OK
TZOI OK
TZOJ OK
OJZS CAP
TZOL OK
TZSI OK
TZSJ OK
TZSL OK
TZJI OK
TZJO OK
TZOS OK
TZJS OK
TZJL OK
TZLI OK
TZLO OK
TZLS OK
TZLJ OK
TZSO OK
TJIO OK
TJIS OK
TJIZ OK
TJIL OK
TJOI OK
TJOS OK
TJOL OK
TJOZ OK
TJSI OK
TJSO OK
TJSZ OK
TJSL OK
TJZI OK
TJZO OK
TJZL OK
TJLI OK
TJLO OK
TJLS OK
TJZS OK
TJLZ OK
TLIO OK
TLIS OK
TLIZ OK
TLIJ OK
TLOI OK
TLOS OK
TLOZ OK
TLOJ OK
TLSI OK
TLSO OK
TLSJ OK
TLSZ OK
TLZI OK
TLZO OK
TLZS OK
TLZJ OK
TLJI OK
TLJO OK
TLJS OK
TLJZ OK
SIOJ OK
SIOL OK
SITO OK
SIOT OK
SITJ OK
SITL OK
SITZ OK
SIOZ OK
SIZL OK
SIZJ OK
SIJO OK
SIJT OK
SIZT OK
SIJL OK
SIZO OK
SIJZ OK
SILO OK
SILJ OK
SILT OK
SILZ OK
SOIJ OK
SOIL OK
SOIT OK
SOTI OK
SOTJ OK
SOTL OK
SOTZ OK
SOIZ OK
SOZT OK
SOZI OK
SOJI OK
SOJT OK
SOZJ OK
SOJL OK
SOLI OK
SOLT OK
SOLJ OK
SOZL OK
SOJZ OK
STIO OK
STIJ OK
STIL OK
STOI OK
STOJ OK
STOL OK
STIZ OK
SOLZ OK
STOZ OK
STZJ OK
STZI OK
STZL OK
STJI OK
STJO OK
STJZ OK
STJL OK
STLI OK
STLO OK
STLJ OK
STLZ OK
STZO OK
SZIJ OK
SZIL OK
SZIT OK
SZIO OK
SZOI OK
SZOT OK
SZOJ OK
SZTI OK
SZTO OK
SZJI OK
SZTJ OK
SZOL OK
SZTL OK
SZLI OK
SZJT OK
SZJL OK
SZLJ OK
SZLT OK
SJIO OK
SZJO OK
SJIT OK
SJIZ OK
SJIL OK
SJOI OK
SZLO OK
SJOT OK
SJOL OK
SJTI OK
SJTO OK
SJTL OK
SJTZ OK
SJZI OK
SJZT OK
SJZL OK
SJLI OK
SJLO OK
SJLT OK
SJOZ OK
SLIT OK
SJLZ OK
SLIO OK
SJZO OK
SLIJ OK
SLOI OK
SLIZ OK
SLOT OK
SLTI OK
SLOJ OK
SLTO OK
SLTZ OK
SLTJ OK
SLZI OK
SLZT OK
SLZJ OK
SLJI OK
SLJO OK
SLJT OK
SLJZ OK
SLZO OK
ZIOT OK
ZIOJ OK
ZIOL OK
ZITO OK
ZITJ OK
ZITL OK
ZIOS OK
ZITS OK
ZISJ OK
ZISL OK
ZIST OK
ZIJO OK
ZIJT OK
ZISO OK
ZIJL OK
ZIJS OK
ZILT OK
ZILO OK
ZILJ OK
ZILS OK
ZOIJ OK
ZOIL OK
ZOIT OK
SLOZ OK
ZOTJ OK
ZOTI OK
ZOIS OK
ZOTS OK
ZOTL OK
ZOST OK
ZOJI OK
ZOSI OK
ZOSJ OK
ZOSL OK
ZOJT OK
ZOJL OK
ZOLI OK
ZOLT OK
ZOLJ OK
ZTIO OK
ZOJS OK
ZTIJ OK
ZTIS OK
ZTIL OK
ZOLS OK
ZTOI OK
ZTOL OK
ZTOJ OK
ZTSI OK
ZTSJ OK
ZTSL OK
ZTJI OK
ZTOS OK
ZTJO OK
ZTJL OK
ZTJS OK
ZTSO OK
ZTLI OK
ZTLO OK
ZTLS OK
ZTLJ OK
ZSIJ OK
ZSIL OK
ZSIO OK
ZSIT OK
ZSOI OK
ZSOT OK
ZSOJ OK
ZSOL OK
ZSTJ OK
ZSTO OK
ZSTI OK
ZSTL OK
ZSJI OK
ZSJT OK
ZSLI OK
ZSJL OK
ZSJO OK
ZSLT OK
ZSLJ OK
ZJIO OK
ZJIT OK
ZSLO OK
ZJIL OK
ZJOI OK
ZJIS OK
ZJOT OK
ZJOL OK
ZJTI OK
ZJTO OK
ZJTL OK
ZJOS OK
ZJSI OK
ZJTS OK
ZJLI OK
ZJSL OK
ZJLO OK
ZJST OK
ZJLT OK
ZJLS OK
ZJSO OK
ZLIT OK
ZLIJ OK
ZLIO OK
ZLOT OK
ZLIS OK
ZLOJ OK
ZLOI OK
ZLTI OK
ZLTO OK
ZLTJ OK
ZLTS OK
ZLOS OK
ZLST OK
ZLSI OK
ZLSJ OK
ZLJI OK
ZLJO OK
ZLJT OK
ZLJS OK
JIOT OK
JIOS OK
ZLSO OK
JIOZ OK
JIOL OK
JITO OK
JITS OK
JITZ OK
JITL OK
JISO OK
JISL OK
JIST OK
JISZ OK
JIZO OK
JIZT OK
JIZL OK
JILO OK
JILT OK
JILS OK
JILZ OK
JOIT OK
JOIS OK
JOIZ OK
JOIL OK
JOTI OK
JOTS OK
JOTL OK
JOTZ OK
JOSI OK
JOST OK
JOSL OK
JOZI OK
JIZS OK
JOZT OK
JOZL OK
JOLI OK
JOLT OK
JOLS OK
JOLZ OK
JTIO OK
JTIS OK
JTIZ OK
JTIL OK
JTOI OK
JTOS OK
JTOZ OK
JTOL OK
JTSI OK
JTSO OK
JTSZ OK
JTSL OK
JTZI OK
JTZO OK
JTZS OK
JTZL OK
JOSZ OK
JTLI OK
JTLO OK
JTLS OK
JTLZ OK
JSIO OK
JSIT OK
JSIL OK
JSIZ OK
JSOI OK
JSOT OK
JSOL OK
JSTI OK
JSTO OK
JSTZ OK
JSTL OK
JSZI OK
JSZT OK
JSZL OK
JSOZ OK
JSLI OK
JSLO OK
JSLT OK
JSZO OK
JZIO OK
JZIT OK
JZIL OK
JSLZ OK
JZOI OK
JZOT OK
JZIS OK
JZOL OK
JZTI OK
JZTO OK
JZTL OK
JZTS OK
JZSI OK
JZST OK
JZSO OK
JZSL OK
JZLI OK
JZLO OK
JZLT OK
JZLS OK
JLIO OK
JLIT OK
JLIS OK
JOZS CAP
JLIZ OK
JLOI OK
JLOT OK
JLOS OK
JLOZ OK
JLTI OK
JLTO OK
JLTS OK
JLTZ OK
JLSI OK
JLSO OK
JLST OK
JLZI OK
JLZO OK
JLZT OK
LIOT OK
LIOS OK
JLZS OK
LIOZ OK
LIOJ OK
LITO OK
LITS OK
LITZ OK
LITJ OK
LISO OK
LIST OK
LISJ OK
LISZ OK
JLSZ OK
LIZT OK
LIZO OK
LIJO OK
LIZJ OK
LIJT OK
LIJS OK
LIJZ OK
LOIT OK
LOIS OK
LOIZ OK
LOIJ OK
LOTI OK
LOTS OK
LOTZ OK
LIZS OK
LOTJ OK
LOST OK
LOSI OK
LOSJ OK
LOZI OK
LOZT OK
LOZJ OK
LOJI OK
LOJT OK
LOJS OK
LOJZ OK
LTIO OK
LTIS OK
JZOS CAP
LTIZ OK
LTIJ OK
LTOI OK
LTOS OK
LTOZ OK
LOSZ OK
LTOJ OK
LTSI OK
LTSO OK
LTSJ OK
LTSZ OK
LTZI OK
LTZO OK
LTZS OK
LTZJ OK
LTJI OK
LTJO OK
LOZS OK
LTJS OK
LTJZ OK
LSIT OK
LSIO OK
LSIJ OK
LSIZ OK
LSOT OK
LSOI OK
LSOJ OK
LSTI OK
LSTO OK
LSTJ OK
LSTZ OK
LSZI OK
LSZT OK
LSZJ OK
LSJI OK
LSJO OK
LSJT OK
LSJZ OK
LZIO OK
LZIT OK
LZIJ OK
LSZO OK
LZOI OK
LZIS OK
LZOT OK
LZOJ OK
LZTI OK
LZTO OK
LZTS OK
LZTJ OK
LZSI OK
LZST OK
LZSJ OK
LZJI OK
LZJO OK
LZOS OK
LZJT OK
LZSO OK
LZJS OK
LJIO OK
LJIT OK
LJIS OK
LJIZ OK
LJOI OK
LJOT OK
LJOS OK
LJOZ OK
LJTI OK
LJTO OK
LJTS OK
LJTZ OK
LJSI OK
LJSO OK
LJST OK
LJZI OK
LJZO OK
LJSZ OK
LJZT OK
LJZS OK
LSOZ OK
