IOTL OK
IOTJ OK
IOTZ OK
IOTS OK
IOSJ OK
IOSL OK
IOST OK
IOZJ OK
IOZT OK
IOJT OK
IOZL OK
IOSZ OK
IOJS OK
IOJZ OK
IOJL OK
IOLT OK
IOLS OK
IOLZ OK
IOLJ OK
ITOS OK
ITOJ OK
ITOZ OK
IOZS OK
ITOL OK
ITSJ OK
ITSO OK
ITSL OK
ITZO OK
ITZS OK
ITZJ OK
ITZL OK
ITJO OK
ITJS OK
ITJZ OK
ITLO OK
ITJL OK
ITLS OK
ITLZ OK
ITLJ OK
ITSZ OK
ISOJ OK
ISOL OK
ISTO OK
ISOT OK
ISTJ OK
ISTL OK
ISOZ OK
ISTZ OK
ISZJ OK
ISZL OK
ISJO OK
ISJT OK
ISJZ OK
ISJL OK
ISZT OK
ISZO OK
ISLT OK
ISLO OK
ISLZ OK
ISLJ OK
IZOT OK
IZOJ OK
IZOL OK
IZTO OK
IZTS OK
IZTJ OK
IZTL OK
IZST OK
IZSJ OK
IZSL OK
IZJO OK
IZJT OK
IZOS OK
IZJL OK
IZJS OK
IZLT OK
IZLO OK
IZLJ OK
IZSO OK
IJOT OK
IJOS OK
IZLS OK
IJOZ OK
IJOL OK
IJTO OK
IJTS OK
IJTZ OK
IJTL OK
IJSO OK
IJST OK
IJSZ OK
IJSL OK
IJZO OK
IJZL OK
IJZT OK
IJLO OK
IJLT OK
IJLS OK
IJLZ OK
ILOT OK
ILOS OK
ILOZ OK
ILOJ OK
ILTO OK
ILTZ OK
ILTS OK
ILTJ OK
ILST OK
ILSO OK
IJZS OK
ILSZ OK
ILSJ OK
ILZT OK
ILZJ OK
ILZO OK
ILJO OK
ILJT OK
ILJS OK
ILJZ OK
OITS OK
OITZ OK
OITJ OK
OITL OK
OIST OK
OISJ OK
OISL OK
ILZS OK
OIZT OK
OIZJ OK
OIZL OK
OIJT OK
OIJS OK
OIJZ OK
OIJL OK
OISZ OK
OILT OK
OILS OK
OILZ OK
OILJ OK
OTIS OK
OTIJ OK
OTIZ OK
OIZS OK
OTIL OK
OTSI OK
OTSJ OK
OTSL OK
OTZI OK
OTZJ OK
OTZL OK
OTJI OK
OTJS OK
OTJZ OK
OTSZ OK
OTJL OK
OTLI OK
OTLS OK
OTZS OK
OTLZ OK
OTLJ OK
OSIT OK
OSIJ OK
OSIL OK
OSTI OK
OSTJ OK
OSTL OK
OSTZ OK
OSIZ OK
OSZI OK
OSZT OK
OSJI OK
OSJT OK
OSJL OK
OSLI OK
OSLT OK
OSZJ OK
OSLJ OK
OZIT OK
OSJZ OK
OZIJ OK
OZIL OK
OZTI OK
OZIS OK
OZTJ OK
OZTS OK
OZTL OK
OSZL OK
OZST OK
OZSI OK
OZJI OK
OZJT OK
OZSJ OK
OZSL OK
OZJL OK
OZLI OK
OZLT OK
OSLZ OK
OZLJ OK
OJIT OK
OZJS OK
OJIS OK
OJIZ OK
OJIL OK
OJTI OK
OJTS OK
OJTZ OK
OJTL OK
OZLS OK
OJST OK
OJSI OK
OJSL OK
OJZI OK
OJZT OK
OJZL OK
OJLI OK
OJLT OK
OJLS OK
OJLZ OK
OLIT OK
OLIS OK
OLIZ OK
OLIJ OK
OLTI OK
OLTS OK
OLTZ OK
OLTJ OK
OLSI OK
OLST OK
OJSZ OK
OLSJ OK
OLZI OK
OLZT OK
OLZJ OK
OLJI OK
OLJT OK
OLJS OK
OLJZ OK
TIOS OK
TIOZ OK
TIOJ OK
OLZS OK
TIOL OK
TISO OK
TISJ OK
TISL OK
TIZO OK
TIZS OK
TISZ OK
TIZJ OK
TIZL OK
TIJO OK
TIJS OK
TIJZ OK
TIJL OK
TILO OK
TILS OK
TILZ OK
TILJ OK
TOIS OK
TOIZ OK
OJZS OK
TOIJ OK
TOIL OK
TOSI OK
TOSJ OK
TOSL OK
TOZI OK
TOSZ OK
TOZJ OK
TOZL OK
TOJI OK
TOJS OK
TOJZ OK
TOZS OK
TOJL OK
TOLI OK
TOLS OK
TOLJ OK
TOLZ OK
TSIO OK
TSIJ OK
TSIL OK
TSOI OK
TSOJ OK
TSOL OK
TSIZ OK
TSOZ OK
TSZJ OK
TSZI OK
TSZL OK
TSJI OK
TSJO OK
TSJZ OK
TSJL OK
TSLI OK
TSLO OK
TSZO OK
TSLZ OK
TSLJ OK
TZIO OK
TZIJ OK
TZIS OK
OLSZ CAP
TZIL OK
TZOI OK
TZOJ OK
TZOL OK
TZSJ OK
TZSI OK
TZSL OK
TZJI OK
TZJO OK
TZOS OK
TZJS OK
TZJL OK
TZLI OK
TZLO OK
TZLS OK
TZSO OK
TZLJ OK
TJIO OK
TJIS OK
TJIZ OK
TJIL OK
TJOI OK
TJOS OK
TJOZ OK
TJOL OK
TJSI OK
TJSO OK
TJSZ OK
TJSL OK
TJZI OK
TJZO OK
TJZL OK
TJLI OK
TJZS OK
TJLO OK
TJLS OK
TJLZ OK
TLIO OK
TLIS OK
TLIZ OK
TLIJ OK
TLOI OK
TLOS OK
TLOJ OK
TLOZ OK
TLSI OK
TLSJ OK
TLSO OK
TLSZ OK
TLZI OK
TLZO OK
TLZS OK
TLZJ OK
TLJI OK
TLJO OK
TLJS OK
TLJZ OK
SIOJ OK
SIOL OK
SIOT OK
SITO OK
SITJ OK
SITL OK
SIOZ OK
SITZ OK
SIZJ OK
SIZL OK
SIJO OK
SIZT OK
SIJT OK
SIJL OK
SIZO OK
SIJZ OK
SILO OK
SILT OK
SILJ OK
SILZ OK
SOIJ OK
SOIL OK
SOIT OK
SOTJ OK
SOTI OK
SOTZ OK
SOTL OK
SOIZ OK
SOZT OK
SOZI OK
SOJI OK
SOJT OK
SOJL OK
SOZJ OK
SOLI OK
SOLT OK
SOLJ OK
SOJZ OK
STIO OK
STIJ OK
STIL OK
STOI OK
STIZ OK
STOJ OK
STOL OK
STZI OK
STOZ OK
STZJ OK
SOZL OK
STZL OK
STJI OK
STJO OK
STJZ OK
STJL OK
STZO OK
STLI OK
STLO OK
STLZ OK
STLJ OK
SZIJ OK
SOLZ OK
SZIL OK
SZIO OK
SZIT OK
SZOT OK
SZOI OK
SZOJ OK
SZOL OK
SZTO OK
SZTI OK
SZTJ OK
SZJI OK
SZTL OK
SZLI OK
SZJT OK
SZJL OK
SZLJ OK
SZLT OK
SZJO OK
SJIO OK
SJIT OK
SJIL OK
SJIZ OK
SJOI OK
SZLO OK
SJOT OK
SJOL OK
SJTI OK
SJTO OK
SJTL OK
SJZI OK
SJTZ OK
SJZT OK
SJLI OK
SJLO OK
SJOZ OK
SJZO OK
SJLT OK
SJLZ OK
SLIO OK
SLIT OK
SJZL OK
SLIZ OK
SLIJ OK
SLOI OK
SLOT OK
SLOJ OK
SLTI OK
SLTO OK
SLTJ OK
SLTZ OK
SLZI OK
SLZT OK
SLZJ OK
SLJI OK
SLJO OK
SLJT OK
SLJZ OK
ZIOT OK
SLZO OK
ZIOJ OK
ZIOL OK
ZITO OK
ZITS OK
ZITJ OK
ZITL OK
ZIOS OK
ZIST OK
ZISJ OK
ZISL OK
ZIJO OK
ZIJT OK
ZISO OK
ZIJL OK
ZIJS OK
ZILT OK
ZILO OK
ZILJ OK
ZILS OK
ZOIT OK
ZOIJ OK
ZOIL OK
ZOTI OK
SLOZ OK
ZOTJ OK
ZOTL OK
ZOTS OK
ZOIS OK
ZOST OK
ZOSI OK
ZOJI OK
ZOJT OK
ZOSJ OK
ZOJL OK
ZOLI OK
ZOSL OK
ZOLT OK
ZOLJ OK
ZTIO OK
ZOJS OK
ZTIS OK
ZTIJ OK
ZTIL OK
ZTOI OK
ZTOJ OK
ZOLS OK
ZTOL OK
ZTSI OK
ZTSJ OK
ZTSL OK
ZTJI OK
ZTOS OK
ZTJO OK
ZTJL OK
ZTJS OK
ZTLI OK
ZTSO OK
ZTLO OK
ZTLS OK
ZTLJ OK
ZSIT OK
ZSIJ OK
ZSIL OK
ZSIO OK
ZSOI OK
ZSOT OK
ZSTI OK
ZSOJ OK
ZSTJ OK
ZSOL OK
ZSTO OK
ZSTL OK
ZSJI OK
ZSJT OK
ZSLI OK
ZSJL OK
ZSJO OK
ZSLJ OK
ZSLT OK
ZJIO OK
ZJIT OK
ZJIL OK
ZJOI OK
ZSLO OK
ZJOT OK
ZJIS OK
ZJOL OK
ZJTI OK
ZJTO OK
ZJTL OK
ZJTS OK
ZJSI OK
ZJOS OK
ZJLI OK
ZJLO OK
ZJSL OK
ZJLT OK
ZJST OK
ZJLS OK
ZJSO OK
ZLIT OK
ZLIO OK
ZLIJ OK
ZLOT OK
ZLOI OK
ZLIS OK
ZLOJ OK
ZLTI OK
ZLTO OK
ZLTJ OK
ZLTS OK
ZLST OK
ZLSI OK
ZLOS OK
ZLSJ OK
ZLJI OK
ZLJO OK
ZLJT OK
ZLJS OK
JIOT OK
JIOS OK
ZLSO OK
JIOZ OK
JIOL OK
JITO OK
JITS OK
JITZ OK
JITL OK
JISO OK
JISL OK
JIST OK
JIZO OK
JISZ OK
JIZL OK
JILO OK
JIZT OK
JILT OK
JILS OK
JILZ OK
JOIT OK
JOIS OK
JOIZ OK
JOIL OK
JOTI OK
JOTS OK
JOTZ OK
JOTL OK
JOSI OK
JOST OK
JOSL OK
JOZI OK
JOZT OK
JIZS OK
JOZL OK
JOLI OK
JOLT OK
JOLS OK
JOLZ OK
JTIO OK
JTIS OK
JTIZ OK
JTIL OK
JTOI OK
JTOS OK
JTOZ OK
JTOL OK
JTSI OK
JTSO OK
JTSZ OK
JTSL OK
JTZI OK
JTZO OK
JTZS OK
JTZL OK
JTLI OK
JTLO OK
JOSZ OK
JTLS OK
JTLZ OK
JSIO OK
JSIT OK
JSIZ OK
JSIL OK
JSOI OK
JSOT OK
JSOL OK
JSTI OK
JSTO OK
JSTL OK
JSTZ OK
JSZI OK
JSZT OK
JSOZ OK
JSLI OK
JSZL OK
JSZO OK
JSLO OK
JSLT OK
JSLZ OK
JZIO OK
JZIT OK
JZIL OK
JZOI OK
JZOT OK
JZIS OK
JZOL OK
JZTI OK
JZTO OK
JZTL OK
JZTS OK
JZSI OK
JZST OK
JOZS OK
JZLI OK
JZSL OK
JZLO OK
JZSO OK
JZLT OK
JZLS OK
JLIO OK
JLIT OK
JLIS OK
JLIZ OK
JLOI OK
JLOT OK
JLOS OK
JLOZ OK
JLTI OK
JLTO OK
JLTS OK
JLTZ OK
JLSI OK
JLSO OK
JLST OK
JLZI OK
JLZO OK
JLZT OK
LIOT OK
LIOS OK
JLZS OK
LIOJ OK
LIOZ OK
LITO OK
LITS OK
LITZ OK
LITJ OK
LISO OK
LIST OK
JLSZ OK
LISZ OK
LISJ OK
LIZT OK
LIZO OK
LIZJ OK
LIJO OK
LIJT OK
LIJS OK
LIJZ OK
LOIT OK
LOIS OK
LOIZ OK
LOIJ OK
LOTI OK
LOTS OK
LIZS OK
LOTZ OK
LOTJ OK
LOST OK
LOSI OK
LOSJ OK
LOZI OK
LOZT OK
LOZJ OK
JZOS OK
LOJI OK
LOJT OK
LOJS OK
LOJZ OK
LTIO OK
LTIS OK
LTIZ OK
LTIJ OK
LTOI OK
LTOS OK
LTOZ OK
LTOJ OK
LTSI OK
LTSO OK
LTSZ OK
LTSJ OK
LTZI OK
LTZO OK
LTZS OK
LTZJ OK
LTJI OK
LTJO OK
LTJS OK
LTJZ OK
LOZS OK
LSIT OK
LSIO OK
LSIZ OK
LSIJ OK
LSOI OK
LSOT OK
LSOJ OK
LSTI OK
LSTO OK
LSTZ OK
LSTJ OK
LSZI OK
LSZT OK
LSZJ OK
LSJI OK
LSJO OK
LSJT OK
LSZO OK
LSJZ OK
LZIO OK
LZIT OK
LZIJ OK
LZOI OK
LZIS OK
LZOT OK
LZOJ OK
LZTI OK
LZTO OK
LZTS OK
LZTJ OK
LZSI OK
LZOS OK
LOSZ CAP
LZST OK
LZSJ OK
LZJI OK
LZJO OK
LZJT OK
LZJS OK
LJIO OK
LJIT OK
LJIS OK
LJIZ OK
LJOI OK
LJOT OK
LJOS OK
LZSO OK
LJOZ OK
LJTI OK
LJTO OK
LJTS OK
LJTZ OK
LJSI OK
LJSO OK
LJST OK
LJZI OK
LJSZ OK
LJZO OK
LJZT OK
LJZS OK
LSOZ CAP
