IOTJ OK
IOTZ OK
IOTS OK
IOTL OK
IOSJ OK
IOSL OK
IOST OK
IOZT OK
IOSZ OK
IOZJ OK
IOJT OK
IOZL OK
IOJS OK
IOJZ OK
IOJL OK
IOLT OK
IOLS OK
IOLZ OK
IOLJ OK
ITOS OK
IOZS OK
ITOZ OK
ITOJ OK
ITOL OK
ITSO OK
ITSJ OK
ITSL OK
ITZO OK
ITZS OK
ITSZ OK
ITZL OK
ITZJ OK
ITJO OK
ITJS OK
ITJZ OK
ITJL OK
ITLS OK
ITLO OK
ITLZ OK
ITLJ OK
ISOJ OK
ISOL OK
ISOT OK
ISTO OK
ISOZ OK
ISTJ OK
ISTL OK
ISTZ OK
ISZJ OK
ISZO OK
ISZL OK
ISZT OK
ISJO OK
ISJT OK
ISJZ OK
ISJL OK
ISLO OK
ISLT OK
ISLZ OK
ISLJ OK
IZOT OK
IZOJ OK
IZOL OK
IZTO OK
IZTS OK
IZTJ OK
IZTL OK
IZOS OK
IZSO OK
IZST OK
IZSJ OK
IZSL OK
IZJO OK
IZJT OK
IZJL OK
IZJS OK
IZLO OK
IZLT OK
IZLJ OK
IJOT OK
IZLS OK
IJOZ OK
IJOS OK
IJOL OK
IJTO OK
IJTS OK
IJTL OK
IJTZ OK
IJSO OK
IJSL OK
IJST OK
IJSZ OK
IJZO OK
IJZT OK
IJZL OK
IJLO OK
IJZS OK
IJLT OK
IJLS OK
IJLZ OK
ILOT OK
ILOS OK
ILOJ OK
ILOZ OK
ILTO OK
ILTS OK
ILTZ OK
ILTJ OK
ILST OK
ILSO OK
ILSJ OK
ILZO OK
ILZT OK
ILZJ OK
ILZS OK
ILJO OK
ILJT OK
ILJS OK
ILJZ OK
OITS OK
OITZ OK
OITJ OK
OITL OK
OIST OK
OISJ OK
OISL OK
OIZT OK
ILSZ OK
OIZJ OK
OIZL OK
OIJT OK
OISZ OK
OIJS OK
OIJZ OK
OIJL OK
OILT OK
OILS OK
OILZ OK
OILJ OK
OTIS OK
OTIZ OK
OTIJ OK
OTIL OK
OIZS OK
OTSI OK
OTSJ OK
OTSL OK
OTZI OK
OTZJ OK
OTZL OK
OTJI OK
OTJS OK
OTSZ OK
OTJZ OK
OTJL OK
OTLI OK
OTLS OK
OTLZ OK
OTZS OK
OTLJ OK
OSIT OK
OSIZ OK
OSIJ OK
OSIL OK
OSTI OK
OSTJ OK
OSTL OK
OSZI OK
OSZJ OK
OSZL OK
OSTZ OK
OSJI OK
OSJT OK
OSZT OK
OSJZ OK
OSJL OK
OSLT OK
OSLI OK
OSLJ OK
OSLZ OK
OZIT OK
OZIJ OK
OZIL OK
OZTI OK
OZTS OK
OZTJ OK
OZTL OK
OZST OK
OZSJ OK
OZIS OK
OZJI OK
OZSL OK
OZJT OK
OZJL OK
OZSI OK
OZJS OK
OZLT OK
OZLI OK
OJIT OK
OZLJ OK
OJIS OK
OJIZ OK
OZLS OK
OJIL OK
OJTI OK
OJTS OK
OJTZ OK
OJTL OK
OJSI OK
OJST OK
OJSZ OK
OJZI OK
OJSL OK
OJZT OK
OJZL OK
OJLI OK
OJLT OK
OJZS OK
OJLS OK
OJLZ OK
OLIT OK
OLIS OK
OLIJ OK
OLIZ OK
OLTI OK
OLTS OK
OLTZ OK
OLTJ OK
OLST OK
OLSI OK
OLSZ OK
OLSJ OK
OLZI OK
OLZT OK
OLZJ OK
OLJI OK
OLJT OK
OLJS OK
OLJZ OK
OLZS OK
TIOS OK
TIOZ OK
TIOJ OK
TIOL OK
TISO OK
TISJ OK
TISL OK
TIZO OK
TIZS OK
TIZJ OK
TIZL OK
TISZ OK
TIJO OK
TIJS OK
TIJL OK
TIJZ OK
TILO OK
TILZ OK
TILS OK
TILJ OK
TOIS OK
TOIZ OK
TOIJ OK
TOIL OK
TOSI OK
TOSJ OK
TOSL OK
TOZI OK
TOZJ OK
TOZL OK
TOJI OK
TOJS OK
TOSZ OK
TOJZ OK
TOJL OK
TOLI OK
TOLS OK
TOLZ OK
TOZS OK
TOLJ OK
TSIO OK
TSIJ OK
TSIL OK
TSOI OK
TSOZ OK
TSOJ OK
TSOL OK
TSIZ OK
TSZI OK
TSZO OK
TSZL OK
TSZJ OK
TSJI OK
TSJO OK
TSJZ OK
TSJL OK
TSLI OK
TSLO OK
TSLZ OK
TSLJ OK
TZIO OK
TZIS OK
TZIJ OK
TZIL OK
TZOI OK
TZOJ OK
TZOL OK
TZSI OK
TZSJ OK
TZOS OK
TZSL OK
TZJI OK
TZJO OK
TZSO OK
TZJS OK
TZLI OK
TZJL OK
TZLO OK
TZLS OK
TZLJ OK
TJIO OK
TJIL OK
TJIS OK
TJIZ OK
TJOS OK
TJOI OK
TJOZ OK
TJOL OK
TJSO OK
TJSI OK
TJSL OK
TJSZ OK
TJZI OK
TJZO OK
TJZL OK
TJZS OK
TJLI OK
TJLO OK
TJLS OK
TJLZ OK
TLIO OK
TLIS OK
TLIZ OK
TLIJ OK
TLOI OK
TLOS OK
TLOZ OK
TLOJ OK
TLSI OK
TLSO OK
TLSZ OK
TLSJ OK
TLZI OK
TLZO OK
TLZJ OK
TLZS OK
TLJI OK
TLJO OK
TLJS OK
TLJZ OK
SIOT OK
SIOJ OK
SIOL OK
SITO OK
SITJ OK
SITL OK
SIOZ OK
SITZ OK
SIZJ OK
SIZO OK
SIZL OK
SIZT OK
SIJO OK
SIJT OK
SIJZ OK
SIJL OK
SILO OK
SILT OK
SILJ OK
SILZ OK
SOIT OK
SOIJ OK
SOIZ OK
SOIL OK
SOTI OK
SOTZ OK
SOTJ OK
SOTL OK
SOZT OK
SOZI OK
SOZJ OK
SOJI OK
SOZL OK
SOJT OK
SOJZ OK
SOJL OK
SOLI OK
SOLT OK
SOLZ OK
SOLJ OK
STIO OK
STIL OK
STIJ OK
STOI OK
STOZ OK
STOJ OK
STOL OK
STIZ OK
STZO OK
STZI OK
STZL OK
STZJ OK
STJI OK
STJO OK
STJL OK
STJZ OK
STLI OK
STLO OK
STLZ OK
STLJ OK
SZIJ OK
SZIL OK
SZIO OK
SZIT OK
SZOT OK
SZOJ OK
SZOL OK
SZOI OK
SZTO OK
SZTL OK
SZTI OK
SZJI OK
SZJO OK
SZJT OK
SZJL OK
SZTJ OK
SZLI OK
SZLO OK
SZLJ OK
SZLT OK
SJIO OK
SJIT OK
SJIZ OK
SJIL OK
SJOI OK
SJOT OK
SJOZ OK
SJOL OK
SJTI OK
SJTO OK
SJTZ OK
SJTL OK
SJZI OK
SJZO OK
SJZT OK
SJLI OK
SJLO OK
SJZL OK
SJLT OK
SJLZ OK
SLIO OK
SLIT OK
SLIJ OK
SLIZ OK
SLOI OK
SLOT OK
SLOZ OK
SLOJ OK
SLTI OK
SLTO OK
SLTZ OK
SLTJ OK
SLZI OK
SLZT OK
SLZO OK
SLZJ OK
SLJI OK
SLJO OK
SLJT OK
SLJZ OK
ZIOT OK
ZIOJ OK
ZIOL OK
ZITO OK
ZITS OK
ZITJ OK
ZIOS OK
ZITL OK
ZISO OK
ZIST OK
ZISJ OK
ZISL OK
ZIJO OK
ZIJT OK
ZIJL OK
ZILO OK
ZIJS OK
ZILT OK
ZILS OK
ZILJ OK
ZOIT OK
ZOIJ OK
ZOIL OK
ZOTI OK
ZOTS OK
ZOTJ OK
ZOIS OK
ZOTL OK
ZOST OK
ZOSJ OK
ZOJI OK
ZOJT OK
ZOSI OK
ZOSL OK
ZOJL OK
ZOJS OK
ZOLI OK
ZOLT OK
ZOLJ OK
ZTIO OK
ZTIS OK
ZTIJ OK
ZOLS OK
ZTIL OK
ZTOI OK
ZTOS OK
ZTOJ OK
ZTOL OK
ZTSI OK
ZTSJ OK
ZTSL OK
ZTJI OK
ZTJO OK
ZTSO OK
ZTJS OK
ZTJL OK
ZTLI OK
ZTLO OK
ZTLS OK
ZTLJ OK
ZSIO OK
ZSIT OK
ZSIJ OK
ZSIL OK
ZSOI OK
ZSOT OK
ZSOJ OK
ZSTI OK
ZSOL OK
ZSTJ OK
ZSTL OK
ZSJI OK
ZSTO OK
ZSJO OK
ZSJT OK
ZSJL OK
ZSLI OK
ZSLT OK
ZSLJ OK
ZJIO OK
ZSLO OK
ZJIT OK
ZJIL OK
ZJOI OK
ZJIS OK
ZJOT OK
ZJOL OK
ZJOS OK
ZJTI OK
ZJTO OK
ZJTL OK
ZJSI OK
ZJTS OK
ZJSO OK
ZJST OK
ZJSL OK
ZJLI OK
ZJLO OK
ZJLT OK
ZJLS OK
ZLIO OK
ZLIT OK
ZLIJ OK
ZLIS OK
ZLOI OK
ZLOT OK
ZLOJ OK
ZLTI OK
ZLTO OK
ZLTS OK
ZLOS OK
ZLTJ OK
ZLST OK
ZLSI OK
ZLJI OK
ZLSJ OK
ZLJO OK
ZLSO OK
ZLJT OK
JIOT OK
JIOS OK
ZLJS OK
JIOZ OK
JIOL OK
JITO OK
JITL OK
JITS OK
JITZ OK
JISO OK
JISL OK
JIST OK
JISZ OK
JIZO OK
JIZT OK
JIZL OK
JILO OK
JILT OK
JIZS OK
JILS OK
JILZ OK
JOIT OK
JOIS OK
JOIZ OK
JOIL OK
JOTI OK
JOTS OK
JOTZ OK
JOTL OK
JOSI OK
JOST OK
JOSL OK
JOSZ OK
JOZI OK
JOZT OK
JOZL OK
JOLI OK
JOLT OK
JOZS OK
JOLS OK
JOLZ OK
JTIO OK
JTIL OK
JTIS OK
JTIZ OK
JTOI OK
JTOS OK
JTOZ OK
JTOL OK
JTSO OK
JTSI OK
JTSL OK
JTSZ OK
JTZI OK
JTZO OK
JTZL OK
JTZS OK
JTLI OK
JTLO OK
JTLS OK
JTLZ OK
JSIO OK
JSIT OK
JSIZ OK
JSIL OK
JSOI OK
JSOT OK
JSOL OK
JSOZ OK
JSTI OK
JSTO OK
JSTL OK
JSTZ OK
JSZI OK
JSZO OK
JSZT OK
JSLI OK
JSLO OK
JSLT OK
JSLZ OK
JSZL OK
JZIO OK
JZIT OK
JZIL OK
JZOI OK
JZOT OK
JZIS OK
JZOL OK
JZOS OK
JZTI OK
JZTO OK
JZTL OK
JZTS OK
JZSI OK
JZST OK
JZSO OK
JZLI OK
JZSL OK
JZLO OK
JZLT OK
JLIO OK
JLIT OK
JZLS OK
JLIS OK
JLIZ OK
JLOI OK
JLOT OK
JLOS OK
JLOZ OK
JLTI OK
JLTO OK
JLTS OK
JLTZ OK
JLSI OK
JLST OK
JLSO OK
JLZI OK
JLZO OK
JLZT OK
JLSZ OK
LIOT OK
LIOS OK
LIOZ OK
JLZS OK
LIOJ OK
LITS OK
LITO OK
LITZ OK
LITJ OK
LISO OK
LIST OK
LISJ OK
LIZO OK
LIZT OK
LIZJ OK
LIJO OK
LIZS OK
LIJS OK
LIJT OK
LIJZ OK
LOIT OK
LOIS OK
LOIZ OK
LOIJ OK
LOTI OK
LOTS OK
LOTZ OK
LOTJ OK
LOSI OK
LOST OK
LOSJ OK
LOSZ OK
LOZT OK
LOZI OK
LOZJ OK
LOZS OK
LISZ OK
LOJI OK
LOJT OK
LOJS OK
LOJZ OK
LTIO OK
LTIS OK
LTIZ OK
LTIJ OK
LTOI OK
LTOS OK
LTOZ OK
LTOJ OK
LTSI OK
LTSO OK
LTSZ OK
LTSJ OK
LTZI OK
LTZO OK
LTZS OK
LTZJ OK
LTJI OK
LTJO OK
LTJS OK
LTJZ OK
LSIO OK
LSIT OK
LSIZ OK
LSIJ OK
LSOI OK
LSOT OK
LSOJ OK
LSTI OK
LSTO OK
LSTZ OK
LSTJ OK
LSZI OK
LSZO OK
LSZT OK
LSZJ OK
LSJI OK
LSJO OK
LSJT OK
LSJZ OK
LZIO OK
LZIT OK
LZIJ OK
LZIS OK
LZOI OK
LZOT OK
LZOS OK
LZOJ OK
LZTI OK
LZTO OK
LSOZ OK
LZTS OK
LZTJ OK
LZST OK
LZSO OK
LZSI OK
LZSJ OK
LZJI OK
LZJO OK
LZJT OK
LJIO OK
LJIT OK
LZJS OK
LJIS OK
LJIZ OK
LJOI OK
LJOT OK
LJOS OK
LJOZ OK
LJTI OK
LJTO OK
LJTS OK
LJTZ OK
LJSI OK
LJST OK
LJSO OK
LJZI OK
LJSZ OK
LJZO OK
LJZT OK
LJZS OK
