IOTZ OK
IOTL OK
IOTS OK
IOTJ OK
IOST OK
IOSJ OK
IOSL OK
IOSZ OK
IOZT OK
IOZS OK
IOZL OK
IOZJ OK
IOJT OK
IOJL OK
IOLT OK
IOJS OK
IOJZ OK
IOLS OK
IOLZ OK
ITOS OK
IOLJ OK
ITOZ OK
ITOJ OK
ITOL OK
ITSO OK
ITSZ OK
ITSJ OK
ITSL OK
ITZO OK
ITZJ OK
ITZS OK
ITZL OK
ITJO OK
ITJS OK
ITJZ OK
ITJL OK
ITLO OK
ITLJ OK
ISOT OK
ITLS OK
ITLZ OK
ISOZ OK
ISTO OK
ISOJ OK
ISOL OK
ISTZ OK
ISTJ OK
ISTL OK
ISZT OK
ISZJ OK
ISZL OK
ISJT OK
ISJO OK
ISJL OK
ISJZ OK
ISLT OK
ISLO OK
ISLJ OK
ISLZ OK
IZOT OK
IZOS OK
IZOJ OK
IZOL OK
IZTS OK
IZTO OK
ISZO OK
IZTJ OK
IZTL OK
IZST OK
IZSJ OK
IZSL OK
IZJT OK
IZJO OK
IZJL OK
IZJS OK
IZLO OK
IZLT OK
IZLJ OK
IJOT OK
IZLS OK
IJOL OK
IZSO OK
IJOS OK
IJOZ OK
IJTO OK
IJTS OK
IJTZ OK
IJTL OK
IJST OK
IJSL OK
IJSO OK
IJZT OK
IJZO OK
IJSZ OK
IJZL OK
IJLT OK
IJLO OK
IJLS OK
IJZS OK
IJLZ OK
ILOT OK
ILOJ OK
ILTO OK
ILOS OK
ILOZ OK
ILTJ OK
ILTS OK
ILST OK
ILTZ OK
ILSO OK
ILSJ OK
ILZT OK
ILSZ OK
ILZJ OK
ILJO OK
ILZO OK
ILJT OK
ILJS OK
ILZS OK
ILJZ OK
OITS OK
OITZ OK
OITJ OK
OIST OK
OITL OK
OISZ OK
OIZT OK
OISJ OK
OISL OK
OIZS OK
OIZJ OK
OIZL OK
OIJT OK
OIJL OK
OIJS OK
OILT OK
OIJZ OK
OILJ OK
OTIS OK
OILS OK
OILZ OK
OTIZ OK
OTIJ OK
OTIL OK
OTSI OK
OTSL OK
OTZI OK
OTSJ OK
OTZJ OK
OTZL OK
OTJI OK
OTJS OK
OTJZ OK
OTJL OK
OTLI OK
OTLS OK
OTLZ OK
OTLJ OK
OSIT OK
OSIZ OK
OTSZ OK
OSIJ OK
OSTI OK
OSIL OK
OTZS OK
OSTZ OK
OSTJ OK
OSTL OK
OSZI OK
OSZT OK
OSZL OK
OSJI OK
OSJT OK
OSZJ OK
OSJL OK
OSLI OK
OSJZ OK
OSLT OK
OSLZ OK
OZIS OK
OZIT OK
OSLJ OK
OZIJ OK
OZIL OK
OZTI OK
OZTS OK
OZTJ OK
OZTL OK
OZSI OK
OZST OK
OZJI OK
OZJT OK
OZSL OK
OZSJ OK
OZJL OK
OZLI OK
OZJS OK
OZLT OK
OZLJ OK
OJIT OK
OJIS OK
OJIZ OK
OJIL OK
OJTI OK
OJTS OK
OJTZ OK
OJTL OK
OZLS OK
OJSI OK
OJST OK
OJSL OK
OJSZ OK
OJZI OK
OJZL OK
OJZT OK
OJLI OK
OJLT OK
OJLS OK
OLIT OK
OJLZ OK
OLIS OK
OLIJ OK
OLIZ OK
OLTI OK
OLTS OK
OLTZ OK
OLTJ OK
OLSI OK
OLST OK
OLSZ OK
OLSJ OK
OLZI OK
OLZT OK
OLZJ OK
OLJI OK
OLJT OK
OLJS OK
OLJZ OK
TIOS OK
TIOZ OK
TIOJ OK
TIOL OK
TISO OK
TISZ OK
TISJ OK
TISL OK
TIZO OK
TIZS OK
TIZJ OK
TIZL OK
TIJO OK
TIJS OK
TIJZ OK
TIJL OK
TILO OK
TILS OK
TILZ OK
TILJ OK
TOIS OK
TOIZ OK
TOIJ OK
TOIL OK
TOSI OK
TOSJ OK
TOSL OK
TOZI OK
TOZS OK
TOZJ OK
TOZL OK
TOJI OK
TOSZ OK
TOJS OK
TOJL OK
TOJZ OK
TOLI OK
TOLS OK
OJZS OK
TOLZ OK
TOLJ OK
TSIO OK
TSIZ OK
TSIJ OK
TSIL OK
TSOI OK
TSOZ OK
TSOJ OK
TSOL OK
TSZI OK
TSZO OK
TSZJ OK
TSZL OK
TSJI OK
TSJO OK
TSJL OK
TSLI OK
TSJZ OK
TSLO OK
TSLJ OK
OLZS OK
TSLZ OK
TZIO OK
TZIS OK
TZIJ OK
TZIL OK
TZOI OK
TZOS OK
TZOJ OK
TZSI OK
TZOL OK
TZSJ OK
TZSO OK
TZSL OK
TZJI OK
TZJO OK
TZJL OK
TZLI OK
TZJS OK
TZLO OK
TZLJ OK
TJIO OK
TZLS OK
TJIS OK
TJIZ OK
TJIL OK
TJOI OK
TJOL OK
TJSI OK
TJOS OK
TJOZ OK
TJSO OK
TJZI OK
TJSL OK
TJSZ OK
TJZO OK
TJLI OK
TJZL OK
TJLO OK
TJZS OK
TJLS OK
TJLZ OK
TLIO OK
TLIS OK
TLIJ OK
TLIZ OK
TLOI OK
TLOJ OK
TLOS OK
TLOZ OK
TLSI OK
TLSO OK
TLSJ OK
TLZI OK
TLSZ OK
TLZO OK
TLZJ OK
TLJI OK
TLZS OK
TLJO OK
TLJS OK
TLJZ OK
SIOT OK
SIOZ OK
SIOJ OK
SITO OK
SIOL OK
SITZ OK
SITJ OK
SITL OK
SIZO OK
SIZJ OK
SIZT OK
SIZL OK
SIJT OK
SIJO OK
SIJL OK
SIJZ OK
SILT OK
SILO OK
SOIT OK
SILJ OK
SILZ OK
SOIZ OK
SOIJ OK
SOTI OK
SOIL OK
SOTZ OK
SOTJ OK
SOTL OK
SOZT OK
SOZI OK
SOZL OK
SOJI OK
SOJT OK
SOZJ OK
SOJL OK
SOJZ OK
SOLT OK
SOLI OK
SOLZ OK
SOLJ OK
STIO OK
STIZ OK
STIJ OK
STIL OK
STOI OK
STOJ OK
STZI OK
STOL OK
STZO OK
STZJ OK
STZL OK
STJI OK
STJO OK
STJL OK
STLI OK
STJZ OK
STLJ OK
STLO OK
STLZ OK
SZIO OK
SZIT OK
SZIJ OK
STOZ OK
SZOT OK
SZIL OK
SZOL OK
SZTI OK
SZOJ OK
SZTO OK
SZTJ OK
SZTL OK
SZJI OK
SZJT OK
SZJL OK
SZJO OK
SZLI OK
SZLT OK
SZLJ OK
SZOI OK
SJIO OK
SJIT OK
SJIL OK
SJIZ OK
SJOI OK
SJOT OK
SJOL OK
SJOZ OK
SJTI OK
SJTO OK
SJTL OK
SJTZ OK
SZLO OK
SJZI OK
SJZL OK
SJLI OK
SJZT OK
SJZO OK
SJLT OK
SJLO OK
SJLZ OK
SLIO OK
SLIT OK
SLIZ OK
SLIJ OK
SLOI OK
SLOT OK
SLOJ OK
SLTI OK
SLOZ OK
SLTO OK
SLTJ OK
SLTZ OK
SLZI OK
SLZJ OK
SLZT OK
SLJI OK
SLJT OK
SLJO OK
SLJZ OK
ZIOT OK
ZIOS OK
ZIOJ OK
ZIOL OK
ZITO OK
ZITS OK
ZITJ OK
ZITL OK
ZISO OK
ZIST OK
ZISJ OK
ZISL OK
ZIJT OK
ZIJO OK
ZIJL OK
ZIJS OK
ZILT OK
ZILO OK
ZILJ OK
ZOIT OK
ZILS OK
ZOIS OK
ZOIJ OK
ZOIL OK
ZOTI OK
ZOTS OK
ZOTJ OK
ZOTL OK
ZOSI OK
ZOST OK
ZOSL OK
ZOJI OK
ZOSJ OK
ZOJT OK
ZOJL OK
ZOJS OK
ZOLI OK
ZOLT OK
ZOLJ OK
ZTIO OK
ZTIS OK
ZTIJ OK
ZTIL OK
ZTOI OK
ZTOS OK
ZOLS OK
ZTOJ OK
ZTSI OK
ZTOL OK
ZTSO OK
ZTSJ OK
ZTSL OK
ZTJI OK
ZTJO OK
ZTJL OK
ZTJS OK
ZTLI OK
ZTLO OK
ZTLJ OK
ZSIO OK
ZSIT OK
ZTLS OK
ZSIJ OK
ZSIL OK
ZSOI OK
ZSOT OK
ZSOL OK
ZSTI OK
ZSOJ OK
ZSTO OK
ZSTJ OK
ZSTL OK
ZSJI OK
ZSJT OK
ZSJL OK
ZSJO OK
ZSLI OK
ZSLT OK
ZSLJ OK
ZJIO OK
ZJIT OK
ZSLO OK
ZJIL OK
ZJIS OK
ZJOT OK
ZJOI OK
ZJOL OK
ZJTI OK
ZJOS OK
ZJTO OK
SLZO OK
ZJTL OK
ZJTS OK
ZJSI OK
ZJST OK
ZJSL OK
ZJLI OK
ZJLO OK
ZJLT OK
ZJLS OK
ZLIT OK
ZLIO OK
ZLIJ OK
ZLIS OK
ZLOI OK
ZJSO OK
ZLOT OK
ZLOJ OK
ZLTI OK
ZLTO OK
ZLTJ OK
ZLSI OK
ZLTS OK
ZLST OK
ZLOS OK
ZLSJ OK
ZLJI OK
ZLJO OK
ZLJT OK
ZLJS OK
JIOT OK
JIOL OK
ZLSO OK
JIOS OK
JIOZ OK
JITO OK
JITS OK
JITZ OK
JITL OK
JIST OK
JISL OK
JIZT OK
JISO OK
JIZO OK
JISZ OK
JIZL OK
JILO OK
JIZS OK
JILT OK
JILS OK
JILZ OK
JOIT OK
JOIL OK
JOTI OK
JOIS OK
JOIZ OK
JOTL OK
JOTS OK
JOTZ OK
JOSI OK
JOST OK
JOSL OK
JOSZ OK
JOZI OK
JOZL OK
JOZT OK
JOLI OK
JOLT OK
JOLS OK
JOLZ OK
JTIO OK
JTIZ OK
JTIS OK
JTIL OK
JTOI OK
JTOS OK
JTOZ OK
JTOL OK
JTSI OK
JTSL OK
JTSO OK
JTZI OK
JTZO OK
JTSZ OK
JTZL OK
JTLI OK
JTZS OK
JTLO OK
JTLS OK
JTLZ OK
JSIT OK
JSIL OK
JSIO OK
JSIZ OK
JSOI OK
JSOT OK
JSOZ OK
JSTI OK
JSOL OK
JSTL OK
JSTO OK
JSTZ OK
JSZI OK
JSZL OK
JSZO OK
JSZT OK
JSLI OK
JSLO OK
JSLT OK
JSLZ OK
JZIT OK
JZIL OK
JZIO OK
JZIS OK
JZOT OK
JZOI OK
JZOL OK
JZTI OK
JZTO OK
JZTL OK
JZTS OK
JZSI OK
JZST OK
JZSL OK
JZLI OK
JZLO OK
JZLT OK
JZLS OK
JLIO OK
JLIT OK
JLIS OK
JZOS OK
JLIZ OK
JLOI OK
JLOT OK
JLOS OK
JLOZ OK
JLTI OK
JLTO OK
JLTS OK
JZSO OK
JLTZ OK
JLSI OK
JOZS CAP
JLST OK
JLSO OK
JLZI OK
JLSZ OK
JLZO OK
JLZT OK
JLZS OK
LIOT OK
LIOJ OK
LITO OK
LIOS OK
LIOZ OK
LITJ OK
LITS OK
LIST OK
LITZ OK
LISO OK
LISJ OK
LIZT OK
LISZ OK
LIZJ OK
LIJO OK
LIJT OK
LIJS OK
LIZO OK
LIJZ OK
LIZS OK
LOIT OK
LOIJ OK
LOTI OK
LOIS OK
LOIZ OK
LOTJ OK
LOTS OK
LOTZ OK
LOSI OK
LOST OK
LOSJ OK
LOSZ OK
LOZJ OK
LOZI OK
LOZT OK
LOJI OK
LOJT OK
LOJS OK
LOJZ OK
LTIO OK
LTIS OK
LTIZ OK
LTIJ OK
LTOI OK
LTOS OK
LTOZ OK
LTOJ OK
LTSI OK
LTSO OK
LTSJ OK
LTSZ OK
LTZI OK
LTZO OK
LTZS OK
LTJI OK
LTZJ OK
LTJO OK
LTJS OK
LTJZ OK
LSIT OK
LSIO OK
LSIJ OK
LSIZ OK
LSOI OK
LSOT OK
LSOZ OK
LSTI OK
LSOJ OK
LSTJ OK
LSTO OK
LSTZ OK
LSZI OK
LSZJ OK
LSZT OK
LSJI OK
LSJO OK
LSJT OK
LSJZ OK
LZIT OK
LZIO OK
LZIJ OK
LZIS OK
LZOT OK
LZOI OK
LZOJ OK
LZTI OK
LZTO OK
LZTS OK
LZTJ OK
LZSI OK
LOZS OK
LZST OK
LZSJ OK
LZJI OK
LZJO OK
LZJT OK
LZSO OK
LZJS OK
LJIO OK
LJIT OK
LJIS OK
LJIZ OK
LJOI OK
LJOT OK
LJOS OK
LJOZ OK
LJTI OK
LJTO OK
LJTS OK
LJTZ OK
LJSI OK
LJSO OK
LJST OK
LJZI OK
LJSZ OK
LJZT OK
LJZO OK
LJZS OK
LSZO OK
LZOS OK
