IOTL OK
IOTZ OK
IOTJ OK
IOTS OK
IOST OK
IOSZ OK
IOSJ OK
IOSL OK
IOZT OK
IOZS OK
IOZJ OK
IOZL OK
IOJT OK
IOJL OK
IOLT OK
IOJS OK
IOJZ OK
IOLS OK
IOLJ OK
ITOS OK
IOLZ OK
ITOZ OK
ITOJ OK
ITOL OK
ITSO OK
ITSJ OK
ITSZ OK
ITSL OK
ITZO OK
ITZS OK
ITZJ OK
ITZL OK
ITJO OK
ITJS OK
ITJL OK
ITLO OK
ITJZ OK
ITLS OK
ITLJ OK
ISOT OK
ITLZ OK
ISOZ OK
ISOJ OK
ISTO OK
ISOL OK
ISTZ OK
ISTJ OK
ISTL OK
ISZO OK
ISZT OK
ISZJ OK
ISZL OK
ISJT OK
ISJO OK
ISJL OK
ISJZ OK
ISLT OK
ISLO OK
ISLJ OK
IZOS OK
IZOT OK
ISLZ OK
IZOJ OK
IZOL OK
IZTS OK
IZTO OK
IZTJ OK
IZTL OK
IZST OK
IZSL OK
IZSJ OK
IZJO OK
IZJT OK
IZJL OK
IZJS OK
IZLT OK
IZLO OK
IZLJ OK
IJOT OK
IZLS OK
IJOS OK
IZSO OK
IJOL OK
IJOZ OK
IJTO OK
IJTS OK
IJTZ OK
IJTL OK
IJST OK
IJSL OK
IJSO OK
IJZO OK
IJZT OK
IJSZ OK
IJZL OK
IJLO OK
IJLT OK
IJLS OK
IJLZ OK
IJZS OK
ILOT OK
ILOJ OK
ILTO OK
ILOS OK
ILOZ OK
ILTS OK
ILTJ OK
ILTZ OK
ILST OK
ILSO OK
ILSJ OK
ILSZ OK
ILZT OK
ILZJ OK
ILJO OK
ILZO OK
ILJT OK
ILZS OK
ILJS OK
ILJZ OK
OITS OK
OITZ OK
OITJ OK
OITL OK
OIST OK
OISZ OK
OISJ OK
OISL OK
OIZT OK
OIZS OK
OIZJ OK
OIZL OK
OIJT OK
OIJS OK
OIJZ OK
OILT OK
OIJL OK
OTIS OK
OILJ OK
OILS OK
OILZ OK
OTIZ OK
OTIJ OK
OTSI OK
OTIL OK
OTSJ OK
OTZI OK
OTSL OK
OTZJ OK
OTZL OK
OTJI OK
OTJS OK
OTJZ OK
OTJL OK
OTSZ OK
OTLI OK
OTLS OK
OTLZ OK
OTLJ OK
OTZS OK
OSIT OK
OSIZ OK
OSIJ OK
OSIL OK
OSTI OK
OSTJ OK
OSTL OK
OSZI OK
OSZL OK
OSZJ OK
OSJI OK
OSJT OK
OSJL OK
OSJZ OK
OSTZ OK
OSLI OK
OSZT OK
OSLT OK
OSLZ OK
OZIT OK
OSLJ OK
OZIS OK
OZIJ OK
OZIL OK
OZTI OK
OZTS OK
OZTJ OK
OZTL OK
OZSI OK
OZST OK
OZJI OK
OZJT OK
OZSL OK
OZSJ OK
OZJL OK
OZLI OK
OZLT OK
OZJS OK
OZLJ OK
OJIT OK
OJIS OK
OJIL OK
OJIZ OK
OJTI OK
OJTS OK
OJTZ OK
OJTL OK
OZLS OK
OJSI OK
OJST OK
OJSL OK
OJSZ OK
OJZI OK
OJZL OK
OJZT OK
OJLI OK
OJLT OK
OJZS OK
OJLS OK
OLIT OK
OJLZ OK
OLIJ OK
OLTI OK
OLIS OK
OLIZ OK
OLTJ OK
OLTS OK
OLTZ OK
OLSI OK
OLSJ OK
OLST OK
OLSZ OK
OLZI OK
OLZJ OK
OLZT OK
OLJI OK
OLJT OK
OLJS OK
TIOS OK
OLJZ OK
TIOZ OK
TIOJ OK
TIOL OK
TISO OK
TISZ OK
TISJ OK
TISL OK
TIZO OK
TIZS OK
TIZJ OK
TIZL OK
TIJO OK
TIJS OK
TIJZ OK
TIJL OK
TILO OK
TILS OK
TILJ OK
TILZ OK
TOIS OK
TOIZ OK
TOIJ OK
TOIL OK
TOSI OK
OLZS OK
TOSJ OK
TOSL OK
TOZI OK
TOZJ OK
TOZL OK
TOJI OK
TOJS OK
TOSZ OK
TOJZ OK
TOJL OK
TOLI OK
TOLS OK
TOLJ OK
TOLZ OK
TOZS OK
TSIO OK
TSIZ OK
TSIJ OK
TSIL OK
TSOI OK
TSOJ OK
TSZI OK
TSOL OK
TSZJ OK
TSZL OK
TSJI OK
TSJO OK
TSJZ OK
TSJL OK
TSLI OK
TSOZ OK
TSLO OK
TSLZ OK
TSZO OK
TSLJ OK
TZIO OK
TZIS OK
TZIJ OK
TZIL OK
TZOI OK
TZSI OK
TZOJ OK
TZOS OK
TZOL OK
TZSL OK
TZSJ OK
TZJI OK
TZJO OK
TZJL OK
TZJS OK
TZLI OK
TZLO OK
TZLS OK
TZLJ OK
TJIS OK
TJIO OK
TJIZ OK
TJIL OK
TJOI OK
TZSO OK
TJOS OK
TJOL OK
TJOZ OK
TJSI OK
TJSL OK
TJSO OK
TJZI OK
TJSZ OK
TJZO OK
TJZL OK
TJZS OK
TJLI OK
TJLO OK
TJLS OK
TJLZ OK
TLIO OK
TLIS OK
TLIJ OK
TLIZ OK
TLOI OK
TLOJ OK
TLSI OK
TLOS OK
TLOZ OK
TLSJ OK
TLSO OK
TLZI OK
TLSZ OK
TLZJ OK
TLJI OK
TLZO OK
TLZS OK
TLJO OK
TLJS OK
TLJZ OK
SIOT OK
SIOZ OK
SITO OK
SIOJ OK
SIOL OK
SITZ OK
SITJ OK
SITL OK
SIZO OK
SIZT OK
SIZJ OK
SIZL OK
SIJO OK
SIJT OK
SIJL OK
SILT OK
SIJZ OK
SILO OK
SILJ OK
SOIT OK
SILZ OK
SOIZ OK
SOTI OK
SOIJ OK
SOIL OK
SOTJ OK
SOZI OK
SOTL OK
SOZT OK
SOTZ OK
SOZL OK
SOZJ OK
SOJI OK
SOJT OK
SOJL OK
SOJZ OK
SOLI OK
SOLT OK
SOLZ OK
STIO OK
SOLJ OK
STIZ OK
STIJ OK
STIL OK
STOI OK
STOJ OK
STZI OK
STOL OK
STZO OK
STZJ OK
STZL OK
STJI OK
STOZ OK
STJO OK
STJL OK
STLI OK
STLO OK
STLJ OK
STJZ OK
SZIO OK
SZIT OK
STLZ OK
SZIJ OK
SZIL OK
SZOI OK
SZOT OK
SZOJ OK
SZTI OK
SZOL OK
SZTO OK
SZTJ OK
SZTL OK
SZJI OK
SZJT OK
SZJL OK
SZLI OK
SZJO OK
SZLT OK
SZLJ OK
SZLO OK
SJIO OK
SJIT OK
SJIL OK
SJOI OK
SJIZ OK
SJOT OK
SJOL OK
SJOZ OK
SJTI OK
SJTO OK
SJTL OK
SJTZ OK
SJZI OK
SJZT OK
SJZO OK
SJZL OK
SJLI OK
SJLT OK
SJLO OK
SJLZ OK
SLIO OK
SLIT OK
SLIJ OK
SLIZ OK
SLOI OK
SLOT OK
SLOZ OK
SLTI OK
SLOJ OK
SLTO OK
SLTJ OK
SLTZ OK
SLZI OK
SLZT OK
SLJI OK
SLZJ OK
SLZO OK
SLJT OK
SLJO OK
ZIOT OK
SLJZ OK
ZIOS OK
ZIOJ OK
ZIOL OK
ZITO OK
ZITS OK
ZITJ OK
ZITL OK
ZISO OK
ZIST OK
ZISJ OK
ZISL OK
ZIJT OK
ZIJO OK
ZIJL OK
ZILT OK
ZIJS OK
ZILO OK
ZOIT OK
ZILJ OK
ZILS OK
ZOIS OK
ZOIL OK
ZOIJ OK
ZOTI OK
ZOTS OK
ZOTJ OK
ZOTL OK
ZOSI OK
ZOST OK
ZOJI OK
ZOSL OK
ZOJT OK
ZOSJ OK
ZOJL OK
ZOLI OK
ZOLT OK
ZOJS OK
ZOLJ OK
ZTIO OK
ZTIS OK
ZTIJ OK
ZTIL OK
ZTOI OK
ZTOS OK
ZTOJ OK
ZTOL OK
ZOLS OK
ZTSI OK
ZTSJ OK
ZTJI OK
ZTSL OK
ZTJO OK
ZTJS OK
ZTJL OK
ZTSO OK
ZTLI OK
ZTLJ OK
ZTLO OK
ZTLS OK
ZSIO OK
ZSIT OK
ZSIJ OK
ZSIL OK
ZSOI OK
ZSOT OK
ZSTI OK
ZSOJ OK
ZSOL OK
ZSTO OK
ZSTJ OK
ZSJI OK
ZSTL OK
ZSJT OK
ZSJO OK
ZSJL OK
ZSLI OK
ZSLJ OK
ZSLT OK
ZJIT OK
ZJIO OK
ZJIS OK
ZJIL OK
ZSLO OK
ZJOI OK
ZJOT OK
ZJOL OK
ZJTI OK
ZJTO OK
ZJOS OK
ZJTL OK
ZJTS OK
ZJSI OK
ZJSL OK
ZJLI OK
ZJLO OK
ZJSO OK
ZJLT OK
ZJST OK
ZJLS OK
ZLIT OK
ZLIJ OK
ZLIO OK
ZLIS OK
ZLOT OK
ZLOI OK
ZLOJ OK
ZLTI OK
ZLTO OK
ZLTS OK
ZLTJ OK
ZLSI OK
ZLOS OK
ZLST OK
ZLSJ OK
ZLJI OK
ZLJO OK
ZLJT OK
ZLJS OK
JIOT OK
ZLSO OK
JIOL OK
JIOS OK
JITO OK
JIOZ OK
JITS OK
JITZ OK
JITL OK
JIST OK
JISL OK
JISO OK
JIZT OK
JISZ OK
JIZO OK
JIZL OK
JILO OK
JILT OK
JILS OK
JILZ OK
JOIT OK
JIZS OK
JOIL OK
JOTI OK
JOIS OK
JOIZ OK
JOTS OK
JOTL OK
JOTZ OK
JOSI OK
JOSL OK
JOST OK
JOSZ OK
JOZI OK
JOZL OK
JOZT OK
JOLI OK
JOLT OK
JOLS OK
JTIO OK
JOLZ OK
JOZS OK
JTIS OK
JTIL OK
JTIZ OK
JTOI OK
JTOL OK
JTSI OK
JTOS OK
JTOZ OK
JTSL OK
JTZI OK
JTSO OK
JTSZ OK
JTZO OK
JTZL OK
JTZS OK
JTLO OK
JTLI OK
JTLS OK
JTLZ OK
JSIT OK
JSIL OK
JSIO OK
JSOI OK
JSIZ OK
JSOT OK
JSTI OK
JSOZ OK
JSOL OK
JSTL OK
JSTO OK
JSTZ OK
JSZI OK
JSZL OK
JSLI OK
JSZT OK
JSZO OK
JSLO OK
JSLT OK
JSLZ OK
JZIT OK
JZIL OK
JZIO OK
JZIS OK
JZOT OK
JZOI OK
JZOL OK
JZTI OK
JZTO OK
JZTS OK
JZTL OK
JZOS OK
JZSI OK
JZSL OK
JZLI OK
JZLO OK
JZSO OK
JZLT OK
JZST OK
JZLS OK
JLIO OK
JLIT OK
JLIS OK
JLIZ OK
JLOI OK
JLOT OK
JLOS OK
JLTI OK
JLTO OK
JLOZ OK
JLTS OK
JLTZ OK
JLSI OK
JLSO OK
JLST OK
JLZI OK
JLZT OK
JLZO OK
JLZS OK
LIOT OK
LIOS OK
LIOJ OK
LIOZ OK
LITO OK
LITS OK
LITJ OK
LITZ OK
JLSZ OK
LIST OK
LISJ OK
LISO OK
LISZ OK
LIZT OK
LIZJ OK
LIJO OK
LIJT OK
LIZO OK
LIJS OK
LIZS OK
LIJZ OK
LOIT OK
LOIJ OK
LOIS OK
LOTI OK
LOIZ OK
LOTJ OK
LOTS OK
LOTZ OK
LOSI OK
LOSJ OK
LOST OK
LOSZ OK
LOZI OK
LOZJ OK
LOZT OK
LOJI OK
LOJT OK
LOJS OK
LOJZ OK
LTIO OK
LTIS OK
LTIJ OK
LTIZ OK
LTOI OK
LTOS OK
LTOZ OK
LTOJ OK
LTSI OK
LTSO OK
LTSJ OK
LTSZ OK
LTZI OK
LTZO OK
LTZS OK
LTZJ OK
LTJI OK
LTJO OK
LTJS OK
LTJZ OK
LSIT OK
LSIO OK
LSIJ OK
LSIZ OK
LOZS OK
LSOI OK
LSOT OK
LSOJ OK
LSTI OK
LSOZ OK
LSTJ OK
LSTO OK
LSTZ OK
LSZI OK
LSZJ OK
LSJI OK
LSZT OK
LSJO OK
LSJT OK
LSJZ OK
LZIT OK
LZIO OK
LZIJ OK
LZIS OK
LZOT OK
LZOJ OK
LZOI OK
LZTI OK
LZTO OK
LZTJ OK
LZTS OK
LZSI OK
LZST OK
LZSJ OK
LZJI OK
LZJO OK
LZJT OK
LZOS OK
LZJS OK
LJIO OK
LJIT OK
LJIS OK
LJIZ OK
LJOI OK
LJOT OK
LJOS OK
LJOZ OK
LJTI OK
LJTO OK
LJTS OK
LJTZ OK
LJSI OK
LJSO OK
LJST OK
LJZI OK
LJZO OK
LJZT OK
LJZS OK
LJSZ OK
LSZO OK
LZSO OK
