IOTL OK
IOTS OK
IOTJ OK
IOTZ OK
IOST OK
IOSZ OK
IOSJ OK
IOSL OK
IOZT OK
IOZJ OK
IOJT OK
IOZL OK
IOZS OK
IOJL OK
IOJS OK
IOJZ OK
IOLT OK
IOLJ OK
ITOS OK
IOLS OK
IOLZ OK
ITOZ OK
ITOJ OK
ITOL OK
ITSO OK
ITSZ OK
ITSJ OK
ITSL OK
ITZO OK
ITZS OK
ITZJ OK
ITZL OK
ITJO OK
ITJS OK
ITJZ OK
ITJL OK
ITLO OK
ITLS OK
ITLJ OK
ITLZ OK
ISOT OK
ISOZ OK
ISOJ OK
ISOL OK
ISTO OK
ISTZ OK
ISTJ OK
ISTL OK
ISZO OK
ISZT OK
ISZJ OK
ISJO OK
ISJT OK
ISJZ OK
ISJL OK
ISLO OK
ISLT OK
ISLJ OK
IZOT OK
IZOS OK
IZOJ OK
IZOL OK
IZTO OK
IZTS OK
IZTJ OK
IZTL OK
IZSO OK
IZST OK
IZSJ OK
IZJO OK
IZJT OK
IZSL OK
IZJL OK
IZLO OK
IZLT OK
IZJS OK
IZLJ OK
IJOT OK
IJOS OK
IZLS OK
IJOZ OK
IJOL OK
IJTO OK
IJTS OK
IJTZ OK
IJTL OK
IJSO OK
IJST OK
IJSL OK
IJSZ OK
IJZO OK
IJZT OK
ISZL OK
IJZL OK
IJLO OK
IJLT OK
IJLS OK
IJLZ OK
ILOT OK
ILOS OK
ILOJ OK
IJZS OK
ILOZ OK
ISLZ OK
ILTO OK
ILTS OK
ILTZ OK
ILTJ OK
ILST OK
ILSJ OK
ILSO OK
ILZT OK
ILZO OK
ILZJ OK
ILJO OK
ILJT OK
ILJS OK
ILJZ OK
OITS OK
OITZ OK
OITJ OK
OITL OK
OIST OK
OISZ OK
OISJ OK
ILZS OK
OISL OK
OIZT OK
OIZJ OK
OIZS OK
OIJT OK
OIZL OK
ILSZ OK
OIJL OK
OIJS OK
OIJZ OK
OILT OK
OILJ OK
OTIS OK
OILS OK
OILZ OK
OTIZ OK
OTIJ OK
OTIL OK
OTSI OK
OTSJ OK
OTSL OK
OTZI OK
OTZJ OK
OTZL OK
OTJI OK
OTJS OK
OTJZ OK
OTJL OK
OTLI OK
OTLS OK
OTLZ OK
OTLJ OK
OSIT OK
OSIZ OK
OSIJ OK
OTSZ OK
OSIL OK
OSTI OK
OSTZ OK
OSTJ OK
OTZS OK
OSTL OK
OSZI OK
OSZT OK
OSJI OK
OSZJ OK
OSJT OK
OSJZ OK
OSJL OK
OSLI OK
OSLT OK
OSLJ OK
OZIT OK
OZIS OK
OZIJ OK
OZTI OK
OSZL OK
OZIL OK
OZTS OK
OZTJ OK
OZTL OK
OZSI OK
OZST OK
OZSJ OK
OZJI OK
OZJT OK
OSLZ OK
OZJL OK
OZLT OK
OZLI OK
OZSL OK
OZLJ OK
OJIT OK
OZJS OK
OJIS OK
OJIZ OK
OJIL OK
OJTI OK
OJTS OK
OJTL OK
OZLS OK
OJTZ OK
OJSI OK
OJSL OK
OJST OK
OJZI OK
OJSZ OK
OJZT OK
OJLI OK
OJZL OK
OJLT OK
OJLS OK
OJLZ OK
OLIT OK
OLIJ OK
OLIS OK
OLIZ OK
OLTI OK
OLTS OK
OLTJ OK
OLTZ OK
OLSI OK
OLSJ OK
OLST OK
OLSZ OK
OLZT OK
OLZI OK
OLZJ OK
OLJI OK
OLJT OK
OLJS OK
OLJZ OK
TIOS OK
TIOZ OK
TIOJ OK
TIOL OK
TISO OK
TISZ OK
TISJ OK
TISL OK
TIZO OK
TIZS OK
TIZJ OK
TIZL OK
TIJO OK
TIJS OK
TIJZ OK
TIJL OK
TILO OK
TILS OK
OLZS OK
TILZ OK
TILJ OK
TOIS OK
TOIZ OK
TOIJ OK
TOIL OK
TOSI OK
TOSJ OK
TOSL OK
TOZI OK
TOZS OK
TOZJ OK
TOZL OK
TOJI OK
TOJS OK
TOJZ OK
TOJL OK
TOLI OK
TOLS OK
TOLZ OK
TOLJ OK
TSIO OK
TSIZ OK
TSIJ OK
TSIL OK
TOSZ OK
TSOI OK
TSOJ OK
TSOZ OK
TSOL OK
TSZI OK
TSZJ OK
TSZO OK
TSZL OK
TSJI OK
TSJO OK
TSJZ OK
TSJL OK
TSLI OK
TSLO OK
TSLJ OK
TSLZ OK
TZIO OK
TZIS OK
TZIJ OK
TZIL OK
TZOI OK
TZOS OK
TZOJ OK
TZOL OK
TZSI OK
OJZS OK
TZSO OK
TZSL OK
TZSJ OK
TZJI OK
TZJL OK
TZJO OK
TZJS OK
TZLI OK
TZLO OK
TZLJ OK
TZLS OK
TJIO OK
TJIS OK
TJIL OK
TJIZ OK
TJOI OK
TJOL OK
TJOS OK
TJOZ OK
TJSI OK
TJSL OK
TJSO OK
TJSZ OK
TJZI OK
TJZL OK
TJLI OK
TJZO OK
TJZS OK
TJLO OK
TJLS OK
TJLZ OK
TLIO OK
TLIJ OK
TLIS OK
TLIZ OK
TLOI OK
TLOJ OK
TLOS OK
TLOZ OK
TLSI OK
TLSO OK
TLSJ OK
TLZI OK
TLSZ OK
TLZO OK
TLZS OK
TLJI OK
TLZJ OK
TLJO OK
TLJS OK
TLJZ OK
SIOT OK
SIOZ OK
SIOJ OK
SITO OK
SIOL OK
SITZ OK
SITJ OK
SITL OK
SIZO OK
SIZT OK
SIZJ OK
SIJO OK
SIJT OK
SIJL OK
SILO OK
SIJZ OK
SILT OK
SILJ OK
SOIT OK
SOIZ OK
SOIJ OK
SOIL OK
SOTI OK
SOTZ OK
SOTJ OK
SOTL OK
SOZI OK
SOZT OK
SOZJ OK
SILZ OK
SOJI OK
SOJT OK
SOJZ OK
SOJL OK
SOLI OK
SOLT OK
SOLJ OK
SOZL OK
STIO OK
STIZ OK
STIJ OK
STIL OK
STOI OK
STOJ OK
STOZ OK
SOLZ OK
STOL OK
STZI OK
STZO OK
STZJ OK
STZL OK
STJI OK
STJO OK
STJL OK
STJZ OK
STLI OK
STLO OK
STLJ OK
SZIO OK
STLZ OK
SZIT OK
SZIJ OK
SZOI OK
SZOT OK
SZOJ OK
SZIL OK
SIZL OK
SZTI OK
SZTO OK
SZTJ OK
SZTL OK
SZJI OK
SZJT OK
SZJO OK
SZJL OK
SZLT OK
SZLJ OK
SZLI OK
SJIO OK
SJIT OK
SJIL OK
SJIZ OK
SJOI OK
SJOT OK
SZLO OK
SJOL OK
SJOZ OK
SJTI OK
SJTO OK
SJTL OK
SJTZ OK
SJZI OK
SJZO OK
SJZL OK
SJZT OK
SJLI OK
SJLO OK
SJLT OK
SJLZ OK
SLIO OK
SLIT OK
SLIJ OK
SLOI OK
SLOT OK
SLOJ OK
SLTI OK
SLTO OK
SZOL OK
SLTZ OK
SLTJ OK
SLIZ OK
SLZT OK
SLOZ OK
SLZJ OK
SLJI OK
SLJO OK
SLZI OK
SLJT OK
ZIOT OK
SLJZ OK
ZIOJ OK
ZIOS OK
ZIOL OK
ZITO OK
ZITS OK
ZITJ OK
ZITL OK
ZISO OK
SLZO OK
ZIST OK
ZISJ OK
ZIJT OK
ZISL OK
ZIJL OK
ZIJO OK
ZILT OK
ZILO OK
ZILJ OK
ZOIT OK
ZIJS OK
ZOIJ OK
ZOIS OK
ZOTI OK
ZILS OK
ZOTS OK
ZOIL OK
ZOTJ OK
ZOTL OK
ZOSI OK
ZOST OK
ZOJT OK
ZOSJ OK
ZOJI OK
ZOJL OK
ZOLT OK
ZOLI OK
ZOLJ OK
ZOSL OK
ZTIO OK
ZTIS OK
ZOJS OK
ZTIJ OK
ZTIL OK
ZTOI OK
ZTOS OK
ZTOJ OK
ZTOL OK
ZOLS OK
ZTSI OK
ZTSO OK
ZTSJ OK
ZTSL OK
ZTJI OK
ZTJO OK
ZTJL OK
ZTLI OK
ZTJS OK
ZTLO OK
ZTLJ OK
ZTLS OK
ZSIO OK
ZSIT OK
ZSIJ OK
ZSIL OK
ZSOI OK
ZSOT OK
ZSTI OK
ZSTO OK
ZSOJ OK
ZSTJ OK
ZSTL OK
ZSJI OK
ZSJT OK
ZSJO OK
ZSJL OK
ZSOL OK
ZSLI OK
ZSLT OK
ZSLJ OK
ZJIT OK
ZJIO OK
ZJIL OK
ZJOI OK
ZJOT OK
ZSLO OK
ZJOL OK
ZJTI OK
ZJTO OK
ZJIS OK
ZJTL OK
ZJSI OK
ZJTS OK
ZJOS OK
ZJSL OK
ZJST OK
ZJLI OK
ZJLT OK
ZJLO OK
ZJLS OK
ZLIT OK
ZLIO OK
ZLIJ OK
ZJSO OK
ZLOT OK
ZLOI OK
ZLOJ OK
ZLTI OK
ZLTO OK
ZLTS OK
ZLTJ OK
ZLIS OK
ZLSI OK
ZLST OK
ZLSJ OK
ZLJI OK
ZLOS OK
ZLJO OK
ZLJT OK
ZLJS OK
JIOT OK
JIOS OK
JIOL OK
JIOZ OK
ZLSO OK
JITO OK
JITS OK
JITZ OK
JITL OK
JIST OK
JISL OK
JISO OK
JIZT OK
JISZ OK
JIZO OK
JIZL OK
JILT OK
JILO OK
JILS OK
JILZ OK
JOIT OK
JOIS OK
JOIL OK
JOTI OK
JOIZ OK
JOTS OK
JOTL OK
JOTZ OK
JOSI OK
JIZS OK
JOSL OK
JOST OK
JOSZ OK
JOZI OK
JOZT OK
JOZL OK
JOLI OK
JOLT OK
JOLS OK
JOLZ OK
JTIO OK
JTIS OK
JTIZ OK
JTIL OK
JTOI OK
JTOL OK
JTOS OK
JTOZ OK
JTSI OK
JOZS OK
JTSZ OK
JTSO OK
JTSL OK
JTZI OK
JTZO OK
JTZS OK
JTZL OK
JTLI OK
JTLO OK
JTLS OK
JTLZ OK
JSIO OK
JSIT OK
JSIL OK
JSOI OK
JSIZ OK
JSOT OK
JSOL OK
JSTI OK
JSOZ OK
JSTL OK
JSTO OK
JSTZ OK
JSZI OK
JSZL OK
JSZO OK
JSLI OK
JSZT OK
JSLO OK
JSLT OK
JSLZ OK
JZIT OK
JZIL OK
JZIO OK
JZOT OK
JZOI OK
JZOL OK
JZTI OK
JZTO OK
JZTS OK
JZTL OK
JZIS OK
JZOS OK
JZST OK
JZSL OK
JZLI OK
JZLO OK
JZLT OK
JZLS OK
JLIO OK
JZSI OK
JLIT OK
JLIS OK
JLIZ OK
JLOI OK
JLOT OK
JLOS OK
JLOZ OK
JZSO OK
JLTI OK
JLTO OK
JLTS OK
JLTZ OK
JLSI OK
JLSO OK
JLST OK
JLZI OK
JLSZ OK
JLZO OK
JLZT OK
LIOT OK
JLZS OK
LIOJ OK
LITO OK
LIOS OK
LIOZ OK
LITS OK
LITZ OK
LITJ OK
LIST OK
LISJ OK
LISO OK
LIZT OK
LIZO OK
LIZJ OK
LIJO OK
LIJT OK
LIJS OK
LIJZ OK
LOIT OK
LOIS OK
LOIJ OK
LOIZ OK
LIZS OK
LOTI OK
LOTS OK
LOTZ OK
LOTJ OK
LOSI OK
LOSJ OK
LOST OK
LOSZ OK
LOZI OK
LISZ OK
LOZT OK
LOZJ OK
LOJI OK
LOJT OK
LOJS OK
LOJZ OK
LTIO OK
LTIS OK
LTIZ OK
LTIJ OK
LTOI OK
LTOS OK
LTOZ OK
LTOJ OK
LTSI OK
LTSO OK
LTSZ OK
LTSJ OK
LTZI OK
LTZO OK
LTZS OK
LTZJ OK
LTJI OK
LTJO OK
LTJS OK
LTJZ OK
LSIO OK
LSIT OK
LSIJ OK
LSOI OK
LSOT OK
LOZS OK
LSOJ OK
LSTI OK
LSTO OK
LSTZ OK
LSTJ OK
LSIZ OK
LSZI OK
LSZJ OK
LSOZ OK
LSZT OK
LSJI OK
LSJO OK
LSJT OK
LSJZ OK
LZIT OK
LZIO OK
LZIJ OK
LZOT OK
LSZO OK
LZOI OK
LZOJ OK
LZTI OK
LZTO OK
LZTJ OK
LZIS OK
LZTS OK
LZST OK
LZSJ OK
LZJI OK
LZJO OK
LZSI OK
LZJT OK
LZJS OK
LJIO OK
LJIT OK
LJIS OK
LJIZ OK
LJOI OK
LJOT OK
LJOS OK
LJOZ OK
LJTI OK
LJTO OK
LJTS OK
LJTZ OK
LJSI OK
LJSO OK
LJST OK
LJSZ OK
LJZI OK
LJZO OK
LJZT OK
LZSO OK
LJZS OK
LZOS OK
