IOTL OK
IOTZ OK
IOTJ OK
IOTS OK
IOST OK
IOSZ OK
IOSJ OK
IOSL OK
IOZT OK
IOZS OK
IOZJ OK
IOZL OK
IOJT OK
IOJL OK
IOJS OK
IOLT OK
IOJZ OK
IOLJ OK
IOLS OK
ITOS OK
IOLZ OK
ITOZ OK
ITOJ OK
ITOL OK
ITSO OK
ITSZ OK
ITSJ OK
ITSL OK
ITZO OK
ITZS OK
ITZJ OK
ITZL OK
ITJO OK
ITJS OK
ITJL OK
ITJZ OK
ITLO OK
ITLS OK
ITLJ OK
ITLZ OK
ISOT OK
ISOZ OK
ISOJ OK
ISOL OK
ISTO OK
ISTZ OK
ISTJ OK
ISTL OK
ISZO OK
ISZT OK
ISJO OK
ISZJ OK
ISJT OK
ISZL OK
ISJL OK
ISLO OK
ISLT OK
ISJZ OK
ISLJ OK
IZOT OK
ISLZ OK
IZOS OK
IZOJ OK
IZOL OK
IZTO OK
IZTS OK
IZTJ OK
IZTL OK
IZST OK
IZSJ OK
IZSO OK
IZSL OK
IZJT OK
IZJO OK
IZJL OK
IZLT OK
IZLO OK
IZLJ OK
IJOT OK
IZJS OK
IJOS OK
IJOL OK
IJOZ OK
IJTO OK
IJTS OK
IZLS OK
IJTZ OK
IJTL OK
IJST OK
IJSL OK
IJSO OK
IJZT OK
IJSZ OK
IJZO OK
IJZL OK
IJLO OK
IJLT OK
IJLS OK
IJLZ OK
ILOT OK
ILOS OK
ILOJ OK
ILOZ OK
ILTO OK
ILTS OK
ILTZ OK
ILTJ OK
IJZS OK
ILST OK
ILSJ OK
ILSO OK
ILZT OK
ILSZ OK
ILZO OK
ILZJ OK
ILJO OK
ILJT OK
ILJS OK
ILJZ OK
OITS OK
OITZ OK
OITJ OK
OITL OK
OIST OK
OISZ OK
OISJ OK
OISL OK
OIZT OK
OIZJ OK
OIZS OK
ILZS OK
OIZL OK
OIJT OK
OIJL OK
OIJS OK
OIJZ OK
OILT OK
OILJ OK
OILS OK
OILZ OK
OTIS OK
OTIJ OK
OTIL OK
OTIZ OK
OTSI OK
OTSJ OK
OTSL OK
OTZI OK
OTZJ OK
OTZL OK
OTJI OK
OTJS OK
OTJZ OK
OTJL OK
OTLI OK
OTSZ OK
OTLS OK
OTLJ OK
OTLZ OK
OSIT OK
OTZS OK
OSIZ OK
OSIJ OK
OSTI OK
OSIL OK
OSTJ OK
OSZI OK
OSTL OK
OSTZ OK
OSZJ OK
OSJI OK
OSZT OK
OSJT OK
OSJL OK
OSLI OK
OSJZ OK
OSLT OK
OSLJ OK
OZIT OK
OZIS OK
OZIJ OK
OZIL OK
OZTI OK
OSZL OK
OZTS OK
OZTJ OK
OZTL OK
OZSI OK
OZST OK
OZSJ OK
OZJI OK
OZJT OK
OSLZ OK
OZJL OK
OZLI OK
OZSL OK
OZLT OK
OZLJ OK
OJIT OK
OZJS OK
OJIS OK
OJIL OK
OJIZ OK
OJTI OK
OJTS OK
OJTZ OK
OJTL OK
OZLS OK
OJSI OK
OJSL OK
OJST OK
OJSZ OK
OJZI OK
OJZT OK
OJZL OK
OJLI OK
OJLT OK
OJLS OK
OJLZ OK
OLIT OK
OLIS OK
OLIZ OK
OLIJ OK
OLTI OK
OLTS OK
OLTZ OK
OLTJ OK
OLSI OK
OLST OK
OLSJ OK
OLZI OK
OLZT OK
OLZJ OK
OLJI OK
OLJT OK
OLSZ OK
OLJS OK
OLJZ OK
TIOS OK
TIOZ OK
TIOJ OK
TIOL OK
TISO OK
TISZ OK
TISJ OK
TISL OK
TIZO OK
OLZS OK
TIZS OK
TIZJ OK
TIZL OK
TIJO OK
TIJS OK
TIJZ OK
TIJL OK
TILO OK
TILS OK
TILZ OK
TILJ OK
TOIS OK
TOIZ OK
TOIJ OK
TOIL OK
TOSI OK
TOSJ OK
TOSL OK
TOZI OK
TOSZ OK
TOZJ OK
TOJI OK
TOZL OK
TOJS OK
TOJZ OK
TOZS OK
TOLI OK
TOJL OK
TOLS OK
TOLJ OK
TOLZ OK
TSIO OK
TSIZ OK
TSIJ OK
TSIL OK
TSOI OK
TSOJ OK
TSOL OK
TSZI OK
TSOZ OK
TSZJ OK
TSZL OK
TSJI OK
OJZS OK
TSZO OK
TSJO OK
TSJL OK
TSLI OK
TSJZ OK
TSLO OK
TSLJ OK
TZIO OK
TSLZ OK
TZIS OK
TZIJ OK
TZIL OK
TZOI OK
TZOS OK
TZOJ OK
TZOL OK
TZSI OK
TZSL OK
TZSJ OK
TZJI OK
TZJO OK
TZJS OK
TZJL OK
TZLI OK
TZLO OK
TZLS OK
TZLJ OK
TJIO OK
TJIS OK
TJIZ OK
TJIL OK
TJOI OK
TZSO OK
TJOS OK
TJOZ OK
TJOL OK
TJSI OK
TJSO OK
TJSL OK
TJSZ OK
TJZI OK
TJZL OK
TJZO OK
TJLI OK
TJZS OK
TJLO OK
TJLS OK
TLIO OK
TJLZ OK
TLIS OK
TLIJ OK
TLIZ OK
TLOI OK
TLOS OK
TLSI OK
TLOJ OK
TLOZ OK
TLSO OK
TLSJ OK
TLZI OK
TLSZ OK
TLZO OK
TLZS OK
TLZJ OK
TLJI OK
TLJO OK
TLJS OK
SIOT OK
TLJZ OK
SIOZ OK
SIOJ OK
SIOL OK
SITO OK
SITZ OK
SITJ OK
SITL OK
SIZO OK
SIZT OK
SIZJ OK
SIZL OK
SIJO OK
SIJT OK
SIJL OK
SILO OK
SILT OK
SIJZ OK
SILJ OK
SOIT OK
SOIZ OK
SILZ OK
SOIJ OK
SOIL OK
SOTI OK
SOTJ OK
SOZI OK
SOTZ OK
SOTL OK
SOZT OK
SOJI OK
SOZJ OK
SOZL OK
SOJT OK
SOJL OK
SOLI OK
SOJZ OK
SOLT OK
SOLJ OK
STIO OK
STIZ OK
SOLZ OK
STIJ OK
STIL OK
STOI OK
STOJ OK
STZI OK
STOZ OK
STOL OK
STZO OK
STZJ OK
STJI OK
STZL OK
STJO OK
STJL OK
STLI OK
STJZ OK
STLO OK
STLJ OK
SZIO OK
STLZ OK
SZIT OK
SZIJ OK
SZOI OK
SZOT OK
SZIL OK
SZOJ OK
SZTI OK
SZOL OK
SZTO OK
SZTJ OK
SZTL OK
SZJI OK
SZJL OK
SZJT OK
SZJO OK
SZLI OK
SZLT OK
SZLJ OK
SJIO OK
SZLO OK
SJIT OK
SJIL OK
SJOI OK
SJIZ OK
SJOT OK
SJOL OK
SJTI OK
SJOZ OK
SJTO OK
SJTL OK
SJTZ OK
SJZI OK
SJZT OK
SJZL OK
SJZO OK
SJLI OK
SJLO OK
SJLT OK
SJLZ OK
SLIO OK
SLIT OK
SLIJ OK
SLOI OK
SLIZ OK
SLOT OK
SLOJ OK
SLTI OK
SLOZ OK
SLTO OK
SLTJ OK
SLTZ OK
SLZI OK
SLZT OK
SLZO OK
SLJI OK
SLZJ OK
SLJT OK
SLJO OK
ZIOT OK
SLJZ OK
ZIOS OK
ZIOJ OK
ZIOL OK
ZITO OK
ZITS OK
ZITJ OK
ZITL OK
ZISO OK
ZIST OK
ZISJ OK
ZISL OK
ZIJT OK
ZIJL OK
ZIJO OK
ZILO OK
ZILT OK
ZILS OK
ZILJ OK
ZOIT OK
ZOIJ OK
ZOIS OK
ZIJS OK
ZOIL OK
ZOTI OK
ZOTS OK
ZOTJ OK
ZOTL OK
ZOSI OK
ZOST OK
ZOSJ OK
ZOJT OK
ZOJI OK
ZOJL OK
ZOLI OK
ZOSL OK
ZOLT OK
ZOLJ OK
ZTIO OK
ZTIS OK
ZOJS OK
ZTIJ OK
ZTIL OK
ZTOI OK
ZTOS OK
ZTOJ OK
ZTOL OK
ZOLS OK
ZTSI OK
ZTSJ OK
ZTJI OK
ZTSL OK
ZTJO OK
ZTJL OK
ZTJS OK
ZTLI OK
ZTLO OK
ZTLS OK
ZTLJ OK
ZSIO OK
ZTSO OK
ZSIT OK
ZSIJ OK
ZSOI OK
ZSIL OK
ZSOT OK
ZSOJ OK
ZSTI OK
ZSTO OK
ZSTJ OK
ZSTL OK
ZSJI OK
ZSJT OK
ZSJL OK
ZSOL OK
ZSJO OK
ZSLI OK
ZSLT OK
ZSLJ OK
ZJIT OK
ZJIO OK
ZJIL OK
ZJIS OK
ZJOI OK
ZJOT OK
ZSLO OK
ZJOL OK
ZJTI OK
ZJTO OK
ZJTL OK
ZJSI OK
ZJSO OK
ZJOS OK
ZJTS OK
ZJSL OK
ZJST OK
ZJLI OK
ZJLO OK
ZJLT OK
ZJLS OK
ZLIT OK
ZLIJ OK
ZLIO OK
ZLIS OK
ZLOT OK
ZLOI OK
ZLOJ OK
ZLTI OK
ZLTO OK
ZLTJ OK
ZLTS OK
ZLSI OK
ZLST OK
ZLSJ OK
ZLOS OK
ZLJI OK
ZLJO OK
ZLJT OK
ZLJS OK
JIOT OK
ZLSO OK
JIOL OK
JIOS OK
JIOZ OK
JITO OK
JITS OK
JITZ OK
JITL OK
JIST OK
JISL OK
JISO OK
JIZT OK
JISZ OK
JIZO OK
JIZL OK
JILO OK
JILT OK
JILS OK
JILZ OK
JOIT OK
JOIS OK
JOIZ OK
JOIL OK
JOTI OK
JOTS OK
JOTZ OK
JOTL OK
JOSI OK
JOST OK
JIZS OK
JOSL OK
JOSZ OK
JOZI OK
JOZT OK
JOZL OK
JOLI OK
JOLT OK
JOLS OK
JOLZ OK
JTIO OK
JTIS OK
JTIZ OK
JTIL OK
JTOI OK
JTOS OK
JTOZ OK
JTOL OK
JTSI OK
JTSO OK
JTSZ OK
JTSL OK
JTZI OK
JTZO OK
JTZL OK
JTZS OK
JTLI OK
JTLO OK
JTLS OK
JTLZ OK
JSIT OK
JSIO OK
JSIL OK
JSOI OK
JSIZ OK
JOZS OK
JSOT OK
JSOL OK
JSTI OK
JSOZ OK
JSTL OK
JSTO OK
JSTZ OK
JSZI OK
JSZL OK
JSZO OK
JSLI OK
JSZT OK
JSLT OK
JSLO OK
JSLZ OK
JZIT OK
JZIL OK
JZIO OK
JZOT OK
JZOI OK
JZOL OK
JZTI OK
JZTO OK
JZTS OK
JZTL OK
JZIS OK
JZST OK
JZSL OK
JZLI OK
JZLO OK
JZLT OK
JZSI OK
JZLS OK
JLIO OK
JLIT OK
JZOS OK
JLIS OK
JLIZ OK
JLOI OK
JLOT OK
JLOS OK
JLOZ OK
JLTI OK
JLTO OK
JLTS OK
JLTZ OK
JLSI OK
JLSO OK
JLST OK
JLZI OK
JZSO OK
JLZO OK
JLZT OK
LIOT OK
JLZS OK
LIOJ OK
LIOS OK
LITO OK
JLSZ OK
LIOZ OK
LITS OK
LITZ OK
LITJ OK
LIST OK
LISJ OK
LISO OK
LIZT OK
LISZ OK
LIZJ OK
LIZO OK
LIJO OK
LIJT OK
LIJS OK
LIJZ OK
LOIT OK
LOIJ OK
LOIS OK
LOTI OK
LOIZ OK
LOTS OK
LOTZ OK
LOTJ OK
LOSI OK
LOSJ OK
LOST OK
LIZS OK
LOZT OK
LOZI OK
LOZS OK
LOZJ OK
LOJI OK
LOJT OK
LOJS OK
LOJZ OK
LTIO OK
LTIS OK
LTIZ OK
LTIJ OK
LTOI OK
LTOS OK
LTOZ OK
LTOJ OK
LTSI OK
LTSO OK
LTSZ OK
LTSJ OK
LTZI OK
LTZO OK
LTZS OK
LTZJ OK
LTJI OK
LTJO OK
LOSZ OK
LTJS OK
LTJZ OK
LSIO OK
LSIT OK
LSIJ OK
LSOI OK
LSIZ OK
LSOT OK
LSOJ OK
LSTI OK
LSTJ OK
LSTO OK
LSTZ OK
LSZI OK
LSZO OK
LSJI OK
LSZT OK
LSZJ OK
LSJO OK
LSJT OK
LSJZ OK
LZIT OK
LZIO OK
LZIJ OK
LZOT OK
LZOI OK
LSOZ OK
LZOS OK
LZOJ OK
LZTI OK
LZIS OK
LZTO OK
LZTJ OK
LZTS OK
LZSO OK
LZST OK
LZSJ OK
LZJI OK
LZJO OK
LZJT OK
LZJS OK
LJIO OK
LJIT OK
LJIS OK
LJIZ OK
LJOI OK
LJOT OK
LJOS OK
LJOZ OK
LZSI OK
LJTO OK
LJTI OK
LJTS OK
LJTZ OK
LJSO OK
LJSI OK
LJST OK
LJZO OK
LJZI OK
LJZT OK
LJZS OK
LJSZ OK
