IOTJ OK
IOTS OK
IOTZ OK
IOTL OK
IOST OK
IOSZ OK
IOSJ OK
IOZT OK
IOSL OK
IOZL OK
IOZJ OK
IOJT OK
IOJS OK
IOJZ OK
IOJL OK
IOLT OK
IOZS OK
IOLS OK
IOLJ OK
IOLZ OK
ITOS OK
ITOZ OK
ITOJ OK
ITOL OK
ITSJ OK
ITSO OK
ITSZ OK
ITSL OK
ITZO OK
ITZS OK
ITZJ OK
ITZL OK
ITJO OK
ITJS OK
ITJZ OK
ITJL OK
ITLO OK
ITLS OK
ITLZ OK
ITLJ OK
ISOT OK
ISOZ OK
ISOJ OK
ISOL OK
ISTO OK
ISTZ OK
ISTJ OK
ISTL OK
ISZO OK
ISZT OK
ISZJ OK
ISZL OK
ISJO OK
ISJT OK
ISJL OK
ISLO OK
ISJZ OK
ISLT OK
ISLJ OK
IZOT OK
IZOJ OK
ISLZ OK
IZOL OK
IZTO OK
IZTS OK
IZTJ OK
IZOS OK
IZTL OK
IZST OK
IZSO OK
IZSJ OK
IZSL OK
IZJT OK
IZJO OK
IZJL OK
IZJS OK
IZLT OK
IZLO OK
IZLJ OK
IJOT OK
IZLS OK
IJOL OK
IJOS OK
IJOZ OK
IJTO OK
IJTS OK
IJTL OK
IJTZ OK
IJST OK
IJSO OK
IJSL OK
IJSZ OK
IJZT OK
IJZO OK
IJZL OK
IJLO OK
IJZS OK
IJLT OK
IJLS OK
IJLZ OK
ILOT OK
ILOJ OK
ILOS OK
ILOZ OK
ILTO OK
ILTJ OK
ILTS OK
ILTZ OK
ILST OK
ILSO OK
ILSJ OK
ILZT OK
ILZO OK
ILZJ OK
ILZS OK
ILJO OK
ILJT OK
ILJS OK
ILJZ OK
OITS OK
OITZ OK
OITJ OK
OITL OK
OIST OK
OISZ OK
OISJ OK
OIZT OK
OISL OK
ILSZ OK
OIZJ OK
OIJT OK
OIZL OK
OIJS OK
OIJZ OK
OIJL OK
OILT OK
OIZS OK
OILJ OK
OILS OK
OTIS OK
OILZ OK
OTIZ OK
OTIJ OK
OTIL OK
OTSI OK
OTSJ OK
OTSL OK
OTZI OK
OTZJ OK
OTZL OK
OTJI OK
OTJS OK
OTSZ OK
OTJZ OK
OTJL OK
OTLI OK
OTLS OK
OTLZ OK
OTLJ OK
OSIT OK
OSIZ OK
OSIJ OK
OSIL OK
OSTI OK
OSTZ OK
OSTJ OK
OSTL OK
OSZI OK
OSZT OK
OTZS OK
OSZJ OK
OSJI OK
OSJT OK
OSJL OK
OSZL OK
OSJZ OK
OSLI OK
OSLT OK
OZIT OK
OSLJ OK
OZIJ OK
OZIL OK
OZIS OK
OZTI OK
OZTS OK
OZTJ OK
OZTL OK
OZSI OK
OZST OK
OZSJ OK
OSLZ OK
OZJT OK
OZJI OK
OZSL OK
OZJL OK
OZLI OK
OZLT OK
OZLJ OK
OJIT OK
OZJS OK
OZLS OK
OJIS OK
OJIL OK
OJTI OK
OJIZ OK
OJTS OK
OJTZ OK
OJTL OK
OJSI OK
OJST OK
OJSL OK
OJSZ OK
OJZI OK
OJZT OK
OJLI OK
OJZL OK
OJLS OK
OJLT OK
OJLZ OK
OLIT OK
OLIS OK
OLIZ OK
OLIJ OK
OLTI OK
OLTS OK
OLTZ OK
OLTJ OK
OLSI OK
OLST OK
OLSJ OK
OLSZ OK
OLZI OK
OLZT OK
OLZJ OK
OLJI OK
OLJT OK
OLJS OK
OLZS OK
OLJZ OK
TIOS OK
TIOZ OK
TIOJ OK
TIOL OK
TISO OK
TISZ OK
TISJ OK
TISL OK
TIZO OK
TIZS OK
TIZJ OK
TIZL OK
TIJO OK
TIJS OK
TIJZ OK
TIJL OK
TILO OK
TILS OK
TILZ OK
TILJ OK
TOIS OK
TOIZ OK
TOIJ OK
TOIL OK
TOSI OK
TOSJ OK
TOSL OK
TOZI OK
TOZS OK
TOZJ OK
TOSZ OK
TOZL OK
TOJI OK
TOJS OK
TOJZ OK
TOJL OK
TOLI OK
TOLS OK
TOLZ OK
TOLJ OK
TSIO OK
TSIZ OK
TSIJ OK
TSIL OK
TSOI OK
TSOZ OK
TSOJ OK
TSOL OK
TSZI OK
TSZO OK
TSZJ OK
TSZL OK
TSJI OK
TSJO OK
TSJZ OK
TSJL OK
TSLI OK
TSLO OK
TSLZ OK
TSLJ OK
TZIO OK
TZIS OK
TZIJ OK
TZIL OK
TZOI OK
TZOJ OK
TZOS OK
TZOL OK
TZSI OK
OJZS CAP
TZSO OK
TZSJ OK
TZSL OK
TZJI OK
TZJO OK
TZJS OK
TZJL OK
TZLI OK
TZLO OK
TZLS OK
TZLJ OK
TJIO OK
TJIS OK
TJIZ OK
TJIL OK
TJOI OK
TJOS OK
TJOZ OK
TJOL OK
TJSI OK
TJSO OK
TJSL OK
TJSZ OK
TJZI OK
TJZO OK
TJZS OK
TJZL OK
TJLI OK
TJLO OK
TJLS OK
TJLZ OK
TLIO OK
TLIS OK
TLIZ OK
TLIJ OK
TLOI OK
TLOS OK
TLOZ OK
TLOJ OK
TLSI OK
TLSO OK
TLSZ OK
TLSJ OK
TLZI OK
TLZO OK
TLZS OK
TLZJ OK
TLJI OK
TLJO OK
TLJS OK
TLJZ OK
SIOT OK
SIOZ OK
SIOJ OK
SIOL OK
SITO OK
SITZ OK
SITJ OK
SITL OK
SIZO OK
SIZT OK
SIZJ OK
SIJT OK
SIJO OK
SIZL OK
SIJL OK
SILO OK
SIJZ OK
SILT OK
SILJ OK
SOIT OK
SOIZ OK
SOIJ OK
SOIL OK
SOTI OK
SOTZ OK
SOTJ OK
SILZ OK
SOTL OK
SOZI OK
SOZT OK
SOJI OK
SOZL OK
SOJT OK
SOZJ OK
SOJL OK
SOLI OK
SOLT OK
SOJZ OK
SOLJ OK
STIO OK
STIZ OK
STIJ OK
STIL OK
STOI OK
STOJ OK
STOL OK
STZI OK
STZO OK
STZJ OK
STOZ OK
STZL OK
STJI OK
SOLZ OK
STJL OK
STJO OK
STJZ OK
STLI OK
STLO OK
STLJ OK
STLZ OK
SZIO OK
SZIT OK
SZIJ OK
SZOI OK
SZOT OK
SZIL OK
SZTI OK
SZOJ OK
SZOL OK
SZTO OK
SZTJ OK
SZTL OK
SZJI OK
SZJT OK
SZJL OK
SZJO OK
SZLI OK
SZLO OK
SZLT OK
SJIO OK
SJIT OK
SZLJ OK
SJIL OK
SJOI OK
SJIZ OK
SJOL OK
SJOT OK
SJOZ OK
SJTI OK
SJTL OK
SJTO OK
SJTZ OK
SJZI OK
SJZL OK
SJZO OK
SJZT OK
SJLI OK
SJLO OK
SJLT OK
SJLZ OK
SLIO OK
SLIT OK
SLIJ OK
SLOI OK
SLIZ OK
SLOT OK
SLOJ OK
SLTI OK
SLTO OK
SLTJ OK
SLTZ OK
SLZI OK
SLZO OK
SLZJ OK
SLZT OK
SLJI OK
SLJO OK
SLJT OK
SLJZ OK
ZIOT OK
SLOZ OK
ZIOJ OK
ZITO OK
ZITS OK
ZIOL OK
ZIOS OK
ZITJ OK
ZITL OK
ZISO OK
ZIST OK
ZISJ OK
ZISL OK
ZIJT OK
ZIJL OK
ZIJO OK
ZIJS OK
ZILT OK
ZILJ OK
ZILO OK
ZOIT OK
ZILS OK
ZOIJ OK
ZOIL OK
ZOTI OK
ZOTS OK
ZOTJ OK
ZOIS OK
ZOTL OK
ZOSI OK
ZOST OK
ZOSJ OK
ZOJI OK
ZOJT OK
ZOJL OK
ZOSL OK
ZOLT OK
ZOLI OK
ZOLJ OK
ZTIO OK
ZOJS OK
ZTIS OK
ZOLS OK
ZTIL OK
ZTIJ OK
ZTOI OK
ZTOS OK
ZTOJ OK
ZTOL OK
ZTSI OK
ZTSO OK
ZTSJ OK
ZTSL OK
ZTJI OK
ZTJO OK
ZTJS OK
ZTJL OK
ZTLI OK
ZTLO OK
ZTLS OK
ZTLJ OK
ZSIO OK
ZSIT OK
ZSIJ OK
ZSIL OK
ZSOI OK
ZSOT OK
ZSTI OK
ZSOJ OK
ZSTO OK
ZSTL OK
ZSTJ OK
ZSOL OK
ZSJI OK
ZSJT OK
ZSJL OK
ZSJO OK
ZSLI OK
ZSLT OK
ZSLJ OK
ZJIT OK
ZJIO OK
ZSLO OK
ZJIL OK
ZJOT OK
ZJIS OK
ZJOI OK
ZJOL OK
ZJTI OK
ZJTO OK
ZJTS OK
ZJTL OK
ZJSI OK
ZJST OK
ZJOS OK
ZJSL OK
ZJSO OK
ZJLI OK
ZJLO OK
ZJLT OK
ZJLS OK
ZLIT OK
ZLIJ OK
ZLIO OK
ZLIS OK
ZLOT OK
ZLOI OK
ZLOJ OK
ZLTI OK
ZLTO OK
ZLTS OK
ZLTJ OK
ZLSI OK
ZLOS OK
ZLST OK
ZLSJ OK
ZLJI OK
ZLJO OK
ZLJT OK
ZLJS OK
JIOT OK
ZLSO OK
JIOL OK
JIOS OK
JITO OK
JIOZ OK
JITS OK
JITL OK
JITZ OK
JIST OK
JISL OK
JISO OK
JISZ OK
JIZT OK
JIZL OK
JIZO OK
JILO OK
JILT OK
JIZS OK
JILS OK
JILZ OK
JOIT OK
JOIL OK
JOTI OK
JOIS OK
JOIZ OK
JOTS OK
JOTZ OK
JOTL OK
JOSI OK
JOSL OK
JOST OK
JOSZ OK
JOZI OK
JOZL OK
JOZT OK
JOLI OK
JOLT OK
JOLS OK
JOLZ OK
JTIO OK
JTIS OK
JTIZ OK
JTIL OK
JTOI OK
JTOS OK
JTOZ OK
JTOL OK
JTSI OK
JTSO OK
JOZS OK
JTSL OK
JTZI OK
JTSZ OK
JTZO OK
JTZS OK
JTLI OK
JTZL OK
JTLO OK
JTLS OK
JTLZ OK
JSIO OK
JSIT OK
JSIL OK
JSOI OK
JSIZ OK
JSOL OK
JSOT OK
JSTI OK
JSOZ OK
JSTL OK
JSTO OK
JSTZ OK
JSZI OK
JSZO OK
JSZL OK
JSZT OK
JSLI OK
JSLO OK
JSLT OK
JSLZ OK
JZIT OK
JZIO OK
JZIL OK
JZOI OK
JZOT OK
JZIS OK
JZOL OK
JZTI OK
JZTO OK
JZTS OK
JZTL OK
JZSI OK
JZSO OK
JZSL OK
JZLI OK
JZOS OK
JZST OK
JZLO OK
JZLT OK
JZLS OK
JLIO OK
JLIT OK
JLIS OK
JLIZ OK
JLOI OK
JLOT OK
JLOS OK
JLOZ OK
JLTI OK
JLTO OK
JLTS OK
JLTZ OK
JLSI OK
JLSO OK
JLST OK
JLSZ OK
JLZI OK
JLZO OK
JLZT OK
JLZS OK
LIOT OK
LIOJ OK
LIOZ OK
LIOS OK
LITO OK
LITJ OK
LITZ OK
LITS OK
LIST OK
LISO OK
LISJ OK
LIZT OK
LIZO OK
LIZJ OK
LIJO OK
LIZS OK
LIJT OK
LIJZ OK
LIJS OK
LOIT OK
LOIS OK
LOIJ OK
LOIZ OK
LOTI OK
LOTS OK
LOTZ OK
LOTJ OK
LOSI OK
LOST OK
LOSJ OK
LISZ OK
LOSZ OK
LOZI OK
LOZJ OK
LOZT OK
LOJI OK
LOJT OK
LOZS OK
LTIO OK
LOJZ OK
LOJS OK
LTIJ OK
LTIZ OK
LTIS OK
LTOI OK
LTOS OK
LTOZ OK
LTOJ OK
LTSI OK
LTSO OK
LTSZ OK
LTSJ OK
LTZI OK
LTZO OK
LTZS OK
LTZJ OK
LTJO OK
LTJI OK
LTJS OK
LTJZ OK
LSIO OK
LSIT OK
LSIJ OK
LSOI OK
LSOT OK
LSOJ OK
LSIZ OK
LSTI OK
LSTO OK
LSTJ OK
LSTZ OK
LSZO OK
LSZT OK
LSZJ OK
LSJI OK
LSZI OK
LSJO OK
LSJT OK
LSJZ OK
LSOZ OK
LZIT OK
LZIJ OK
LZIO OK
LZIS OK
LZOT OK
LZOI OK
LZOJ OK
LZOS OK
LZTI OK
LZTJ OK
LZTO OK
LZTS OK
LZSI OK
LZSO OK
LZSJ OK
LZST OK
LZJI OK
LZJO OK
LZJT OK
LZJS OK
LJIO OK
LJIT OK
LJIS OK
LJIZ OK
LJOI OK
LJOT OK
LJOS OK
LJOZ OK
LJTI OK
LJTS OK
LJTO OK
LJTZ OK
LJSI OK
LJSO OK
LJST OK
LJSZ OK
LJZI OK
LJZO OK
LJZT OK
LJZS OK
