IOTJ OK
IOTZ OK
IOTS OK
IOTL OK
IOST OK
IOSJ OK
IOSL OK
IOZT OK
IOSZ OK
IOZJ OK
IOZL OK
IOJT OK
IOJS OK
IOZS OK
IOJZ OK
IOJL OK
IOLT OK
IOLS OK
IOLZ OK
IOLJ OK
ITOS OK
ITOZ OK
ITOJ OK
ITOL OK
ITSO OK
ITSJ OK
ITSL OK
ITSZ OK
ITZO OK
ITZJ OK
ITZL OK
ITZS OK
ITJO OK
ITJS OK
ITJL OK
ITJZ OK
ITLO OK
ITLS OK
ITLZ OK
ITLJ OK
ISOJ OK
ISOT OK
ISOL OK
ISTO OK
ISTJ OK
ISOZ OK
ISTZ OK
ISTL OK
ISZJ OK
ISZT OK
ISZL OK
ISZO OK
ISJO OK
ISJT OK
ISJZ OK
ISJL OK
ISLO OK
ISLT OK
ISLZ OK
ISLJ OK
IZOT OK
IZOJ OK
IZOL OK
IZTO OK
IZOS OK
IZTJ OK
IZTS OK
IZTL OK
IZSJ OK
IZST OK
IZSO OK
IZSL OK
IZJO OK
IZJT OK
IZJS OK
IZJL OK
IZLO OK
IZLT OK
IZLS OK
IZLJ OK
IJOT OK
IJOS OK
IJOZ OK
IJOL OK
IJTO OK
IJTS OK
IJTZ OK
IJTL OK
IJST OK
IJSL OK
IJSO OK
IJZT OK
IJZO OK
IJZL OK
IJLO OK
IJLT OK
IJLS OK
IJLZ OK
IJSZ OK
ILOT OK
ILOS OK
ILOJ OK
ILOZ OK
ILTO OK
ILTS OK
IJZS OK
ILTJ OK
ILTZ OK
ILST OK
ILSJ OK
ILSO OK
ILZT OK
ILZO OK
ILZJ OK
ILJO OK
ILJT OK
ILJS OK
ILJZ OK
OITS OK
OITZ OK
ILSZ OK
OITJ OK
ILZS OK
OITL OK
OIST OK
OISJ OK
OISL OK
OIZT OK
OISZ OK
OIZJ OK
OIZL OK
OIJT OK
OIJS OK
OIJZ OK
OIZS OK
OIJL OK
OILT OK
OILS OK
OILJ OK
OILZ OK
OTIS OK
OTIJ OK
OTIZ OK
OTIL OK
OTSI OK
OTSJ OK
OTSZ OK
OTSL OK
OTZI OK
OTZJ OK
OTZS OK
OTJI OK
OTZL OK
OTJS OK
OTJZ OK
OTJL OK
OTLI OK
OTLZ OK
OTLS OK
OTLJ OK
OSIJ OK
OSIT OK
OSIL OK
OSTI OK
OSTZ OK
OSIZ OK
OSTJ OK
OSTL OK
OSZT OK
OSZI OK
OSJI OK
OSZJ OK
OSZL OK
OSJT OK
OSJL OK
OSLI OK
OSLT OK
OSLJ OK
OSJZ OK
OZIT OK
OZIJ OK
OZIL OK
OZIS OK
OZTI OK
OZTS OK
OZTJ OK
OZTL OK
OSLZ OK
OZST OK
OZSI OK
OZSJ OK
OZJI OK
OZJT OK
OZSL OK
OZJL OK
OZLI OK
OZLT OK
OZLJ OK
OJIT OK
OJIS OK
OZLS OK
OJIZ OK
OZJS OK
OJIL OK
OJTI OK
OJTS OK
OJTZ OK
OJTL OK
OJSI OK
OJST OK
OJSL OK
OJZI OK
OJZT OK
OJZL OK
OJLI OK
OJLT OK
OJLS OK
OJLZ OK
OLIT OK
OLIS OK
OJSZ OK
OLIJ OK
OLIZ OK
OLTI OK
OLTS OK
OLTJ OK
OJZS OK
OLTZ OK
OLSI OK
OLST OK
OLSJ OK
OLZI OK
OLZT OK
OLZJ OK
OLJI OK
OLJT OK
OLJS OK
OLJZ OK
TIOS OK
TIOZ OK
TIOJ OK
OLZS OK
TIOL OK
TISO OK
TISJ OK
TISZ OK
TISL OK
TIZO OK
TIZJ OK
TIZS OK
TIZL OK
TIJO OK
TIJS OK
TIJL OK
TIJZ OK
TILO OK
TILS OK
TILJ OK
TILZ OK
TOIS OK
TOIZ OK
TOIJ OK
TOIL OK
TOSI OK
TOSZ OK
TOSJ OK
TOSL OK
TOZI OK
TOZJ OK
TOZS OK
TOZL OK
TOJI OK
TOJS OK
TOJZ OK
TOJL OK
TOLI OK
TOLS OK
TOLZ OK
TOLJ OK
TSIO OK
TSIJ OK
TSIZ OK
TSIL OK
TSOI OK
TSOJ OK
TSOZ OK
TSOL OK
TSZI OK
TSZO OK
TSZJ OK
TSZL OK
TSJI OK
TSJO OK
TSJZ OK
TSJL OK
TSLI OK
OLSZ OK
TSLO OK
TSLJ OK
TZIO OK
TSLZ OK
TZIJ OK
TZIL OK
TZIS OK
TZOI OK
TZOS OK
TZOJ OK
TZOL OK
TZSJ OK
TZSO OK
TZSL OK
TZSI OK
TZJI OK
TZJS OK
TZJO OK
TZJL OK
TZLI OK
TZLO OK
TZLS OK
TZLJ OK
TJIO OK
TJIS OK
TJIZ OK
TJIL OK
TJOI OK
TJOS OK
TJOZ OK
TJOL OK
TJSI OK
TJSO OK
TJSZ OK
TJSL OK
TJZI OK
TJZO OK
TJZL OK
TJLI OK
TJZS OK
TJLO OK
TJLS OK
TJLZ OK
TLIO OK
TLIS OK
TLIZ OK
TLIJ OK
TLOI OK
TLOS OK
TLOZ OK
TLOJ OK
TLSI OK
TLSO OK
TLSZ OK
TLSJ OK
TLZI OK
TLZO OK
TLZS OK
TLZJ OK
TLJI OK
TLJO OK
TLJS OK
TLJZ OK
SIOT OK
SIOJ OK
SIOL OK
SITO OK
SITJ OK
SIOZ OK
SITZ OK
SITL OK
SIZJ OK
SIZT OK
SIZL OK
SIZO OK
SIJO OK
SIJT OK
SIJZ OK
SIJL OK
SILO OK
SILT OK
SILZ OK
SILJ OK
SOIJ OK
SOIT OK
SOIL OK
SOTI OK
SOTZ OK
SOIZ OK
SOTJ OK
SOTL OK
SOZT OK
SOZI OK
SOZJ OK
SOZL OK
SOJI OK
SOJT OK
SOJL OK
SOLI OK
SOLT OK
SOLJ OK
SOLZ OK
SOJZ OK
STIO OK
STIJ OK
STIL OK
STOI OK
STIZ OK
STOJ OK
STOZ OK
STOL OK
STZJ OK
STZO OK
STZL OK
STZI OK
STJI OK
STJO OK
STJZ OK
STJL OK
STLI OK
STLO OK
STLZ OK
STLJ OK
SZIJ OK
SZIO OK
SZIT OK
SZIL OK
SZOT OK
SZOJ OK
SZOI OK
SZOL OK
SZTO OK
SZTJ OK
SZTI OK
SZTL OK
SZJI OK
SZJO OK
SZJL OK
SZJT OK
SZLI OK
SZLO OK
SZLT OK
SZLJ OK
SJIO OK
SJIZ OK
SJIT OK
SJOI OK
SJIL OK
SJOT OK
SJTI OK
SJOL OK
SJTO OK
SJTZ OK
SJTL OK
SJZI OK
SJOZ OK
SJZT OK
SJZL OK
SJLI OK
SJLO OK
SJZO OK
SJLT OK
SJLZ OK
SLIO OK
SLIT OK
SLIZ OK
SLIJ OK
SLOI OK
SLOT OK
SLOJ OK
SLTI OK
SLTO OK
SLTZ OK
SLTJ OK
SLZI OK
SLZO OK
SLZJ OK
SLZT OK
SLJI OK
SLJO OK
SLJT OK
SLJZ OK
ZIOT OK
ZIOJ OK
ZIOL OK
SLOZ OK
ZIOS OK
ZITO OK
ZITJ OK
ZITL OK
ZITS OK
ZISJ OK
ZIST OK
ZISO OK
ZISL OK
ZIJO OK
ZIJT OK
ZIJS OK
ZIJL OK
ZILT OK
ZILO OK
ZILS OK
ZILJ OK
ZOIT OK
ZOIJ OK
ZOIL OK
ZOTI OK
ZOTS OK
ZOIS OK
ZOTJ OK
ZOTL OK
ZOST OK
ZOSJ OK
ZOSI OK
ZOJI OK
ZOJT OK
ZOSL OK
ZOJS OK
ZOJL OK
ZOLI OK
ZOLT OK
ZOLJ OK
ZTIO OK
ZTIJ OK
ZOLS OK
ZTIS OK
ZTIL OK
ZTOI OK
ZTOS OK
ZTOJ OK
ZTOL OK
ZTSJ OK
ZTSO OK
ZTSI OK
ZTSL OK
ZTJI OK
ZTJO OK
ZTJS OK
ZTJL OK
ZTLI OK
ZTLO OK
ZTLS OK
ZTLJ OK
ZSIJ OK
ZSIO OK
ZSIT OK
ZSIL OK
ZSOT OK
ZSOJ OK
ZSOI OK
ZSOL OK
ZSTO OK
ZSTJ OK
ZSTI OK
ZSTL OK
ZSJI OK
ZSJO OK
ZSJT OK
ZSJL OK
ZSLI OK
ZSLO OK
ZSLT OK
ZSLJ OK
ZJIO OK
ZJIT OK
ZJIS OK
ZJIL OK
ZJOI OK
ZJOT OK
ZJOL OK
ZJTI OK
ZJTO OK
ZJTS OK
ZJTL OK
ZJSI OK
ZJSO OK
ZJST OK
ZJSL OK
ZJLI OK
ZJLO OK
ZJOS OK
ZJLT OK
ZLIT OK
ZJLS OK
ZLIO OK
ZLIJ OK
ZLIS OK
ZLOI OK
ZLOJ OK
ZLOT OK
ZLTI OK
ZLTO OK
ZLTS OK
ZLTJ OK
ZLSI OK
ZLOS OK
ZLSJ OK
ZLST OK
ZLSO OK
ZLJI OK
ZLJO OK
ZLJT OK
ZLJS OK
JIOT OK
JIOS OK
JIOZ OK
JIOL OK
JITO OK
JITS OK
JITZ OK
JITL OK
JIST OK
JISL OK
JISO OK
JIZT OK
JIZO OK
JIZL OK
JILO OK
JILT OK
JILS OK
JILZ OK
JOIT OK
JOIS OK
JOIZ OK
JISZ OK
JOIL OK
JOTI OK
JOTS OK
JOTZ OK
JOTL OK
JOST OK
JOSI OK
JIZS OK
JOSL OK
JOZT OK
JOZI OK
JOZL OK
JOLI OK
JOLT OK
JOLS OK
JOLZ OK
JTIO OK
JTIS OK
JTIZ OK
JTIL OK
JTOI OK
JOSZ OK
JTOS OK
JTOZ OK
JTOL OK
JOZS OK
JTSI OK
JTSO OK
JTSZ OK
JTSL OK
JTZI OK
JTZO OK
JTZL OK
JTZS OK
JTLO OK
JTLI OK
JTLS OK
JTLZ OK
JSIT OK
JSIO OK
JSIL OK
JSIZ OK
JSOT OK
JSOI OK
JSOL OK
JSTI OK
JSTO OK
JSTZ OK
JSTL OK
JSOZ OK
JSZI OK
JSZT OK
JSLI OK
JSZO OK
JSZL OK
JSLO OK
JSLT OK
JSLZ OK
JZIT OK
JZIO OK
JZIS OK
JZIL OK
JZOI OK
JZOT OK
JZTI OK
JZOL OK
JZTO OK
JZTS OK
JZSI OK
JZTL OK
JZST OK
JZSL OK
JZLI OK
JZSO OK
JZLO OK
JZLT OK
JLIO OK
JZLS OK
JZOS OK
JLIT OK
JLIS OK
JLIZ OK
JLOI OK
JLOT OK
JLOS OK
JLOZ OK
JLTI OK
JLTO OK
JLTS OK
JLTZ OK
JLSO OK
JLSI OK
JLZI OK
JLST OK
JLSZ OK
JLZO OK
LIOT OK
JLZT OK
LIOS OK
LIOZ OK
LIOJ OK
LITO OK
LITS OK
LITZ OK
LITJ OK
JLZS OK
LIST OK
LISJ OK
LISO OK
LIZT OK
LIZO OK
LIZJ OK
LIJO OK
LIJT OK
LIJS OK
LIJZ OK
LOIT OK
LOIS OK
LOIZ OK
LOIJ OK
LOTI OK
LISZ OK
LOTS OK
LOTZ OK
LIZS OK
LOTJ OK
LOST OK
LOSI OK
LOSJ OK
LOZI OK
LOZT OK
LOZJ OK
LOJI OK
LOJT OK
LOJS OK
LOJZ OK
LTIO OK
LTIS OK
LTIZ OK
LTIJ OK
LTOI OK
LOZS OK
LTOS OK
LTOZ OK
LTOJ OK
LTSI OK
LTSO OK
LTSZ OK
LTSJ OK
LTZI OK
LTZO OK
LTZS OK
LTZJ OK
LTJI OK
LTJO OK
LTJS OK
LTJZ OK
LSIO OK
LSIT OK
LSIJ OK
LSIZ OK
LSOI OK
LSOT OK
LSOJ OK
LSTI OK
LSTO OK
LSTZ OK
LSTJ OK
LSZI OK
LSZO OK
LSZT OK
LSZJ OK
LSJI OK
LSJO OK
LSOZ OK
LSJT OK
LZIO OK
LSJZ OK
LZIT OK
LZIS OK
LZIJ OK
LZOT OK
LOSZ CAP
LZOJ OK
LZTI OK
LZOI OK
LZTO OK
LZTJ OK
LZTS OK
LZOS OK
LZST OK
LZSJ OK
LZSI OK
LZSO OK
LZJI OK
LZJO OK
LZJT OK
LZJS OK
LJIO OK
LJIT OK
LJIS OK
LJOI OK
LJIZ OK
LJOT OK
LJOS OK
LJOZ OK
LJTI OK
LJTO OK
LJTS OK
LJTZ OK
LJSI OK
LJSO OK
LJZI OK
LJST OK
LJZO OK
LJZT OK
LJZS OK
LJSZ OK
