IOTJ OK
IOTS OK
IOTZ OK
IOTL OK
IOST OK
IOSJ OK
IOSL OK
IOSZ OK
IOZT OK
IOZJ OK
IOZL OK
IOJT OK
IOJS OK
IOZS OK
IOJL OK
IOJZ OK
IOLT OK
IOLS OK
IOLZ OK
IOLJ OK
ITOJ OK
ITOS OK
ITOZ OK
ITOL OK
ITSO OK
ITSJ OK
ITSL OK
ITSZ OK
ITZO OK
ITZJ OK
ITZL OK
ITJO OK
ITZS OK
ITJS OK
ITJZ OK
ITJL OK
ITLO OK
ITLS OK
ITLZ OK
ITLJ OK
ISOJ OK
ISOT OK
ISOL OK
ISTO OK
ISOZ OK
ISTJ OK
ISTL OK
ISTZ OK
ISZJ OK
ISZT OK
ISZL OK
ISZO OK
ISJO OK
ISJT OK
ISJZ OK
ISJL OK
ISLO OK
ISLT OK
ISLZ OK
ISLJ OK
IZOT OK
IZOJ OK
IZOL OK
IZTO OK
IZTJ OK
IZOS OK
IZTL OK
IZTS OK
IZSJ OK
IZST OK
IZSL OK
IZSO OK
IZJO OK
IZJT OK
IZJS OK
IZJL OK
IZLO OK
IZLT OK
IZLS OK
IZLJ OK
IJOT OK
IJOS OK
IJOZ OK
IJOL OK
IJTO OK
IJTS OK
IJTZ OK
IJTL OK
IJST OK
IJSL OK
IJSO OK
IJZT OK
IJZO OK
IJZL OK
IJSZ OK
IJLO OK
IJLT OK
IJLS OK
IJLZ OK
ILOT OK
ILOS OK
ILOZ OK
ILOJ OK
ILTO OK
ILTS OK
ILTZ OK
ILTJ OK
ILST OK
IJZS OK
ILSJ OK
ILSO OK
ILZT OK
ILZO OK
ILZJ OK
ILJO OK
ILJT OK
ILJS OK
ILJZ OK
OITS OK
OITZ OK
ILSZ OK
OITJ OK
ILZS OK
OITL OK
OIST OK
OISJ OK
OISL OK
OISZ OK
OIZT OK
OIZJ OK
OIZL OK
OIJT OK
OIJS OK
OIZS OK
OIJL OK
OIJZ OK
OILT OK
OILZ OK
OILS OK
OILJ OK
OTIJ OK
OTIZ OK
OTIS OK
OTIL OK
OTSI OK
OTSZ OK
OTSJ OK
OTSL OK
OTZI OK
OTZJ OK
OTZS OK
OTZL OK
OTJI OK
OTJS OK
OTJL OK
OTJZ OK
OTLI OK
OTLZ OK
OTLS OK
OTLJ OK
OSIT OK
OSIJ OK
OSIL OK
OSIZ OK
OSTI OK
OSTJ OK
OSTZ OK
OSTL OK
OSZT OK
OSZI OK
OSZJ OK
OSJI OK
OSJT OK
OSZL OK
OSJL OK
OSLI OK
OSLT OK
OSLJ OK
OSJZ OK
OZIT OK
OZIJ OK
OZIS OK
OZIL OK
OZTI OK
OZTS OK
OZTJ OK
OZTL OK
OSLZ OK
OZST OK
OZSI OK
OZJI OK
OZSJ OK
OZSL OK
OZJT OK
OZJL OK
OZLI OK
OZLT OK
OZLJ OK
OJIT OK
OZLS OK
OJIS OK
OJIL OK
OJIZ OK
OZJS OK
OJTI OK
OJTS OK
OJTZ OK
OJTL OK
OJSI OK
OJST OK
OJSL OK
OJZI OK
OJZT OK
OJZL OK
OJLI OK
OJLT OK
OJLS OK
OJLZ OK
OJSZ OK
OLIT OK
OLIS OK
OLIZ OK
OLIJ OK
OLTI OK
OLTS OK
OLTZ OK
OLTJ OK
OJZS OK
OLSI OK
OLST OK
OLSJ OK
OLZI OK
OLZT OK
OLZJ OK
OLJI OK
OLJT OK
OLJS OK
OLJZ OK
TIOS OK
TIOZ OK
TIOJ OK
OLZS OK
TIOL OK
TISO OK
TISJ OK
TISL OK
TISZ OK
TIZO OK
TIZJ OK
TIZL OK
TIZS OK
TIJO OK
TIJS OK
TIJZ OK
TIJL OK
TILO OK
TILS OK
TILZ OK
TILJ OK
TOIS OK
TOIZ OK
TOIJ OK
TOIL OK
TOSI OK
TOSZ OK
TOSJ OK
TOSL OK
TOZI OK
TOZJ OK
TOZS OK
TOZL OK
TOJI OK
TOJS OK
TOJZ OK
TOJL OK
TOLI OK
TOLS OK
TOLZ OK
TOLJ OK
TSIO OK
TSIJ OK
TSIL OK
TSIZ OK
TSOI OK
TSOJ OK
TSOZ OK
TSOL OK
TSZO OK
TSZI OK
TSZJ OK
TSZL OK
TSJI OK
TSJO OK
TSJZ OK
TSJL OK
TSLI OK
TSLO OK
TSLZ OK
TSLJ OK
TZIO OK
TZIJ OK
OLSZ OK
TZIL OK
TZIS OK
TZOI OK
TZOJ OK
TZOL OK
TZOS OK
TZSJ OK
TZSO OK
TZSL OK
TZSI OK
TZJI OK
TZJO OK
TZJL OK
TZJS OK
TZLI OK
TZLO OK
TZLS OK
TZLJ OK
TJIO OK
TJIS OK
TJIZ OK
TJIL OK
TJOI OK
TJOS OK
TJOZ OK
TJOL OK
TJSI OK
TJSO OK
TJSZ OK
TJSL OK
TJZI OK
TJZL OK
TJZO OK
TJLI OK
TJZS OK
TJLO OK
TJLZ OK
TJLS OK
TLIO OK
TLIZ OK
TLIS OK
TLIJ OK
TLOI OK
TLOS OK
TLOZ OK
TLOJ OK
TLSI OK
TLSJ OK
TLSZ OK
TLSO OK
TLZI OK
TLZS OK
TLZO OK
TLZJ OK
TLJI OK
TLJO OK
TLJS OK
TLJZ OK
SIOT OK
SIOJ OK
SIOL OK
SITO OK
SITJ OK
SIOZ OK
SITL OK
SITZ OK
SIZJ OK
SIZL OK
SIZT OK
SIZO OK
SIJO OK
SIJT OK
SIJZ OK
SIJL OK
SILO OK
SILT OK
SILJ OK
SILZ OK
SOIJ OK
SOIT OK
SOIL OK
SOTI OK
SOIZ OK
SOTJ OK
SOTZ OK
SOTL OK
SOZT OK
SOZI OK
SOZL OK
SOZJ OK
SOJI OK
SOJT OK
SOJL OK
SOLI OK
SOLT OK
SOLZ OK
SOLJ OK
SOJZ OK
STIO OK
STIJ OK
STIL OK
STOI OK
STIZ OK
STOJ OK
STOL OK
STOZ OK
STZJ OK
STZO OK
STZL OK
STZI OK
STJO OK
STJI OK
STJZ OK
STJL OK
STLI OK
STLO OK
STLJ OK
STLZ OK
SZIJ OK
SZIT OK
SZIL OK
SZIO OK
SZOJ OK
SZOT OK
SZOL OK
SZOI OK
SZTJ OK
SZTO OK
SZTI OK
SZTL OK
SZJI OK
SZJO OK
SZJT OK
SZJL OK
SZLI OK
SZLO OK
SZLT OK
SZLJ OK
SJIO OK
SJIT OK
SJIZ OK
SJIL OK
SJOI OK
SJOT OK
SJTI OK
SJOL OK
SJTO OK
SJTZ OK
SJTL OK
SJZI OK
SJOZ OK
SJZT OK
SJZL OK
SJZO OK
SJLI OK
SJLO OK
SJLT OK
SJLZ OK
SLIO OK
SLIT OK
SLIZ OK
SLIJ OK
SLOI OK
SLOT OK
SLOJ OK
SLTI OK
SLTO OK
SLTZ OK
SLTJ OK
SLZI OK
SLZO OK
SLZT OK
SLZJ OK
SLJI OK
SLJO OK
SLJT OK
SLJZ OK
ZIOT OK
ZIOJ OK
ZIOS OK
ZIOL OK
ZITO OK
SLOZ OK
ZITJ OK
ZITL OK
ZITS OK
ZISJ OK
ZIST OK
ZISL OK
ZISO OK
ZIJO OK
ZIJT OK
ZIJL OK
ZIJS OK
ZILO OK
ZILJ OK
ZILT OK
ZILS OK
ZOIJ OK
ZOIT OK
ZOIL OK
ZOIS OK
ZOTI OK
ZOTS OK
ZOTL OK
ZOTJ OK
ZOSJ OK
ZOST OK
ZOSI OK
ZOJI OK
ZOJT OK
ZOSL OK
ZOJS OK
ZOJL OK
ZOLI OK
ZOLT OK
ZOLJ OK
ZTIO OK
ZTIJ OK
ZOLS OK
ZTIL OK
ZTIS OK
ZTOI OK
ZTOJ OK
ZTOL OK
ZTOS OK
ZTSJ OK
ZTSO OK
ZTSI OK
ZTSL OK
ZTJI OK
ZTJO OK
ZTJS OK
ZTJL OK
ZTLI OK
ZTLO OK
ZTLS OK
ZTLJ OK
ZSIJ OK
ZSIO OK
ZSIT OK
ZSIL OK
ZSOT OK
ZSOJ OK
ZSOI OK
ZSOL OK
ZSTO OK
ZSTI OK
ZSTJ OK
ZSTL OK
ZSJO OK
ZSJI OK
ZSJT OK
ZSJL OK
ZSLI OK
ZSLO OK
ZSLT OK
ZSLJ OK
ZJIO OK
ZJIT OK
ZJIS OK
ZJIL OK
ZJOI OK
ZJOT OK
ZJOL OK
ZJTI OK
ZJTO OK
ZJTS OK
ZJTL OK
ZJSI OK
ZJSO OK
ZJST OK
ZJSL OK
ZJLI OK
ZJLO OK
ZJLT OK
ZJLS OK
ZLIO OK
ZLIT OK
ZJOS OK
ZLIS OK
ZLIJ OK
ZLOI OK
ZLOT OK
ZLTI OK
ZLOJ OK
ZLTO OK
ZLTS OK
ZLTJ OK
ZLSI OK
ZLOS OK
ZLSJ OK
ZLST OK
ZLJI OK
ZLJO OK
ZLSO OK
ZLJT OK
ZLJS OK
JIOT OK
JIOS OK
JIOZ OK
JIOL OK
JITS OK
JITO OK
JITZ OK
JITL OK
JIST OK
JISL OK
JISO OK
JIZT OK
JIZO OK
JIZL OK
JILO OK
JILT OK
JISZ OK
JILS OK
JILZ OK
JOIT OK
JOIS OK
JOIL OK
JOIZ OK
JOTI OK
JOTS OK
JOTZ OK
JOTL OK
JOST OK
JOSI OK
JOSL OK
JOZI OK
JOZT OK
JIZS OK
JOZL OK
JOLI OK
JOLT OK
JOLS OK
JOLZ OK
JTIO OK
JTIS OK
JOSZ OK
JTIZ OK
JTIL OK
JTOI OK
JTOS OK
JTOZ OK
JTOL OK
JTSI OK
JTSO OK
JTSZ OK
JOZS OK
JTSL OK
JTZI OK
JTZL OK
JTZO OK
JTZS OK
JTLI OK
JTLO OK
JTLS OK
JTLZ OK
JSIT OK
JSIO OK
JSIZ OK
JSIL OK
JSOT OK
JSOI OK
JSOL OK
JSTI OK
JSTO OK
JSTZ OK
JSTL OK
JSZI OK
JSOZ OK
JSZT OK
JSZO OK
JSLI OK
JSLO OK
JSZL OK
JSLT OK
JSLZ OK
JZIO OK
JZIT OK
JZIL OK
JZIS OK
JZOI OK
JZOT OK
JZOL OK
JZTI OK
JZTO OK
JZTL OK
JZTS OK
JZSI OK
JZST OK
JZSL OK
JZSO OK
JZLI OK
JZLO OK
JZLT OK
JZLS OK
JLIO OK
JLIT OK
JLIS OK
JLIZ OK
JLOI OK
JLOT OK
JLOS OK
JLOZ OK
JZOS OK
JLTI OK
JLTO OK
JLTS OK
JLTZ OK
JLSI OK
JLST OK
JLSO OK
JLSZ OK
JLZI OK
JLZT OK
JLZO OK
LIOT OK
LIOS OK
LIOJ OK
LIOZ OK
LITO OK
LITS OK
LITZ OK
LITJ OK
LIST OK
JLZS OK
LISJ OK
LISO OK
LIZT OK
LISZ OK
LIZO OK
LIZJ OK
LIJO OK
LIJT OK
LIJS OK
LIJZ OK
LOIT OK
LOIS OK
LOIJ OK
LOIZ OK
LOTI OK
LOTS OK
LOTZ OK
LOTJ OK
LOSI OK
LOST OK
LOSJ OK
LOZI OK
LOZT OK
LIZS OK
LOZJ OK
LOJI OK
LOJT OK
LOJS OK
LOJZ OK
LTIO OK
LTIS OK
LTIZ OK
LTIJ OK
LTOI OK
LTOS OK
LTOZ OK
LOZS OK
LTOJ OK
LTSI OK
LTSO OK
LTSZ OK
LTSJ OK
LTZI OK
LTZO OK
LTZS OK
LTZJ OK
LTJI OK
LTJO OK
LTJS OK
LTJZ OK
LSIO OK
LSIT OK
LSIJ OK
LSIZ OK
LSOI OK
LSOT OK
LSOJ OK
LSTI OK
LSTO OK
LSTZ OK
LSTJ OK
LSZI OK
LSZO OK
LSZT OK
LSZJ OK
LSJI OK
LSJO OK
LSJT OK
LSJZ OK
LZIO OK
LZIT OK
LSOZ OK
LZIS OK
LZIJ OK
LOSZ CAP
LZOT OK
LZOI OK
LZOJ OK
LZTI OK
LZTO OK
LZTJ OK
LZTS OK
LZOS OK
LZSI OK
LZSO OK
LZST OK
LZSJ OK
LZJI OK
LZJO OK
LZJS OK
LZJT OK
LJIO OK
LJIT OK
LJIS OK
LJIZ OK
LJOI OK
LJOT OK
LJOS OK
LJTI OK
LJOZ OK
LJTO OK
LJTS OK
LJTZ OK
LJSI OK
LJST OK
LJSO OK
LJZI OK
LJZO OK
LJZT OK
LJZS OK
LJSZ OK
