IOTJ OK
IOTS OK
IOTZ OK
IOTL OK
IOSJ OK
IOSL OK
IOST OK
IOSZ OK
IOZT OK
IOZJ OK
IOZL OK
IOJT OK
IOZS OK
IOJS OK
IOJZ OK
IOJL OK
IOLT OK
IOLS OK
IOLZ OK
IOLJ OK
ITOS OK
ITOZ OK
ITOJ OK
ITOL OK
ITSO OK
ITSJ OK
ITSL OK
ITZO OK
ITZJ OK
ITSZ OK
ITZL OK
ITJO OK
ITJS OK
ITJZ OK
ITJL OK
ITLO OK
ITLS OK
ITZS OK
ITLZ OK
ITLJ OK
ISOJ OK
ISOL OK
ISTO OK
ISOT OK
ISOZ OK
ISTJ OK
ISTL OK
ISZO OK
ISTZ OK
ISZJ OK
ISZL OK
ISJO OK
ISJT OK
ISZT OK
ISJL OK
ISJZ OK
ISLO OK
ISLT OK
ISLZ OK
ISLJ OK
IZOJ OK
IZOL OK
IZOT OK
IZOS OK
IZTO OK
IZTJ OK
IZTL OK
IZSO OK
IZTS OK
IZSJ OK
IZST OK
IZJO OK
IZSL OK
IZJL OK
IZJT OK
IZLO OK
IZLT OK
IZLJ OK
IZJS OK
IZLS OK
IJOT OK
IJOS OK
IJOZ OK
IJOL OK
IJTO OK
IJTS OK
IJTZ OK
IJTL OK
IJSO OK
IJST OK
IJSZ OK
IJSL OK
IJZO OK
IJZT OK
IJZL OK
IJLO OK
IJLT OK
IJLS OK
IJLZ OK
ILOT OK
IJZS OK
ILOS OK
ILOJ OK
ILOZ OK
ILTO OK
ILTZ OK
ILTS OK
ILTJ OK
ILSO OK
ILST OK
ILSJ OK
ILZO OK
ILZT OK
ILZS OK
ILZJ OK
ILJO OK
ILJT OK
ILJS OK
ILJZ OK
OITS OK
OITZ OK
OITJ OK
OITL OK
OIST OK
OISJ OK
OISL OK
OIZT OK
OISZ OK
ILSZ OK
OIZJ OK
OIZL OK
OIJT OK
OIJS OK
OIJL OK
OIJZ OK
OILT OK
OILS OK
OIZS OK
OILJ OK
OILZ OK
OTIS OK
OTIJ OK
OTIZ OK
OTIL OK
OTSI OK
OTSJ OK
OTSL OK
OTZI OK
OTZJ OK
OTZL OK
OTJI OK
OTJS OK
OTJZ OK
OTJL OK
OTLI OK
OTLS OK
OTSZ OK
OTZS OK
OTLZ OK
OTLJ OK
OSIT OK
OSIZ OK
OSIJ OK
OSIL OK
OSTI OK
OSTJ OK
OSTL OK
OSZI OK
OSZJ OK
OSZL OK
OSJI OK
OSJT OK
OSTZ OK
OSJL OK
OSJZ OK
OSZT OK
OSLI OK
OSLT OK
OSLJ OK
OZIT OK
OSLZ OK
OZIJ OK
OZIL OK
OZTI OK
OZTS OK
OZTJ OK
OZTL OK
OZST OK
OZIS OK
OZSJ OK
OZJI OK
OZSI OK
OZJT OK
OZSL OK
OZJL OK
OZJS OK
OZLI OK
OZLT OK
OZLJ OK
OJIT OK
OJIS OK
OJIZ OK
OZLS OK
OJIL OK
OJTI OK
OJTS OK
OJTZ OK
OJTL OK
OJSI OK
OJST OK
OJSZ OK
OJSL OK
OJZI OK
OJZT OK
OJZL OK
OJZS OK
OJLI OK
OJLT OK
OJLS OK
OJLZ OK
OLIT OK
OLIS OK
OLIZ OK
OLIJ OK
OLTI OK
OLTS OK
OLTZ OK
OLTJ OK
OLSI OK
OLST OK
OLSZ OK
OLSJ OK
OLZI OK
OLZT OK
OLZJ OK
OLJI OK
OLJT OK
OLJS OK
OLJZ OK
OLZS OK
TIOS OK
TIOJ OK
TIOZ OK
TIOL OK
TISO OK
TISJ OK
TISZ OK
TISL OK
TIZJ OK
TIZO OK
TIZL OK
TIJO OK
TIJS OK
TIJZ OK
TIJL OK
TILO OK
TILS OK
TILZ OK
TILJ OK
TOIS OK
TIZS OK
TOIZ OK
TOIJ OK
TOIL OK
TOSI OK
TOSJ OK
TOSL OK
TOZI OK
TOZJ OK
TOZL OK
TOJI OK
TOJS OK
TOJZ OK
TOJL OK
TOLI OK
TOSZ OK
TOLS OK
TOLZ OK
TOZS OK
TOLJ OK
TSIO OK
TSIZ OK
TSIJ OK
TSIL OK
TSOI OK
TSOJ OK
TSOL OK
TSZI OK
TSZJ OK
TSZL OK
TSJI OK
TSJO OK
TSJZ OK
TSJL OK
TSLI OK
TSOZ OK
TSLO OK
TSLJ OK
TSLZ OK
TSZO OK
TZIO OK
TZIJ OK
TZIL OK
TZOI OK
TZOJ OK
TZOL OK
TZSI OK
TZIS OK
TZOS OK
TZSJ OK
TZSL OK
TZJI OK
TZJO OK
TZJS OK
TZJL OK
TZLO OK
TZLI OK
TZLS OK
TZLJ OK
TZSO OK
TJIO OK
TJIS OK
TJIZ OK
TJIL OK
TJOI OK
TJOS OK
TJOZ OK
TJOL OK
TJSI OK
TJSO OK
TJSZ OK
TJSL OK
TJZI OK
TJZO OK
TJZS OK
TJZL OK
TJLI OK
TJLO OK
TJLS OK
TJLZ OK
TLIO OK
TLIS OK
TLIZ OK
TLIJ OK
TLOI OK
TLOS OK
TLOZ OK
TLOJ OK
TLSI OK
TLSO OK
TLSJ OK
TLSZ OK
TLZI OK
TLZO OK
TLZS OK
TLZJ OK
TLJI OK
TLJO OK
TLJS OK
TLJZ OK
SIOT OK
SIOJ OK
SIOL OK
SITO OK
SITJ OK
SITZ OK
SITL OK
SIOZ OK
SIZJ OK
SIZT OK
SIZL OK
SIJO OK
SIJT OK
SIZO OK
SIJL OK
SIJZ OK
SILO OK
SILT OK
SILZ OK
SILJ OK
SOIT OK
SOIZ OK
SOIJ OK
SOIL OK
SOTI OK
SOTZ OK
SOTJ OK
SOTL OK
SOZI OK
SOZT OK
SOZJ OK
SOJI OK
SOZL OK
SOJT OK
SOJL OK
SOJZ OK
SOLI OK
SOLT OK
SOLJ OK
SOLZ OK
STIJ OK
STIO OK
STIL OK
STOI OK
STOZ OK
STOJ OK
STIZ OK
STOL OK
STZJ OK
STZL OK
STZI OK
STJI OK
STJO OK
STJZ OK
STJL OK
STLI OK
STLO OK
STLZ OK
STLJ OK
STZO OK
SZIJ OK
SZIT OK
SZIL OK
SZIO OK
SZOT OK
SZOJ OK
SZOL OK
SZTI OK
SZOI OK
SZTL OK
SZJI OK
SZTO OK
SZTJ OK
SZJO OK
SZJT OK
SZJL OK
SZLI OK
SZLO OK
SZLJ OK
SZLT OK
SJIO OK
SJIT OK
SJIL OK
SJIZ OK
SJOI OK
SJOT OK
SJOZ OK
SJOL OK
SJTI OK
SJTO OK
SJTL OK
SJTZ OK
SJZI OK
SJZO OK
SJZT OK
SJLI OK
SJLO OK
SJZL OK
SJLT OK
SLIO OK
SJLZ OK
SLIT OK
SLIJ OK
SLIZ OK
SLOI OK
SLOT OK
SLOJ OK
SLTI OK
SLOZ OK
SLTO OK
SLTZ OK
SLTJ OK
SLZI OK
SLZT OK
SLZO OK
SLJI OK
SLZJ OK
SLJO OK
SLJT OK
ZIOT OK
SLJZ OK
ZIOJ OK
ZIOL OK
ZITO OK
ZIOS OK
ZITJ OK
ZITL OK
ZISO OK
ZITS OK
ZISJ OK
ZISL OK
ZIJO OK
ZIST OK
ZIJT OK
ZIJL OK
ZILO OK
ZILT OK
ZIJS OK
ZILS OK
ZILJ OK
ZOIT OK
ZOIJ OK
ZOIL OK
ZOTI OK
ZOTS OK
ZOTJ OK
ZOIS OK
ZOTL OK
ZOST OK
ZOSJ OK
ZOJI OK
ZOSI OK
ZOSL OK
ZOJT OK
ZOJL OK
ZOLI OK
ZOJS OK
ZOLT OK
ZOLJ OK
ZTIO OK
ZOLS OK
ZTIJ OK
ZTIL OK
ZTOI OK
ZTOS OK
ZTOJ OK
ZTOL OK
ZTIS OK
ZTSJ OK
ZTSL OK
ZTSI OK
ZTJI OK
ZTSO OK
ZTJO OK
ZTJS OK
ZTJL OK
ZTLI OK
ZTLO OK
ZTLJ OK
ZTLS OK
ZSIJ OK
ZSIL OK
ZSIO OK
ZSOT OK
ZSOJ OK
ZSIT OK
ZSOI OK
ZSOL OK
ZSTJ OK
ZSTO OK
ZSJI OK
ZSTI OK
ZSJO OK
ZSJT OK
ZSTL OK
ZSJL OK
ZSLI OK
ZSLJ OK
ZSLT OK
ZSLO OK
ZJIO OK
ZJIT OK
ZJIS OK
ZJIL OK
ZJOI OK
ZJOT OK
ZJOL OK
ZJOS OK
ZJTI OK
ZJTL OK
ZJTO OK
ZJTS OK
ZJSI OK
ZJSO OK
ZJST OK
ZJLI OK
ZJSL OK
ZJLO OK
ZJLT OK
ZJLS OK
ZLIO OK
ZLIT OK
ZLIS OK
ZLIJ OK
ZLOT OK
ZLOI OK
ZLOJ OK
ZLTI OK
ZLTO OK
ZLOS OK
ZLTS OK
ZLTJ OK
ZLSI OK
ZLST OK
ZLSJ OK
ZLJI OK
ZLJO OK
ZLSO OK
ZLJT OK
ZLJS OK
JIOT OK
JIOS OK
JIOL OK
JIOZ OK
JITO OK
JITS OK
JITZ OK
JITL OK
JISO OK
JIST OK
JISL OK
JISZ OK
JIZO OK
JIZT OK
JIZL OK
JILO OK
JILT OK
JILZ OK
JILS OK
JOIT OK
JOIS OK
JOIZ OK
JOIL OK
JIZS OK
JOTI OK
JOTS OK
JOTZ OK
JOTL OK
JOSI OK
JOST OK
JOSZ OK
JOSL OK
JOZI OK
JOZT OK
JOZL OK
JOZS OK
JOLI OK
JOLT OK
JOLS OK
JOLZ OK
JTIO OK
JTIZ OK
JTIS OK
JTIL OK
JTOI OK
JTOS OK
JTOZ OK
JTOL OK
JTSI OK
JTSO OK
JTSZ OK
JTSL OK
JTZI OK
JTZO OK
JTZS OK
JTZL OK
JTLI OK
JTLO OK
JTLS OK
JTLZ OK
JSIO OK
JSIT OK
JSIZ OK
JSIL OK
JSOI OK
JSOT OK
JSOZ OK
JSOL OK
JSTI OK
JSTO OK
JSTL OK
JSTZ OK
JSZI OK
JSZO OK
JSZT OK
JSLI OK
JSLO OK
JSLT OK
JZIO OK
JSLZ OK
JSZL OK
JZIL OK
JZIT OK
JZOI OK
JZOT OK
JZOL OK
JZTI OK
JZOS OK
JZIS OK
JZTO OK
JZTS OK
JZTL OK
JZSI OK
JZST OK
JZSO OK
JZSL OK
JZLI OK
JZLO OK
JZLT OK
JZLS OK
JLIO OK
JLIT OK
JLIS OK
JLIZ OK
JLOI OK
JLOT OK
JLOS OK
JLOZ OK
JLTI OK
JLTO OK
JLTS OK
JLTZ OK
JLSI OK
JLSO OK
JLST OK
JLZI OK
JLZO OK
JLSZ OK
JLZT OK
LIOT OK
LIOS OK
JLZS OK
LIOJ OK
LIOZ OK
LITO OK
LITS OK
LITZ OK
LITJ OK
LISO OK
LIST OK
LISJ OK
LIZO OK
LIZT OK
LIZJ OK
LIZS OK
LIJO OK
LIJT OK
LIJS OK
LIJZ OK
LOIT OK
LOIS OK
LOIJ OK
LOIZ OK
LOTI OK
LOTS OK
LOTZ OK
LOTJ OK
LOSI OK
LOST OK
LOSJ OK
LOSZ OK
LOZI OK
LOZT OK
LISZ OK
LOJI OK
LOZJ OK
LOZS OK
LOJT OK
LOJS OK
LOJZ OK
LTIO OK
LTIS OK
LTIZ OK
LTOI OK
LTIJ OK
LTOS OK
LTOZ OK
LTOJ OK
LTSI OK
LTSO OK
LTSZ OK
LTSJ OK
LTZI OK
LTZO OK
LTZS OK
LTZJ OK
LTJI OK
LTJO OK
LTJS OK
LTJZ OK
LSIO OK
LSIT OK
LSIJ OK
LSIZ OK
LSOI OK
LSOT OK
LSTI OK
LSOJ OK
LSTO OK
LSTZ OK
LSTJ OK
LSZI OK
LSZO OK
LSZT OK
LSZJ OK
LSJI OK
LSJO OK
LSJT OK
LSJZ OK
LZIO OK
LZIT OK
LZIS OK
LZIJ OK
LZOI OK
LSOZ OK
LZOT OK
LZTI OK
LZOJ OK
LZOS OK
LZTJ OK
LZTO OK
LZTS OK
LZSO OK
LZST OK
LZSI OK
LZSJ OK
LZJI OK
LZJO OK
LZJT OK
LZJS OK
LJIO OK
LJIT OK
LJIS OK
LJIZ OK
LJOI OK
LJOT OK
LJOS OK
LJOZ OK
LJTO OK
LJTI OK
LJTS OK
LJTZ OK
LJSI OK
LJSO OK
LJST OK
LJZI OK
LJZO OK
LJSZ OK
LJZT OK
LJZS OK
