IOTJ OK
IOTZ OK
IOTS OK
IOTL OK
IOSJ OK
IOSL OK
IOST OK
IOZT OK
IOSZ OK
IOZJ OK
IOJT OK
IOZL OK
IOJS OK
IOJZ OK
IOJL OK
IOLT OK
IOLS OK
IOLZ OK
IOLJ OK
ITOS OK
IOZS OK
ITOZ OK
ITOJ OK
ITOL OK
ITSJ OK
ITSO OK
ITSL OK
ITZO OK
ITZJ OK
ITZL OK
ITSZ OK
ITJO OK
ITJS OK
ITJZ OK
ITJL OK
ITLO OK
ITLS OK
ITZS OK
ITLZ OK
ITLJ OK
ISOJ OK
ISOL OK
ISOT OK
ISTO OK
ISOZ OK
ISTJ OK
ISTL OK
ISTZ OK
ISZJ OK
ISZO OK
ISZT OK
ISZL OK
ISJT OK
ISJO OK
ISJL OK
ISJZ OK
ISLO OK
ISLT OK
ISLJ OK
ISLZ OK
IZOJ OK
IZOL OK
IZOT OK
IZOS OK
IZTO OK
IZTJ OK
IZTL OK
IZSO OK
IZTS OK
IZSJ OK
IZST OK
IZJO OK
IZSL OK
IZJT OK
IZJL OK
IZLO OK
IZLT OK
IZLJ OK
IZJS OK
IZLS OK
IJOT OK
IJOS OK
IJOZ OK
IJOL OK
IJTO OK
IJTS OK
IJTZ OK
IJTL OK
IJSO OK
IJST OK
IJSZ OK
IJSL OK
IJZO OK
IJZT OK
IJZL OK
IJLO OK
IJLT OK
IJLS OK
IJLZ OK
ILOT OK
IJZS OK
ILOS OK
ILOJ OK
ILTO OK
ILOZ OK
ILTS OK
ILTJ OK
ILTZ OK
ILSO OK
ILST OK
ILSJ OK
ILZO OK
ILZT OK
ILZS OK
ILZJ OK
ILJO OK
ILJT OK
ILJS OK
ILJZ OK
OITS OK
OITZ OK
OITJ OK
OITL OK
OIST OK
OISJ OK
OISL OK
OIZT OK
ILSZ OK
OIZJ OK
OIZL OK
OIJT OK
OISZ OK
OIJS OK
OIJZ OK
OIJL OK
OILT OK
OILS OK
OILZ OK
OILJ OK
OTIS OK
OTIZ OK
OTIJ OK
OTIL OK
OIZS OK
OTSI OK
OTSJ OK
OTSL OK
OTZI OK
OTZJ OK
OTZL OK
OTJI OK
OTJS OK
OTJZ OK
OTSZ OK
OTJL OK
OTLI OK
OTLS OK
OTLZ OK
OTLJ OK
OTZS OK
OSIT OK
OSIJ OK
OSIZ OK
OSIL OK
OSTI OK
OSTJ OK
OSTL OK
OSZI OK
OSZJ OK
OSZL OK
OSTZ OK
OSJI OK
OSJT OK
OSZT OK
OSJL OK
OSJZ OK
OSLI OK
OSLT OK
OSLZ OK
OSLJ OK
OZIT OK
OZIJ OK
OZIL OK
OZTI OK
OZTS OK
OZTJ OK
OZTL OK
OZST OK
OZSJ OK
OZIS OK
OZSL OK
OZJI OK
OZJT OK
OZJL OK
OZJS OK
OZSI OK
OZLT OK
OZLI OK
OZLJ OK
OJIT OK
OZLS OK
OJIS OK
OJIZ OK
OJIL OK
OJTI OK
OJTS OK
OJTZ OK
OJTL OK
OJSI OK
OJST OK
OJSZ OK
OJSL OK
OJZI OK
OJZT OK
OJZS OK
OJZL OK
OJLI OK
OJLT OK
OJLS OK
OJLZ OK
OLIT OK
OLIS OK
OLIZ OK
OLIJ OK
OLTI OK
OLTS OK
OLTZ OK
OLTJ OK
OLSI OK
OLST OK
OLSZ OK
OLSJ OK
OLZI OK
OLZT OK
OLZJ OK
OLJI OK
OLJT OK
OLJS OK
OLJZ OK
OLZS OK
TIOS OK
TIOJ OK
TIOZ OK
TIOL OK
TISO OK
TISJ OK
TISZ OK
TISL OK
TIZO OK
TIZJ OK
TIZL OK
TIJO OK
TIJS OK
TIJZ OK
TIJL OK
TILO OK
TILS OK
TILZ OK
TILJ OK
TOIS OK
TIZS OK
TOIZ OK
TOIJ OK
TOIL OK
TOSI OK
TOSJ OK
TOSL OK
TOZI OK
TOZJ OK
TOZL OK
TOJI OK
TOJS OK
TOJZ OK
TOJL OK
TOSZ OK
TOLI OK
TOLS OK
TOLZ OK
TOLJ OK
TOZS OK
TSIO OK
TSIJ OK
TSIZ OK
TSIL OK
TSOI OK
TSOJ OK
TSOL OK
TSZI OK
TSZJ OK
TSZL OK
TSJI OK
TSJO OK
TSJZ OK
TSJL OK
TSOZ OK
TSLI OK
TSLO OK
TSLZ OK
TSLJ OK
TSZO OK
TZIJ OK
TZIO OK
TZIL OK
TZOI OK
TZOJ OK
TZOL OK
TZSI OK
TZIS OK
TZOS OK
TZSJ OK
TZSL OK
TZJI OK
TZJO OK
TZJS OK
TZJL OK
TZLI OK
TZLO OK
TZSO OK
TZLS OK
TZLJ OK
TJIO OK
TJIS OK
TJIZ OK
TJIL OK
TJOI OK
TJOS OK
TJOZ OK
TJOL OK
TJSI OK
TJSO OK
TJSZ OK
TJSL OK
TJZI OK
TJZO OK
TJZL OK
TJZS OK
TJLI OK
TJLO OK
TJLS OK
TJLZ OK
TLIO OK
TLIS OK
TLIZ OK
TLIJ OK
TLOI OK
TLOS OK
TLOZ OK
TLOJ OK
TLSI OK
TLSO OK
TLSZ OK
TLSJ OK
TLZI OK
TLZO OK
TLZS OK
TLZJ OK
TLJI OK
TLJO OK
TLJS OK
TLJZ OK
SIOT OK
SIOJ OK
SIOL OK
SITO OK
SITJ OK
SITL OK
SIOZ OK
SITZ OK
SIZJ OK
SIZL OK
SIZT OK
SIJO OK
SIZO OK
SIJT OK
SIJL OK
SIJZ OK
SILO OK
SILT OK
SILJ OK
SILZ OK
SOIT OK
SOIZ OK
SOIJ OK
SOIL OK
SOTI OK
SOTZ OK
SOTJ OK
SOTL OK
SOZI OK
SOZT OK
SOZJ OK
SOJI OK
SOZL OK
SOJT OK
SOJL OK
SOJZ OK
SOLI OK
SOLT OK
SOLZ OK
SOLJ OK
STIO OK
STIJ OK
STIL OK
STOI OK
STOZ OK
STOJ OK
STOL OK
STIZ OK
STZJ OK
STZL OK
STJI OK
STZI OK
STJO OK
STJZ OK
STJL OK
STLI OK
STLO OK
STLZ OK
STZO OK
STLJ OK
SZIJ OK
SZIL OK
SZIT OK
SZIO OK
SZOT OK
SZOJ OK
SZOL OK
SZOI OK
SZTI OK
SZTL OK
SZJI OK
SZTO OK
SZJO OK
SZJT OK
SZTJ OK
SZJL OK
SZLI OK
SZLJ OK
SZLO OK
SZLT OK
SJIT OK
SJIO OK
SJIZ OK
SJIL OK
SJOI OK
SJOT OK
SJOZ OK
SJOL OK
SJTI OK
SJTO OK
SJTL OK
SJTZ OK
SJZO OK
SJZI OK
SJZT OK
SJLI OK
SJLO OK
SJZL OK
SJLT OK
SJLZ OK
SLIO OK
SLIT OK
SLIJ OK
SLIZ OK
SLOI OK
SLOT OK
SLOJ OK
SLTI OK
SLOZ OK
SLTO OK
SLTZ OK
SLTJ OK
SLZI OK
SLZT OK
SLZO OK
SLJI OK
SLZJ OK
SLJO OK
SLJT OK
ZIOT OK
SLJZ OK
ZIOJ OK
ZIOL OK
ZITO OK
ZIOS OK
ZITJ OK
ZITL OK
ZISO OK
ZITS OK
ZISJ OK
ZISL OK
ZIJO OK
ZIST OK
ZIJT OK
ZIJL OK
ZILO OK
ZILT OK
ZILS OK
ZILJ OK
ZOIT OK
ZIJS OK
ZOIJ OK
ZOIL OK
ZOTS OK
ZOTI OK
ZOTJ OK
ZOTL OK
ZOIS OK
ZOST OK
ZOSJ OK
ZOJI OK
ZOJT OK
ZOSI OK
ZOSL OK
ZOJL OK
ZOLI OK
ZOJS OK
ZOLT OK
ZOLJ OK
ZTIO OK
ZTIJ OK
ZOLS OK
ZTOI OK
ZTIL OK
ZTOJ OK
ZTOS OK
ZTOL OK
ZTIS OK
ZTSJ OK
ZTSL OK
ZTJI OK
ZTSI OK
ZTSO OK
ZTJO OK
ZTJS OK
ZTJL OK
ZTLI OK
ZTLO OK
ZTLS OK
ZTLJ OK
ZSIJ OK
ZSIL OK
ZSIO OK
ZSOT OK
ZSOJ OK
ZSIT OK
ZSOI OK
ZSOL OK
ZSTJ OK
ZSTO OK
ZSTL OK
ZSTI OK
ZSJI OK
ZSJO OK
ZSJT OK
ZSJL OK
ZSLI OK
ZSLJ OK
ZSLT OK
ZJIO OK
ZSLO OK
ZJIT OK
ZJIL OK
ZJIS OK
ZJOI OK
ZJOT OK
ZJOL OK
ZJTI OK
ZJOS OK
ZJTO OK
ZJTL OK
ZJTS OK
ZJSI OK
ZJSO OK
ZJST OK
ZJSL OK
ZJLI OK
ZJLO OK
ZJLT OK
ZJLS OK
ZLIO OK
ZLIT OK
ZLIS OK
ZLIJ OK
ZLOI OK
ZLOT OK
ZLOJ OK
ZLTI OK
ZLTO OK
ZLTS OK
ZLOS OK
ZLTJ OK
ZLSI OK
ZLST OK
ZLSJ OK
ZLJI OK
ZLJO OK
ZLSO OK
ZLJT OK
ZLJS OK
JIOT OK
JIOS OK
JIOZ OK
JIOL OK
JITO OK
JITS OK
JITZ OK
JITL OK
JISO OK
JIST OK
JISL OK
JISZ OK
JIZO OK
JIZT OK
JIZL OK
JILO OK
JILT OK
JILS OK
JILZ OK
JOIT OK
JOIS OK
JOIZ OK
JOIL OK
JIZS OK
JOTI OK
JOTS OK
JOTZ OK
JOTL OK
JOSI OK
JOST OK
JOSZ OK
JOSL OK
JOZI OK
JOZT OK
JOZL OK
JOZS OK
JOLI OK
JOLT OK
JOLS OK
JOLZ OK
JTIO OK
JTIS OK
JTIZ OK
JTIL OK
JTOI OK
JTOS OK
JTOZ OK
JTOL OK
JTSI OK
JTSO OK
JTSZ OK
JTSL OK
JTZI OK
JTZO OK
JTZS OK
JTZL OK
JTLI OK
JTLO OK
JTLS OK
JTLZ OK
JSIO OK
JSIT OK
JSIZ OK
JSIL OK
JSOI OK
JSOT OK
JSOZ OK
JSTI OK
JSOL OK
JSTO OK
JSTL OK
JSTZ OK
JSZO OK
JSZI OK
JSZT OK
JSLI OK
JSLO OK
JSLT OK
JZIO OK
JSZL OK
JSLZ OK
JZIL OK
JZIT OK
JZOI OK
JZOT OK
JZOL OK
JZTI OK
JZOS OK
JZTO OK
JZIS OK
JZTS OK
JZTL OK
JZSI OK
JZST OK
JZSO OK
JZSL OK
JZLI OK
JZLO OK
JZLT OK
JZLS OK
JLIO OK
JLIT OK
JLIS OK
JLIZ OK
JLOI OK
JLOS OK
JLOT OK
JLOZ OK
JLTI OK
JLTO OK
JLTS OK
JLTZ OK
JLSI OK
JLSO OK
JLST OK
JLZI OK
JLZO OK
JLSZ OK
JLZT OK
LIOT OK
LIOS OK
JLZS OK
LIOZ OK
LIOJ OK
LITO OK
LITZ OK
LITS OK
LITJ OK
LISO OK
LIST OK
LISJ OK
LIZO OK
LIZT OK
LIZS OK
LIZJ OK
LIJO OK
LIJT OK
LIJS OK
LIJZ OK
LOIT OK
LOIS OK
LOIJ OK
LOIZ OK
LOTI OK
LOTS OK
LOTZ OK
LOTJ OK
LOSI OK
LOST OK
LOSZ OK
LOSJ OK
LOZI OK
LOZT OK
LOZJ OK
LISZ OK
LOZS OK
LOJI OK
LOJS OK
LOJT OK
LOJZ OK
LTIS OK
LTIO OK
LTIZ OK
LTIJ OK
LTOI OK
LTOS OK
LTOZ OK
LTOJ OK
LTSI OK
LTSO OK
LTSZ OK
LTSJ OK
LTZI OK
LTZO OK
LTZS OK
LTZJ OK
LTJI OK
LTJO OK
LTJS OK
LTJZ OK
LSIO OK
LSIT OK
LSIJ OK
LSIZ OK
LSOI OK
LSOT OK
LSOJ OK
LSTI OK
LSTO OK
LSTZ OK
LSTJ OK
LSZO OK
LSZI OK
LSZT OK
LSZJ OK
LSJI OK
LSJO OK
LSJT OK
LSJZ OK
LZIO OK
LZIT OK
LZIS OK
LZIJ OK
LZOI OK
LZOT OK
LSOZ OK
LZOJ OK
LZOS OK
LZTI OK
LZTO OK
LZTJ OK
LZTS OK
LZSI OK
LZSO OK
LZST OK
LZJI OK
LZSJ OK
LZJO OK
LZJT OK
LZJS OK
LJIO OK
LJIS OK
LJIT OK
LJIZ OK
LJOI OK
LJOT OK
LJOS OK
LJOZ OK
LJTI OK
LJTO OK
LJTS OK
LJTZ OK
LJSI OK
LJSO OK
LJST OK
LJZI OK
LJZO OK
LJSZ OK
LJZT OK
LJZS OK
