IOTZ OK
IOTS OK
IOTJ OK
IOTL OK
IOSJ OK
IOSL OK
IOST OK
IOSZ OK
IOZT OK
IOZJ OK
IOZL OK
IOJT OK
IOZS OK
IOJS OK
IOJZ OK
IOJL OK
IOLT OK
IOLS OK
IOLZ OK
IOLJ OK
ITOS OK
ITOZ OK
ITOJ OK
ITOL OK
ITSO OK
ITSJ OK
ITSL OK
ITZO OK
ITZJ OK
ITSZ OK
ITZL OK
ITJO OK
ITJS OK
ITJZ OK
ITJL OK
ITLO OK
ITLS OK
ITZS OK
ITLZ OK
ITLJ OK
ISOJ OK
ISOL OK
ISTO OK
ISOT OK
ISOZ OK
ISTJ OK
ISTL OK
ISZO OK
ISTZ OK
ISZT OK
ISZJ OK
ISZL OK
ISJO OK
ISJT OK
ISJZ OK
ISJL OK
ISLT OK
ISLO OK
ISLZ OK
ISLJ OK
IZOT OK
IZOJ OK
IZOL OK
IZTO OK
IZTS OK
IZTJ OK
IZOS OK
IZTL OK
IZSO OK
IZST OK
IZSJ OK
IZSL OK
IZJO OK
IZJT OK
IZJS OK
IZJL OK
IZLO OK
IZLT OK
IZLS OK
IZLJ OK
IJOT OK
IJOS OK
IJOZ OK
IJOL OK
IJTO OK
IJTS OK
IJTZ OK
IJTL OK
IJSO OK
IJST OK
IJSZ OK
IJSL OK
IJZO OK
IJZT OK
IJZS OK
IJZL OK
IJLO OK
IJLT OK
IJLS OK
IJLZ OK
ILOT OK
ILOS OK
ILOJ OK
ILOZ OK
ILTO OK
ILTS OK
ILTZ OK
ILTJ OK
ILST OK
ILSO OK
ILSJ OK
ILZO OK
ILZT OK
ILZS OK
ILZJ OK
ILJO OK
ILJT OK
ILJS OK
ILJZ OK
OITS OK
OITZ OK
OITJ OK
OITL OK
OIST OK
OISJ OK
ILSZ OK
OISZ OK
OISL OK
OIZJ OK
OIZL OK
OIJT OK
OIZT OK
OIJS OK
OIJZ OK
OIZS OK
OIJL OK
OILT OK
OILS OK
OILZ OK
OILJ OK
OTIS OK
OTIZ OK
OTIJ OK
OTIL OK
OTSI OK
OTSJ OK
OTSL OK
OTZI OK
OTZJ OK
OTZL OK
OTJI OK
OTJS OK
OTJZ OK
OTJL OK
OTSZ OK
OTLI OK
OTLS OK
OTLZ OK
OTZS OK
OTLJ OK
OSIT OK
OSIJ OK
OSIZ OK
OSIL OK
OSTI OK
OSTJ OK
OSTL OK
OSZI OK
OSZJ OK
OSTZ OK
OSZL OK
OSJT OK
OSJI OK
OSJL OK
OSJZ OK
OSZT OK
OSLI OK
OSLT OK
OSLJ OK
OZIT OK
OZIJ OK
OZIL OK
OZTI OK
OZTS OK
OZIS OK
OZTJ OK
OZTL OK
OZST OK
OZSJ OK
OSLZ OK
OZJI OK
OZSI OK
OZJT OK
OZSL OK
OZJS OK
OZJL OK
OZLI OK
OZLT OK
OJIT OK
OZLJ OK
OJIZ OK
OJIS OK
OZLS OK
OJIL OK
OJTI OK
OJTS OK
OJTZ OK
OJTL OK
OJSI OK
OJST OK
OJSZ OK
OJSL OK
OJZI OK
OJZT OK
OJZS OK
OJZL OK
OJLI OK
OJLT OK
OJLS OK
OLIT OK
OJLZ OK
OLIS OK
OLIZ OK
OLIJ OK
OLTI OK
OLTS OK
OLTZ OK
OLTJ OK
OLSI OK
OLST OK
OLSZ OK
OLSJ OK
OLZI OK
OLZT OK
OLZJ OK
OLJI OK
OLJT OK
OLJS OK
OLZS OK
OLJZ OK
TIOS OK
TIOZ OK
TIOJ OK
TIOL OK
TISO OK
TISJ OK
TISL OK
TIZO OK
TIZJ OK
TIZL OK
TISZ OK
TIJO OK
TIJS OK
TIJZ OK
TIJL OK
TILO OK
TILS OK
TILZ OK
TILJ OK
TIZS OK
TOIS OK
TOIZ OK
TOIJ OK
TOIL OK
TOSI OK
TOSJ OK
TOSL OK
TOZI OK
TOZJ OK
TOZL OK
TOJI OK
TOJS OK
TOJZ OK
TOSZ OK
TOJL OK
TOLI OK
TOLS OK
TOLZ OK
TOZS OK
TOLJ OK
TSIO OK
TSIJ OK
TSIL OK
TSOI OK
TSOJ OK
TSOL OK
TSIZ OK
TSZI OK
TSOZ OK
TSZJ OK
TSZL OK
TSJI OK
TSJO OK
TSJZ OK
TSJL OK
TSLI OK
TSZO OK
TSLO OK
TSLZ OK
TSLJ OK
TZIO OK
TZIJ OK
TZIL OK
TZOI OK
TZOJ OK
TZOL OK
TZOS OK
TZIS OK
TZSJ OK
TZSI OK
TZSL OK
TZJI OK
TZJO OK
TZJL OK
TZJS OK
TZSO OK
TZLI OK
TZLO OK
TZLS OK
TZLJ OK
TJIO OK
TJIS OK
TJIL OK
TJIZ OK
TJOI OK
TJOS OK
TJOZ OK
TJOL OK
TJSO OK
TJSI OK
TJSZ OK
TJSL OK
TJZI OK
TJZO OK
TJZS OK
TJZL OK
TJLI OK
TJLO OK
TJLS OK
TJLZ OK
TLIO OK
TLIS OK
TLIZ OK
TLOI OK
TLIJ OK
TLOS OK
TLOZ OK
TLOJ OK
TLSI OK
TLSO OK
TLSZ OK
TLSJ OK
TLZI OK
TLZO OK
TLZS OK
TLZJ OK
TLJI OK
TLJO OK
TLJS OK
TLJZ OK
SIOJ OK
SIOT OK
SIOZ OK
SIOL OK
SITO OK
SITJ OK
SITL OK
SITZ OK
SIZJ OK
SIZT OK
SIZL OK
SIJO OK
SIZO OK
SIJT OK
SIJZ OK
SIJL OK
SILT OK
SILO OK
SILZ OK
SILJ OK
SOIT OK
SOIJ OK
SOIZ OK
SOIL OK
SOTI OK
SOTJ OK
SOTL OK
SOZI OK
SOZJ OK
SOZL OK
SOJI OK
SOTZ OK
SOJT OK
SOJZ OK
SOJL OK
SOZT OK
SOLI OK
SOLT OK
SOLJ OK
STIO OK
SOLZ OK
STIJ OK
STIL OK
STOI OK
STIZ OK
STOJ OK
STOL OK
STZI OK
STZJ OK
STZL OK
STOZ OK
STJI OK
STJO OK
STJZ OK
STJL OK
STLI OK
STZO OK
STLO OK
STLZ OK
STLJ OK
SZIJ OK
SZIL OK
SZIT OK
SZIO OK
SZOJ OK
SZOL OK
SZOI OK
SZTI OK
SZOT OK
SZTL OK
SZJI OK
SZJO OK
SZTO OK
SZJT OK
SZJL OK
SZTJ OK
SZLI OK
SZLO OK
SZLT OK
SZLJ OK
SJIO OK
SJIT OK
SJIZ OK
SJOI OK
SJIL OK
SJOT OK
SJOL OK
SJOZ OK
SJTI OK
SJTO OK
SJTZ OK
SJZI OK
SJTL OK
SJZO OK
SJZT OK
SJZL OK
SJLI OK
SJLT OK
SJLO OK
SJLZ OK
SLIO OK
SLIT OK
SLIZ OK
SLIJ OK
SLOI OK
SLOT OK
SLOJ OK
SLTI OK
SLOZ OK
SLTO OK
SLTZ OK
SLTJ OK
SLZI OK
SLZO OK
SLZJ OK
SLZT OK
SLJI OK
SLJO OK
SLJT OK
SLJZ OK
ZIOT OK
ZIOL OK
ZIOJ OK
ZITO OK
ZITS OK
ZIOS OK
ZITJ OK
ZITL OK
ZISO OK
ZIST OK
ZISJ OK
ZISL OK
ZIJO OK
ZIJT OK
ZIJS OK
ZIJL OK
ZILO OK
ZILT OK
ZILS OK
ZILJ OK
ZOIT OK
ZOIJ OK
ZOIL OK
ZOTI OK
ZOTJ OK
ZOTS OK
ZOIS OK
ZOTL OK
ZOST OK
ZOSJ OK
ZOJI OK
ZOSI OK
ZOSL OK
ZOJT OK
ZOJS OK
ZOJL OK
ZOLI OK
ZOLT OK
ZOLJ OK
ZTIO OK
ZTIS OK
ZTIJ OK
ZOLS OK
ZTIL OK
ZTOI OK
ZTOS OK
ZTOJ OK
ZTOL OK
ZTSI OK
ZTSJ OK
ZTSL OK
ZTJI OK
ZTJO OK
ZTJS OK
ZTJL OK
ZTSO OK
ZTLI OK
ZTLO OK
ZTLS OK
ZTLJ OK
ZSIO OK
ZSIT OK
ZSIJ OK
ZSIL OK
ZSOI OK
ZSOT OK
ZSOJ OK
ZSTI OK
ZSOL OK
ZSTJ OK
ZSJI OK
ZSTL OK
ZSTO OK
ZSJO OK
ZSJT OK
ZSJL OK
ZSLI OK
ZSLT OK
ZSLJ OK
ZJIO OK
ZSLO OK
ZJIT OK
ZJIS OK
ZJIL OK
ZJOI OK
ZJOT OK
ZJOS OK
ZJOL OK
ZJTI OK
ZJTO OK
ZJTS OK
ZJTL OK
ZJSI OK
ZJSO OK
ZJST OK
ZJSL OK
ZJLI OK
ZJLO OK
ZJLT OK
ZLIO OK
ZJLS OK
ZLIT OK
ZLIS OK
ZLIJ OK
ZLOI OK
ZLOT OK
ZLOJ OK
ZLTI OK
ZLTO OK
ZLTS OK
ZLOS OK
ZLTJ OK
ZLSI OK
ZLST OK
ZLSJ OK
ZLJI OK
ZLSO OK
ZLJO OK
ZLJT OK
JIOT OK
JIOS OK
ZLJS OK
JIOZ OK
JIOL OK
JITO OK
JITS OK
JITZ OK
JITL OK
JISO OK
JIST OK
JISZ OK
JISL OK
JIZO OK
JIZT OK
JIZS OK
JILO OK
JIZL OK
JILT OK
JILS OK
JILZ OK
JOIT OK
JOIS OK
JOIZ OK
JOIL OK
JOTI OK
JOTS OK
JOTZ OK
JOTL OK
JOSI OK
JOST OK
JOSZ OK
JOSL OK
JOZI OK
JOZT OK
JOZS OK
JOZL OK
JOLI OK
JOLT OK
JOLS OK
JTIO OK
JOLZ OK
JTIS OK
JTIL OK
JTIZ OK
JTOI OK
JTOZ OK
JTOS OK
JTOL OK
JTSO OK
JTSI OK
JTSZ OK
JTSL OK
JTZI OK
JTZO OK
JTZS OK
JTZL OK
JTLI OK
JTLS OK
JTLO OK
JTLZ OK
JSIO OK
JSIT OK
JSIZ OK
JSIL OK
JSOI OK
JSOT OK
JSOZ OK
JSOL OK
JSTI OK
JSTO OK
JSTZ OK
JSTL OK
JSZO OK
JSZI OK
JSZT OK
JSLI OK
JSLO OK
JSLT OK
JZIO OK
JSLZ OK
JSZL OK
JZIT OK
JZIS OK
JZIL OK
JZOI OK
JZOT OK
JZOS OK
JZOL OK
JZTI OK
JZTO OK
JZTS OK
JZTL OK
JZSI OK
JZSO OK
JZST OK
JZLI OK
JZSL OK
JZLO OK
JZLT OK
JLIO OK
JZLS OK
JLIT OK
JLIS OK
JLOI OK
JLIZ OK
JLOT OK
JLOS OK
JLOZ OK
JLTI OK
JLTO OK
JLTS OK
JLTZ OK
JLSI OK
JLST OK
JLSO OK
JLZI OK
JLZO OK
JLSZ OK
JLZT OK
LIOT OK
LIOS OK
JLZS OK
LIOZ OK
LIOJ OK
LITO OK
LITS OK
LITZ OK
LITJ OK
LISO OK
LIST OK
LISJ OK
LIZO OK
LIZT OK
LIZS OK
LIZJ OK
LIJO OK
LIJT OK
LIJS OK
LIJZ OK
LOIT OK
LOIS OK
LOIZ OK
LOIJ OK
LOTI OK
LOTS OK
LOTZ OK
LOTJ OK
LOSI OK
LOST OK
LOSZ OK
LOSJ OK
LOZI OK
LOZT OK
LOZS OK
LOZJ OK
LOJI OK
LOJT OK
LISZ OK
LOJS OK
LOJZ OK
LTIO OK
LTIS OK
LTIZ OK
LTIJ OK
LTOI OK
LTOS OK
LTOZ OK
LTOJ OK
LTSI OK
LTSO OK
LTSZ OK
LTSJ OK
LTZI OK
LTZO OK
LTZS OK
LTZJ OK
LTJI OK
LTJO OK
LTJS OK
LTJZ OK
LSIO OK
LSIT OK
LSIJ OK
LSOI OK
LSIZ OK
LSOT OK
LSTI OK
LSOJ OK
LSTO OK
LSTZ OK
LSTJ OK
LSZI OK
LSZO OK
LSZT OK
LSZJ OK
LSJI OK
LSJT OK
LSJO OK
LSJZ OK
LZIO OK
LZIT OK
LZIS OK
LZIJ OK
LZOI OK
LZOT OK
LZOS OK
LZOJ OK
LZTI OK
LZTO OK
LSOZ OK
LZTS OK
LZTJ OK
LZSI OK
LZST OK
LZSO OK
LZSJ OK
LZJI OK
LZJO OK
LZJT OK
LJIO OK
LZJS OK
LJIT OK
LJIS OK
LJIZ OK
LJOI OK
LJOT OK
LJOS OK
LJOZ OK
LJTI OK
LJTO OK
LJTS OK
LJTZ OK
LJSI OK
LJSO OK
LJST OK
LJZI OK
LJSZ OK
LJZO OK
LJZT OK
LJZS OK
