IOTJ OK
IOTS OK
IOTZ OK
IOTL OK
IOST OK
IOSJ OK
IOSL OK
IOSZ OK
IOZT OK
IOZS OK
IOJT OK
IOZJ OK
IOZL OK
IOJL OK
IOLT OK
IOJS OK
IOJZ OK
IOLJ OK
IOLS OK
ITOS OK
IOLZ OK
ITOZ OK
ITOJ OK
ITOL OK
ITSO OK
ITSZ OK
ITSJ OK
ITSL OK
ITZO OK
ITZS OK
ITZJ OK
ITZL OK
ITJO OK
ITJS OK
ITJZ OK
ITJL OK
ITLO OK
ITLS OK
ITLZ OK
ITLJ OK
ISOT OK
ISOJ OK
ISOL OK
ISTO OK
ISTZ OK
ISTJ OK
ISOZ OK
ISTL OK
ISZO OK
ISZT OK
ISZJ OK
ISZL OK
ISJT OK
ISJL OK
ISJO OK
ISLT OK
ISJZ OK
ISLO OK
ISLJ OK
IZOT OK
IZOS OK
IZOJ OK
ISLZ OK
IZOL OK
IZTO OK
IZTS OK
IZTJ OK
IZTL OK
IZST OK
IZSO OK
IZSJ OK
IZSL OK
IZJT OK
IZJO OK
IZJL OK
IZJS OK
IZLO OK
IZLT OK
IZLJ OK
IJOT OK
IZLS OK
IJOL OK
IJTO OK
IJTS OK
IJOS OK
IJOZ OK
IJTZ OK
IJTL OK
IJST OK
IJSL OK
IJSO OK
IJZO OK
IJSZ OK
IJZT OK
IJZL OK
IJLO OK
IJZS OK
IJLS OK
IJLT OK
IJLZ OK
ILOT OK
ILOS OK
ILOZ OK
ILOJ OK
ILTO OK
ILTS OK
ILTZ OK
ILTJ OK
ILST OK
ILSO OK
ILSJ OK
ILZO OK
ILZT OK
ILZJ OK
ILZS OK
ILJO OK
ILJT OK
ILJS OK
ILJZ OK
OITS OK
OITZ OK
OITL OK
OITJ OK
OIST OK
OISJ OK
OISZ OK
OISL OK
OIZT OK
ILSZ OK
OIZS OK
OIZJ OK
OIZL OK
OIJT OK
OIJS OK
OIJL OK
OIJZ OK
OILT OK
OILJ OK
OTIS OK
OILS OK
OILZ OK
OTIZ OK
OTIJ OK
OTIL OK
OTSI OK
OTSZ OK
OTSJ OK
OTSL OK
OTZI OK
OTZJ OK
OTZS OK
OTZL OK
OTJI OK
OTJS OK
OTJZ OK
OTLI OK
OTJL OK
OTLS OK
OTLJ OK
OTLZ OK
OSIT OK
OSIJ OK
OSTI OK
OSIL OK
OSTZ OK
OSIZ OK
OSTJ OK
OSTL OK
OSZT OK
OSZI OK
OSJI OK
OSZL OK
OSJT OK
OSZJ OK
OSJL OK
OSLT OK
OSLI OK
OSJZ OK
OSLJ OK
OZIT OK
OZIS OK
OZIJ OK
OZTI OK
OZIL OK
OZTJ OK
OZTL OK
OZTS OK
OZSI OK
OZST OK
OZSJ OK
OZSL OK
OSLZ OK
OZJI OK
OZJT OK
OZJS OK
OZJL OK
OZLI OK
OZLT OK
OZLS OK
OZLJ OK
OJIT OK
OJIL OK
OJIS OK
OJIZ OK
OJTI OK
OJTS OK
OJTZ OK
OJTL OK
OJST OK
OJSI OK
OJSL OK
OJZT OK
OJZI OK
OJZL OK
OJLI OK
OJLT OK
OJZS OK
OJSZ OK
OJLS OK
OJLZ OK
OLIT OK
OLIS OK
OLIJ OK
OLIZ OK
OLTI OK
OLTS OK
OLTZ OK
OLTJ OK
OLST OK
OLSI OK
OLSJ OK
OLZI OK
OLZT OK
OLZJ OK
OLJI OK
OLZS OK
OLJT OK
OLJS OK
OLJZ OK
TIOS OK
TIOZ OK
TIOJ OK
TIOL OK
TISO OK
TISZ OK
TISJ OK
TISL OK
TIZO OK
OLSZ OK
TIZS OK
TIZJ OK
TIZL OK
TIJO OK
TIJS OK
TIJZ OK
TIJL OK
TILO OK
TILS OK
TILZ OK
TILJ OK
TOIS OK
TOIZ OK
TOIJ OK
TOIL OK
TOSI OK
TOSZ OK
TOSJ OK
TOSL OK
TOZI OK
TOZS OK
TOZJ OK
TOZL OK
TOJI OK
TOJS OK
TOJZ OK
TOJL OK
TOLI OK
TOLS OK
TOLZ OK
TOLJ OK
TSIO OK
TSIZ OK
TSIJ OK
TSIL OK
TSOI OK
TSOZ OK
TSOJ OK
TSOL OK
TSZI OK
TSZO OK
TSZJ OK
TSZL OK
TSJI OK
TSJO OK
TSJZ OK
TSJL OK
TSLI OK
TSLO OK
TSLZ OK
TSLJ OK
TZIO OK
TZIS OK
TZIJ OK
TZIL OK
TZOI OK
TZOJ OK
TZOS OK
TZOL OK
TZSI OK
TZSO OK
TZSJ OK
TZSL OK
TZJI OK
TZJO OK
TZJS OK
TZJL OK
TZLI OK
TZLO OK
TZLS OK
TZLJ OK
TJIO OK
TJIS OK
TJIZ OK
TJIL OK
TJOI OK
TJOS OK
TJOZ OK
TJOL OK
TJSI OK
TJSO OK
TJSZ OK
TJSL OK
TJZI OK
TJZO OK
TJZL OK
TJZS OK
TJLI OK
TJLO OK
TJLS OK
TJLZ OK
TLIO OK
TLIS OK
TLIZ OK
TLIJ OK
TLOI OK
TLOZ OK
TLOS OK
TLOJ OK
TLSI OK
TLSO OK
TLSZ OK
TLSJ OK
TLZI OK
TLZO OK
TLZJ OK
TLZS OK
TLJI OK
TLJO OK
TLJS OK
TLJZ OK
SIOT OK
SIOJ OK
SIOL OK
SIOZ OK
SITO OK
SITZ OK
SITJ OK
SITL OK
SIZO OK
SIZT OK
SIZJ OK
SIZL OK
SIJT OK
SIJO OK
SIJL OK
SIJZ OK
SILT OK
SILO OK
SILJ OK
SILZ OK
SOIT OK
SOIJ OK
SOIL OK
SOIZ OK
SOTI OK
SOTZ OK
SOTJ OK
SOTL OK
SOZI OK
SOZT OK
SOZJ OK
SOJT OK
SOZL OK
SOJI OK
SOJL OK
SOLT OK
SOLI OK
SOJZ OK
SOLJ OK
STIO OK
STIZ OK
STIJ OK
STIL OK
STOI OK
SOLZ OK
STOZ OK
STOJ OK
STOL OK
STZI OK
STZO OK
STZJ OK
STZL OK
STJI OK
STJO OK
STJZ OK
STJL OK
STLI OK
STLO OK
STLZ OK
STLJ OK
SZIO OK
SZIT OK
SZIJ OK
SZIL OK
SZOI OK
SZOT OK
SZOJ OK
SZTI OK
SZOL OK
SZTO OK
SZTJ OK
SZTL OK
SZJI OK
SZJT OK
SZJO OK
SZJL OK
SZLI OK
SZLO OK
SZLT OK
SZLJ OK
SJIT OK
SJIO OK
SJIL OK
SJIZ OK
SJOT OK
SJOL OK
SJTI OK
SJOI OK
SJTO OK
SJTZ OK
SJTL OK
SJZI OK
SJOZ OK
SJZO OK
SJZT OK
SJLI OK
SJZL OK
SJLT OK
SJLO OK
SJLZ OK
SLIT OK
SLIJ OK
SLIO OK
SLIZ OK
SLOT OK
SLOJ OK
SLOI OK
SLTI OK
SLTO OK
SLTJ OK
SLTZ OK
SLZI OK
SLZO OK
SLZT OK
SLZJ OK
SLJI OK
SLJO OK
SLJT OK
ZIOT OK
SLJZ OK
ZIOS OK
ZIOJ OK
ZIOL OK
ZITO OK
ZITS OK
ZITJ OK
SLOZ OK
ZITL OK
ZIST OK
ZISO OK
ZISJ OK
ZISL OK
ZIJO OK
ZIJT OK
ZIJL OK
ZIJS OK
ZILO OK
ZILT OK
ZILJ OK
ZILS OK
ZOIT OK
ZOIJ OK
ZOIS OK
ZOIL OK
ZOTI OK
ZOTS OK
ZOTJ OK
ZOTL OK
ZOSI OK
ZOST OK
ZOSJ OK
ZOSL OK
ZOJI OK
ZOJT OK
ZOJS OK
ZOJL OK
ZOLI OK
ZOLT OK
ZOLJ OK
ZOLS OK
ZTIO OK
ZTIS OK
ZTIJ OK
ZTIL OK
ZTOI OK
ZTOJ OK
ZTOS OK
ZTOL OK
ZTSI OK
ZTSO OK
ZTSJ OK
ZTSL OK
ZTJI OK
ZTJO OK
ZTJS OK
ZTJL OK
ZTLI OK
ZTLO OK
ZTLS OK
ZTLJ OK
ZSIO OK
ZSIT OK
ZSIJ OK
ZSOI OK
ZSIL OK
ZSOT OK
ZSTI OK
ZSOJ OK
ZSOL OK
ZSTO OK
ZSTJ OK
ZSTL OK
ZSJI OK
ZSJT OK
ZSJO OK
ZSJL OK
ZSLI OK
ZSLT OK
ZSLJ OK
ZSLO OK
ZJIT OK
ZJIO OK
ZJIL OK
ZJIS OK
ZJOT OK
ZJOI OK
ZJOL OK
ZJOS OK
ZJTI OK
ZJTO OK
ZJTS OK
ZJTL OK
ZJST OK
ZJSI OK
ZJSO OK
ZJSL OK
ZJLI OK
ZJLO OK
ZJLT OK
ZJLS OK
ZLIT OK
ZLIO OK
ZLIS OK
ZLIJ OK
ZLOI OK
ZLOT OK
ZLOJ OK
ZLTI OK
ZLOS OK
ZLTO OK
ZLTS OK
ZLTJ OK
ZLSI OK
ZLST OK
ZLSJ OK
ZLSO OK
ZLJI OK
ZLJO OK
ZLJT OK
ZLJS OK
JIOT OK
JIOL OK
JIOZ OK
JIOS OK
JITO OK
JITS OK
JITZ OK
JITL OK
JIST OK
JISL OK
JISO OK
JIZT OK
JIZO OK
JIZL OK
JIZS OK
JISZ OK
JILO OK
JILT OK
JILS OK
JILZ OK
JOIT OK
JOIL OK
JOIS OK
JOIZ OK
JOTI OK
JOTS OK
JOTZ OK
JOTL OK
JOST OK
JOSI OK
JOSL OK
JOZT OK
JOZI OK
JOZL OK
JOLI OK
JOLT OK
JOLS OK
JOZS OK
JOLZ OK
JTIO OK
JOSZ OK
JTIS OK
JTIZ OK
JTIL OK
JTOI OK
JTOS OK
JTOZ OK
JTOL OK
JTSI OK
JTSO OK
JTSL OK
JTSZ OK
JTZI OK
JTZO OK
JTZS OK
JTZL OK
JTLI OK
JTLO OK
JTLS OK
JTLZ OK
JSIT OK
JSIL OK
JSIO OK
JSIZ OK
JSOT OK
JSOI OK
JSOL OK
JSTI OK
JSTO OK
JSTL OK
JSTZ OK
JSZI OK
JSZT OK
JSZL OK
JSOZ OK
JSZO OK
JSLI OK
JSLO OK
JSLT OK
JSLZ OK
JZIT OK
JZIL OK
JZIO OK
JZIS OK
JZOT OK
JZOI OK
JZOL OK
JZTI OK
JZTO OK
JZTS OK
JZTL OK
JZOS OK
JZSI OK
JZST OK
JZLI OK
JZSL OK
JZLO OK
JZLT OK
JZSO OK
JZLS OK
JLIO OK
JLIT OK
JLIS OK
JLIZ OK
JLOI OK
JLOT OK
JLOS OK
JLOZ OK
JLTI OK
JLTO OK
JLTS OK
JLSI OK
JLTZ OK
JLST OK
JLSO OK
JLSZ OK
JLZI OK
JLZO OK
JLZT OK
JLZS OK
LIOT OK
LIOJ OK
LIOS OK
LIOZ OK
LITO OK
LITS OK
LITZ OK
LITJ OK
LIST OK
LISO OK
LISJ OK
LIZO OK
LIZT OK
LIZJ OK
LIJO OK
LIZS OK
LIJT OK
LIJS OK
LIJZ OK
LOIT OK
LOIS OK
LOIZ OK
LISZ OK
LOIJ OK
LOTI OK
LOTS OK
LOTZ OK
LOTJ OK
LOST OK
LOSI OK
LOSJ OK
LOZI OK
LOZT OK
LOZJ OK
LOJI OK
LOJT OK
LOZS OK
LOJS OK
LOJZ OK
LTIO OK
LTIS OK
LTIZ OK
LTIJ OK
LTOI OK
LTOS OK
LTOZ OK
LTOJ OK
LTSI OK
LTSO OK
LTSZ OK
LTSJ OK
LTZI OK
LTZO OK
LTZJ OK
LTZS OK
LOSZ OK
LTJS OK
LTJO OK
LTJI OK
LSIT OK
LTJZ OK
LSIO OK
LSIJ OK
LSOI OK
LSOT OK
LSOJ OK
LSTI OK
LSIZ OK
LSTO OK
LSTJ OK
LSTZ OK
LSZI OK
LSZT OK
LSZJ OK
LSJI OK
LSJO OK
LSZO OK
LSJT OK
LSJZ OK
LZIO OK
LZIT OK
LSOZ OK
LZIJ OK
LZIS OK
LZOT OK
LZOI OK
LZOJ OK
LZTI OK
LZTO OK
LZTS OK
LZTJ OK
LZOS OK
LZST OK
LZSI OK
LZJI OK
LZSJ OK
LZJT OK
LZJO OK
LZSO OK
LZJS OK
LJIO OK
LJIT OK
LJIS OK
LJIZ OK
LJOI OK
LJOS OK
LJOT OK
LJOZ OK
LJTI OK
LJTO OK
LJTS OK
LJSI OK
LJTZ OK
LJST OK
LJSO OK
LJSZ OK
LJZI OK
LJZO OK
LJZT OK
LJZS OK
