IOTJ OK
IOTS OK
IOTZ OK
IOTL OK
IOST OK
IOSJ OK
IOSL OK
IOZT OK
IOZJ OK
IOSZ OK
IOZS OK
IOJT OK
IOJS OK
IOZL OK
IOJZ OK
IOJL OK
IOLT OK
IOLJ OK
ITOS OK
IOLS OK
IOLZ OK
ITOZ OK
ITOJ OK
ITOL OK
ITSO OK
ITSZ OK
ITSJ OK
ITSL OK
ITZO OK
ITZS OK
ITZJ OK
ITZL OK
ITJO OK
ITJS OK
ITJZ OK
ITJL OK
ITLO OK
ITLS OK
ITLZ OK
ITLJ OK
ISOT OK
ISOJ OK
ISOL OK
ISTO OK
ISTZ OK
ISTJ OK
ISTL OK
ISZT OK
ISOZ OK
ISZJ OK
ISJO OK
ISZL OK
ISJT OK
ISZO OK
ISJL OK
ISJZ OK
ISLT OK
ISLJ OK
IZOT OK
ISLO OK
ISLZ OK
IZOJ OK
IZTO OK
IZOS OK
IZTS OK
IZTJ OK
IZOL OK
IZTL OK
IZST OK
IZSJ OK
IZSO OK
IZJO OK
IZJT OK
IZJL OK
IZJS OK
IZSL OK
IZLT OK
IZLJ OK
IZLO OK
IJOT OK
IJOS OK
IJOZ OK
IJOL OK
IZLS OK
IJTS OK
IJTO OK
IJTZ OK
IJTL OK
IJST OK
IJSO OK
IJSL OK
IJSZ OK
IJZT OK
IJZO OK
IJZL OK
IJZS OK
IJLO OK
IJLT OK
IJLS OK
IJLZ OK
ILOT OK
ILOJ OK
ILTO OK
ILTS OK
ILOZ OK
ILOS OK
ILTZ OK
ILTJ OK
ILST OK
ILSJ OK
ILSO OK
ILSZ OK
ILZT OK
ILZO OK
ILZJ OK
ILJO OK
ILJT OK
ILJS OK
ILJZ OK
OITS OK
OITZ OK
OITJ OK
OITL OK
OIST OK
OISJ OK
OISL OK
OISZ OK
OIZT OK
OIZJ OK
OIZS OK
OIJT OK
OIZL OK
OIJS OK
OIJZ OK
OIJL OK
OILT OK
ILZS OK
OILJ OK
OTIS OK
OILS OK
OILZ OK
OTIZ OK
OTIL OK
OTIJ OK
OTSI OK
OTSJ OK
OTSL OK
OTZI OK
OTSZ OK
OTZJ OK
OTZL OK
OTJI OK
OTZS OK
OTJS OK
OTJZ OK
OTJL OK
OTLI OK
OTLS OK
OTLJ OK
OTLZ OK
OSIT OK
OSIJ OK
OSIL OK
OSTI OK
OSTJ OK
OSTZ OK
OSIZ OK
OSTL OK
OSZT OK
OSZJ OK
OSZL OK
OSJI OK
OSZI OK
OSJT OK
OSJZ OK
OSJL OK
OSLI OK
OSLT OK
OSLZ OK
OSLJ OK
OZIT OK
OZIJ OK
OZIS OK
OZTI OK
OZTJ OK
OZIL OK
OZTL OK
OZTS OK
OZSI OK
OZSJ OK
OZST OK
OZJI OK
OZSL OK
OZJT OK
OZJS OK
OZJL OK
OZLT OK
OZLI OK
OZLJ OK
OJIT OK
OJIS OK
OJIZ OK
OJIL OK
OJTI OK
OZLS OK
OJTS OK
OJTL OK
OJTZ OK
OJSI OK
OJST OK
OJSL OK
OJSZ OK
OJZI OK
OJZT OK
OJZL OK
OJLI OK
OJLT OK
OJLS OK
OJLZ OK
OLIT OK
OLIS OK
OLIZ OK
OLIJ OK
OLTI OK
OLTS OK
OLTZ OK
OLTJ OK
OLST OK
OLSI OK
OLSJ OK
OLSZ OK
OLZT OK
OLZI OK
OLZJ OK
OLJI OK
OLJT OK
OLJS OK
OLJZ OK
TIOS OK
TIOZ OK
TIOJ OK
TIOL OK
TISO OK
TISZ OK
TISJ OK
TISL OK
OLZS OK
TIZO OK
TIZS OK
TIZJ OK
TIZL OK
TIJO OK
TIJS OK
TIJZ OK
TIJL OK
TILO OK
TILZ OK
TILS OK
TILJ OK
TOIS OK
TOIZ OK
TOIJ OK
TOIL OK
TOSI OK
TOSJ OK
TOSZ OK
TOSL OK
TOZI OK
TOZJ OK
TOZS OK
TOJI OK
TOZL OK
TOJS OK
OJZS TIMEOUT
TOJZ OK
TOJL OK
TOLI OK
TOLS OK
TOLJ OK
TOLZ OK
TSIO OK
TSIZ OK
TSIJ OK
TSIL OK
TSOI OK
TSOJ OK
TSOL OK
TSZI OK
TSOZ OK
TSZJ OK
TSZL OK
TSJI OK
TSZO OK
TSJO OK
TSLI OK
TSJL OK
TSLO OK
TSLJ OK
TSLZ OK
TSJZ OK
TZIO OK
TZIS OK
TZIJ OK
TZIL OK
TZOI OK
TZOJ OK
TZOL OK
TZSI OK
TZOS OK
TZSJ OK
TZSL OK
TZSO OK
TZJI OK
TZJO OK
TZJL OK
TZLI OK
TZLO OK
TZJS OK
TZLJ OK
TJIO OK
TZLS OK
TJIS OK
TJIZ OK
TJIL OK
TJOI OK
TJOL OK
TJOS OK
TJOZ OK
TJSI OK
TJSO OK
TJSL OK
TJZI OK
TJZO OK
TJZL OK
TJLI OK
TJZS OK
TJLO OK
TJSZ OK
TJLS OK
TJLZ OK
TLIO OK
TLIS OK
TLOI OK
TLIZ OK
TLIJ OK
TLOZ OK
TLOS OK
TLOJ OK
TLSI OK
TLSO OK
TLSJ OK
TLZI OK
TLSZ OK
TLZO OK
TLZJ OK
TLJI OK
TLZS OK
TLJO OK
TLJS OK
TLJZ OK
SIOT OK
SIOL OK
SIOJ OK
SITO OK
SITZ OK
SITJ OK
SIOZ OK
SITL OK
SIZT OK
SIZJ OK
SIJO OK
SIZL OK
SIJT OK
SIJL OK
SIJZ OK
SIZO OK
SILT OK
SILJ OK
SILO OK
SOIT OK
SILZ OK
SOIJ OK
SOIL OK
SOTI OK
SOTZ OK
SOTJ OK
SOIZ OK
SOTL OK
SOZT OK
SOZJ OK
SOZL OK
SOZI OK
SOJI OK
SOJT OK
SOJL OK
SOJZ OK
SOLI OK
SOLZ OK
SOLT OK
SOLJ OK
STIZ OK
STIO OK
STIJ OK
STIL OK
STOI OK
STOL OK
STOJ OK
STZI OK
STOZ OK
STZO OK
STZJ OK
STZL OK
STJI OK
STJO OK
STJZ OK
STJL OK
STLI OK
STLO OK
STLJ OK
SZIO OK
STLZ OK
SZIT OK
SZIJ OK
SZOI OK
SZIL OK
SZOJ OK
SZOT OK
SZOL OK
SZTI OK
SZTJ OK
SZTO OK
SZTL OK
SZJI OK
SZJT OK
SZJL OK
SZLI OK
SZJO OK
SZLT OK
SZLJ OK
SZLO OK
SJIO OK
SJIT OK
SJIL OK
SJIZ OK
SJOI OK
SJOT OK
SJOL OK
SJOZ OK
SJTI OK
SJTO OK
SJTZ OK
SJTL OK
SJZI OK
SJZL OK
SJZT OK
SJLI OK
SJZO OK
SJLT OK
SJLO OK
SLIT OK
SJLZ OK
SLIJ OK
SLIO OK
SLOI OK
SLIZ OK
SLOT OK
SLTI OK
SLOZ OK
SLOJ OK
SLTO OK
SLTJ OK
SLTZ OK
SLZI OK
SLZT OK
SLZJ OK
SLJI OK
SLJT OK
SLJO OK
SLJZ OK
ZIOT OK
ZIOJ OK
ZIOS OK
ZIOL OK
ZITO OK
ZITJ OK
ZITS OK
ZITL OK
ZISO OK
ZIST OK
ZISJ OK
ZISL OK
ZIJT OK
ZIJO OK
ZIJL OK
SLZO OK
ZIJS OK
ZILT OK
ZILJ OK
ZOIT OK
ZILO OK
ZOIJ OK
ZILS OK
ZOTI OK
ZOIS OK
ZOIL OK
ZOTJ OK
ZOTL OK
ZOTS OK
ZOST OK
ZOSJ OK
ZOSI OK
ZOJI OK
ZOSL OK
ZOJT OK
ZOJL OK
ZOJS OK
ZOLT OK
ZOLI OK
ZOLJ OK
ZTIS OK
ZTIO OK
ZTIJ OK
ZTIL OK
ZTOI OK
ZOLS OK
ZTOJ OK
ZTOL OK
ZTOS OK
ZTSI OK
ZTSJ OK
ZTSL OK
ZTJI OK
ZTSO OK
ZTJO OK
ZTJL OK
ZTJS OK
ZTLI OK
ZTLO OK
ZTLJ OK
ZTLS OK
ZSIO OK
ZSIT OK
ZSIJ OK
ZSOI OK
ZSIL OK
ZSOJ OK
ZSOL OK
ZSOT OK
ZSTI OK
ZSTJ OK
ZSTL OK
ZSTO OK
ZSJI OK
ZSJL OK
ZSJT OK
ZSLI OK
ZSJO OK
ZSLT OK
ZSLJ OK
ZJIT OK
ZSLO OK
ZJIO OK
ZJIL OK
ZJIS OK
ZJOI OK
ZJOT OK
ZJOL OK
ZJTI OK
ZJOS OK
ZJTO OK
ZJTL OK
ZJTS OK
ZJSI OK
ZJST OK
ZJSL OK
ZJLI OK
ZJLO OK
ZJLT OK
ZJLS OK
ZJSO OK
ZLIT OK
ZLIJ OK
ZLIO OK
ZLOT OK
ZLIS OK
ZLOI OK
ZLOJ OK
ZLTI OK
ZLTO OK
ZLTS OK
ZLTJ OK
ZLOS OK
ZLSI OK
ZLST OK
ZLSJ OK
ZLJI OK
ZLJO OK
ZLJT OK
ZLJS OK
JIOT OK
ZLSO OK
JIOS OK
JIOL OK
JIOZ OK
JITO OK
JITS OK
JITZ OK
JITL OK
JIST OK
JISO OK
JISL OK
JISZ OK
JIZT OK
JIZO OK
JIZL OK
JILO OK
JILT OK
JIZS OK
JILS OK
JILZ OK
JOIT OK
JOIL OK
JOIS OK
JOIZ OK
JOTI OK
JOTS OK
JOTZ OK
JOTL OK
JOST OK
JOSI OK
JOSZ OK
JOSL OK
JOZI OK
JOZT OK
JOZL OK
JOLI OK
JOLT OK
JOLS OK
JOLZ OK
JTIO OK
JTIS OK
JTIZ OK
JTIL OK
JTOI OK
JTOS OK
JTOZ OK
JTOL OK
JTSI OK
JTSO OK
JTSL OK
JTZI OK
JTZO OK
JTSZ OK
JTZS OK
JTZL OK
JTLI OK
JTLO OK
JTLS OK
JTLZ OK
JSIT OK
JSIO OK
JSIL OK
JSIZ OK
JSOI OK
JSOT OK
JSOZ OK
JSOL OK
JSTI OK
JSTO OK
JSTZ OK
JSTL OK
JSZI OK
JSZT OK
JSZL OK
JSZO OK
JSLI OK
JSLO OK
JSLT OK
JSLZ OK
JZIO OK
JZIT OK
JZIL OK
JZIS OK
JZOI OK
JZOT OK
JZOL OK
JZTI OK
JZTO OK
JZTS OK
JZTL OK
JOZS TIMEOUT
JZSI OK
JZST OK
JZSL OK
JZLI OK
JZLO OK
JZLT OK
JZLS OK
JLIO OK
JLIT OK
JLIS OK
JLIZ OK
JLOI OK
JLOT OK
JLOS OK
JLOZ OK
JLTI OK
JLTO OK
JLTS OK
JLTZ OK
JLSI OK
JLSO OK
JLST OK
JZSO OK
JLSZ OK
JLZI OK
JLZO OK
JLZT OK
JLZS OK
LIOT OK
LIOZ OK
LIOS OK
LIOJ OK
LITO OK
LITS OK
LITZ OK
LITJ OK
LIST OK
LISO OK
LISJ OK
JZOS TIMEOUT
LISZ OK
LIZT OK
LIZJ OK
LIJO OK
LIJT OK
LIZO OK
LIJS OK
LIJZ OK
LOIT OK
LOIS OK
LOIZ OK
LOIJ OK
LOTS OK
LOTI OK
LOTJ OK
LOTZ OK
LOST OK
LOSI OK
LOSJ OK
LOSZ OK
LOZT OK
LIZS OK
LOZI OK
LOZJ OK
LOJI OK
LOJT OK
LOJS OK
LOJZ OK
LTIO OK
LTIS OK
LTIJ OK
LTIZ OK
LTOI OK
LTOS OK
LTOJ OK
LTOZ OK
LTSO OK
LTSI OK
LTSJ OK
LTZI OK
LTSZ OK
LTZO OK
LTZJ OK
LTZS OK
LTJI OK
LTJO OK
LTJS OK
LTJZ OK
LSIT OK
LSIO OK
LOZS OK
LSIJ OK
LSIZ OK
LSOT OK
LSOI OK
LSOJ OK
LSOZ OK
LSTI OK
LSTO OK
LSTJ OK
LSTZ OK
LSZT OK
LSZI OK
LSZJ OK
LSJI OK
LSJO OK
LSJT OK
LSJZ OK
LZIT OK
LZIO OK
LZIJ OK
LZIS OK
LZOT OK
LZOI OK
LZOJ OK
LZTI OK
LZTO OK
LZTS OK
LSZO OK
LZTJ OK
LZOS OK
LZST OK
LZSI OK
LZSJ OK
LZJO OK
LZJI OK
LZJS OK
LZJT OK
LJIO OK
LJIT OK
LJIS OK
LJIZ OK
LZSO OK
LJOI OK
LJOT OK
LJOZ OK
LJOS OK
LJTI OK
LJTS OK
LJTO OK
LJTZ OK
LJSI OK
LJST OK
LJSO OK
LJSZ OK
LJZO OK
LJZI OK
LJZT OK
LJZS OK
