IOTJ OK
IOTS OK
IOTZ OK
IOTL OK
IOST OK
IOSJ OK
IOSL OK
IOZT OK
IOZJ OK
IOZS OK
IOZL OK
IOJT OK
IOSZ OK
IOJS OK
IOJL OK
IOJZ OK
IOLT OK
IOLJ OK
ITOS OK
IOLS OK
IOLZ OK
ITOZ OK
ITOJ OK
ITOL OK
ITSJ OK
ITSO OK
ITSZ OK
ITSL OK
ITZO OK
ITZS OK
ITZJ OK
ITJO OK
ITZL OK
ITJS OK
ITJZ OK
ITJL OK
ITLO OK
ITLS OK
ITLZ OK
ITLJ OK
ISOT OK
ISOJ OK
ISOL OK
ISTO OK
ISOZ OK
ISTJ OK
ISTL OK
ISTZ OK
ISZT OK
ISZJ OK
ISZO OK
ISJO OK
ISJT OK
ISZL OK
ISJL OK
ISJZ OK
ISLT OK
ISLJ OK
ISLO OK
IZOT OK
ISLZ OK
IZOJ OK
IZTO OK
IZTS OK
IZOS OK
IZTJ OK
IZTL OK
IZOL OK
IZST OK
IZSJ OK
IZJO OK
IZSO OK
IZJT OK
IZJL OK
IZJS OK
IZLT OK
IZSL OK
IZLJ OK
IZLO OK
IJOT OK
IJOS OK
IJOZ OK
IJOL OK
IJTO OK
IZLS OK
IJTS OK
IJTZ OK
IJTL OK
IJST OK
IJSL OK
IJSO OK
IJSZ OK
IJZT OK
IJZO OK
IJZL OK
IJZS OK
IJLO OK
IJLT OK
IJLS OK
IJLZ OK
ILOT OK
ILOJ OK
ILTO OK
ILTS OK
ILOS OK
ILTZ OK
ILOZ OK
ILTJ OK
ILST OK
ILSJ OK
ILSO OK
ILZT OK
ILSZ OK
ILZJ OK
ILZO OK
ILJO OK
ILJT OK
ILJS OK
ILJZ OK
OITS OK
OITZ OK
OITJ OK
OITL OK
OIST OK
OISJ OK
OISL OK
OIZT OK
OISZ OK
OIZJ OK
OIZS OK
OIJT OK
OIZL OK
OIJS OK
OIJL OK
OIJZ OK
OILT OK
ILZS OK
OILJ OK
OILS OK
OTIS OK
OTIZ OK
OILZ OK
OTIJ OK
OTIL OK
OTSI OK
OTSJ OK
OTSL OK
OTSZ OK
OTZI OK
OTZJ OK
OTZL OK
OTZS OK
OTJI OK
OTJS OK
OTJZ OK
OTJL OK
OTLI OK
OTLS OK
OTLZ OK
OTLJ OK
OSIT OK
OSIJ OK
OSIL OK
OSTI OK
OSTJ OK
OSTZ OK
OSTL OK
OSIZ OK
OSZT OK
OSZJ OK
OSJI OK
OSZL OK
OSJT OK
OSJZ OK
OSZI OK
OSJL OK
OSLT OK
OSLI OK
OSLJ OK
OZIT OK
OSLZ OK
OZIJ OK
OZTI OK
OZIS OK
OZIL OK
OZTJ OK
OZTL OK
OZTS OK
OZSJ OK
OZST OK
OZSI OK
OZSL OK
OZJT OK
OZJI OK
OZJL OK
OZJS OK
OZLT OK
OZLI OK
OZLJ OK
OJIT OK
OJIS OK
OJIL OK
OJIZ OK
OZLS OK
OJTI OK
OJTS OK
OJTZ OK
OJTL OK
OJSI OK
OJST OK
OJSZ OK
OJSL OK
OJZI OK
OJZT OK
OJZL OK
OJLI OK
OJLT OK
OJLS OK
OJLZ OK
OLIT OK
OLIS OK
OLIZ OK
OLIJ OK
OLTI OK
OLTS OK
OLTZ OK
OLTJ OK
OLST OK
OLSI OK
OLSJ OK
OLSZ OK
OLZT OK
OLZI OK
OLZJ OK
OLJI OK
OLJT OK
OLJS OK
OLJZ OK
TIOS OK
TIOZ OK
TIOJ OK
TIOL OK
TISO OK
TISZ OK
TISJ OK
TISL OK
TIZO OK
TIZS OK
TIZJ OK
TIZL OK
TIJO OK
TIJS OK
TIJZ OK
TIJL OK
TILO OK
TILS OK
TILZ OK
TILJ OK
TOIS OK
TOIZ OK
TOIJ OK
TOIL OK
TOSI OK
OJZS CAP
TOSZ OK
TOSJ OK
TOSL OK
TOZI OK
TOZJ OK
TOZS OK
TOZL OK
TOJI OK
TOJS OK
TOJL OK
TOJZ OK
TOLI OK
TOLS OK
TOLZ OK
TOLJ OK
TSIO OK
TSIZ OK
TSIJ OK
TSIL OK
TSOI OK
TSOJ OK
OLZS CAP
TSOZ OK
TSOL OK
TSZI OK
TSZJ OK
TSZL OK
TSJI OK
TSJO OK
TSJZ OK
TSZO OK
TSJL OK
TSLI OK
TSLO OK
TSLJ OK
TZIO OK
TSLZ OK
TZIS OK
TZIJ OK
TZIL OK
TZOI OK
TZOJ OK
TZOL OK
TZSI OK
TZOS OK
TZSJ OK
TZSL OK
TZJI OK
TZSO OK
TZJO OK
TZJL OK
TZLI OK
TZJS OK
TZLO OK
TZLJ OK
TZLS OK
TJIO OK
TJIS OK
TJIZ OK
TJIL OK
TJOI OK
TJOS OK
TJOL OK
TJOZ OK
TJSI OK
TJSO OK
TJSZ OK
TJSL OK
TJZI OK
TJZO OK
TJZL OK
TJLI OK
TJLO OK
TJZS OK
TJLS OK
TJLZ OK
TLIO OK
TLIS OK
TLIZ OK
TLIJ OK
TLOI OK
TLOS OK
TLOJ OK
TLOZ OK
TLSI OK
TLSO OK
TLSJ OK
TLZI OK
TLSZ OK
TLZO OK
TLZJ OK
TLJI OK
TLJS OK
TLJO OK
TLZS OK
TLJZ OK
SIOT OK
SIOJ OK
SIOL OK
SIOZ OK
SITO OK
SITJ OK
SITZ OK
SITL OK
SIZT OK
SIZJ OK
SIZO OK
SIJO OK
SIJT OK
SIZL OK
SIJL OK
SIJZ OK
SILT OK
SILJ OK
SILO OK
SOIT OK
SOIJ OK
SILZ OK
SOIZ OK
SOTI OK
SOIL OK
SOTJ OK
SOTZ OK
SOTL OK
SOZJ OK
SOZT OK
SOZI OK
SOZL OK
SOJI OK
SOJT OK
SOJL OK
SOJZ OK
SOLI OK
SOLT OK
SOLZ OK
SOLJ OK
STIO OK
STIZ OK
STIJ OK
STIL OK
STOI OK
STOJ OK
STOL OK
STZI OK
STOZ OK
STZJ OK
STZL OK
STJI OK
STZO OK
STJO OK
STJZ OK
STJL OK
STLI OK
STLO OK
STLJ OK
STLZ OK
SZIO OK
SZIT OK
SZIJ OK
SZIL OK
SZOI OK
SZOT OK
SZOJ OK
SZTI OK
SZOL OK
SZTO OK
SZTJ OK
SZTL OK
SZJI OK
SZJT OK
SZJL OK
SZLI OK
SZLT OK
SZJO OK
SZLJ OK
SJIT OK
SZLO OK
SJIO OK
SJIL OK
SJIZ OK
SJOI OK
SJOT OK
SJOL OK
SJOZ OK
SJTO OK
SJTI OK
SJTZ OK
SJTL OK
SJZI OK
SJZL OK
SJZT OK
SJLI OK
SJLO OK
SJLT OK
SJLZ OK
SJZO OK
SLIT OK
SLIJ OK
SLIO OK
SLOI OK
SLOT OK
SLIZ OK
SLOJ OK
SLOZ OK
SLTI OK
SLTO OK
SLTJ OK
SLTZ OK
SLZT OK
SLZI OK
SLZJ OK
SLJI OK
SLJO OK
SLJT OK
SLJZ OK
ZIOT OK
ZIOJ OK
ZIOS OK
ZITO OK
ZIOL OK
ZITJ OK
ZITS OK
ZITL OK
ZISO OK
ZIST OK
ZISJ OK
ZISL OK
ZIJO OK
ZIJT OK
ZIJL OK
ZIJS OK
ZILT OK
SLZO OK
ZILJ OK
ZILO OK
ZOIT OK
ZOIJ OK
ZOIS OK
ZILS OK
ZOTI OK
ZOIL OK
ZOTJ OK
ZOTS OK
ZOTL OK
ZOSI OK
ZOSJ OK
ZOST OK
ZOSL OK
ZOJI OK
ZOJT OK
ZOJL OK
ZOJS OK
ZOLT OK
ZOLJ OK
ZOLI OK
ZTIO OK
ZTIS OK
ZTIJ OK
ZTIL OK
ZTOI OK
ZOLS OK
ZTOJ OK
ZTOL OK
ZTSI OK
ZTOS OK
ZTSJ OK
ZTSL OK
ZTSO OK
ZTJI OK
ZTJO OK
ZTJL OK
ZTJS OK
ZTLI OK
ZTLO OK
ZTLJ OK
ZTLS OK
ZSIO OK
ZSIT OK
ZSIJ OK
ZSIL OK
ZSOI OK
ZSOT OK
ZSOJ OK
ZSTI OK
ZSOL OK
ZSTO OK
ZSTJ OK
ZSTL OK
ZSJI OK
ZSJT OK
ZSJL OK
ZSLI OK
ZSLT OK
ZSJO OK
ZSLJ OK
ZJIT OK
ZJIO OK
ZSLO OK
ZJIL OK
ZJIS OK
ZJOI OK
ZJOT OK
ZJTI OK
ZJOL OK
ZJOS OK
ZJTO OK
ZJTL OK
ZJTS OK
ZJSI OK
ZJSL OK
ZJST OK
ZJLI OK
ZJLO OK
ZJLT OK
ZJLS OK
ZJSO OK
ZLIT OK
ZLIJ OK
ZLIO OK
ZLOT OK
ZLOI OK
ZLIS OK
ZLOJ OK
ZLTI OK
ZLTO OK
ZLTS OK
ZLTJ OK
ZLSI OK
ZLST OK
ZLOS OK
ZLSJ OK
ZLJI OK
ZLJO OK
ZLJT OK
ZLJS OK
JIOT OK
ZLSO OK
JIOS OK
JIOL OK
JITO OK
JITS OK
JIOZ OK
JITZ OK
JITL OK
JIST OK
JISO OK
JISL OK
JISZ OK
JIZT OK
JIZO OK
JIZL OK
JIZS OK
JILO OK
JILT OK
JILS OK
JILZ OK
JOIT OK
JOIS OK
JOIZ OK
JOIL OK
JOTI OK
JOTS OK
JOTZ OK
JOTL OK
JOSI OK
JOST OK
JOSZ OK
JOSL OK
JOZI OK
JOZT OK
JOZL OK
JOLI OK
JOLT OK
JOLS OK
JOLZ OK
JTIO OK
JTIS OK
JTIZ OK
JTIL OK
JTOI OK
JTOS OK
JTOZ OK
JTOL OK
JTSI OK
JTSO OK
JTSZ OK
JTZI OK
JTSL OK
JTZO OK
JTZL OK
JTZS OK
JTLI OK
JTLO OK
JTLS OK
JTLZ OK
JSIT OK
JSIO OK
JSIL OK
JSIZ OK
JSOI OK
JSOT OK
JSOZ OK
JSOL OK
JSTI OK
JSTO OK
JSTZ OK
JSTL OK
JSZI OK
JSZT OK
JSZL OK
JSLI OK
JSLO OK
JSLT OK
JSZO OK
JSLZ OK
JZIO OK
JZIT OK
JZIL OK
JZIS OK
JZOI OK
JZOT OK
JZOL OK
JZTI OK
JZTO OK
JZTS OK
JZTL OK
JZSI OK
JOZS CAP
JZST OK
JZSL OK
JZLI OK
JZLO OK
JZLT OK
JZOS OK
JZLS OK
JLIO OK
JLIT OK
JLIS OK
JLIZ OK
JLOI OK
JLOT OK
JLOS OK
JLOZ OK
JLTI OK
JLTO OK
JLTZ OK
JLTS OK
JLSI OK
JLSO OK
JLST OK
JLSZ OK
JLZI OK
JZSO OK
JLZT OK
JLZO OK
JLZS OK
LIOT OK
LIOJ OK
LITO OK
LITS OK
LIOS OK
LITZ OK
LITJ OK
LIOZ OK
LIST OK
LISJ OK
LISO OK
LISZ OK
LIZT OK
LIZJ OK
LIZO OK
LIJO OK
LIJT OK
LIJS OK
LIJZ OK
LOIT OK
LOIS OK
LOIJ OK
LOIZ OK
LOTI OK
LOTS OK
LOTJ OK
LOTZ OK
LOST OK
LOSI OK
LOSJ OK
LOSZ OK
LOZT OK
LOZI OK
LIZS OK
LOJI OK
LOZJ OK
LOJT OK
LOJS OK
LOJZ OK
LTIO OK
LTIS OK
LTIZ OK
LTIJ OK
LTOI OK
LTOS OK
LTOZ OK
LTOJ OK
LTSI OK
LTSO OK
LTSJ OK
LTSZ OK
LTZI OK
LTZO OK
LTZJ OK
LTZS OK
LTJI OK
LTJO OK
LTJS OK
LTJZ OK
LSIT OK
LSIO OK
LSIJ OK
LSIZ OK
LSOT OK
LSOI OK
LSOJ OK
LSTI OK
LSOZ OK
LSTO OK
LSTJ OK
LSTZ OK
LSZI OK
LSZT OK
LSZJ OK
LSJI OK
LSJO OK
LSJT OK
LSJZ OK
LZIO OK
LZIT OK
LOZS CAP
LZIJ OK
LSZO OK
LZIS OK
LZOI OK
LZOT OK
LZOJ OK
LZTI OK
LZTO OK
LZTS OK
LZTJ OK
LZSI OK
LZOS OK
LZST OK
LZSJ OK
LZJI OK
LZJO OK
LZJT OK
LZJS OK
LJIO OK
LJIT OK
LZSO OK
LJIS OK
LJIZ OK
LJOI OK
LJOT OK
LJTI OK
LJOS OK
LJOZ OK
LJTO OK
LJTS OK
LJTZ OK
LJSI OK
LJST OK
LJSO OK
LJZI OK
LJSZ OK
LJZO OK
LJZT OK
LJZS OK
