IOTJ OK
IOTS OK
IOTZ OK
IOTL OK
IOST OK
IOSJ OK
IOSL OK
IOZT OK
IOZJ OK
IOZS OK
IOJT OK
IOZL OK
IOSZ OK
IOJS OK
IOJZ OK
IOJL OK
IOLT OK
IOLJ OK
ITOS OK
IOLS OK
IOLZ OK
ITOZ OK
ITOJ OK
ITOL OK
ITSO OK
ITSJ OK
ITSZ OK
ITSL OK
ITZO OK
ITZS OK
ITZJ OK
ITZL OK
ITJO OK
ITJS OK
ITJZ OK
ITJL OK
ITLO OK
ITLS OK
ITLZ OK
ITLJ OK
ISOT OK
ISOJ OK
ISTO OK
ISOL OK
ISTJ OK
ISTZ OK
ISTL OK
ISZT OK
ISZJ OK
ISOZ OK
ISJO OK
ISZL OK
ISJT OK
ISJL OK
ISJZ OK
ISZO OK
ISLT OK
ISLJ OK
IZOT OK
ISLO OK
ISLZ OK
IZOJ OK
IZTO OK
IZOS OK
IZTS OK
IZOL OK
IZTJ OK
IZTL OK
IZST OK
IZSJ OK
IZJO OK
IZSO OK
IZJT OK
IZJS OK
IZJL OK
IZLT OK
IZSL OK
IZLJ OK
IJOT OK
IZLO OK
IJOS OK
IJOZ OK
IJOL OK
IJTO OK
IZLS OK
IJTS OK
IJTZ OK
IJTL OK
IJST OK
IJSO OK
IJSL OK
IJSZ OK
IJZT OK
IJZO OK
IJZL OK
IJZS OK
IJLO OK
IJLT OK
IJLS OK
IJLZ OK
ILOT OK
ILOJ OK
ILTO OK
ILTS OK
ILOS OK
ILOZ OK
ILTZ OK
ILTJ OK
ILST OK
ILSJ OK
ILSO OK
ILSZ OK
ILZT OK
ILZJ OK
ILZO OK
ILJO OK
ILJT OK
ILJZ OK
ILJS OK
OITS OK
OITZ OK
OITJ OK
OITL OK
OIST OK
OISJ OK
OISL OK
OIZT OK
OISZ OK
OIZJ OK
OIZS OK
OIJT OK
OIZL OK
OIJS OK
OIJL OK
OIJZ OK
ILZS OK
OILT OK
OILJ OK
OTIS OK
OILS OK
OILZ OK
OTIZ OK
OTIJ OK
OTIL OK
OTSI OK
OTSJ OK
OTSL OK
OTZI OK
OTSZ OK
OTZJ OK
OTZL OK
OTJI OK
OTJS OK
OTZS OK
OTJZ OK
OTJL OK
OTLI OK
OTLS OK
OTLJ OK
OTLZ OK
OSIT OK
OSIJ OK
OSIL OK
OSTI OK
OSTJ OK
OSTZ OK
OSTL OK
OSIZ OK
OSZJ OK
OSZT OK
OSZL OK
OSJI OK
OSJT OK
OSJZ OK
OSZI OK
OSJL OK
OSLI OK
OSLT OK
OSLZ OK
OSLJ OK
OZIT OK
OZIJ OK
OZTI OK
OZIS OK
OZIL OK
OZTJ OK
OZTL OK
OZTS OK
OZSJ OK
OZST OK
OZSI OK
OZSL OK
OZJI OK
OZJT OK
OZJL OK
OZJS OK
OZLT OK
OZLI OK
OZLJ OK
OJIT OK
OJIS OK
OJIL OK
OJIZ OK
OZLS OK
OJTI OK
OJTS OK
OJTZ OK
OJTL OK
OJSI OK
OJST OK
OJSZ OK
OJSL OK
OJZI OK
OJZT OK
OJZL OK
OJLI OK
OJLT OK
OJLS OK
OJLZ OK
OLIT OK
OLIS OK
OLIZ OK
OLIJ OK
OLTI OK
OLTS OK
OLTZ OK
OLTJ OK
OLSI OK
OLST OK
OLSJ OK
OLSZ OK
OLZT OK
OLZI OK
OLZJ OK
OLJI OK
OLJT OK
OLJS OK
OLJZ OK
TIOS OK
TIOZ OK
TIOJ OK
TIOL OK
TISO OK
TISZ OK
TISJ OK
TISL OK
OLZS OK
TIZO OK
TIZS OK
TIZJ OK
TIZL OK
TIJO OK
TIJS OK
TIJZ OK
TIJL OK
TILO OK
TILS OK
TILZ OK
TILJ OK
TOIS OK
TOIJ OK
TOIZ OK
TOIL OK
TOSI OK
TOSJ OK
TOSZ OK
TOSL OK
TOZI OK
TOZJ OK
TOZS OK
TOZL OK
TOJI OK
TOJS OK
TOJZ OK
TOJL OK
TOLI OK
TOLS OK
TOLZ OK
TOLJ OK
OJZS CAP
TSIO OK
TSIZ OK
TSIJ OK
TSIL OK
TSOI OK
TSOJ OK
TSOL OK
TSOZ OK
TSZI OK
TSZJ OK
TSZL OK
TSZO OK
TSJI OK
TSJO OK
TSJL OK
TSLI OK
TSJZ OK
TSLO OK
TSLJ OK
TSLZ OK
TZIO OK
TZIS OK
TZIJ OK
TZIL OK
TZOI OK
TZOJ OK
TZOL OK
TZSI OK
TZOS OK
TZSJ OK
TZJI OK
TZSL OK
TZSO OK
TZJL OK
TZJO OK
TZJS OK
TZLI OK
TZLO OK
TZLJ OK
TJIO OK
TZLS OK
TJIS OK
TJIZ OK
TJIL OK
TJOI OK
TJOS OK
TJOL OK
TJOZ OK
TJSI OK
TJSO OK
TJSL OK
TJZI OK
TJSZ OK
TJZO OK
TJZL OK
TJLI OK
TJLO OK
TJLS OK
TJZS OK
TJLZ OK
TLIO OK
TLIS OK
TLIZ OK
TLIJ OK
TLOI OK
TLOJ OK
TLOS OK
TLOZ OK
TLSI OK
TLSO OK
TLSJ OK
TLZI OK
TLSZ OK
TLZO OK
TLZJ OK
TLJI OK
TLJO OK
TLZS OK
TLJS OK
TLJZ OK
SIOT OK
SIOJ OK
SIOL OK
SITO OK
SITJ OK
SITZ OK
SITL OK
SIZT OK
SIOZ OK
SIZJ OK
SIJO OK
SIJT OK
SIZL OK
SIJL OK
SIZO OK
SIJZ OK
SILT OK
SILJ OK
SOIT OK
SILO OK
SILZ OK
SOIJ OK
SOTI OK
SOIL OK
SOTJ OK
SOTZ OK
SOTL OK
SOIZ OK
SOZT OK
SOZJ OK
SOJI OK
SOZL OK
SOJT OK
SOJZ OK
SOZI OK
SOJL OK
SOLI OK
SOLT OK
SOLZ OK
SOLJ OK
STIO OK
STIZ OK
STIJ OK
STIL OK
STOI OK
STOJ OK
STOL OK
STOZ OK
STZI OK
STZJ OK
STZL OK
STZO OK
STJI OK
STJO OK
STJL OK
STJZ OK
STLI OK
STLO OK
STLJ OK
STLZ OK
SZIO OK
SZIT OK
SZIJ OK
SZIL OK
SZOI OK
SZOJ OK
SZOL OK
SZOT OK
SZTI OK
SZTJ OK
SZTL OK
SZTO OK
SZJI OK
SZJL OK
SZJT OK
SZLI OK
SZJO OK
SZLT OK
SZLJ OK
SZLO OK
SJIO OK
SJIT OK
SJIL OK
SJIZ OK
SJOI OK
SJOT OK
SJOL OK
SJOZ OK
SJTI OK
SJTO OK
SJTZ OK
SJTL OK
SJZI OK
SJZT OK
SJZL OK
SJLI OK
SJLT OK
SJLO OK
SJLZ OK
SJZO OK
SLIT OK
SLIJ OK
SLIO OK
SLIZ OK
SLOI OK
SLOT OK
SLOJ OK
SLTI OK
SLOZ OK
SLTO OK
SLTJ OK
SLTZ OK
SLZT OK
SLZJ OK
SLZI OK
SLJI OK
SLJO OK
SLJT OK
SLJZ OK
ZIOT OK
ZIOJ OK
ZIOS OK
ZITO OK
ZIOL OK
ZITS OK
ZITJ OK
ZITL OK
ZISO OK
ZIST OK
ZISJ OK
ZISL OK
ZIJO OK
ZIJT OK
ZIJL OK
ZIJS OK
SLZO OK
ZILT OK
ZILJ OK
ZILO OK
ZOIT OK
ZOIJ OK
ZILS OK
ZOIS OK
ZOTI OK
ZOIL OK
ZOTJ OK
ZOTL OK
ZOTS OK
ZOSJ OK
ZOSI OK
ZOST OK
ZOSL OK
ZOJI OK
ZOJT OK
ZOJS OK
ZOJL OK
ZOLT OK
ZOLI OK
ZOLJ OK
ZTIO OK
ZTIS OK
ZTIJ OK
ZTIL OK
ZOLS OK
ZTOI OK
ZTOJ OK
ZTOL OK
ZTOS OK
ZTSI OK
ZTSJ OK
ZTSL OK
ZTSO OK
ZTJI OK
ZTJO OK
ZTJL OK
ZTLI OK
ZTJS OK
ZTLO OK
ZTLJ OK
ZTLS OK
ZSIO OK
ZSIT OK
ZSIJ OK
ZSIL OK
ZSOI OK
ZSOT OK
ZSOJ OK
ZSTI OK
ZSOL OK
ZSTO OK
ZSTJ OK
ZSTL OK
ZSJI OK
ZSJL OK
ZSJT OK
ZSLI OK
ZSLT OK
ZSJO OK
ZSLJ OK
ZSLO OK
ZJIO OK
ZJIT OK
ZJIL OK
ZJOI OK
ZJIS OK
ZJOT OK
ZJOL OK
ZJTI OK
ZJOS OK
ZJTO OK
ZJTL OK
ZJTS OK
ZJSI OK
ZJSL OK
ZJST OK
ZJLI OK
ZJLO OK
ZJLT OK
ZJLS OK
ZJSO OK
ZLIT OK
ZLIJ OK
ZLIO OK
ZLOT OK
ZLOI OK
ZLIS OK
ZLOJ OK
ZLTI OK
ZLTO OK
ZLTS OK
ZLTJ OK
ZLSI OK
ZLOS OK
ZLSJ OK
ZLST OK
ZLJI OK
ZLJO OK
ZLJT OK
ZLJS OK
ZLSO OK
JIOT OK
JIOS OK
JIOL OK
JIOZ OK
JITO OK
JITS OK
JITZ OK
JITL OK
JIST OK
JISL OK
JISO OK
JISZ OK
JIZT OK
JIZO OK
JIZL OK
JILO OK
JIZS OK
JILT OK
JILS OK
JILZ OK
JOIT OK
JOIL OK
JOIS OK
JOIZ OK
JOTI OK
JOTS OK
JOTZ OK
JOTL OK
JOSI OK
JOST OK
JOSZ OK
JOSL OK
JOZI OK
JOZT OK
JOZL OK
JOLI OK
JOLT OK
JOLS OK
JOLZ OK
JTIO OK
JTIS OK
JTIZ OK
JTIL OK
JTOI OK
JTOS OK
JTOZ OK
JTOL OK
JTSI OK
JTSO OK
JTSL OK
JTSZ OK
JTZI OK
JTZO OK
JTZL OK
JTZS OK
JTLI OK
JTLO OK
JTLS OK
JTLZ OK
JSIT OK
JSIO OK
JSIL OK
JSIZ OK
JSOI OK
JSOT OK
JSOZ OK
JSOL OK
JSTI OK
JSTO OK
JSTZ OK
JSTL OK
JSZI OK
JSZT OK
JSZL OK
JSLI OK
JSLO OK
JSZO OK
JSLT OK
JSLZ OK
JZIT OK
JZIO OK
JZIL OK
JZIS OK
JZOI OK
JZOT OK
JZOL OK
JZTI OK
JZTO OK
JZTS OK
JZTL OK
JZSI OK
JOZS CAP
JZST OK
JZSL OK
JZLI OK
JZLO OK
JZOS OK
JZLT OK
JZLS OK
JLIO OK
JLIT OK
JLIS OK
JLIZ OK
JLOI OK
JLOT OK
JLOS OK
JLOZ OK
JLTI OK
JLTO OK
JLTS OK
JLTZ OK
JLSI OK
JLSO OK
JLST OK
JLZI OK
JZSO OK
JLSZ OK
JLZT OK
JLZO OK
JLZS OK
LIOT OK
LIOJ OK
LITO OK
LITS OK
LIOS OK
LITZ OK
LIOZ OK
LITJ OK
LIST OK
LISJ OK
LISO OK
LISZ OK
LIZT OK
LIZJ OK
LIZO OK
LIJO OK
LIJT OK
LIJS OK
LIJZ OK
LOIT OK
LOIS OK
LOIJ OK
LOIZ OK
LOTI OK
LOTS OK
LOTZ OK
LOTJ OK
LOST OK
LOSI OK
LOSJ OK
LOSZ OK
LOZT OK
LIZS OK
LOZI OK
LOZJ OK
LOJI OK
LOJT OK
LOJS OK
LOJZ OK
LTIO OK
LTIS OK
LTIZ OK
LTIJ OK
LTOI OK
LTOS OK
LTOZ OK
LTOJ OK
LTSI OK
LTSO OK
LTSJ OK
LTSZ OK
LTZI OK
LTZO OK
LTZJ OK
LTZS OK
LTJI OK
LTJO OK
LTJS OK
LTJZ OK
LSIT OK
LSIO OK
LSIJ OK
LOZS OK
LSIZ OK
LSOI OK
LSOT OK
LSOZ OK
LSTI OK
LSOJ OK
LSTO OK
LSTJ OK
LSTZ OK
LSZT OK
LSZJ OK
LSZI OK
LSJI OK
LSJO OK
LSJT OK
LSJZ OK
LZIT OK
LZIO OK
LZIJ OK
LZIS OK
LZOT OK
LZOI OK
LZOJ OK
LZTI OK
LZTO OK
LZTS OK
LZTJ OK
LSZO OK
LZOS OK
LZST OK
LZSI OK
LZSJ OK
LZJI OK
LZJO OK
LZJT OK
LZJS OK
LJIO OK
LJIT OK
LJIS OK
LJIZ OK
LJOI OK
LJOT OK
LJOS OK
LJOZ OK
LZSO OK
LJTI OK
LJTS OK
LJTO OK
LJTZ OK
LJSI OK
LJSO OK
LJST OK
LJZI OK
LJSZ OK
LJZO OK
LJZT OK
LJZS OK
