IOTJ OK
IOTZ OK
IOTS OK
IOTL OK
IOST OK
IOSZ OK
IOSJ OK
IOSL OK
IOZT OK
IOZJ OK
IOZL OK
IOJT OK
IOJS OK
IOJZ OK
IOJL OK
IOLT OK
IOLS OK
IOZS OK
IOLJ OK
IOLZ OK
ITOS OK
ITOZ OK
ITOJ OK
ITOL OK
ITSO OK
ITSJ OK
ITSL OK
ITSZ OK
ITZO OK
ITZJ OK
ITZL OK
ITZS OK
ITJO OK
ITJS OK
ITJZ OK
ITJL OK
ITLO OK
ITLS OK
ITLZ OK
ITLJ OK
ISOT OK
ISOZ OK
ISOJ OK
ISOL OK
ISTO OK
ISTJ OK
ISTL OK
ISTZ OK
ISZT OK
ISZJ OK
ISZL OK
ISJO OK
ISJT OK
ISJL OK
ISJZ OK
ISLO OK
ISLT OK
ISZO OK
ISLJ OK
IZOT OK
ISLZ OK
IZOJ OK
IZOL OK
IZTO OK
IZOS OK
IZTJ OK
IZTL OK
IZTS OK
IZST OK
IZSJ OK
IZSO OK
IZJT OK
IZJO OK
IZJL OK
IZSL OK
IZJS OK
IZLT OK
IZLJ OK
IZLO OK
IJOT OK
IJOS OK
IJOZ OK
IJOL OK
IZLS OK
IJTO OK
IJTS OK
IJTZ OK
IJTL OK
IJSO OK
IJST OK
IJSL OK
IJSZ OK
IJZT OK
IJZO OK
IJZL OK
IJZS OK
IJLO OK
IJLT OK
IJLS OK
IJLZ OK
ILOT OK
ILOS OK
ILOZ OK
ILOJ OK
ILTO OK
ILTS OK
ILTZ OK
ILTJ OK
ILST OK
ILSJ OK
ILSO OK
ILZT OK
ILSZ OK
ILZO OK
ILZJ OK
ILJO OK
ILJT OK
ILJS OK
ILJZ OK
OITS OK
OITZ OK
OITJ OK
OITL OK
OIST OK
ILZS OK
OISZ OK
OISJ OK
OISL OK
OIZT OK
OIZL OK
OIZJ OK
OIJT OK
OIJS OK
OIJL OK
OIJZ OK
OIZS OK
OILT OK
OILS OK
OILZ OK
OILJ OK
OTIS OK
OTIJ OK
OTIZ OK
OTIL OK
OTSI OK
OTSJ OK
OTSL OK
OTZI OK
OTSZ OK
OTZJ OK
OTZL OK
OTJI OK
OTZS OK
OTJL OK
OTJS OK
OTJZ OK
OTLI OK
OTLJ OK
OTLZ OK
OTLS OK
OSIT OK
OSIZ OK
OSIJ OK
OSIL OK
OSTI OK
OSTZ OK
OSTJ OK
OSTL OK
OSZI OK
OSZT OK
OSZJ OK
OSZL OK
OSJI OK
OSJT OK
OSJZ OK
OSJL OK
OSLI OK
OSLT OK
OSLJ OK
OSLZ OK
OZIT OK
OZIS OK
OZIJ OK
OZIL OK
OZTI OK
OZTJ OK
OZTS OK
OZSI OK
OZTL OK
OZST OK
OZSJ OK
OZSL OK
OZJT OK
OZJI OK
OZJL OK
OZLI OK
OZLT OK
OZJS OK
OZLJ OK
OJIT OK
OJIS OK
OJIZ OK
OJIL OK
OJTI OK
OZLS OK
OJTS OK
OJTL OK
OJTZ OK
OJSI OK
OJST OK
OJSZ OK
OJSL OK
OJZI OK
OJZT OK
OJLI OK
OJZL OK
OJLT OK
OJLS OK
OJLZ OK
OLIT OK
OLIS OK
OLIZ OK
OLIJ OK
OLTI OK
OLTS OK
OLTZ OK
OLTJ OK
OLSI OK
OLST OK
OLSZ OK
OLSJ OK
OLZI OK
OLZT OK
OJZS OK
OLZJ OK
OLJI OK
OLJT OK
OLJS OK
OLJZ OK
TIOS OK
TIOZ OK
TIOJ OK
TIOL OK
TISO OK
TISZ OK
OLZS OK
TISJ OK
TISL OK
TIZO OK
TIZS OK
TIZJ OK
TIZL OK
TIJO OK
TIJS OK
TIJZ OK
TIJL OK
TILO OK
TILS OK
TILZ OK
TILJ OK
TOIS OK
TOIJ OK
TOIZ OK
TOIL OK
TOSI OK
TOSZ OK
TOSJ OK
TOSL OK
TOZI OK
TOZJ OK
TOZL OK
TOJI OK
TOZS OK
TOJS OK
TOJZ OK
TOJL OK
TOLI OK
TOLJ OK
TOLS OK
TOLZ OK
TSIO OK
TSIZ OK
TSIJ OK
TSIL OK
TSOI OK
TSOZ OK
TSOJ OK
TSOL OK
TSZI OK
TSZO OK
TSZJ OK
TSJI OK
TSZL OK
TSJL OK
TSJO OK
TSJZ OK
TSLO OK
TSLI OK
TSLJ OK
TZIO OK
TSLZ OK
TZIS OK
TZIJ OK
TZIL OK
TZOI OK
TZOJ OK
TZSI OK
TZOL OK
TZOS OK
TZSO OK
TZSL OK
TZSJ OK
TZJI OK
TZJL OK
TZJO OK
TZLI OK
TZLO OK
TZJS OK
TZLS OK
TZLJ OK
TJIO OK
TJIS OK
TJIZ OK
TJIL OK
TJOI OK
TJOZ OK
TJOS OK
TJOL OK
TJSI OK
TJSO OK
TJSZ OK
TJSL OK
TJZI OK
TJZO OK
TJZL OK
TJLI OK
TJLO OK
TJLS OK
TJLZ OK
TJZS OK
TLIO OK
TLIS OK
TLIZ OK
TLIJ OK
TLOI OK
TLOS OK
TLOJ OK
TLOZ OK
TLSI OK
TLSO OK
TLSJ OK
TLZI OK
TLSZ OK
TLZO OK
TLZJ OK
TLJI OK
TLJO OK
TLJS OK
TLJZ OK
SIOT OK
TLZS OK
SIOZ OK
SIOJ OK
SITO OK
SIOL OK
SITJ OK
SITZ OK
SITL OK
SIZT OK
SIZO OK
SIZJ OK
SIZL OK
SIJT OK
SIJO OK
SIJL OK
SIJZ OK
SILT OK
SILO OK
SILJ OK
SOIT OK
SILZ OK
SOIZ OK
SOIJ OK
SOIL OK
SOTI OK
SOTZ OK
SOTJ OK
SOTL OK
SOZI OK
SOZT OK
SOZJ OK
SOZL OK
SOJI OK
SOJT OK
SOJZ OK
SOJL OK
SOLI OK
SOLT OK
SOLJ OK
SOLZ OK
STIO OK
STIJ OK
STIZ OK
STIL OK
STOI OK
STOJ OK
STOL OK
STZI OK
STOZ OK
STZJ OK
STZO OK
STJI OK
STJO OK
STJZ OK
STZL OK
STJL OK
STLI OK
STLO OK
STLJ OK
SZIO OK
SZIT OK
SZIJ OK
SZIL OK
STLZ OK
SZOI OK
SZOJ OK
SZOL OK
SZOT OK
SZTI OK
SZTJ OK
SZTO OK
SZTL OK
SZJI OK
SZJL OK
SZJT OK
SZLI OK
SZJO OK
SZLJ OK
SZLT OK
SJIO OK
SZLO OK
SJIT OK
SJIL OK
SJIZ OK
SJOI OK
SJOT OK
SJOL OK
SJOZ OK
SJTI OK
SJTZ OK
SJTO OK
SJTL OK
SJZI OK
SJZL OK
SJZT OK
SJLI OK
SJLO OK
SJLT OK
SJLZ OK
SJZO OK
SLIT OK
SLIO OK
SLIJ OK
SLIZ OK
SLOI OK
SLOT OK
SLOZ OK
SLOJ OK
SLTI OK
SLTO OK
SLTJ OK
SLZI OK
SLTZ OK
SLZJ OK
SLZT OK
SLJI OK
SLJT OK
SLJO OK
ZIOT OK
SLZO OK
SLJZ OK
ZIOJ OK
ZIOL OK
ZITO OK
ZIOS OK
ZITS OK
ZITJ OK
ZITL OK
ZIST OK
ZISO OK
ZISJ OK
ZISL OK
ZIJT OK
ZIJO OK
ZIJL OK
ZIJS OK
ZILO OK
ZILT OK
ZILJ OK
ZILS OK
ZOIT OK
ZOIS OK
ZOIJ OK
ZOIL OK
ZOTI OK
ZOTJ OK
ZOTS OK
ZOSI OK
ZOTL OK
ZOSJ OK
ZOST OK
ZOSL OK
ZOJI OK
ZOJT OK
ZOJL OK
ZOLI OK
ZOLT OK
ZOJS OK
ZOLJ OK
ZTIO OK
ZTIS OK
ZTIJ OK
ZOLS OK
ZTIL OK
ZTOI OK
ZTOJ OK
ZTOL OK
ZTOS OK
ZTSI OK
ZTSJ OK
ZTSO OK
ZTJI OK
ZTSL OK
ZTJO OK
ZTJL OK
ZTLI OK
ZTJS OK
ZTLO OK
ZTLS OK
ZTLJ OK
ZSIT OK
ZSIO OK
ZSIJ OK
ZSIL OK
ZSOI OK
ZSOJ OK
ZSOT OK
ZSOL OK
ZSTI OK
ZSTJ OK
ZSTO OK
ZSTL OK
ZSJI OK
ZSJL OK
ZSJT OK
ZSLI OK
ZSJO OK
ZSLJ OK
ZSLT OK
ZSLO OK
ZJIO OK
ZJIT OK
ZJIL OK
ZJIS OK
ZJOT OK
ZJOI OK
ZJOL OK
ZJTI OK
ZJTO OK
ZJTS OK
ZJTL OK
ZJSI OK
ZJOS OK
ZJSL OK
ZJST OK
ZJLI OK
ZJLO OK
ZJSO OK
ZJLT OK
ZJLS OK
ZLIT OK
ZLIO OK
ZLIJ OK
ZLIS OK
ZLOT OK
ZLOI OK
ZLOJ OK
ZLTI OK
ZLTO OK
ZLTS OK
ZLTJ OK
ZLSI OK
ZLOS OK
ZLSJ OK
ZLJI OK
ZLST OK
ZLJO OK
ZLJT OK
ZLJS OK
ZLSO OK
JIOT OK
JIOS OK
JIOZ OK
JIOL OK
JITO OK
JITS OK
JITZ OK
JITL OK
JISO OK
JIST OK
JISL OK
JISZ OK
JIZO OK
JIZT OK
JIZL OK
JILO OK
JILT OK
JIZS OK
JILS OK
JILZ OK
JOIT OK
JOIS OK
JOIZ OK
JOIL OK
JOTI OK
JOTS OK
JOTL OK
JOTZ OK
JOSI OK
JOST OK
JOSZ OK
JOSL OK
JOZI OK
JOZT OK
JOZL OK
JOLI OK
JOLT OK
JOLS OK
JOLZ OK
JTIO OK
JTIS OK
JTIZ OK
JTIL OK
JTOI OK
JTOS OK
JTOZ OK
JTOL OK
JTSI OK
JOZS OK
JTSO OK
JTSZ OK
JTSL OK
JTZI OK
JTZO OK
JTZL OK
JTLI OK
JTLO OK
JTLS OK
JTLZ OK
JTZS OK
JSIO OK
JSIT OK
JSIL OK
JSIZ OK
JSOI OK
JSOZ OK
JSOT OK
JSOL OK
JSTI OK
JSTO OK
JSTZ OK
JSTL OK
JSZI OK
JSZL OK
JSZT OK
JSLI OK
JSLO OK
JSLT OK
JSLZ OK
JZIO OK
JSZO OK
JZIT OK
JZIL OK
JZOI OK
JZIS OK
JZOT OK
JZTI OK
JZOL OK
JZTO OK
JZTL OK
JZTS OK
JZSI OK
JZST OK
JZSL OK
JZOS OK
JZLI OK
JZLO OK
JZLT OK
JZLS OK
JLIO OK
JLIT OK
JLIS OK
JLIZ OK
JLOI OK
JLOT OK
JZSO OK
JLOS OK
JLTI OK
JLOZ OK
JLTO OK
JLTS OK
JLTZ OK
JLSI OK
JLSO OK
JLST OK
JLSZ OK
JLZI OK
JLZT OK
JLZO OK
LIOT OK
LIOS OK
JLZS OK
LIOJ OK
LIOZ OK
LITO OK
LITS OK
LITZ OK
LITJ OK
LIST OK
LISJ OK
LISO OK
LIZT OK
LISZ OK
LIZO OK
LIZJ OK
LIJO OK
LIJT OK
LIJS OK
LIJZ OK
LOIT OK
LOIS OK
LOIJ OK
LOIZ OK
LOTI OK
LOTS OK
LOTJ OK
LOTZ OK
LOSI OK
LOST OK
LOSJ OK
LOSZ OK
LIZS OK
LOZI OK
LOZT OK
LOZJ OK
LOJI OK
LOJT OK
LOJS OK
LOJZ OK
LTIO OK
LTIS OK
LTIZ OK
LTOI OK
LTIJ OK
LOZS OK
LTOZ OK
LTOS OK
LTOJ OK
LTSI OK
LTSO OK
LTSJ OK
LTZI OK
LTZO OK
LTZJ OK
LTJI OK
LTZS OK
LTJO OK
LTJS OK
LTSZ OK
LTJZ OK
LSIT OK
LSIJ OK
LSIO OK
LSOI OK
LSIZ OK
LSOJ OK
LSOZ OK
LSOT OK
LSTI OK
LSTO OK
LSTJ OK
LSZI OK
LSTZ OK
LSZJ OK
LSJI OK
LSJO OK
LSZT OK
LSJT OK
LSJZ OK
LZIT OK
LZIO OK
LZIJ OK
LZOI OK
LZIS OK
LZOT OK
LZOJ OK
LZTI OK
LZTO OK
LZOS OK
LZTS OK
LZTJ OK
LZSI OK
LZSO OK
LZSJ OK
LZST OK
LZJI OK
LZJO OK
LZJT OK
LZJS OK
LJIO OK
LJIT OK
LJIS OK
LJIZ OK
LJOI OK
LJOT OK
LJOS OK
LJOZ OK
LJTI OK
LJTO OK
LJTS OK
LJTZ OK
LJSI OK
LJSO OK
LJST OK
LJZI OK
LJZO OK
LJZT OK
LJZS OK
LJSZ OK
LSZO CAP
