IOTJ OK
IOTS OK
IOTZ OK
IOTL OK
IOST OK
IOSZ OK
IOSJ OK
IOZT OK
IOSL OK
IOZJ OK
IOZL OK
IOJT OK
IOJS OK
IOZS OK
IOJZ OK
IOJL OK
IOLT OK
IOLS OK
IOLZ OK
IOLJ OK
ITOS OK
ITOZ OK
ITOJ OK
ITOL OK
ITSO OK
ITSJ OK
ITSZ OK
ITSL OK
ITZO OK
ITZJ OK
ITZL OK
ITJO OK
ITZS OK
ITJS OK
ITJZ OK
ITJL OK
ITLO OK
ITLZ OK
ITLS OK
ITLJ OK
ISOT OK
ISOZ OK
ISOJ OK
ISOL OK
ISTO OK
ISTZ OK
ISTJ OK
ISTL OK
ISZT OK
ISZJ OK
ISZL OK
ISJO OK
ISJT OK
ISJL OK
ISJZ OK
ISLT OK
ISLO OK
ISLJ OK
IZOT OK
ISLZ OK
IZOJ OK
IZOL OK
IZTO OK
IZOS OK
IZTJ OK
ISZO OK
IZTS OK
IZTL OK
IZST OK
IZSJ OK
IZSL OK
IZSO OK
IZJO OK
IZJT OK
IZJL OK
IZJS OK
IZLO OK
IZLT OK
IZLJ OK
IZLS OK
IJOT OK
IJOS OK
IJOZ OK
IJOL OK
IJTO OK
IJTS OK
IJTZ OK
IJTL OK
IJST OK
IJSO OK
IJSZ OK
IJSL OK
IJZT OK
IJZO OK
IJZL OK
IJZS OK
IJLO OK
IJLT OK
IJLS OK
IJLZ OK
ILOT OK
ILOS OK
ILOZ OK
ILOJ OK
ILTO OK
ILTS OK
ILTZ OK
ILTJ OK
ILST OK
ILSO OK
ILSZ OK
ILSJ OK
ILZO OK
ILZT OK
ILZJ OK
ILJO OK
ILJT OK
ILJS OK
ILJZ OK
OITS OK
OITZ OK
OITJ OK
OITL OK
OIST OK
OISZ OK
OISJ OK
OISL OK
OIZT OK
OIZS OK
ILZS OK
OIZJ OK
OIZL OK
OIJT OK
OIJS OK
OIJL OK
OIJZ OK
OILT OK
OILS OK
OILZ OK
OILJ OK
OTIS OK
OTIJ OK
OTIZ OK
OTIL OK
OTSI OK
OTSZ OK
OTSJ OK
OTSL OK
OTZI OK
OTZJ OK
OTZL OK
OTJI OK
OTZS OK
OTJL OK
OTJS OK
OTJZ OK
OTLI OK
OTLJ OK
OTLS OK
OTLZ OK
OSIT OK
OSIJ OK
OSIZ OK
OSIL OK
OSTI OK
OSTZ OK
OSTJ OK
OSTL OK
OSZI OK
OSZT OK
OSZJ OK
OSZL OK
OSJI OK
OSJT OK
OSJZ OK
OSJL OK
OSLI OK
OSLT OK
OSLJ OK
OSLZ OK
OZIT OK
OZIJ OK
OZIS OK
OZIL OK
OZTI OK
OZTJ OK
OZTS OK
OZTL OK
OZSI OK
OZSJ OK
OZST OK
OZSL OK
OZJI OK
OZJT OK
OZJS OK
OZJL OK
OZLI OK
OZLT OK
OZLJ OK
OJIT OK
OJIS OK
OJIZ OK
OJIL OK
OJTI OK
OJTS OK
OZLS OK
OJTZ OK
OJTL OK
OJSI OK
OJST OK
OJSZ OK
OJSL OK
OJZT OK
OJZI OK
OJZL OK
OJLI OK
OJLT OK
OJLS OK
OJLZ OK
OLIT OK
OLIS OK
OLIZ OK
OLIJ OK
OLTI OK
OLTS OK
OLTZ OK
OLTJ OK
OLSI OK
OLST OK
OLSZ OK
OLSJ OK
OLZT OK
OLZI OK
OLZJ OK
OLJI OK
OLJT OK
OLJS OK
OLJZ OK
TIOS OK
TIOZ OK
TIOJ OK
TIOL OK
TISO OK
TISZ OK
TISJ OK
TISL OK
TIZO OK
OLZS OK
TIZJ OK
TIZL OK
TIJO OK
TIZS OK
TIJS OK
TIJZ OK
TIJL OK
TILO OK
TILS OK
TILZ OK
TILJ OK
TOIS OK
TOIZ OK
TOIJ OK
TOIL OK
TOSI OK
TOSZ OK
TOSJ OK
TOSL OK
TOZI OK
TOZJ OK
TOZS OK
TOZL OK
TOJI OK
TOJS OK
TOJZ OK
TOJL OK
TOLI OK
TOLS OK
TOLJ OK
TOLZ OK
TSIO OK
TSIZ OK
TSIJ OK
TSIL OK
TSOI OK
OJZS CAP
TSOJ OK
TSOZ OK
TSOL OK
TSZI OK
TSZO OK
TSZJ OK
TSJI OK
TSZL OK
TSJO OK
TSJL OK
TSLI OK
TSLO OK
TSJZ OK
TSLJ OK
TZIO OK
TSLZ OK
TZIJ OK
TZIS OK
TZIL OK
TZOI OK
TZOJ OK
TZOL OK
TZOS OK
TZSI OK
TZSO OK
TZSL OK
TZJI OK
TZSJ OK
TZJL OK
TZJO OK
TZLI OK
TZJS OK
TZLO OK
TZLJ OK
TJIO OK
TZLS OK
TJIS OK
TJIZ OK
TJIL OK
TJOI OK
TJOS OK
TJOZ OK
TJOL OK
TJSI OK
TJSO OK
TJSL OK
TJSZ OK
TJZI OK
TJZO OK
TJZL OK
TJLO OK
TJLI OK
TJZS OK
TJLS OK
TJLZ OK
TLIO OK
TLIS OK
TLIZ OK
TLIJ OK
TLOI OK
TLOS OK
TLOJ OK
TLOZ OK
TLSI OK
TLSO OK
TLSJ OK
TLZI OK
TLSZ OK
TLZJ OK
TLZO OK
TLZS OK
TLJI OK
TLJO OK
TLJS OK
TLJZ OK
SIOT OK
SIOZ OK
SIOJ OK
SIOL OK
SITO OK
SITZ OK
SITJ OK
SITL OK
SIZT OK
SIZJ OK
SIZL OK
SIJO OK
SIJT OK
SIJL OK
SIJZ OK
SILT OK
SIZO OK
SILO OK
SILJ OK
SOIT OK
SILZ OK
SOIZ OK
SOIJ OK
SOIL OK
SOTI OK
SOTZ OK
SOTJ OK
SOTL OK
SOZI OK
SOZT OK
SOZJ OK
SOZL OK
SOJI OK
SOJT OK
SOJZ OK
SOJL OK
SOLI OK
SOLT OK
SOLZ OK
SOLJ OK
STIO OK
STIJ OK
STIL OK
STIZ OK
STOI OK
STOZ OK
STOJ OK
STOL OK
STZI OK
STZO OK
STZJ OK
STJI OK
STZL OK
STJO OK
STJL OK
STJZ OK
STLI OK
STLO OK
STLJ OK
STLZ OK
SZIT OK
SZIJ OK
SZIL OK
SZOT OK
SZOJ OK
SZIO OK
SZOL OK
SZTI OK
SZTO OK
SZTJ OK
SZTL OK
SZJI OK
SZJT OK
SZJO OK
SZJL OK
SZOI OK
SZLI OK
SZLO OK
SZLT OK
SZLJ OK
SJIO OK
SJIT OK
SJIZ OK
SJIL OK
SJOI OK
SJOT OK
SJOZ OK
SJOL OK
SJTI OK
SJTO OK
SJTL OK
SJTZ OK
SJZI OK
SJZT OK
SJLI OK
SJZL OK
SJLT OK
SJLO OK
SJZO OK
SJLZ OK
SLIO OK
SLIT OK
SLIJ OK
SLIZ OK
SLOI OK
SLOT OK
SLOJ OK
SLOZ OK
SLTO OK
SLTI OK
SLTJ OK
SLTZ OK
SLZI OK
SLZT OK
SLZJ OK
SLJI OK
SLJT OK
SLJO OK
ZIOT OK
SLJZ OK
ZIOJ OK
ZIOL OK
ZIOS OK
ZITO OK
ZITJ OK
ZITS OK
ZITL OK
ZIST OK
ZISO OK
ZISJ OK
ZISL OK
ZIJO OK
ZIJT OK
SLZO OK
ZIJL OK
ZIJS OK
ZILO OK
ZILT OK
ZILJ OK
ZILS OK
ZOIT OK
ZOIS OK
ZOIJ OK
ZOIL OK
ZOTI OK
ZOTJ OK
ZOTS OK
ZOTL OK
ZOSI OK
ZOSJ OK
ZOST OK
ZOSL OK
ZOJI OK
ZOJT OK
ZOJS OK
ZOJL OK
ZOLI OK
ZOLT OK
ZOLJ OK
ZTIO OK
ZTIJ OK
ZTIS OK
ZTIL OK
ZTOI OK
ZOLS OK
ZTOJ OK
ZTOL OK
ZTOS OK
ZTSI OK
ZTSO OK
ZTSJ OK
ZTSL OK
ZTJI OK
ZTJO OK
ZTJL OK
ZTJS OK
ZTLI OK
ZTLO OK
ZTLJ OK
ZTLS OK
ZSIT OK
ZSIJ OK
ZSIO OK
ZSIL OK
ZSOJ OK
ZSOT OK
ZSOI OK
ZSOL OK
ZSTI OK
ZSTO OK
ZSTJ OK
ZSTL OK
ZSJI OK
ZSJT OK
ZSJL OK
ZSJO OK
ZSLI OK
ZSLO OK
ZSLT OK
ZSLJ OK
ZJIO OK
ZJIT OK
ZJIS OK
ZJIL OK
ZJOI OK
ZJOS OK
ZJOT OK
ZJOL OK
ZJTI OK
ZJTO OK
ZJTL OK
ZJTS OK
ZJSI OK
ZJST OK
ZJSL OK
ZJLI OK
ZJLO OK
ZJLT OK
ZJLS OK
ZJSO OK
ZLIO OK
ZLIJ OK
ZLIT OK
ZLIS OK
ZLOT OK
ZLOI OK
ZLOJ OK
ZLTI OK
ZLTO OK
ZLTJ OK
ZLTS OK
ZLSI OK
ZLSO OK
ZLOS OK
ZLSJ OK
ZLST OK
ZLJI OK
ZLJO OK
ZLJT OK
ZLJS OK
JIOT OK
JIOL OK
JIOS OK
JIOZ OK
JITO OK
JITS OK
JITZ OK
JITL OK
JIST OK
JISO OK
JISZ OK
JISL OK
JIZT OK
JIZO OK
JIZL OK
JIZS OK
JILO OK
JILT OK
JILS OK
JILZ OK
JOIT OK
JOIS OK
JOIL OK
JOIZ OK
JOTI OK
JOTS OK
JOTZ OK
JOTL OK
JOSI OK
JOSZ OK
JOST OK
JOSL OK
JOZT OK
JOZI OK
JOZL OK
JOLI OK
JOLT OK
JOLS OK
JOLZ OK
JTIO OK
JTIS OK
JTIZ OK
JTIL OK
JTOI OK
JTOS OK
JTOZ OK
JTOL OK
JTSI OK
JTSO OK
JTSL OK
JTSZ OK
JTZI OK
JTZO OK
JTZL OK
JTZS OK
JTLI OK
JTLO OK
JTLS OK
JTLZ OK
JSIO OK
JSIT OK
JSIL OK
JSIZ OK
JSOI OK
JSOT OK
JSOZ OK
JSTI OK
JSOL OK
JSTO OK
JSTZ OK
JSTL OK
JSZI OK
JSZT OK
JSZL OK
JSLI OK
JSZO OK
JSLT OK
JSLO OK
JSLZ OK
JZIO OK
JZIT OK
JZIL OK
JZIS OK
JZOI OK
JZOT OK
JZOL OK
JZTI OK
JZTO OK
JZTS OK
JZTL OK
JZSI OK
JOZS CAP
JZST OK
JZSL OK
JZLI OK
JZLO OK
JZLT OK
JZOS OK
JZLS OK
JLIO OK
JLIT OK
JLIZ OK
JLIS OK
JLOT OK
JLOI OK
JLOZ OK
JLOS OK
JLTI OK
JLTO OK
JLTS OK
JLTZ OK
JLSI OK
JLSO OK
JLST OK
JLZI OK
JZSO OK
JLZO OK
JLZT OK
JLSZ OK
LIOT OK
JLZS OK
LIOS OK
LIOZ OK
LIOJ OK
LITO OK
LITS OK
LITZ OK
LITJ OK
LISO OK
LIST OK
LISZ OK
LISJ OK
LIZO OK
LIZT OK
LIZJ OK
LIJO OK
LIJT OK
LIJS OK
LIJZ OK
LOIT OK
LOIS OK
LOIZ OK
LOIJ OK
LOTI OK
LOTS OK
LOTZ OK
LOTJ OK
LOSI OK
LOST OK
LIZS OK
LOSJ OK
LOSZ OK
LOZT OK
LOZJ OK
LOZI OK
LOJI OK
LOJT OK
LOJS OK
LOJZ OK
LTIO OK
LTIZ OK
LTIS OK
LTIJ OK
LTOI OK
LTOS OK
LTOZ OK
LTOJ OK
LTSI OK
LTSO OK
LTSJ OK
LTSZ OK
LTZI OK
LTZO OK
LTZS OK
LTZJ OK
LTJI OK
LTJO OK
LTJS OK
LTJZ OK
LSIO OK
LSIT OK
LSIJ OK
LOZS OK
LSIZ OK
LSOI OK
LSOT OK
LSOJ OK
LSOZ OK
LSTI OK
LSTO OK
LSTJ OK
LSTZ OK
LSZI OK
LSZT OK
LSZJ OK
LSJI OK
LSJT OK
LSJO OK
LSJZ OK
LZIO OK
LZIT OK
LZIS OK
LZIJ OK
LZOI OK
LZOT OK
LZOJ OK
LZTI OK
LZTO OK
LZTS OK
LZTJ OK
LZOS OK
LZSI OK
LZSO OK
LZSJ OK
LZST OK
LZJI OK
LZJO OK
LZJT OK
LSZO OK
LZJS OK
LJIO OK
LJIT OK
LJIS OK
LJIZ OK
LJOI OK
LJOT OK
LJOS OK
LJTI OK
LJOZ OK
LJTS OK
LJTO OK
LJTZ OK
LJSI OK
LJST OK
LJSO OK
LJZI OK
LJZO OK
LJZT OK
LJSZ OK
LJZS OK
