IOTJ OK
IOTZ OK
IOTS OK
IOTL OK
IOST OK
IOSZ OK
IOSJ OK
IOSL OK
IOZT OK
IOZJ OK
IOZL OK
IOJT OK
IOJS OK
IOJL OK
IOJZ OK
IOZS OK
IOLT OK
IOLS OK
IOLZ OK
IOLJ OK
ITOS OK
ITOZ OK
ITOJ OK
ITOL OK
ITSO OK
ITSJ OK
ITSL OK
ITZO OK
ITZJ OK
ITSZ OK
ITZS OK
ITZL OK
ITJO OK
ITJS OK
ITJZ OK
ITJL OK
ITLO OK
ITLS OK
ITLZ OK
ITLJ OK
ISOT OK
ISOZ OK
ISOJ OK
ISOL OK
ISTO OK
ISTZ OK
ISTJ OK
ISTL OK
ISZT OK
ISZJ OK
ISZL OK
ISJO OK
ISJT OK
ISJL OK
ISJZ OK
ISLT OK
ISLO OK
ISLJ OK
ISLZ OK
IZOT OK
ISZO OK
IZOJ OK
IZOL OK
IZTO OK
IZOS OK
IZTJ OK
IZTL OK
IZTS OK
IZST OK
IZSO OK
IZSJ OK
IZJT OK
IZSL OK
IZJO OK
IZJL OK
IZJS OK
IZLT OK
IZLO OK
IZLJ OK
IJOT OK
IJOS OK
IJOL OK
IJOZ OK
IJTO OK
IJTS OK
IZLS OK
IJTZ OK
IJTL OK
IJSO OK
IJST OK
IJSL OK
IJSZ OK
IJZT OK
IJZO OK
IJZS OK
IJZL OK
IJLO OK
IJLT OK
IJLS OK
IJLZ OK
ILOT OK
ILOS OK
ILOZ OK
ILOJ OK
ILTO OK
ILTS OK
ILTZ OK
ILTJ OK
ILSO OK
ILSJ OK
ILST OK
ILSZ OK
ILZT OK
ILZJ OK
ILZO OK
ILJO OK
ILJT OK
ILJS OK
ILJZ OK
OITS OK
ILZS OK
OITZ OK
OITJ OK
OITL OK
OISZ OK
OIST OK
OISJ OK
OISL OK
OIZT OK
OIZJ OK
OIZL OK
OIZS OK
OIJT OK
OIJS OK
OIJZ OK
OIJL OK
OILT OK
OILS OK
OILZ OK
OILJ OK
OTIS OK
OTIZ OK
OTIJ OK
OTIL OK
OTSI OK
OTSJ OK
OTSL OK
OTSZ OK
OTZI OK
OTZJ OK
OTZL OK
OTZS OK
OTJI OK
OTJS OK
OTJL OK
OTJZ OK
OTLI OK
OTLJ OK
OTLS OK
OTLZ OK
OSIT OK
OSIZ OK
OSIJ OK
OSIL OK
OSTI OK
OSTZ OK
OSTJ OK
OSTL OK
OSZI OK
OSZT OK
OSZJ OK
OSZL OK
OSJI OK
OSJT OK
OSJZ OK
OSJL OK
OSLI OK
OSLJ OK
OSLT OK
OSLZ OK
OZIT OK
OZIJ OK
OZIS OK
OZIL OK
OZTI OK
OZTJ OK
OZTS OK
OZTL OK
OZSI OK
OZST OK
OZSJ OK
OZSL OK
OZJI OK
OZJT OK
OZJS OK
OZJL OK
OZLI OK
OZLT OK
OZLJ OK
OJIT OK
OJIS OK
OJIZ OK
OJIL OK
OJTI OK
OZLS OK
OJTS OK
OJTL OK
OJTZ OK
OJSI OK
OJST OK
OJSZ OK
OJSL OK
OJZT OK
OJZI OK
OJLI OK
OJZL OK
OJLT OK
OJLS OK
OJLZ OK
OLIT OK
OLIS OK
OLIZ OK
OLIJ OK
OLTI OK
OLTS OK
OLTZ OK
OLTJ OK
OLSI OK
OLST OK
OLSJ OK
OLSZ OK
OJZS OK
OLZT OK
OLZJ OK
OLJI OK
OLZI OK
OLJT OK
OLJS OK
OLJZ OK
TIOS OK
TIOZ OK
TIOJ OK
OLZS OK
TIOL OK
TISO OK
TISZ OK
TISJ OK
TISL OK
TIZO OK
TIZS OK
TIZJ OK
TIZL OK
TIJO OK
TIJS OK
TIJZ OK
TIJL OK
TILO OK
TILS OK
TILZ OK
TILJ OK
TOIS OK
TOIJ OK
TOIZ OK
TOIL OK
TOSI OK
TOSZ OK
TOSJ OK
TOSL OK
TOZI OK
TOZJ OK
TOZL OK
TOJI OK
TOZS OK
TOJL OK
TOJS OK
TOJZ OK
TOLI OK
TOLJ OK
TOLZ OK
TOLS OK
TSIO OK
TSIJ OK
TSIZ OK
TSIL OK
TSOI OK
TSOJ OK
TSOZ OK
TSOL OK
TSZI OK
TSZO OK
TSZJ OK
TSZL OK
TSJI OK
TSJO OK
TSJZ OK
TSJL OK
TSLI OK
TSLO OK
TSLJ OK
TSLZ OK
TZIO OK
TZIS OK
TZIJ OK
TZIL OK
TZOI OK
TZOJ OK
TZSI OK
TZOL OK
TZOS OK
TZSO OK
TZSL OK
TZSJ OK
TZJI OK
TZJL OK
TZJO OK
TZLI OK
TZLO OK
TZJS OK
TZLS OK
TZLJ OK
TJIO OK
TJIS OK
TJIZ OK
TJIL OK
TJOI OK
TJOS OK
TJOL OK
TJOZ OK
TJSI OK
TJSO OK
TJSZ OK
TJSL OK
TJZI OK
TJZL OK
TJZO OK
TJLI OK
TJLO OK
TJZS OK
TJLS OK
TJLZ OK
TLIO OK
TLIS OK
TLIZ OK
TLIJ OK
TLOI OK
TLOJ OK
TLOS OK
TLOZ OK
TLSI OK
TLSO OK
TLSJ OK
TLZI OK
TLSZ OK
TLZJ OK
TLZO OK
TLJI OK
TLJO OK
TLJS OK
TLJZ OK
TLZS OK
SIOT OK
SIOZ OK
SITO OK
SIOJ OK
SIOL OK
SITJ OK
SITL OK
SITZ OK
SIZT OK
SIZO OK
SIZJ OK
SIZL OK
SIJT OK
SIJO OK
SIJL OK
SIJZ OK
SILT OK
SILO OK
SILJ OK
SILZ OK
SOIT OK
SOIZ OK
SOIJ OK
SOIL OK
SOTI OK
SOTZ OK
SOTJ OK
SOTL OK
SOZI OK
SOZT OK
SOZJ OK
SOZL OK
SOJI OK
SOJT OK
SOJZ OK
SOJL OK
SOLI OK
SOLT OK
SOLJ OK
SOLZ OK
STIO OK
STIZ OK
STIJ OK
STIL OK
STOI OK
STOZ OK
STOJ OK
STOL OK
STZI OK
STZJ OK
STZO OK
STJI OK
STZL OK
STJZ OK
STJO OK
STJL OK
STLI OK
STLO OK
STLJ OK
SZIO OK
SZIT OK
SZIJ OK
STLZ OK
SZIL OK
SZOI OK
SZOT OK
SZOJ OK
SZOL OK
SZTI OK
SZTJ OK
SZTO OK
SZJI OK
SZTL OK
SZJL OK
SZJT OK
SZJO OK
SZLI OK
SZLJ OK
SZLT OK
SJIO OK
SZLO OK
SJIT OK
SJIL OK
SJIZ OK
SJOI OK
SJOT OK
SJOZ OK
SJOL OK
SJTI OK
SJTO OK
SJTZ OK
SJTL OK
SJZI OK
SJZT OK
SJZL OK
SJLI OK
SJLO OK
SJLT OK
SJLZ OK
SJZO OK
SLIO OK
SLIT OK
SLIJ OK
SLIZ OK
SLOI OK
SLOT OK
SLOZ OK
SLOJ OK
SLTI OK
SLTO OK
SLTJ OK
SLZI OK
SLTZ OK
SLZJ OK
SLZT OK
SLJI OK
SLJT OK
SLJO OK
SLZO OK
ZIOT OK
SLJZ OK
ZIOJ OK
ZIOL OK
ZITO OK
ZIOS OK
ZITJ OK
ZITS OK
ZITL OK
ZIST OK
ZISO OK
ZISJ OK
ZISL OK
ZIJT OK
ZIJO OK
ZIJL OK
ZIJS OK
ZILO OK
ZILT OK
ZILJ OK
ZILS OK
ZOIT OK
ZOIS OK
ZOIJ OK
ZOIL OK
ZOTI OK
ZOTJ OK
ZOTS OK
ZOTL OK
ZOSI OK
ZOST OK
ZOSJ OK
ZOSL OK
ZOJI OK
ZOJT OK
ZOJS OK
ZOJL OK
ZOLI OK
ZOLJ OK
ZOLT OK
ZTIO OK
ZTIS OK
ZTIJ OK
ZTIL OK
ZTOI OK
ZOLS OK
ZTOJ OK
ZTOL OK
ZTOS OK
ZTSI OK
ZTSJ OK
ZTSO OK
ZTJI OK
ZTSL OK
ZTJO OK
ZTJL OK
ZTLI OK
ZTJS OK
ZTLO OK
ZTLS OK
ZTLJ OK
ZSIT OK
ZSIO OK
ZSIJ OK
ZSIL OK
ZSOI OK
ZSOT OK
ZSOJ OK
ZSOL OK
ZSTI OK
ZSTJ OK
ZSTO OK
ZSJI OK
ZSTL OK
ZSJL OK
ZSJT OK
ZSJO OK
ZSLI OK
ZSLJ OK
ZSLT OK
ZJIO OK
ZSLO OK
ZJIT OK
ZJIL OK
ZJIS OK
ZJOI OK
ZJOT OK
ZJOS OK
ZJOL OK
ZJTI OK
ZJTL OK
ZJTO OK
ZJTS OK
ZJSI OK
ZJSL OK
ZJST OK
ZJLI OK
ZJLO OK
ZJLT OK
ZJSO OK
ZJLS OK
ZLIT OK
ZLIO OK
ZLIS OK
ZLIJ OK
ZLOT OK
ZLOI OK
ZLOJ OK
ZLTI OK
ZLTO OK
ZLTS OK
ZLTJ OK
ZLSI OK
ZLOS OK
ZLSJ OK
ZLJI OK
ZLST OK
ZLJO OK
ZLJT OK
ZLJS OK
ZLSO OK
JIOT OK
JIOS OK
JIOZ OK
JIOL OK
JITO OK
JITS OK
JITZ OK
JITL OK
JISO OK
JIST OK
JISZ OK
JISL OK
JIZO OK
JIZT OK
JIZL OK
JILO OK
JIZS OK
JILT OK
JILS OK
JILZ OK
JOIT OK
JOIS OK
JOIZ OK
JOIL OK
JOTI OK
JOTS OK
JOTL OK
JOTZ OK
JOSI OK
JOSZ OK
JOST OK
JOSL OK
JOZT OK
JOZI OK
JOZL OK
JOLI OK
JOLT OK
JOLS OK
JTIO OK
JOLZ OK
JTIZ OK
JTIS OK
JTIL OK
JTOI OK
JTOS OK
JTOZ OK
JTOL OK
JTSI OK
JOZS OK
JTSO OK
JTSL OK
JTSZ OK
JTZI OK
JTZO OK
JTZL OK
JTLI OK
JTLO OK
JTZS OK
JTLS OK
JTLZ OK
JSIT OK
JSIO OK
JSIL OK
JSIZ OK
JSOI OK
JSOZ OK
JSOT OK
JSOL OK
JSTI OK
JSTO OK
JSTZ OK
JSTL OK
JSZI OK
JSZL OK
JSZT OK
JSLI OK
JSLO OK
JSLT OK
JSLZ OK
JSZO OK
JZIT OK
JZIO OK
JZIL OK
JZIS OK
JZOT OK
JZOI OK
JZTI OK
JZOL OK
JZTO OK
JZTL OK
JZTS OK
JZSI OK
JZST OK
JZOS OK
JZSL OK
JZLI OK
JZLT OK
JZLO OK
JZLS OK
JLIO OK
JLIT OK
JLIS OK
JLIZ OK
JLOI OK
JLOT OK
JZSO OK
JLOS OK
JLTI OK
JLTO OK
JLOZ OK
JLTS OK
JLTZ OK
JLSI OK
JLSO OK
JLST OK
JLSZ OK
JLZI OK
JLZT OK
JLZO OK
LIOT OK
LIOS OK
JLZS OK
LIOZ OK
LIOJ OK
LITO OK
LITS OK
LITZ OK
LITJ OK
LISO OK
LIST OK
LISZ OK
LISJ OK
LIZT OK
LIZO OK
LIZJ OK
LIJO OK
LIJT OK
LIJS OK
LIJZ OK
LOIT OK
LOIS OK
LOIZ OK
LOIJ OK
LOTI OK
LOTS OK
LIZS OK
LOTZ OK
LOTJ OK
LOSI OK
LOST OK
LOSZ OK
LOSJ OK
LOZT OK
LOZJ OK
LOJI OK
LOZI OK
LOJT OK
LOJS OK
LOJZ OK
LTIO OK
LTIS OK
LTIZ OK
LTIJ OK
LOZS OK
LTOI OK
LTOS OK
LTOJ OK
LTOZ OK
LTSI OK
LTSO OK
LTSJ OK
LTZI OK
LTZO OK
LTZJ OK
LTJI OK
LTZS OK
LTSZ OK
LTJO OK
LTJS OK
LTJZ OK
LSIO OK
LSIT OK
LSIZ OK
LSIJ OK
LSOI OK
LSOT OK
LSOZ OK
LSOJ OK
LSTI OK
LSTO OK
LSTJ OK
LSZI OK
LSTZ OK
LSZJ OK
LSZT OK
LSJI OK
LSJT OK
LSJO OK
LSJZ OK
LZIT OK
LZIO OK
LZIJ OK
LZIS OK
LZOI OK
LZOT OK
LZOJ OK
LZTI OK
LZTO OK
LZOS OK
LZTS OK
LZTJ OK
LZSI OK
LZSO OK
LZST OK
LZSJ OK
LZJI OK
LZJO OK
LZJT OK
LZJS OK
LJIO OK
LJIT OK
LJIS OK
LJIZ OK
LJOI OK
LJOT OK
LJOS OK
LJOZ OK
LJTI OK
LJTO OK
LJTS OK
LJTZ OK
LJSI OK
LJSO OK
LJST OK
LJZI OK
LJZO OK
LJZT OK
LJZS OK
LJSZ OK
LSZO CAP
