IOTJ OK
IOTS OK
IOTL OK
IOTZ OK
IOST OK
IOSJ OK
IOSZ OK
IOSL OK
IOZT OK
IOZS OK
IOZJ OK
IOZL OK
IOJT OK
IOJL OK
IOJZ OK
IOJS OK
IOLT OK
IOLS OK
IOLJ OK
ITOS OK
IOLZ OK
ITOZ OK
ITOJ OK
ITOL OK
ITSO OK
ITSZ OK
ITSJ OK
ITSL OK
ITZO OK
ITZJ OK
ITZS OK
ITZL OK
ITJO OK
ITJS OK
ITJZ OK
ITJL OK
ITLO OK
ITLJ OK
ITLS OK
ITLZ OK
ISOT OK
ISOZ OK
ISOJ OK
ISOL OK
ISTO OK
ISTZ OK
ISTJ OK
ISTL OK
ISZO OK
ISZT OK
ISZJ OK
ISJO OK
ISJT OK
ISZL OK
ISJL OK
ISJZ OK
ISLT OK
ISLO OK
ISLJ OK
IZOT OK
IZOS OK
ISLZ OK
IZOL OK
IZOJ OK
IZTO OK
IZTS OK
IZTJ OK
IZTL OK
IZST OK
IZSO OK
IZSL OK
IZSJ OK
IZJT OK
IZJL OK
IZJO OK
IZJS OK
IZLT OK
IZLO OK
IZLJ OK
IZLS OK
IJOT OK
IJOL OK
IJTO OK
IJOS OK
IJOZ OK
IJTS OK
IJTZ OK
IJTL OK
IJST OK
IJSL OK
IJSO OK
IJZT OK
IJZO OK
IJZL OK
IJLO OK
IJLT OK
IJLS OK
IJLZ OK
ILOT OK
ILOS OK
ILOZ OK
ILOJ OK
ILTO OK
ILTS OK
ILTZ OK
ILTJ OK
ILST OK
ILSO OK
IJSZ OK
IJZS OK
ILSJ OK
ILZT OK
ILZJ OK
ILJO OK
ILJT OK
ILJS OK
ILJZ OK
OITS OK
ILZO OK
OITZ OK
OITJ OK
OITL OK
OIST OK
OISZ OK
OISJ OK
OISL OK
OIZT OK
OIZS OK
OIZJ OK
OIZL OK
ILSZ OK
OIJT OK
OIJL OK
OIJZ OK
OIJS OK
OILT OK
OILS OK
OILZ OK
OILJ OK
OTIS OK
OTIZ OK
OTIJ OK
ILZS OK
OTIL OK
OTSI OK
OTSJ OK
OTZI OK
OTSL OK
OTSZ OK
OTZJ OK
OTZL OK
OTJI OK
OTZS OK
OTJS OK
OTJZ OK
OTJL OK
OTLI OK
OTLS OK
OTLZ OK
OTLJ OK
OSIT OK
OSIZ OK
OSIJ OK
OSIL OK
OSTI OK
OSTL OK
OSTJ OK
OSZI OK
OSTZ OK
OSZT OK
OSJI OK
OSJT OK
OSJL OK
OSZJ OK
OSLI OK
OSLT OK
OSLJ OK
OSJZ OK
OZIT OK
OZIS OK
OZIJ OK
OZIL OK
OZTI OK
OZTS OK
OZTJ OK
OZTL OK
OZSI OK
OZST OK
OZSJ OK
OZJI OK
OZSL OK
OZJT OK
OZJL OK
OZLI OK
OZLT OK
OZJS OK
OZLJ OK
OZLS OK
OJIT OK
OJIS OK
OJIZ OK
OJIL OK
OJTI OK
OJTS OK
OSZL CAP
OJTZ OK
OJTL OK
OJSI OK
OJST OK
OJSL OK
OJZI OK
OJZT OK
OSLZ CAP
OJZL OK
OJLI OK
OJLT OK
OJLS OK
OJLZ OK
OLIT OK
OLIS OK
OLIZ OK
OLIJ OK
OLTI OK
OLTS OK
OLTZ OK
OLTJ OK
OLSI OK
OLST OK
OLSJ OK
OLZI OK
OLZT OK
OLZS OK
OLZJ OK
OLJI OK
OLJT OK
OLJS OK
OLJZ OK
TIOS OK
TIOZ OK
OJSZ CAP
TIOJ OK
TIOL OK
TISO OK
TISZ OK
TISJ OK
TISL OK
OJZS CAP
TIZO OK
TIZJ OK
TIZS OK
TIZL OK
TIJO OK
TIJS OK
TIJZ OK
TIJL OK
TILO OK
TILS OK
TILZ OK
TILJ OK
TOIS OK
TOIZ OK
TOIJ OK
TOIL OK
TOSI OK
TOSJ OK
TOSL OK
TOZI OK
TOSZ OK
TOZJ OK
TOZL OK
TOJI OK
TOZS OK
TOJS OK
TOJZ OK
TOJL OK
TOLI OK
TOLS OK
TOLJ OK
OLSZ CAP
TOLZ OK
TSIZ OK
TSIO OK
TSIJ OK
TSIL OK
TSOI OK
TSOJ OK
TSOL OK
TSZI OK
TSOZ OK
TSZJ OK
TSZL OK
TSJI OK
TSJO OK
TSJL OK
TSJZ OK
TSZO OK
TSLI OK
TSLO OK
TSLJ OK
TZIO OK
TSLZ OK
TZIS OK
TZOI OK
TZIJ OK
TZIL OK
TZOS OK
TZSI OK
TZOL OK
TZOJ OK
TZJI OK
TZSJ OK
TZSL OK
TZJO OK
TZJS OK
TZJL OK
TZLI OK
TZSO OK
TZLO OK
TZLS OK
TZLJ OK
TJIO OK
TJIS OK
TJOI OK
TJIZ OK
TJIL OK
TJOS OK
TJSI OK
TJOL OK
TJOZ OK
TJSO OK
TJSL OK
TJSZ OK
TJZI OK
TJZO OK
TJZL OK
TJLI OK
TJLO OK
TJZS OK
TJLS OK
TJLZ OK
TLIO OK
TLIZ OK
TLIS OK
TLIJ OK
TLOI OK
TLOS OK
TLOZ OK
TLOJ OK
TLSI OK
TLSJ OK
TLSO OK
TLZI OK
TLSZ OK
TLZO OK
TLZJ OK
TLJI OK
TLZS OK
TLJO OK
SIOT OK
TLJS OK
TLJZ OK
SIOZ OK
SIOL OK
SIOJ OK
SITO OK
SITZ OK
SITJ OK
SITL OK
SIZO OK
SIZT OK
SIZJ OK
SIJO OK
SIZL OK
SIJT OK
SIJL OK
SIJZ OK
SILO OK
SILT OK
SILJ OK
SOIT OK
SOIZ OK
SILZ OK
SOIJ OK
SOIL OK
SOTI OK
SOTJ OK
SOTZ OK
SOZI OK
SOTL OK
SOZT OK
SOJI OK
SOJT OK
SOZJ OK
SOJL OK
SOLI OK
SOLT OK
SOJZ OK
STIO OK
SOLJ OK
STIZ OK
STIJ OK
STIL OK
STOI OK
STOJ OK
STOZ OK
STOL OK
STZI OK
STZJ OK
STZO OK
STZL OK
STJI OK
STJO OK
STJZ OK
STJL OK
STLI OK
STLO OK
STLJ OK
SZIO OK
STLZ OK
SZIT OK
SZIJ OK
SZIL OK
SZOI OK
SZOT OK
SZOJ OK
SZTI OK
SZOL OK
SZTJ OK
SZTO OK
SZJI OK
SZTL OK
SZJO OK
SZJT OK
SZJL OK
SZLI OK
SOZL CAP
SZLJ OK
SZLT OK
SJIT OK
SZLO OK
SJIO OK
SJIL OK
SJOI OK
SJIZ OK
SJOT OK
SJOL OK
SJTI OK
SJTO OK
SOLZ CAP
SJTZ OK
SJTL OK
SJZI OK
SJZT OK
SJZL OK
SJOZ OK
SJLI OK
SJLT OK
SJLO OK
SJLZ OK
SLIO OK
SLIT OK
SJZO OK
SLIJ OK
SLOI OK
SLIZ OK
SLOJ OK
SLTI OK
SLOT OK
SLTO OK
SLTJ OK
SLZI OK
SLTZ OK
SLZJ OK
SLZO OK
SLZT OK
SLJI OK
SLJT OK
SLJO OK
ZIOT OK
ZIOS OK
SLJZ OK
ZIOJ OK
ZIOL OK
ZITO OK
ZITS OK
ZITJ OK
ZITL OK
ZIST OK
ZISO OK
ZISJ OK
ZISL OK
ZIJT OK
ZIJO OK
ZIJL OK
ZIJS OK
ZILT OK
ZILO OK
ZILJ OK
ZILS OK
ZOIT OK
ZOIS OK
ZOIJ OK
ZOIL OK
ZOTI OK
ZOTS OK
ZOTJ OK
ZOTL OK
ZOST OK
ZOSI OK
ZOJI OK
ZOJT OK
ZOSL OK
ZOJL OK
ZOLI OK
ZOLT OK
ZOSJ OK
ZOLJ OK
ZTIO OK
ZTIS OK
ZTIJ OK
ZTIL OK
ZOLS OK
ZOJS OK
ZTOI OK
ZTOS OK
ZTOL OK
ZTOJ OK
ZTSI OK
ZTSJ OK
ZTSL OK
ZTJI OK
ZTJO OK
ZTSO OK
ZTJL OK
ZTJS OK
ZTLO OK
ZTLI OK
ZTLS OK
ZTLJ OK
ZSIO OK
ZSIT OK
ZSIJ OK
ZSIL OK
ZSOI OK
ZSOT OK
ZSTI OK
ZSTO OK
ZSTJ OK
ZSOJ OK
ZSOL OK
ZSJI OK
ZSTL OK
ZSJT OK
ZSJL OK
ZSLI OK
SLOZ CAP
ZSJO OK
ZSLT OK
ZSLJ OK
ZJIT OK
ZSLO OK
ZJIO OK
ZJIS OK
ZJIL OK
ZJOT OK
ZJOL OK
ZJOI OK
ZJTI OK
ZJTO OK
ZJTL OK
ZJSI OK
ZJTS OK
ZJSL OK
ZJSO OK
ZJLI OK
ZJST OK
ZJLO OK
ZJLT OK
ZJLS OK
ZLIT OK
ZLIO OK
ZLIS OK
ZLIJ OK
ZLOT OK
ZLOI OK
ZLOJ OK
ZJOS OK
ZLTI OK
ZLTO OK
ZLTS OK
ZLTJ OK
ZLSI OK
ZLST OK
ZLSJ OK
ZLJI OK
ZLJO OK
ZLJT OK
ZLJS OK
JIOT OK
ZLOS OK
ZLSO OK
JIOL OK
JITO OK
JIOS OK
JITS OK
JITZ OK
JIOZ OK
JITL OK
JIST OK
JISL OK
JIZT OK
JISO OK
JIZO OK
JIZL OK
JILO OK
JILT OK
JILS OK
JILZ OK
JOIT OK
JOIS OK
JOIZ OK
JOIL OK
JOTI OK
JOTS OK
JOTZ OK
JOTL OK
JOSI OK
JOST OK
JOSL OK
JOZI OK
JOZT OK
JISZ OK
JOZL OK
JIZS OK
JOLI OK
JOLT OK
JOLS OK
JOLZ OK
JTIO OK
JTIS OK
JTIZ OK
JTIL OK
JTOI OK
JTOS OK
JTOZ OK
JTOL OK
JTSI OK
JTSO OK
JTSZ OK
JTZI OK
JTSL OK
JTZO OK
JTZS OK
JTZL OK
JTLI OK
JTLO OK
JTLS OK
JTLZ OK
JSIO OK
JSIT OK
JSIL OK
JSIZ OK
JSOI OK
JSOT OK
JSOL OK
JSTI OK
JSTO OK
JSTZ OK
JSOZ OK
JSTL OK
JSZI OK
JSZT OK
JSZO OK
JSZL OK
JSLI OK
JSLO OK
JSLT OK
JOSZ CAP
JSLZ OK
JZIT OK
JZIO OK
JZIL OK
JZIS OK
JZOT OK
JZOL OK
JZOI OK
JZTI OK
JZTO OK
JOZS CAP
JZTL OK
JZSI OK
JZTS OK
JZSL OK
JZST OK
JZLI OK
JZSO OK
JZLO OK
JZLT OK
JZLS OK
JLIO OK
JLIT OK
JLIS OK
JLIZ OK
JLOI OK
JLOT OK
JLOS OK
JLTI OK
JLOZ OK
JLTZ OK
JLTO OK
JLTS OK
JLSI OK
JLST OK
JLSO OK
JLZI OK
JLZO OK
JLZT OK
JLZS OK
LIOT OK
LIOS OK
LIOZ OK
LIOJ OK
JLSZ OK
LITS OK
LITO OK
LITZ OK
JZOS OK
LITJ OK
LIST OK
LISJ OK
LIZT OK
LISO OK
LIZJ OK
LIZO OK
LIJO OK
LIJS OK
LIJT OK
LOIT OK
LIJZ OK
LOIS OK
LOIZ OK
LOIJ OK
LOTI OK
LOTZ OK
LOTS OK
LOTJ OK
LOSI OK
LOST OK
LOSJ OK
LISZ OK
LIZS OK
LOZI OK
LOZJ OK
LOZT OK
LOJI OK
LOJT OK
LOJS OK
LOJZ OK
LTIO OK
LTIS OK
LTIZ OK
LTIJ OK
LTOI OK
LTOS OK
LTOZ OK
LTOJ OK
LTSI OK
LTSO OK
LTSZ OK
LTSJ OK
LTZI OK
LTZO OK
LTZJ OK
LTJI OK
LTJO OK
LTZS OK
LTJS OK
LOZS OK
LTJZ OK
LSIT OK
LSIO OK
LSIJ OK
LSOI OK
LSIZ OK
LSOJ OK
LSTI OK
LSOT OK
LSTO OK
LSTZ OK
LSTJ OK
LSZI OK
LSZO OK
LSZT OK
LSZJ OK
LSJI OK
LSJO OK
LSJT OK
LSJZ OK
LZIT OK
LZIO OK
LZIJ OK
LZIS OK
LZOI OK
LZOT OK
LZOJ OK
LZTI OK
LZTO OK
LOSZ CAP
LZTJ OK
LZTS OK
LZSI OK
LZST OK
LZSJ OK
LZOS OK
LZJI OK
LZJO OK
LZJT OK
LZSO OK
LZJS OK
LJIO OK
LJIT OK
LJIS OK
LJIZ OK
LJOI OK
LJOT OK
LJOS OK
LJOZ OK
LJTI OK
LJTO OK
LJTS OK
LJTZ OK
LJSI OK
LJST OK
LJSO OK
LJZI OK
LJZO OK
LJZT OK
LJZS OK
LJSZ OK
LSOZ CAP
