IOTS OK
IOTJ OK
IOTZ OK
IOTL OK
IOST OK
IOSZ OK
IOSJ OK
IOSL OK
IOZT OK
IOZS OK
IOZJ OK
IOZL OK
IOJT OK
IOJL OK
IOJZ OK
IOLT OK
IOJS OK
ITOS OK
IOLS OK
IOLJ OK
IOLZ OK
ITOZ OK
ITOJ OK
ITOL OK
ITSO OK
ITSJ OK
ITSZ OK
ITSL OK
ITZO OK
ITZJ OK
ITZS OK
ITZL OK
ITJO OK
ITJS OK
ITJZ OK
ITJL OK
ITLO OK
ITLJ OK
ITLZ OK
ITLS OK
ISOT OK
ISOZ OK
ISOJ OK
ISOL OK
ISTO OK
ISTZ OK
ISTL OK
ISTJ OK
ISZO OK
ISZT OK
ISZJ OK
ISJO OK
ISJT OK
ISZL OK
ISJL OK
ISJZ OK
ISLO OK
ISLT OK
ISLJ OK
IZOT OK
IZOS OK
IZOJ OK
IZOL OK
ISLZ OK
IZTO OK
IZTS OK
IZTL OK
IZTJ OK
IZST OK
IZSO OK
IZSL OK
IZSJ OK
IZJO OK
IZJT OK
IZJL OK
IZLT OK
IZJS OK
IZLO OK
IZLJ OK
IZLS OK
IJOT OK
IJOL OK
IJTO OK
IJOS OK
IJTS OK
IJOZ OK
IJTZ OK
IJTL OK
IJST OK
IJSL OK
IJSO OK
IJZT OK
IJZO OK
IJZL OK
IJLO OK
IJLT OK
IJLS OK
IJLZ OK
ILOT OK
ILOS OK
ILOJ OK
ILOZ OK
ILTO OK
ILTS OK
ILTZ OK
ILTJ OK
ILST OK
ILSO OK
ILSJ OK
IJSZ OK
IJZS OK
ILZT OK
ILZJ OK
ILJO OK
ILJT OK
ILJS OK
ILJZ OK
ILZO OK
OITS OK
OITZ OK
OITJ OK
OITL OK
OIST OK
OISZ OK
OISJ OK
ILSZ OK
OIZT OK
OISL OK
OIZS OK
OIZJ OK
OIZL OK
OIJT OK
OIJL OK
OIJS OK
OIJZ OK
OILT OK
OILS OK
OILZ OK
OILJ OK
OTIS OK
OTIZ OK
OTIJ OK
OTIL OK
OTSI OK
ILZS OK
OTSJ OK
OTSL OK
OTZI OK
OTSZ OK
OTZL OK
OTZJ OK
OTJI OK
OTJS OK
OTJZ OK
OTZS OK
OTJL OK
OTLI OK
OTLS OK
OTLJ OK
OTLZ OK
OSIT OK
OSIZ OK
OSIJ OK
OSIL OK
OSTI OK
OSTJ OK
OSTL OK
OSTZ OK
OSZI OK
OSJI OK
OSZT OK
OSJT OK
OSJL OK
OSLI OK
OSZJ OK
OSLT OK
OSJZ OK
OSLJ OK
OZIT OK
OZIS OK
OZIJ OK
OZIL OK
OZTI OK
OZTS OK
OZTJ OK
OZTL OK
OZSI OK
OZST OK
OZSJ OK
OZSL OK
OZJI OK
OZJT OK
OZJL OK
OZLI OK
OZLT OK
OZJS OK
OZLJ OK
OZLS OK
OJIT OK
OJIS OK
OJIZ OK
OJIL OK
OJTI OK
OJTS OK
OJTZ OK
OJTL OK
OJSI OK
OJST OK
OJSL OK
OJZI OK
OJZT OK
OSZL CAP
OJZL OK
OJLI OK
OJLT OK
OJLS OK
OJLZ OK
OLIT OK
OSLZ CAP
OLIS OK
OLIZ OK
OLIJ OK
OLTI OK
OLTS OK
OLTZ OK
OLTJ OK
OLSI OK
OLST OK
OLSJ OK
OLZI OK
OLZT OK
OJSZ CAP
OLZJ OK
OLJI OK
OLJT OK
OLJS OK
OLJZ OK
OJZS CAP
TIOS OK
TIOZ OK
TIOJ OK
TIOL OK
TISO OK
TISZ OK
TISJ OK
TISL OK
TIZO OK
TIZS OK
TIZJ OK
TIZL OK
TIJO OK
TIJS OK
TIJZ OK
TIJL OK
TILO OK
TILS OK
TILZ OK
TILJ OK
TOIS OK
TOIZ OK
TOIJ OK
TOIL OK
TOSI OK
TOSJ OK
TOSZ OK
TOZI OK
TOSL OK
OLSZ CAP
TOZJ OK
TOJI OK
TOZL OK
TOJS OK
TOJZ OK
TOZS OK
TOJL OK
TOLI OK
TOLS OK
TOLJ OK
TOLZ OK
TSIO OK
TSIZ OK
OLZS CAP
TSIJ OK
TSIL OK
TSOI OK
TSOJ OK
TSOL OK
TSZI OK
TSZJ OK
TSZL OK
TSOZ OK
TSJI OK
TSJO OK
TSJZ OK
TSZO OK
TSJL OK
TSLI OK
TSLO OK
TSLJ OK
TSLZ OK
TZIO OK
TZIS OK
TZIJ OK
TZIL OK
TZOI OK
TZOS OK
TZOJ OK
TZSI OK
TZOL OK
TZJI OK
TZSL OK
TZSJ OK
TZJO OK
TZJS OK
TZJL OK
TZLI OK
TZLO OK
TZSO OK
TZLS OK
TJIO OK
TZLJ OK
TJIS OK
TJIZ OK
TJIL OK
TJOI OK
TJOL OK
TJSI OK
TJOS OK
TJOZ OK
TJSL OK
TJZI OK
TJSO OK
TJSZ OK
TJZO OK
TJZS OK
TJLI OK
TJZL OK
TJLO OK
TJLS OK
TJLZ OK
TLIO OK
TLIS OK
TLIZ OK
TLIJ OK
TLOI OK
TLOJ OK
TLSI OK
TLOS OK
TLOZ OK
TLSJ OK
TLZI OK
TLSO OK
TLSZ OK
TLZO OK
TLZJ OK
TLJI OK
TLZS OK
TLJO OK
TLJS OK
TLJZ OK
SIOT OK
SIOZ OK
SIOJ OK
SIOL OK
SITO OK
SITZ OK
SITJ OK
SITL OK
SIZO OK
SIZT OK
SIZJ OK
SIJO OK
SIJT OK
SIZL OK
SIJL OK
SILT OK
SILO OK
SIJZ OK
SOIT OK
SILJ OK
SOIZ OK
SILZ OK
SOIJ OK
SOTI OK
SOIL OK
SOZI OK
SOTJ OK
SOTZ OK
SOTL OK
SOJI OK
SOZT OK
SOJT OK
SOJL OK
SOLI OK
SOZJ OK
SOLT OK
SOJZ OK
SOLJ OK
STIZ OK
STIO OK
STIJ OK
STIL OK
STOI OK
STOZ OK
STOJ OK
STZI OK
STOL OK
STZJ OK
STZO OK
STJI OK
STZL OK
STJO OK
STJZ OK
STJL OK
STLI OK
STLO OK
STLZ OK
STLJ OK
SZIO OK
SZIT OK
SZIJ OK
SZIL OK
SZOI OK
SZOT OK
SZOJ OK
SZTI OK
SZOL OK
SZTJ OK
SZTO OK
SZTL OK
SZJI OK
SZJT OK
SZJL OK
SZLI OK
SZJO OK
SZLT OK
SZLJ OK
SOZL CAP
SZLO OK
SJIO OK
SJIT OK
SJIL OK
SJOI OK
SJIZ OK
SJOT OK
SJOL OK
SJTI OK
SJTO OK
SJTZ OK
SJTL OK
SOLZ CAP
SJZI OK
SJZT OK
SJZL OK
SJOZ OK
SJLI OK
SJLO OK
SJLT OK
SJLZ OK
SJZO OK
SLIT OK
SLIO OK
SLIJ OK
SLOI OK
SLIZ OK
SLOJ OK
SLTI OK
SLOT OK
SLTO OK
SLTJ OK
SLZI OK
SLTZ OK
SLZJ OK
SLJI OK
SLZO OK
SLJO OK
SLZT OK
SLJT OK
ZIOT OK
SLJZ OK
ZIOS OK
ZIOJ OK
ZIOL OK
ZITO OK
ZITS OK
ZITJ OK
ZITL OK
ZIST OK
ZISO OK
ZISJ OK
ZISL OK
ZIJT OK
ZIJO OK
ZIJL OK
ZIJS OK
ZILO OK
ZILT OK
ZILJ OK
ZOIT OK
ZILS OK
ZOIS OK
ZOIJ OK
ZOIL OK
ZOTI OK
ZOTS OK
ZOTJ OK
ZOTL OK
ZOSI OK
ZOST OK
ZOJI OK
ZOJT OK
ZOSL OK
ZOJL OK
ZOSJ OK
ZOLI OK
ZOLT OK
ZOLJ OK
ZOJS OK
ZTIO OK
ZTIS OK
ZTIJ OK
ZTIL OK
ZTOI OK
ZTOS OK
ZTOJ OK
ZTOL OK
ZOLS OK
ZTSI OK
ZTSL OK
ZTSJ OK
ZTJI OK
ZTJO OK
ZTSO OK
ZTJS OK
ZTJL OK
ZTLI OK
ZTLO OK
ZTLS OK
ZTLJ OK
ZSIO OK
ZSIT OK
ZSIJ OK
ZSOI OK
ZSIL OK
ZSOT OK
ZSTI OK
ZSTO OK
ZSTJ OK
ZSOL OK
ZSOJ OK
ZSJI OK
ZSTL OK
ZSJL OK
ZSJT OK
ZSLI OK
ZSJO OK
ZSLT OK
ZSLJ OK
ZJIT OK
ZSLO OK
ZJIO OK
ZJIL OK
ZJIS OK
SLOZ CAP
ZJOI OK
ZJOT OK
ZJOL OK
ZJTI OK
ZJTO OK
ZJTS OK
ZJTL OK
ZJSI OK
ZJSL OK
ZJST OK
ZJLI OK
ZJSO OK
ZJLO OK
ZJLT OK
ZJLS OK
ZLIT OK
ZLIO OK
ZJOS OK
ZLIJ OK
ZLIS OK
ZLOT OK
ZLOJ OK
ZLOI OK
ZLTI OK
ZLTO OK
ZLTS OK
ZLTJ OK
ZLSI OK
ZLSJ OK
ZLST OK
ZLJI OK
ZLJO OK
ZLJT OK
ZLJS OK
ZLSO OK
JIOT OK
ZLOS OK
JIOL OK
JITO OK
JIOS OK
JITS OK
JIOZ OK
JITZ OK
JITL OK
JIST OK
JISL OK
JIZT OK
JISO OK
JIZL OK
JIZO OK
JILO OK
JILT OK
JILS OK
JILZ OK
JOIT OK
JOIS OK
JOIZ OK
JOIL OK
JOTI OK
JOTS OK
JOTZ OK
JOTL OK
JOSI OK
JOST OK
JOSL OK
JOZI OK
JOZT OK
JISZ OK
JOZL OK
JIZS OK
JOLI OK
JOLT OK
JOLS OK
JOLZ OK
JTIO OK
JTIS OK
JTIZ OK
JTIL OK
JTOI OK
JTOS OK
JTOZ OK
JTOL OK
JTSI OK
JTSO OK
JTSZ OK
JTSL OK
JTZI OK
JTZO OK
JTZS OK
JTZL OK
JTLI OK
JTLO OK
JTLS OK
JTLZ OK
JSIO OK
JSIT OK
JSIL OK
JSIZ OK
JSOI OK
JSOT OK
JSOL OK
JSTI OK
JSTO OK
JSTZ OK
JSTL OK
JSOZ OK
JSZI OK
JSZT OK
JSZL OK
JSLI OK
JSZO OK
JSLT OK
JSLO OK
JOSZ CAP
JSLZ OK
JZIT OK
JZIO OK
JZIL OK
JZOT OK
JZIS OK
JZOI OK
JZOL OK
JZTI OK
JZTO OK
JZTS OK
JZTL OK
JOZS CAP
JZSI OK
JZSL OK
JZLI OK
JZST OK
JZLO OK
JZLT OK
JZSO OK
JZLS OK
JLIO OK
JLIT OK
JLIS OK
JLIZ OK
JLOI OK
JLOT OK
JLTI OK
JLOS OK
JZOS OK
JLOZ OK
JLTO OK
JLTS OK
JLTZ OK
JLSI OK
JLST OK
JLZI OK
JLSO OK
JLZO OK
JLZT OK
JLZS OK
LIOT OK
LIOS OK
LIOZ OK
LIOJ OK
LITO OK
JLSZ OK
LITS OK
LITZ OK
LITJ OK
LIST OK
LISJ OK
LIZT OK
LISO OK
LIZJ OK
LIZO OK
LIJO OK
LIJT OK
LIJS OK
LIJZ OK
LOIT OK
LOIS OK
LOIZ OK
LOIJ OK
LOTI OK
LOTS OK
LOTJ OK
LOTZ OK
LOSI OK
LOST OK
LIZS OK
LOSJ OK
LISZ OK
LOZI OK
LOZT OK
LOZJ OK
LOJI OK
LOJT OK
LOJS OK
LOJZ OK
LTIO OK
LTIS OK
LTIZ OK
LTIJ OK
LTOI OK
LTOS OK
LTOZ OK
LTOJ OK
LTSI OK
LTSO OK
LTSZ OK
LTSJ OK
LTZI OK
LTZO OK
LTZJ OK
LTJI OK
LTJO OK
LTZS OK
LTJS OK
LTJZ OK
LSIT OK
LSIO OK
LSIJ OK
LSOI OK
LSIZ OK
LSOT OK
LSOJ OK
LSTI OK
LSTO OK
LSTZ OK
LSTJ OK
LSZI OK
LOSZ CAP
LSZO OK
LSZJ OK
LSJI OK
LOZS CAP
LSJT OK
LSJO OK
LSJZ OK
LSZT OK
LZIT OK
LZIO OK
LZIJ OK
LZIS OK
LZOT OK
LZOI OK
LZOJ OK
LZTI OK
LZTO OK
LZTJ OK
LZTS OK
LZSI OK
LZST OK
LZSJ OK
LZJI OK
LZOS OK
LZSO OK
LZJO OK
LZJT OK
LZJS OK
LJIO OK
LJIT OK
LJIS OK
LJIZ OK
LJOI OK
LJOT OK
LJOS OK
LJTI OK
LJOZ OK
LJTO OK
LJTS OK
LJTZ OK
LJSI OK
LJST OK
LJSO OK
LJZI OK
LJZO OK
LJZT OK
LJZS OK
LSOZ CAP
LJSZ OK
