IOTZ OK
IOTL OK
IOTJ OK
IOTS OK
IOST OK
IOSJ OK
IOSZ OK
IOSL OK
IOZT OK
IOZS OK
IOZJ OK
IOZL OK
IOJT OK
IOJL OK
IOJS OK
IOJZ OK
IOLT OK
IOLS OK
IOLJ OK
ITOS OK
IOLZ OK
ITOZ OK
ITOJ OK
ITOL OK
ITSO OK
ITSZ OK
ITSJ OK
ITSL OK
ITZO OK
ITZS OK
ITZJ OK
ITZL OK
ITJO OK
ITJS OK
ITJZ OK
ITJL OK
ITLO OK
ITLJ OK
ITLS OK
ITLZ OK
ISOT OK
ISOZ OK
ISOJ OK
ISOL OK
ISTO OK
ISTZ OK
ISTJ OK
ISTL OK
ISZO OK
ISZT OK
ISZJ OK
ISJO OK
ISJT OK
ISZL OK
ISJL OK
ISJZ OK
ISLO OK
ISLT OK
IZOT OK
ISLJ OK
IZOS OK
ISLZ OK
IZOL OK
IZOJ OK
IZTO OK
IZTS OK
IZTJ OK
IZTL OK
IZST OK
IZSL OK
IZSO OK
IZSJ OK
IZJT OK
IZJO OK
IZJL OK
IZLT OK
IZJS OK
IZLO OK
IZLJ OK
IZLS OK
IJOT OK
IJOL OK
IJTO OK
IJOS OK
IJOZ OK
IJTS OK
IJTZ OK
IJTL OK
IJST OK
IJSL OK
IJSO OK
IJZT OK
IJZO OK
IJZL OK
IJLO OK
IJLT OK
IJLS OK
IJLZ OK
ILOT OK
ILOS OK
ILOZ OK
ILOJ OK
ILTO OK
ILTS OK
ILTZ OK
ILTJ OK
ILST OK
IJZS OK
ILSJ OK
IJSZ OK
ILZT OK
ILSO OK
ILZJ OK
ILJO OK
ILSZ OK
ILJT OK
ILJS OK
ILJZ OK
OITS OK
OITZ OK
OITJ OK
OITL OK
OIST OK
ILZO OK
OISZ OK
OISJ OK
OISL OK
OIZT OK
OIZS OK
ILZS OK
OIZJ OK
OIZL OK
OIJT OK
OIJL OK
OIJS OK
OIJZ OK
OILT OK
OILJ OK
OTIS OK
OILS OK
OILZ OK
OTIZ OK
OTIJ OK
OTIL OK
OTSI OK
OTSL OK
OTSJ OK
OTZI OK
OTZJ OK
OTSZ OK
OTZL OK
OTJI OK
OTJS OK
OTJZ OK
OTZS OK
OTJL OK
OTLI OK
OTLZ OK
OTLS OK
OTLJ OK
OSIT OK
OSIZ OK
OSIJ OK
OSIL OK
OSTI OK
OSTJ OK
OSZI OK
OSTL OK
OSTZ OK
OSZT OK
OSJI OK
OSJT OK
OSZJ OK
OSJL OK
OSLI OK
OSLT OK
OSLJ OK
OSJZ OK
OZIT OK
OZIS OK
OSZL OK
OZIJ OK
OZIL OK
OZTI OK
OZTS OK
OZTJ OK
OZTL OK
OZSI OK
OZST OK
OZJI OK
OZJT OK
OSLZ OK
OZSL OK
OZJL OK
OZLI OK
OZLT OK
OZLJ OK
OZSJ OK
OJIT OK
OJIS OK
OJIZ OK
OJIL OK
OJTI OK
OZLS OK
OJTS OK
OZJS OK
OJTL OK
OJTZ OK
OJSI OK
OJST OK
OJSL OK
OJZI OK
OJZT OK
OJZL OK
OJLI OK
OJLT OK
OJLS OK
OJLZ OK
OLIT OK
OLIS OK
OLIZ OK
OLIJ OK
OLTI OK
OLTS OK
OLTZ OK
OLTJ OK
OLSI OK
OJSZ OK
OLST OK
OLSJ OK
OLZI OK
OLZT OK
OLZJ OK
OLJI OK
OLJT OK
OLJS OK
OLJZ OK
TIOS OK
OLSZ OK
TIOZ OK
TIOJ OK
TIOL OK
TISO OK
TISZ OK
TISJ OK
TISL OK
TIZO OK
TIZS OK
TIZJ OK
TIZL OK
TIJO OK
TIJS OK
TIJZ OK
TIJL OK
TILO OK
TILS OK
TILZ OK
TILJ OK
TOIS OK
TOIZ OK
TOIJ OK
TOIL OK
TOSI OK
TOSJ OK
TOSL OK
TOSZ OK
TOZI OK
TOZS OK
TOZJ OK
TOZL OK
TOJI OK
TOJS OK
TOJZ OK
TOJL OK
TOLI OK
TOLS OK
TOLZ OK
TOLJ OK
TSIO OK
TSIZ OK
TSIJ OK
TSIL OK
TSOI OK
TSOJ OK
TSOZ OK
OJZS CAP
TSOL OK
TSZI OK
TSZJ OK
TSZL OK
TSJI OK
TSJO OK
TSJZ OK
TSJL OK
TSZO OK
TSLI OK
TSLO OK
TSLZ OK
TZIO OK
TSLJ OK
TZIS OK
TZIJ OK
TZIL OK
TZOI OK
TZOS OK
TZOJ OK
TZOL OK
TZSI OK
TZSO OK
TZSJ OK
TZSL OK
TZJI OK
TZJO OK
TZJS OK
TZJL OK
TZLI OK
TZLO OK
OLZS CAP
TZLS OK
TZLJ OK
TJIO OK
TJIS OK
TJIZ OK
TJIL OK
TJOI OK
TJOS OK
TJOL OK
TJSI OK
TJOZ OK
TJSO OK
TJSZ OK
TJSL OK
TJZI OK
TJZL OK
TJZO OK
TJLI OK
TJZS OK
TJLO OK
TJLS OK
TLIO OK
TJLZ OK
TLIS OK
TLIZ OK
TLIJ OK
TLOI OK
TLOJ OK
TLOS OK
TLSI OK
TLOZ OK
TLSJ OK
TLZI OK
TLSO OK
TLSZ OK
TLZO OK
TLZJ OK
TLJI OK
TLZS OK
TLJO OK
TLJS OK
TLJZ OK
SIOT OK
SIOZ OK
SIOL OK
SIOJ OK
SITO OK
SITZ OK
SITJ OK
SITL OK
SIZO OK
SIZT OK
SIZJ OK
SIJT OK
SIZL OK
SIJO OK
SIJL OK
SILT OK
SIJZ OK
SILO OK
SILJ OK
SOIT OK
SOIZ OK
SILZ OK
SOIL OK
SOIJ OK
SOTI OK
SOTJ OK
SOTL OK
SOTZ OK
SOZI OK
SOZT OK
SOJI OK
SOJT OK
SOJL OK
SOLI OK
SOZJ OK
SOLT OK
SOLJ OK
SOJZ OK
STIO OK
STIZ OK
SOZL OK
STIJ OK
STIL OK
STOI OK
STOJ OK
STOL OK
STZI OK
STOZ OK
STZL OK
STZJ OK
STJI OK
STZO OK
STJO OK
STJL OK
SOLZ OK
STLI OK
STLO OK
STJZ OK
STLJ OK
STLZ OK
SZIT OK
SZIO OK
SZIJ OK
SZOI OK
SZOT OK
SZIL OK
SZTI OK
SZTO OK
SZTJ OK
SZJI OK
SZTL OK
SZJT OK
SZOJ OK
SZOL OK
SZJL OK
SZLI OK
SZJO OK
SZLJ OK
SZLT OK
SJIO OK
SJIT OK
SZLO OK
SJIL OK
SJIZ OK
SJOI OK
SJOL OK
SJTI OK
SJOT OK
SJTL OK
SJTO OK
SJTZ OK
SJZI OK
SJZT OK
SJZL OK
SJLI OK
SJLO OK
SJLT OK
SJOZ OK
SJZO OK
SJLZ OK
SLIO OK
SLIT OK
SLIJ OK
SLOI OK
SLIZ OK
SLOJ OK
SLTI OK
SLOT OK
SLTO OK
SLTJ OK
SLTZ OK
SLZI OK
SLZJ OK
SLJI OK
SLZT OK
SLJO OK
SLJT OK
SLZO OK
SLJZ OK
ZIOT OK
ZIOS OK
ZIOJ OK
ZIOL OK
ZITO OK
ZITS OK
ZITJ OK
ZITL OK
ZIST OK
ZISO OK
ZISJ OK
ZISL OK
ZIJO OK
ZIJT OK
ZIJL OK
ZIJS OK
ZILO OK
ZILT OK
ZILS OK
ZILJ OK
ZOIT OK
ZOIS OK
ZOIJ OK
ZOIL OK
ZOTI OK
ZOTS OK
ZOTJ OK
ZOTL OK
ZOSI OK
ZOST OK
ZOJI OK
ZOJT OK
ZOSL OK
ZOJL OK
ZOLI OK
ZOSJ OK
ZOLT OK
ZOLJ OK
ZTIO OK
ZTIS OK
ZOJS OK
ZTIJ OK
ZTIL OK
ZTOI OK
ZOLS OK
ZTOS OK
ZTOJ OK
ZTOL OK
ZTSI OK
ZTSJ OK
ZTSL OK
ZTJI OK
ZTSO OK
ZTJO OK
ZTJS OK
ZTJL OK
ZTLI OK
ZTLO OK
ZTLJ OK
ZTLS OK
ZSIT OK
ZSIO OK
ZSIJ OK
ZSOI OK
ZSIL OK
ZSOT OK
ZSTI OK
ZSTO OK
ZSTJ OK
ZSOL OK
ZSOJ OK
ZSJI OK
ZSTL OK
ZSJL OK
ZSJT OK
ZSLI OK
ZSJO OK
ZSLJ OK
SLOZ CAP
ZSLT OK
ZJIT OK
ZSLO OK
ZJIO OK
ZJIL OK
ZJIS OK
ZJOL OK
ZJOT OK
ZJOI OK
ZJTI OK
ZJTO OK
ZJTS OK
ZJTL OK
ZJSI OK
ZJST OK
ZJSL OK
ZJSO OK
ZJLI OK
ZJLO OK
ZJLT OK
ZJLS OK
ZLIO OK
ZLIT OK
ZLIS OK
ZLIJ OK
ZLOI OK
ZLOT OK
ZLOJ OK
ZLTI OK
ZLTO OK
ZJOS OK
ZLTS OK
ZLTJ OK
ZLSI OK
ZLSJ OK
ZLST OK
ZLJI OK
ZLJO OK
ZLJT OK
ZLJS OK
ZLOS OK
ZLSO OK
JIOT OK
JIOL OK
JITO OK
JIOS OK
JITS OK
JIOZ OK
JITZ OK
JITL OK
JIST OK
JISL OK
JISO OK
JIZT OK
JIZO OK
JIZL OK
JILO OK
JILT OK
JILS OK
JILZ OK
JOIT OK
JOIS OK
JOIL OK
JOIZ OK
JOTI OK
JOTS OK
JOTZ OK
JOTL OK
JOSI OK
JOST OK
JOSL OK
JOZI OK
JOZT OK
JIZS OK
JOZL OK
JISZ OK
JOLI OK
JOLT OK
JOLS OK
JOLZ OK
JTIO OK
JTIS OK
JTIL OK
JTIZ OK
JTOI OK
JTOS OK
JTOL OK
JTOZ OK
JOSZ OK
JTSI OK
JTSO OK
JTSZ OK
JTSL OK
JTZI OK
JTZO OK
JTZS OK
JTZL OK
JTLI OK
JTLO OK
JTLS OK
JTLZ OK
JSIO OK
JSIT OK
JSIL OK
JSOI OK
JSIZ OK
JSOT OK
JSOL OK
JSTI OK
JSTO OK
JSTZ OK
JSTL OK
JSZI OK
JSZT OK
JSOZ OK
JSZL OK
JSLI OK
JSZO OK
JSLO OK
JSLT OK
JSLZ OK
JZIT OK
JZIL OK
JZIO OK
JZIS OK
JZOT OK
JZOI OK
JZOL OK
JZTI OK
JZTO OK
JZTS OK
JZTL OK
JZSI OK
JZST OK
JZSO OK
JZSL OK
JZLI OK
JZLO OK
JZLT OK
JZLS OK
JLIO OK
JLIT OK
JLIS OK
JLIZ OK
JLOI OK
JLOT OK
JOZS CAP
JLOS OK
JLOZ OK
JLTI OK
JLTO OK
JLTS OK
JLTZ OK
JLSI OK
JLST OK
JLSO OK
JLZI OK
JLZO OK
JLZT OK
JLZS OK
LIOT OK
JLSZ OK
LIOS OK
JZOS OK
LIOJ OK
LIOZ OK
LITO OK
LITS OK
LITJ OK
LITZ OK
LIST OK
LISJ OK
LIZT OK
LISO OK
LIZJ OK
LIZO OK
LIJO OK
LIJT OK
LIJS OK
LIJZ OK
LOIT OK
LOIS OK
LOIZ OK
LOIJ OK
LOTI OK
LOTS OK
LOTZ OK
LOTJ OK
LOSI OK
LOST OK
LOSJ OK
LIZS OK
LOZI OK
LISZ OK
LOZJ OK
LOZT OK
LOJI OK
LOJT OK
LOJS OK
LOJZ OK
LTIO OK
LTIS OK
LTIZ OK
LTIJ OK
LTOI OK
LTOS OK
LTOZ OK
LTOJ OK
LTSI OK
LTSO OK
LTSZ OK
LTSJ OK
LTZI OK
LTZO OK
LOSZ OK
LTZJ OK
LTJI OK
LTJO OK
LTJS OK
LTJZ OK
LTZS OK
LSIT OK
LSIO OK
LSIJ OK
LSOI OK
LSIZ OK
LSOJ OK
LSOT OK
LSTI OK
LSTO OK
LSTJ OK
LSTZ OK
LSZI OK
LSZO OK
LSZT OK
LSZJ OK
LSJI OK
LSJO OK
LSJT OK
LSJZ OK
LZIT OK
LZIO OK
LZIJ OK
LZIS OK
LZOI OK
LZOT OK
LZOJ OK
LZTI OK
LZTO OK
LZTS OK
LZTJ OK
LZSI OK
LOZS CAP
LZOS OK
LZST OK
LZSJ OK
LZJI OK
LZJO OK
LZJT OK
LZJS OK
LJIT OK
LJIO OK
LZSO OK
LJIS OK
LJIZ OK
LJOI OK
LJOT OK
LJTI OK
LJOS OK
LJOZ OK
LJTO OK
LJTS OK
LJTZ OK
LJSI OK
LJST OK
LJSO OK
LJSZ OK
LJZI OK
LJZO OK
LJZS OK
LJZT OK
LSOZ CAP
