IOTJ OK
IOTL OK
IOTS OK
IOTZ OK
IOST OK
IOSZ OK
IOSJ OK
IOSL OK
IOZT OK
IOZJ OK
IOZL OK
IOJT OK
IOZS OK
IOJL OK
IOJS OK
IOLT OK
IOJZ OK
IOLJ OK
ITOS OK
IOLS OK
IOLZ OK
ITOZ OK
ITOJ OK
ITOL OK
ITSO OK
ITSZ OK
ITSJ OK
ITSL OK
ITZO OK
ITZS OK
ITZJ OK
ITZL OK
ITJO OK
ITJS OK
ITJZ OK
ITJL OK
ITLO OK
ITLS OK
ITLJ OK
ITLZ OK
ISOT OK
ISOZ OK
ISOJ OK
ISOL OK
ISTO OK
ISTZ OK
ISTJ OK
ISTL OK
ISZO OK
ISZT OK
ISJO OK
ISJT OK
ISZJ OK
ISZL OK
ISJL OK
ISLO OK
ISLT OK
ISJZ OK
ISLJ OK
IZOT OK
ISLZ OK
IZOS OK
IZOJ OK
IZTO OK
IZOL OK
IZTS OK
IZTJ OK
IZTL OK
IZST OK
IZSO OK
IZSJ OK
IZSL OK
IZJT OK
IZJO OK
IZJL OK
IZJS OK
IZLT OK
IZLO OK
IZLJ OK
IJOT OK
IZLS OK
IJOL OK
IJOS OK
IJOZ OK
IJTO OK
IJTS OK
IJTZ OK
IJTL OK
IJST OK
IJSL OK
IJZT OK
IJSO OK
IJZL OK
IJZO OK
IJLO OK
IJLT OK
IJLS OK
IJLZ OK
ILOT OK
ILOS OK
ILOJ OK
ILOZ OK
ILTO OK
ILTS OK
ILTZ OK
ILTJ OK
ILST OK
IJSZ OK
ILSJ OK
IJZS OK
ILZT OK
ILSO OK
ILZJ OK
ILJO OK
ILJT OK
ILJS OK
ILZO OK
ILJZ OK
OITS OK
OITZ OK
OITJ OK
OITL OK
OIST OK
OISZ OK
OISJ OK
OISL OK
OIZT OK
OIZS OK
OIZJ OK
ILSZ OK
OIJT OK
ILZS OK
OIZL OK
OIJS OK
OIJL OK
OIJZ OK
OILT OK
OILJ OK
OILS OK
OTIS OK
OILZ OK
OTIJ OK
OTIL OK
OTIZ OK
OTSI OK
OTSJ OK
OTSL OK
OTZI OK
OTZJ OK
OTZL OK
OTSZ OK
OTJI OK
OTJS OK
OTJZ OK
OTZS OK
OTJL OK
OTLI OK
OTLS OK
OTLJ OK
OTLZ OK
OSIT OK
OSIZ OK
OSIL OK
OSIJ OK
OSTI OK
OSTZ OK
OSTL OK
OSTJ OK
OSZI OK
OSZT OK
OSJI OK
OSJT OK
OSZJ OK
OSJL OK
OSLI OK
OSLT OK
OSJZ OK
OSLJ OK
OZIT OK
OZIS OK
OZIJ OK
OSZL OK
OZTI OK
OZIL OK
OZTS OK
OZTJ OK
OZTL OK
OZSI OK
OZST OK
OZSJ OK
OZJI OK
OZSL OK
OZJT OK
OZJL OK
OSLZ OK
OZLI OK
OZLT OK
OZLJ OK
OJIT OK
OJIZ OK
OJIS OK
OJIL OK
OJTI OK
OZLS OK
OJTL OK
OJTS OK
OJTZ OK
OZJS OK
OJSI OK
OJSL OK
OJST OK
OJZI OK
OJZT OK
OJZL OK
OJLI OK
OJLT OK
OJLS OK
OJLZ OK
OLIT OK
OLIS OK
OLIJ OK
OLIZ OK
OLTI OK
OLTS OK
OLTZ OK
OLTJ OK
OLSI OK
OLST OK
OJSZ OK
OLSJ OK
OLZI OK
OLZT OK
OLZJ OK
OLJI OK
OLJT OK
OLJS OK
OLJZ OK
TIOS OK
TIOZ OK
TIOJ OK
OLSZ OK
TIOL OK
TISO OK
TISZ OK
TISJ OK
TISL OK
TIZO OK
TIZS OK
TIZJ OK
TIZL OK
TIJO OK
OLZS OK
TIJS OK
TIJL OK
TIJZ OK
TILO OK
TILS OK
TILZ OK
TILJ OK
TOIS OK
TOIZ OK
TOIJ OK
TOIL OK
TOSI OK
TOSJ OK
TOSL OK
TOZI OK
TOSZ OK
TOZS OK
TOZJ OK
TOZL OK
TOJI OK
TOJS OK
TOJZ OK
TOJL OK
TOLI OK
TOLS OK
TOLZ OK
TOLJ OK
TSIO OK
TSIZ OK
TSIJ OK
TSIL OK
TSOI OK
TSOZ OK
TSOJ OK
TSOL OK
TSZI OK
TSZO OK
TSZJ OK
TSZL OK
TSJI OK
TSJO OK
TSJZ OK
TSJL OK
TSLI OK
TSLO OK
TSLZ OK
TSLJ OK
TZIO OK
TZIS OK
TZIJ OK
TZIL OK
TZOI OK
TZOS OK
OJZS CAP
TZOJ OK
TZOL OK
TZSI OK
TZSO OK
TZJI OK
TZSJ OK
TZSL OK
TZJO OK
TZJL OK
TZJS OK
TZLI OK
TZLO OK
TZLS OK
TZLJ OK
TJIO OK
TJIS OK
TJIZ OK
TJIL OK
TJOI OK
TJOL OK
TJOS OK
TJOZ OK
TJSI OK
TJSL OK
TJSO OK
TJSZ OK
TJZI OK
TJZL OK
TJLI OK
TJZO OK
TJZS OK
TJLO OK
TLIO OK
TJLS OK
TJLZ OK
TLIS OK
TLIJ OK
TLIZ OK
TLOI OK
TLOZ OK
TLOS OK
TLOJ OK
TLSI OK
TLSJ OK
TLSO OK
TLZI OK
TLSZ OK
TLZJ OK
TLZO OK
TLJI OK
TLZS OK
TLJO OK
TLJS OK
SIOT OK
TLJZ OK
SIOZ OK
SIOJ OK
SIOL OK
SITO OK
SITZ OK
SITJ OK
SITL OK
SIZO OK
SIZT OK
SIZJ OK
SIJO OK
SIZL OK
SIJT OK
SIJL OK
SILT OK
SILO OK
SIJZ OK
SOIT OK
SILJ OK
SILZ OK
SOIZ OK
SOIJ OK
SOIL OK
SOTI OK
SOTZ OK
SOTJ OK
SOTL OK
SOZI OK
SOZT OK
SOJI OK
SOJT OK
SOZJ OK
SOJL OK
SOLI OK
SOLT OK
SOJZ OK
SOLJ OK
STIO OK
STIZ OK
STIJ OK
STIL OK
STOI OK
SOZL OK
STOJ OK
STOZ OK
STZI OK
STOL OK
STZO OK
STZJ OK
STZL OK
STJI OK
STJO OK
STJL OK
STJZ OK
STLI OK
STLO OK
STLJ OK
SOLZ OK
SZIO OK
SZIT OK
SZIJ OK
STLZ OK
SZOI OK
SZOT OK
SZIL OK
SZOJ OK
SZTI OK
SZTO OK
SZTJ OK
SZTL OK
SZJI OK
SZJT OK
SZJL OK
SZJO OK
SZLI OK
SZOL OK
SZLT OK
SJIO OK
SZLJ OK
SJIT OK
SJIL OK
SJOI OK
SZLO OK
SJIZ OK
SJOL OK
SJTI OK
SJOT OK
SJTO OK
SJTL OK
SJTZ OK
SJZI OK
SJOZ OK
SJZL OK
SJZO OK
SJLI OK
SJZT OK
SJLO OK
SJLT OK
SJLZ OK
SLIT OK
SLIO OK
SLIJ OK
SLOI OK
SLIZ OK
SLOT OK
SLOJ OK
SLTI OK
SLTO OK
SLTJ OK
SLTZ OK
SLZI OK
SLZT OK
SLZJ OK
SLJI OK
SLJO OK
SLZO OK
SLJT OK
SLJZ OK
ZIOT OK
ZIOJ OK
ZIOL OK
ZIOS OK
ZITO OK
ZITS OK
ZITJ OK
ZITL OK
ZIST OK
ZISO OK
ZISJ OK
SLOZ OK
ZISL OK
ZIJT OK
ZIJL OK
ZIJO OK
ZIJS OK
ZILT OK
ZILO OK
ZILJ OK
ZOIT OK
ZILS OK
ZOIJ OK
ZOTI OK
ZOIL OK
ZOIS OK
ZOTS OK
ZOTJ OK
ZOTL OK
ZOSI OK
ZOST OK
ZOSJ OK
ZOJT OK
ZOJI OK
ZOJL OK
ZOSL OK
ZOLT OK
ZOLI OK
ZOLJ OK
ZTIO OK
ZTIS OK
ZTIJ OK
ZTIL OK
ZTOI OK
ZTOS OK
ZTOJ OK
ZTOL OK
ZTSI OK
ZOLS OK
ZTSO OK
ZTSL OK
ZTSJ OK
ZTJI OK
ZOJS OK
ZTJO OK
ZTJS OK
ZTJL OK
ZTLI OK
ZTLO OK
ZTLS OK
ZTLJ OK
ZSIO OK
ZSIT OK
ZSIJ OK
ZSIL OK
ZSOI OK
ZSOT OK
ZSOJ OK
ZSTI OK
ZSTO OK
ZSTJ OK
ZSTL OK
ZSJI OK
ZSJT OK
ZSJL OK
ZSJO OK
ZSLI OK
ZSLT OK
ZSOL OK
ZSLJ OK
ZJIT OK
ZJIO OK
ZJIL OK
ZSLO OK
ZJIS OK
ZJOT OK
ZJOL OK
ZJOI OK
ZJTI OK
ZJTO OK
ZJTL OK
ZJSI OK
ZJTS OK
ZJSO OK
ZJST OK
ZJSL OK
ZJLI OK
ZJLO OK
ZJLT OK
ZJLS OK
ZLIT OK
ZLIO OK
ZLIJ OK
ZLIS OK
ZLOT OK
ZLOI OK
ZLOJ OK
ZLTI OK
ZLTO OK
ZJOS OK
ZLTS OK
ZLTJ OK
ZLSI OK
ZLST OK
ZLSJ OK
ZLJI OK
ZLJO OK
ZLJT OK
ZLOS OK
ZLJS OK
JIOT OK
ZLSO OK
JIOL OK
JITO OK
JIOS OK
JIOZ OK
JITS OK
JITZ OK
JITL OK
JIST OK
JISL OK
JIZT OK
JISO OK
JIZL OK
JIZO OK
JILO OK
JILT OK
JILS OK
JILZ OK
JOIT OK
JOIS OK
JOIZ OK
JOIL OK
JOTI OK
JOTS OK
JOTZ OK
JOTL OK
JOSI OK
JOST OK
JOSL OK
JISZ OK
JOZI OK
JIZS OK
JOZT OK
JOLI OK
JOZL OK
JOLT OK
JOLS OK
JOLZ OK
JTIO OK
JTIS OK
JTIZ OK
JTIL OK
JTOI OK
JTOS OK
JTOZ OK
JTOL OK
JTSI OK
JTSO OK
JTSZ OK
JTSL OK
JTZI OK
JOSZ OK
JTZO OK
JTZL OK
JTZS OK
JTLI OK
JTLO OK
JTLS OK
JTLZ OK
JSIO OK
JSIT OK
JSIL OK
JSOI OK
JSIZ OK
JSOL OK
JSTI OK
JSOT OK
JOZS OK
JSTO OK
JSTL OK
JSTZ OK
JSZI OK
JSZL OK
JSLI OK
JSOZ OK
JSLO OK
JSLT OK
JSZT OK
JSZO OK
JSLZ OK
JZIT OK
JZIL OK
JZIO OK
JZIS OK
JZOT OK
JZOI OK
JZOL OK
JZTI OK
JZTO OK
JZTL OK
JZTS OK
JZSI OK
JZSL OK
JZST OK
JZLI OK
JZLO OK
JZLT OK
JZLS OK
JZSO OK
JLIO OK
JLIT OK
JLIS OK
JLIZ OK
JLOI OK
JLOT OK
JLOS OK
JLOZ OK
JLTI OK
JLTO OK
JLTS OK
JLTZ OK
JLSI OK
JLSO OK
JLST OK
JLZI OK
JLSZ OK
JLZO OK
JLZT OK
JLZS OK
LIOT OK
LIOS OK
LIOJ OK
LITO OK
LITS OK
LIOZ OK
LITZ OK
LITJ OK
JZOS OK
LIST OK
LISJ OK
LIZT OK
LISO OK
LIZJ OK
LIZO OK
LIJO OK
LIJT OK
LIJS OK
LIJZ OK
LOIT OK
LOIS OK
LOIJ OK
LOIZ OK
LOTI OK
LOTS OK
LOTZ OK
LOTJ OK
LOSI OK
LOST OK
LOSJ OK
LIZS OK
LISZ OK
LOZT OK
LOZI OK
LOZJ OK
LOJI OK
LOJT OK
LOJS OK
LOJZ OK
LTIO OK
LTIS OK
LTIZ OK
LTIJ OK
LTOI OK
LTOS OK
LTOZ OK
LTOJ OK
LTSI OK
LTSO OK
LTSZ OK
LTSJ OK
LTZI OK
LTZO OK
LTZS OK
LTZJ OK
LTJI OK
LTJO OK
LOSZ OK
LTJS OK
LTJZ OK
LSIO OK
LSIT OK
LSIJ OK
LOZS OK
LSOI OK
LSIZ OK
LSOJ OK
LSOT OK
LSTI OK
LSTJ OK
LSTO OK
LSTZ OK
LSZI OK
LSZJ OK
LSZT OK
LSJI OK
LSJO OK
LSJT OK
LSJZ OK
LSZO OK
LZIT OK
LZIO OK
LZIJ OK
LZIS OK
LZOT OK
LZOI OK
LZOJ OK
LZTI OK
LZTO OK
LZTS OK
LZTJ OK
LSOZ OK
LZST OK
LZSJ OK
LZSI OK
LZOS OK
LZJI OK
LZJO OK
LZJT OK
LZSO OK
LJIT OK
LJIO OK
LZJS OK
LJIS OK
LJOI OK
LJIZ OK
LJOT OK
LJOS OK
LJOZ OK
LJTI OK
LJTO OK
LJTS OK
LJTZ OK
LJSI OK
LJSO OK
LJST OK
LJZI OK
LJZO OK
LJSZ OK
LJZT OK
LJZS OK
