IOTS OK
IOTZ OK
IOTL OK
IOTJ OK
IOST OK
IOSJ OK
IOSZ OK
IOSL OK
IOZT OK
IOZJ OK
IOJT OK
IOZL OK
IOZS OK
IOJL OK
IOLT OK
IOJS OK
IOJZ OK
IOLJ OK
IOLS OK
ITOS OK
IOLZ OK
ITOZ OK
ITOJ OK
ITOL OK
ITSO OK
ITSJ OK
ITSZ OK
ITSL OK
ITZO OK
ITZS OK
ITZJ OK
ITZL OK
ITJO OK
ITJS OK
ITJZ OK
ITJL OK
ITLO OK
ITLS OK
ITLZ OK
ITLJ OK
ISOT OK
ISOZ OK
ISOJ OK
ISOL OK
ISTO OK
ISTZ OK
ISTJ OK
ISTL OK
ISZO OK
ISZT OK
ISJO OK
ISZJ OK
ISJT OK
ISZL OK
ISJZ OK
ISJL OK
ISLO OK
ISLT OK
ISLJ OK
IZOT OK
ISLZ OK
IZOS OK
IZOJ OK
IZTO OK
IZOL OK
IZTS OK
IZTJ OK
IZTL OK
IZST OK
IZSO OK
IZSJ OK
IZSL OK
IZJT OK
IZJO OK
IZJL OK
IZJS OK
IZLT OK
IZLO OK
IZLJ OK
IZLS OK
IJOT OK
IJOS OK
IJOL OK
IJTO OK
IJOZ OK
IJTS OK
IJTL OK
IJTZ OK
IJST OK
IJSL OK
IJZT OK
IJSO OK
IJZL OK
IJZO OK
IJLO OK
IJLT OK
IJLS OK
IJLZ OK
ILOT OK
ILOS OK
ILOJ OK
ILOZ OK
ILTO OK
ILTS OK
ILTZ OK
ILTJ OK
ILST OK
IJSZ OK
ILSJ OK
IJZS OK
ILZT OK
ILSO OK
ILZJ OK
ILJO OK
ILJT OK
ILSZ OK
ILZO OK
ILJS OK
ILJZ OK
ILZS OK
OITS OK
OITZ OK
OITJ OK
OITL OK
OIST OK
OISZ OK
OISJ OK
OIZT OK
OISL OK
OIZJ OK
OIZS OK
OIJT OK
OIZL OK
OIJL OK
OILT OK
OIJS OK
OIJZ OK
OILS OK
OILJ OK
OTIS OK
OILZ OK
OTIZ OK
OTIJ OK
OTIL OK
OTSI OK
OTSL OK
OTSJ OK
OTZI OK
OTZJ OK
OTZL OK
OTSZ OK
OTJI OK
OTJS OK
OTJZ OK
OTJL OK
OTZS OK
OTLI OK
OTLS OK
OTLZ OK
OTLJ OK
OSIT OK
OSIZ OK
OSIJ OK
OSIL OK
OSTI OK
OSTJ OK
OSTZ OK
OSTL OK
OSZI OK
OSZT OK
OSJI OK
OSJT OK
OSZJ OK
OSZL OK
OSJL OK
OSLI OK
OSLT OK
OSLJ OK
OZIT OK
OSJZ OK
OZIS OK
OZIJ OK
OZTI OK
OZTS OK
OZIL OK
OZTJ OK
OZTL OK
OZSI OK
OZST OK
OZJI OK
OZSJ OK
OZSL OK
OZJT OK
OZJL OK
OZLT OK
OZLI OK
OSLZ OK
OZLJ OK
OJIT OK
OJIS OK
OJIZ OK
OJIL OK
OJTI OK
OJTS OK
OJTZ OK
OJTL OK
OZLS OK
OJSI OK
OJST OK
OJSL OK
OZJS OK
OJZI OK
OJZT OK
OJZL OK
OJLI OK
OJLT OK
OJLS OK
OJLZ OK
OLIT OK
OLIS OK
OLIZ OK
OLIJ OK
OLTI OK
OLTS OK
OLTZ OK
OLTJ OK
OLSI OK
OLST OK
OLSJ OK
OJSZ OK
OLZI OK
OLZT OK
OLZJ OK
OLJI OK
OLJT OK
OLJS OK
OLJZ OK
TIOS OK
TIOZ OK
TIOJ OK
TIOL OK
OLSZ OK
TISO OK
TISZ OK
TISJ OK
TISL OK
TIZO OK
TIZS OK
TIZJ OK
TIZL OK
OLZS OK
TIJO OK
TIJS OK
TIJZ OK
TIJL OK
TILO OK
TILS OK
TILZ OK
TILJ OK
TOIS OK
TOIZ OK
TOIJ OK
TOIL OK
TOSI OK
TOSJ OK
TOSL OK
TOZI OK
TOSZ OK
TOZS OK
TOZJ OK
TOZL OK
TOJI OK
TOJS OK
TOJZ OK
TOJL OK
TOLI OK
TOLS OK
TOLJ OK
TOLZ OK
TSIO OK
TSIZ OK
TSIJ OK
TSIL OK
TSOI OK
TSOZ OK
TSOJ OK
TSOL OK
TSZI OK
TSZJ OK
TSZO OK
TSZL OK
TSJI OK
TSJO OK
TSJZ OK
TSJL OK
TSLI OK
TSLO OK
TSLJ OK
TSLZ OK
OJZS CAP
TZIO OK
TZIS OK
TZIJ OK
TZOI OK
TZIL OK
TZOJ OK
TZOS OK
TZSI OK
TZOL OK
TZSJ OK
TZSL OK
TZSO OK
TZJI OK
TZJO OK
TZJL OK
TZJS OK
TZLI OK
TZLJ OK
TZLO OK
TZLS OK
TJIO OK
TJIS OK
TJIZ OK
TJIL OK
TJOI OK
TJOL OK
TJOS OK
TJOZ OK
TJSI OK
TJSL OK
TJSO OK
TJSZ OK
TJZI OK
TJZO OK
TJLI OK
TJZL OK
TJZS OK
TJLO OK
TJLS OK
TJLZ OK
TLIO OK
TLIS OK
TLIJ OK
TLIZ OK
TLOI OK
TLOJ OK
TLOS OK
TLOZ OK
TLSI OK
TLSJ OK
TLSO OK
TLZI OK
TLSZ OK
TLZO OK
TLZS OK
TLJI OK
TLZJ OK
TLJO OK
TLJS OK
SIOT OK
TLJZ OK
SIOZ OK
SIOJ OK
SIOL OK
SITO OK
SITZ OK
SITJ OK
SITL OK
SIZO OK
SIZT OK
SIZJ OK
SIJO OK
SIJT OK
SIZL OK
SIJL OK
SILO OK
SILT OK
SIJZ OK
SILJ OK
SOIT OK
SOIZ OK
SILZ OK
SOIJ OK
SOTI OK
SOIL OK
SOTZ OK
SOTJ OK
SOTL OK
SOZI OK
SOZT OK
SOJI OK
SOZL OK
SOJT OK
SOJL OK
SOZJ OK
SOLI OK
SOLT OK
SOLJ OK
STIO OK
SOLZ OK
STIZ OK
STIJ OK
STIL OK
STOI OK
STOJ OK
STOL OK
STZI OK
SOJZ OK
STOZ OK
STZO OK
STZJ OK
STZL OK
STJI OK
STJO OK
STJL OK
STJZ OK
STLI OK
STLO OK
STLJ OK
STLZ OK
SZIO OK
SZIT OK
SZOI OK
SZIJ OK
SZOT OK
SZIL OK
SZTI OK
SZOJ OK
SZOL OK
SZTO OK
SZTJ OK
SZTL OK
SZJI OK
SZJT OK
SZJO OK
SZJL OK
SZLI OK
SZLT OK
SZLJ OK
SZLO OK
SJIO OK
SJIT OK
SJIL OK
SJOI OK
SJIZ OK
SJOL OK
SJTI OK
SJOT OK
SJTO OK
SJTL OK
SJTZ OK
SJZI OK
SJOZ OK
SJZL OK
SJLI OK
SJLO OK
SJZT OK
SJZO OK
SJLT OK
SLIT OK
SJLZ OK
SLIO OK
SLIJ OK
SLOI OK
SLIZ OK
SLOT OK
SLOJ OK
SLTI OK
SLTJ OK
SLTO OK
SLTZ OK
SLZI OK
SLZO OK
SLZJ OK
SLZT OK
SLJI OK
SLJT OK
SLJO OK
SLJZ OK
ZIOT OK
ZIOJ OK
ZIOS OK
ZIOL OK
ZITS OK
ZITO OK
ZITJ OK
ZITL OK
ZISO OK
ZIST OK
ZISJ OK
ZISL OK
ZIJT OK
ZIJO OK
ZIJL OK
ZIJS OK
ZILT OK
SLOZ OK
ZILO OK
ZILJ OK
ZOIT OK
ZILS OK
ZOIJ OK
ZOTI OK
ZOIL OK
ZOIS OK
ZOTS OK
ZOTJ OK
ZOSI OK
ZOTL OK
ZOST OK
ZOSJ OK
ZOJI OK
ZOJT OK
ZOJL OK
ZOSL OK
ZOJS OK
ZOLT OK
ZOLI OK
ZOLJ OK
ZTIO OK
ZTIS OK
ZTIJ OK
ZTIL OK
ZTOI OK
ZTOS OK
ZTOJ OK
ZTOL OK
ZTSI OK
ZTSJ OK
ZTSO OK
ZTSL OK
ZTJI OK
ZTJO OK
ZOLS OK
ZTJS OK
ZTJL OK
ZTLI OK
ZTLO OK
ZTLS OK
ZTLJ OK
ZSIO OK
ZSIT OK
ZSIJ OK
ZSIL OK
ZSOI OK
ZSOT OK
ZSTI OK
ZSOJ OK
ZSOL OK
ZSTO OK
ZSTJ OK
ZSTL OK
ZSJI OK
ZSJT OK
ZSJL OK
ZSJO OK
ZSLI OK
ZSLT OK
ZSLJ OK
ZSLO OK
ZJIT OK
ZJIL OK
ZJIO OK
ZJIS OK
ZJOT OK
ZJOI OK
ZJOL OK
ZJTI OK
ZJTO OK
ZJTS OK
ZJTL OK
ZJSI OK
ZJST OK
ZJSL OK
ZJSO OK
ZJLI OK
ZJLO OK
ZJLT OK
ZJLS OK
ZLIT OK
ZLIO OK
ZLIJ OK
ZLIS OK
ZLOT OK
ZLOI OK
ZLOJ OK
ZLTI OK
ZLTO OK
ZLTS OK
ZJOS OK
ZLTJ OK
ZLSI OK
ZLST OK
ZLSJ OK
ZLJI OK
ZLJO OK
ZLOS OK
ZLJT OK
ZLSO OK
JIOT OK
ZLJS OK
JITO OK
JIOL OK
JIOS OK
JITZ OK
JITS OK
JITL OK
JIOZ OK
JIST OK
JISL OK
JIZT OK
JISO OK
JIZL OK
JIZO OK
JILT OK
JILO OK
JILS OK
JILZ OK
JOIT OK
JOIS OK
JOIZ OK
JOIL OK
JOTI OK
JOTS OK
JOTL OK
JOTZ OK
JOSI OK
JOST OK
JOSL OK
JOZI OK
JOZT OK
JIZS OK
JISZ OK
JOZL OK
JOLI OK
JOLT OK
JOLS OK
JOLZ OK
JTIO OK
JTIS OK
JTIZ OK
JTIL OK
JTOI OK
JTOS OK
JTOZ OK
JTOL OK
JTSI OK
JTSO OK
JTSZ OK
JTSL OK
JTZI OK
JTZO OK
JTZS OK
JTZL OK
JTLI OK
JOSZ OK
JTLO OK
JTLS OK
JTLZ OK
JSIO OK
JSIT OK
JSIL OK
JSOI OK
JSIZ OK
JSOT OK
JSOL OK
JSTI OK
JSTO OK
JSTL OK
JSTZ OK
JOZS OK
JSZT OK
JSZL OK
JSOZ OK
JSLI OK
JSLO OK
JSLT OK
JSZI OK
JSZO OK
JSLZ OK
JZIT OK
JZIO OK
JZIL OK
JZOI OK
JZOT OK
JZIS OK
JZOL OK
JZTI OK
JZTL OK
JZTO OK
JZTS OK
JZSI OK
JZSL OK
JZLI OK
JZST OK
JZLT OK
JZLO OK
JLIO OK
JZLS OK
JLIT OK
JZSO OK
JLIS OK
JLIZ OK
JLOI OK
JLOT OK
JLTI OK
JLOS OK
JLOZ OK
JLTO OK
JLTS OK
JLTZ OK
JLSI OK
JLST OK
JLSO OK
JLZI OK
JLZO OK
JLSZ OK
JLZT OK
LIOT OK
JLZS OK
LIOJ OK
LIOS OK
LITO OK
LIOZ OK
LITS OK
LITZ OK
LITJ OK
LIST OK
LISJ OK
JZOS OK
LIZT OK
LISO OK
LIZJ OK
LIZO OK
LISZ OK
LIJO OK
LIJT OK
LIZS OK
LIJS OK
LIJZ OK
LOIT OK
LOIJ OK
LOTI OK
LOTS OK
LOIS OK
LOIZ OK
LOTZ OK
LOTJ OK
LOSI OK
LOSJ OK
LOST OK
LOZI OK
LOZT OK
LOZJ OK
LOJI OK
LOJT OK
LOJS OK
LOJZ OK
LTIO OK
LTIS OK
LTIZ OK
LTIJ OK
LTOI OK
LTOS OK
LTOZ OK
LTOJ OK
LTSI OK
LTSO OK
LTSZ OK
LTSJ OK
LTZI OK
LTZO OK
LTZS OK
LTZJ OK
LTJI OK
LTJO OK
LTJS OK
LTJZ OK
LSIO OK
LSIT OK
LOSZ OK
LSIJ OK
LSIZ OK
LSOI OK
LOZS OK
LSOT OK
LSOJ OK
LSTI OK
LSTJ OK
LSTO OK
LSTZ OK
LSZI OK
LSZT OK
LSZJ OK
LSJI OK
LSJO OK
LSJT OK
LSJZ OK
LZIT OK
LSZO OK
LZIO OK
LZIJ OK
LZIS OK
LZOT OK
LZOI OK
LZOJ OK
LZTI OK
LZTO OK
LZTJ OK
LZTS OK
LSOZ OK
LZST OK
LZOS OK
LZSI OK
LZSJ OK
LZJI OK
LZJO OK
LZJT OK
LJIO OK
LZSO OK
LZJS OK
LJIT OK
LJIS OK
LJOI OK
LJIZ OK
LJOT OK
LJOS OK
LJTI OK
LJOZ OK
LJTO OK
LJTS OK
LJTZ OK
LJSI OK
LJSO OK
LJST OK
LJZI OK
LJZO OK
LJSZ OK
LJZT OK
LJZS OK
