IOTJ OK
IOTS OK
IOTZ OK
IOTL OK
IOSZ OK
IOST OK
IOSJ OK
IOZT OK
IOSL OK
IOZJ OK
IOZL OK
IOZS OK
IOJT OK
IOJL OK
IOJS OK
IOJZ OK
IOLT OK
IOLS OK
IOLJ OK
IOLZ OK
ITOS OK
ITOZ OK
ITOJ OK
ITOL OK
ITSO OK
ITSZ OK
ITSJ OK
ITSL OK
ITZO OK
ITZJ OK
ITZS OK
ITZL OK
ITJO OK
ITJS OK
ITJZ OK
ITJL OK
ITLO OK
ITLS OK
ITLZ OK
ITLJ OK
ISOT OK
ISOZ OK
ISOJ OK
ISOL OK
ISTO OK
ISTZ OK
ISTJ OK
ISTL OK
ISZO OK
ISZT OK
ISJO OK
ISZJ OK
ISZL OK
ISJT OK
ISJL OK
ISJZ OK
ISLO OK
ISLT OK
ISLJ OK
IZOT OK
ISLZ OK
IZOS OK
IZOJ OK
IZTO OK
IZOL OK
IZTS OK
IZTJ OK
IZTL OK
IZST OK
IZSO OK
IZSJ OK
IZSL OK
IZJT OK
IZJO OK
IZJL OK
IZJS OK
IZLT OK
IZLO OK
IZLJ OK
IJOT OK
IZLS OK
IJOS OK
IJOL OK
IJOZ OK
IJTO OK
IJTS OK
IJTZ OK
IJTL OK
IJST OK
IJSO OK
IJSL OK
IJZT OK
IJZO OK
IJZL OK
IJLO OK
IJLT OK
IJLS OK
IJLZ OK
ILOT OK
ILOS OK
ILOZ OK
ILOJ OK
ILTO OK
ILTS OK
ILTZ OK
IJSZ OK
ILTJ OK
ILST OK
IJZS OK
ILSJ OK
ILSO OK
ILZT OK
ILZO OK
ILZJ OK
ILSZ OK
ILJO OK
ILJT OK
ILJS OK
ILJZ OK
OITS OK
OITZ OK
OITJ OK
OITL OK
OIST OK
OISZ OK
OISJ OK
OISL OK
OIZT OK
OIZS OK
OIZJ OK
OIJT OK
OIZL OK
OIJS OK
OIJZ OK
OIJL OK
OILT OK
ILZS OK
OILS OK
OILJ OK
OILZ OK
OTIS OK
OTIZ OK
OTIJ OK
OTIL OK
OTSI OK
OTSJ OK
OTSL OK
OTZI OK
OTSZ OK
OTZJ OK
OTZL OK
OTJI OK
OTZS OK
OTJS OK
OTJZ OK
OTJL OK
OTLS OK
OTLI OK
OTLZ OK
OTLJ OK
OSIT OK
OSIZ OK
OSIJ OK
OSIL OK
OSTI OK
OSTZ OK
OSTJ OK
OSTL OK
OSZI OK
OSZT OK
OSJI OK
OSJT OK
OSZJ OK
OSZL OK
OSJL OK
OSLI OK
OSLT OK
OSLJ OK
OZIT OK
OSJZ OK
OZIS OK
OZIJ OK
OZIL OK
OZTI OK
OZTS OK
OZTJ OK
OZTL OK
OZSI OK
OZST OK
OZSJ OK
OSLZ OK
OZSL OK
OZJT OK
OZJI OK
OZJL OK
OZLT OK
OZLI OK
OZLJ OK
OJIT OK
OJIS OK
OZJS OK
OJIZ OK
OZLS OK
OJIL OK
OJTI OK
OJTS OK
OJTZ OK
OJTL OK
OJSI OK
OJST OK
OJSL OK
OJZI OK
OJZT OK
OJZL OK
OJLI OK
OJLT OK
OJLS OK
OJLZ OK
OLIT OK
OLIS OK
OLIZ OK
OLIJ OK
OLTI OK
OJSZ OK
OLTZ OK
OLTS OK
OLTJ OK
OLSI OK
OLST OK
OLSJ OK
OLZI OK
OLZT OK
OLSZ OK
OLZJ OK
OLJI OK
OLJT OK
OLJS OK
OLJZ OK
TIOS OK
OLZS OK
TIOZ OK
TIOJ OK
TIOL OK
TISO OK
TISZ OK
TISJ OK
TISL OK
TIZO OK
TIZS OK
TIZJ OK
TIZL OK
TIJO OK
TIJS OK
TIJZ OK
TIJL OK
TILO OK
TILS OK
TILZ OK
TILJ OK
TOIS OK
TOIZ OK
TOIJ OK
TOIL OK
TOSI OK
TOSJ OK
OJZS CAP
TOSL OK
TOSZ OK
TOZI OK
TOZS OK
TOZJ OK
TOZL OK
TOJI OK
TOJS OK
TOJZ OK
TOJL OK
TOLI OK
TOLS OK
TOLZ OK
TOLJ OK
TSIO OK
TSIZ OK
TSIJ OK
TSIL OK
TSOI OK
TSOZ OK
TSOJ OK
TSOL OK
TSZI OK
TSZO OK
TSZJ OK
TSZL OK
TSJI OK
TSJO OK
TSJZ OK
TSJL OK
TSLI OK
TSLO OK
TSLZ OK
TSLJ OK
TZIO OK
TZIS OK
TZIJ OK
TZIL OK
TZOI OK
TZOS OK
TZOJ OK
TZOL OK
TZSI OK
TZSO OK
TZSJ OK
TZSL OK
TZJI OK
TZJO OK
TZJS OK
TZJL OK
TZLI OK
TZLO OK
TZLS OK
TZLJ OK
TJIO OK
TJIS OK
TJIZ OK
TJIL OK
TJOI OK
TJOS OK
TJOZ OK
TJOL OK
TJSI OK
TJSO OK
TJSL OK
TJSZ OK
TJZI OK
TJZO OK
TJZL OK
TJZS OK
TJLI OK
TJLO OK
TJLS OK
TJLZ OK
TLIO OK
TLIS OK
TLIZ OK
TLOI OK
TLIJ OK
TLOS OK
TLOZ OK
TLOJ OK
TLSI OK
TLSO OK
TLSZ OK
TLSJ OK
TLZI OK
TLZO OK
TLZS OK
TLZJ OK
TLJI OK
TLJO OK
TLJS OK
TLJZ OK
SIOT OK
SIOZ OK
SIOJ OK
SIOL OK
SITO OK
SITZ OK
SITJ OK
SITL OK
SIZO OK
SIZT OK
SIZJ OK
SIJO OK
SIZL OK
SIJT OK
SILO OK
SIJL OK
SIJZ OK
SILT OK
SILJ OK
SILZ OK
SOIT OK
SOIZ OK
SOIL OK
SOIJ OK
SOTI OK
SOTJ OK
SOTZ OK
SOTL OK
SOZI OK
SOZT OK
SOJI OK
SOZL OK
SOJT OK
SOJL OK
SOZJ OK
SOLI OK
SOLT OK
SOLJ OK
SOLZ OK
STIO OK
STIZ OK
STIJ OK
STIL OK
SOJZ OK
STOI OK
STOZ OK
STOJ OK
STOL OK
STZI OK
STZO OK
STZJ OK
STZL OK
STJI OK
STJO OK
STJL OK
STLI OK
STLO OK
STJZ OK
STLZ OK
STLJ OK
SZIO OK
SZIT OK
SZIJ OK
SZOI OK
SZOT OK
SZIL OK
SZOJ OK
SZTI OK
SZOL OK
SZTO OK
SZTJ OK
SZTL OK
SZJI OK
SZJT OK
SZJL OK
SZJO OK
SZLI OK
SZLT OK
SZLO OK
SJIO OK
SZLJ OK
SJIT OK
SJIL OK
SJOI OK
SJOT OK
SJIZ OK
SJOL OK
SJTI OK
SJTO OK
SJTL OK
SJTZ OK
SJZI OK
SJZT OK
SJOZ OK
SJZL OK
SJLI OK
SJZO OK
SJLO OK
SJLT OK
SJLZ OK
SLIO OK
SLIT OK
SLIJ OK
SLOI OK
SLIZ OK
SLOT OK
SLOJ OK
SLTI OK
SLTO OK
SLTJ OK
SLTZ OK
SLZI OK
SLZO OK
SLZJ OK
SLZT OK
SLJI OK
SLJO OK
SLJT OK
SLJZ OK
ZIOT OK
ZIOS OK
ZIOJ OK
ZITO OK
ZIOL OK
ZITS OK
ZITJ OK
ZITL OK
ZISO OK
ZIST OK
ZISJ OK
ZISL OK
SLOZ OK
ZIJT OK
ZIJO OK
ZIJL OK
ZIJS OK
ZILT OK
ZILO OK
ZILJ OK
ZILS OK
ZOIT OK
ZOIJ OK
ZOIS OK
ZOIL OK
ZOTI OK
ZOTS OK
ZOTJ OK
ZOTL OK
ZOSI OK
ZOST OK
ZOSJ OK
ZOJI OK
ZOJT OK
ZOSL OK
ZOJL OK
ZOJS OK
ZOLT OK
ZOLI OK
ZOLJ OK
ZTIO OK
ZTIS OK
ZTIJ OK
ZTIL OK
ZTOI OK
ZTOS OK
ZTOJ OK
ZTOL OK
ZTSI OK
ZTSO OK
ZOLS OK
ZTSJ OK
ZTSL OK
ZTJI OK
ZTJO OK
ZTJS OK
ZTJL OK
ZTLI OK
ZTLO OK
ZTLS OK
ZTLJ OK
ZSIO OK
ZSIT OK
ZSIJ OK
ZSIL OK
ZSOI OK
ZSOT OK
ZSOJ OK
ZSOL OK
ZSTI OK
ZSTO OK
ZSTJ OK
ZSTL OK
ZSJI OK
ZSJT OK
ZSJL OK
ZSLI OK
ZSJO OK
ZSLT OK
ZSLJ OK
ZSLO OK
ZJIT OK
ZJIO OK
ZJIL OK
ZJIS OK
ZJOT OK
ZJOI OK
ZJOL OK
ZJTI OK
ZJTO OK
ZJTS OK
ZJTL OK
ZJSI OK
ZJST OK
ZJSO OK
ZJSL OK
ZJLI OK
ZJLO OK
ZJLT OK
ZJLS OK
ZLIT OK
ZLIO OK
ZJOS OK
ZLIJ OK
ZLIS OK
ZLOT OK
ZLOI OK
ZLOJ OK
ZLTI OK
ZLTO OK
ZLTS OK
ZLTJ OK
ZLSI OK
ZLST OK
ZLSJ OK
ZLJI OK
ZLJO OK
ZLSO OK
ZLJT OK
ZLOS OK
ZLJS OK
JIOT OK
JIOL OK
JIOS OK
JITO OK
JITS OK
JIOZ OK
JITL OK
JITZ OK
JIST OK
JISL OK
JISO OK
JIZT OK
JIZO OK
JIZL OK
JILO OK
JILT OK
JILS OK
JILZ OK
JOIT OK
JOIS OK
JOIZ OK
JOIL OK
JOTI OK
JOTS OK
JOTZ OK
JOTL OK
JOSI OK
JISZ OK
JOST OK
JOSL OK
JIZS OK
JOZI OK
JOZT OK
JOZL OK
JOLI OK
JOLT OK
JOLS OK
JOLZ OK
JTIO OK
JTIS OK
JTIZ OK
JTIL OK
JTOI OK
JTOS OK
JTOZ OK
JTOL OK
JTSI OK
JTSO OK
JOSZ OK
JTSZ OK
JTSL OK
JTZI OK
JTZO OK
JTZS OK
JTZL OK
JTLI OK
JTLO OK
JTLS OK
JTLZ OK
JSIO OK
JSIT OK
JOZS OK
JSIL OK
JSOI OK
JSIZ OK
JSOT OK
JSOL OK
JSTI OK
JSTO OK
JSTZ OK
JSTL OK
JSZI OK
JSOZ OK
JSZO OK
JSZL OK
JSZT OK
JSLI OK
JSLO OK
JSLT OK
JSLZ OK
JZIT OK
JZIO OK
JZIL OK
JZOT OK
JZIS OK
JZOI OK
JZOL OK
JZTI OK
JZTO OK
JZTS OK
JZTL OK
JZSI OK
JZST OK
JZSL OK
JZLI OK
JZSO OK
JZLO OK
JZLT OK
JZLS OK
JLIO OK
JLIT OK
JLIS OK
JZOS OK
JLIZ OK
JLOI OK
JLOT OK
JLOS OK
JLOZ OK
JLTI OK
JLTO OK
JLTS OK
JLTZ OK
JLSI OK
JLSO OK
JLST OK
JLZI OK
JLZO OK
JLSZ OK
JLZT OK
JLZS OK
LIOT OK
LIOJ OK
LIOS OK
LIOZ OK
LITO OK
LITS OK
LITZ OK
LITJ OK
LIST OK
LISJ OK
LISO OK
LIZO OK
LIZT OK
LISZ OK
LIZJ OK
LIJO OK
LIJT OK
LIJS OK
LIJZ OK
LOIT OK
LOIS OK
LOIZ OK
LOIJ OK
LOTI OK
LOTS OK
LOTZ OK
LOTJ OK
LOSI OK
LOST OK
LOSJ OK
LOZI OK
LOZT OK
LIZS OK
LOZJ OK
LOJI OK
LOJT OK
LOJS OK
LOJZ OK
LTIO OK
LTIS OK
LTIZ OK
LTIJ OK
LTOI OK
LTOS OK
LOSZ OK
LTOZ OK
LTOJ OK
LTSI OK
LTSO OK
LTSZ OK
LTSJ OK
LTZI OK
LTZO OK
LTZS OK
LTZJ OK
LTJI OK
LTJO OK
LOZS OK
LTJS OK
LTJZ OK
LSIT OK
LSIO OK
LSIJ OK
LSOI OK
LSIZ OK
LSOJ OK
LSOT OK
LSTI OK
LSTO OK
LSTZ OK
LSTJ OK
LSZI OK
LSZT OK
LSZJ OK
LSZO OK
LSJI OK
LSJO OK
LSJT OK
LSJZ OK
LZIT OK
LZIO OK
LZIJ OK
LZIS OK
LZOT OK
LZOI OK
LZOJ OK
LSOZ OK
LZTI OK
LZTO OK
LZTS OK
LZTJ OK
LZOS OK
LZSI OK
LZSJ OK
LZST OK
LZJI OK
LZJO OK
LZJT OK
LZSO OK
LZJS OK
LJIO OK
LJIT OK
LJIS OK
LJIZ OK
LJOI OK
LJOT OK
LJOS OK
LJOZ OK
LJTI OK
LJTO OK
LJTS OK
LJTZ OK
LJSI OK
LJSO OK
LJST OK
LJZI OK
LJSZ OK
LJZO OK
LJZT OK
LJZS OK
