IOTZ OK
IOTJ OK
IOTL OK
IOTS OK
IOST OK
IOSZ OK
IOSL OK
IOSJ OK
IOZT OK
IOZS OK
IOZJ OK
IOZL OK
IOJT OK
IOJL OK
IOLT OK
IOJS OK
IOJZ OK
IOLS OK
ITOS OK
IOLJ OK
IOLZ OK
ITOZ OK
ITOJ OK
ITOL OK
ITSO OK
ITSZ OK
ITSJ OK
ITSL OK
ITZO OK
ITZS OK
ITZJ OK
ITZL OK
ITJO OK
ITJS OK
ITJZ OK
ITJL OK
ITLO OK
ITLJ OK
ITLS OK
ITLZ OK
ISOT OK
ISOZ OK
ISTO OK
ISOJ OK
ISOL OK
ISTZ OK
ISTL OK
ISTJ OK
ISZO OK
ISZT OK
ISZJ OK
ISZL OK
ISJT OK
ISJO OK
ISJL OK
ISLT OK
ISJZ OK
ISLO OK
ISLJ OK
IZOT OK
IZOS OK
ISLZ OK
IZOJ OK
IZOL OK
IZTO OK
IZTS OK
IZTJ OK
IZTL OK
IZST OK
IZSJ OK
IZSL OK
IZSO OK
IZJT OK
IZJO OK
IZJL OK
IZLT OK
IZJS OK
IZLJ OK
IJOT OK
IZLO OK
IJOS OK
IJOZ OK
IJOL OK
IJTO OK
IJTS OK
IJTZ OK
IJTL OK
IZLS OK
IJST OK
IJSL OK
IJSO OK
IJZT OK
IJSZ OK
IJZO OK
IJZL OK
IJLO OK
IJLT OK
IJLS OK
IJZS OK
IJLZ OK
ILOT OK
ILOJ OK
ILTO OK
ILOS OK
ILOZ OK
ILTS OK
ILTJ OK
ILTZ OK
ILST OK
ILSO OK
ILSJ OK
ILSZ OK
ILZT OK
ILZJ OK
ILJO OK
ILJT OK
ILJS OK
ILJZ OK
OITS OK
OITZ OK
OITJ OK
OITL OK
OIST OK
OISZ OK
ILZO OK
OISJ OK
ILZS OK
OIZT OK
OISL OK
OIZS OK
OIZJ OK
OIZL OK
OIJT OK
OIJL OK
OIJS OK
OILT OK
OIJZ OK
OILJ OK
OTIS OK
OILS OK
OILZ OK
OTIZ OK
OTIJ OK
OTIL OK
OTSI OK
OTSJ OK
OTZI OK
OTSL OK
OTZJ OK
OTZL OK
OTJI OK
OTJS OK
OTJZ OK
OTJL OK
OTLI OK
OTLS OK
OTZS OK
OTLZ OK
OTLJ OK
OSIT OK
OSIZ OK
OTSZ OK
OSIJ OK
OSIL OK
OSTI OK
OSTJ OK
OSTL OK
OSZI OK
OSZJ OK
OSZL OK
OSJI OK
OSJT OK
OSJZ OK
OSJL OK
OSTZ OK
OSLI OK
OSLT OK
OSZT OK
OSLZ OK
OZIT OK
OSLJ OK
OZIS OK
OZIJ OK
OZIL OK
OZTI OK
OZTS OK
OZTJ OK
OZTL OK
OZSI OK
OZST OK
OZSL OK
OZJI OK
OZJT OK
OZJL OK
OZLI OK
OZLT OK
OZSJ OK
OZLJ OK
OJIT OK
OZJS OK
OJIS OK
OJIZ OK
OJIL OK
OJTI OK
OZLS OK
OJTL OK
OJSI OK
OJTZ OK
OJTS OK
OJST OK
OJSL OK
OJSZ OK
OJZI OK
OJZL OK
OJZT OK
OJLI OK
OJLT OK
OJLS OK
OJLZ OK
OLIT OK
OLIJ OK
OLIZ OK
OLIS OK
OLTI OK
OLTJ OK
OLTS OK
OLTZ OK
OLSI OK
OLST OK
OLSZ OK
OLSJ OK
OLZI OK
OLZT OK
OLZJ OK
OLJI OK
OLJT OK
OLJS OK
OLJZ OK
TIOS OK
TIOZ OK
TIOJ OK
TIOL OK
TISO OK
TISZ OK
TISJ OK
TISL OK
TIZO OK
TIZS OK
TIZJ OK
TIZL OK
TIJO OK
TIJS OK
TIJZ OK
TIJL OK
OLZS OK
TILO OK
TILS OK
TILZ OK
TILJ OK
TOIS OK
TOIZ OK
TOIJ OK
TOIL OK
TOSI OK
TOSJ OK
TOSL OK
TOZI OK
TOZJ OK
TOZL OK
TOJI OK
TOJS OK
TOZS OK
TOJL OK
TOJZ OK
TOSZ OK
TOLI OK
TOLJ OK
TOLS OK
TOLZ OK
TSIO OK
TSIZ OK
TSIJ OK
TSIL OK
TSOI OK
TSOJ OK
TSOL OK
TSZI OK
TSZJ OK
TSZL OK
TSJI OK
TSOZ OK
TSJO OK
TSJL OK
TSJZ OK
TSZO OK
TSLI OK
TSLO OK
TSLJ OK
TZIO OK
TSLZ OK
TZIS OK
TZIJ OK
TZIL OK
TZOI OK
TZOS OK
TZOJ OK
TZOL OK
TZSI OK
TZSJ OK
OJZS CAP
TZSL OK
TZJI OK
TZJO OK
TZJL OK
TZJS OK
TZLI OK
TZLO OK
TZLJ OK
TJIO OK
TZLS OK
TJIS OK
TZSO OK
TJIZ OK
TJIL OK
TJOI OK
TJOL OK
TJSI OK
TJOS OK
TJOZ OK
TJSO OK
TJSL OK
TJZI OK
TJSZ OK
TJZO OK
TJZL OK
TJLI OK
TJZS OK
TJLO OK
TJLS OK
TJLZ OK
TLIO OK
TLIS OK
TLIZ OK
TLIJ OK
TLOI OK
TLOJ OK
TLSI OK
TLOZ OK
TLOS OK
TLSO OK
TLSJ OK
TLZI OK
TLSZ OK
TLZO OK
TLZJ OK
TLJI OK
TLJO OK
TLZS OK
TLJS OK
TLJZ OK
SIOT OK
SIOZ OK
SIOJ OK
SIOL OK
SITO OK
SITZ OK
SITJ OK
SITL OK
SIZO OK
SIZT OK
SIZJ OK
SIZL OK
SIJT OK
SIJO OK
SIJL OK
SILT OK
SILO OK
SIJZ OK
SILJ OK
SILZ OK
SOIT OK
SOIZ OK
SOTI OK
SOIJ OK
SOIL OK
SOTJ OK
SOZI OK
SOTL OK
SOTZ OK
SOZJ OK
SOZL OK
SOJI OK
SOZT OK
SOJT OK
SOJL OK
SOJZ OK
SOLI OK
SOLJ OK
SOLT OK
STIO OK
SOLZ OK
STIZ OK
STIJ OK
STIL OK
STOI OK
STOJ OK
STZI OK
STOL OK
STZJ OK
STOZ OK
STZL OK
STJI OK
STJO OK
STJL OK
STZO OK
STLI OK
STLO OK
STJZ OK
STLJ OK
STLZ OK
SZIT OK
SZIO OK
SZIJ OK
SZOI OK
SZIL OK
SZOT OK
SZOJ OK
SZTI OK
SZOL OK
SZTL OK
SZTJ OK
SZJI OK
SZTO OK
SZJL OK
SZJT OK
SZLI OK
SZLT OK
SZLJ OK
SJIO OK
SJIT OK
SJIL OK
SJIZ OK
SJOI OK
SZJO OK
SJOT OK
SJOL OK
SJOZ OK
SJTI OK
SJTO OK
SJTL OK
SJTZ OK
SJZI OK
SJZL OK
SJZT OK
SJLI OK
SJLO OK
SJLT OK
SJLZ OK
SLIO OK
SLIT OK
SLIJ OK
SLIZ OK
SLOI OK
SLOT OK
SLOZ OK
SLOJ OK
SJZO OK
SLTO OK
SLTI OK
SLTJ OK
SLTZ OK
SLZI OK
SLZJ OK
SLZT OK
SLJI OK
SLJO OK
SLJT OK
ZIOT OK
SLJZ OK
ZIOS OK
ZIOJ OK
ZIOL OK
ZITO OK
ZITS OK
ZITJ OK
ZITL OK
ZISO OK
ZIST OK
ZISJ OK
ZISL OK
ZIJO OK
ZIJT OK
ZIJS OK
ZIJL OK
ZILT OK
ZILO OK
ZILJ OK
ZOIT OK
ZOIS OK
ZILS OK
ZOIJ OK
ZOIL OK
ZOTI OK
ZOTS OK
ZOTJ OK
ZOTL OK
ZOSI OK
ZOST OK
ZOSL OK
ZOJI OK
ZOSJ OK
ZOJT OK
SZLO CAP
ZOJL OK
ZOLI OK
ZOLT OK
ZOLJ OK
ZOJS OK
ZTIO OK
ZTIS OK
ZTIJ OK
ZTIL OK
ZOLS OK
ZTOI OK
ZTOS OK
ZTOJ OK
ZTOL OK
ZTSI OK
ZTSJ OK
ZTSL OK
ZTJI OK
ZTSO OK
ZTJO OK
ZTJS OK
ZTJL OK
ZTLI OK
ZTLO OK
ZTLJ OK
ZTLS OK
ZSIT OK
ZSIO OK
ZSIJ OK
ZSIL OK
ZSOI OK
ZSOT OK
ZSOL OK
ZSTI OK
ZSOJ OK
ZSTO OK
ZSTJ OK
ZSJI OK
ZSTL OK
ZSJL OK
ZSJT OK
ZSLI OK
ZSJO OK
ZSLT OK
ZSLJ OK
ZJIT OK
ZSLO OK
ZJIO OK
ZJIL OK
ZJIS OK
ZJOI OK
ZJOT OK
ZJOL OK
ZJTI OK
SLZO CAP
ZJTO OK
ZJTL OK
ZJSI OK
ZJOS OK
ZJTS OK
ZJSL OK
ZJLI OK
ZJLO OK
ZJST OK
ZJLT OK
ZJLS OK
ZLIT OK
ZJSO OK
ZLIJ OK
ZLIO OK
ZLOT OK
ZLOI OK
ZLOJ OK
ZLTI OK
ZLTO OK
ZLIS OK
ZLTJ OK
ZLTS OK
ZLSI OK
ZLST OK
ZLOS OK
ZLSJ OK
ZLJI OK
ZLJT OK
ZLJO OK
ZLJS OK
JIOT OK
JIOS OK
JIOL OK
ZLSO OK
JIOZ OK
JITS OK
JITO OK
JITZ OK
JITL OK
JIST OK
JISL OK
JIZT OK
JISO OK
JISZ OK
JIZO OK
JIZL OK
JILO OK
JILT OK
JIZS OK
JILS OK
JILZ OK
JOIT OK
JOIL OK
JOTI OK
JOIS OK
JOIZ OK
JOTL OK
JOTS OK
JOTZ OK
JOSI OK
JOSL OK
JOST OK
JOSZ OK
JOZI OK
JOZL OK
JOLI OK
JOZT OK
JOLT OK
JOLS OK
JTIO OK
JOLZ OK
JTIS OK
JTIZ OK
JTIL OK
JTOI OK
JTOS OK
JTOL OK
JTOZ OK
JTSI OK
JTSO OK
JTSL OK
JTSZ OK
JTZO OK
JTZI OK
JTZL OK
JTLI OK
JTZS OK
JTLO OK
JTLS OK
JTLZ OK
JSIT OK
JSIO OK
JSIL OK
JSIZ OK
JSOI OK
JSOT OK
JSOL OK
JSOZ OK
JSTI OK
JSTO OK
JSTL OK
JSTZ OK
JSZI OK
JSZT OK
JSZL OK
JSLI OK
JSLO OK
JSLT OK
JSLZ OK
JZIT OK
JZIO OK
JZIL OK
JZIS OK
JZOI OK
JZOT OK
JZOL OK
JZTI OK
JZTO OK
JSZO OK
JZTL OK
JZTS OK
JZSI OK
JZST OK
JZSL OK
JZLI OK
JZLO OK
JZLT OK
JZLS OK
JLIO OK
JLIT OK
JLIS OK
JLIZ OK
JOZS CAP
JLOT OK
JLOI OK
JLOS OK
JLOZ OK
JLTI OK
JLTO OK
JLTZ OK
JLTS OK
JLSI OK
JLSO OK
JLST OK
JLZI OK
JLZO OK
JLZT OK
JLZS OK
LIOT OK
JLSZ OK
LIOS OK
LIOJ OK
LIOZ OK
LITO OK
LITS OK
LITZ OK
LITJ OK
LIST OK
LISO OK
LISJ OK
LISZ OK
LIZT OK
LIZO OK
LIZJ OK
LIZS OK
LIJO OK
LIJT OK
LIJS OK
LIJZ OK
LOIT OK
JZOS CAP
LOIS OK
LOIJ OK
LOTI OK
LOIZ OK
LOTS OK
LOTJ OK
LOTZ OK
LOSI OK
LOST OK
LOSZ OK
LOSJ OK
LOZI OK
LOZT OK
LOZJ OK
LOJI OK
LOJT OK
LOJS OK
LOJZ OK
JZSO CAP
LTIO OK
LTIS OK
LTIZ OK
LTIJ OK
LTOI OK
LTOS OK
LTOJ OK
LTOZ OK
LTSI OK
LTSZ OK
LTSO OK
LTSJ OK
LTZO OK
LTZI OK
LTZJ OK
LTJI OK
LTJO OK
LTJS OK
LTZS OK
LTJZ OK
LSIO OK
LSIT OK
LOZS OK
LSIJ OK
LSIZ OK
LSOI OK
LSOT OK
LSTI OK
LSOJ OK
LSOZ OK
LSTJ OK
LSTO OK
LSTZ OK
LSZI OK
LSZJ OK
LSJI OK
LSZT OK
LSJO OK
LSJT OK
LSJZ OK
LZIT OK
LZIJ OK
LZIO OK
LZOT OK
LZOI OK
LZOJ OK
LZIS OK
LZTI OK
LZTO OK
LZTJ OK
LZTS OK
LZSI OK
LZST OK
LZOS OK
LZSJ OK
LZJI OK
LZJO OK
LZJT OK
LZJS OK
LJIO OK
LJIT OK
LJIS OK
LJIZ OK
LJOI OK
LJOT OK
LJOS OK
LJOZ OK
LJTI OK
LJTO OK
LJTS OK
LJTZ OK
LJSI OK
LJSO OK
LJST OK
LJZI OK
LJZO OK
LJZT OK
LJZS OK
LJSZ OK
LSZO CAP
LZSO CAP
