IOTZ OK
IOTJ OK
IOTS OK
IOTL OK
IOST OK
IOSZ OK
IOSJ OK
IOSL OK
IOZT OK
IOZS OK
IOZJ OK
IOZL OK
IOJT OK
IOJS OK
IOJZ OK
IOJL OK
IOLT OK
IOLS OK
IOLZ OK
IOLJ OK
ITOS OK
ITOZ OK
ITOJ OK
ITOL OK
ITSO OK
ITSZ OK
ITSJ OK
ITSL OK
ITZO OK
ITZS OK
ITZJ OK
ITZL OK
ITJO OK
ITJS OK
ITJZ OK
ITJL OK
ITLO OK
ITLS OK
ITLJ OK
ITLZ OK
ISOT OK
ISOZ OK
ISOJ OK
ISOL OK
ISTO OK
ISTZ OK
ISTJ OK
ISTL OK
ISZT OK
ISZJ OK
ISZL OK
ISZO OK
ISJO OK
ISJT OK
ISJZ OK
ISJL OK
ISLO OK
ISLT OK
ISLZ OK
IZOT OK
ISLJ OK
IZOS OK
IZOJ OK
IZOL OK
IZTO OK
IZTS OK
IZTJ OK
IZTL OK
IZST OK
IZSJ OK
IZSL OK
IZJO OK
IZJT OK
IZSO OK
IZJS OK
IZJL OK
IZLO OK
IZLT OK
IZLS OK
IZLJ OK
IJOT OK
IJOS OK
IJOL OK
IJOZ OK
IJTO OK
IJTS OK
IJTZ OK
IJTL OK
IJST OK
IJSO OK
IJSL OK
IJSZ OK
IJZT OK
IJZO OK
IJZL OK
IJZS OK
IJLO OK
IJLT OK
IJLS OK
IJLZ OK
ILOT OK
ILOZ OK
ILOS OK
ILOJ OK
ILTO OK
ILTS OK
ILTJ OK
ILTZ OK
ILSO OK
ILST OK
ILSZ OK
ILSJ OK
ILZT OK
ILZO OK
ILZJ OK
ILJO OK
ILZS OK
ILJT OK
ILJS OK
OITS OK
ILJZ OK
OITZ OK
OITJ OK
OITL OK
OIST OK
OISJ OK
OISZ OK
OISL OK
OIZT OK
OIZS OK
OIZJ OK
OIZL OK
OIJT OK
OIJS OK
OIJL OK
OIJZ OK
OILT OK
OILS OK
OILJ OK
OILZ OK
OTIS OK
OTIZ OK
OTIL OK
OTIJ OK
OTSI OK
OTSJ OK
OTSL OK
OTZI OK
OTSZ OK
OTZJ OK
OTZL OK
OTJI OK
OTJS OK
OTJZ OK
OTJL OK
OTLI OK
OTLS OK
OTLZ OK
OTLJ OK
OSIT OK
OSIZ OK
OSIJ OK
OTZS OK
OSIL OK
OSTI OK
OSTZ OK
OSTJ OK
OSTL OK
OSZI OK
OSZT OK
OSZJ OK
OSZL OK
OSJI OK
OSJT OK
OSJL OK
OSJZ OK
OSLI OK
OSLT OK
OSLZ OK
OZIT OK
OSLJ OK
OZIS OK
OZIJ OK
OZIL OK
OZTI OK
OZTS OK
OZTJ OK
OZTL OK
OZSI OK
OZST OK
OZSJ OK
OZJI OK
OZSL OK
OZJT OK
OZJS OK
OZJL OK
OZLI OK
OZLT OK
OZLJ OK
OJIT OK
OJIS OK
OJIZ OK
OJIL OK
OZLS OK
OJTI OK
OJTS OK
OJTL OK
OJTZ OK
OJSI OK
OJST OK
OJSZ OK
OJSL OK
OJZI OK
OJZT OK
OJZL OK
OJLI OK
OJZS OK
OJLT OK
OJLS OK
OLIT OK
OJLZ OK
OLIS OK
OLIJ OK
OLIZ OK
OLTI OK
OLTS OK
OLTZ OK
OLTJ OK
OLSI OK
OLST OK
OLSJ OK
OLSZ OK
OLZI OK
OLZT OK
OLZJ OK
OLJI OK
OLJT OK
OLJS OK
OLJZ OK
TIOS OK
TIOZ OK
TIOJ OK
TIOL OK
TISO OK
TISZ OK
TISJ OK
TISL OK
TIZO OK
TIZS OK
TIZJ OK
TIZL OK
TIJO OK
TIJS OK
TIJZ OK
TIJL OK
OLZS OK
TILO OK
TILS OK
TILZ OK
TILJ OK
TOIS OK
TOIZ OK
TOIJ OK
TOIL OK
TOSI OK
TOSJ OK
TOSL OK
TOZI OK
TOZS OK
TOZJ OK
TOSZ OK
TOZL OK
TOJI OK
TOJS OK
TOJL OK
TOJZ OK
TOLI OK
TOLS OK
TOLJ OK
TOLZ OK
TSIO OK
TSIZ OK
TSIJ OK
TSIL OK
TSOI OK
TSOZ OK
TSOJ OK
TSOL OK
TSZI OK
TSZO OK
TSZJ OK
TSZL OK
TSJI OK
TSJO OK
TSJL OK
TSJZ OK
TSLI OK
TSLO OK
TSLJ OK
TSLZ OK
TZIO OK
TZIS OK
TZIJ OK
TZIL OK
TZOI OK
TZOS OK
TZOJ OK
TZOL OK
TZSI OK
TZSO OK
TZSJ OK
TZSL OK
TZJI OK
TZJO OK
TZJS OK
TZJL OK
TZLI OK
TZLO OK
TZLS OK
TZLJ OK
TJIO OK
TJIS OK
TJIZ OK
TJIL OK
TJOI OK
TJOS OK
TJOL OK
TJOZ OK
TJSI OK
TJSO OK
TJSL OK
TJSZ OK
TJZI OK
TJZO OK
TJZS OK
TJZL OK
TJLI OK
TJLO OK
TJLS OK
TJLZ OK
TLIO OK
TLIS OK
TLIZ OK
TLIJ OK
TLOI OK
TLOS OK
TLOJ OK
TLOZ OK
TLSI OK
TLSO OK
TLSJ OK
TLSZ OK
TLZI OK
TLZO OK
TLZJ OK
TLZS OK
TLJI OK
TLJO OK
TLJS OK
TLJZ OK
SIOT OK
SIOZ OK
SIOJ OK
SIOL OK
SITO OK
SITZ OK
SITJ OK
SITL OK
SIZO OK
SIZT OK
SIZJ OK
SIZL OK
SIJT OK
SIJO OK
SIJL OK
SIJZ OK
SILO OK
SILT OK
SILJ OK
SOIT OK
SILZ OK
SOIZ OK
SOIJ OK
SOIL OK
SOTI OK
SOTJ OK
SOTZ OK
SOTL OK
SOZI OK
SOZT OK
SOZJ OK
SOJI OK
SOZL OK
SOJT OK
SOJZ OK
SOJL OK
SOLI OK
SOLT OK
SOLZ OK
SOLJ OK
STIO OK
STIZ OK
STIJ OK
STIL OK
STOI OK
STOJ OK
STOZ OK
STOL OK
STZI OK
STZO OK
STZJ OK
STZL OK
STJI OK
STJO OK
STJL OK
STLI OK
STJZ OK
STLO OK
STLJ OK
STLZ OK
SZIO OK
SZIT OK
SZIJ OK
SZIL OK
SZOI OK
SZOT OK
SZOJ OK
SZTI OK
SZOL OK
SZTJ OK
SZTO OK
SZTL OK
SZJI OK
SZJT OK
SZJO OK
SZJL OK
SZLI OK
SZLT OK
SZLJ OK
SZLO OK
SJIO OK
SJIT OK
SJIL OK
SJIZ OK
SJOI OK
SJOT OK
SJOL OK
SJTI OK
SJOZ OK
SJTO OK
SJTL OK
SJZI OK
SJTZ OK
SJZL OK
SJZO OK
SJZT OK
SJLI OK
SJLT OK
SJLO OK
SJLZ OK
SLIT OK
SLIO OK
SLIJ OK
SLIZ OK
SLOI OK
SLOT OK
SLOZ OK
SLOJ OK
SLTI OK
SLTO OK
SLTJ OK
SLTZ OK
SLZT OK
SLZI OK
SLZO OK
SLJI OK
SLZJ OK
SLJT OK
SLJO OK
SLJZ OK
ZIOT OK
ZIOS OK
ZIOJ OK
ZIOL OK
ZITO OK
ZITS OK
ZITJ OK
ZITL OK
ZISO OK
ZIST OK
ZISJ OK
ZISL OK
ZIJT OK
ZIJO OK
ZIJL OK
ZIJS OK
ZILT OK
ZILO OK
ZILS OK
ZOIT OK
ZILJ OK
ZOIS OK
ZOIL OK
ZOIJ OK
ZOTI OK
ZOTS OK
ZOTJ OK
ZOTL OK
ZOSI OK
ZOST OK
ZOSJ OK
ZOJI OK
ZOSL OK
ZOJT OK
ZOJS OK
ZOJL OK
ZOLI OK
ZOLT OK
ZOLJ OK
ZTIO OK
ZTIS OK
ZTIJ OK
ZTIL OK
ZTOI OK
ZTOS OK
ZOLS OK
ZTOJ OK
ZTSI OK
ZTOL OK
ZTSO OK
ZTSJ OK
ZTSL OK
ZTJI OK
ZTJO OK
ZTJS OK
ZTJL OK
ZTLI OK
ZTLO OK
ZTLJ OK
ZTLS OK
ZSIO OK
ZSIT OK
ZSIJ OK
ZSIL OK
ZSOI OK
ZSOT OK
ZSOJ OK
ZSTI OK
ZSOL OK
ZSTO OK
ZSTJ OK
ZSTL OK
ZSJI OK
ZSJT OK
ZSJO OK
ZSJL OK
ZSLI OK
ZSLT OK
ZSLJ OK
ZJIO OK
ZJIT OK
ZSLO OK
ZJIL OK
ZJIS OK
ZJOT OK
ZJOI OK
ZJOL OK
ZJOS OK
ZJTI OK
ZJTO OK
ZJTS OK
ZJTL OK
ZJSI OK
ZJST OK
ZJSL OK
ZJLI OK
ZJSO OK
ZJLO OK
ZJLT OK
ZJLS OK
ZLIT OK
ZLIO OK
ZLIJ OK
ZLIS OK
ZLOI OK
ZLOT OK
ZLOJ OK
ZLTI OK
ZLTO OK
ZLOS OK
ZLTJ OK
ZLTS OK
ZLSI OK
ZLST OK
ZLSJ OK
ZLJI OK
ZLJO OK
ZLJT OK
ZLJS OK
JIOT OK
ZLSO OK
JIOS OK
JIOL OK
JIOZ OK
JITO OK
JITS OK
JITZ OK
JITL OK
JIST OK
JISO OK
JISL OK
JISZ OK
JIZT OK
JIZO OK
JIZL OK
JILO OK
JILT OK
JIZS OK
JILS OK
JILZ OK
JOIT OK
JOIS OK
JOIZ OK
JOIL OK
JOTI OK
JOTS OK
JOTZ OK
JOTL OK
JOSI OK
JOST OK
JOSZ OK
JOSL OK
JOZI OK
JOZT OK
JOZL OK
JOLI OK
JOLT OK
JOZS OK
JOLS OK
JOLZ OK
JTIO OK
JTIS OK
JTIZ OK
JTIL OK
JTOI OK
JTOS OK
JTOZ OK
JTOL OK
JTSI OK
JTSO OK
JTSL OK
JTZI OK
JTZO OK
JTSZ OK
JTZS OK
JTZL OK
JTLI OK
JTLO OK
JTLS OK
JTLZ OK
JSIT OK
JSIO OK
JSIL OK
JSIZ OK
JSOI OK
JSOT OK
JSOL OK
JSOZ OK
JSTI OK
JSTL OK
JSTO OK
JSTZ OK
JSZI OK
JSZT OK
JSZL OK
JSZO OK
JSLI OK
JSLT OK
JSLO OK
JSLZ OK
JZIT OK
JZIO OK
JZIL OK
JZOI OK
JZIS OK
JZOT OK
JZOL OK
JZTI OK
JZTO OK
JZTS OK
JZOS OK
JZTL OK
JZSI OK
JZSO OK
JZSL OK
JZST OK
JZLI OK
JZLT OK
JZLO OK
JZLS OK
JLIO OK
JLIT OK
JLIS OK
JLOI OK
JLIZ OK
JLOT OK
JLOS OK
JLOZ OK
JLTI OK
JLTO OK
JLTS OK
JLTZ OK
JLSI OK
JLST OK
JLSO OK
JLZI OK
JLSZ OK
JLZO OK
JLZT OK
JLZS OK
LIOT OK
LIOS OK
LIOZ OK
LIOJ OK
LITO OK
LITZ OK
LITS OK
LITJ OK
LIST OK
LISO OK
LISZ OK
LISJ OK
LIZT OK
LIZO OK
LIZJ OK
LIJO OK
LIJT OK
LIZS OK
LIJS OK
LIJZ OK
LOIT OK
LOIS OK
LOIJ OK
LOIZ OK
LOTI OK
LOTS OK
LOTJ OK
LOTZ OK
LOSI OK
LOST OK
LOSZ OK
LOSJ OK
LOZI OK
LOZT OK
LOZJ OK
LOJI OK
LOJT OK
LOJS OK
LOJZ OK
LTIO OK
LTIS OK
LTIZ OK
LTIJ OK
LTOI OK
LTOS OK
LTOZ OK
LTOJ OK
LTSI OK
LTSO OK
LTSZ OK
LTSJ OK
LTZI OK
LOZS OK
LTZO OK
LTZJ OK
LTZS OK
LTJI OK
LTJO OK
LTJS OK
LTJZ OK
LSIO OK
LSIT OK
LSIZ OK
LSIJ OK
LSOI OK
LSOT OK
LSOZ OK
LSOJ OK
LSTI OK
LSTO OK
LSTJ OK
LSTZ OK
LSZI OK
LSZT OK
LSZJ OK
LSJI OK
LSJO OK
LSJT OK
LSJZ OK
LZIO OK
LZIT OK
LZIJ OK
LZIS OK
LZOI OK
LZOT OK
LZOJ OK
LZTI OK
LZTO OK
LZTS OK
LZOS OK
LZTJ OK
LZSI OK
LZST OK
LZSJ OK
LZJI OK
LZJO OK
LZJT OK
LZJS OK
LJIO OK
LJIT OK
LJIS OK
LJIZ OK
LJOI OK
LJOT OK
LJOS OK
LJOZ OK
LJTI OK
LJTO OK
LJTS OK
LJTZ OK
LJSI OK
LJSO OK
LJST OK
LJSZ OK
LJZI OK
LJZO OK
LJZT OK
LJZS OK
LSZO CAP
LZSO CAP
