IOTL OK
IOTZ OK
IOTS OK
IOTJ OK
IOSJ OK
IOSL OK
IOST OK
IOSZ OK
IOZT OK
IOZS OK
IOZJ OK
IOZL OK
IOJT OK
IOJS OK
IOLT OK
IOJL OK
IOJZ OK
IOLJ OK
IOLS OK
IOLZ OK
ITOS OK
ITOZ OK
ITOJ OK
ITSO OK
ITOL OK
ITSZ OK
ITSJ OK
ITSL OK
ITZO OK
ITZL OK
ITZS OK
ITZJ OK
ITJO OK
ITJL OK
ITJS OK
ITJZ OK
ITLO OK
ITLS OK
ITLZ OK
ITLJ OK
ISOT OK
ISOL OK
ISOZ OK
ISOJ OK
ISTO OK
ISTJ OK
ISTZ OK
ISTL OK
ISZO OK
ISZT OK
ISZJ OK
ISJO OK
ISZL OK
ISJT OK
ISJL OK
ISLT OK
ISLO OK
ISJZ OK
ISLJ OK
IZOT OK
IZOS OK
IZOL OK
IZOJ OK
ISLZ OK
IZTO OK
IZTL OK
IZTS OK
IZTJ OK
IZSJ OK
IZST OK
IZSO OK
IZJT OK
IZSL OK
IZJL OK
IZJO OK
IZLT OK
IZLO OK
IZLJ OK
IJOT OK
IZJS OK
IJOS OK
IJOL OK
IJOZ OK
IJTO OK
IJTS OK
IJTZ OK
IZLS OK
IJTL OK
IJST OK
IJSO OK
IJSL OK
IJZT OK
IJSZ OK
IJZO OK
IJZL OK
IJLO OK
IJLT OK
IJLZ OK
IJLS OK
ILOT OK
ILOS OK
ILOJ OK
ILOZ OK
ILTS OK
ILTO OK
ILTZ OK
IJZS OK
ILTJ OK
ILST OK
ILSO OK
ILSJ OK
ILSZ OK
ILZT OK
ILJO OK
ILZJ OK
ILJT OK
ILZO OK
ILJS OK
ILJZ OK
OITS OK
OITZ OK
OITJ OK
OITL OK
OIST OK
OISZ OK
OISJ OK
OIZT OK
OISL OK
OIZJ OK
OIZL OK
OIZS OK
ILZS OK
OIJT OK
OILT OK
OIJL OK
OIJS OK
OIJZ OK
OILJ OK
OTIS OK
OILS OK
OTIZ OK
OTIL OK
OILZ OK
OTIJ OK
OTSJ OK
OTSI OK
OTSL OK
OTZJ OK
OTZI OK
OTZL OK
OTJI OK
OTJS OK
OTJZ OK
OTJL OK
OTLI OK
OTLS OK
OTLZ OK
OTLJ OK
OSIT OK
OSIZ OK
OTSZ OK
OSIJ OK
OSIL OK
OSTI OK
OSTJ OK
OTZS OK
OSTL OK
OSZI OK
OSTZ OK
OSZT OK
OSJI OK
OSJT OK
OSJL OK
OSLI OK
OSLT OK
OSZJ OK
OSLJ OK
OZIT OK
OSJZ OK
OZIS OK
OZIJ OK
OZIL OK
OZTI OK
OZTS OK
OZTJ OK
OZTL OK
OZSI OK
OZST OK
OZSJ OK
OZSL OK
OZJI OK
OZJT OK
OZJL OK
OZLI OK
OZLT OK
OZJS OK
OZLJ OK
OJIT OK
OZLS OK
OJIS OK
OJIL OK
OJIZ OK
OJTI OK
OJTZ OK
OJTS OK
OJTL OK
OJSI OK
OJST OK
OJSL OK
OJZI OK
OJZT OK
OSZL CAP
OJZL OK
OJLI OK
OJSZ OK
OJLT OK
OJLS OK
OJLZ OK
OLIT OK
OSLZ CAP
OLIS OK
OLIJ OK
OLIZ OK
OLTI OK
OLTJ OK
OLTS OK
OLTZ OK
OLSI OK
OLSJ OK
OLST OK
OLZI OK
OLZT OK
OLZJ OK
OLJI OK
OLJT OK
OLJS OK
OLJZ OK
TIOS OK
TIOZ OK
TIOJ OK
TIOL OK
OLZS OK
TISO OK
TISZ OK
TISJ OK
TIZO OK
TISL OK
TIZS OK
TIZJ OK
TIZL OK
TIJO OK
TIJS OK
TIJZ OK
TIJL OK
TILO OK
TILS OK
TILZ OK
TILJ OK
TOIS OK
TOIZ OK
TOIJ OK
TOIL OK
TOSI OK
TOSJ OK
TOSL OK
TOZI OK
TOSZ OK
TOZJ OK
TOZL OK
TOJI OK
TOJS OK
TOZS OK
TOJZ OK
TOJL OK
TOLI OK
TOLS OK
TOLZ OK
TOLJ OK
OJZS CAP
TSIO OK
TSIZ OK
TSIL OK
TSIJ OK
TSOI OK
TSOJ OK
TSOL OK
TSZI OK
TSZJ OK
TSOZ OK
TSZL OK
TSJI OK
TSJO OK
TSJZ OK
TSJL OK
TSLI OK
TSZO OK
TSLO OK
TSLZ OK
TSLJ OK
TZIO OK
TZIS OK
TZIJ OK
OLSZ CAP
TZIL OK
TZOI OK
TZOS OK
TZOJ OK
TZOL OK
TZSI OK
TZSL OK
TZJI OK
TZSJ OK
TZJL OK
TZJO OK
TZJS OK
TZLI OK
TZLO OK
TZLJ OK
TZLS OK
TJIO OK
TJIZ OK
TJIS OK
TJOI OK
TJIL OK
TJOS OK
TJOZ OK
TJOL OK
TJSI OK
TJSZ OK
TJSO OK
TJSL OK
TJZI OK
TJZO OK
TJZS OK
TZSO OK
TJLI OK
TJLS OK
TJZL OK
TJLZ OK
TJLO OK
TLIS OK
TLIO OK
TLIJ OK
TLIZ OK
TLOI OK
TLOZ OK
TLOS OK
TLOJ OK
TLSI OK
TLSJ OK
TLZI OK
TLSO OK
TLSZ OK
TLZO OK
TLZJ OK
TLZS OK
TLJI OK
TLJO OK
TLJS OK
SIOT OK
TLJZ OK
SIOZ OK
SIOJ OK
SITO OK
SIOL OK
SITZ OK
SITJ OK
SIZO OK
SITL OK
SIZT OK
SIZJ OK
SIJO OK
SIJT OK
SIZL OK
SIJL OK
SIJZ OK
SILO OK
SILT OK
SILJ OK
SOIT OK
SOIJ OK
SILZ OK
SOIZ OK
SOIL OK
SOTI OK
SOTL OK
SOTJ OK
SOZI OK
SOTZ OK
SOZT OK
SOJI OK
SOJT OK
SOJL OK
SOLI OK
SOZJ OK
SOLT OK
SOLJ OK
STIO OK
SOJZ OK
STIZ OK
STIL OK
STIJ OK
STOI OK
STOJ OK
STOZ OK
STZI OK
STOL OK
STZJ OK
STZL OK
STZO OK
STJI OK
STJO OK
STJZ OK
STJL OK
STLI OK
STLO OK
STLZ OK
STLJ OK
SZIO OK
SZIT OK
SZIJ OK
SZOI OK
SZIL OK
SZOT OK
SZOJ OK
SZTI OK
SZOL OK
SZTJ OK
SZTO OK
SZTL OK
SZJI OK
SZJT OK
SZJL OK
SOZL CAP
SZLI OK
SZJO OK
SZLJ OK
SZLT OK
SJIO OK
SJIT OK
SJIL OK
SJIZ OK
SJOI OK
SJOT OK
SZLO OK
SJOL OK
SJTI OK
SJTO OK
SJTL OK
SOLZ CAP
SJTZ OK
SJZI OK
SJZL OK
SJLI OK
SJZT OK
SJLO OK
SJOZ OK
SJLT OK
SJLZ OK
SLIO OK
SLIT OK
SLIJ OK
SLOI OK
SLIZ OK
SLOJ OK
SLOT OK
SLTI OK
SLTO OK
SLTJ OK
SJZO OK
SLTZ OK
SLZI OK
SLZT OK
SLZJ OK
SLJI OK
SLJT OK
SLJO OK
SLJZ OK
ZIOT OK
ZIOS OK
ZIOJ OK
ZITO OK
ZIOL OK
ZITS OK
ZITJ OK
ZISO OK
ZITL OK
ZIST OK
ZISJ OK
ZISL OK
SLZO OK
ZIJO OK
ZIJT OK
ZIJL OK
ZILT OK
ZILO OK
ZILJ OK
ZOIT OK
ZIJS OK
ZOIS OK
ZOIJ OK
ZOIL OK
ZILS OK
ZOTI OK
ZOTS OK
ZOTL OK
ZOTJ OK
ZOSI OK
ZOST OK
ZOJI OK
ZOJT OK
ZOSJ OK
ZOSL OK
ZOJL OK
ZOLI OK
ZOLT OK
ZOLJ OK
ZOJS OK
ZTIO OK
ZTIS OK
ZTIJ OK
ZTIL OK
ZTOI OK
ZTOS OK
ZTOJ OK
ZOLS OK
ZTOL OK
ZTSI OK
ZTSL OK
ZTSJ OK
ZTJI OK
ZTJO OK
ZTJS OK
ZTJL OK
ZTLI OK
ZTLO OK
ZTLS OK
ZTLJ OK
ZSIT OK
ZSIO OK
ZSIJ OK
ZSIL OK
ZTSO OK
ZSOI OK
ZSOT OK
ZSTI OK
ZSOJ OK
ZSOL OK
ZSTJ OK
ZSTL OK
ZSTO OK
ZSJI OK
ZSJL OK
ZSJT OK
ZSLI OK
ZSJO OK
ZSLT OK
ZSLJ OK
SLOZ CAP
ZJIT OK
ZSLO OK
ZJIO OK
ZJIL OK
ZJOT OK
ZJOI OK
ZJOL OK
ZJTI OK
ZJTO OK
ZJTL OK
ZJIS OK
ZJSI OK
ZJOS OK
ZJTS OK
ZJSL OK
ZJLI OK
ZJLO OK
ZJLT OK
ZJST OK
ZJLS OK
ZLIT OK
ZLIJ OK
ZLIO OK
ZJSO OK
ZLOT OK
ZLOI OK
ZLOJ OK
ZLTI OK
ZLTO OK
ZLIS OK
ZLTJ OK
ZLTS OK
ZLSI OK
ZLSJ OK
ZLOS OK
ZLJI OK
ZLST OK
ZLJO OK
ZLJT OK
ZLJS OK
JIOT OK
JIOL OK
JIOZ OK
JIOS OK
JITO OK
JITS OK
JITL OK
ZLSO OK
JITZ OK
JIST OK
JISL OK
JIZT OK
JISO OK
JISZ OK
JIZO OK
JIZL OK
JILO OK
JILT OK
JILS OK
JOIT OK
JILZ OK
JOIL OK
JOIS OK
JOTI OK
JOIZ OK
JOTL OK
JOTZ OK
JOTS OK
JOSI OK
JOSL OK
JOST OK
JIZS OK
JOZI OK
JOZT OK
JOZL OK
JOLT OK
JOLI OK
JOLS OK
JOLZ OK
JTIO OK
JTIS OK
JTIL OK
JTIZ OK
JTOI OK
JTOS OK
JTOL OK
JTOZ OK
JTSI OK
JTSO OK
JTSZ OK
JTSL OK
JTZI OK
JTZO OK
JOSZ OK
JTZS OK
JTZL OK
JTLO OK
JTLI OK
JTLS OK
JTLZ OK
JSIO OK
JSIT OK
JSIL OK
JSOI OK
JSIZ OK
JSOT OK
JSOL OK
JSTI OK
JSTO OK
JSTL OK
JSTZ OK
JSZI OK
JSZT OK
JSZL OK
JSLI OK
JSLO OK
JSOZ OK
JSLT OK
JSLZ OK
JZIO OK
JZIT OK
JZIL OK
JZOI OK
JZOT OK
JSZO OK
JZOL OK
JZIS OK
JZTI OK
JZTO OK
JZTL OK
JOZS CAP
JZTS OK
JZSI OK
JZST OK
JZLI OK
JZSL OK
JZLO OK
JZLT OK
JZLS OK
JLIO OK
JLIS OK
JLIT OK
JLOI OK
JLIZ OK
JLOT OK
JLOS OK
JLOZ OK
JLTI OK
JLTO OK
JLTS OK
JLSI OK
JLTZ OK
JLST OK
JLSO OK
JLSZ OK
JLZI OK
JLZO OK
JLZT OK
JZSO OK
JLZS OK
LIOT OK
LIOJ OK
LIOS OK
LITO OK
LIOZ OK
LITS OK
LITZ OK
LITJ OK
LIST OK
LISO OK
LISJ OK
LISZ OK
LIZT OK
LIZJ OK
LIJO OK
LIZO OK
LIJT OK
LIJS OK
LIJZ OK
LOIT OK
LOIS OK
LOIZ OK
LOIJ OK
LOTI OK
LOTS OK
LIZS OK
LOTJ OK
LOTZ OK
LOSI OK
LOST OK
LOSJ OK
LOZT OK
LOZI OK
LOZJ OK
LOJI OK
LOJT OK
JZOS CAP
LOJS OK
LTIO OK
LOJZ OK
LTIS OK
LTIZ OK
LTIJ OK
LTOI OK
LTOS OK
LTOJ OK
LTOZ OK
LTSI OK
LTSO OK
LTSZ OK
LTSJ OK
LTZI OK
LTZO OK
LTZS OK
LTZJ OK
LTJI OK
LOZS OK
LTJO OK
LTJZ OK
LTJS OK
LSIO OK
LSIT OK
LSIJ OK
LSOI OK
LSIZ OK
LSOT OK
LSOJ OK
LSTI OK
LSTO OK
LSTJ OK
LSTZ OK
LSZI OK
LSZT OK
LSZJ OK
LSJI OK
LSJO OK
LSJT OK
LSJZ OK
LZIO OK
LZIT OK
LSZO OK
LZIJ OK
LOSZ CAP
LZOI OK
LZOT OK
LZIS OK
LZOJ OK
LZTI OK
LZTO OK
LZTJ OK
LZTS OK
LZSI OK
LZST OK
LZSJ OK
LZJI OK
LZJO OK
LZJT OK
LZSO OK
LZJS OK
LJIO OK
LJIT OK
LJIS OK
LJIZ OK
LJOI OK
LJOT OK
LJOS OK
LJOZ OK
LJTO OK
LJTI OK
LJTS OK
LJTZ OK
LJSI OK
LJSO OK
LJST OK
LSOZ CAP
LJZI OK
LJSZ OK
LJZO OK
LJZT OK
LJZS OK
LZOS CAP
