IOTL OK
IOTJ OK
IOTZ OK
IOTS OK
IOST OK
IOSZ OK
IOSJ OK
IOSL OK
IOZT OK
IOZS OK
IOZJ OK
IOZL OK
IOJT OK
IOJL OK
IOLT OK
IOJS OK
IOJZ OK
IOLS OK
IOLJ OK
ITOS OK
IOLZ OK
ITOJ OK
ITOZ OK
ITOL OK
ITSO OK
ITSZ OK
ITSJ OK
ITSL OK
ITZO OK
ITZS OK
ITZJ OK
ITZL OK
ITJO OK
ITJS OK
ITJL OK
ITJZ OK
ITLO OK
ITLS OK
ITLJ OK
ITLZ OK
ISOT OK
ISOZ OK
ISOJ OK
ISOL OK
ISTO OK
ISTZ OK
ISTJ OK
ISTL OK
ISZO OK
ISZT OK
ISZJ OK
ISJO OK
ISJT OK
ISZL OK
ISJL OK
ISLT OK
ISLO OK
ISJZ OK
ISLJ OK
IZOT OK
IZOS OK
ISLZ OK
IZOJ OK
IZOL OK
IZTO OK
IZTS OK
IZTJ OK
IZTL OK
IZST OK
IZSJ OK
IZSL OK
IZSO OK
IZJT OK
IZJL OK
IZJO OK
IZLT OK
IZLO OK
IZLJ OK
IJOT OK
IZJS OK
IJOS OK
IJOL OK
IJOZ OK
IJTO OK
IJTS OK
IJTZ OK
IJTL OK
IZLS OK
IJST OK
IJSL OK
IJSO OK
IJSZ OK
IJZO OK
IJZT OK
IJZL OK
IJLO OK
IJLT OK
IJLS OK
IJLZ OK
ILOT OK
ILOS OK
ILOJ OK
ILOZ OK
ILTO OK
ILTS OK
ILTZ OK
ILTJ OK
IJZS OK
ILST OK
ILSJ OK
ILSO OK
ILZT OK
ILSZ OK
ILZO OK
ILZJ OK
ILJO OK
ILJT OK
ILJS OK
ILJZ OK
OITS OK
OITZ OK
OITJ OK
OITL OK
OIST OK
OISZ OK
OISJ OK
OISL OK
OIZT OK
OIZS OK
OIZJ OK
ILZS OK
OIZL OK
OIJT OK
OIJL OK
OIJS OK
OILT OK
OIJZ OK
OILJ OK
OILS OK
OTIS OK
OILZ OK
OTIZ OK
OTIJ OK
OTIL OK
OTSI OK
OTSJ OK
OTSL OK
OTZI OK
OTZJ OK
OTZL OK
OTJI OK
OTJS OK
OTJZ OK
OTSZ OK
OTJL OK
OTLI OK
OTLS OK
OTLZ OK
OTZS OK
OTLJ OK
OSIT OK
OSIZ OK
OSIJ OK
OSIL OK
OSTI OK
OSTJ OK
OSZI OK
OSTL OK
OSTZ OK
OSZJ OK
OSZT OK
OSJI OK
OSJT OK
OSJL OK
OSJZ OK
OSLI OK
OSLT OK
OSLJ OK
OZIT OK
OZIS OK
OZIJ OK
OSZL OK
OZIL OK
OZTI OK
OZTS OK
OZTJ OK
OZTL OK
OZSI OK
OZST OK
OZSJ OK
OZJI OK
OZJT OK
OSLZ OK
OZJL OK
OZLI OK
OZLT OK
OZSL OK
OZLJ OK
OJIT OK
OZJS OK
OJIS OK
OJIL OK
OJIZ OK
OJTI OK
OJTS OK
OJTZ OK
OJTL OK
OZLS OK
OJSI OK
OJSL OK
OJST OK
OJSZ OK
OJZI OK
OJZT OK
OJZL OK
OJLI OK
OJLT OK
OJLS OK
OJLZ OK
OLIT OK
OLIS OK
OLIJ OK
OLIZ OK
OLTI OK
OLTS OK
OLTZ OK
OLTJ OK
OLSI OK
OLST OK
OLSJ OK
OLZI OK
OLZT OK
OLZJ OK
OLJI OK
OLJT OK
OLJS OK
OLJZ OK
TIOS OK
OLSZ OK
TIOZ OK
TIOJ OK
TIOL OK
TISO OK
TISZ OK
TISJ OK
TISL OK
TIZO OK
TIZS OK
OLZS OK
TIZJ OK
TIZL OK
TIJO OK
TIJS OK
TIJL OK
TIJZ OK
TILO OK
TILS OK
TILZ OK
TILJ OK
TOIS OK
TOIJ OK
TOIZ OK
TOIL OK
TOSI OK
TOSJ OK
TOSL OK
TOZI OK
TOZJ OK
TOSZ OK
TOZL OK
TOJI OK
TOJS OK
TOJZ OK
TOJL OK
TOZS OK
TOLI OK
TOLS OK
TOLZ OK
TOLJ OK
TSIO OK
TSIZ OK
TSIJ OK
TSIL OK
TSOI OK
TSOJ OK
TSOL OK
TSZI OK
TSOZ OK
TSZJ OK
TSZL OK
TSZO OK
TSJI OK
TSJO OK
TSJL OK
TSJZ OK
TSLI OK
TSLO OK
TSLZ OK
TSLJ OK
TZIO OK
TZIS OK
TZIJ OK
TZIL OK
TZOI OK
TZOS OK
TZOJ OK
TZOL OK
TZSI OK
OJZS CAP
TZSJ OK
TZSL OK
TZJI OK
TZJO OK
TZJS OK
TZJL OK
TZLI OK
TZLO OK
TZLS OK
TZLJ OK
TJIO OK
TJIS OK
TZSO OK
TJIZ OK
TJIL OK
TJOI OK
TJOL OK
TJOS OK
TJOZ OK
TJSI OK
TJSL OK
TJSO OK
TJSZ OK
TJZI OK
TJZL OK
TJLI OK
TJZO OK
TJZS OK
TJLO OK
TJLS OK
TJLZ OK
TLIO OK
TLIS OK
TLIJ OK
TLIZ OK
TLOI OK
TLOS OK
TLOZ OK
TLSI OK
TLOJ OK
TLSO OK
TLSJ OK
TLZI OK
TLSZ OK
TLZO OK
TLJI OK
TLZS OK
TLZJ OK
TLJO OK
SIOT OK
TLJS OK
TLJZ OK
SIOZ OK
SIOJ OK
SITO OK
SIOL OK
SITZ OK
SITJ OK
SITL OK
SIZO OK
SIZT OK
SIZJ OK
SIJO OK
SIZL OK
SIJT OK
SIJL OK
SILO OK
SILT OK
SIJZ OK
SILJ OK
SOIT OK
SILZ OK
SOIZ OK
SOIJ OK
SOIL OK
SOTI OK
SOTJ OK
SOTZ OK
SOZI OK
SOTL OK
SOZT OK
SOJI OK
SOZJ OK
SOZL OK
SOJT OK
SOJL OK
SOLI OK
SOJZ OK
SOLT OK
SOLJ OK
STIO OK
SOLZ OK
STIZ OK
STIJ OK
STIL OK
STOI OK
STOJ OK
STZI OK
STOZ OK
STOL OK
STZO OK
STZJ OK
STJI OK
STZL OK
STJO OK
STJL OK
STLI OK
STJZ OK
STLO OK
STLJ OK
SZIT OK
SZIO OK
STLZ OK
SZIJ OK
SZOI OK
SZOT OK
SZIL OK
SZOJ OK
SZTI OK
SZOL OK
SZTO OK
SZTJ OK
SZTL OK
SZJI OK
SZJL OK
SZJT OK
SZJO OK
SZLI OK
SZLT OK
SZLJ OK
SJIO OK
SZLO OK
SJIT OK
SJIL OK
SJOI OK
SJIZ OK
SJOT OK
SJOL OK
SJTI OK
SJOZ OK
SJTO OK
SJTL OK
SJTZ OK
SJZT OK
SJZI OK
SJZL OK
SJZO OK
SJLI OK
SJLO OK
SJLT OK
SLIO OK
SLIT OK
SJLZ OK
SLIJ OK
SLOI OK
SLIZ OK
SLOT OK
SLOJ OK
SLTI OK
SLOZ OK
SLTJ OK
SLTO OK
SLTZ OK
SLZT OK
SLZI OK
SLZJ OK
SLJI OK
SLZO OK
SLJO OK
SLJT OK
ZIOT OK
SLJZ OK
ZIOS OK
ZIOJ OK
ZIOL OK
ZITO OK
ZITS OK
ZITJ OK
ZITL OK
ZISO OK
ZIST OK
ZISJ OK
ZISL OK
ZIJT OK
ZIJO OK
ZIJL OK
ZILT OK
ZILO OK
ZILS OK
ZOIT OK
ZILJ OK
ZOIS OK
ZOIJ OK
ZIJS OK
ZOIL OK
ZOTI OK
ZOTS OK
ZOTJ OK
ZOTL OK
ZOSI OK
ZOST OK
ZOSJ OK
ZOJI OK
ZOJT OK
ZOJL OK
ZOLI OK
ZOLT OK
ZOSL OK
ZOLJ OK
ZTIO OK
ZTIS OK
ZOJS OK
ZTIJ OK
ZTIL OK
ZTOI OK
ZTOS OK
ZTOJ OK
ZOLS OK
ZTOL OK
ZTSI OK
ZTSJ OK
ZTJI OK
ZTSL OK
ZTJO OK
ZTJL OK
ZTJS OK
ZTLI OK
ZTLO OK
ZTLS OK
ZTLJ OK
ZTSO OK
ZSIO OK
ZSIT OK
ZSIJ OK
ZSOI OK
ZSIL OK
ZSOT OK
ZSOJ OK
ZSTI OK
ZSTO OK
ZSTJ OK
ZSTL OK
ZSJI OK
ZSJT OK
ZSJL OK
ZSJO OK
ZSOL OK
ZSLI OK
ZSLT OK
ZSLJ OK
ZJIT OK
ZJIO OK
ZJIL OK
ZJIS OK
ZJOI OK
ZJOT OK
ZSLO OK
ZJOL OK
ZJTI OK
ZJTO OK
ZJTL OK
ZJSI OK
ZJSO OK
ZJTS OK
ZJOS OK
ZJSL OK
ZJLI OK
ZJLO OK
ZJST OK
ZJLT OK
ZJLS OK
ZLIT OK
ZLIO OK
ZLIJ OK
ZLIS OK
ZLOT OK
ZLOI OK
ZLOJ OK
ZLTI OK
ZLTO OK
ZLTS OK
ZLTJ OK
ZLSI OK
ZLST OK
ZLSJ OK
ZLOS OK
ZLJI OK
ZLJT OK
ZLJO OK
ZLJS OK
JIOT OK
ZLSO OK
JIOS OK
JIOL OK
JIOZ OK
JITO OK
JITS OK
JITZ OK
JITL OK
JIST OK
JISL OK
JISO OK
JIZT OK
JISZ OK
JIZO OK
JIZL OK
JILO OK
JILT OK
JILS OK
JILZ OK
JOIT OK
JOIS OK
JOIL OK
JOIZ OK
JOTI OK
JOTZ OK
JOTS OK
JOTL OK
JOSI OK
JOST OK
JIZS OK
JOSL OK
JOSZ OK
JOZI OK
JOZT OK
JOZL OK
JOLI OK
JOLT OK
JOLS OK
JOLZ OK
JTIO OK
JTIS OK
JTIZ OK
JTIL OK
JTOI OK
JTOS OK
JTOZ OK
JTOL OK
JTSI OK
JTSO OK
JTSZ OK
JTSL OK
JTZI OK
JTZO OK
JTZL OK
JTZS OK
JTLI OK
JTLO OK
JTLS OK
JTLZ OK
JSIT OK
JSIO OK
JSIL OK
JSOI OK
JSIZ OK
JOZS OK
JSOL OK
JSOT OK
JSTI OK
JSOZ OK
JSTL OK
JSTO OK
JSTZ OK
JSZI OK
JSZL OK
JSZO OK
JSZT OK
JSLI OK
JSLO OK
JSLT OK
JSLZ OK
JZIT OK
JZIO OK
JZIL OK
JZOI OK
JZOT OK
JZOL OK
JZTI OK
JZTO OK
JZTL OK
JZTS OK
JZIS OK
JZST OK
JZSL OK
JZLI OK
JZLO OK
JZSI OK
JZLT OK
JZLS OK
JLIO OK
JLIT OK
JLIS OK
JZOS OK
JLIZ OK
JLOI OK
JLOT OK
JLOS OK
JLOZ OK
JLTI OK
JLTO OK
JLTS OK
JLTZ OK
JLSI OK
JLSO OK
JLST OK
JLZI OK
JZSO OK
JLZO OK
JLZT OK
LIOT OK
JLZS OK
LIOJ OK
LITO OK
LIOS OK
LIOZ OK
JLSZ OK
LITS OK
LITZ OK
LITJ OK
LIST OK
LISJ OK
LIZT OK
LISO OK
LISZ OK
LIZJ OK
LIJO OK
LIZO OK
LIJT OK
LIJS OK
LIJZ OK
LOIT OK
LOIZ OK
LOIS OK
LOIJ OK
LOTI OK
LOTS OK
LOTZ OK
LOTJ OK
LOSI OK
LIZS OK
LOSJ OK
LOST OK
LOZT OK
LOZI OK
LOZS OK
LOZJ OK
LOJI OK
LOJT OK
LOJS OK
LOJZ OK
LTIO OK
LTIS OK
LTIJ OK
LTIZ OK
LTOI OK
LTOS OK
LTOZ OK
LTOJ OK
LTSI OK
LTSO OK
LTSZ OK
LTSJ OK
LTZI OK
LTZO OK
LTZS OK
LTZJ OK
LTJI OK
LTJO OK
LOSZ OK
LTJS OK
LTJZ OK
LSIO OK
LSIT OK
LSIJ OK
LSOI OK
LSIZ OK
LSOT OK
LSOJ OK
LSTI OK
LSTO OK
LSTJ OK
LSTZ OK
LSZI OK
LSZO OK
LSZJ OK
LSJI OK
LSZT OK
LSJO OK
LSJT OK
LSJZ OK
LZIT OK
LZIJ OK
LZIO OK
LZOT OK
LZOI OK
LZOJ OK
LSOZ OK
LZTI OK
LZOS OK
LZTO OK
LZTJ OK
LZIS OK
LZTS OK
LZSO OK
LZST OK
LZSJ OK
LZJI OK
LZJO OK
LZJT OK
LZJS OK
LJIO OK
LJIT OK
LJIS OK
LJIZ OK
LJOI OK
LJOT OK
LZSI OK
LJOS OK
LJOZ OK
LJTO OK
LJTI OK
LJTS OK
LJTZ OK
LJSO OK
LJSI OK
LJST OK
LJZI OK
LJZO OK
LJZT OK
LJZS OK
LJSZ OK
