IOTL OK
IOTZ OK
IOTS OK
IOTJ OK
IOST OK
IOSZ OK
IOSJ OK
IOSL OK
IOZT OK
IOZJ OK
IOJT OK
IOZL OK
IOZS OK
IOJS OK
IOJL OK
IOJZ OK
IOLT OK
IOLJ OK
ITOS OK
IOLS OK
IOLZ OK
ITOZ OK
ITOJ OK
ITOL OK
ITSO OK
ITSZ OK
ITSJ OK
ITSL OK
ITZS OK
ITZO OK
ITZJ OK
ITZL OK
ITJO OK
ITJS OK
ITJZ OK
ITJL OK
ITLO OK
ITLS OK
ITLZ OK
ITLJ OK
ISOT OK
ISOZ OK
ISOJ OK
ISOL OK
ISTO OK
ISTZ OK
ISTJ OK
ISTL OK
ISZO OK
ISZT OK
ISZJ OK
ISJO OK
ISJT OK
ISJL OK
ISLO OK
ISJZ OK
ISLT OK
ISLJ OK
ISZL OK
IZOT OK
IZOS OK
IZOJ OK
IZTO OK
IZTS OK
IZOL OK
IZTJ OK
IZTL OK
IZST OK
IZSO OK
IZSJ OK
IZSL OK
IZJT OK
IZJO OK
IZJL OK
IZJS OK
IZLT OK
IZLO OK
IZLJ OK
IJOT OK
IJOS OK
IJOZ OK
IJOL OK
IJTO OK
IJTS OK
IZLS OK
IJTZ OK
IJTL OK
IJST OK
IJSO OK
IJSL OK
IJSZ OK
IJZT OK
IJZO OK
IJZL OK
IJLO OK
IJLT OK
IJLS OK
IJLZ OK
IJZS OK
ILOT OK
ILOS OK
ILOJ OK
ILOZ OK
ILTO OK
ILTS OK
ILTZ OK
ILTJ OK
ILST OK
ILSO OK
ILSJ OK
ILZO OK
ILZT OK
ILZJ OK
ILJO OK
ILJT OK
ILJS OK
ILJZ OK
OITS OK
ILZS OK
OITZ OK
OITJ OK
OITL OK
OIST OK
ILSZ OK
OISZ OK
OISJ OK
OISL OK
OIZT OK
OIZJ OK
OIZS OK
OIJT OK
OIZL OK
OIJS OK
OIJL OK
OIJZ OK
OILT OK
OILS OK
OILJ OK
OILZ OK
ISLZ CAP
OTIS OK
OTIZ OK
OTIJ OK
OTIL OK
OTSI OK
OTSJ OK
OTSL OK
OTZI OK
OTZJ OK
OTZL OK
OTJI OK
OTJS OK
OTJZ OK
OTJL OK
OTLI OK
OTSZ OK
OTLS OK
OTLZ OK
OTLJ OK
OSIT OK
OSIZ OK
OSIJ OK
OSIL OK
OSTI OK
OSTZ OK
OSTJ OK
OSTL OK
OSZI OK
OSZT OK
OTZS OK
OSJI OK
OSJT OK
OSZJ OK
OSJZ OK
OSJL OK
OSLI OK
OSLT OK
OSLJ OK
OZIT OK
OZIS OK
OZIJ OK
OSZL OK
OZTI OK
OZTS OK
OZIL OK
OZTJ OK
OZTL OK
OZSI OK
OZST OK
OZSJ OK
OZJI OK
OZJT OK
OSLZ OK
OZJL OK
OZLT OK
OZSL OK
OZLI OK
OZLJ OK
OJIT OK
OJIS OK
OZJS OK
OJIL OK
OJIZ OK
OJTI OK
OJTS OK
OJTL OK
OJTZ OK
OZLS OK
OJSI OK
OJSL OK
OJST OK
OJSZ OK
OJZI OK
OJZT OK
OJZL OK
OJLI OK
OJLT OK
OJLS OK
OJLZ OK
OLIT OK
OLIS OK
OLIJ OK
OLIZ OK
OLTI OK
OLTS OK
OLTZ OK
OLTJ OK
OLSI OK
OLST OK
OLSJ OK
OLSZ OK
OLZT OK
OLZI OK
OLZJ OK
OLJI OK
OLJT OK
OLJS OK
OLJZ OK
TIOS OK
TIOZ OK
TIOJ OK
TIOL OK
TISO OK
TISZ OK
TISJ OK
TISL OK
TIZO OK
TIZS OK
TIZJ OK
TIZL OK
TIJO OK
TIJS OK
TIJZ OK
TIJL OK
TILO OK
TILS OK
TILZ OK
TILJ OK
TOIS OK
TOIZ OK
OLZS OK
TOIJ OK
TOIL OK
TOSI OK
TOSJ OK
TOSL OK
TOZI OK
TOZS OK
TOZJ OK
TOSZ OK
TOZL OK
TOJI OK
TOJS OK
TOJZ OK
TOJL OK
TOLI OK
TOLS OK
TOLZ OK
TOLJ OK
TSIZ OK
TSIO OK
TSIJ OK
TSOI OK
TSIL OK
TSOZ OK
TSOJ OK
TSOL OK
TSZI OK
TSZJ OK
TSZO OK
TSZL OK
TSJI OK
TSJO OK
TSJZ OK
TSJL OK
TSLI OK
TSLO OK
TSLJ OK
TSLZ OK
TZIO OK
TZIS OK
TZIJ OK
TZIL OK
TZOI OK
TZOS OK
TZOJ OK
TZOL OK
TZSI OK
TZSO OK
TZSJ OK
TZSL OK
TZJI OK
TZJO OK
TZJS OK
TZJL OK
TZLI OK
TZLO OK
TZLS OK
TZLJ OK
TJIO OK
OJZS CAP
TJIS OK
TJIZ OK
TJIL OK
TJOI OK
TJOS OK
TJOZ OK
TJOL OK
TJSI OK
TJSO OK
TJSZ OK
TJSL OK
TJZI OK
TJZO OK
TJLI OK
TJZL OK
TJZS OK
TJLO OK
TJLS OK
TJLZ OK
TLIO OK
TLIS OK
TLIJ OK
TLOI OK
TLIZ OK
TLOS OK
TLOJ OK
TLSI OK
TLOZ OK
TLSO OK
TLSJ OK
TLZI OK
TLSZ OK
TLZO OK
TLZS OK
TLZJ OK
TLJI OK
TLJO OK
TLJS OK
SIOT OK
TLJZ OK
SIOZ OK
SIOJ OK
SITO OK
SIOL OK
SITZ OK
SITJ OK
SITL OK
SIZO OK
SIZT OK
SIZJ OK
SIJO OK
SIJT OK
SIJL OK
SILO OK
SILT OK
SIJZ OK
SIZL OK
SILJ OK
SOIT OK
SOIZ OK
SOIJ OK
SOIL OK
SOTI OK
SOTZ OK
SOTJ OK
SOTL OK
SOZI OK
SOZT OK
SOZJ OK
SOJI OK
SOJT OK
SOJZ OK
SOJL OK
SOLI OK
SILZ OK
SOLT OK
SOLJ OK
STIO OK
STIZ OK
STIJ OK
STIL OK
STOI OK
SOZL OK
STOJ OK
STOL OK
STZI OK
STOZ OK
STZO OK
STZJ OK
STZL OK
STJI OK
STJO OK
STJZ OK
STJL OK
STLI OK
STLO OK
STLZ OK
STLJ OK
SOLZ OK
SZIO OK
SZIT OK
SZIJ OK
SZOI OK
SZOT OK
SZTI OK
SZOJ OK
SZTO OK
SZTJ OK
SZIL OK
SZTL OK
SZJI OK
SZJT OK
SZJL OK
SZJO OK
SZOL OK
SZLT OK
SZLJ OK
SJIO OK
SJIT OK
SZLI OK
SJIL OK
SJIZ OK
SJOI OK
SJOT OK
SJOL OK
SZLO OK
SJTI OK
SJOZ OK
SJTL OK
SJTO OK
SJTZ OK
SJZI OK
SJZL OK
SJZO OK
SJLI OK
SJZT OK
SJLO OK
SJLT OK
SJLZ OK
SLIO OK
SLIT OK
SLIJ OK
SLOI OK
SLIZ OK
SLOT OK
SLOJ OK
SLTI OK
SLTO OK
SLTJ OK
SLTZ OK
SLZI OK
SLZT OK
SLZJ OK
SLJI OK
SLJO OK
SLJT OK
SLJZ OK
ZIOT OK
SLZO OK
SLOZ OK
ZIOS OK
ZIOJ OK
ZITO OK
ZITS OK
ZITJ OK
ZITL OK
ZIOL OK
ZIST OK
ZISO OK
ZISJ OK
ZISL OK
ZIJT OK
ZIJL OK
ZIJO OK
ZILT OK
ZILO OK
ZIJS OK
ZILJ OK
ZILS OK
ZOIT OK
ZOIJ OK
ZOTI OK
ZOTS OK
ZOIL OK
ZOIS OK
ZOTJ OK
ZOSI OK
ZOST OK
ZOTL OK
ZOSJ OK
ZOJT OK
ZOJI OK
ZOJL OK
ZOLI OK
ZOLT OK
ZOSL OK
ZOLJ OK
ZTIO OK
ZTIS OK
ZOJS OK
ZTIJ OK
ZTIL OK
ZTOI OK
ZTOS OK
ZTOJ OK
ZTOL OK
ZOLS OK
ZTSI OK
ZTSO OK
ZTSJ OK
ZTJI OK
ZTSL OK
ZTJO OK
ZTJS OK
ZTJL OK
ZTLI OK
ZTLO OK
ZTLS OK
ZTLJ OK
ZSIO OK
ZSIT OK
ZSIJ OK
ZSIL OK
ZSOI OK
ZSOT OK
ZSTI OK
ZSTO OK
ZSOJ OK
ZSTJ OK
ZSTL OK
ZSJI OK
ZSJT OK
ZSJO OK
ZSJL OK
ZSLI OK
ZSOL OK
ZSLT OK
ZSLJ OK
ZJIT OK
ZJIO OK
ZJIL OK
ZJIS OK
ZJOI OK
ZJOT OK
ZJOL OK
ZSLO OK
ZJTI OK
ZJTL OK
ZJTO OK
ZJTS OK
ZJSI OK
ZJST OK
ZJSO OK
ZJSL OK
ZJOS OK
ZJLI OK
ZJLO OK
ZJLT OK
ZJLS OK
ZLIT OK
ZLIO OK
ZLIJ OK
ZLIS OK
ZLOT OK
ZLOI OK
ZLOJ OK
ZLTI OK
ZLTO OK
ZLTS OK
ZLTJ OK
ZLSI OK
ZLST OK
ZLSJ OK
ZLJI OK
ZLJO OK
ZLJT OK
ZLOS OK
ZLJS OK
JIOT OK
JIOS OK
JIOL OK
JIOZ OK
ZLSO OK
JITO OK
JITS OK
JITZ OK
JITL OK
JIST OK
JISL OK
JISO OK
JIZT OK
JISZ OK
JIZO OK
JIZL OK
JILT OK
JILO OK
JILS OK
JILZ OK
JOIT OK
JIZS OK
JOIL OK
JOIS OK
JOTI OK
JOIZ OK
JOTS OK
JOTZ OK
JOTL OK
JOSI OK
JOSL OK
JOST OK
JOZI OK
JOSZ OK
JOZL OK
JOZT OK
JOLI OK
JOLT OK
JOLS OK
JOLZ OK
JTIO OK
JTIS OK
JTIZ OK
JTIL OK
JTOI OK
JTOS OK
JTOZ OK
JTOL OK
JTSI OK
JTSO OK
JTSZ OK
JTSL OK
JTZI OK
JOZS OK
JTZO OK
JTZS OK
JTZL OK
JTLI OK
JTLO OK
JTLS OK
JTLZ OK
JSIO OK
JSIT OK
JSIL OK
JSOI OK
JSOT OK
JSIZ OK
JSOL OK
JSTI OK
JSOZ OK
JSTL OK
JSTO OK
JSTZ OK
JSZI OK
JSZL OK
JSLI OK
JSZO OK
JSZT OK
JSLO OK
JSLT OK
JSLZ OK
JZIT OK
JZIO OK
JZIL OK
JZOI OK
JZOT OK
JZOL OK
JZTI OK
JZIS OK
JZTO OK
JZTL OK
JZTS OK
JZST OK
JZSI OK
JZOS OK
JZLI OK
JZSL OK
JZLO OK
JZLT OK
JZLS OK
JLIO OK
JLIT OK
JLIS OK
JLIZ OK
JLOI OK
JLOT OK
JLOS OK
JLOZ OK
JZSO OK
JLTI OK
JLTO OK
JLTS OK
JLTZ OK
JLSI OK
JLSO OK
JLST OK
JLZI OK
JLSZ OK
JLZO OK
JLZT OK
LIOT OK
JLZS OK
LIOJ OK
LITO OK
LIOS OK
LIOZ OK
LITS OK
LITZ OK
LITJ OK
LIST OK
LISJ OK
LISO OK
LIZT OK
LIZO OK
LIZJ OK
LIJO OK
LIJT OK
LIJS OK
LIJZ OK
LOIT OK
LOIS OK
LOIZ OK
LOIJ OK
LOTI OK
LOTS OK
LIZS OK
LOTJ OK
LOTZ OK
LOSI OK
LOST OK
LOSJ OK
LOSZ OK
LOZT OK
LOZI OK
LOZJ OK
LOJI OK
LOJT OK
LISZ OK
LOZS OK
LOJS OK
LOJZ OK
LTIO OK
LTIS OK
LTIZ OK
LTIJ OK
LTOI OK
LTOS OK
LTOZ OK
LTOJ OK
LTSI OK
LTSJ OK
LTSO OK
LTZI OK
LTSZ OK
LTZO OK
LTJI OK
LTZJ OK
LTZS OK
LTJO OK
LTJS OK
LTJZ OK
LSIO OK
LSIT OK
LSIJ OK
LSOI OK
LSOT OK
LSOJ OK
LSTI OK
LSTO OK
LSTJ OK
LSTZ OK
LSZO OK
LSZT OK
LSZJ OK
LSZI OK
LSIZ OK
LSJI OK
LSJO OK
LSOZ OK
LSJT OK
LSJZ OK
LZIT OK
LZIJ OK
LZIO OK
LZOT OK
LZOI OK
LZOJ OK
LZTI OK
LZOS OK
LZTO OK
LZTJ OK
LZTS OK
LZIS OK
LZSO OK
LZSJ OK
LZJI OK
LZST OK
LZJO OK
LZJS OK
LZJT OK
LJIO OK
LJIT OK
LJIS OK
LJIZ OK
LJOT OK
LJOI OK
LJOS OK
LJOZ OK
LJTI OK
LJTO OK
LZSI OK
LJTS OK
LJTZ OK
LJSI OK
LJSO OK
LJST OK
LJZO OK
LJZI OK
LJSZ OK
LJZT OK
LJZS OK
