IOTS OK
IOTJ OK
IOTL OK
IOTZ OK
IOST OK
IOSZ OK
IOSL OK
IOSJ OK
IOZT OK
IOZS OK
IOZL OK
IOZJ OK
IOJT OK
IOJL OK
IOJZ OK
IOLT OK
IOJS OK
IOLS OK
IOLJ OK
ITOS OK
IOLZ OK
ITOJ OK
ITOZ OK
ITOL OK
ITSO OK
ITSZ OK
ITSJ OK
ITSL OK
ITZO OK
ITZS OK
ITZJ OK
ITZL OK
ITJO OK
ITJS OK
ITJZ OK
ITJL OK
ITLO OK
ITLS OK
ITLZ OK
ITLJ OK
ISOT OK
ISOZ OK
ISOJ OK
ISOL OK
ISTO OK
ISTZ OK
ISTJ OK
ISTL OK
ISZO OK
ISZT OK
ISZJ OK
ISJO OK
ISJT OK
ISZL OK
ISJL OK
ISLO OK
ISLT OK
ISJZ OK
ISLJ OK
IZOT OK
ISLZ OK
IZOS OK
IZOJ OK
IZOL OK
IZTO OK
IZTS OK
IZTJ OK
IZTL OK
IZST OK
IZSJ OK
IZSL OK
IZSO OK
IZJT OK
IZJL OK
IZJO OK
IZLT OK
IZLO OK
IZLJ OK
IJOT OK
IZJS OK
IJOS OK
IJOL OK
IZLS OK
IJOZ OK
IJTO OK
IJTS OK
IJTZ OK
IJTL OK
IJST OK
IJSL OK
IJSO OK
IJZT OK
IJSZ OK
IJZO OK
IJZL OK
IJLO OK
IJLT OK
IJLS OK
IJLZ OK
ILOT OK
ILOS OK
ILOZ OK
ILOJ OK
ILTO OK
ILTS OK
ILTZ OK
ILTJ OK
IJZS OK
ILST OK
ILSJ OK
ILSO OK
ILZT OK
ILSZ OK
ILZJ OK
ILJO OK
ILJT OK
ILJS OK
ILJZ OK
OITS OK
OITZ OK
OITJ OK
OITL OK
OIST OK
ILZO OK
OISZ OK
OISJ OK
OISL OK
ILZS OK
OIZT OK
OIZS OK
OIZJ OK
OIZL OK
OIJT OK
OIJL OK
OIJS OK
OILT OK
OIJZ OK
OILJ OK
OTIS OK
OILS OK
OILZ OK
OTIZ OK
OTIJ OK
OTIL OK
OTSI OK
OTSJ OK
OTSL OK
OTZI OK
OTZJ OK
OTZL OK
OTJI OK
OTJS OK
OTJZ OK
OTJL OK
OTLI OK
OTLS OK
OTZS OK
OTLZ OK
OTLJ OK
OSIT OK
OSIZ OK
OTSZ OK
OSIJ OK
OSIL OK
OSTI OK
OSTJ OK
OSZI OK
OSTL OK
OSTZ OK
OSZT OK
OSJI OK
OSJT OK
OSZJ OK
OSJL OK
OSLI OK
OSLT OK
OSLJ OK
OSZL OK
OSJZ OK
OZIT OK
OZIS OK
OZIJ OK
OZIL OK
OZTI OK
OZTS OK
OZTJ OK
OZTL OK
OZSI OK
OZST OK
OSLZ OK
OZJI OK
OZSJ OK
OZJT OK
OZSL OK
OZJL OK
OZLI OK
OZLT OK
OZLJ OK
OJIT OK
OZJS OK
OJIS OK
OJIZ OK
OJIL OK
OJTI OK
OZLS OK
OJTL OK
OJTS OK
OJSI OK
OJTZ OK
OJST OK
OJSL OK
OJZI OK
OJZT OK
OJZL OK
OJLI OK
OJLT OK
OJLS OK
OJLZ OK
OLIT OK
OLIS OK
OLIZ OK
OLIJ OK
OLTI OK
OLTS OK
OJSZ OK
OLTZ OK
OLTJ OK
OLSI OK
OLSJ OK
OLST OK
OLZT OK
OLZI OK
OLZJ OK
OLJI OK
OLJT OK
OLJS OK
OLJZ OK
TIOS OK
TIOZ OK
OLSZ OK
TIOJ OK
TIOL OK
TISO OK
TISZ OK
TISJ OK
TISL OK
TIZO OK
TIZS OK
TIZJ OK
OLZS OK
TIZL OK
TIJO OK
TIJS OK
TIJZ OK
TIJL OK
TILO OK
TILS OK
TILZ OK
TILJ OK
TOIS OK
TOIZ OK
TOIJ OK
TOIL OK
TOSI OK
TOSJ OK
TOSL OK
TOZI OK
TOZJ OK
TOZS OK
TOZL OK
TOJI OK
TOJS OK
TOJZ OK
TOJL OK
TOSZ OK
TOLI OK
TOLS OK
TOLZ OK
TOLJ OK
TSIO OK
TSIJ OK
TSIZ OK
TSIL OK
TSOI OK
TSOJ OK
TSOL OK
TSZI OK
TSOZ OK
TSZJ OK
TSZL OK
TSJI OK
TSJO OK
TSJZ OK
TSJL OK
TSLI OK
TSLO OK
OJZS CAP
TSLZ OK
TZIO OK
TSLJ OK
TSZO OK
TZIS OK
TZIJ OK
TZIL OK
TZOI OK
TZOS OK
TZSI OK
TZOJ OK
TZOL OK
TZSL OK
TZJI OK
TZSJ OK
TZJO OK
TZJL OK
TZJS OK
TZLI OK
TZLO OK
TZLJ OK
TZLS OK
TJIO OK
TJIZ OK
TJIS OK
TJIL OK
TJOI OK
TJOS OK
TJOZ OK
TZSO OK
TJOL OK
TJSI OK
TJSO OK
TJSL OK
TJSZ OK
TJZI OK
TJZL OK
TJZO OK
TJLI OK
TJZS OK
TJLO OK
TJLS OK
TJLZ OK
TLIO OK
TLIS OK
TLIZ OK
TLIJ OK
TLOI OK
TLOJ OK
TLOS OK
TLSI OK
TLOZ OK
TLSJ OK
TLSO OK
TLZI OK
TLSZ OK
TLJI OK
TLZO OK
TLZS OK
TLZJ OK
TLJO OK
TLJS OK
SIOT OK
TLJZ OK
SIOJ OK
SIOZ OK
SIOL OK
SITO OK
SITZ OK
SITJ OK
SITL OK
SIZO OK
SIZT OK
SIZJ OK
SIJT OK
SIZL OK
SIJO OK
SIJL OK
SILT OK
SILO OK
SIJZ OK
SILJ OK
SOIT OK
SOIZ OK
SOIJ OK
SOIL OK
SILZ OK
SOTI OK
SOTJ OK
SOZI OK
SOTL OK
SOTZ OK
SOZT OK
SOJI OK
SOJT OK
SOZJ OK
SOJL OK
SOLT OK
SOLI OK
SOLJ OK
SOZL OK
SOJZ OK
STIZ OK
STIO OK
STIJ OK
STIL OK
STOI OK
STOJ OK
STOL OK
STZI OK
STOZ OK
STZJ OK
STZL OK
STJI OK
STZO OK
STJO OK
SOLZ OK
STJL OK
STLI OK
STJZ OK
STLJ OK
SZIO OK
STLO OK
SZIT OK
SZIJ OK
STLZ OK
SZIL OK
SZOT OK
SZOI OK
SZTI OK
SZTO OK
SZTJ OK
SZOJ OK
SZTL OK
SZJI OK
SZJL OK
SZOL OK
SZJT OK
SZLI OK
SZLJ OK
SZLT OK
SJIO OK
SJIT OK
SZJO OK
SJIZ OK
SJIL OK
SJOI OK
SJOT OK
SJOL OK
SJTO OK
SJTI OK
SZLO OK
SJTL OK
SJTZ OK
SJOZ OK
SJZI OK
SJZT OK
SJZL OK
SJLI OK
SJLO OK
SJLT OK
SJLZ OK
SLIO OK
SLIT OK
SLIJ OK
SLOI OK
SLIZ OK
SLOT OK
SLOJ OK
SLTI OK
SLTO OK
SLTZ OK
SLTJ OK
SJZO OK
SLZI OK
SLZT OK
SLZJ OK
SLJI OK
SLJO OK
SLJT OK
ZIOT OK
SLJZ OK
ZIOS OK
ZIOJ OK
ZIOL OK
ZITO OK
ZITS OK
ZITJ OK
ZITL OK
ZISO OK
ZIST OK
ZISJ OK
ZISL OK
ZIJO OK
ZIJT OK
SLZO OK
ZIJL OK
ZILT OK
ZILO OK
ZIJS OK
ZILJ OK
ZOIS OK
ZOIT OK
ZILS OK
ZOIJ OK
ZOIL OK
ZOTI OK
ZOTS OK
ZOTJ OK
ZOSI OK
ZOTL OK
ZOST OK
ZOJI OK
ZOSL OK
ZOSJ OK
ZOJT OK
ZOJL OK
ZOLI OK
ZOLT OK
ZOLJ OK
ZOJS OK
ZTIO OK
ZTIS OK
ZOLS OK
ZTIJ OK
ZTIL OK
ZTOI OK
ZTOS OK
ZTOJ OK
ZTOL OK
ZTSI OK
ZTSJ OK
ZTSL OK
ZTJO OK
ZTJI OK
ZTJS OK
ZTJL OK
ZTSO OK
ZTLI OK
ZTLO OK
ZTLS OK
ZTLJ OK
ZSIO OK
ZSIT OK
ZSIJ OK
ZSIL OK
ZSOI OK
ZSOT OK
ZSOJ OK
ZSTI OK
ZSOL OK
ZSTJ OK
ZSTL OK
SLOZ CAP
ZSTO OK
ZSJI OK
ZSJL OK
ZSLI OK
ZSJT OK
ZSLJ OK
ZSLT OK
ZSJO OK
ZJIT OK
ZJIO OK
ZJIL OK
ZJOI OK
ZSLO OK
ZJOT OK
ZJOL OK
ZJTI OK
ZJTO OK
ZJIS OK
ZJTL OK
ZJSI OK
ZJOS OK
ZJSL OK
ZJTS OK
ZJLI OK
ZJLO OK
ZJLT OK
ZJLS OK
ZJST OK
ZLIT OK
ZJSO OK
ZLIJ OK
ZLIO OK
ZLOT OK
ZLOI OK
ZLOJ OK
ZLTI OK
ZLIS OK
ZLTO OK
ZLTS OK
ZLTJ OK
ZLSI OK
ZLOS OK
ZLSJ OK
ZLST OK
ZLJI OK
ZLJO OK
ZLJT OK
ZLJS OK
JIOT OK
JIOL OK
ZLSO OK
JIOZ OK
JITS OK
JIOS OK
JITO OK
JITZ OK
JITL OK
JIST OK
JISL OK
JISO OK
JIZT OK
JIZO OK
JISZ OK
JIZL OK
JILO OK
JILT OK
JILZ OK
JILS OK
JOIT OK
JOIZ OK
JOIL OK
JOIS OK
JOTI OK
JOTS OK
JOTZ OK
JOTL OK
JIZS OK
JOSI OK
JOST OK
JOSL OK
JOZI OK
JOZT OK
JOZL OK
JOLI OK
JOLT OK
JOLS OK
JOLZ OK
JTIO OK
JTIS OK
JTIZ OK
JTIL OK
JTOI OK
JTOS OK
JTOL OK
JTSI OK
JOSZ OK
JTOZ OK
JTSL OK
JTSZ OK
JTSO OK
JTZI OK
JTZO OK
JTZL OK
JTZS OK
JTLI OK
JTLZ OK
JTLO OK
JTLS OK
JSIT OK
JSIO OK
JSIL OK
JSOI OK
JSIZ OK
JSOT OK
JSOL OK
JSTI OK
JSTO OK
JSTL OK
JSTZ OK
JSZI OK
JSZT OK
JSOZ OK
JSZL OK
JSLI OK
JSLO OK
JSLT OK
JSLZ OK
JZIT OK
JZIO OK
JZIL OK
JZOI OK
JSZO OK
JZOT OK
JZOL OK
JZTI OK
JZIS OK
JZTO OK
JZTL OK
JZTS OK
JOZS CAP
JZSI OK
JZSL OK
JZLI OK
JZST OK
JZLO OK
JZLT OK
JZLS OK
JLIO OK
JLIT OK
JLIS OK
JLIZ OK
JLOI OK
JLOT OK
JLOS OK
JLOZ OK
JLTI OK
JLTO OK
JLTS OK
JLTZ OK
JLSI OK
JLSO OK
JLST OK
JLZI OK
JZSO OK
JLZO OK
JLZT OK
JLZS OK
LIOT OK
JLSZ OK
LIOS OK
LIOJ OK
LITO OK
LIOZ OK
LITS OK
LITZ OK
LITJ OK
LIST OK
LISO OK
LISJ OK
LISZ OK
LIZT OK
LIZO OK
LIZJ OK
LIJT OK
LIJO OK
LIJS OK
LIJZ OK
LOIT OK
LOIS OK
LIZS OK
LOIJ OK
LOIZ OK
LOTI OK
LOTS OK
LOTJ OK
LOTZ OK
LOSI OK
LOSJ OK
LOST OK
LOZI OK
LOZT OK
LOZJ OK
LOJI OK
JZOS CAP
LOJT OK
LOJS OK
LOJZ OK
LTIO OK
LTIS OK
LTIZ OK
LTIJ OK
LTOI OK
LTOS OK
LTOZ OK
LTOJ OK
LTSI OK
LTSO OK
LOSZ OK
LTSZ OK
LTSJ OK
LTZI OK
LTZO OK
LTJI OK
LTZS OK
LTZJ OK
LTJZ OK
LTJO OK
LTJS OK
LSIO OK
LSIT OK
LOZS OK
LSIJ OK
LSOI OK
LSIZ OK
LSOT OK
LSTI OK
LSOJ OK
LSTJ OK
LSTO OK
LSTZ OK
LSZI OK
LSZJ OK
LSZT OK
LSJI OK
LSJO OK
LSJT OK
LSJZ OK
LZIO OK
LZIT OK
LZIJ OK
LZOI OK
LZOT OK
LZIS OK
LZOJ OK
LZTI OK
LSZO OK
LZTO OK
LZTS OK
LZTJ OK
LZOS OK
LZSI OK
LZSJ OK
LZST OK
LZJI OK
LZJO OK
LZJT OK
LZJS OK
LJIO OK
LJIT OK
LJIS OK
LJIZ OK
LJOI OK
LJOT OK
LJOS OK
LJTI OK
LJOZ OK
LJTO OK
LJTS OK
LJTZ OK
LJSI OK
LJSO OK
LJST OK
LZSO OK
LJZI OK
LJZO OK
LJZT OK
LJSZ OK
LJZS OK
LSOZ CAP
