IOTZ OK
IOTJ OK
IOTL OK
IOTS OK
IOST OK
IOSZ OK
IOSJ OK
IOSL OK
IOZT OK
IOZJ OK
IOJT OK
IOZL OK
IOZS OK
IOJL OK
IOJS OK
IOJZ OK
IOLT OK
IOLJ OK
ITOS OK
IOLS OK
IOLZ OK
ITOZ OK
ITOJ OK
ITOL OK
ITSO OK
ITSZ OK
ITSJ OK
ITSL OK
ITZO OK
ITZS OK
ITZJ OK
ITZL OK
ITJO OK
ITJS OK
ITJZ OK
ITJL OK
ITLO OK
ITLS OK
ITLZ OK
ITLJ OK
ISOT OK
ISOZ OK
ISOJ OK
ISOL OK
ISTO OK
ISTZ OK
ISTJ OK
ISTL OK
ISZO OK
ISZT OK
ISZJ OK
ISZL OK
ISJO OK
ISJT OK
ISJL OK
ISLT OK
ISLO OK
ISJZ OK
ISLJ OK
IZOT OK
ISLZ OK
IZOJ OK
IZTO OK
IZOL OK
IZTS OK
IZOS OK
IZTJ OK
IZTL OK
IZST OK
IZSO OK
IZSJ OK
IZJT OK
IZSL OK
IZJO OK
IZJL OK
IZLT OK
IZJS OK
IZLJ OK
IZLO OK
IJOT OK
IJOS OK
IJOL OK
IJOZ OK
IJTO OK
IJTS OK
IJTZ OK
IJTL OK
IZLS OK
IJST OK
IJSL OK
IJSO OK
IJSZ OK
IJZT OK
IJZO OK
IJZL OK
IJLO OK
IJLT OK
IJLS OK
IJLZ OK
ILOT OK
IJZS OK
ILOJ OK
ILTO OK
ILOS OK
ILTS OK
ILOZ OK
ILTZ OK
ILTJ OK
ILST OK
ILSJ OK
ILSO OK
ILZT OK
ILZO OK
ILZJ OK
ILJO OK
ILJT OK
ILJS OK
ILJZ OK
OITS OK
OITZ OK
OITJ OK
OITL OK
OIST OK
OISZ OK
ILZS OK
OISJ OK
OISL OK
OIZT OK
OIZJ OK
OIZS OK
OIJT OK
OIZL OK
ILSZ OK
OIJL OK
OIJS OK
OIJZ OK
OILT OK
OILJ OK
OTIS OK
OILS OK
OILZ OK
OTIZ OK
OTIJ OK
OTIL OK
OTSI OK
OTSJ OK
OTSL OK
OTZI OK
OTZJ OK
OTZL OK
OTJI OK
OTJS OK
OTJZ OK
OTJL OK
OTLI OK
OTSZ OK
OTLS OK
OTLJ OK
OTLZ OK
OSIT OK
OSIZ OK
OSIJ OK
OSIL OK
OSTI OK
OSTZ OK
OSTJ OK
OSTL OK
OSZI OK
OSZT OK
OTZS OK
OSJI OK
OSZJ OK
OSJT OK
OSJL OK
OSLI OK
OSJZ OK
OSLT OK
OSLJ OK
OZIT OK
OZIJ OK
OZIS OK
OSZL OK
OZTI OK
OZTS OK
OZTJ OK
OZIL OK
OZTL OK
OZSI OK
OZST OK
OZSJ OK
OZJI OK
OZJT OK
OZJL OK
OZSL OK
OZLI OK
OZLT OK
OZJS OK
OZLJ OK
OJIT OK
OJIS OK
OJIL OK
OJIZ OK
OZLS OK
OJTI OK
OJTS OK
OJTZ OK
OJTL OK
OJSI OK
OJST OK
OJSL OK
OJSZ OK
OJZI OK
OJZT OK
OJZL OK
OJLI OK
OJLT OK
OJLS OK
OJLZ OK
OLIT OK
OLIS OK
OLIJ OK
OLIZ OK
OLTI OK
OLTS OK
OLTZ OK
OLTJ OK
OLSI OK
OLST OK
OLSJ OK
OLSZ OK
OLZI OK
OLZT OK
OLZJ OK
OLJI OK
OLJT OK
OLJS OK
OLJZ OK
OSLZ CAP
TIOS OK
TIOZ OK
TIOJ OK
TIOL OK
TISO OK
TISZ OK
TISJ OK
TISL OK
TIZO OK
TIZS OK
TIZJ OK
TIZL OK
TIJO OK
TIJS OK
OLZS OK
TIJZ OK
TIJL OK
TILO OK
TILS OK
TILZ OK
TILJ OK
TOIS OK
TOIZ OK
TOIJ OK
TOIL OK
TOSI OK
TOSJ OK
TOSL OK
TOZI OK
TOZS OK
TOZJ OK
TOZL OK
TOJI OK
TOJS OK
TOJZ OK
TOJL OK
TOSZ OK
TOLI OK
TOLS OK
TOLZ OK
TOLJ OK
TSIO OK
TSIZ OK
TSIJ OK
TSIL OK
TSOI OK
TSOJ OK
TSOZ OK
TSOL OK
TSZI OK
TSZO OK
TSZJ OK
TSZL OK
TSJI OK
TSJO OK
TSJZ OK
TSJL OK
TSLI OK
TSLO OK
TSLJ OK
TSLZ OK
TZIO OK
TZIS OK
TZIJ OK
OJZS CAP
TZIL OK
TZOI OK
TZOS OK
TZOJ OK
TZOL OK
TZSI OK
TZSO OK
TZSJ OK
TZJI OK
TZSL OK
TZJO OK
TZJS OK
TZJL OK
TZLI OK
TZLO OK
TZLS OK
TJIO OK
TZLJ OK
TJIS OK
TJIZ OK
TJIL OK
TJOI OK
TJOL OK
TJOS OK
TJOZ OK
TJSI OK
TJSL OK
TJSO OK
TJSZ OK
TJZI OK
TJZO OK
TJZS OK
TJLI OK
TJZL OK
TJLO OK
TJLS OK
TLIO OK
TJLZ OK
TLIS OK
TLIZ OK
TLIJ OK
TLOI OK
TLOS OK
TLOZ OK
TLOJ OK
TLSI OK
TLSO OK
TLSZ OK
TLSJ OK
TLZI OK
TLZO OK
TLZJ OK
TLZS OK
TLJI OK
TLJO OK
TLJS OK
TLJZ OK
SIOT OK
SIOL OK
SIOZ OK
SIOJ OK
SITO OK
SITZ OK
SITJ OK
SITL OK
SIZO OK
SIZT OK
SIZJ OK
SIJO OK
SIZL OK
SIJT OK
SIJL OK
SILO OK
SILT OK
SIJZ OK
SILJ OK
SOIT OK
SILZ OK
SOIZ OK
SOIJ OK
SOIL OK
SOTI OK
SOTJ OK
SOTZ OK
SOTL OK
SOZI OK
SOZT OK
SOJI OK
SOZJ OK
SOJT OK
SOZL OK
SOJL OK
SOLI OK
SOLT OK
SOJZ OK
STIO OK
SOLJ OK
STIZ OK
SOLZ OK
STIJ OK
STIL OK
STOI OK
STOJ OK
STOL OK
STZI OK
STOZ OK
STZO OK
STZJ OK
STZL OK
STJI OK
STJO OK
STJL OK
STLI OK
STJZ OK
STLO OK
STLZ OK
STLJ OK
SZIT OK
SZIO OK
SZIJ OK
SZIL OK
SZOI OK
SZOT OK
SZOJ OK
SZTI OK
SZTO OK
SZOL OK
SZTJ OK
SZTL OK
SZJI OK
SZJT OK
SZJL OK
SZJO OK
SZLI OK
SZLT OK
SJIO OK
SZLJ OK
SZLO OK
SJIT OK
SJIL OK
SJOI OK
SJOT OK
SJIZ OK
SJOL OK
SJTI OK
SJOZ OK
SJTL OK
SJTO OK
SJTZ OK
SJZT OK
SJZI OK
SJZL OK
SJZO OK
SJLI OK
SJLO OK
SJLT OK
SLIO OK
SJLZ OK
SLIT OK
SLIJ OK
SLOI OK
SLIZ OK
SLOJ OK
SLOT OK
SLTI OK
SLTO OK
SLOZ OK
SLTJ OK
SLTZ OK
SLZT OK
SLZJ OK
SLZI OK
SLZO OK
SLJI OK
SLJT OK
SLJO OK
ZIOT OK
SLJZ OK
ZIOJ OK
ZITO OK
ZIOL OK
ZITS OK
ZITJ OK
ZIOS OK
ZITL OK
ZIST OK
ZISO OK
ZISJ OK
ZISL OK
ZIJT OK
ZIJL OK
ZIJO OK
ZILT OK
ZILO OK
ZIJS OK
ZILJ OK
ZILS OK
ZOIT OK
ZOIJ OK
ZOTI OK
ZOIS OK
ZOIL OK
ZOTS OK
ZOTJ OK
ZOSI OK
ZOTL OK
ZOST OK
ZOSJ OK
ZOJI OK
ZOJT OK
ZOJL OK
ZOLI OK
ZOLT OK
ZOSL OK
ZOLJ OK
ZTIO OK
ZTIS OK
ZOJS OK
ZTIJ OK
ZTIL OK
ZTOI OK
ZTOS OK
ZTOJ OK
ZTOL OK
ZTSI OK
ZOLS OK
ZTSO OK
ZTSJ OK
ZTJI OK
ZTSL OK
ZTJO OK
ZTJL OK
ZTJS OK
ZTLI OK
ZTLO OK
ZTLJ OK
ZTLS OK
ZSIO OK
ZSIT OK
ZSOI OK
ZSIL OK
ZSIJ OK
ZSOT OK
ZSTI OK
ZSTO OK
ZSOJ OK
ZSTJ OK
ZSTL OK
ZSJI OK
ZSJT OK
ZSJO OK
ZSJL OK
ZSOL OK
ZSLI OK
ZSLT OK
ZSLJ OK
ZJIT OK
ZJIO OK
ZJIL OK
ZJIS OK
ZJOI OK
ZJOT OK
ZSLO OK
ZJOL OK
ZJTI OK
ZJTO OK
ZJTS OK
ZJTL OK
ZJSI OK
ZJST OK
ZJSL OK
ZJSO OK
ZJLI OK
ZJLO OK
ZJLT OK
ZJOS OK
ZJLS OK
ZLIT OK
ZLIJ OK
ZLIO OK
ZLIS OK
ZLOT OK
ZLOI OK
ZLTI OK
ZLOJ OK
ZLTO OK
ZLTJ OK
ZLTS OK
ZLSI OK
ZLST OK
ZLSJ OK
ZLJI OK
ZLJO OK
ZLJT OK
ZLOS OK
ZLJS OK
JIOT OK
JIOS OK
JIOL OK
JIOZ OK
ZLSO OK
JITO OK
JITS OK
JITL OK
JITZ OK
JIST OK
JISL OK
JISO OK
JIZT OK
JISZ OK
JIZO OK
JIZL OK
JILO OK
JILT OK
JILS OK
JILZ OK
JOIT OK
JIZS OK
JOIS OK
JOIL OK
JOTI OK
JOIZ OK
JOTS OK
JOTZ OK
JOTL OK
JOSI OK
JOSL OK
JOST OK
JOZI OK
JOSZ OK
JOZL OK
JOZT OK
JOLI OK
JOLT OK
JOLS OK
JOLZ OK
JTIO OK
JTIS OK
JTIZ OK
JTIL OK
JTOI OK
JTOS OK
JTOZ OK
JTOL OK
JTSI OK
JTSO OK
JTSZ OK
JTSL OK
JTZI OK
JTZO OK
JOZS OK
JTZS OK
JTZL OK
JTLI OK
JTLO OK
JTLZ OK
JTLS OK
JSIO OK
JSIT OK
JSIL OK
JSOI OK
JSOT OK
JSIZ OK
JSOL OK
JSTI OK
JSOZ OK
JSTL OK
JSTO OK
JSTZ OK
JSZI OK
JSZL OK
JSLI OK
JSZO OK
JSZT OK
JSLO OK
JSLT OK
JSLZ OK
JZIT OK
JZIO OK
JZIL OK
JZOI OK
JZOT OK
JZOL OK
JZTI OK
JZIS OK
JZTO OK
JZTL OK
JZTS OK
JZST OK
JZSI OK
JZOS OK
JZSL OK
JZLI OK
JZLO OK
JZLT OK
JZLS OK
JLIO OK
JLIT OK
JLIS OK
JLIZ OK
JLOI OK
JLOT OK
JLOS OK
JLOZ OK
JLTI OK
JZSO OK
JLTO OK
JLTS OK
JLTZ OK
JLSI OK
JLSO OK
JLST OK
JLZI OK
JLSZ OK
JLZO OK
JLZT OK
JLZS OK
LIOT OK
LIOJ OK
LIOS OK
LITO OK
LIOZ OK
LITS OK
LITJ OK
LITZ OK
LIST OK
LISJ OK
LISO OK
LIZT OK
LIZJ OK
LIZO OK
LIJO OK
LIJT OK
LIJS OK
LIJZ OK
LOIT OK
LOIS OK
LOIJ OK
LOIZ OK
LOTI OK
LOTS OK
LOTZ OK
LIZS OK
LOTJ OK
LOSI OK
LOST OK
LOSJ OK
LOSZ OK
LOZI OK
LOZT OK
LISZ OK
LOZJ OK
LOJI OK
LOZS OK
LOJT OK
LOJS OK
LOJZ OK
LTIO OK
LTIS OK
LTIJ OK
LTIZ OK
LTOI OK
LTOJ OK
LTOS OK
LTOZ OK
LTSI OK
LTSJ OK
LTSO OK
LTZI OK
LTSZ OK
LTZO OK
LTJI OK
LTZS OK
LTZJ OK
LTJO OK
LTJS OK
LTJZ OK
LSIO OK
LSIT OK
LSIJ OK
LSOI OK
LSIZ OK
LSOT OK
LSOJ OK
LSTI OK
LSTJ OK
LSTO OK
LSTZ OK
LSZI OK
LSZO OK
LSZJ OK
LSJI OK
LSZT OK
LSJO OK
LSJT OK
LSJZ OK
LZIT OK
LZIO OK
LZIJ OK
LZOT OK
LZOI OK
LZOJ OK
LZTI OK
LZOS OK
LSOZ OK
LZIS OK
LZTJ OK
LZTO OK
LZTS OK
LZSJ OK
LZSO OK
LZST OK
LZJI OK
LZJO OK
LZJT OK
LJIO OK
LZJS OK
LJIT OK
LJIS OK
LJIZ OK
LJOI OK
LJOT OK
LJOS OK
LJOZ OK
LJTI OK
LJTO OK
LJTS OK
LZSI OK
LJTZ OK
LJSI OK
LJSO OK
LJST OK
LJZO OK
LJSZ OK
LJZI OK
LJZT OK
LJZS OK
