IOTZ OK
IOTJ OK
IOTS OK
IOST OK
IOSZ OK
IOTL OK
IOSJ OK
IOSL OK
IOZT OK
IOZS OK
IOZL OK
IOZJ OK
IOJT OK
IOJL OK
IOLT OK
IOJS OK
IOJZ OK
IOLJ OK
ITOS OK
IOLS OK
ITOZ OK
ITOJ OK
ITOL OK
ITSO OK
IOLZ OK
ITSZ OK
ITSJ OK
ITSL OK
ITZO OK
ITZS OK
ITZJ OK
ITZL OK
ITJO OK
ITJS OK
ITJZ OK
ITJL OK
ITLO OK
ITLS OK
ITLZ OK
ITLJ OK
ISOT OK
ISOZ OK
ISOL OK
ISOJ OK
ISTO OK
ISTZ OK
ISTJ OK
ISTL OK
ISZO OK
ISZT OK
ISJO OK
ISJT OK
ISZJ OK
ISZL OK
ISJL OK
ISLO OK
ISLT OK
ISJZ OK
ISLJ OK
IZOT OK
IZOS OK
IZOJ OK
ISLZ OK
IZTO OK
IZOL OK
IZTJ OK
IZTS OK
IZTL OK
IZST OK
IZSO OK
IZJO OK
IZJT OK
IZSJ OK
IZSL OK
IZJL OK
IZLT OK
IZLO OK
IZLJ OK
IZJS OK
IJOT OK
IZLS OK
IJOL OK
IJTO OK
IJTS OK
IJOS OK
IJOZ OK
IJTZ OK
IJTL OK
IJST OK
IJSL OK
IJSO OK
IJSZ OK
IJZT OK
IJZL OK
IJZO OK
IJLO OK
IJLT OK
IJLS OK
IJLZ OK
ILOT OK
IJZS OK
ILOJ OK
ILOS OK
ILTO OK
ILOZ OK
ILTS OK
ILTZ OK
ILTJ OK
ILST OK
ILSJ OK
ILSO OK
ILZT OK
ILZO OK
ILZJ OK
ILJO OK
ILJT OK
ILJS OK
ILJZ OK
OITS OK
OITZ OK
ILZS OK
OITJ OK
OITL OK
OIST OK
OISZ OK
OISJ OK
OISL OK
OIZT OK
OIZS OK
OIZJ OK
OIJT OK
OIZL OK
OIJS OK
OIJZ OK
OIJL OK
OILT OK
OILS OK
OILZ OK
OILJ OK
OTIS OK
OTIZ OK
OTIJ OK
OTIL OK
OTSI OK
OTSJ OK
OTSZ OK
OTSL OK
OTZI OK
OTZJ OK
OTZL OK
OTJI OK
OTJS OK
OTZS OK
OTJZ OK
OTJL OK
OTLI OK
OTLS OK
OTLZ OK
OTLJ OK
OSIT OK
OSIZ OK
OSIJ OK
OSIL OK
OSTI OK
OSTZ OK
OSTJ OK
OSZI OK
OSTL OK
OSZT OK
OSZJ OK
OSJI OK
OSJT OK
ILSZ CAP
OSJL OK
OSLI OK
OSZL OK
OSLT OK
OSJZ OK
OSLJ OK
OZIT OK
OZIS OK
OZIJ OK
OZTI OK
OZIL OK
OZTS OK
OZTJ OK
OZTL OK
OZSI OK
OSLZ OK
OZST OK
OZJI OK
OZJT OK
OZSJ OK
OZSL OK
OZJL OK
OZLT OK
OZLI OK
OZLJ OK
OZJS OK
OJIT OK
OZLS OK
OJIL OK
OJTI OK
OJTS OK
OJIS OK
OJIZ OK
OJTZ OK
OJTL OK
OJSI OK
OJSL OK
OJZI OK
OJST OK
OJSZ OK
OJZL OK
OJLI OK
OJZT OK
OJLT OK
OJLS OK
OJLZ OK
OLIT OK
OJZS OK
OLIJ OK
OLIS OK
OLIZ OK
OLTI OK
OLTS OK
OLTZ OK
OLTJ OK
OLSI OK
OLSJ OK
OLZI OK
OLST OK
OLZT OK
OLZJ OK
OLJI OK
OLJT OK
OLJS OK
OLJZ OK
OLZS OK
TIOS OK
TIOZ OK
TIOJ OK
TIOL OK
TISO OK
TISZ OK
TISJ OK
TISL OK
TIZO OK
TIZS OK
TIZJ OK
TIZL OK
TIJO OK
TIJS OK
TIJZ OK
TIJL OK
TILO OK
TILS OK
TILZ OK
TILJ OK
TOIS OK
TOIZ OK
TOIL OK
TOIJ OK
TOSI OK
TOSJ OK
TOSZ OK
TOSL OK
TOZI OK
TOZS OK
TOZJ OK
TOZL OK
TOJI OK
TOJS OK
TOJZ OK
TOJL OK
TOLI OK
TOLS OK
TOLZ OK
TSIO OK
TOLJ OK
TSIJ OK
TSIZ OK
TSIL OK
TSOI OK
TSOJ OK
TSOZ OK
TSOL OK
TSZI OK
TSZJ OK
TSZO OK
TSJI OK
TSZL OK
TSJO OK
TSJZ OK
TSJL OK
TSLI OK
TSLO OK
TSLZ OK
TSLJ OK
TZIO OK
TZIS OK
TZIJ OK
TZIL OK
TZOI OK
TZOJ OK
TZOS OK
TZSI OK
TZOL OK
TZSO OK
TZSJ OK
TZJI OK
TZSL OK
OLSZ CAP
TZJO OK
TZJS OK
TZJL OK
TZLI OK
TZLO OK
TZLS OK
TZLJ OK
TJIO OK
TJIS OK
TJIZ OK
TJIL OK
TJOI OK
TJOS OK
TJOZ OK
TJOL OK
TJSI OK
TJSO OK
TJSZ OK
TJSL OK
TJZI OK
TJZO OK
TJZL OK
TJZS OK
TJLI OK
TJLS OK
TJLO OK
TJLZ OK
TLIO OK
TLIS OK
TLIZ OK
TLIJ OK
TLOI OK
TLOS OK
TLOJ OK
TLOZ OK
TLSI OK
TLSO OK
TLSZ OK
TLSJ OK
TLZI OK
TLZO OK
TLZS OK
TLZJ OK
TLJI OK
TLJO OK
TLJS OK
TLJZ OK
SIOT OK
SIOZ OK
SIOJ OK
SIOL OK
SITO OK
SITZ OK
SITJ OK
SITL OK
SIZO OK
SIZT OK
SIZJ OK
SIZL OK
SIJO OK
SIJT OK
SIJL OK
SILO OK
SILT OK
SILJ OK
SOIT OK
SOIZ OK
SIJZ OK
SOIJ OK
SOIL OK
SILZ OK
SOTI OK
SOTZ OK
SOTJ OK
SOTL OK
SOZI OK
SOZT OK
SOJI OK
SOJT OK
SOZJ OK
SOJL OK
SOZL OK
SOLI OK
SOLT OK
SOLJ OK
SOJZ OK
STIO OK
STIZ OK
STIJ OK
STIL OK
STOI OK
STOZ OK
STOJ OK
SOLZ OK
STZI OK
STOL OK
STZO OK
STZL OK
STZJ OK
STJI OK
STJL OK
STJO OK
STJZ OK
STLI OK
STLO OK
STLZ OK
STLJ OK
SZIO OK
SZIT OK
SZIJ OK
SZIL OK
SZOI OK
SZOT OK
SZTI OK
SZTO OK
SZTJ OK
SZOJ OK
SZTL OK
SZJI OK
SZOL OK
SZJT OK
SZJL OK
SZLI OK
SZLT OK
SZJO OK
SZLJ OK
SJIO OK
SJIT OK
SJIL OK
SZLO OK
SJOI OK
SJOT OK
SJOL OK
SJTI OK
SJIZ OK
SJTO OK
SJTZ OK
SJOZ OK
SJTL OK
SJZT OK
SJZL OK
SJLI OK
SJLO OK
SJLT OK
SJZI OK
SJZO OK
SJLZ OK
SLIO OK
SLIT OK
SLIJ OK
SLOI OK
SLOT OK
SLOJ OK
SLTI OK
SLIZ OK
SLTO OK
SLTZ OK
SLTJ OK
SLZI OK
SLOZ OK
SLZJ OK
SLZT OK
SLZO OK
SLJI OK
SLJO OK
SLJT OK
SLJZ OK
ZIOT OK
ZIOS OK
ZIOJ OK
ZIOL OK
ZITO OK
ZITJ OK
ZITS OK
ZITL OK
ZIST OK
ZISO OK
ZISJ OK
ZISL OK
ZIJT OK
ZIJO OK
ZIJL OK
ZILT OK
ZILO OK
ZILJ OK
ZOIT OK
ZIJS OK
ZOIS OK
ZOIJ OK
ZOIL OK
ZILS OK
ZOTI OK
ZOTS OK
ZOTJ OK
ZOTL OK
ZOSI OK
ZOST OK
ZOJI OK
ZOJT OK
ZOSJ OK
ZOSL OK
ZOJL OK
ZOLI OK
ZOLT OK
ZOLJ OK
ZOJS OK
ZTIO OK
ZTIS OK
ZTIJ OK
ZTIL OK
ZTOI OK
ZTOS OK
ZTOJ OK
ZOLS OK
ZTOL OK
ZTSI OK
ZTSO OK
ZTSJ OK
ZTSL OK
ZTJI OK
ZTJO OK
ZTJS OK
ZTJL OK
ZTLI OK
ZTLO OK
ZTLS OK
ZTLJ OK
ZSIO OK
ZSIT OK
ZSIJ OK
ZSIL OK
ZSOI OK
ZSOT OK
ZSTI OK
ZSTO OK
ZSTJ OK
ZSTL OK
ZSOJ OK
ZSOL OK
ZSJI OK
ZSJL OK
ZSJT OK
ZSLI OK
ZSLT OK
ZSLJ OK
ZSJO OK
ZJIT OK
ZJIO OK
ZSLO OK
ZJIL OK
ZJOT OK
ZJOI OK
ZJOL OK
ZJTI OK
ZJTO OK
ZJIS OK
ZJTS OK
ZJTL OK
ZJSI OK
ZJST OK
ZJSL OK
ZJOS OK
ZJLI OK
ZJLO OK
ZJLT OK
ZJLS OK
ZLIO OK
ZJSO OK
ZLIT OK
ZLIJ OK
ZLOI OK
ZLOT OK
ZLOJ OK
ZLTI OK
ZLTO OK
ZLIS OK
ZLTS OK
ZLTJ OK
ZLSI OK
ZLOS OK
ZLST OK
ZLSJ OK
ZLJI OK
ZLJO OK
ZLJT OK
ZLJS OK
JIOT OK
ZLSO OK
JIOL OK
JITO OK
JITS OK
JITZ OK
JITL OK
JIOS OK
JIST OK
JIOZ OK
JISL OK
JISO OK
JIZT OK
JISZ OK
JIZL OK
JIZO OK
JILO OK
JILT OK
JILS OK
JILZ OK
JOIT OK
JIZS OK
JOIL OK
JOIS OK
JOTI OK
JOTS OK
JOTZ OK
JOIZ OK
JOTL OK
JOSI OK
JOSL OK
JOZI OK
JOST OK
JOSZ OK
JOZL OK
JOLI OK
JOZT OK
JOLT OK
JOLS OK
JOLZ OK
JTIO OK
JTIS OK
JTIZ OK
JTIL OK
JTOI OK
JTOS OK
JTOZ OK
JTOL OK
JOZS OK
JTSI OK
JTSO OK
JTSZ OK
JTSL OK
JTZI OK
JTZO OK
JTZL OK
JTZS OK
JTLI OK
JTLO OK
JTLS OK
JTLZ OK
JSIO OK
JSIT OK
JSIL OK
JSOI OK
JSOT OK
JSOL OK
JSTI OK
JSIZ OK
JSTO OK
JSTZ OK
JSOZ OK
JSTL OK
JSZI OK
JSZT OK
JSZL OK
JSLI OK
JSZO OK
JSLT OK
JSLO OK
JSLZ OK
JZIT OK
JZIO OK
JZIL OK
JZOI OK
JZOT OK
JZOL OK
JZTI OK
JZIS OK
JZOS OK
JZTO OK
JZTL OK
JZTS OK
JZSI OK
JZSO OK
JZSL OK
JZLI OK
JZLO OK
JZLT OK
JZLS OK
JLIO OK
JZST OK
JLIT OK
JLIS OK
JLIZ OK
JLOI OK
JLOT OK
JLOS OK
JLTI OK
JLOZ OK
JLTO OK
JLTZ OK
JLTS OK
JLSI OK
JLST OK
JLSO OK
JLSZ OK
JLZI OK
JLZO OK
JLZT OK
JLZS OK
LIOT OK
LIOJ OK
LITO OK
LITS OK
LITZ OK
LITJ OK
LIOS OK
LIOZ OK
LIST OK
LISJ OK
LISO OK
LIZT OK
LISZ OK
LIZJ OK
LIZO OK
LIJO OK
LIJT OK
LIJS OK
LIJZ OK
LOIT OK
LIZS OK
LOIJ OK
LOTI OK
LOIS OK
LOTS OK
LOTZ OK
LOIZ OK
LOTJ OK
LOSI OK
LOSJ OK
LOZI OK
LOST OK
LOZT OK
LOZJ OK
LOJI OK
LOJT OK
LOJS OK
LOJZ OK
LTIO OK
LOZS OK
LTIS OK
LTIZ OK
LTIJ OK
LTOI OK
LTOS OK
LTOZ OK
LTOJ OK
LTSI OK
LTSO OK
LTSZ OK
LTSJ OK
LTZI OK
LTZO OK
LTZS OK
LTZJ OK
LTJI OK
LTJO OK
LTJS OK
LTJZ OK
LSIO OK
LSIT OK
LSIJ OK
LSOI OK
LSOT OK
LSIZ OK
LSOJ OK
LSTI OK
LSTO OK
LSTZ OK
LSTJ OK
LOSZ CAP
LSOZ OK
LSZI OK
LSZJ OK
LSJI OK
LSZO OK
LSJO OK
LSZT OK
LSJT OK
LSJZ OK
LZIT OK
LZIO OK
LZIJ OK
LZOT OK
LZOI OK
LZOJ OK
LZTI OK
LZIS OK
LZTO OK
LZTJ OK
LZTS OK
LZOS OK
LZSI OK
LZSJ OK
LZST OK
LZJI OK
LZSO OK
LZJO OK
LZJT OK
LZJS OK
LJIO OK
LJIT OK
LJIS OK
LJIZ OK
LJOI OK
LJOT OK
LJOS OK
LJOZ OK
LJTI OK
LJTO OK
LJTS OK
LJTZ OK
LJSI OK
LJSO OK
LJST OK
LJSZ OK
LJZI OK
LJZO OK
LJZT OK
LJZS OK
