IOTJ OK
IOTS OK
IOTZ OK
IOTL OK
IOST OK
IOSZ OK
IOSJ OK
IOZT OK
IOSL OK
IOZL OK
IOZJ OK
IOZS OK
IOJT OK
IOJL OK
IOLT OK
IOJS OK
IOJZ OK
IOLJ OK
ITOS OK
IOLS OK
ITOZ OK
ITOJ OK
ITOL OK
ITSZ OK
ITSO OK
IOLZ OK
ITSL OK
ITSJ OK
ITZO OK
ITZJ OK
ITZS OK
ITZL OK
ITJO OK
ITJS OK
ITJZ OK
ITJL OK
ITLO OK
ITLS OK
ITLZ OK
ITLJ OK
ISOT OK
ISOZ OK
ISOJ OK
ISOL OK
ISTO OK
ISTZ OK
ISTJ OK
ISTL OK
ISZO OK
ISZT OK
ISJO OK
ISJT OK
ISZJ OK
ISZL OK
ISJL OK
ISLO OK
ISLT OK
ISLJ OK
ISJZ OK
IZOT OK
ISLZ OK
IZOS OK
IZOJ OK
IZTO OK
IZTS OK
IZTJ OK
IZTL OK
IZST OK
IZOL OK
IZSO OK
IZSL OK
IZSJ OK
IZJT OK
IZJL OK
IZJO OK
IZLT OK
IZJS OK
IZLJ OK
IZLO OK
IJOT OK
IZLS OK
IJOL OK
IJTO OK
IJTS OK
IJOS OK
IJOZ OK
IJTZ OK
IJTL OK
IJST OK
IJSL OK
IJSO OK
IJSZ OK
IJZT OK
IJZL OK
IJZO OK
IJLO OK
IJLT OK
IJLS OK
IJLZ OK
ILOT OK
IJZS OK
ILOJ OK
ILTO OK
ILOS OK
ILTS OK
ILOZ OK
ILTZ OK
ILTJ OK
ILST OK
ILSJ OK
ILSO OK
ILZT OK
ILZO OK
ILZJ OK
ILJO OK
ILJT OK
ILJS OK
ILJZ OK
OITS OK
ILZS OK
OITZ OK
OITJ OK
OITL OK
OIST OK
OISZ OK
OISJ OK
ILSZ OK
OISL OK
OIZT OK
OIZS OK
OIZJ OK
OIZL OK
OIJT OK
OIJL OK
OILT OK
OIJS OK
OIJZ OK
OILJ OK
OTIS OK
OILS OK
OTIZ OK
OTIJ OK
OTIL OK
OTSI OK
OILZ OK
OTSJ OK
OTSL OK
OTZI OK
OTSZ OK
OTZJ OK
OTZL OK
OTJI OK
OTJS OK
OTJZ OK
OTJL OK
OTLI OK
OTLS OK
OTLZ OK
OTLJ OK
OSIT OK
OSIZ OK
OTZS OK
OSIJ OK
OSIL OK
OSTI OK
OSTZ OK
OSTJ OK
OSTL OK
OSZI OK
OSZT OK
OSJI OK
OSJT OK
OSZJ OK
OSJL OK
OSLI OK
OSJZ OK
OSLT OK
OSZL OK
OSLJ OK
OZIT OK
OZIS OK
OZIJ OK
OZTI OK
OZIL OK
OZTS OK
OZTJ OK
OZTL OK
OZSI OK
OSLZ OK
OZST OK
OZJI OK
OZJT OK
OZSJ OK
OZSL OK
OZJL OK
OZLT OK
OZLI OK
OZLJ OK
OZJS OK
OJIT OK
OZLS OK
OJIL OK
OJTI OK
OJIS OK
OJTS OK
OJIZ OK
OJTZ OK
OJTL OK
OJSI OK
OJSL OK
OJZI OK
OJST OK
OJSZ OK
OJZL OK
OJLI OK
OJZT OK
OJLT OK
OJLS OK
OJLZ OK
OLIT OK
OJZS OK
OLIJ OK
OLIS OK
OLTI OK
OLIZ OK
OLTS OK
OLTZ OK
OLTJ OK
OLSI OK
OLSJ OK
OLST OK
OLZI OK
OLZT OK
OLZJ OK
OLJI OK
OLJT OK
OLJS OK
OLJZ OK
TIOS OK
OLZS OK
TIOZ OK
TIOJ OK
TIOL OK
TISO OK
TISZ OK
TISJ OK
TISL OK
TIZO OK
TIZS OK
TIZJ OK
TIZL OK
TIJO OK
TIJS OK
TIJZ OK
TIJL OK
TILO OK
TILS OK
TILZ OK
TILJ OK
TOIS OK
TOIZ OK
TOIJ OK
TOIL OK
TOSI OK
TOSJ OK
TOSL OK
TOSZ OK
TOZI OK
TOZS OK
TOZL OK
TOZJ OK
TOJI OK
TOJS OK
TOJZ OK
TOJL OK
TOLI OK
TOLS OK
TOLZ OK
TOLJ OK
TSIO OK
TSIZ OK
TSIL OK
TSIJ OK
TSOI OK
TSOZ OK
TSOJ OK
TSOL OK
TSZI OK
TSZO OK
TSZJ OK
TSZL OK
TSJI OK
TSJO OK
TSJZ OK
TSJL OK
TSLI OK
TSLO OK
TSLZ OK
TSLJ OK
TZIO OK
TZIS OK
TZIJ OK
TZIL OK
TZOI OK
TZOS OK
TZOJ OK
TZOL OK
TZSI OK
TZSO OK
TZSJ OK
TZSL OK
OLSZ CAP
TZJI OK
TZJO OK
TZJL OK
TZJS OK
TZLI OK
TZLO OK
TZLS OK
TZLJ OK
TJIO OK
TJIS OK
TJIZ OK
TJIL OK
TJOI OK
TJOS OK
TJOZ OK
TJOL OK
TJSI OK
TJSO OK
TJSL OK
TJSZ OK
TJZI OK
TJZO OK
TJZS OK
TJZL OK
TJLI OK
TJLO OK
TJLS OK
TJLZ OK
TLIO OK
TLIS OK
TLIZ OK
TLIJ OK
TLOI OK
TLOS OK
TLOZ OK
TLOJ OK
TLSI OK
TLSO OK
TLSZ OK
TLSJ OK
TLZO OK
TLZI OK
TLZJ OK
TLZS OK
TLJI OK
TLJO OK
TLJS OK
TLJZ OK
SIOT OK
SIOZ OK
SIOJ OK
SIOL OK
SITO OK
SITZ OK
SITJ OK
SITL OK
SIZO OK
SIZT OK
SIZJ OK
SIZL OK
SIJO OK
SIJT OK
SIJL OK
SILO OK
SILT OK
SILJ OK
SOIT OK
SOIZ OK
SIJZ OK
SOIJ OK
SOIL OK
SILZ OK
SOTI OK
SOTZ OK
SOTJ OK
SOZI OK
SOTL OK
SOZT OK
SOJI OK
SOJT OK
SOZJ OK
SOJL OK
SOLI OK
SOLT OK
SOJZ OK
SOZL OK
SOLJ OK
STIO OK
STIZ OK
STIJ OK
STIL OK
STOI OK
STOZ OK
STOJ OK
STOL OK
STZI OK
STZO OK
STZJ OK
STZL OK
STJI OK
STJO OK
SOLZ OK
STJL OK
STLI OK
STLO OK
STJZ OK
STLJ OK
STLZ OK
SZIO OK
SZIT OK
SZIJ OK
SZIL OK
SZOI OK
SZOT OK
SZTI OK
SZTO OK
SZTJ OK
SZTL OK
SZOJ OK
SZJI OK
SZJT OK
SZJL OK
SZLI OK
SZOL OK
SZJO OK
SZLT OK
SZLJ OK
SJIO OK
SJIT OK
SJIL OK
SJOI OK
SJOT OK
SZLO OK
SJOL OK
SJIZ OK
SJTI OK
SJTO OK
SJTL OK
SJTZ OK
SJOZ OK
SJZT OK
SJZL OK
SJLI OK
SJLO OK
SJLT OK
SJZI OK
SJZO OK
SJLZ OK
SLIO OK
SLIT OK
SLIJ OK
SLOI OK
SLOT OK
SLOJ OK
SLTI OK
SLIZ OK
SLTO OK
SLTZ OK
SLTJ OK
SLOZ OK
SLZI OK
SLZJ OK
SLZT OK
SLJI OK
SLJO OK
SLJT OK
SLZO OK
SLJZ OK
ZIOT OK
ZIOS OK
ZIOJ OK
ZIOL OK
ZITO OK
ZITS OK
ZITJ OK
ZITL OK
ZISO OK
ZIST OK
ZISJ OK
ZISL OK
ZIJT OK
ZIJL OK
ZIJO OK
ZILT OK
ZILO OK
ZILJ OK
ZOIT OK
ZIJS OK
ZOIS OK
ZOIJ OK
ZILS OK
ZOTI OK
ZOTS OK
ZOTJ OK
ZOIL OK
ZOTL OK
ZOSI OK
ZOST OK
ZOJI OK
ZOJT OK
ZOSJ OK
ZOSL OK
ZOJL OK
ZOLT OK
ZOLI OK
ZOLJ OK
ZOJS OK
ZTIO OK
ZTIS OK
ZTIJ OK
ZTIL OK
ZTOI OK
ZTOS OK
ZOLS OK
ZTOJ OK
ZTOL OK
ZTSI OK
ZTSO OK
ZTSJ OK
ZTSL OK
ZTJI OK
ZTJO OK
ZTJS OK
ZTJL OK
ZTLI OK
ZTLO OK
ZTLJ OK
ZTLS OK
ZSIO OK
ZSIT OK
ZSIJ OK
ZSIL OK
ZSOI OK
ZSOT OK
ZSTI OK
ZSTO OK
ZSTJ OK
ZSTL OK
ZSJI OK
ZSOL OK
ZSOJ OK
ZSJT OK
ZSJL OK
ZSLI OK
ZSLT OK
ZSLJ OK
ZSJO OK
ZJIT OK
ZSLO OK
ZJIO OK
ZJIL OK
ZJOT OK
ZJOI OK
ZJOL OK
ZJTI OK
ZJTO OK
ZJIS OK
ZJTS OK
ZJTL OK
ZJSI OK
ZJOS OK
ZJST OK
ZJSL OK
ZJLI OK
ZJLO OK
ZJLT OK
ZJLS OK
ZLIT OK
ZLIO OK
ZJSO OK
ZLIJ OK
ZLOT OK
ZLIS OK
ZLOJ OK
ZLOI OK
ZLTI OK
ZLOS OK
ZLTO OK
ZLTS OK
ZLTJ OK
ZLSI OK
ZLST OK
ZLSJ OK
ZLJI OK
ZLJO OK
ZLJT OK
ZLJS OK
JIOT OK
ZLSO OK
JIOL OK
JITO OK
JITS OK
JITZ OK
JITL OK
JIOS OK
JIOZ OK
JIST OK
JISL OK
JISO OK
JIZT OK
JISZ OK
JIZO OK
JIZL OK
JILO OK
JILT OK
JILS OK
JILZ OK
JOIT OK
JIZS OK
JOIL OK
JOTI OK
JOIS OK
JOTS OK
JOIZ OK
JOTZ OK
JOTL OK
JOSI OK
JOSL OK
JOZI OK
JOST OK
JOSZ OK
JOZL OK
JOLI OK
JOZT OK
JOLT OK
JOLS OK
JOLZ OK
JTIO OK
JTIS OK
JTIZ OK
JTIL OK
JTOI OK
JTOS OK
JTOZ OK
JOZS OK
JTOL OK
JTSI OK
JTSO OK
JTSL OK
JTSZ OK
JTZI OK
JTZO OK
JTZS OK
JTZL OK
JTLI OK
JTLO OK
JTLS OK
JTLZ OK
JSIT OK
JSIO OK
JSIL OK
JSOI OK
JSOT OK
JSOL OK
JSTI OK
JSIZ OK
JSOZ OK
JSTO OK
JSTL OK
JSTZ OK
JSZT OK
JSZL OK
JSLI OK
JSLO OK
JSZI OK
JSLT OK
JSLZ OK
JZIT OK
JSZO OK
JZIO OK
JZIL OK
JZOI OK
JZOT OK
JZOL OK
JZTI OK
JZIS OK
JZOS OK
JZTL OK
JZTO OK
JZSI OK
JZTS OK
JZSL OK
JZLI OK
JZLO OK
JZLT OK
JZLS OK
JZST OK
JZSO OK
JLIO OK
JLIT OK
JLIS OK
JLIZ OK
JLOI OK
JLOT OK
JLOS OK
JLOZ OK
JLTI OK
JLTO OK
JLTZ OK
JLTS OK
JLSI OK
JLST OK
JLSO OK
JLZI OK
JLZO OK
JLSZ OK
JLZT OK
JLZS OK
LIOT OK
LIOJ OK
LITO OK
LITS OK
LITZ OK
LITJ OK
LIOS OK
LIOZ OK
LIST OK
LISJ OK
LISO OK
LIZT OK
LISZ OK
LIZJ OK
LIZO OK
LIJO OK
LIJT OK
LIJS OK
LIJZ OK
LOIT OK
LIZS OK
LOIJ OK
LOTI OK
LOTS OK
LOTZ OK
LOIS OK
LOTJ OK
LOIZ OK
LOSI OK
LOSJ OK
LOST OK
LOZI OK
LOZT OK
LOZJ OK
LOJI OK
LOJT OK
LOJS OK
LOJZ OK
LTIO OK
LTIS OK
LTIZ OK
LTIJ OK
LOZS OK
LTOI OK
LTOS OK
LTOZ OK
LTOJ OK
LTSI OK
LTSO OK
LTSZ OK
LTSJ OK
LTZI OK
LTZO OK
LTZS OK
LTZJ OK
LTJI OK
LTJO OK
LTJS OK
LTJZ OK
LSIO OK
LSIT OK
LSIJ OK
LSOI OK
LSOT OK
LSIZ OK
LSOJ OK
LSTI OK
LSTO OK
LSTZ OK
LSTJ OK
LOSZ CAP
LSOZ OK
LSZT OK
LSZJ OK
LSJI OK
LSJO OK
LSJT OK
LSZI OK
LSJZ OK
LZIT OK
LSZO OK
LZIJ OK
LZIO OK
LZOT OK
LZIS OK
LZOJ OK
LZOI OK
LZTI OK
LZTO OK
LZTS OK
LZTJ OK
LZOS OK
LZSI OK
LZSJ OK
LZJI OK
LZSO OK
LZJO OK
LZJT OK
LZJS OK
LJIO OK
LJIT OK
LJIS OK
LJIZ OK
LJOI OK
LJOT OK
LZST OK
LJOS OK
LJTI OK
LJOZ OK
LJTO OK
LJTZ OK
LJTS OK
LJSI OK
LJSO OK
LJST OK
LJSZ OK
LJZI OK
LJZO OK
LJZT OK
LJZS OK
