IOTZ OK
IOTJ OK
IOTS OK
IOTL OK
IOST OK
IOSJ OK
IOSL OK
IOZT OK
IOSZ OK
IOZS OK
IOZJ OK
IOZL OK
IOJT OK
IOJL OK
IOJS OK
IOJZ OK
IOLT OK
IOLJ OK
IOLS OK
IOLZ OK
ITOS OK
ITOZ OK
ITOJ OK
ITOL OK
ITSO OK
ITSZ OK
ITSJ OK
ITSL OK
ITZO OK
ITZS OK
ITZJ OK
ITZL OK
ITJO OK
ITJS OK
ITJZ OK
ITJL OK
ITLO OK
ITLS OK
ITLZ OK
ITLJ OK
ISOT OK
ISOJ OK
ISOL OK
ISTO OK
ISTZ OK
ISTJ OK
ISOZ OK
ISTL OK
ISZT OK
ISZO OK
ISZJ OK
ISJT OK
ISZL OK
ISJL OK
ISJO OK
ISLT OK
ISJZ OK
ISLO OK
ISLJ OK
IZOT OK
ISLZ OK
IZOS OK
IZOJ OK
IZTO OK
IZOL OK
IZTS OK
IZTJ OK
IZTL OK
IZST OK
IZSO OK
IZSJ OK
IZSL OK
IZJT OK
IZJO OK
IZJL OK
IZJS OK
IZLO OK
IZLT OK
IZLJ OK
IJOT OK
IZLS OK
IJOL OK
IJOS OK
IJOZ OK
IJTO OK
IJTS OK
IJTZ OK
IJTL OK
IJST OK
IJSO OK
IJSL OK
IJZT OK
IJZO OK
IJZL OK
IJZS OK
IJLO OK
IJLT OK
IJLS OK
IJLZ OK
ILOT OK
IJSZ OK
ILOS OK
ILOZ OK
ILTO OK
ILOJ OK
ILTS OK
ILTZ OK
ILTJ OK
ILST OK
ILSO OK
ILSJ OK
ILZO OK
ILZT OK
ILZJ OK
ILJO OK
ILZS OK
ILJT OK
ILJS OK
ILJZ OK
OITS OK
OITJ OK
OITZ OK
OITL OK
OIST OK
OISJ OK
ILSZ OK
OIZT OK
OISZ OK
OISL OK
OIZS OK
OIZJ OK
OIZL OK
OIJT OK
OIJS OK
OIJZ OK
OIJL OK
OILT OK
OILJ OK
OILS OK
OILZ OK
OTIS OK
OTIZ OK
OTIJ OK
OTIL OK
OTSI OK
OTSZ OK
OTSJ OK
OTSL OK
OTZI OK
OTZS OK
OTZJ OK
OTZL OK
OTJI OK
OTJS OK
OTJZ OK
OTJL OK
OTLI OK
OTLS OK
OTLZ OK
OTLJ OK
OSIT OK
OSIJ OK
OSIL OK
OSTI OK
OSTZ OK
OSIZ OK
OSTJ OK
OSTL OK
OSZT OK
OSZI OK
OSZJ OK
OSZL OK
OSJT OK
OSJI OK
OSJL OK
OSLT OK
OSLI OK
OSLJ OK
OSJZ OK
OZIT OK
OZIS OK
OZIJ OK
OZIL OK
OZTI OK
OZTJ OK
OZTS OK
OZTL OK
OZSI OK
OZST OK
OZSJ OK
OZSL OK
OSLZ OK
OZJI OK
OZJT OK
OZJL OK
OZLI OK
OZJS OK
OZLT OK
OZLJ OK
OJIT OK
OZLS OK
OJIS OK
OJIL OK
OJIZ OK
OJTI OK
OJTS OK
OJTZ OK
OJTL OK
OJST OK
OJSI OK
OJSL OK
OJZT OK
OJZI OK
OJZL OK
OJLI OK
OJLT OK
OJLS OK
OJLZ OK
OLIT OK
OLIS OK
OJSZ OK
OLIJ OK
OLIZ OK
OLTI OK
OLTS OK
OLTZ OK
OLTJ OK
OLST OK
OLSI OK
OLSJ OK
OLZI OK
OLZT OK
OLZS OK
OLSZ OK
OLZJ OK
OLJI OK
OLJT OK
OLJS OK
OLJZ OK
TIOS OK
TIOZ OK
TIOL OK
TIOJ OK
TISO OK
TISZ OK
TISJ OK
TISL OK
TIZO OK
TIZS OK
TIZJ OK
TIZL OK
TIJO OK
TIJS OK
TIJZ OK
TIJL OK
TILO OK
TILS OK
TILZ OK
TILJ OK
TOIS OK
TOIZ OK
TOIJ OK
TOIL OK
TOSI OK
TOSZ OK
TOSJ OK
TOSL OK
TOZI OK
TOZJ OK
TOZS OK
TOZL OK
TOJI OK
TOJS OK
TOJZ OK
TOJL OK
TOLI OK
TOLZ OK
TOLS OK
TOLJ OK
TSIO OK
TSIZ OK
TSIJ OK
TSIL OK
TSOI OK
TSOZ OK
TSOJ OK
TSOL OK
TSZI OK
TSZO OK
TSZJ OK
OJZS CAP
TSZL OK
TSJI OK
TSJO OK
TSJL OK
TSJZ OK
TSLI OK
TSLO OK
TSLJ OK
TSLZ OK
TZIO OK
TZIS OK
TZIJ OK
TZIL OK
TZOI OK
TZOS OK
TZOJ OK
TZOL OK
TZSI OK
TZSO OK
TZSJ OK
TZSL OK
TZJI OK
TZJO OK
TZJS OK
TZJL OK
TZLI OK
TZLO OK
TZLS OK
TZLJ OK
TJIO OK
TJIS OK
TJIZ OK
TJIL OK
TJOI OK
TJOS OK
TJOZ OK
TJOL OK
TJSI OK
TJSO OK
TJSL OK
TJSZ OK
TJZI OK
TJZO OK
TJZL OK
TJZS OK
TJLI OK
TJLO OK
TJLS OK
TJLZ OK
TLIO OK
TLIS OK
TLIZ OK
TLIJ OK
TLOI OK
TLOS OK
TLOJ OK
TLOZ OK
TLSI OK
TLSO OK
TLSJ OK
TLSZ OK
TLZI OK
TLZO OK
TLZS OK
TLZJ OK
TLJI OK
TLJO OK
TLJS OK
TLJZ OK
SIOT OK
SIOJ OK
SIOL OK
SITO OK
SITZ OK
SIOZ OK
SITJ OK
SITL OK
SIZT OK
SIZO OK
SIZJ OK
SIZL OK
SIJT OK
SIJL OK
SIJO OK
SILT OK
SIJZ OK
SILO OK
SILJ OK
SOIT OK
SILZ OK
SOIJ OK
SOIL OK
SOTI OK
SOIZ OK
SOTZ OK
SOTJ OK
SOTL OK
SOZT OK
SOZL OK
SOZI OK
SOZJ OK
SOJT OK
SOJL OK
SOJI OK
SOLT OK
SOLI OK
SOLJ OK
SOJZ OK
SOLZ OK
STIO OK
STIZ OK
STIJ OK
STIL OK
STOI OK
STOZ OK
STOJ OK
STOL OK
STZI OK
STZO OK
STZJ OK
STZL OK
STJI OK
STJO OK
STJZ OK
STJL OK
STLI OK
STLO OK
STLJ OK
STLZ OK
SZIT OK
SZIO OK
SZIJ OK
SZIL OK
SZOT OK
SZOI OK
SZTI OK
SZTO OK
SZOJ OK
SZOL OK
SZTJ OK
SZTL OK
SZJI OK
SZJT OK
SZJL OK
SZJO OK
SZLI OK
SZLT OK
SZLO OK
SZLJ OK
SJIT OK
SJIL OK
SJIO OK
SJIZ OK
SJOT OK
SJOL OK
SJOI OK
SJTI OK
SJTO OK
SJTL OK
SJTZ OK
SJZI OK
SJZO OK
SJOZ OK
SJZT OK
SJZL OK
SJLI OK
SJLO OK
SJLT OK
SJLZ OK
SLIT OK
SLIJ OK
SLIO OK
SLOT OK
SLIZ OK
SLOJ OK
SLOI OK
SLTI OK
SLTO OK
SLTZ OK
SLTJ OK
SLZO OK
SLZI OK
SLZT OK
SLZJ OK
SLJI OK
SLJO OK
SLJT OK
SLJZ OK
ZIOT OK
ZIOS OK
ZIOJ OK
ZIOL OK
ZITO OK
ZITS OK
ZITJ OK
ZITL OK
ZISO OK
ZIST OK
SLOZ OK
ZISJ OK
ZISL OK
ZIJO OK
ZIJT OK
ZIJL OK
ZILO OK
ZILT OK
ZIJS OK
ZILJ OK
ZOIT OK
ZILS OK
ZOIS OK
ZOIJ OK
ZOIL OK
ZOTI OK
ZOTJ OK
ZOTS OK
ZOTL OK
ZOSI OK
ZOST OK
ZOSJ OK
ZOSL OK
ZOJI OK
ZOJT OK
ZOJL OK
ZOLI OK
ZOJS OK
ZOLT OK
ZOLJ OK
ZTIO OK
ZOLS OK
ZTIS OK
ZTIJ OK
ZTIL OK
ZTOI OK
ZTOS OK
ZTOJ OK
ZTOL OK
ZTSI OK
ZTSO OK
ZTSJ OK
ZTSL OK
ZTJI OK
ZTJO OK
ZTJS OK
ZTJL OK
ZTLI OK
ZTLO OK
ZTLS OK
ZTLJ OK
ZSIO OK
ZSIT OK
ZSIJ OK
ZSIL OK
ZSOI OK
ZSOT OK
ZSTI OK
ZSOJ OK
ZSOL OK
ZSTO OK
ZSTJ OK
ZSTL OK
ZSJI OK
ZSJT OK
ZSJL OK
ZSJO OK
ZSLI OK
ZSLT OK
ZSLJ OK
ZSLO OK
ZJIO OK
ZJIT OK
ZJIL OK
ZJOI OK
ZJOT OK
ZJIS OK
ZJOL OK
ZJTI OK
ZJOS OK
ZJTO OK
ZJTS OK
ZJTL OK
ZJST OK
ZJSI OK
ZJSO OK
ZJSL OK
ZJLI OK
ZJLO OK
ZJLT OK
ZJLS OK
ZLIO OK
ZLIT OK
ZLIJ OK
ZLIS OK
ZLOI OK
ZLOT OK
ZLOJ OK
ZLTI OK
ZLTO OK
ZLOS OK
ZLTS OK
ZLTJ OK
ZLSI OK
ZLST OK
ZLSJ OK
ZLSO OK
ZLJI OK
ZLJT OK
ZLJO OK
ZLJS OK
JIOT OK
JIOL OK
JIOS OK
JIOZ OK
JITO OK
JITS OK
JITZ OK
JITL OK
JIST OK
JISL OK
JISO OK
JIZT OK
JIZO OK
JIZL OK
JILO OK
JIZS OK
JILT OK
JILS OK
JILZ OK
JOIT OK
JOIS OK
JOIZ OK
JOIL OK
JOTI OK
JISZ OK
JOTS OK
JOTZ OK
JOTL OK
JOST OK
JOSI OK
JOSL OK
JOZT OK
JOZI OK
JOZL OK
JOLI OK
JOLT OK
JOLS OK
JOLZ OK
JTIO OK
JTIS OK
JTIZ OK
JTIL OK
JTOI OK
JTOS OK
JOSZ OK
JTOZ OK
JTOL OK
JTSI OK
JTSO OK
JTSZ OK
JTSL OK
JTZI OK
JTZO OK
JTZL OK
JTZS OK
JTLI OK
JTLO OK
JOZS OK
JTLS OK
JTLZ OK
JSIT OK
JSIO OK
JSIL OK
JSOT OK
JSOI OK
JSIZ OK
JSOL OK
JSTI OK
JSTO OK
JSTL OK
JSTZ OK
JSZI OK
JSZT OK
JSZL OK
JSOZ OK
JSLI OK
JSLO OK
JSZO OK
JSLT OK
JSLZ OK
JZIT OK
JZIL OK
JZIO OK
JZIS OK
JZOT OK
JZOI OK
JZOL OK
JZTI OK
JZTO OK
JZTL OK
JZTS OK
JZSI OK
JZST OK
JZSL OK
JZLI OK
JZSO OK
JZLO OK
JZLT OK
JZLS OK
JLIO OK
JLIT OK
JLIS OK
JLIZ OK
JZOS OK
JLOI OK
JLOT OK
JLOS OK
JLOZ OK
JLTI OK
JLTO OK
JLTS OK
JLTZ OK
JLSI OK
JLSO OK
JLST OK
JLSZ OK
JLZI OK
JLZT OK
JLZO OK
JLZS OK
LIOT OK
LIOS OK
LIOJ OK
LITO OK
LIOZ OK
LITS OK
LITJ OK
LITZ OK
LIST OK
LISO OK
LISJ OK
LIZO OK
LIZT OK
LIZJ OK
LIJO OK
LIZS OK
LIJT OK
LIJS OK
LIJZ OK
LOIT OK
LOIS OK
LOIJ OK
LOIZ OK
LOTI OK
LOTS OK
LOTJ OK
LOTZ OK
LOST OK
LOSI OK
LOSJ OK
LISZ OK
LOZI OK
LOZT OK
LOZJ OK
LOJI OK
LOJT OK
LOJS OK
LOJZ OK
LTIO OK
LTIS OK
LTIZ OK
LTIJ OK
LOZS OK
LTOI OK
LTOS OK
LTOZ OK
LTOJ OK
LTSI OK
LTSO OK
LOSZ OK
LTSZ OK
LTSJ OK
LTZI OK
LTZO OK
LTZS OK
LTZJ OK
LTJO OK
LTJI OK
LTJS OK
LTJZ OK
LSIT OK
LSIO OK
LSIJ OK
LSOT OK
LSOI OK
LSIZ OK
LSTI OK
LSOJ OK
LSTO OK
LSTZ OK
LSTJ OK
LSZI OK
LSZT OK
LSZJ OK
LSJI OK
LSJO OK
LSZO OK
LSJT OK
LSJZ OK
LZIT OK
LZIO OK
LZIJ OK
LZIS OK
LZOI OK
LZOT OK
LZOJ OK
LZTI OK
LSOZ OK
LZTO OK
LZTS OK
LZTJ OK
LZSI OK
LZST OK
LZSJ OK
LZOS OK
LZJI OK
LZJO OK
LZJS OK
LZSO OK
LZJT OK
LJIO OK
LJIT OK
LJIS OK
LJOI OK
LJIZ OK
LJOT OK
LJOS OK
LJTI OK
LJOZ OK
LJTO OK
LJTS OK
LJTZ OK
LJSI OK
LJSO OK
LJST OK
LJSZ OK
LJZI OK
LJZO OK
LJZT OK
LJZS OK
