IOTJ OK
IOTS OK
IOTZ OK
IOTL OK
IOST OK
IOSZ OK
IOSJ OK
IOSL OK
IOZT OK
IOZS OK
IOZJ OK
IOZL OK
IOJT OK
IOJL OK
IOLT OK
IOJS OK
IOJZ OK
IOLJ OK
ITOS OK
IOLS OK
IOLZ OK
ITOZ OK
ITOJ OK
ITOL OK
ITSO OK
ITSZ OK
ITSJ OK
ITSL OK
ITZO OK
ITZS OK
ITZJ OK
ITZL OK
ITJO OK
ITJS OK
ITJZ OK
ITJL OK
ITLO OK
ITLZ OK
ITLS OK
ITLJ OK
ISOT OK
ISOZ OK
ISOJ OK
ISOL OK
ISTO OK
ISTZ OK
ISTJ OK
ISTL OK
ISZO OK
ISZT OK
ISZJ OK
ISZL OK
ISJT OK
ISJO OK
ISJL OK
ISLO OK
ISLT OK
ISJZ OK
ISLJ OK
IZOT OK
IZOS OK
IZOJ OK
ISLZ OK
IZOL OK
IZTO OK
IZTS OK
IZTJ OK
IZTL OK
IZST OK
IZSO OK
IZSJ OK
IZSL OK
IZJT OK
IZJO OK
IZJL OK
IZJS OK
IZLO OK
IZLT OK
IZLJ OK
IJOT OK
IZLS OK
IJOL OK
IJTO OK
IJTS OK
IJOS OK
IJOZ OK
IJTZ OK
IJTL OK
IJST OK
IJSL OK
IJSO OK
IJZO OK
IJSZ OK
IJZT OK
IJZL OK
IJLO OK
IJZS OK
IJLT OK
IJLS OK
IJLZ OK
ILOT OK
ILOS OK
ILOJ OK
ILOZ OK
ILTO OK
ILTS OK
ILTZ OK
ILTJ OK
ILST OK
ILSO OK
ILSJ OK
ILZO OK
ILZT OK
ILZJ OK
ILZS OK
ILJO OK
ILJT OK
ILJS OK
ILJZ OK
OITS OK
OITZ OK
OITL OK
OITJ OK
OIST OK
OISZ OK
OISJ OK
OISL OK
OIZT OK
OIZS OK
OIZJ OK
ILSZ OK
OIZL OK
OIJT OK
OIJL OK
OIJS OK
OIJZ OK
OILT OK
OILJ OK
OTIS OK
OILS OK
OILZ OK
OTIJ OK
OTIZ OK
OTIL OK
OTSI OK
OTSZ OK
OTSJ OK
OTSL OK
OTZI OK
OTZS OK
OTZJ OK
OTZL OK
OTJI OK
OTJS OK
OTJZ OK
OTJL OK
OTLI OK
OTLS OK
OTLZ OK
OTLJ OK
OSIT OK
OSIZ OK
OSIJ OK
OSIL OK
OSTI OK
OSTZ OK
OSTJ OK
OSTL OK
OSZT OK
OSZI OK
OSJI OK
OSZL OK
OSJT OK
OSZJ OK
OSJL OK
OSLT OK
OSLI OK
OSLJ OK
OZIT OK
OSJZ OK
OZIS OK
OZIJ OK
OZTI OK
OZIL OK
OZTJ OK
OZTL OK
OZTS OK
OZSI OK
OZST OK
OZSJ OK
OZSL OK
OZJT OK
OSLZ OK
OZJI OK
OZJL OK
OZJS OK
OZLI OK
OZLT OK
OZLJ OK
OZLS OK
OJIT OK
OJIL OK
OJIS OK
OJIZ OK
OJTI OK
OJTS OK
OJTZ OK
OJTL OK
OJST OK
OJSI OK
OJSL OK
OJZT OK
OJZI OK
OJZL OK
OJLI OK
OJLT OK
OJZS OK
OJSZ OK
OJLS OK
OJLZ OK
OLIT OK
OLIS OK
OLIJ OK
OLIZ OK
OLTI OK
OLTS OK
OLTZ OK
OLTJ OK
OLST OK
OLSI OK
OLSJ OK
OLZI OK
OLZT OK
OLZJ OK
OLJI OK
OLZS OK
OLJT OK
OLJS OK
OLJZ OK
TIOS OK
TIOZ OK
TIOJ OK
TIOL OK
TISO OK
TISZ OK
TISJ OK
TISL OK
TIZO OK
TIZJ OK
TIZS OK
OLSZ OK
TIZL OK
TIJO OK
TIJS OK
TIJZ OK
TIJL OK
TILO OK
TILS OK
TILZ OK
TILJ OK
TOIZ OK
TOIS OK
TOIJ OK
TOIL OK
TOSI OK
TOSZ OK
TOSJ OK
TOSL OK
TOZI OK
TOZJ OK
TOZL OK
TOZS OK
TOJI OK
TOJS OK
TOJZ OK
TOJL OK
TOLS OK
TOLI OK
TOLZ OK
TSIO OK
TOLJ OK
TSIZ OK
TSIL OK
TSIJ OK
TSOI OK
TSOZ OK
TSOJ OK
TSOL OK
TSZI OK
TSZO OK
TSZJ OK
TSJI OK
TSZL OK
TSJO OK
TSJZ OK
TSJL OK
TSLI OK
TSLO OK
TSLZ OK
TSLJ OK
TZIO OK
TZIS OK
TZIJ OK
TZIL OK
TZOI OK
TZOJ OK
TZOS OK
TZOL OK
TZSI OK
TZSO OK
TZSJ OK
TZSL OK
TZJI OK
TZJO OK
TZJS OK
TZJL OK
TZLI OK
TZLO OK
TZLS OK
TZLJ OK
TJIO OK
TJIS OK
TJIZ OK
TJIL OK
TJOI OK
TJOS OK
TJOZ OK
TJOL OK
TJSI OK
TJSO OK
TJSZ OK
TJSL OK
TJZI OK
TJZO OK
TJZS OK
TJZL OK
TJLI OK
TJLO OK
TJLS OK
TLIO OK
TJLZ OK
TLIS OK
TLIJ OK
TLIZ OK
TLOI OK
TLOZ OK
TLOS OK
TLOJ OK
TLSO OK
TLSI OK
TLZI OK
TLSZ OK
TLSJ OK
TLZO OK
TLZS OK
TLZJ OK
TLJI OK
TLJO OK
TLJS OK
TLJZ OK
SIOT OK
SIOZ OK
SIOJ OK
SIOL OK
SITO OK
SITZ OK
SITJ OK
SITL OK
SIZO OK
SIZT OK
SIZJ OK
SIZL OK
SIJT OK
SIJO OK
SIJL OK
SIJZ OK
SILO OK
SILT OK
SOIT OK
SILJ OK
SILZ OK
SOIZ OK
SOIJ OK
SOIL OK
SOTI OK
SOTZ OK
SOTJ OK
SOTL OK
SOZI OK
SOZT OK
SOZJ OK
SOJI OK
SOJT OK
SOZL OK
SOJL OK
SOLT OK
SOLI OK
SOLJ OK
SOJZ OK
STIO OK
STIZ OK
STIJ OK
STIL OK
STOI OK
STOZ OK
STOJ OK
SOLZ OK
STOL OK
STZI OK
STZO OK
STJI OK
STZJ OK
STZL OK
STJO OK
STJL OK
STJZ OK
STLI OK
STLO OK
STLZ OK
STLJ OK
SZIO OK
SZIT OK
SZIJ OK
SZIL OK
SZOI OK
SZOT OK
SZOJ OK
SZOL OK
SZTI OK
SZTO OK
SZTJ OK
SZTL OK
SZJI OK
SZJO OK
SZJT OK
SZJL OK
SZLI OK
SZLO OK
SZLT OK
SZLJ OK
SJIT OK
SJIO OK
SJIL OK
SJIZ OK
SJOT OK
SJOI OK
SJOL OK
SJTI OK
SJTO OK
SJTZ OK
SJTL OK
SJZI OK
SJZO OK
SJOZ OK
SJZT OK
SJZL OK
SJLI OK
SJLO OK
SJLT OK
SJLZ OK
SLIT OK
SLIO OK
SLIJ OK
SLIZ OK
SLOT OK
SLOI OK
SLOJ OK
SLTI OK
SLTO OK
SLTZ OK
SLTJ OK
SLZI OK
SLZO OK
SLZT OK
SLZJ OK
SLJI OK
SLJT OK
SLJO OK
ZIOT OK
SLJZ OK
ZIOS OK
ZIOJ OK
ZIOL OK
ZITO OK
ZITS OK
ZITJ OK
ZITL OK
SLOZ OK
ZISO OK
ZIST OK
ZISL OK
ZISJ OK
ZIJO OK
ZIJT OK
ZIJL OK
ZIJS OK
ZILO OK
ZILT OK
ZILJ OK
ZILS OK
ZOIT OK
ZOIL OK
ZOIS OK
ZOIJ OK
ZOTI OK
ZOTJ OK
ZOTS OK
ZOTL OK
ZOST OK
ZOSI OK
ZOSJ OK
ZOSL OK
ZOJI OK
ZOJT OK
ZOJL OK
ZOJS OK
ZOLI OK
ZOLT OK
ZOLS OK
ZOLJ OK
ZTIO OK
ZTIS OK
ZTIJ OK
ZTIL OK
ZTOI OK
ZTOS OK
ZTOJ OK
ZTOL OK
ZTSI OK
ZTSO OK
ZTSJ OK
ZTSL OK
ZTJI OK
ZTJO OK
ZTJS OK
ZTJL OK
ZTLI OK
ZTLO OK
ZTLS OK
ZTLJ OK
ZSIO OK
ZSIT OK
ZSIJ OK
ZSIL OK
ZSOI OK
ZSOT OK
ZSOJ OK
ZSTI OK
ZSOL OK
ZSTO OK
ZSTJ OK
ZSTL OK
ZSJI OK
ZSJT OK
ZSJO OK
ZSJL OK
ZSLI OK
ZSLT OK
ZSLO OK
ZSLJ OK
ZJIT OK
ZJIO OK
ZJIS OK
ZJIL OK
ZJOT OK
ZJOI OK
ZJOS OK
ZJOL OK
ZJTI OK
ZJTO OK
ZJTS OK
ZJTL OK
ZJSI OK
ZJST OK
ZJSO OK
ZJLI OK
ZJSL OK
ZJLO OK
ZJLT OK
ZJLS OK
ZLIO OK
ZLIT OK
ZLIS OK
ZLIJ OK
ZLOI OK
ZLOT OK
ZLOJ OK
ZLTI OK
ZLOS OK
ZLTO OK
ZLTS OK
ZLTJ OK
ZLST OK
ZLSI OK
ZLSO OK
ZLSJ OK
ZLJI OK
ZLJO OK
ZLJT OK
ZLJS OK
JIOT OK
JIOL OK
JIOS OK
JIOZ OK
JITO OK
JITS OK
JITZ OK
JITL OK
JIST OK
JISO OK
JISL OK
JIZT OK
JIZO OK
JIZS OK
JIZL OK
JISZ OK
JILO OK
JILT OK
JILS OK
JILZ OK
JOIT OK
JOIL OK
JOIS OK
JOIZ OK
JOTI OK
JOTS OK
JOTZ OK
JOTL OK
JOST OK
JOSI OK
JOSL OK
JOZT OK
JOZI OK
JOZL OK
JOSZ OK
JOLI OK
JOLT OK
JOLS OK
JOLZ OK
JTIO OK
JOZS OK
JTIS OK
JTIZ OK
JTIL OK
JTOI OK
JTOS OK
JTOZ OK
JTOL OK
JTSI OK
JTSO OK
JTSZ OK
JTSL OK
JTZI OK
JTZO OK
JTZS OK
JTZL OK
JTLI OK
JTLO OK
JTLS OK
JTLZ OK
JSIT OK
JSIO OK
JSIL OK
JSIZ OK
JSOT OK
JSOI OK
JSOL OK
JSTI OK
JSTO OK
JSTZ OK
JSTL OK
JSZI OK
JSOZ OK
JSZT OK
JSZL OK
JSLI OK
JSLO OK
JSLT OK
JSZO OK
JSLZ OK
JZIT OK
JZIO OK
JZIL OK
JZIS OK
JZOT OK
JZOI OK
JZOL OK
JZTI OK
JZTO OK
JZTS OK
JZTL OK
JZOS OK
JZSI OK
JZST OK
JZSL OK
JZLI OK
JZLO OK
JZSO OK
JZLT OK
JZLS OK
JLIT OK
JLIO OK
JLIS OK
JLIZ OK
JLOI OK
JLOT OK
JLOS OK
JLOZ OK
JLTI OK
JLTO OK
JLTS OK
JLTZ OK
JLSI OK
JLSO OK
JLST OK
JLSZ OK
JLZI OK
JLZO OK
JLZT OK
JLZS OK
LIOT OK
LIOJ OK
LIOS OK
LIOZ OK
LITO OK
LITS OK
LITZ OK
LITJ OK
LIST OK
LISO OK
LISJ OK
LIZO OK
LIZT OK
LIZJ OK
LIZS OK
LIJO OK
LIJT OK
LIJS OK
LIJZ OK
LOIT OK
LOIZ OK
LOIS OK
LOIJ OK
LOTI OK
LISZ OK
LOTS OK
LOTZ OK
LOTJ OK
LOST OK
LOSI OK
LOSJ OK
LOZI OK
LOZT OK
LOZJ OK
LOJI OK
LOZS OK
LOJT OK
LOJS OK
LOJZ OK
LTIO OK
LTIS OK
LTIZ OK
LTIJ OK
LTOS OK
LTOI OK
LTOZ OK
LTOJ OK
LTSI OK
LTSO OK
LTSZ OK
LTSJ OK
LTZI OK
LTZO OK
LOSZ OK
LTZS OK
LTZJ OK
LTJI OK
LTJO OK
LTJZ OK
LTJS OK
LSIT OK
LSIO OK
LSIJ OK
LSOI OK
LSOT OK
LSOJ OK
LSIZ OK
LSTI OK
LSTO OK
LSTJ OK
LSTZ OK
LSZI OK
LSZT OK
LSZJ OK
LSJI OK
LSJO OK
LSZO OK
LSJT OK
LSJZ OK
LZIO OK
LZIT OK
LSOZ OK
LZIJ OK
LZIS OK
LZOT OK
LZOI OK
LZTI OK
LZOJ OK
LZTO OK
LZTS OK
LZTJ OK
LZOS OK
LZSI OK
LZST OK
LZSJ OK
LZJI OK
LZJO OK
LZJT OK
LZSO OK
LZJS OK
LJIO OK
LJIT OK
LJIZ OK
LJIS OK
LJOI OK
LJOT OK
LJOS OK
LJOZ OK
LJTI OK
LJTO OK
LJTS OK
LJSI OK
LJTZ OK
LJST OK
LJSO OK
LJSZ OK
LJZI OK
LJZO OK
LJZT OK
LJZS OK
