IOTS OK
IOTZ OK
IOTJ OK
IOTL OK
IOST OK
IOSZ OK
IOSJ OK
IOZT OK
IOSL OK
IOZS OK
IOZJ OK
IOZL OK
IOJT OK
IOJL OK
IOJS OK
IOLT OK
IOJZ OK
IOLJ OK
ITOS OK
IOLS OK
IOLZ OK
ITOZ OK
ITOJ OK
ITOL OK
ITSO OK
ITSZ OK
ITSJ OK
ITSL OK
ITZO OK
ITZS OK
ITZJ OK
ITZL OK
ITJO OK
ITJS OK
ITJZ OK
ITJL OK
ITLO OK
ITLS OK
ITLZ OK
ITLJ OK
ISOT OK
ISOZ OK
ISOJ OK
ISOL OK
ISTO OK
ISTJ OK
ISTZ OK
ISTL OK
ISZT OK
ISZO OK
ISZJ OK
ISZL OK
ISJO OK
ISJT OK
ISJL OK
ISLO OK
ISLT OK
ISJZ OK
ISLJ OK
IZOT OK
IZOS OK
IZOJ OK
IZOL OK
ISLZ OK
IZTO OK
IZTS OK
IZTJ OK
IZTL OK
IZSO OK
IZSJ OK
IZST OK
IZSL OK
IZJO OK
IZJT OK
IZJS OK
IZJL OK
IZLO OK
IZLT OK
IZLS OK
IZLJ OK
IJOT OK
IJOL OK
IJTO OK
IJOS OK
IJOZ OK
IJTS OK
IJTZ OK
IJTL OK
IJST OK
IJSL OK
IJSO OK
IJZO OK
IJSZ OK
IJZT OK
IJZS OK
IJZL OK
IJLO OK
IJLT OK
IJLS OK
IJLZ OK
ILOT OK
ILOJ OK
ILOS OK
ILOZ OK
ILTO OK
ILTS OK
ILTJ OK
ILTZ OK
ILST OK
ILSO OK
ILSJ OK
ILZO OK
ILZT OK
ILZS OK
ILZJ OK
ILJO OK
ILJT OK
ILJS OK
ILJZ OK
OITS OK
OITZ OK
OITJ OK
OITL OK
ILSZ OK
OIST OK
OISJ OK
OISZ OK
OISL OK
OIZT OK
OIZS OK
OIZJ OK
OIZL OK
OIJT OK
OIJS OK
OIJL OK
OIJZ OK
OILT OK
OILJ OK
OILS OK
OILZ OK
OTIS OK
OTIJ OK
OTIZ OK
OTIL OK
OTSI OK
OTSJ OK
OTSZ OK
OTSL OK
OTZI OK
OTZJ OK
OTZL OK
OTZS OK
OTJI OK
OTJS OK
OTJZ OK
OTJL OK
OTLI OK
OTLS OK
OTLZ OK
OTLJ OK
OSIT OK
OSIZ OK
OSIJ OK
OSIL OK
OSTI OK
OSTZ OK
OSTJ OK
OSTL OK
OSZI OK
OSZT OK
OSJI OK
OSJT OK
OSZL OK
OSZJ OK
OSJL OK
OSLI OK
OSLT OK
OSLJ OK
OSJZ OK
OZIT OK
OZIS OK
OZIJ OK
OZIL OK
OZTI OK
OZTJ OK
OZTL OK
OZTS OK
OZSI OK
OZST OK
OZSJ OK
OZSL OK
OSLZ OK
OZJI OK
OZJT OK
OZJL OK
OZJS OK
OZLI OK
OZLT OK
OZLS OK
OJIT OK
OZLJ OK
OJIS OK
OJIL OK
OJIZ OK
OJTI OK
OJTS OK
OJTZ OK
OJTL OK
OJST OK
OJSI OK
OJSL OK
OJZI OK
OJZT OK
OJZL OK
OJLI OK
OJZS OK
OJSZ OK
OJLT OK
OJLS OK
OJLZ OK
OLIT OK
OLIS OK
OLIZ OK
OLIJ OK
OLTI OK
OLTS OK
OLTZ OK
OLTJ OK
OLST OK
OLSI OK
OLSJ OK
OLZI OK
OLZT OK
OLZJ OK
OLJI OK
OLZS OK
OLJT OK
OLJS OK
OLJZ OK
TIOS OK
TIOZ OK
TIOJ OK
TIOL OK
TISO OK
TISZ OK
TISJ OK
TISL OK
TIZO OK
TIZJ OK
TIZS OK
OLSZ OK
TIJO OK
TIZL OK
TIJS OK
TIJZ OK
TIJL OK
TILO OK
TILS OK
TILZ OK
TILJ OK
TOIZ OK
TOIS OK
TOIJ OK
TOIL OK
TOSI OK
TOSZ OK
TOSJ OK
TOSL OK
TOZI OK
TOZJ OK
TOZL OK
TOZS OK
TOJI OK
TOJS OK
TOJZ OK
TOJL OK
TOLI OK
TOLS OK
TOLZ OK
TOLJ OK
TSIZ OK
TSIO OK
TSIJ OK
TSIL OK
TSOI OK
TSOJ OK
TSOL OK
TSOZ OK
TSZI OK
TSZO OK
TSZJ OK
TSZL OK
TSJI OK
TSJO OK
TSJZ OK
TSJL OK
TSLI OK
TSLO OK
TSLJ OK
TSLZ OK
TZIO OK
TZIJ OK
TZIS OK
TZIL OK
TZOI OK
TZOS OK
TZOJ OK
TZOL OK
TZSI OK
TZSO OK
TZSJ OK
TZJI OK
TZSL OK
TZJO OK
TZJS OK
TZJL OK
TZLI OK
TZLO OK
TZLS OK
TZLJ OK
TJIO OK
TJIS OK
TJIZ OK
TJIL OK
TJOI OK
TJOS OK
TJOZ OK
TJOL OK
TJSI OK
TJSO OK
TJSL OK
TJZI OK
TJSZ OK
TJZO OK
TJZS OK
TJZL OK
TJLI OK
TJLO OK
TJLS OK
TJLZ OK
TLIO OK
TLIS OK
TLIZ OK
TLIJ OK
TLOI OK
TLOS OK
TLOZ OK
TLOJ OK
TLSI OK
TLSO OK
TLSJ OK
TLSZ OK
TLZI OK
TLZO OK
TLZS OK
TLZJ OK
TLJI OK
TLJO OK
TLJS OK
TLJZ OK
SIOT OK
SIOZ OK
SIOJ OK
SIOL OK
SITO OK
SITZ OK
SITJ OK
SITL OK
SIZO OK
SIZT OK
SIZJ OK
SIZL OK
SIJO OK
SIJT OK
SIJL OK
SIJZ OK
SILO OK
SILT OK
SILJ OK
SILZ OK
SOIT OK
SOIZ OK
SOIJ OK
SOIL OK
SOTI OK
SOTZ OK
SOTJ OK
SOTL OK
SOZI OK
SOZT OK
SOZJ OK
SOJI OK
SOJT OK
SOZL OK
SOJL OK
SOLI OK
SOLT OK
SOLJ OK
SOJZ OK
STIO OK
STIZ OK
STIJ OK
STIL OK
STOI OK
STOJ OK
STOZ OK
STOL OK
STZI OK
STZO OK
STZJ OK
STZL OK
STJI OK
STJO OK
STJZ OK
SOLZ OK
STJL OK
STLI OK
STLO OK
STLJ OK
STLZ OK
SZIO OK
SZIT OK
SZIJ OK
SZIL OK
SZOI OK
SZOT OK
SZOJ OK
SZOL OK
SZTI OK
SZTJ OK
SZTO OK
SZTL OK
SZJI OK
SZJO OK
SZJT OK
SZJL OK
SZLI OK
SZLO OK
SZLT OK
SZLJ OK
SJIO OK
SJIT OK
SJIL OK
SJIZ OK
SJOI OK
SJOT OK
SJOL OK
SJTI OK
SJTO OK
SJTZ OK
SJTL OK
SJZI OK
SJOZ OK
SJZO OK
SJZT OK
SJZL OK
SJLI OK
SJLO OK
SJLT OK
SJLZ OK
SLIO OK
SLIT OK
SLIZ OK
SLIJ OK
SLOI OK
SLOT OK
SLOJ OK
SLTI OK
SLTO OK
SLTZ OK
SLTJ OK
SLZI OK
SLZO OK
SLZT OK
SLZJ OK
SLJI OK
SLJO OK
SLJT OK
SLJZ OK
ZIOT OK
ZIOS OK
ZIOJ OK
ZIOL OK
ZITO OK
ZITS OK
ZITJ OK
ZITL OK
ZISO OK
ZISJ OK
ZIST OK
SLOZ OK
ZISL OK
ZIJO OK
ZIJT OK
ZIJS OK
ZIJL OK
ZILO OK
ZILT OK
ZILS OK
ZILJ OK
ZOIT OK
ZOIS OK
ZOIJ OK
ZOIL OK
ZOTI OK
ZOTS OK
ZOTJ OK
ZOTL OK
ZOSI OK
ZOST OK
ZOSJ OK
ZOSL OK
ZOJI OK
ZOJT OK
ZOJS OK
ZOJL OK
ZOLI OK
ZOLT OK
ZOLS OK
ZOLJ OK
ZTIO OK
ZTIJ OK
ZTIS OK
ZTIL OK
ZTOI OK
ZTOS OK
ZTOJ OK
ZTOL OK
ZTSI OK
ZTSO OK
ZTSJ OK
ZTSL OK
ZTJI OK
ZTJO OK
ZTJS OK
ZTJL OK
ZTLI OK
ZTLO OK
ZTLS OK
ZTLJ OK
ZSIO OK
ZSIT OK
ZSIJ OK
ZSIL OK
ZSOI OK
ZSOT OK
ZSOJ OK
ZSOL OK
ZSTO OK
ZSTI OK
ZSTJ OK
ZSTL OK
ZSJI OK
ZSJO OK
ZSJT OK
ZSJL OK
ZSLI OK
ZSLO OK
ZSLT OK
ZSLJ OK
ZJIO OK
ZJIT OK
ZJIS OK
ZJIL OK
ZJOI OK
ZJOT OK
ZJOS OK
ZJOL OK
ZJTI OK
ZJTO OK
ZJTS OK
ZJTL OK
ZJSI OK
ZJSO OK
ZJST OK
ZJSL OK
ZJLI OK
ZJLO OK
ZJLT OK
ZJLS OK
ZLIO OK
ZLIT OK
ZLIS OK
ZLIJ OK
ZLOI OK
ZLOT OK
ZLOS OK
ZLOJ OK
ZLTI OK
ZLTO OK
ZLTS OK
ZLTJ OK
ZLSI OK
ZLSO OK
ZLST OK
ZLSJ OK
ZLJI OK
ZLJO OK
ZLJT OK
ZLJS OK
JIOT OK
JIOS OK
JIOZ OK
JIOL OK
JITO OK
JITS OK
JITZ OK
JITL OK
JISO OK
JIST OK
JISL OK
JIZO OK
JIZT OK
JIZS OK
JIZL OK
JILO OK
JISZ OK
JILT OK
JILS OK
JILZ OK
JOIT OK
JOIS OK
JOIZ OK
JOIL OK
JOTI OK
JOTS OK
JOTZ OK
JOTL OK
JOSI OK
JOST OK
JOSL OK
JOZI OK
JOZT OK
JOZL OK
JOSZ OK
JOLI OK
JOLT OK
JOZS OK
JOLS OK
JOLZ OK
JTIO OK
JTIS OK
JTIZ OK
JTIL OK
JTOI OK
JTOS OK
JTOZ OK
JTOL OK
JTSI OK
JTSO OK
JTSL OK
JTSZ OK
JTZI OK
JTZO OK
JTZS OK
JTZL OK
JTLI OK
JTLO OK
JTLS OK
JTLZ OK
JSIO OK
JSIT OK
JSIL OK
JSOI OK
JSIZ OK
JSOT OK
JSOL OK
JSTI OK
JSTZ OK
JSTO OK
JSTL OK
JSZI OK
JSOZ OK
JSZT OK
JSZL OK
JSLI OK
JSLO OK
JSLT OK
JSLZ OK
JSZO OK
JZIO OK
JZIT OK
JZIS OK
JZIL OK
JZOI OK
JZOT OK
JZOL OK
JZTI OK
JZTO OK
JZTS OK
JZTL OK
JZOS OK
JZSI OK
JZST OK
JZSL OK
JZLI OK
JZLO OK
JZLT OK
JZLS OK
JLIO OK
JZSO OK
JLIT OK
JLIS OK
JLIZ OK
JLOI OK
JLOT OK
JLOS OK
JLOZ OK
JLTI OK
JLTO OK
JLTS OK
JLTZ OK
JLSI OK
JLSO OK
JLST OK
JLZI OK
JLZO OK
JLZT OK
JLSZ OK
LIOT OK
LIOS OK
JLZS OK
LIOZ OK
LIOJ OK
LITO OK
LITS OK
LITZ OK
LITJ OK
LIST OK
LISO OK
LISJ OK
LIZO OK
LIZT OK
LIZS OK
LIZJ OK
LIJO OK
LIJT OK
LIJS OK
LIJZ OK
LOIT OK
LOIS OK
LOIZ OK
LOIJ OK
LOTI OK
LISZ OK
LOTS OK
LOTZ OK
LOTJ OK
LOST OK
LOSI OK
LOZI OK
LOSJ OK
LOZT OK
LOZJ OK
LOJI OK
LOZS OK
LOJT OK
LOJS OK
LOJZ OK
LTIO OK
LTIS OK
LTIZ OK
LTIJ OK
LTOI OK
LTOS OK
LTOZ OK
LTOJ OK
LTSI OK
LTSO OK
LTSZ OK
LTSJ OK
LTZO OK
LTZI OK
LOSZ OK
LTZJ OK
LTZS OK
LTJI OK
LTJO OK
LTJS OK
LTJZ OK
LSIT OK
LSIO OK
LSIJ OK
LSOI OK
LSOT OK
LSOJ OK
LSTI OK
LSIZ OK
LSTO OK
LSTZ OK
LSTJ OK
LSZI OK
LSZT OK
LSZJ OK
LSJI OK
LSJO OK
LSJT OK
LSZO OK
LSJZ OK
LZIO OK
LZIT OK
LZIS OK
LZIJ OK
LZOI OK
LZOT OK
LSOZ OK
LZOJ OK
LZTI OK
LZTO OK
LZTS OK
LZOS OK
LZTJ OK
LZSI OK
LZST OK
LZSJ OK
LZJI OK
LZJO OK
LZJT OK
LZJS OK
LZSO OK
LJIO OK
LJIT OK
LJIS OK
LJIZ OK
LJOI OK
LJOT OK
LJOS OK
LJOZ OK
LJTI OK
LJTO OK
LJTS OK
LJTZ OK
LJSI OK
LJSO OK
LJST OK
LJZI OK
LJZO OK
LJSZ OK
LJZT OK
LJZS OK
