IOTZ OK
IOTS OK
IOTJ OK
IOTL OK
IOST OK
IOSZ OK
IOSL OK
IOZT OK
IOSJ OK
IOZS OK
IOZL OK
IOZJ OK
IOJT OK
IOJS OK
IOJZ OK
IOJL OK
IOLT OK
IOLJ OK
ITOS OK
ITOZ OK
ITOJ OK
ITOL OK
IOLS OK
IOLZ OK
ITSO OK
ITSZ OK
ITSJ OK
ITSL OK
ITZO OK
ITZS OK
ITZJ OK
ITZL OK
ITJO OK
ITJS OK
ITJZ OK
ITJL OK
ITLO OK
ITLS OK
ITLZ OK
ITLJ OK
ISOT OK
ISOZ OK
ISOJ OK
ISOL OK
ISTO OK
ISTZ OK
ISTJ OK
ISTL OK
ISZO OK
ISZT OK
ISZJ OK
ISZL OK
ISJT OK
ISJL OK
ISJO OK
ISLT OK
ISLO OK
ISLJ OK
IZOT OK
IZOS OK
ISJZ OK
IZOJ OK
IZTO OK
IZOL OK
IZTS OK
IZTJ OK
ISLZ OK
IZTL OK
IZST OK
IZSO OK
IZSJ OK
IZSL OK
IZJT OK
IZJO OK
IZJL OK
IZJS OK
IZLT OK
IZLO OK
IZLJ OK
IJOT OK
IZLS OK
IJOL OK
IJOS OK
IJOZ OK
IJTO OK
IJTS OK
IJTZ OK
IJTL OK
IJST OK
IJSO OK
IJSL OK
IJZO OK
IJZT OK
IJZL OK
IJLO OK
IJZS OK
IJLT OK
IJLS OK
IJLZ OK
ILOT OK
IJSZ OK
ILOS OK
ILOZ OK
ILOJ OK
ILTO OK
ILTS OK
ILTZ OK
ILTJ OK
ILST OK
ILSO OK
ILSJ OK
ILZO OK
ILZT OK
ILZJ OK
ILJO OK
ILZS OK
ILJT OK
ILJS OK
ILJZ OK
OITS OK
OITZ OK
OITJ OK
OITL OK
OIST OK
ILSZ OK
OISZ OK
OISJ OK
OIZT OK
OIZS OK
OISL OK
OIZJ OK
OIJT OK
OIZL OK
OIJS OK
OIJL OK
OIJZ OK
OILT OK
OILJ OK
OTIS OK
OTIZ OK
OTIJ OK
OTIL OK
OILS OK
OILZ OK
OTSI OK
OTSZ OK
OTSJ OK
OTSL OK
OTZI OK
OTZJ OK
OTZS OK
OTZL OK
OTJI OK
OTJS OK
OTJZ OK
OTLI OK
OTJL OK
OTLS OK
OTLJ OK
OTLZ OK
OSIT OK
OSIJ OK
OSIZ OK
OSIL OK
OSTI OK
OSTZ OK
OSTJ OK
OSTL OK
OSZT OK
OSZI OK
OSJI OK
OSJT OK
OSZL OK
OSJL OK
OSZJ OK
OSLT OK
OSLI OK
OSLJ OK
OZIT OK
OZIS OK
OSJZ OK
OZIJ OK
OZIL OK
OZTI OK
OZTJ OK
OZTS OK
OZTL OK
OZSI OK
OSLZ OK
OZST OK
OZSJ OK
OZSL OK
OZJI OK
OZJT OK
OZJL OK
OZLI OK
OZJS OK
OZLT OK
OZLJ OK
OJIT OK
OZLS OK
OJIS OK
OJIL OK
OJIZ OK
OJTI OK
OJTS OK
OJTZ OK
OJTL OK
OJST OK
OJSI OK
OJSL OK
OJZT OK
OJZI OK
OJZL OK
OJLI OK
OJLT OK
OJLS OK
OJLZ OK
OLIT OK
OJSZ OK
OLIS OK
OLIZ OK
OLIJ OK
OLTI OK
OLTS OK
OLTZ OK
OLTJ OK
OLST OK
OLSI OK
OLSJ OK
OLZI OK
OLZT OK
OLSZ OK
OLZS OK
OLZJ OK
OLJI OK
OLJT OK
OLJS OK
OLJZ OK
TIOS OK
TIOZ OK
TIOJ OK
TIOL OK
TISO OK
TISZ OK
TISJ OK
TISL OK
TIZO OK
TIZS OK
TIZJ OK
TIZL OK
TIJO OK
TIJS OK
TIJZ OK
TIJL OK
TILO OK
TILS OK
TILZ OK
TILJ OK
TOIS OK
TOIZ OK
TOIJ OK
TOIL OK
TOSI OK
TOSZ OK
TOSJ OK
TOSL OK
TOZI OK
TOZS OK
TOZJ OK
TOZL OK
TOJI OK
TOJS OK
TOJZ OK
TOLI OK
TOJL OK
TOLS OK
TOLZ OK
TOLJ OK
TSIO OK
TSIZ OK
TSIJ OK
TSIL OK
TSOI OK
TSOZ OK
TSOJ OK
TSOL OK
TSZI OK
TSZJ OK
TSZO OK
TSJI OK
TSZL OK
TSJO OK
TSJZ OK
OJZS CAP
TSJL OK
TSLI OK
TSLO OK
TSLZ OK
TSLJ OK
TZIO OK
TZIS OK
TZIJ OK
TZIL OK
TZOI OK
TZOS OK
TZOJ OK
TZOL OK
TZSI OK
TZSO OK
TZSL OK
TZSJ OK
TZJI OK
TZJO OK
TZJS OK
TZJL OK
TZLO OK
TZLI OK
TZLS OK
TZLJ OK
TJIO OK
TJIS OK
TJIZ OK
TJIL OK
TJOI OK
TJOS OK
TJOZ OK
TJOL OK
TJSI OK
TJSO OK
TJSL OK
TJSZ OK
TJZI OK
TJZL OK
TJZO OK
TJZS OK
TJLI OK
TJLO OK
TJLS OK
TJLZ OK
TLIO OK
TLIS OK
TLIZ OK
TLIJ OK
TLOI OK
TLOS OK
TLOJ OK
TLOZ OK
TLSI OK
TLSO OK
TLSZ OK
TLSJ OK
TLZI OK
TLZO OK
TLZS OK
TLZJ OK
TLJI OK
TLJO OK
TLJS OK
TLJZ OK
SIOT OK
SIOZ OK
SIOJ OK
SIOL OK
SITO OK
SITZ OK
SITJ OK
SITL OK
SIZT OK
SIZO OK
SIZJ OK
SIZL OK
SIJT OK
SIJL OK
SIJO OK
SILT OK
SILO OK
SILZ OK
SILJ OK
SOIT OK
SIJZ OK
SOIZ OK
SOIJ OK
SOTI OK
SOIL OK
SOTZ OK
SOTJ OK
SOTL OK
SOZT OK
SOZI OK
SOJI OK
SOJT OK
SOZL OK
SOJL OK
SOZJ OK
SOLT OK
SOLI OK
SOLJ OK
STIO OK
STIZ OK
SOJZ OK
STIJ OK
STIL OK
STOI OK
STOZ OK
STOJ OK
STOL OK
STZI OK
STZO OK
STZJ OK
STZL OK
STJI OK
SOLZ OK
STJO OK
STJZ OK
STJL OK
STLI OK
STLO OK
STLZ OK
STLJ OK
SZIO OK
SZIT OK
SZIJ OK
SZIL OK
SZOI OK
SZOT OK
SZTI OK
SZOJ OK
SZTO OK
SZOL OK
SZTJ OK
SZTL OK
SZJI OK
SZJT OK
SZJL OK
SZJO OK
SZLI OK
SZLT OK
SZLO OK
SZLJ OK
SJIT OK
SJIL OK
SJIO OK
SJOT OK
SJOI OK
SJOL OK
SJTI OK
SJTO OK
SJIZ OK
SJTZ OK
SJTL OK
SJZI OK
SJZO OK
SJZT OK
SJZL OK
SJLI OK
SJLO OK
SJOZ OK
SJLT OK
SJLZ OK
SLIT OK
SLIJ OK
SLIO OK
SLIZ OK
SLOT OK
SLOJ OK
SLOI OK
SLTI OK
SLTO OK
SLTZ OK
SLTJ OK
SLZI OK
SLZO OK
SLZT OK
SLZJ OK
SLJI OK
SLJO OK
SLJT OK
SLJZ OK
ZIOT OK
ZIOS OK
ZIOJ OK
ZIOL OK
ZITO OK
SLOZ OK
ZITS OK
ZITJ OK
ZITL OK
ZISO OK
ZIST OK
ZISJ OK
ZIJO OK
ZISL OK
ZIJT OK
ZIJL OK
ZILO OK
ZILT OK
ZIJS OK
ZILJ OK
ZOIT OK
ZILS OK
ZOIS OK
ZOIJ OK
ZOIL OK
ZOTI OK
ZOTJ OK
ZOTS OK
ZOTL OK
ZOSI OK
ZOST OK
ZOSJ OK
ZOSL OK
ZOJI OK
ZOJT OK
ZOJL OK
ZOJS OK
ZOLI OK
ZOLT OK
ZOLJ OK
ZTIO OK
ZOLS OK
ZTIS OK
ZTIJ OK
ZTIL OK
ZTOI OK
ZTOS OK
ZTOJ OK
ZTOL OK
ZTSI OK
ZTSJ OK
ZTSO OK
ZTSL OK
ZTJO OK
ZTJI OK
ZTJS OK
ZTJL OK
ZTLI OK
ZTLO OK
ZTLS OK
ZTLJ OK
ZSIO OK
ZSIT OK
ZSIJ OK
ZSIL OK
ZSOI OK
ZSOT OK
ZSTI OK
ZSOJ OK
ZSOL OK
ZSTO OK
ZSTJ OK
ZSTL OK
ZSJI OK
ZSJT OK
ZSJL OK
ZSJO OK
ZSLI OK
ZSLT OK
ZSLO OK
ZSLJ OK
ZJIO OK
ZJIT OK
ZJIL OK
ZJOI OK
ZJOT OK
ZJIS OK
ZJOL OK
ZJTI OK
ZJTO OK
ZJOS OK
ZJTS OK
ZJTL OK
ZJST OK
ZJSI OK
ZJSO OK
ZJSL OK
ZJLI OK
ZJLO OK
ZJLT OK
ZJLS OK
ZLIO OK
ZLIT OK
ZLIJ OK
ZLIS OK
ZLOI OK
ZLOT OK
ZLOJ OK
ZLTI OK
ZLTO OK
ZLOS OK
ZLTS OK
ZLTJ OK
ZLSI OK
ZLST OK
ZLSJ OK
ZLSO OK
ZLJI OK
ZLJO OK
ZLJT OK
ZLJS OK
JIOT OK
JIOL OK
JIOS OK
JIOZ OK
JITO OK
JITS OK
JITZ OK
JITL OK
JIST OK
JISO OK
JISL OK
JIZT OK
JIZO OK
JIZL OK
JILO OK
JIZS OK
JILT OK
JILS OK
JILZ OK
JOIT OK
JOIS OK
JOIZ OK
JOIL OK
JISZ OK
JOTI OK
JOTS OK
JOTZ OK
JOTL OK
JOST OK
JOSI OK
JOSL OK
JOZT OK
JOZI OK
JOZL OK
JOLI OK
JOLT OK
JOLS OK
JOLZ OK
JTIO OK
JTIS OK
JTIZ OK
JOSZ OK
JTIL OK
JTOI OK
JTOS OK
JTOZ OK
JTOL OK
JTSI OK
JTSO OK
JTSL OK
JTSZ OK
JTZI OK
JTZO OK
JTZL OK
JTZS OK
JTLI OK
JTLO OK
JOZS OK
JTLS OK
JTLZ OK
JSIT OK
JSIO OK
JSIL OK
JSOT OK
JSOI OK
JSOL OK
JSTI OK
JSTO OK
JSTZ OK
JSTL OK
JSIZ OK
JSZI OK
JSZT OK
JSZL OK
JSLI OK
JSLO OK
JSLT OK
JSOZ OK
JSLZ OK
JZIT OK
JZIO OK
JZIL OK
JZIS OK
JZOI OK
JSZO OK
JZOT OK
JZOL OK
JZTI OK
JZTO OK
JZTL OK
JZTS OK
JZSI OK
JZST OK
JZSL OK
JZLI OK
JZLO OK
JZLT OK
JZLS OK
JLIO OK
JLIT OK
JLIS OK
JZOS OK
JLIZ OK
JLOI OK
JLOT OK
JLOS OK
JLOZ OK
JLTI OK
JLTO OK
JZSO OK
JLTS OK
JLTZ OK
JLSI OK
JLSO OK
JLST OK
JLSZ OK
JLZI OK
JLZT OK
JLZO OK
JLZS OK
LIOT OK
LIOS OK
LIOJ OK
LIOZ OK
LITO OK
LITS OK
LITZ OK
LITJ OK
LIST OK
LISO OK
LISJ OK
LIZT OK
LIZO OK
LIZJ OK
LIJO OK
LIZS OK
LIJT OK
LIJS OK
LIJZ OK
LOIT OK
LOIS OK
LOIZ OK
LOIJ OK
LOTI OK
LOTS OK
LOTJ OK
LOTZ OK
LOST OK
LISZ OK
LOSI OK
LOZI OK
LOSJ OK
LOZT OK
LOZJ OK
LOJI OK
LOJT OK
LOJS OK
LOJZ OK
LTIO OK
LTIS OK
LOZS OK
LTIZ OK
LTIJ OK
LTOI OK
LTOS OK
LTOZ OK
LTOJ OK
LTSI OK
LOSZ OK
LTSO OK
LTSJ OK
LTZI OK
LTSZ OK
LTZO OK
LTZS OK
LTZJ OK
LTJI OK
LTJO OK
LTJS OK
LTJZ OK
LSIT OK
LSIO OK
LSIJ OK
LSOT OK
LSOI OK
LSOJ OK
LSTI OK
LSTO OK
LSTZ OK
LSTJ OK
LSZI OK
LSIZ OK
LSZT OK
LSZJ OK
LSJI OK
LSJO OK
LSJT OK
LSJZ OK
LSOZ OK
LZIT OK
LZIO OK
LZIJ OK
LZIS OK
LZOI OK
LZOT OK
LZOJ OK
LZTI OK
LZTO OK
LZTS OK
LZTJ OK
LSZO OK
LZSI OK
LZOS OK
LZST OK
LZJI OK
LZSJ OK
LZJO OK
LZJT OK
LJIO OK
LZJS OK
LJIT OK
LJIS OK
LJIZ OK
LJOI OK
LJOT OK
LJOS OK
LZSO OK
LJTI OK
LJOZ OK
LJTO OK
LJTS OK
LJTZ OK
LJSI OK
LJST OK
LJSO OK
LJSZ OK
LJZI OK
LJZO OK
LJZT OK
LJZS OK
