IOTJ OK
IOTS OK
IOTZ OK
IOTL OK
IOST OK
IOSZ OK
IOSJ OK
IOSL OK
IOZT OK
IOZJ OK
IOZS OK
IOJT OK
IOZL OK
IOJS OK
IOJZ OK
IOJL OK
IOLT OK
IOLS OK
IOLZ OK
IOLJ OK
ITOS OK
ITOZ OK
ITOJ OK
ITOL OK
ITSO OK
ITSZ OK
ITSJ OK
ITSL OK
ITZO OK
ITZS OK
ITZJ OK
ITZL OK
ITJO OK
ITJS OK
ITJL OK
ITJZ OK
ITLO OK
ITLS OK
ITLJ OK
ITLZ OK
ISOT OK
ISOJ OK
ISOL OK
ISTO OK
ISTZ OK
ISTJ OK
ISTL OK
ISZT OK
ISZJ OK
ISOZ OK
ISJO OK
ISJT OK
ISZO OK
ISJZ OK
ISLO OK
ISJL OK
ISLT OK
ISLJ OK
IZOT OK
IZOS OK
ISZL OK
IZOJ OK
IZOL OK
IZTO OK
IZTS OK
IZTJ OK
IZTL OK
IZST OK
IZSO OK
IZSJ OK
ISLZ OK
IZJO OK
IZJT OK
IZJS OK
IZJL OK
IZLO OK
IZLT OK
IZLJ OK
IJOT OK
IJOS OK
IZSL OK
IJOZ OK
IJOL OK
IJTO OK
IJTS OK
IJTZ OK
IJTL OK
IJSO OK
IJST OK
IJSL OK
IJZO OK
IJZT OK
IJSZ OK
IZLS OK
IJZL OK
IJLO OK
IJLT OK
IJLS OK
IJLZ OK
ILOT OK
ILOS OK
ILOZ OK
ILOJ OK
ILTO OK
ILTS OK
ILTZ OK
ILTJ OK
ILST OK
ILSO OK
ILSJ OK
ILZO OK
ILZT OK
IJZS OK
ILZJ OK
ILJO OK
ILJT OK
ILJS OK
ILJZ OK
OITS OK
OITZ OK
OITJ OK
OITL OK
OIST OK
ILSZ OK
OISZ OK
OISJ OK
OISL OK
OIZT OK
OIZJ OK
OIZS OK
OIJT OK
OIZL OK
OIJS OK
ILZS OK
OIJZ OK
OIJL OK
OILT OK
OILZ OK
OILJ OK
OILS OK
OTIS OK
OTIJ OK
OTIZ OK
OTIL OK
OTSI OK
OTSZ OK
OTSJ OK
OTSL OK
OTZI OK
OTZS OK
OTZJ OK
OTZL OK
OTJI OK
OTJS OK
OTJZ OK
OTJL OK
OTLI OK
OTLS OK
OTLZ OK
OTLJ OK
OSIT OK
OSIZ OK
OSIJ OK
OSIL OK
OSTI OK
OSTZ OK
OSTJ OK
OSTL OK
OSZI OK
OSZT OK
OSZL OK
OSZJ OK
OSJI OK
OSJT OK
OSJL OK
OSJZ OK
OSLI OK
OSLT OK
OSLJ OK
OZIT OK
OZIS OK
OZIJ OK
OSLZ OK
OZTI OK
OZIL OK
OZTS OK
OZTJ OK
OZTL OK
OZST OK
OZSI OK
OZSJ OK
OZSL OK
OZJT OK
OZJI OK
OZJL OK
OZJS OK
OZLI OK
OZLT OK
OZLJ OK
OZLS OK
OJIT OK
OJIL OK
OJTI OK
OJIS OK
OJIZ OK
OJTS OK
OJTZ OK
OJTL OK
OJST OK
OJSI OK
OJSL OK
OJSZ OK
OJZT OK
OJZI OK
OJZL OK
OJZS OK
OJLI OK
OJLT OK
OJLS OK
OJLZ OK
OLIT OK
OLIS OK
OLIJ OK
OLIZ OK
OLTI OK
OLTS OK
OLTZ OK
OLTJ OK
OLST OK
OLSI OK
OLSJ OK
OLZI OK
OLZT OK
OLZJ OK
OLJI OK
OLZS OK
OLJT OK
OLJS OK
TIOS OK
OLJZ OK
TIOZ OK
TIOJ OK
OLSZ OK
TIOL OK
TISO OK
TISZ OK
TISJ OK
TISL OK
TIZO OK
TIZS OK
TIZJ OK
TIZL OK
TIJO OK
TIJS OK
TIJZ OK
TIJL OK
TILO OK
TILS OK
TILZ OK
TILJ OK
TOIS OK
TOIJ OK
TOIZ OK
TOIL OK
TOSI OK
TOSZ OK
TOSJ OK
TOSL OK
TOZI OK
TOZS OK
TOZJ OK
TOZL OK
TOJI OK
TOJS OK
TOJZ OK
TOJL OK
TOLI OK
TOLS OK
TOLZ OK
TOLJ OK
TSIO OK
TSIZ OK
TSIJ OK
TSIL OK
TSOI OK
TSOZ OK
TSOJ OK
TSOL OK
TSZO OK
TSZI OK
TSJI OK
TSJO OK
TSZL OK
TSZJ OK
TSJL OK
TSLI OK
TSLO OK
TSJZ OK
TSLJ OK
TZIO OK
TZIS OK
TZIJ OK
TZIL OK
TSLZ OK
TZOI OK
TZOS OK
TZOJ OK
TZOL OK
TZSO OK
TZSI OK
TZJI OK
TZJO OK
TZSL OK
TZSJ OK
TZLI OK
TZJL OK
TZLO OK
TZJS OK
TZLJ OK
TJIO OK
TJIS OK
TZLS OK
TJIZ OK
TJIL OK
TJOI OK
TJOZ OK
TJOS OK
TJOL OK
TJSO OK
TJSI OK
TJSL OK
TJZI OK
TJZO OK
TJZL OK
TJLI OK
TJLO OK
TJLS OK
TJLZ OK
TJZS OK
TJSZ OK
TLIO OK
TLIS OK
TLIJ OK
TLIZ OK
TLOI OK
TLOS OK
TLOZ OK
TLOJ OK
TLSO OK
TLSI OK
TLSJ OK
TLZI OK
TLZO OK
TLZJ OK
TLJI OK
TLSZ OK
TLJO OK
TLJS OK
TLZS OK
SIOT OK
TLJZ OK
SIOZ OK
SIOJ OK
SIOL OK
SITO OK
SITZ OK
SITJ OK
SITL OK
SIZT OK
SIZJ OK
SIJO OK
SIJT OK
SIJZ OK
SIZL OK
SIJL OK
SILO OK
SILT OK
SILJ OK
SOIT OK
SOIZ OK
SOIJ OK
SOIL OK
SOTI OK
SOTZ OK
SOTJ OK
SOTL OK
SOZI OK
SOZT OK
SIZO OK
SOZJ OK
SILZ OK
SOJT OK
SOZL OK
SOJI OK
SOJL OK
SOJZ OK
SOLI OK
SOLT OK
SOLJ OK
STIO OK
STIZ OK
STIJ OK
STIL OK
SOLZ OK
STOI OK
STOZ OK
STOJ OK
STOL OK
STZI OK
STZO OK
STJI OK
STJO OK
STZL OK
STZJ OK
STJL OK
STJZ OK
STLO OK
STLI OK
STLJ OK
SZIO OK
SZIT OK
STLZ OK
SZOI OK
SZOT OK
SZIJ OK
SZOJ OK
SZTI OK
SZOL OK
SZTO OK
SZTL OK
SZIL OK
SZJO OK
SZTJ OK
SZJI OK
SZJL OK
SZLO OK
SZJT OK
SZLT OK
SZLJ OK
SJIO OK
SJIT OK
SZLI OK
SJOI OK
SJIL OK
SJIZ OK
SJOT OK
SJOL OK
SJOZ OK
SJTI OK
SJTO OK
SJTL OK
SJZO OK
SJTZ OK
SJZI OK
SJLI OK
SJZT OK
SJLT OK
SJLO OK
SJZL OK
SLIO OK
SLIT OK
SLIJ OK
SLOI OK
SLOT OK
SJLZ OK
SLOJ OK
SLTI OK
SLTO OK
SLTZ OK
SLTJ OK
SLOZ OK
SLIZ OK
SLZT OK
SLZJ OK
SLJI OK
SLJO OK
SLJT OK
SLZO OK
ZIOT OK
SLZI OK
ZIOS OK
ZIOJ OK
ZIOL OK
ZITO OK
ZITS OK
ZITJ OK
SLJZ OK
ZITL OK
ZIST OK
ZISO OK
ZISJ OK
ZIJO OK
ZIJT OK
ZIJL OK
ZIJS OK
ZILO OK
ZILT OK
ZILJ OK
ZOIT OK
ZISL OK
ZOIS OK
ZOIJ OK
ZOIL OK
ZOTI OK
ZOTS OK
ZOTJ OK
ZOTL OK
ZOSI OK
ZOST OK
ZOSJ OK
ZOSL OK
ZOJT OK
ZOJI OK
ZOJS OK
ZOJL OK
ZILS OK
ZOLT OK
ZOLI OK
ZOLJ OK
ZOLS OK
ZTIO OK
ZTIS OK
ZTIJ OK
ZTIL OK
ZTOI OK
ZTOS OK
ZTOJ OK
ZTOL OK
ZTSO OK
ZTSI OK
ZTJI OK
ZTJO OK
ZTSL OK
ZTSJ OK
ZTLI OK
ZTJS OK
ZTLO OK
ZTJL OK
ZTLJ OK
ZSIO OK
ZSIT OK
ZTLS OK
ZSOI OK
ZSIJ OK
ZSOT OK
ZSOJ OK
ZSOL OK
ZSTI OK
ZSTO OK
ZSTL OK
ZSTJ OK
ZSJO OK
ZSJI OK
ZSIL OK
ZSJT OK
ZSJL OK
ZSLO OK
ZSLT OK
ZSLJ OK
ZJIO OK
ZJIT OK
ZJIL OK
ZJIS OK
ZJOT OK
ZJOI OK
ZSLI OK
ZJOL OK
ZJTI OK
ZJOS OK
ZJTO OK
ZJTL OK
ZJSO OK
ZJTS OK
ZJSI OK
ZJLI OK
ZJSL OK
ZJST OK
ZJLO OK
ZJLT OK
ZLIT OK
ZLIO OK
ZJLS OK
ZLIJ OK
ZLOT OK
ZLOI OK
ZLOJ OK
ZLOS OK
ZLTO OK
ZLTI OK
ZLTJ OK
ZLTS OK
ZLSO OK
ZLST OK
ZLIS OK
ZLJI OK
ZLSJ OK
ZLJO OK
ZLJT OK
JIOT OK
ZLJS OK
JIOS OK
ZLSI OK
JIOL OK
JITO OK
JIOZ OK
JITS OK
JITZ OK
JITL OK
JIST OK
JISO OK
JISL OK
JIZT OK
JIZO OK
JIZL OK
JILO OK
JILT OK
JILS OK
JILZ OK
JOIT OK
JISZ OK
JOIS OK
JOIZ OK
JOIL OK
JOTI OK
JOTS OK
JOTZ OK
JOTL OK
JOST OK
JOSI OK
JOSL OK
JIZS OK
JOSZ OK
JOZT OK
JOZI OK
JOZL OK
JOLI OK
JOLT OK
JOZS OK
JOLS OK
JOLZ OK
JTIO OK
JTIS OK
JTIZ OK
JTIL OK
JTOI OK
JTOS OK
JTOZ OK
JTOL OK
JTSI OK
JTSO OK
JTSL OK
JTZI OK
JTZO OK
JTZL OK
JTLI OK
JTLO OK
JTLS OK
JTSZ OK
JTLZ OK
JSIT OK
JTZS OK
JSIO OK
JSIL OK
JSOT OK
JSOI OK
JSOL OK
JSOZ OK
JSTI OK
JSTO OK
JSTL OK
JSIZ OK
JSZO OK
JSTZ OK
JSZI OK
JSZT OK
JSZL OK
JSLI OK
JSLT OK
JSLO OK
JZIT OK
JZIO OK
JZIL OK
JZOI OK
JZOT OK
JSLZ OK
JZOL OK
JZOS OK
JZTI OK
JZTO OK
JZTL OK
JZTS OK
JZIS OK
JZSO OK
JZSI OK
JZSL OK
JZLI OK
JZST OK
JZLO OK
JZLT OK
JLIO OK
JLIT OK
JLIS OK
JLIZ OK
JLOI OK
JLOT OK
JZLS OK
JLOS OK
JLOZ OK
JLTI OK
JLTO OK
JLTS OK
JLTZ OK
JLSI OK
JLST OK
JLSO OK
JLZI OK
JLZT OK
JLZO OK
LIOT OK
LIOS OK
JLZS OK
LIOJ OK
LIOZ OK
LITO OK
LITS OK
LITZ OK
LITJ OK
LIST OK
LISO OK
LISJ OK
LIZO OK
JLSZ OK
LIZT OK
LIZJ OK
LIJO OK
LIJT OK
LIJS OK
LIJZ OK
LOIT OK
LOIS OK
LOIZ OK
LOIJ OK
LOTI OK
LOTS OK
LOTZ OK
LOTJ OK
LOSI OK
LOST OK
LISZ OK
LOSJ OK
LOZI OK
LOZT OK
LOZS OK
LIZS OK
LOJI OK
LOZJ OK
LOJT OK
LOJS OK
LOJZ OK
LTIO OK
LTIS OK
LTIZ OK
LTIJ OK
LTOI OK
LTOS OK
LOSZ OK
LTOZ OK
LTOJ OK
LTSI OK
LTSO OK
LTSJ OK
LTZI OK
LTZO OK
LTZJ OK
LTSZ OK
LTJI OK
LTJO OK
LTJS OK
LTZS OK
LTJZ OK
LSIT OK
LSIO OK
LSIJ OK
LSOT OK
LSOI OK
LSOJ OK
LSTI OK
LSTO OK
LSTZ OK
LSTJ OK
LSOZ OK
LSIZ OK
LSZT OK
LSZJ OK
LSJI OK
LSZO OK
LSJO OK
LSJT OK
LSZI OK
LZIO OK
LZIT OK
LZIJ OK
LZOI OK
LZOT OK
LSJZ OK
LZOJ OK
LZOS OK
LZTI OK
LZTO OK
LZTJ OK
LZTS OK
LZSO OK
LZST OK
LZSJ OK
LZJI OK
LZJO OK
LZIS OK
LZJT OK
LJIO OK
LJIT OK
LJIS OK
LZJS OK
LJIZ OK
LJOI OK
LJOT OK
LJOS OK
LJTI OK
LJOZ OK
LJTO OK
LJTS OK
LZSI OK
LJSI OK
LJTZ OK
LJST OK
LJSO OK
LJZI OK
LJZT OK
LJZO OK
LJZS OK
LJSZ OK
