IOTZ OK
IOTJ OK
IOTS OK
IOST OK
IOTL OK
IOSJ OK
IOSL OK
IOZT OK
IOZJ OK
IOZL OK
IOJT OK
IOJS OK
IOJZ OK
IOJL OK
IOLT OK
IOSZ OK
IOLS OK
IOLZ OK
IOLJ OK
ITOS OK
ITOZ OK
IOZS OK
ITOJ OK
ITOL OK
ITSO OK
ITSZ OK
ITSJ OK
ITSL OK
ITZO OK
ITZS OK
ITZJ OK
ITZL OK
ITJO OK
ITJS OK
ITJL OK
ITJZ OK
ITLO OK
ITLS OK
ITLJ OK
ITLZ OK
ISOT OK
ISOJ OK
ISOL OK
ISTO OK
ISTZ OK
ISTJ OK
ISTL OK
ISZT OK
ISZJ OK
ISOZ OK
ISJO OK
ISJT OK
ISZO OK
ISJZ OK
ISJL OK
ISLO OK
ISLT OK
ISLJ OK
IZOT OK
ISZL OK
IZOJ OK
IZOL OK
IZTO OK
IZTS OK
IZTJ OK
IZTL OK
IZSO OK
IZST OK
IZOS OK
IZSJ OK
IZJO OK
IZJT OK
ISLZ OK
IZJS OK
IZJL OK
IZLO OK
IZLT OK
IZLJ OK
IJOT OK
IJOS OK
IJOZ OK
IZSL OK
IJOL OK
IJTO OK
IJTS OK
IJTZ OK
IJTL OK
IJST OK
IJSO OK
IJSL OK
IJZO OK
IJZT OK
IZLS OK
IJZL OK
IJSZ OK
IJLO OK
IJLT OK
IJLS OK
IJLZ OK
ILOT OK
ILOS OK
ILOZ OK
ILOJ OK
ILTO OK
ILTS OK
ILTJ OK
ILTZ OK
ILST OK
ILSO OK
ILSJ OK
ILZO OK
ILZT OK
IJZS OK
ILZJ OK
ILJO OK
ILJT OK
ILJS OK
ILJZ OK
OITS OK
OITZ OK
OITJ OK
OITL OK
OIST OK
ILSZ OK
OISJ OK
OISL OK
OIZT OK
ILZS OK
OIZJ OK
OIZL OK
OIJT OK
OIJS OK
OIJZ OK
OIJL OK
OILT OK
OILS OK
OILZ OK
OIZS OK
OILJ OK
OTIS OK
OTIZ OK
OTIJ OK
OTIL OK
OTSI OK
OTSZ OK
OTSJ OK
OISZ OK
OTSL OK
OTZI OK
OTZS OK
OTZJ OK
OTJI OK
OTJS OK
OTZL OK
OTJZ OK
OTJL OK
OTLI OK
OTLZ OK
OTLJ OK
OTLS OK
OSIT OK
OSIJ OK
OSIL OK
OSTI OK
OSTZ OK
OSTJ OK
OSTL OK
OSZI OK
OSZT OK
OSZJ OK
OSZL OK
OSJI OK
OSJT OK
OSJZ OK
OSJL OK
OSLI OK
OSLT OK
OSLJ OK
OSLZ OK
OZIT OK
OZIS OK
OZIJ OK
OZTI OK
OZIL OK
OZTS OK
OZTJ OK
OZTL OK
OZSI OK
OZST OK
OZSJ OK
OZSL OK
OZJT OK
OZJI OK
OZJL OK
OZJS OK
OZLT OK
OZLI OK
OZLJ OK
OZLS OK
OJIT OK
OSIZ OK
OJIS OK
OJIZ OK
OJIL OK
OJTI OK
OJTS OK
OJTL OK
OJTZ OK
OJST OK
OJSI OK
OJSZ OK
OJSL OK
OJZT OK
OJZI OK
OJZL OK
OJZS OK
OJLI OK
OJLT OK
OJLS OK
OJLZ OK
OLIT OK
OLIJ OK
OLIS OK
OLIZ OK
OLTI OK
OLTS OK
OLTZ OK
OLTJ OK
OLST OK
OLSI OK
OLSJ OK
OLZI OK
OLZT OK
OLZJ OK
OLJI OK
OLZS OK
OLJT OK
OLJS OK
TIOS OK
OLJZ OK
TIOZ OK
OLSZ OK
TIOJ OK
TIOL OK
TISO OK
TISZ OK
TISJ OK
TISL OK
TIZO OK
TIZS OK
TIZJ OK
TIZL OK
TIJO OK
TIJZ OK
TIJS OK
TIJL OK
TILO OK
TILS OK
TILZ OK
TILJ OK
TOIS OK
TOIZ OK
TOIJ OK
TOIL OK
TOSI OK
TOSZ OK
TOSJ OK
TOSL OK
TOZI OK
TOZS OK
TOZJ OK
TOZL OK
TOJI OK
TOJS OK
TOJZ OK
TOJL OK
TOLI OK
TOLS OK
TOLZ OK
TOLJ OK
TSIO OK
TSIZ OK
TSIJ OK
TSIL OK
TSOI OK
TSOZ OK
TSOJ OK
TSOL OK
TSZO OK
TSZI OK
TSJI OK
TSJO OK
TSZL OK
TSZJ OK
TSJL OK
TSLI OK
TSLO OK
TSJZ OK
TSLJ OK
TZIO OK
TZIS OK
TZIJ OK
TZIL OK
TZOI OK
TSLZ OK
TZOS OK
TZOJ OK
TZOL OK
TZSI OK
TZSO OK
TZJI OK
TZJO OK
TZSL OK
TZSJ OK
TZLI OK
TZJL OK
TZLO OK
TZLJ OK
TZJS OK
TJIO OK
TJIS OK
TZLS OK
TJIL OK
TJIZ OK
TJOI OK
TJOS OK
TJOZ OK
TJOL OK
TJSI OK
TJSO OK
TJSL OK
TJZI OK
TJZO OK
TJZL OK
TJLI OK
TJLO OK
TJLS OK
TJLZ OK
TLIO OK
TJSZ OK
TJZS OK
TLIS OK
TLIJ OK
TLIZ OK
TLOI OK
TLOS OK
TLOZ OK
TLOJ OK
TLSO OK
TLSI OK
TLSJ OK
TLZI OK
TLZO OK
TLZJ OK
TLSZ OK
TLJI OK
TLJO OK
TLJS OK
TLZS OK
TLJZ OK
SIOT OK
SIOJ OK
SIOL OK
SITO OK
SITZ OK
SITJ OK
SITL OK
SIZT OK
SIZJ OK
SIZL OK
SIJO OK
SIJT OK
SIOZ OK
SIJZ OK
SILO OK
SIZO OK
SIJL OK
SILT OK
SILJ OK
SOIT OK
SOIJ OK
SOIL OK
SOTI OK
SOTZ OK
SOTJ OK
SOTL OK
SOZI OK
SOZT OK
SOZJ OK
SOZL OK
SOJI OK
SOJT OK
SOJZ OK
SILZ OK
SOJL OK
SOLT OK
SOLI OK
SOLJ OK
SOLZ OK
STIO OK
STIZ OK
STIJ OK
STIL OK
STOI OK
STOZ OK
STOJ OK
STOL OK
SOIZ OK
STZI OK
STZO OK
STJI OK
STJO OK
STZL OK
STZJ OK
STJL OK
STLI OK
STLO OK
STJZ OK
STLJ OK
SZIO OK
SZIT OK
STLZ OK
SZOI OK
SZOT OK
SZOJ OK
SZIJ OK
SZTI OK
SZOL OK
SZTO OK
SZTL OK
SZTJ OK
SZJI OK
SZJO OK
SZIL OK
SZJL OK
SZJT OK
SZLO OK
SZLT OK
SZLJ OK
SJIO OK
SJIT OK
SJIL OK
SJOI OK
SJOT OK
SJIZ OK
SJOZ OK
SJOL OK
SJTI OK
SJTO OK
SJTL OK
SZLI OK
SJZO OK
SJTZ OK
SJZI OK
SJLI OK
SJLO OK
SJZT OK
SJLT OK
SJZL OK
SLIO OK
SLIT OK
SLIJ OK
SLOI OK
SJLZ OK
SLOT OK
SLOJ OK
SLOZ OK
SLTI OK
SLTO OK
SLTJ OK
SLTZ OK
SLZO OK
SLZT OK
SLIZ OK
SLJI OK
SLJO OK
SLZJ OK
SLJT OK
ZIOT OK
SLZI OK
ZIOJ OK
SLJZ OK
ZIOL OK
ZITO OK
ZITS OK
ZITJ OK
ZITL OK
ZIST OK
ZIOS OK
ZISJ OK
ZIJO OK
ZIJT OK
ZIJS OK
ZIJL OK
ZISL OK
ZILT OK
ZILO OK
ZILJ OK
ZISO OK
ZOIT OK
ZOIJ OK
ZOIL OK
ZOTI OK
ZOTS OK
ZOTJ OK
ZOTL OK
ZILS OK
ZOSI OK
ZOST OK
ZOSJ OK
ZOSL OK
ZOJT OK
ZOJI OK
ZOIS OK
ZOJL OK
ZOJS OK
ZOLI OK
ZOLT OK
ZOLJ OK
ZTIO OK
ZOLS OK
ZTIS OK
ZTIJ OK
ZTIL OK
ZTOI OK
ZTOS OK
ZTOJ OK
ZTOL OK
ZTSI OK
ZTSO OK
ZTJI OK
ZTSL OK
ZTSJ OK
ZTJO OK
ZTLI OK
ZTLO OK
ZTJL OK
ZTLJ OK
ZTJS OK
ZSIO OK
ZSIT OK
ZTLS OK
ZSOI OK
ZSIJ OK
ZSOT OK
ZSOJ OK
ZSOL OK
ZSTI OK
ZSTO OK
ZSTL OK
ZSTJ OK
ZSIL OK
ZSJO OK
ZSJI OK
ZSJL OK
ZSJT OK
ZSLO OK
ZSLT OK
ZSLJ OK
ZJIO OK
ZJIT OK
ZJIL OK
ZJIS OK
ZJOI OK
ZJOT OK
ZSLI OK
ZJOS OK
ZJOL OK
ZJTI OK
ZJTO OK
ZJTL OK
ZJTS OK
ZJSO OK
ZJSI OK
ZJLI OK
ZJSL OK
ZJLO OK
ZJLT OK
ZJST OK
ZLIO OK
ZLIT OK
ZJLS OK
ZLIJ OK
ZLOI OK
ZLOT OK
ZLOS OK
ZLOJ OK
ZLTO OK
ZLTI OK
ZLTJ OK
ZLTS OK
ZLSO OK
ZLST OK
ZLIS OK
ZLSJ OK
ZLJI OK
ZLJO OK
ZLJT OK
JIOT OK
ZLJS OK
JIOS OK
JIOL OK
JIOZ OK
ZLSI OK
JITO OK
JITS OK
JITZ OK
JITL OK
JIST OK
JISO OK
JISL OK
JIZT OK
JIZO OK
JIZL OK
JILO OK
JILT OK
JILS OK
JILZ OK
JOIT OK
JISZ OK
JOIS OK
JOIZ OK
JOIL OK
JOTI OK
JOTS OK
JOTZ OK
JOTL OK
JOST OK
JOSI OK
JOSL OK
JOSZ OK
JOZI OK
JIZS OK
JOZT OK
JOZL OK
JOLI OK
JOLT OK
JOLS OK
JOZS OK
JOLZ OK
JTIO OK
JTIS OK
JTIZ OK
JTIL OK
JTOI OK
JTOS OK
JTOZ OK
JTOL OK
JTSI OK
JTSO OK
JTSL OK
JTZI OK
JTZO OK
JTZL OK
JTLI OK
JTLO OK
JTLS OK
JTSZ OK
JTLZ OK
JTZS OK
JSIO OK
JSIT OK
JSIL OK
JSOI OK
JSOT OK
JSOL OK
JSOZ OK
JSTI OK
JSTO OK
JSTL OK
JSIZ OK
JSZO OK
JSTZ OK
JSZI OK
JSZT OK
JSLI OK
JSLT OK
JSLO OK
JSZL OK
JZIT OK
JZIO OK
JZIL OK
JZOI OK
JZOT OK
JSLZ OK
JZOL OK
JZOS OK
JZTI OK
JZTO OK
JZTL OK
JZIS OK
JZTS OK
JZSO OK
JZSI OK
JZSL OK
JZLI OK
JZST OK
JZLO OK
JZLT OK
JLIO OK
JLIT OK
JLIS OK
JLIZ OK
JLOI OK
JLOT OK
JZLS OK
JLOS OK
JLOZ OK
JLTI OK
JLTO OK
JLTS OK
JLTZ OK
JLSI OK
JLST OK
JLZI OK
JLSO OK
JLZT OK
JLZO OK
LIOT OK
JLZS OK
LIOS OK
LIOZ OK
LIOJ OK
LITO OK
LITS OK
LITJ OK
LITZ OK
LIST OK
LISO OK
LISJ OK
LIZO OK
LIZT OK
JLSZ OK
LIZJ OK
LIJO OK
LIJT OK
LIJS OK
LIJZ OK
LOIT OK
LOIS OK
LOIZ OK
LOIJ OK
LOTI OK
LOTS OK
LOTZ OK
LOTJ OK
LOSI OK
LISZ OK
LOST OK
LOSJ OK
LOZI OK
LOZT OK
LOZS OK
LOZJ OK
LIZS OK
LOJI OK
LOJT OK
LOJS OK
LOJZ OK
LTIO OK
LTIS OK
LTIZ OK
LTIJ OK
LTOI OK
LTOS OK
LTOZ OK
LOSZ OK
LTOJ OK
LTSO OK
LTSI OK
LTSJ OK
LTZI OK
LTZO OK
LTSZ OK
LTZJ OK
LTJI OK
LTJS OK
LTJO OK
LTJZ OK
LTZS OK
LSIO OK
LSIT OK
LSIJ OK
LSOI OK
LSOT OK
LSOJ OK
LSTI OK
LSTO OK
LSTZ OK
LSTJ OK
LSOZ OK
LSIZ OK
LSZT OK
LSZJ OK
LSJI OK
LSJO OK
LSZO OK
LSJT OK
LZIO OK
LSZI OK
LZIT OK
LZIJ OK
LSJZ OK
LZOI OK
LZOT OK
LZOJ OK
LZOS OK
LZTI OK
LZTO OK
LZTJ OK
LZTS OK
LZSO OK
LZST OK
LZSJ OK
LZJI OK
LZJO OK
LZJT OK
LZIS OK
LJIO OK
LJIT OK
LJIS OK
LZJS OK
LJIZ OK
LJOI OK
LJOT OK
LJOS OK
LJOZ OK
LJTI OK
LZSI OK
LJTO OK
LJTS OK
LJSI OK
LJTZ OK
LJST OK
LJSO OK
LJZI OK
LJZT OK
LJZO OK
LJZS OK
LJSZ OK
