IOTJ OK
IOTS OK
IOTZ OK
IOST OK
IOTL OK
IOSZ OK
IOSL OK
IOZT OK
IOSJ OK
IOZS OK
IOZJ OK
IOZL OK
IOJT OK
IOJS OK
IOJZ OK
IOJL OK
IOLT OK
IOLS OK
IOLZ OK
IOLJ OK
ITOS OK
ITOZ OK
ITOJ OK
ITOL OK
ITSJ OK
ITSL OK
ITSO OK
ITZO OK
ITZJ OK
ITZL OK
ITJO OK
ITJS OK
ITJZ OK
ITJL OK
ITLO OK
ITSZ OK
ITLS OK
ITLZ OK
ITLJ OK
ISOT OK
ISOJ OK
ITZS OK
ISTO OK
ISOL OK
ISTJ OK
ISTL OK
ISTZ OK
ISZT OK
ISZJ OK
ISZL OK
ISJO OK
ISJT OK
ISOZ CAP
ISJZ OK
ISJL OK
ISLO OK
ISLT OK
ISZO CAP
IZOT OK
ISLJ OK
IZOS OK
IZOJ OK
IZOL OK
IZTO OK
IZTJ OK
IZTL OK
IZSO OK
IZTS OK
ISLZ OK
IZSJ OK
IZJO OK
IZJT OK
IZST OK
IZJS OK
IZJL OK
IZLO OK
IZLT OK
IZLJ OK
IJOT OK
IJOS OK
IZSL OK
IJOZ OK
IJOL OK
IJTO OK
IJTS OK
IJTL OK
IJTZ OK
IJSO OK
IJST OK
IJSL OK
IJZO OK
IJZT OK
IZLS OK
IJSZ OK
IJZL OK
IJLO OK
IJLT OK
IJLS OK
IJLZ OK
ILOT OK
ILOS OK
ILOZ OK
ILOJ OK
ILTO OK
ILTS OK
ILTJ OK
ILTZ OK
ILSO OK
ILST OK
ILSJ OK
IJZS OK
ILZO OK
ILZT OK
ILZJ OK
ILJO OK
ILJT OK
ILJS OK
ILJZ OK
OITS OK
OITZ OK
OITJ OK
OITL OK
OIST OK
OISZ OK
OISJ OK
ILSZ OK
OIZT OK
OISL OK
OIZS OK
OIZJ OK
OIJT OK
OIZL OK
OIJS OK
OIJZ OK
ILZS OK
OILT OK
OIJL OK
OILS OK
OILJ OK
OILZ OK
OTIS OK
OTIZ OK
OTIJ OK
OTIL OK
OTSI OK
OTSJ OK
OTSZ OK
OTSL OK
OTZI OK
OTZJ OK
OTZL OK
OTJI OK
OTJS OK
OTJZ OK
OTJL OK
OTLI OK
OTLS OK
OTLZ OK
OTLJ OK
OSIT OK
OSIZ OK
OSIJ OK
OSIL OK
OSTI OK
OTZS OK
OSTZ OK
OSTJ OK
OSTL OK
OSZT OK
OSZJ OK
OSZL OK
OSJI OK
OSJT OK
OSJZ OK
OSJL OK
OSLI OK
OSLT OK
OSLJ OK
OSLZ OK
OZIT OK
OZIS OK
OZIJ OK
OZTI OK
OZIL OK
OZTS OK
OZTJ OK
OSZI OK
OZTL OK
OZSI OK
OZST OK
OZSJ OK
OZSL OK
OZJI OK
OZJT OK
OZJL OK
OZJS OK
OZLI OK
OZLT OK
OZLJ OK
OJIT OK
OZLS OK
OJIL OK
OJIS OK
OJIZ OK
OJTI OK
OJTS OK
OJTZ OK
OJTL OK
OJSI OK
OJST OK
OJSZ OK
OJSL OK
OJZI OK
OJZL OK
OJZT OK
OJLI OK
OJLT OK
OJZS OK
OJLZ OK
OLIT OK
OJLS OK
OLIJ OK
OLIS OK
OLIZ OK
OLTI OK
OLTZ OK
OLTS OK
OLTJ OK
OLSI OK
OLST OK
OLSJ OK
OLZI OK
OLZT OK
OLZJ OK
OLZS OK
OLJI OK
OLJT OK
OLJS OK
OLJZ OK
OLSZ OK
TIOS OK
TIOZ OK
TIOJ OK
TIOL OK
TISO OK
TISL OK
TISJ OK
TIZO OK
TIZJ OK
TIZL OK
TIJO OK
TIJS OK
TIJZ OK
TIJL OK
TILO OK
TILS OK
TILZ OK
TILJ OK
TOIS OK
TOIZ OK
TOIJ OK
TOIL OK
TOSI OK
TOSZ OK
TIZS OK
TOSJ OK
TOSL OK
TOZI OK
TOZJ OK
TOZL OK
TOJI OK
TISZ OK
TOJS OK
TOJZ OK
TOJL OK
TOLI OK
TOLS OK
TOLZ OK
TOLJ OK
TSIO OK
TSIJ OK
TOZS OK
TSIL OK
TSOI OK
TSOZ OK
TSOJ OK
TSOL OK
TSZO OK
TSZJ OK
TSZL OK
TSIZ OK
TSJO OK
TSJI OK
TSJL OK
TSLI OK
TSLO OK
TSZI OK
TSLZ OK
TSLJ OK
TZIO OK
TZIJ OK
TSJZ OK
TZIL OK
TZOI OK
TZOJ OK
TZOL OK
TZIS OK
TZSI OK
TZOS OK
TZSL OK
TZJI OK
TZSJ OK
TZJO OK
TZJL OK
TZLI OK
TZLO OK
TZJS OK
TZSO OK
TZLJ OK
TJIO OK
TJIS OK
TZLS OK
TJIZ OK
TJIL OK
TJOI OK
TJOS OK
TJOZ OK
TJOL OK
TJSI OK
TJSO OK
TJSL OK
TJZO OK
TJZI OK
TJZL OK
TJLI OK
TJLO OK
TJLS OK
TJLZ OK
TLIO OK
TJSZ OK
TJZS OK
TLIS OK
TLIZ OK
TLIJ OK
TLOI OK
TLOS OK
TLOZ OK
TLOJ OK
TLSI OK
TLSO OK
TLSZ OK
TLSJ OK
TLZI OK
TLZO OK
TLZJ OK
TLJI OK
TLJO OK
TLJS OK
TLJZ OK
SIOT OK
SIOZ OK
TLZS OK
SIOJ OK
SIOL OK
SITO OK
SITL OK
SITJ OK
SITZ OK
SIZT OK
SIZJ OK
SIJO OK
SIJT OK
SIZO OK
SIJZ OK
SIJL OK
SILO OK
SILT OK
SILJ OK
SOIT OK
SOIZ OK
SOIJ OK
SOIL OK
SIZL OK
SOTI OK
SOTZ OK
SOTJ OK
SOTL OK
SOZT OK
SOZJ OK
SOZL OK
SOJI OK
SILZ OK
SOJT OK
SOJZ OK
SOJL OK
SOLI OK
SOLT OK
SOLJ OK
SOLZ OK
STIO OK
SOZI OK
STIJ OK
STIL OK
STOI OK
STOZ OK
STOJ OK
STOL OK
STZO OK
STZJ OK
STIZ OK
STJI OK
STJO OK
STZL OK
STZI OK
STLI OK
STJL OK
STLO OK
STJZ OK
STLJ OK
STLZ OK
SZIJ OK
SZIO OK
SZIT OK
SZOT OK
SZOJ OK
SZOL OK
SZIL OK
SZTO OK
SZOI OK
SZTL OK
SZTI OK
SZJO OK
SZTJ OK
SZJI OK
SZJL OK
SZJT OK
SZLO OK
SZLJ OK
SZLT OK
SJIO OK
SJIT OK
SJIL OK
SJOI OK
SJOT OK
SZLI OK
SJOZ OK
SJIZ OK
SJOL OK
SJTO OK
SJTI OK
SJTL OK
SJZO OK
SJTZ OK
SJZI OK
SJLI OK
SJLO OK
SJZT OK
SJZL OK
SJLT OK
SLIO OK
SLIT OK
SLIJ OK
SLOI OK
SJLZ OK
SLOT OK
SLOZ OK
SLOJ OK
SLTI OK
SLTO OK
SLTJ OK
SLTZ OK
SLZO OK
SLZT OK
SLIZ OK
SLJI OK
SLJO OK
SLZJ OK
SLJT OK
ZIOT OK
ZIOS OK
ZIOJ OK
ZIOL OK
SLJZ OK
SLZI OK
ZITO OK
ZITJ OK
ZITL OK
ZISO OK
ZISJ OK
ZITS OK
ZIJO OK
ZIJT OK
ZIST OK
ZIJS OK
ZIJL OK
ZILO OK
ZILT OK
ZILJ OK
ZOIT OK
ZOIS OK
ZISL OK
ZOIJ OK
ZOIL OK
ZOTI OK
ZOTS OK
ZOTJ OK
ZOTL OK
ZOSI OK
ZOST OK
ZOSJ OK
ZOSL OK
ZOJT OK
ZOJI OK
ZOJL OK
ZOJS OK
ZOLT OK
ZOLI OK
ZOLJ OK
ZOLS OK
ZILS OK
ZTIO OK
ZTIL OK
ZTIJ OK
ZTOI OK
ZTOS OK
ZTOJ OK
ZTOL OK
ZTIS OK
ZTSI OK
ZTSJ OK
ZTSO OK
ZTJO OK
ZTJI OK
ZTSL OK
ZTLI OK
ZTLO OK
ZTJS OK
ZTJL OK
ZTLJ OK
ZTLS OK
ZSIO OK
ZSIJ OK
ZSOI OK
ZSOT OK
ZSOJ OK
ZSIT OK
ZSOL OK
ZSIL OK
ZSTJ OK
ZSTL OK
ZSTI OK
ZSTO OK
ZSJO OK
ZSJI OK
ZSJL OK
ZSJT OK
ZSLO OK
ZSLT OK
ZSLJ OK
ZJIO OK
ZJIT OK
ZJIL OK
ZJOI OK
ZJIS OK
ZJOT OK
ZJOL OK
ZSLI OK
ZJOS OK
ZJTO OK
ZJTI OK
ZJTS OK
ZJTL OK
ZJSO OK
ZJSI OK
ZJLI OK
ZJSL OK
ZJLO OK
ZJST OK
ZLIO OK
ZJLT OK
ZJLS OK
ZLIT OK
ZLOI OK
ZLIJ OK
ZLOT OK
ZLOS OK
ZLOJ OK
ZLTI OK
ZLTO OK
ZLTJ OK
ZLTS OK
ZLSO OK
ZLST OK
ZLSJ OK
ZLJI OK
ZLJO OK
ZLIS OK
ZLJT OK
JIOT OK
ZLJS OK
JIOS OK
ZLSI OK
JIOL OK
JIOZ OK
JITO OK
JITL OK
JITS OK
JITZ OK
JISO OK
JIST OK
JISL OK
JIZO OK
JIZT OK
JIZL OK
JILO OK
JILT OK
JILS OK
JILZ OK
JISZ OK
JOIT OK
JOIS OK
JOIZ OK
JOIL OK
JOTI OK
JOTS OK
JOTZ OK
JOTL OK
JOSI OK
JOST OK
JOSL OK
JOSZ OK
JOZI OK
JIZS OK
JOZT OK
JOZL OK
JOLI OK
JOZS OK
JOLT OK
JOLS OK
JOLZ OK
JTIO OK
JTIL OK
JTOI OK
JTIS OK
JTIZ OK
JTOS OK
JTOZ OK
JTOL OK
JTSO OK
JTSI OK
JTSL OK
JTZO OK
JTZI OK
JTZL OK
JTLI OK
JTLO OK
JTLS OK
JTLZ OK
JTSZ OK
JTZS OK
JSIO OK
JSIT OK
JSIL OK
JSOI OK
JSOT OK
JSOL OK
JSOZ OK
JSIZ OK
JSTO OK
JSTI OK
JSTL OK
JSZO OK
JSTZ OK
JSZI OK
JSLI OK
JSZT OK
JSLO OK
JSLT OK
JSZL OK
JZIO OK
JZIT OK
JZIL OK
JZOI OK
JZOT OK
JSLZ OK
JZOL OK
JZOS OK
JZTI OK
JZTO OK
JZIS OK
JZTL OK
JZSO OK
JZTS OK
JZSL OK
JZSI OK
JZST OK
JZLI OK
JZLO OK
JZLT OK
JLIO OK
JLIT OK
JLIS OK
JLIZ OK
JLOI OK
JLOT OK
JZLS OK
JLOS OK
JLOZ OK
JLTI OK
JLTO OK
JLTS OK
JLTZ OK
JLSI OK
JLSO OK
JLST OK
JLZI OK
JLZO OK
JLZT OK
LIOT OK
JLZS OK
LIOS OK
LIOJ OK
LIOZ OK
LITO OK
LITS OK
LITZ OK
LITJ OK
LISO OK
LIST OK
LISJ OK
LIZO OK
LIZT OK
JLSZ OK
LIZJ OK
LIJO OK
LIJT OK
LIJS OK
LIJZ OK
LOIT OK
LOIS OK
LOIZ OK
LOIJ OK
LOTI OK
LOTS OK
LISZ OK
LOTZ OK
LOTJ OK
LOSI OK
LOST OK
LOSJ OK
LOZI OK
LOZT OK
LIZS OK
LOZS OK
LOZJ OK
LOJI OK
LOJT OK
LOJS OK
LOJZ OK
LTIO OK
LTIS OK
LTIZ OK
LTIJ OK
LTOI OK
LTOS OK
LTOZ OK
LTOJ OK
LTSI OK
LTSO OK
LOSZ OK
LTSZ OK
LTSJ OK
LTZI OK
LTZO OK
LTZJ OK
LTJI OK
LTJO OK
LTJS OK
LTJZ OK
LSIO OK
LTZS OK
LSIT OK
LSIJ OK
LSOI OK
LSOT OK
LSOJ OK
LSTI OK
LSTO OK
LSTZ OK
LSTJ OK
LSOZ OK
LSIZ OK
LSZT OK
LSZJ OK
LSZO OK
LSJI OK
LSJT OK
LSJO OK
LZIO OK
LSZI OK
LZIT OK
LZIJ OK
LSJZ OK
LZOI OK
LZOT OK
LZOS OK
LZOJ OK
LZTI OK
LZTO OK
LZTJ OK
LZTS OK
LZSO OK
LZST OK
LZSJ OK
LZIS OK
LZJI OK
LZJO OK
LZJT OK
LJIO OK
LJIT OK
LJIS OK
LZJS OK
LJIZ OK
LJOI OK
LJOT OK
LJOS OK
LJOZ OK
LJTI OK
LJTO OK
LZSI OK
LJTZ OK
LJTS OK
LJSI OK
LJST OK
LJSO OK
LJZI OK
LJZO OK
LJZT OK
LJZS OK
LJSZ OK
