IOTS OK
IOTJ OK
IOTZ OK
IOTL OK
IOST OK
IOSJ OK
IOSL OK
IOZT OK
IOZJ OK
IOZL OK
IOJT OK
IOJS OK
IOJZ OK
IOJL OK
IOLT OK
IOSZ OK
IOLS OK
IOLJ OK
IOLZ OK
ITOS OK
ITOZ OK
IOZS OK
ITOJ OK
ITOL OK
ITSO OK
ITSJ OK
ITSL OK
ITZO OK
ITZJ OK
ITZL OK
ITJO OK
ITJS OK
ITJZ OK
ITJL OK
ITLO OK
ITLS OK
ITLZ OK
ITSZ OK
ITLJ OK
ISOT OK
ITZS OK
ISOJ OK
ISOL OK
ISTO OK
ISTJ OK
ISTL OK
ISOZ OK
ISTZ OK
ISZJ OK
ISZO OK
ISJO OK
ISJT OK
ISZT OK
ISJZ OK
ISLO OK
ISJL OK
ISLT OK
ISLJ OK
IZOT OK
ISZL OK
IZOJ OK
IZOL OK
IZTO OK
IZTS OK
IZTJ OK
IZTL OK
ISLZ OK
IZSO OK
IZSJ OK
IZST OK
IZJO OK
IZJT OK
IZJS OK
IZJL OK
IZLO OK
IZSL OK
IZOS CAP
IZLT OK
IJOT OK
IZLJ OK
IJOS OK
IJOZ OK
IJOL OK
IJTO OK
IJTS OK
IJTZ OK
IJTL OK
IJSO OK
IJST OK
IJSL OK
IJZO OK
IJZT OK
IJSZ OK
IJZL OK
IZLS OK
IJLO OK
IJLT OK
IJLS OK
IJLZ OK
ILOT OK
ILOS OK
ILOZ OK
ILOJ OK
ILTO OK
ILTS OK
ILTZ OK
ILTJ OK
ILSO OK
ILST OK
ILSJ OK
ILZO OK
IJZS OK
ILZT OK
ILZJ OK
ILJO OK
ILJT OK
ILJS OK
ILJZ OK
OITS OK
OITZ OK
OITJ OK
OITL OK
OIST OK
ILSZ OK
OISJ OK
OISL OK
OIZT OK
ILZS OK
OIZJ OK
OIZL OK
OIJT OK
OIJS OK
OIJZ OK
OIJL OK
OILT OK
OILS OK
OIZS OK
OILZ OK
OILJ OK
OTIS OK
OTIZ OK
OTIJ OK
OTIL OK
OTSI OK
OTSJ OK
OTSZ OK
OTSL OK
OTZI OK
OISZ OK
OTZJ OK
OTZL OK
OTZS OK
OTJI OK
OTJS OK
OTJZ OK
OTJL OK
OTLI OK
OTLS OK
OTLZ OK
OTLJ OK
OSIT OK
OSIJ OK
OSIL OK
OSTI OK
OSTJ OK
OSTZ OK
OSTL OK
OSZI OK
OSZT OK
OSZJ OK
OSJI OK
OSZL OK
OSJT OK
OSJZ OK
OSJL OK
OSLI OK
OSLT OK
OSLJ OK
OSLZ OK
OZIT OK
OZIS OK
OZIJ OK
OZIL OK
OZTI OK
OZTS OK
OZTJ OK
OZTL OK
OZSI OK
OZST OK
OZSJ OK
OZSL OK
OZJT OK
OZJI OK
OZJL OK
OZJS OK
OZLT OK
OZLI OK
OZLJ OK
OZLS OK
OJIT OK
OSIZ OK
OJIS OK
OJIL OK
OJIZ OK
OJTI OK
OJTS OK
OJTL OK
OJTZ OK
OJSI OK
OJST OK
OJSZ OK
OJSL OK
OJZI OK
OJZT OK
OJZL OK
OJLI OK
OJLT OK
OJZS OK
OJLS OK
OJLZ OK
OLIT OK
OLIJ OK
OLIS OK
OLIZ OK
OLTI OK
OLTS OK
OLTZ OK
OLTJ OK
OLST OK
OLSI OK
OLSJ OK
OLZI OK
OLZT OK
OLZJ OK
OLZS OK
OLJI OK
OLJT OK
OLJS OK
OLJZ OK
TIOS OK
OLSZ OK
TIOZ OK
TIOJ OK
TIOL OK
TISO OK
TISJ OK
TISL OK
TIZO OK
TIZJ OK
TIZL OK
TIJO OK
TIJS OK
TIJZ OK
TIJL OK
TILO OK
TILS OK
TILZ OK
TILJ OK
TOIS OK
TOIZ OK
TOIJ OK
TIZS OK
TOIL OK
TOSI OK
TOSZ OK
TOSJ OK
TOSL OK
TOZI OK
TOZJ OK
TOZS OK
TISZ OK
TOZL OK
TOJI OK
TOJS OK
TOJZ OK
TOJL OK
TOLI OK
TOLS OK
TOLZ OK
TOLJ OK
TSIO OK
TSIJ OK
TSIL OK
TSOI OK
TSOZ OK
TSOJ OK
TSOL OK
TSZO OK
TSZJ OK
TSIZ OK
TSJI OK
TSZL OK
TSJO OK
TSJL OK
TSZI OK
TSLI OK
TSLO OK
TSLJ OK
TZIO OK
TSLZ OK
TSJZ OK
TZIL OK
TZOI OK
TZIJ OK
TZOJ OK
TZOS OK
TZOL OK
TZSO OK
TZSJ OK
TZIS OK
TZSL OK
TZJI OK
TZJO OK
TZSI OK
TZLI OK
TZJL OK
TZLO OK
TZLJ OK
TZJS OK
TJIO OK
TZLS OK
TJIL OK
TJIS OK
TJIZ OK
TJOI OK
TJOS OK
TJOZ OK
TJOL OK
TJSI OK
TJSO OK
TJSL OK
TJZO OK
TJZI OK
TJZL OK
TJLI OK
TJLO OK
TJSZ OK
TJZS OK
TLIO OK
TLIS OK
TLIZ OK
TJLS OK
TLIJ OK
TLOI OK
TJLZ OK
TLOS OK
TLOZ OK
TLOJ OK
TLSI OK
TLSO OK
TLSJ OK
TLZI OK
TLZO OK
TLZJ OK
TLJI OK
TLSZ OK
TLJO OK
TLJS OK
TLJZ OK
TLZS OK
SIOT OK
SIOJ OK
SIOL OK
SITO OK
SITJ OK
SITL OK
SITZ OK
SIOZ OK
SIZJ OK
SIZO OK
SIJO OK
SIZT OK
SIJT OK
SIJZ OK
SIJL OK
SILO OK
SILT OK
SILJ OK
SOIT OK
SIZL OK
SOIJ OK
SOIL OK
SOTI OK
SOTZ OK
SOTJ OK
SOTL OK
SOZI OK
SOZT OK
SILZ OK
SOZJ OK
SOZL OK
SOJI OK
SOJT OK
SOJZ OK
SOJL OK
SOLI OK
SOIZ OK
SOLT OK
SOLJ OK
SOLZ OK
STIO OK
STIL OK
STIJ OK
STOI OK
STOJ OK
STOZ OK
STOL OK
STZO OK
STIZ OK
STZJ OK
STJI OK
STZL OK
STJO OK
STZI OK
STJL OK
STLI OK
STLO OK
STLJ OK
STJZ OK
SZIO OK
STLZ OK
SZIJ OK
SZOI OK
SZOT OK
SZOJ OK
SZOL OK
SZIT OK
SZTO OK
SZIL OK
SZTL OK
SZTI OK
SZTJ OK
SZJO OK
SZJI OK
SZJL OK
SZJT OK
SZLO OK
SZLT OK
SZLJ OK
SJIO OK
SJIT OK
SJIL OK
SJOI OK
SJOT OK
SJIZ OK
SJOZ OK
SJOL OK
SJTO OK
SZLI OK
SJTI OK
SJTL OK
SJZO OK
SJTZ OK
SJZI OK
SJLI OK
SJLO OK
SJZT OK
SJLT OK
SJZL OK
SLIO OK
SLIT OK
SLIJ OK
SJLZ OK
SLOI OK
SLOT OK
SLOJ OK
SLOZ OK
SLTO OK
SLTI OK
SLTJ OK
SLTZ OK
SLZO OK
SLZT OK
SLIZ OK
SLJI OK
SLZJ OK
SLJO OK
SLJT OK
ZIOT OK
SLJZ OK
SLZI OK
ZIOJ OK
ZIOL OK
ZITO OK
ZITJ OK
ZITL OK
ZIOS OK
ZITS OK
ZISJ OK
ZIST OK
ZIJO OK
ZIJT OK
ZIJS OK
ZISL OK
ZIJL OK
ZILO OK
ZILT OK
ZILJ OK
ZOIT OK
ZISO OK
ZOIJ OK
ZOIL OK
ZOTI OK
ZOTS OK
ZOTJ OK
ZOTL OK
ZILS OK
ZOSI OK
ZOST OK
ZOSJ OK
ZOSL OK
ZOJT OK
ZOIS OK
ZOJI OK
ZOJL OK
ZOJS OK
ZOLI OK
ZOLT OK
ZOLS OK
ZOLJ OK
ZTIO OK
ZTIJ OK
ZTIL OK
ZTOI OK
ZTOS OK
ZTOJ OK
ZTOL OK
ZTSO OK
ZTSJ OK
ZTIS OK
ZTSL OK
ZTJO OK
ZTJI OK
ZTSI OK
ZTJL OK
ZTLI OK
ZTJS OK
ZTLO OK
ZTLJ OK
ZSIO OK
ZTLS OK
ZSIJ OK
ZSOI OK
ZSOT OK
ZSOJ OK
ZSOL OK
ZSIT OK
ZSTO OK
ZSIL OK
ZSTL OK
ZSTJ OK
ZSJO OK
ZSTI OK
ZSJI OK
ZSJT OK
ZSJL OK
ZSLO OK
ZSLT OK
ZSLJ OK
ZJIO OK
ZJIT OK
ZJIL OK
ZJOI OK
ZJIS OK
ZJOT OK
ZJOS OK
ZSLI OK
ZJOL OK
ZJTO OK
ZJTI OK
ZJTL OK
ZJTS OK
ZJSI OK
ZJSO OK
ZJLI OK
ZJLO OK
ZJST OK
ZJSL OK
ZLIO OK
ZJLT OK
ZJLS OK
ZLIT OK
ZLIJ OK
ZLOI OK
ZLOT OK
ZLOS OK
ZLOJ OK
ZLTO OK
ZLTI OK
ZLTJ OK
ZLTS OK
ZLSO OK
ZLST OK
ZLIS OK
ZLJI OK
ZLSJ OK
ZLJO OK
ZLJT OK
JIOT OK
ZLJS OK
JIOS OK
ZLSI OK
JIOL OK
JIOZ OK
JITO OK
JITL OK
JITS OK
JITZ OK
JISO OK
JIST OK
JISL OK
JIZO OK
JIZT OK
JIZL OK
JILO OK
JILT OK
JILS OK
JISZ OK
JILZ OK
JOIT OK
JOIS OK
JOIZ OK
JOIL OK
JOTI OK
JOTS OK
JOTZ OK
JOTL OK
JOST OK
JOSI OK
JOSL OK
JOSZ OK
JOZI OK
JIZS OK
JOZL OK
JOZT OK
JOLI OK
JOZS OK
JOLT OK
JOLS OK
JTIO OK
JOLZ OK
JTIL OK
JTOI OK
JTIS OK
JTIZ OK
JTOS OK
JTOZ OK
JTOL OK
JTSO OK
JTSI OK
JTZI OK
JTZO OK
JTSL OK
JTZL OK
JTSZ OK
JTLI OK
JTLO OK
JTLS OK
JTZS OK
JTLZ OK
JSIO OK
JSIT OK
JSIL OK
JSOT OK
JSOI OK
JSOL OK
JSOZ OK
JSTI OK
JSIZ OK
JSTO OK
JSTL OK
JSZO OK
JSTZ OK
JSZI OK
JSLI OK
JSLO OK
JSZT OK
JSLT OK
JSZL OK
JZIO OK
JZIT OK
JZIL OK
JZOI OK
JSLZ OK
JZOT OK
JZOL OK
JZOS OK
JZIS OK
JZTI OK
JZTO OK
JZTL OK
JZTS OK
JZSO OK
JZSI OK
JZLI OK
JZSL OK
JZST OK
JZLO OK
JLIO OK
JZLT OK
JLIT OK
JLIS OK
JLIZ OK
JLOI OK
JZLS OK
JLOT OK
JLOS OK
JLOZ OK
JLTI OK
JLTO OK
JLTZ OK
JLTS OK
JLSI OK
JLSO OK
JLST OK
JLZI OK
JLZO OK
JLZT OK
LIOT OK
JLZS OK
LIOS OK
LIOJ OK
LIOZ OK
LITO OK
LITS OK
LITJ OK
LITZ OK
LISO OK
LIST OK
LISJ OK
LIZO OK
LIZT OK
JLSZ OK
LIZJ OK
LIJO OK
LIJT OK
LIJS OK
LIJZ OK
LOIT OK
LOIS OK
LOIZ OK
LOIJ OK
LOTI OK
LOTS OK
LISZ OK
LOTZ OK
LOTJ OK
LOSI OK
LOST OK
LOSJ OK
LOZI OK
LOZT OK
LIZS OK
LOZS OK
LOZJ OK
LOJI OK
LOJT OK
LOJS OK
LOJZ OK
LTIO OK
LTIS OK
LTIZ OK
LTIJ OK
LTOI OK
LTOS OK
LTOZ OK
LTOJ OK
LTSI OK
LTSO OK
LOSZ OK
LTSJ OK
LTZI OK
LTZO OK
LTZJ OK
LTJI OK
LTSZ OK
LTJO OK
LTJS OK
LTZS OK
LTJZ OK
LSIO OK
LSIT OK
LSIJ OK
LSOI OK
LSOT OK
LSOJ OK
LSTI OK
LSTO OK
LSTZ OK
LSTJ OK
LSOZ OK
LSIZ OK
LSZT OK
LSZJ OK
LSZO OK
LSJI OK
LSJO OK
LSJT OK
LZIO OK
LZIT OK
LSZI OK
LZIJ OK
LZOI OK
LSJZ OK
LZOT OK
LZOJ OK
LZOS OK
LZTI OK
LZTO OK
LZTJ OK
LZTS OK
LZSO OK
LZST OK
LZSJ OK
LZJI OK
LZIS OK
LZJO OK
LZJT OK
LJIO OK
LJIT OK
LJIS OK
LZJS OK
LJIZ OK
LJOI OK
LJOT OK
LJOS OK
LJOZ OK
LJTI OK
LZSI OK
LJTO OK
LJTS OK
LJTZ OK
LJSI OK
LJSO OK
LJST OK
LJZI OK
LJZO OK
LJZT OK
LJZS OK
LJSZ OK
