IOTJ OK
IOTS OK
IOTZ OK
IOST OK
IOTL OK
IOSZ OK
IOSJ OK
IOZT OK
IOSL OK
IOZS OK
IOZJ OK
IOZL OK
IOJT OK
IOJS OK
IOJZ OK
IOJL OK
IOLT OK
IOLS OK
IOLZ OK
IOLJ OK
ITOS OK
ITOZ OK
ITOJ OK
ITOL OK
ITSO OK
ITSJ OK
ITSL OK
ITZO OK
ITZJ OK
ITZL OK
ITJO OK
ITJS OK
ITJZ OK
ITJL OK
ITLO OK
ITLS OK
ITLZ OK
ITLJ OK
ITZS OK
ISOT OK
ISOJ OK
ISOL OK
ISTO OK
ISOZ OK
ISTJ OK
ISTL OK
ISTZ OK
ITSZ OK
ISZJ OK
ISZO OK
ISZT OK
ISJO OK
ISJT OK
ISJZ OK
ISLO OK
ISJL OK
ISLT OK
ISZL OK
ISLJ OK
IZOT OK
IZOS OK
IZOJ OK
IZOL OK
IZTO OK
IZTJ OK
IZTL OK
IZSO OK
ISLZ OK
IZTS OK
IZSJ OK
IZJO OK
IZJT OK
IZJS OK
IZST OK
IZLO OK
IZLT OK
IZJL OK
IZLJ OK
IZSL OK
IJOT OK
IJOS OK
IJOZ OK
IJOL OK
IJTO OK
IJTS OK
IJTZ OK
IJTL OK
IJSO OK
IJST OK
IJSL OK
IJZO OK
IJZT OK
IJSZ OK
IJZL OK
IJLO OK
IJLT OK
IJLS OK
IJLZ OK
ILOT OK
ILOS OK
ILOZ OK
IJZS OK
ILOJ OK
ILTO OK
ILTS OK
ILTZ OK
ILTJ OK
ILSO OK
ILST OK
ILSJ OK
ILZO OK
ILZT OK
IZLS OK
ILZJ OK
ILJO OK
ILSZ OK
ILJT OK
ILJS OK
ILJZ OK
OITS OK
OITZ OK
OITJ OK
OITL OK
OIST OK
OISJ OK
OISZ OK
OIZT OK
OISL OK
OIZS OK
OIZJ OK
OIJT OK
OIZL OK
OIJS OK
OIJZ OK
OILT OK
OIJL OK
OILS OK
OILZ OK
OILJ OK
OTIS OK
OTIZ OK
OTIJ OK
OTSI OK
OTIL OK
OTSZ OK
OTSJ OK
OTSL OK
OTZI OK
OTZJ OK
OTZS OK
OTZL OK
OTJI OK
OTJS OK
OTJZ OK
OTJL OK
OTLI OK
OTLS OK
OTLZ OK
OTLJ OK
OSIT OK
OSIZ OK
OSIJ OK
OSTI OK
OSIL OK
OSTZ OK
OSTJ OK
OSTL OK
OSZI OK
OSZT OK
OSZJ OK
OSZL OK
OSJI OK
OSJT OK
OSJZ OK
OSJL OK
OSLT OK
OSLI OK
OSLJ OK
OZIT OK
OZIS OK
OZIJ OK
OSLZ OK
OZIL OK
OZTI OK
OZTJ OK
OZTS OK
OZTL OK
OZSI OK
OZST OK
OZSJ OK
OZSL OK
OZJI OK
OZJT OK
OZJS OK
OZJL OK
OZLI OK
OZLT OK
OZLS OK
OZLJ OK
OJIT OK
OJIS OK
OJIZ OK
OJIL OK
OJTI OK
OJTS OK
OJTZ OK
OJTL OK
OJSI OK
OJST OK
OJSL OK
OJSZ OK
OJZI OK
OJZT OK
ILZS CAP
OJZS OK
OJZL OK
OJLI OK
OJLT OK
OJLS OK
OJLZ OK
OLIT OK
OLIS OK
OLIZ OK
OLIJ OK
OLTI OK
OLTS OK
OLTZ OK
OLTJ OK
OLSI OK
OLST OK
OLSJ OK
OLZI OK
OLZT OK
OLZS OK
OLZJ OK
OLJI OK
OLJT OK
OLJS OK
OLJZ OK
TIOS OK
TIOZ OK
TIOJ OK
TIOL OK
TISO OK
OLSZ OK
TISJ OK
TIZO OK
TISL OK
TIZJ OK
TIZL OK
TIJO OK
TIJS OK
TIJZ OK
TIJL OK
TILO OK
TILS OK
TILZ OK
TILJ OK
TOIS OK
TOIZ OK
TIZS OK
TOIJ OK
TOIL OK
TOSI OK
TOSZ OK
TOSJ OK
TISZ OK
TOSL OK
TOZI OK
TOZJ OK
TOZS OK
TOZL OK
TOJI OK
TOJS OK
TOJZ OK
TOJL OK
TOLI OK
TOLS OK
TOLZ OK
TOLJ OK
TSIO OK
TSIJ OK
TSIL OK
TSOI OK
TSOZ OK
TSOJ OK
TSOL OK
TSZO OK
TSZJ OK
TSZL OK
TSIZ OK
TSJO OK
TSJI OK
TSZI OK
TSLI OK
TSJL OK
TSLO OK
TSLJ OK
TSLZ OK
TZIO OK
TSJZ OK
TZIJ OK
TZIL OK
TZOI OK
TZOJ OK
TZOS OK
TZOL OK
TZSO OK
TZSJ OK
TZSL OK
TZIS OK
TZJO OK
TZJI OK
TZSI OK
TZLI OK
TZJL OK
TZLO OK
TZLJ OK
TZJS OK
TJIO OK
TJIS OK
TZLS OK
TJIZ OK
TJIL OK
TJOI OK
TJOZ OK
TJOS OK
TJOL OK
TJSO OK
TJSI OK
TJSL OK
TJZO OK
TJZI OK
TJZL OK
TJLI OK
TJLO OK
TJLS OK
TJLZ OK
TLIO OK
TJZS OK
TJSZ OK
TLIJ OK
TLIZ OK
TLIS OK
TLOI OK
TLOS OK
TLOZ OK
TLOJ OK
TLSO OK
TLSI OK
TLSJ OK
TLSZ OK
TLZO OK
TLZI OK
TLZJ OK
TLJI OK
TLJO OK
TLJS OK
TLJZ OK
SIOT OK
TLZS OK
SIOZ OK
SIOJ OK
SITO OK
SIOL OK
SITJ OK
SITL OK
SITZ OK
SIZT OK
SIZJ OK
SIJO OK
SIJT OK
SIJZ OK
SIZO OK
SILO OK
SIJL OK
SILT OK
SIZL OK
SOIT OK
SILJ OK
SOIZ OK
SOIJ OK
SOTI OK
SOIL OK
SOTZ OK
SOTJ OK
SOTL OK
SOZI OK
SOZT OK
SOZJ OK
SOZL OK
SOJI OK
SOJT OK
SOJZ OK
SOJL OK
SOLT OK
SOLI OK
SOLJ OK
STIO OK
SILZ OK
SOLZ OK
STIJ OK
STOI OK
STIL OK
STOZ OK
STOJ OK
STOL OK
STZO OK
STZJ OK
STIZ OK
STJI OK
STZL OK
STJO OK
STZI OK
STJL OK
STLO OK
STJZ OK
STLI OK
STLJ OK
SZIO OK
STLZ OK
SZIJ OK
SZOI OK
SZOT OK
SZOJ OK
SZOL OK
SZIT OK
SZIL OK
SZTO OK
SZTL OK
SZJI OK
SZJO OK
SZTI OK
SZTJ OK
SZJL OK
SZLO OK
SZJT OK
SZLT OK
SJIO OK
SZLJ OK
SJIT OK
SZLI OK
SJOI OK
SJIZ OK
SJIL OK
SJOT OK
SJOL OK
SJOZ OK
SJTI OK
SJTO OK
SJTL OK
SJZO OK
SJTZ OK
SJZI OK
SJZT OK
SJZL OK
SJLT OK
SJLO OK
SLIO OK
SJLI OK
SLIT OK
SLIJ OK
SLOI OK
SJLZ OK
SLOT OK
SLOJ OK
SLTI OK
SLTO OK
SLTZ OK
SLTJ OK
SLOZ OK
SLIZ OK
SLZT OK
SLZJ OK
SLJI OK
SLJO OK
SLJT OK
SLZI OK
SLZO OK
ZIOT OK
ZIOS OK
ZIOJ OK
ZIOL OK
ZITO OK
ZITJ OK
SLJZ OK
ZITL OK
ZISO OK
ZISJ OK
ZITS OK
ZIJO OK
ZIJT OK
ZIST OK
ZIJL OK
ZILO OK
ZIJS OK
ZILT OK
ZILJ OK
ZOIT OK
ZISL OK
ZOIS OK
ZOIJ OK
ZOIL OK
ZOTI OK
ZOTS OK
ZOTJ OK
ZOTL OK
ZOSI OK
ZOST OK
ZOSJ OK
ZOSL OK
ZOJI OK
ZOJT OK
ZOJS OK
ZOJL OK
ZOLI OK
ZOLT OK
ZOLS OK
ZOLJ OK
ZILS OK
ZTIO OK
ZTIJ OK
ZTIL OK
ZTOI OK
ZTOJ OK
ZTOS OK
ZTOL OK
ZTSO OK
ZTSJ OK
ZTSL OK
ZTIS OK
ZTJO OK
ZTJI OK
ZTSI OK
ZTJS OK
ZTJL OK
ZTLI OK
ZTLO OK
ZTLJ OK
ZSIO OK
ZTLS OK
ZSIJ OK
ZSOI OK
ZSOT OK
ZSOJ OK
ZSOL OK
ZSIT OK
ZSTO OK
ZSIL OK
ZSTL OK
ZSTJ OK
ZSJO OK
ZSTI OK
ZSJI OK
ZSJT OK
ZSJL OK
ZSLO OK
ZSLT OK
ZJIO OK
ZSLJ OK
ZJIT OK
ZJIL OK
ZJOI OK
ZJIS OK
ZJOT OK
ZJOS OK
ZJOL OK
ZJTO OK
ZJTI OK
ZSLI OK
ZJTL OK
ZJSO OK
ZJTS OK
ZJSI OK
ZJLI OK
ZJST OK
ZJSL OK
ZJLO OK
ZJLT OK
ZLIO OK
ZLIT OK
ZJLS OK
ZLIJ OK
ZLOI OK
ZLOT OK
ZLOS OK
ZLOJ OK
ZLTO OK
ZLTI OK
ZLTJ OK
ZLTS OK
ZLSO OK
ZLST OK
ZLSJ OK
ZLJI OK
ZLIS OK
ZLJO OK
ZLJT OK
JIOT OK
JIOS OK
ZLJS OK
JIOZ OK
JIOL OK
JITO OK
JITS OK
ZLSI OK
JITZ OK
JITL OK
JISO OK
JIST OK
JIZO OK
JIZT OK
JISL OK
JIZL OK
JILO OK
JILT OK
JILS OK
JISZ OK
JOIT OK
JILZ OK
JOIS OK
JOIZ OK
JOIL OK
JOTI OK
JOTS OK
JOTZ OK
JOTL OK
JOSI OK
JOST OK
JOSL OK
JOSZ OK
JOZI OK
JOZT OK
JOZS OK
JOZL OK
JIZS OK
JOLI OK
JOLT OK
JOLS OK
JOLZ OK
JTIO OK
JTIS OK
JTIL OK
JTIZ OK
JTOI OK
JTOS OK
JTOZ OK
JTOL OK
JTSO OK
JTSI OK
JTSL OK
JTZO OK
JTZI OK
JTZL OK
JTLI OK
JTLO OK
JTLS OK
JTLZ OK
JTSZ OK
JSIO OK
JTZS OK
JSIT OK
JSOI OK
JSOT OK
JSIL OK
JSOZ OK
JSOL OK
JSTO OK
JSTI OK
JSTL OK
JSIZ OK
JSZO OK
JSTZ OK
JSZI OK
JSZT OK
JSZL OK
JSLO OK
JSLT OK
JZIO OK
JSLI OK
JZIT OK
JZIL OK
JZOI OK
JZOT OK
JSLZ OK
JZOL OK
JZOS OK
JZTO OK
JZTI OK
JZTL OK
JZIS OK
JZSO OK
JZTS OK
JZSL OK
JZST OK
JZLI OK
JZLO OK
JZLT OK
JZSI OK
JLIO OK
JLIT OK
JLIS OK
JLIZ OK
JZLS OK
JLOI OK
JLOT OK
JLOS OK
JLOZ OK
JLTI OK
JLTO OK
JLTZ OK
JLTS OK
JLST OK
JLSO OK
JLSI OK
JLZI OK
JLZO OK
JLZT OK
LIOT OK
LIOS OK
LIOZ OK
LIOJ OK
JLZS OK
LITO OK
LITS OK
LITZ OK
LITJ OK
LISO OK
LIST OK
LISJ OK
LIZO OK
LIZT OK
JLSZ OK
LIZJ OK
LIJO OK
LIJT OK
LIJS OK
LIJZ OK
LOIT OK
LOIS OK
LOIZ OK
LOIJ OK
LOTI OK
LOTS OK
LOTZ OK
LOTJ OK
LISZ OK
LOST OK
LOSI OK
LOSJ OK
LOZI OK
LOZT OK
LOZS OK
LOZJ OK
LOJI OK
LOJT OK
LOJS OK
LOJZ OK
LTIO OK
LTIS OK
LTIZ OK
LOSZ OK
LTIJ OK
LTOI OK
LTOS OK
LTOZ OK
LTOJ OK
LTSI OK
LTSO OK
LTSJ OK
LTSZ OK
LTZO OK
LTZI OK
LTZJ OK
LTJI OK
LTJO OK
LTJS OK
LTZS OK
LTJZ OK
LSIO OK
LSIT OK
LSIJ OK
LSOI OK
LSOT OK
LSOZ OK
LSOJ OK
LIZS CAP
LSIZ OK
LSTI OK
LSTO OK
LSTJ OK
LSTZ OK
LSZT OK
LSZJ OK
LSJI OK
LSJO OK
LSJT OK
LSZO OK
LZIO OK
LZIT OK
LSJZ OK
LZIJ OK
LZOI OK
LZOT OK
LSZI OK
LZOS OK
LZOJ OK
LZTO OK
LZTI OK
LZTJ OK
LZTS OK
LZSO OK
LZST OK
LZSJ OK
LZJI OK
LZJO OK
LZJT OK
LZJS OK
LJIO OK
LZIS OK
LJIT OK
LJIS OK
LJIZ OK
LJOI OK
LJOT OK
LJOS OK
LJOZ OK
LJTI OK
LJTO OK
LJTS OK
LJTZ OK
LZSI OK
LJST OK
LJSI OK
LJSO OK
LJZO OK
LJZI OK
LJZT OK
LJZS OK
LJSZ OK
