IOTJ OK
IOTS OK
IOTZ OK
IOTL OK
IOST OK
IOSZ OK
IOSJ OK
IOSL OK
IOZT OK
IOZS OK
IOZJ OK
IOZL OK
IOJT OK
IOJS OK
IOJZ OK
IOJL OK
IOLT OK
IOLS OK
IOLZ OK
IOLJ OK
ITOS OK
ITOZ OK
ITOJ OK
ITOL OK
ITSJ OK
ITSO OK
ITSL OK
ITZO OK
ITZJ OK
ITZL OK
ITJO OK
ITJS OK
ITJZ OK
ITJL OK
ITLO OK
ITLS OK
ITLZ OK
ITLJ OK
ITSZ OK
ISOT OK
ITZS OK
ISOJ OK
ISOL OK
ISTO OK
ISTJ OK
ISTL OK
ISTZ OK
ISOZ OK
ISZT OK
ISZJ OK
ISJO OK
ISZO OK
ISJT OK
ISJZ OK
ISJL OK
ISLO OK
ISLT OK
ISLJ OK
ISZL OK
IZOT OK
IZOS OK
IZOJ OK
IZOL OK
IZTO OK
IZTJ OK
IZTL OK
IZSO OK
ISLZ OK
IZTS OK
IZSJ OK
IZJO OK
IZJT OK
IZST OK
IZJS OK
IZLO OK
IZJL OK
IZLT OK
IZLJ OK
IZSL OK
IJOT OK
IJOS OK
IJOL OK
IJOZ OK
IJTO OK
IJTS OK
IJTZ OK
IJTL OK
IJST OK
IJSO OK
IJSL OK
IJZO OK
IJZT OK
IJSZ OK
IJZL OK
IJLO OK
IJLT OK
IJLS OK
IJLZ OK
ILOT OK
IJZS OK
ILOS OK
ILOZ OK
ILOJ OK
ILTO OK
ILTS OK
ILTZ OK
ILTJ OK
ILSO OK
ILST OK
ILSJ OK
ILZO OK
ILZT OK
IZLS OK
ILSZ OK
ILZJ OK
ILJO OK
ILJT OK
ILJS OK
ILJZ OK
OITS OK
OITZ OK
OITJ OK
OITL OK
OIST OK
OISJ OK
OISZ OK
OIZT OK
OISL OK
OIZS OK
OIZJ OK
OIJT OK
OIZL OK
OIJS OK
OIJZ OK
OIJL OK
OILT OK
OILZ OK
OILS OK
OTIS OK
OILJ OK
OTIZ OK
OTIJ OK
OTSI OK
OTIL OK
OTSZ OK
OTSJ OK
OTSL OK
OTZI OK
OTZJ OK
OTZL OK
OTJI OK
OTJS OK
OTJZ OK
OTJL OK
OTLI OK
OTLS OK
OTLZ OK
OTLJ OK
OTZS OK
OSIT OK
OSIZ OK
OSIJ OK
OSIL OK
OSTI OK
OSTZ OK
OSTJ OK
OSTL OK
OSZI OK
OSZT OK
OSZJ OK
OSZL OK
OSJI OK
OSJT OK
OSJZ OK
OSJL OK
OSLI OK
OSLT OK
OSLJ OK
OSLZ OK
OZIT OK
OZIS OK
OZIJ OK
OZIL OK
OZTI OK
OZTS OK
OZTJ OK
OZTL OK
OZSI OK
OZST OK
OZSJ OK
OZSL OK
OZJI OK
OZJT OK
OZJS OK
OZJL OK
OZLI OK
OZLT OK
OZLS OK
OZLJ OK
OJIT OK
OJIS OK
OJIZ OK
OJIL OK
OJTI OK
OJTS OK
ILZS CAP
OJTZ OK
OJTL OK
OJSI OK
OJST OK
OJSL OK
OJSZ OK
OJZI OK
OJZT OK
OJZL OK
OJZS OK
OJLI OK
OJLT OK
OJLS OK
OJLZ OK
OLIT OK
OLIS OK
OLIZ OK
OLIJ OK
OLTI OK
OLTS OK
OLTZ OK
OLTJ OK
OLSI OK
OLST OK
OLSJ OK
OLZI OK
OLZT OK
OLZS OK
OLZJ OK
OLJI OK
OLJT OK
OLJS OK
OLJZ OK
TIOS OK
TIOZ OK
TIOJ OK
TIOL OK
TISO OK
OLSZ OK
TISJ OK
TIZO OK
TISL OK
TIZJ OK
TIZL OK
TIJO OK
TIJS OK
TIJZ OK
TIJL OK
TILO OK
TILS OK
TILZ OK
TILJ OK
TOIS OK
TOIZ OK
TOIJ OK
TOIL OK
TOSI OK
TIZS OK
TOSJ OK
TOSZ OK
TOSL OK
TOZI OK
TOZJ OK
TISZ OK
TOZL OK
TOJI OK
TOJS OK
TOJZ OK
TOJL OK
TOLI OK
TOLS OK
TOLZ OK
TOLJ OK
TSIO OK
TSIJ OK
TSIL OK
TOZS OK
TSOI OK
TSOZ OK
TSOJ OK
TSOL OK
TSZO OK
TSZJ OK
TSIZ OK
TSZL OK
TSJI OK
TSJO OK
TSZI OK
TSLI OK
TSJL OK
TSLO OK
TSLZ OK
TSLJ OK
TSJZ OK
TZIO OK
TZIJ OK
TZIL OK
TZOI OK
TZOJ OK
TZOL OK
TZIS OK
TZSI OK
TZOS OK
TZSL OK
TZSJ OK
TZJI OK
TZJO OK
TZJL OK
TZLI OK
TZJS OK
TZLO OK
TZSO OK
TJIO OK
TZLS OK
TJIS OK
TZLJ OK
TJIL OK
TJIZ OK
TJOI OK
TJOS OK
TJOZ OK
TJOL OK
TJSO OK
TJSI OK
TJSL OK
TJZO OK
TJZI OK
TJZL OK
TJLI OK
TJLO OK
TJLS OK
TJLZ OK
TJZS OK
TLIO OK
TJSZ OK
TLIS OK
TLIZ OK
TLIJ OK
TLOI OK
TLOS OK
TLOZ OK
TLOJ OK
TLSO OK
TLSI OK
TLSJ OK
TLSZ OK
TLZO OK
TLZI OK
TLJI OK
TLZJ OK
TLJO OK
TLJS OK
TLJZ OK
SIOT OK
TLZS OK
SIOJ OK
SIOZ OK
SIOL OK
SITO OK
SITJ OK
SITL OK
SITZ OK
SIZT OK
SIZJ OK
SIJO OK
SIJT OK
SIJZ OK
SIZO OK
SIJL OK
SILO OK
SIZL OK
SILT OK
SOIT OK
SILJ OK
SOIZ OK
SOIJ OK
SOTI OK
SOIL OK
SOTZ OK
SOTJ OK
SOTL OK
SOZI OK
SOZT OK
SOZJ OK
SOZL OK
SOJI OK
SOJT OK
SOJZ OK
SOJL OK
SOLT OK
SOLI OK
SOLJ OK
SOLZ OK
STIO OK
SILZ OK
STIJ OK
STOI OK
STIL OK
STOZ OK
STOJ OK
STOL OK
STZO OK
STZJ OK
STIZ OK
STZL OK
STJI OK
STJO OK
STZI OK
STJL OK
STLO OK
STJZ OK
STLI OK
STLJ OK
SZIO OK
STLZ OK
SZIJ OK
SZOI OK
SZOT OK
SZOJ OK
SZOL OK
SZIT OK
SZIL OK
SZTO OK
SZTL OK
SZJI OK
SZTJ OK
SZJO OK
SZTI OK
SZJL OK
SZLO OK
SZJT OK
SZLT OK
SJIO OK
SZLJ OK
SJIT OK
SJIL OK
SJOI OK
SJOT OK
SZLI OK
SJOZ OK
SJIZ OK
SJOL OK
SJTO OK
SJTI OK
SJTL OK
SJZO OK
SJTZ OK
SJZI OK
SJZT OK
SJZL OK
SJLI OK
SJLO OK
SJLT OK
SLIO OK
SLIT OK
SLIJ OK
SLOI OK
SJLZ OK
SLOT OK
SLOJ OK
SLOZ OK
SLTI OK
SLTO OK
SLTJ OK
SLTZ OK
SLZO OK
SLZT OK
SLZJ OK
SLJI OK
SLIZ OK
SLJO OK
SLJT OK
ZIOT OK
ZIOS OK
ZIOJ OK
ZIOL OK
ZITO OK
SLJZ OK
SLZI OK
ZITJ OK
ZITL OK
ZISO OK
ZISJ OK
ZITS OK
ZIJO OK
ZIJT OK
ZIST OK
ZIJL OK
ZIJS OK
ZILO OK
ZILT OK
ZILJ OK
ZOIT OK
ZOIS OK
ZISL OK
ZOIJ OK
ZOIL OK
ZOTI OK
ZOTS OK
ZOTJ OK
ZOTL OK
ZOSI OK
ZOST OK
ZOSJ OK
ZOSL OK
ZOJI OK
ZOJT OK
ZOJS OK
ZOJL OK
ZOLI OK
ZOLT OK
ZOLS OK
ZOLJ OK
ZTIO OK
ZTIJ OK
ZILS OK
ZTIL OK
ZTOI OK
ZTOS OK
ZTOJ OK
ZTOL OK
ZTIS OK
ZTSI OK
ZTSJ OK
ZTSO OK
ZTJI OK
ZTJO OK
ZTSL OK
ZTLI OK
ZTJS OK
ZTLO OK
ZTJL OK
ZTLJ OK
ZTLS OK
ZSIO OK
ZSIJ OK
ZSOI OK
ZSOT OK
ZSIT OK
ZSOJ OK
ZSOL OK
ZSIL OK
ZSTJ OK
ZSTL OK
ZSTO OK
ZSTI OK
ZSJO OK
ZSJI OK
ZSJL OK
ZSJT OK
ZSLT OK
ZSLO OK
ZSLJ OK
ZJIO OK
ZJIT OK
ZJIL OK
ZJOI OK
ZJOT OK
ZJIS OK
ZJOS OK
ZJOL OK
ZJTO OK
ZJTI OK
ZSLI OK
ZJTS OK
ZJTL OK
ZJSO OK
ZJST OK
ZJSI OK
ZJLI OK
ZJSL OK
ZJLO OK
ZLIO OK
ZLIT OK
ZJLT OK
ZJLS OK
ZLIJ OK
ZLOI OK
ZLOS OK
ZLOT OK
ZLOJ OK
ZLTI OK
ZLTO OK
ZLTJ OK
ZLTS OK
ZLSO OK
ZLST OK
ZLSJ OK
ZLJI OK
ZLJO OK
ZLJT OK
ZLJS OK
ZLIS OK
JIOT OK
JIOS OK
JIOZ OK
JIOL OK
JITO OK
JITS OK
JITZ OK
JITL OK
JIST OK
JISO OK
ZLSI OK
JISL OK
JIZO OK
JIZT OK
JIZL OK
JILO OK
JILT OK
JILS OK
JISZ OK
JOIT OK
JILZ OK
JOIS OK
JOIZ OK
JOIL OK
JOTS OK
JOTI OK
JOTL OK
JOTZ OK
JOSI OK
JOST OK
JOSL OK
JOSZ OK
JOZI OK
JIZS OK
JOZT OK
JOZS OK
JOZL OK
JOLI OK
JOLS OK
JOLT OK
JOLZ OK
JTIO OK
JTIS OK
JTIZ OK
JTIL OK
JTOI OK
JTOS OK
JTOZ OK
JTOL OK
JTSI OK
JTSO OK
JTSL OK
JTZI OK
JTZO OK
JTZL OK
JTLI OK
JTLO OK
JTLS OK
JTZS OK
JTSZ OK
JTLZ OK
JSIO OK
JSIT OK
JSIL OK
JSOI OK
JSOT OK
JSOZ OK
JSOL OK
JSTI OK
JSTO OK
JSTL OK
JSIZ OK
JSTZ OK
JSZO OK
JSZT OK
JSZI OK
JSLI OK
JSLO OK
JSZL OK
JSLT OK
JZIO OK
JZIT OK
JZIL OK
JZOI OK
JZOT OK
JZOS OK
JSLZ OK
JZOL OK
JZTI OK
JZTO OK
JZIS OK
JZTL OK
JZSO OK
JZTS OK
JZST OK
JZSL OK
JZLI OK
JZLO OK
JZSI OK
JZLT OK
JLIO OK
JLIT OK
JLIS OK
JLIZ OK
JLOI OK
JZLS OK
JLOT OK
JLOS OK
JLOZ OK
JLTI OK
JLTS OK
JLTO OK
JLTZ OK
JLSO OK
JLST OK
JLSI OK
JLZI OK
JLZO OK
JLZT OK
LIOT OK
LIOS OK
JLZS OK
LIOZ OK
LIOJ OK
LITO OK
LITS OK
LITZ OK
LITJ OK
LISO OK
LIST OK
LISJ OK
LIZO OK
LIZT OK
JLSZ OK
LIZJ OK
LIJO OK
LIJT OK
LIJS OK
LIJZ OK
LOIT OK
LOIS OK
LOIZ OK
LOIJ OK
LOTI OK
LISZ OK
LOTS OK
LOTZ OK
LOSI OK
LOTJ OK
LOST OK
LOSJ OK
LOZI OK
LOZT OK
LOZS OK
LOZJ OK
LOJI OK
LOJT OK
LOJS OK
LOJZ OK
LTIO OK
LOSZ OK
LTIS OK
LTIJ OK
LTIZ OK
LTOI OK
LTOS OK
LTOZ OK
LTOJ OK
LTSO OK
LTSI OK
LTSZ OK
LTSJ OK
LTZO OK
LTZI OK
LTZJ OK
LTJI OK
LTZS OK
LTJO OK
LTJS OK
LTJZ OK
LSIO OK
LSIT OK
LSIJ OK
LSOI OK
LSOT OK
LIZS TIMEOUT
LSOJ OK
LSTI OK
LSTO OK
LSTZ OK
LSTJ OK
LSOZ OK
LSIZ OK
LSZT OK
LSZJ OK
LSJI OK
LSJO OK
LSJT OK
LSZI OK
LZIO OK
LSZO OK
LZIT OK
LZIJ OK
LZOI OK
LSJZ OK
LZOT OK
LZOS OK
LZOJ OK
LZTO OK
LZTI OK
LZTJ OK
LZTS OK
LZSO OK
LZST OK
LZSJ OK
LZJI OK
LZJO OK
LZJT OK
LZIS OK
LZJS OK
LJIO OK
LJIT OK
LJIS OK
LJOI OK
LJIZ OK
LJOT OK
LJOS OK
LJOZ OK
LJTI OK
LJTO OK
LZSI OK
LJTS OK
LJTZ OK
LJSI OK
LJST OK
LJSO OK
LJZO OK
LJZI OK
LJZT OK
LJZS OK
LJSZ OK
