IOTS OK
IOTJ OK
IOTZ OK
IOTL OK
IOSJ OK
IOST OK
IOSZ OK
IOSL OK
IOZJ OK
IOZT OK
IOZL OK
IOZS OK
IOJT OK
IOJS OK
IOJZ OK
IOJL OK
IOLT OK
IOLS OK
IOLZ OK
IOLJ OK
ITOS OK
ITOZ OK
ITOJ OK
ITOL OK
ITSO OK
ITSJ OK
ITSL OK
ITZO OK
ITZJ OK
ITSZ OK
ITZL OK
ITJO OK
ITJS OK
ITJZ OK
ITJL OK
ITZS OK
ITLO OK
ITLS OK
ITLZ OK
ITLJ OK
ISOJ OK
ISOT OK
ISOZ OK
ISTO OK
ISOL OK
ISTJ OK
ISTL OK
ISTZ OK
ISZJ OK
ISZT OK
ISZO OK
ISZL OK
ISJO OK
ISJT OK
ISJZ OK
ISJL OK
ISLO OK
ISLT OK
ISLJ OK
ISLZ OK
IZOT OK
IZOJ OK
IZOL OK
IZTO OK
IZOS OK
IZTJ OK
IZTL OK
IZTS OK
IZSO OK
IZSJ OK
IZSL OK
IZJO OK
IZJT OK
IZST OK
IZJL OK
IZLO OK
IZJS OK
IZLT OK
IZLJ OK
IZLS OK
IJOT OK
IJOS OK
IJOL OK
IJOZ OK
IJTO OK
IJTS OK
IJTZ OK
IJTL OK
IJST OK
IJSO OK
IJSZ OK
IJSL OK
IJZO OK
IJZT OK
IJZL OK
IJLO OK
IJLT OK
IJLS OK
IJLZ OK
ILOT OK
ILOS OK
ILOZ OK
ILOJ OK
ILTO OK
ILTS OK
ILTZ OK
ILTJ OK
ILSO OK
ILST OK
ILSZ OK
ILSJ OK
ILZO OK
ILZT OK
ILZS OK
ILZJ OK
ILJO OK
ILJT OK
IJZS OK
ILJS OK
ILJZ OK
OITS OK
OITJ OK
OITZ OK
OITL OK
OIST OK
OISZ OK
OISJ OK
OISL OK
OIZJ OK
OIZT OK
OIZL OK
OIJT OK
OIJS OK
OIZS OK
OIJZ OK
OIJL OK
OILT OK
OILS OK
OILZ OK
OILJ OK
OTIS OK
OTIZ OK
OTIJ OK
OTIL OK
OTSI OK
OTSJ OK
OTSL OK
OTZI OK
OTZJ OK
OTZL OK
OTJI OK
OTSZ OK
OTJS OK
OTJZ OK
OTJL OK
OTZS OK
OTLI OK
OTLS OK
OTLZ OK
OTLJ OK
OSIJ OK
OSIT OK
OSIZ OK
OSIL OK
OSTJ OK
OSTL OK
OSTI OK
OSTZ OK
OSZI OK
OSZJ OK
OSZT OK
OSZL OK
OSJI OK
OSJT OK
OSJL OK
OSLI OK
OSJZ OK
OSLT OK
OSLJ OK
OSLZ OK
OZIT OK
OZIJ OK
OZIL OK
OZIS OK
OZTJ OK
OZTI OK
OZTL OK
OZTS OK
OZSJ OK
OZSI OK
OZSL OK
OZST OK
OZJI OK
OZJT OK
OZJL OK
OZLI OK
OZLT OK
OZLS OK
OZLJ OK
OZJS OK
OJIT OK
OJIS OK
OJIZ OK
OJIL OK
OJTI OK
OJTS OK
OJTZ OK
OJTL OK
OJSI OK
OJST OK
OJSL OK
OJZI OK
OJSZ OK
OJZT OK
OJLI OK
OJZL OK
OJLT OK
OJLS OK
OJLZ OK
OLIT OK
OLIS OK
OLIZ OK
OLIJ OK
OLTI OK
OLTS OK
OLTZ OK
OLTJ OK
OLSI OK
OLST OK
OLSJ OK
OLZI OK
OLZT OK
OLZS OK
OJZS OK
OLZJ OK
OLJI OK
OLJT OK
OLJS OK
OLJZ OK
TIOS OK
TIOZ OK
TIOJ OK
OLSZ OK
TIOL OK
TISO OK
TISJ OK
TISL OK
TIZO OK
TIZJ OK
TIZL OK
TISZ OK
TIJO OK
TIJS OK
TIJZ OK
TIJL OK
TILO OK
TILS OK
TILZ OK
TILJ OK
TIZS OK
TOIS OK
TOIJ OK
TOIZ OK
TOIL OK
TOSI OK
TOSJ OK
TOSL OK
TOZI OK
TOZJ OK
TOZL OK
TOJI OK
TOJS OK
TOSZ OK
TOJZ OK
TOJL OK
TOZS OK
TOLI OK
TOLS OK
TOLZ OK
TOLJ OK
TSIO OK
TSIJ OK
TSIL OK
TSOI OK
TSOJ OK
TSOL OK
TSIZ OK
TSOZ OK
TSZJ OK
TSZL OK
TSZI OK
TSJI OK
TSJO OK
TSZO OK
TSJZ OK
TSJL OK
TSLI OK
TSLO OK
TSLJ OK
TSLZ OK
TZIO OK
TZIJ OK
TZIL OK
TZOI OK
TZOJ OK
TZOL OK
TZIS OK
TZOS OK
TZSJ OK
TZSL OK
TZSI OK
TZJI OK
TZJO OK
TZJS OK
TZJL OK
TZLI OK
TZLO OK
TZLS OK
TZLJ OK
TZSO OK
TJIO OK
TJIS OK
TJIZ OK
TJIL OK
TJOI OK
TJOS OK
TJOZ OK
TJOL OK
TJSI OK
TJSO OK
TJSZ OK
TJSL OK
TJZI OK
TJZO OK
TJZS OK
TJZL OK
TJLI OK
TJLO OK
TJLS OK
TJLZ OK
TLIO OK
TLIS OK
TLIZ OK
TLIJ OK
TLOI OK
TLOS OK
TLOZ OK
TLOJ OK
TLSI OK
TLSO OK
TLSZ OK
TLSJ OK
TLZI OK
TLZO OK
TLZS OK
TLZJ OK
TLJI OK
TLJO OK
TLJS OK
TLJZ OK
SIOT OK
SIOJ OK
SIOL OK
SIOZ OK
SITO OK
SITJ OK
SITL OK
SITZ OK
SIZJ OK
SIZT OK
SIZO OK
SIZL OK
SIJO OK
SIJT OK
SIJZ OK
SIJL OK
SILT OK
SILO OK
SILZ OK
SILJ OK
SOIT OK
SOIJ OK
SOIZ OK
SOIL OK
SOTJ OK
SOTL OK
SOTI OK
SOTZ OK
SOZI OK
SOZT OK
SOZJ OK
SOZL OK
SOJT OK
SOJI OK
SOJL OK
SOLI OK
SOJZ OK
SOLT OK
SOLJ OK
STIO OK
SOLZ OK
STIJ OK
STIL OK
STOI OK
STOJ OK
STIZ OK
STOL OK
STOZ OK
STZJ OK
STZL OK
STZI OK
STJI OK
STJO OK
STJZ OK
STZO OK
STJL OK
STLI OK
STLO OK
STLZ OK
STLJ OK
SZIJ OK
SZIL OK
SZIT OK
SZIO OK
SZOJ OK
SZOL OK
SZOT OK
SZOI OK
SZTJ OK
SZTL OK
SZTI OK
SZTO OK
SZJI OK
SZJT OK
SZJL OK
SZJO OK
SZLI OK
SZLT OK
SZLO OK
SZLJ OK
SJIT OK
SJIO OK
SJIZ OK
SJIL OK
SJOI OK
SJOT OK
SJOL OK
SJTI OK
SJTO OK
SJOZ OK
SJTZ OK
SJTL OK
SJZI OK
SJZT OK
SJZO OK
SJLI OK
SJZL OK
SJLO OK
SJLT OK
SJLZ OK
SLIO OK
SLIT OK
SLIJ OK
SLIZ OK
SLOI OK
SLOT OK
SLOJ OK
SLTI OK
SLTO OK
SLTZ OK
SLOZ OK
SLTJ OK
SLZI OK
SLZT OK
SLZO OK
SLZJ OK
SLJI OK
SLJO OK
SLJT OK
SLJZ OK
ZIOT OK
ZIOJ OK
ZIOL OK
ZIOS OK
ZITO OK
ZITJ OK
ZITL OK
ZITS OK
ZISJ OK
ZISO OK
ZISL OK
ZIST OK
ZIJT OK
ZIJO OK
ZIJL OK
ZIJS OK
ZILO OK
ZILT OK
ZILS OK
ZILJ OK
ZOIJ OK
ZOIL OK
ZOIT OK
ZOIS OK
ZOTJ OK
ZOTI OK
ZOTL OK
ZOTS OK
ZOSJ OK
ZOSI OK
ZOSL OK
ZOJI OK
ZOST OK
ZOJT OK
ZOJL OK
ZOLI OK
ZOLT OK
ZOLS OK
ZOLJ OK
ZOJS OK
ZTIO OK
ZTIJ OK
ZTIL OK
ZTOI OK
ZTOJ OK
ZTOL OK
ZTIS OK
ZTOS OK
ZTSJ OK
ZTSL OK
ZTJI OK
ZTSI OK
ZTSO OK
ZTJO OK
ZTJS OK
ZTJL OK
ZTLI OK
ZTLO OK
ZTLS OK
ZTLJ OK
ZSIJ OK
ZSIT OK
ZSIL OK
ZSIO OK
ZSOJ OK
ZSOL OK
ZSOT OK
ZSOI OK
ZSTJ OK
ZSTL OK
ZSTI OK
ZSJI OK
ZSJO OK
ZSTO OK
ZSJT OK
ZSJL OK
ZSLI OK
ZSLO OK
ZSLT OK
ZSLJ OK
ZJIO OK
ZJIT OK
ZJIS OK
ZJIL OK
ZJOI OK
ZJOT OK
ZJOL OK
ZJTI OK
ZJTO OK
ZJTS OK
ZJTL OK
ZJSI OK
ZJSO OK
ZJST OK
ZJSL OK
ZJLI OK
ZJLO OK
ZJLT OK
ZJLS OK
ZLIO OK
ZLIT OK
ZLIS OK
ZLIJ OK
ZLOI OK
ZLOT OK
ZJOS OK
ZLOS OK
ZLOJ OK
ZLTI OK
ZLTO OK
ZLTS OK
ZLTJ OK
ZLSI OK
ZLSO OK
ZLST OK
ZLSJ OK
ZLJI OK
ZLJO OK
ZLJT OK
ZLJS OK
JIOT OK
JIOS OK
JIOL OK
JIOZ OK
JITO OK
JITZ OK
JITS OK
JITL OK
JIST OK
JISO OK
JISZ OK
JISL OK
JIZO OK
JIZT OK
JIZL OK
JILO OK
JILT OK
JILS OK
JILZ OK
JOIT OK
JOIS OK
JOIZ OK
JOIL OK
JOTI OK
JOTS OK
JOTZ OK
JOTL OK
JOSI OK
JOST OK
JOSZ OK
JOSL OK
JOZI OK
JOZT OK
JOZL OK
JOLI OK
JOLT OK
JOLS OK
JOLZ OK
JIZS OK
JTIO OK
JTIS OK
JTIZ OK
JTIL OK
JTOI OK
JTOS OK
JTOZ OK
JTOL OK
JTSI OK
JTSO OK
JTSZ OK
JTSL OK
JTZI OK
JTZO OK
JTZS OK
JTZL OK
JTLI OK
JTLO OK
JTLS OK
JTLZ OK
JSIO OK
JSIT OK
JSIZ OK
JOZS OK
JSIL OK
JSOI OK
JSOT OK
JSOZ OK
JSTI OK
JSOL OK
JSTO OK
JSTZ OK
JSTL OK
JSZI OK
JSZT OK
JSZO OK
JSLI OK
JSZL OK
JSLT OK
JSLO OK
JZIO OK
JSLZ OK
JZIT OK
JZIL OK
JZOI OK
JZIS OK
JZOT OK
JZOL OK
JZTI OK
JZTO OK
JZTS OK
JZTL OK
JZSO OK
JZST OK
JZSI OK
JZLI OK
JZSL OK
JZLO OK
JZLT OK
JZLS OK
JLIO OK
JLIT OK
JLIS OK
JLIZ OK
JLOI OK
JLOT OK
JLOS OK
JLOZ OK
JLTI OK
JLTO OK
JLTS OK
JLTZ OK
JLSI OK
JLSO OK
JLST OK
JZOS OK
JLZI OK
JLSZ OK
JLZO OK
JLZT OK
JLZS OK
LIOT OK
LIOS OK
LIOZ OK
LIOJ OK
LITO OK
LITS OK
LITZ OK
LITJ OK
LISO OK
LIST OK
LISJ OK
LIZO OK
LISZ OK
LIZT OK
LIZJ OK
LIJO OK
LIJT OK
LIZS OK
LIJS OK
LIJZ OK
LOIT OK
LOIS OK
LOIZ OK
LOIJ OK
LOTI OK
LOTS OK
LOTZ OK
LOTJ OK
LOSI OK
LOST OK
LOSJ OK
LOZI OK
LOZT OK
LOZS OK
LOZJ OK
LOJI OK
LOJT OK
LOJS OK
LOJZ OK
LTIO OK
LTIS OK
LTIZ OK
LTIJ OK
LTOI OK
LTOS OK
LTOZ OK
LTOJ OK
LTSI OK
LTSO OK
LTSZ OK
LTSJ OK
LTZI OK
LTZO OK
LTZS OK
LTZJ OK
LOSZ OK
LTJI OK
LTJO OK
LTJS OK
LTJZ OK
LSIO OK
LSIT OK
LSIJ OK
LSIZ OK
LSOI OK
LSOT OK
LSOJ OK
LSTI OK
LSTO OK
LSTZ OK
LSTJ OK
LSZI OK
LSZO OK
LSZT OK
LSZJ OK
LSJI OK
LSJO OK
LSJT OK
LSJZ OK
LZIO OK
LZIT OK
LZIS OK
LZIJ OK
LZOI OK
LZOT OK
LZOS OK
LZOJ OK
LZTI OK
LZTO OK
LZTS OK
LZTJ OK
LZSI OK
LZSO OK
LZST OK
LZSJ OK
LZJI OK
LZJO OK
LZJT OK
LSOZ OK
LZJS OK
LJIO OK
LJIT OK
LJIS OK
LJIZ OK
LJOI OK
LJOT OK
LJOS OK
LJOZ OK
LJTI OK
LJTO OK
LJTS OK
LJTZ OK
LJSI OK
LJSO OK
LJST OK
LJZI OK
LJSZ OK
LJZO OK
LJZT OK
LJZS OK
