IOTS OK
IOTZ OK
IOTJ OK
IOTL OK
IOSJ OK
IOSL OK
IOST OK
IOSZ OK
IOZJ OK
IOZT OK
IOZL OK
IOJT OK
IOJS OK
IOJZ OK
IOZS OK
IOJL OK
IOLT OK
IOLS OK
IOLZ OK
IOLJ OK
ITOS OK
ITOZ OK
ITOJ OK
ITOL OK
ITSO OK
ITSJ OK
ITSL OK
ITZO OK
ITZJ OK
ITZL OK
ITSZ OK
ITJO OK
ITJS OK
ITJZ OK
ITZS OK
ITJL OK
ITLO OK
ITLS OK
ITLZ OK
ITLJ OK
ISOJ OK
ISOT OK
ISOL OK
ISOZ OK
ISTO OK
ISTJ OK
ISTL OK
ISTZ OK
ISZO OK
ISZJ OK
ISZL OK
ISJO OK
ISZT OK
ISJT OK
ISJZ OK
ISJL OK
ISLO OK
ISLT OK
ISLJ OK
ISLZ OK
IZOJ OK
IZOT OK
IZOL OK
IZTO OK
IZOS OK
IZTJ OK
IZTL OK
IZTS OK
IZSJ OK
IZSL OK
IZSO OK
IZJO OK
IZJT OK
IZST OK
IZJL OK
IZJS OK
IZLO OK
IZLT OK
IZLJ OK
IZLS OK
IJOT OK
IJOS OK
IJOZ OK
IJOL OK
IJTO OK
IJTS OK
IJTZ OK
IJTL OK
IJSO OK
IJST OK
IJSZ OK
IJSL OK
IJZO OK
IJZT OK
IJZL OK
IJLO OK
IJLT OK
IJLS OK
IJLZ OK
ILOT OK
ILOS OK
ILOZ OK
ILOJ OK
ILTO OK
ILTS OK
ILTZ OK
ILTJ OK
ILSO OK
ILST OK
ILSZ OK
ILSJ OK
ILZO OK
ILZT OK
ILZS OK
IJZS OK
ILZJ OK
ILJO OK
ILJT OK
ILJS OK
ILJZ OK
OITS OK
OITZ OK
OITJ OK
OITL OK
OISJ OK
OIST OK
OISL OK
OISZ OK
OIZJ OK
OIZT OK
OIZL OK
OIJT OK
OIJS OK
OIZS OK
OIJZ OK
OIJL OK
OILT OK
OILS OK
OILZ OK
OILJ OK
OTIS OK
OTIZ OK
OTIJ OK
OTIL OK
OTSI OK
OTSJ OK
OTSL OK
OTZI OK
OTZJ OK
OTZL OK
OTJI OK
OTZS OK
OTJS OK
OTJZ OK
OTJL OK
OTLI OK
OTLS OK
OTLZ OK
OTLJ OK
OSIT OK
OSIZ OK
OTSZ OK
OSIJ OK
OSIL OK
OSTJ OK
OSTL OK
OSTI OK
OSTZ OK
OSZJ OK
OSZL OK
OSZI OK
OSZT OK
OSJI OK
OSJT OK
OSJL OK
OSLI OK
OSJZ OK
OSLT OK
OSLZ OK
OSLJ OK
OZIJ OK
OZIL OK
OZIT OK
OZIS OK
OZTJ OK
OZTL OK
OZTI OK
OZTS OK
OZSJ OK
OZSI OK
OZSL OK
OZJI OK
OZJT OK
OZST OK
OZJS OK
OZLI OK
OZJL OK
OZLT OK
OZLJ OK
OZLS OK
OJIT OK
OJIS OK
OJIZ OK
OJIL OK
OJTI OK
OJTS OK
OJTZ OK
OJTL OK
OJSI OK
OJST OK
OJSL OK
OJZI OK
OJZT OK
OJSZ OK
OJLI OK
OJZL OK
OJZS OK
OJLT OK
OJLS OK
OJLZ OK
OLIT OK
OLIS OK
OLIZ OK
OLTI OK
OLIJ OK
OLTS OK
OLTZ OK
OLTJ OK
OLSI OK
OLST OK
OLSZ OK
OLSJ OK
OLZI OK
OLZT OK
OLZJ OK
OLZS OK
OLJI OK
OLJT OK
OLJS OK
OLJZ OK
TIOS OK
TIOZ OK
TIOJ OK
TIOL OK
TISO OK
TISJ OK
TISL OK
TIZO OK
TISZ OK
TIZJ OK
TIZL OK
TIJO OK
TIJS OK
TIJZ OK
TIJL OK
TILO OK
TIZS OK
TILS OK
TILZ OK
TILJ OK
TOIS OK
TOIZ OK
TOIJ OK
TOIL OK
TOSI OK
TOSJ OK
TOSL OK
TOZI OK
TOZJ OK
TOZL OK
TOJI OK
TOSZ OK
TOJS OK
TOJZ OK
TOZS OK
TOJL OK
TOLI OK
TOLS OK
TOLZ OK
TOLJ OK
TSIO OK
TSIJ OK
TSIL OK
TSOI OK
TSOJ OK
TSOL OK
TSIZ OK
TSZI OK
TSZO OK
TSZJ OK
TSZL OK
TSJI OK
TSJO OK
TSJZ OK
TSJL OK
TSLI OK
TSLO OK
TSLZ OK
TSLJ OK
TZIO OK
TZIJ OK
TSOZ OK
TZIL OK
TZOI OK
TZOJ OK
TZIS OK
TZOL OK
TZOS OK
TZSJ OK
TZSL OK
TZJI OK
TZSI OK
TZJO OK
TZJS OK
TZSO OK
TZJL OK
TZLO OK
TZLI OK
TZLS OK
TZLJ OK
TJIO OK
TJIS OK
TJIZ OK
TJIL OK
TJOI OK
TJOS OK
TJOZ OK
TJOL OK
TJSI OK
TJSO OK
TJSZ OK
TJSL OK
TJZI OK
TJZO OK
TJZL OK
TJZS OK
TJLI OK
TJLO OK
TJLS OK
TJLZ OK
TLIO OK
TLIS OK
TLIZ OK
TLIJ OK
TLOI OK
TLOS OK
TLOZ OK
TLOJ OK
TLSI OK
TLSO OK
TLSZ OK
TLSJ OK
TLZI OK
TLZO OK
TLZS OK
TLZJ OK
TLJI OK
TLJO OK
TLJZ OK
TLJS OK
SIOJ OK
SIOT OK
SIOL OK
SIOZ OK
SITO OK
SITJ OK
SITL OK
SITZ OK
SIZT OK
SIZJ OK
SIZO OK
SIJO OK
SIZL OK
SIJT OK
SIJZ OK
SIJL OK
SILO OK
SILT OK
SILJ OK
SILZ OK
SOIJ OK
SOIT OK
SOIZ OK
SOIL OK
SOTJ OK
SOTI OK
SOTL OK
SOTZ OK
SOZJ OK
SOZI OK
SOZT OK
SOZL OK
SOJI OK
SOJT OK
SOJL OK
SOLI OK
SOJZ OK
SOLT OK
SOLZ OK
SOLJ OK
STIO OK
STIJ OK
STIL OK
STOI OK
STOJ OK
STIZ OK
STOL OK
STOZ OK
STZJ OK
STZL OK
STZI OK
STJI OK
STZO OK
STJO OK
STJZ OK
STJL OK
STLI OK
STLO OK
STLZ OK
STLJ OK
SZIJ OK
SZIL OK
SZIT OK
SZIO OK
SZOJ OK
SZOI OK
SZOL OK
SZOT OK
SZTI OK
SZTJ OK
SZTL OK
SZTO OK
SZJI OK
SZJT OK
SZJL OK
SZJO OK
SZLI OK
SZLO OK
SZLJ OK
SZLT OK
SJIO OK
SJIT OK
SJIZ OK
SJIL OK
SJOI OK
SJOT OK
SJOL OK
SJTI OK
SJOZ OK
SJTO OK
SJTZ OK
SJTL OK
SJZI OK
SJZT OK
SJZL OK
SJZO OK
SJLI OK
SJLO OK
SJLT OK
SJLZ OK
SLIO OK
SLIT OK
SLIZ OK
SLIJ OK
SLOI OK
SLOT OK
SLOZ OK
SLOJ OK
SLTI OK
SLTO OK
SLTZ OK
SLTJ OK
SLZI OK
SLZO OK
SLZT OK
SLZJ OK
SLJI OK
SLJO OK
SLJT OK
SLJZ OK
ZIOT OK
ZIOJ OK
ZIOL OK
ZITO OK
ZIOS OK
ZITJ OK
ZITL OK
ZITS OK
ZISJ OK
ZISL OK
ZIST OK
ZISO OK
ZIJT OK
ZIJO OK
ZIJS OK
ZIJL OK
ZILO OK
ZILT OK
ZILJ OK
ZILS OK
ZOIJ OK
ZOIT OK
ZOIL OK
ZOIS OK
ZOTJ OK
ZOTI OK
ZOTL OK
ZOTS OK
ZOSI OK
ZOSJ OK
ZOJI OK
ZOSL OK
ZOST OK
ZOJT OK
ZOJL OK
ZOJS OK
ZOLI OK
ZOLT OK
ZOLS OK
ZOLJ OK
ZTIO OK
ZTIJ OK
ZTIL OK
ZTOI OK
ZTOJ OK
ZTIS OK
ZTOL OK
ZTOS OK
ZTSJ OK
ZTSL OK
ZTJI OK
ZTSI OK
ZTSO OK
ZTJO OK
ZTJS OK
ZTJL OK
ZTLI OK
ZTLO OK
ZTLS OK
ZTLJ OK
ZSIJ OK
ZSIL OK
ZSIO OK
ZSIT OK
ZSOJ OK
ZSOL OK
ZSOI OK
ZSOT OK
ZSTJ OK
ZSTI OK
ZSTL OK
ZSTO OK
ZSJI OK
ZSJO OK
ZSJT OK
ZSJL OK
ZSLI OK
ZSLO OK
ZSLT OK
ZSLJ OK
ZJIO OK
ZJIT OK
ZJIS OK
ZJIL OK
ZJOI OK
ZJOT OK
ZJOS OK
ZJOL OK
ZJTI OK
ZJTO OK
ZJTL OK
ZJTS OK
ZJSI OK
ZJST OK
ZJSO OK
ZJSL OK
ZJLO OK
ZJLI OK
ZJLT OK
ZLIO OK
ZJLS OK
ZLIT OK
ZLIJ OK
ZLIS OK
ZLOI OK
ZLOT OK
ZLOS OK
ZLOJ OK
ZLTI OK
ZLTO OK
ZLTS OK
ZLTJ OK
ZLSI OK
ZLST OK
ZLSO OK
ZLSJ OK
ZLJI OK
ZLJO OK
ZLJT OK
ZLJS OK
JIOT OK
JIOS OK
JIOZ OK
JIOL OK
JITO OK
JITS OK
JITZ OK
JITL OK
JISO OK
JIST OK
JISZ OK
JISL OK
JIZO OK
JIZT OK
JIZL OK
JILO OK
JILT OK
JILS OK
JILZ OK
JOIT OK
JOIS OK
JOIZ OK
JOIL OK
JOTI OK
JOTS OK
JOTZ OK
JOTL OK
JOSI OK
JOST OK
JOSZ OK
JOSL OK
JOZI OK
JOZT OK
JIZS OK
JOZL OK
JOLI OK
JOLT OK
JOLS OK
JOLZ OK
JTIO OK
JTIS OK
JTIZ OK
JTIL OK
JTOS OK
JTOI OK
JOZS OK
JTOZ OK
JTOL OK
JTSI OK
JTSO OK
JTSZ OK
JTSL OK
JTZI OK
JTZS OK
JTZO OK
JTZL OK
JTLI OK
JTLS OK
JTLO OK
JTLZ OK
JSIT OK
JSIO OK
JSIZ OK
JSOI OK
JSIL OK
JSOT OK
JSOZ OK
JSOL OK
JSTI OK
JSTO OK
JSTL OK
JSTZ OK
JSZI OK
JSZT OK
JSZO OK
JSZL OK
JSLI OK
JSLO OK
JSLT OK
JSLZ OK
JZIT OK
JZIO OK
JZIL OK
JZIS OK
JZOI OK
JZOT OK
JZOL OK
JZTI OK
JZTO OK
JZTS OK
JZTL OK
JZSI OK
JZSO OK
JZST OK
JZLI OK
JZSL OK
JZLT OK
JZOS OK
JZLO OK
JZLS OK
JLIO OK
JLIT OK
JLIZ OK
JLIS OK
JLOI OK
JLOS OK
JLOT OK
JLOZ OK
JLTO OK
JLTI OK
JLTS OK
JLTZ OK
JLSI OK
JLST OK
JLSO OK
JLSZ OK
JLZI OK
JLZO OK
JLZT OK
JLZS OK
LIOT OK
LIOJ OK
LIOS OK
LIOZ OK
LITO OK
LITS OK
LITZ OK
LITJ OK
LIST OK
LISO OK
LISZ OK
LISJ OK
LIZO OK
LIZT OK
LIZJ OK
LIJO OK
LIZS OK
LIJT OK
LIJZ OK
LIJS OK
LOIT OK
LOIJ OK
LOIZ OK
LOIS OK
LOTS OK
LOTI OK
LOTZ OK
LOTJ OK
LOSI OK
LOST OK
LOSZ OK
LOSJ OK
LOZI OK
LOZT OK
LOZJ OK
LOZS OK
LOJI OK
LOJS OK
LOJT OK
LOJZ OK
LTIO OK
LTIS OK
LTIZ OK
LTIJ OK
LTOI OK
LTOS OK
LTOJ OK
LTOZ OK
LTSI OK
LTSZ OK
LTSO OK
LTZI OK
LTSJ OK
LTZO OK
LTZS OK
LTZJ OK
LTJI OK
LTJO OK
LTJS OK
LTJZ OK
LSIO OK
LSIZ OK
LSIT OK
LSOI OK
LSIJ OK
LSOZ OK
LSOJ OK
LSOT OK
LSTI OK
LSTO OK
LSTZ OK
LSZI OK
LSTJ OK
LSZO OK
LSZT OK
LSZJ OK
LSJI OK
LSJO OK
LSJT OK
LZIO OK
LSJZ OK
LZIS OK
LZIJ OK
LZIT OK
LZOI OK
LZOT OK
LZOS OK
LZTI OK
LZOJ OK
LZTO OK
LZTS OK
LZTJ OK
LZSI OK
LZSO OK
LZST OK
LZJO OK
LZJI OK
LZJT OK
LZSJ OK
LJIO OK
LJIT OK
LJIS OK
LZJS OK
LJIZ OK
LJOI OK
LJOT OK
LJOS OK
LJOZ OK
LJTI OK
LJTO OK
LJTS OK
LJTZ OK
LJSI OK
LJSO OK
LJST OK
LJSZ OK
LJZI OK
LJZO OK
LJZT OK
LJZS OK
