IOTZ OK
IOTJ OK
IOTS OK
IOTL OK
IOST OK
IOSZ OK
IOSJ OK
IOZT OK
IOSL OK
IOZS OK
IOZJ OK
IOZL OK
IOJT OK
IOJL OK
IOLT OK
IOJZ OK
IOJS OK
IOLJ OK
ITOS OK
ITOZ OK
ITOJ OK
ITOL OK
IOLS OK
ITSO OK
ITSJ OK
IOLZ OK
ITSL OK
ITZO OK
ITZS OK
ITZJ OK
ITJO OK
ITZL OK
ITJS OK
ITJZ OK
ITJL OK
ITLO OK
ITLS OK
ITLZ OK
ITSZ OK
ITLJ OK
ISOT OK
ISOZ OK
ISOJ OK
ISOL OK
ISTO OK
ISTZ OK
ISTJ OK
ISTL OK
ISZT OK
ISZJ OK
ISZO OK
ISJO OK
ISJT OK
ISJL OK
ISLO OK
ISLT OK
ISZL OK
ISLJ OK
ISJZ OK
IZOT OK
IZOS OK
IZOJ OK
IZOL OK
IZTO OK
IZTS OK
IZTJ OK
IZTL OK
IZSO OK
IZST OK
ISLZ OK
IZJO OK
IZJT OK
IZSJ OK
IZJL OK
IZLO OK
IZJS OK
IZLT OK
IZSL OK
IZLJ OK
IJOT OK
IJOS OK
IJOL OK
IJOZ OK
IZLS OK
IJTO OK
IJTL OK
IJTS OK
IJTZ OK
IJSO OK
IJST OK
IJSL OK
IJZT OK
IJZO OK
IJZL OK
IJLO OK
IJZS OK
IJLT OK
IJLS OK
IJLZ OK
ILOT OK
IJSZ OK
ILOJ OK
ILTO OK
ILOS OK
ILOZ OK
ILTS OK
ILTJ OK
ILTZ OK
ILSO OK
ILST OK
ILSJ OK
ILZT OK
ILSZ OK
ILZJ OK
ILJO OK
ILJT OK
ILJS OK
ILZO OK
ILJZ OK
OITS OK
OITZ OK
OITJ OK
OITL OK
OIST OK
OISZ OK
OISJ OK
ILZS OK
OISL OK
OIZT OK
OIZS OK
OIZJ OK
OIZL OK
OIJT OK
OIJL OK
OILT OK
OIJZ OK
OIJS OK
OILJ OK
OTIS OK
OTIZ OK
OILS OK
OTIJ OK
OTIL OK
OTSI OK
OTSJ OK
OTSL OK
OILZ OK
OTZI OK
OTSZ OK
OTZS OK
OTZJ OK
OTZL OK
OTJI OK
OTJS OK
OTJZ OK
OTJL OK
OTLI OK
OTLS OK
OTLZ OK
OTLJ OK
OSIT OK
OSIZ OK
OSIJ OK
OSIL OK
OSTI OK
OSTZ OK
OSTJ OK
OSTL OK
OSZI OK
OSZT OK
OSJI OK
OSJT OK
OSZJ OK
OSJL OK
OSZL OK
OSLT OK
OSLI OK
OSLJ OK
OZIT OK
OZIS OK
OSJZ OK
OZIJ OK
OZIL OK
OZTI OK
OZTS OK
OZTJ OK
OZTL OK
OZSI OK
OZST OK
OSLZ OK
OZJI OK
OZJT OK
OZSJ OK
OZSL OK
OZJL OK
OZLI OK
OZLT OK
OZLJ OK
OJIT OK
OZJS OK
OZLS OK
OJIL OK
OJTI OK
OJTS OK
OJTZ OK
OJIS OK
OJTL OK
OJIZ OK
OJST OK
OJSI OK
OJSL OK
OJZI OK
OJZT OK
OJZL OK
OJLI OK
OJLT OK
OJLS OK
OJLZ OK
OLIT OK
OJZS OK
OLIS OK
OJSZ OK
OLIJ OK
OLTI OK
OLTS OK
OLTZ OK
OLTJ OK
OLIZ OK
OLSI OK
OLSJ OK
OLST OK
OLZI OK
OLZT OK
OLZJ OK
OLJI OK
OLJT OK
OLJS OK
OLJZ OK
OLSZ OK
TIOS OK
TIOJ OK
TIOZ OK
TIOL OK
TISO OK
OLZS OK
TISZ OK
TISJ OK
TISL OK
TIZO OK
TIZS OK
TIZJ OK
TIJO OK
TIZL OK
TIJS OK
TIJZ OK
TIJL OK
TILO OK
TILS OK
TILZ OK
TILJ OK
TOIZ OK
TOIS OK
TOIJ OK
TOIL OK
TOSI OK
TOSJ OK
TOSL OK
TOZI OK
TOZS OK
TOZJ OK
TOZL OK
TOJI OK
TOSZ OK
TOJS OK
TOJZ OK
TOJL OK
TOLI OK
TOLS OK
TOLZ OK
TOLJ OK
TSIO OK
TSIZ OK
TSIJ OK
TSIL OK
TSOI OK
TSOJ OK
TSOL OK
TSZI OK
TSZJ OK
TSOZ OK
TSZL OK
TSJI OK
TSJO OK
TSJZ OK
TSZO OK
TSJL OK
TSLI OK
TSLO OK
TSLZ OK
TSLJ OK
TZIO OK
TZIS OK
TZIJ OK
TZIL OK
TZOI OK
TZOJ OK
TZOS OK
TZOL OK
TZSI OK
TZSJ OK
TZSL OK
TZJI OK
TZJO OK
TZJS OK
TZSO OK
TZJL OK
TZLO OK
TZLI OK
TZLS OK
TZLJ OK
TJIO OK
TJIS OK
TJIZ OK
TJIL OK
TJOI OK
TJOS OK
TJOZ OK
TJOL OK
TJSO OK
TJSI OK
TJSZ OK
TJSL OK
TJZI OK
TJZO OK
TJZL OK
TJZS OK
TJLI OK
TJLO OK
TJLS OK
TJLZ OK
TLIO OK
TLIS OK
TLIZ OK
TLIJ OK
TLOI OK
TLOS OK
TLOZ OK
TLOJ OK
TLSI OK
TLSO OK
TLSZ OK
TLSJ OK
TLZI OK
TLZO OK
TLZJ OK
TLZS OK
TLJI OK
TLJO OK
TLJS OK
TLJZ OK
SIOT OK
SIOZ OK
SIOJ OK
SIOL OK
SITO OK
SITZ OK
SITL OK
SITJ OK
SIZO OK
SIZT OK
SIZJ OK
SIJO OK
SIJT OK
SIJL OK
SILO OK
SILT OK
SIZL OK
SILJ OK
SOIT OK
SIJZ OK
SOIZ OK
SOIJ OK
SILZ OK
SOIL OK
SOTI OK
SOTZ OK
SOTJ OK
SOTL OK
SOZI OK
SOZT OK
SOJI OK
SOJT OK
SOZJ OK
SOJL OK
SOZL OK
SOLI OK
SOLT OK
SOLJ OK
SOJZ OK
STIO OK
STIZ OK
STIJ OK
STIL OK
STOI OK
STOZ OK
STOJ OK
STOL OK
STZI OK
SOLZ OK
STZJ OK
STZO OK
STJI OK
STJO OK
STZL OK
STJL OK
STJZ OK
STLO OK
STLI OK
STLJ OK
SZIO OK
SZIT OK
SZIJ OK
SZOI OK
SZOT OK
STLZ OK
SZOJ OK
SZIL OK
SZTI OK
SZTO OK
SZTJ OK
SZOL OK
SZJI OK
SZTL OK
SZJL OK
SZJT OK
SZJO OK
SZLI OK
SZLJ OK
SZLO OK
SZLT OK
SJIO OK
SJIT OK
SJIL OK
SJOI OK
SJOT OK
SJOL OK
SJTI OK
SJTO OK
SJIZ OK
SJTL OK
SJOZ OK
SJTZ OK
SJZI OK
SJZL OK
SJLI OK
SJLO OK
SJZT OK
SJLT OK
SJLZ OK
SLIO OK
SLIT OK
SLIJ OK
SLOI OK
SLOT OK
SJZO OK
SLOJ OK
SLTI OK
SLIZ OK
SLTO OK
SLTJ OK
SLOZ OK
SLTZ OK
SLZI OK
SLZT OK
SLZJ OK
SLJI OK
SLJO OK
SLJT OK
SLZO OK
ZIOT OK
SLJZ OK
ZIOS OK
ZIOJ OK
ZIOL OK
ZITO OK
ZITS OK
ZITJ OK
ZITL OK
ZIST OK
ZISO OK
ZIJO OK
ZISJ OK
ZIJT OK
ZISL OK
ZIJL OK
ZILO OK
ZILT OK
ZILJ OK
ZOIT OK
ZOIS OK
ZIJS OK
ZOIJ OK
ZOIL OK
ZOTI OK
ZOTS OK
ZOTJ OK
ZOTL OK
ZOSI OK
ZOST OK
ZILS OK
ZOJI OK
ZOJT OK
ZOSJ OK
ZOJL OK
ZOLI OK
ZOSL OK
ZOLT OK
ZOLJ OK
ZTIO OK
ZOJS OK
ZTIS OK
ZTIJ OK
ZTIL OK
ZTOI OK
ZTOS OK
ZOLS OK
ZTOJ OK
ZTOL OK
ZTSI OK
ZTSJ OK
ZTSL OK
ZTSO OK
ZTJI OK
ZTJO OK
ZTJL OK
ZTJS OK
ZTLI OK
ZTLO OK
ZTLS OK
ZTLJ OK
ZSIT OK
ZSIO OK
ZSIJ OK
ZSIL OK
ZSOI OK
ZSOT OK
ZSTI OK
ZSTO OK
ZSTJ OK
ZSOJ OK
ZSOL OK
ZSTL OK
ZSJT OK
ZSJI OK
ZSJL OK
ZSJO OK
ZSLI OK
ZSLJ OK
ZSLT OK
ZJIT OK
ZSLO OK
ZJIL OK
ZJIO OK
ZJOT OK
ZJOI OK
ZJOL OK
ZJIS OK
ZJTI OK
ZJTO OK
ZJTL OK
ZJOS OK
ZJSI OK
ZJTS OK
ZJSL OK
ZJLI OK
ZJLO OK
ZJSO OK
ZJLT OK
ZJLS OK
ZJST OK
ZLIT OK
ZLIJ OK
ZLIO OK
ZLOT OK
ZLOI OK
ZLOJ OK
ZLTI OK
ZLTO OK
ZLIS OK
ZLOS OK
ZLTJ OK
ZLTS OK
ZLSI OK
ZLSJ OK
ZLJI OK
ZLJO OK
ZLJT OK
ZLSO OK
ZLST OK
ZLJS OK
JIOT OK
JIOL OK
JITO OK
JITS OK
JITZ OK
JIOS OK
JIOZ OK
JITL OK
JIST OK
JISL OK
JISO OK
JISZ OK
JIZT OK
JIZL OK
JIZO OK
JILO OK
JILT OK
JILS OK
JILZ OK
JOIT OK
JIZS OK
JOIL OK
JOTI OK
JOTS OK
JOIS OK
JOTZ OK
JOTL OK
JOIZ OK
JOST OK
JOSI OK
JOSL OK
JOZT OK
JOZI OK
JOZL OK
JOLI OK
JOLT OK
JOLS OK
JOLZ OK
JTIO OK
JTIS OK
JTIZ OK
JTIL OK
JOZS OK
JTOI OK
JTOS OK
JTOZ OK
JTOL OK
JTSI OK
JTSO OK
JTSL OK
JTSZ OK
JTZO OK
JTZI OK
JOSZ OK
JTZL OK
JTLI OK
JTLO OK
JTLS OK
JTLZ OK
JSIT OK
JSIO OK
JSIL OK
JSOI OK
JTZS OK
JSOT OK
JSOL OK
JSIZ OK
JSTI OK
JSTO OK
JSTL OK
JSOZ OK
JSTZ OK
JSZI OK
JSZL OK
JSLI OK
JSLO OK
JSLT OK
JSLZ OK
JSZT OK
JZIT OK
JZIO OK
JZIL OK
JSZO OK
JZOT OK
JZOI OK
JZOL OK
JZTI OK
JZIS OK
JZTO OK
JZTL OK
JZOS OK
JZTS OK
JZSI OK
JZSL OK
JZLI OK
JZLO OK
JZSO OK
JZLT OK
JZLS OK
JLIO OK
JLIT OK
JLIS OK
JLIZ OK
JLOI OK
JLOT OK
JLOS OK
JZST OK
JLOZ OK
JLTI OK
JLTO OK
JLTS OK
JLTZ OK
JLSO OK
JLSI OK
JLST OK
JLZI OK
JLZO OK
JLZT OK
LIOT OK
JLZS OK
JLSZ OK
LIOS OK
LIOJ OK
LITO OK
LITS OK
LITJ OK
LITZ OK
LIOZ OK
LISO OK
LIST OK
LISJ OK
LIZT OK
LISZ OK
LIZJ OK
LIJO OK
LIJT OK
LIJS OK
LIJZ OK
LIZO OK
LOIT OK
LIZS OK
LOIJ OK
LOIS OK
LOTI OK
LOTS OK
LOTZ OK
LOTJ OK
LOIZ OK
LOSI OK
LOSJ OK
LOST OK
LOZT OK
LOZI OK
LOZJ OK
LOJI OK
LOSZ OK
LOJT OK
LOJS OK
LOJZ OK
LTIO OK
LTIS OK
LTIZ OK
LTIJ OK
LTOI OK
LOZS OK
LTOS OK
LTOZ OK
LTOJ OK
LTSI OK
LTSO OK
LTSZ OK
LTSJ OK
LTZI OK
LTZO OK
LTZJ OK
LTJI OK
LTJO OK
LTJS OK
LTJZ OK
LSIT OK
LTZS OK
LSIO OK
LSIJ OK
LSOI OK
LSOT OK
LSOJ OK
LSTI OK
LSIZ OK
LSOZ OK
LSTJ OK
LSTO OK
LSTZ OK
LSZO OK
LSZI OK
LSZJ OK
LSJI OK
LSJO OK
LSJT OK
LSJZ OK
LSZT OK
LZIT OK
LZIJ OK
LZIO OK
LZOT OK
LZOI OK
LZOJ OK
LZTI OK
LZTO OK
LZIS OK
LZOS OK
LZTJ OK
LZTS OK
LZSO OK
LZSJ OK
LZSI OK
LZJI OK
LZJO OK
LZJT OK
LZJS OK
LJIO OK
LJIT OK
LJIS OK
LJIZ OK
LJOI OK
LZST OK
LJOT OK
LJOZ OK
LJOS OK
LJTI OK
LJTS OK
LJTO OK
LJTZ OK
LJSI OK
LJSO OK
LJST OK
LJZI OK
LJZO OK
LJZT OK
LJSZ OK
LJZS OK
