IOTJ OK
IOTS OK
IOTZ OK
IOTL OK
IOST OK
IOSZ OK
IOSJ OK
IOSL OK
IOZT OK
IOZS OK
IOZL OK
IOJT OK
IOZJ OK
IOJL OK
IOLT OK
IOJZ OK
IOJS OK
IOLJ OK
ITOS OK
ITOZ OK
ITOJ OK
IOLS OK
IOLZ OK
ITOL OK
ITSO OK
ITSJ OK
ITSL OK
ITZO OK
ITZS OK
ITZJ OK
ITZL OK
ITJO OK
ITJZ OK
ITJS OK
ITJL OK
ITLO OK
ITLZ OK
ITLS OK
ITLJ OK
ISOT OK
ITSZ OK
ISOZ OK
ISOJ OK
ISTO OK
ISOL OK
ISTZ OK
ISTJ OK
ISTL OK
ISZT OK
ISZO OK
ISZJ OK
ISJO OK
ISJT OK
ISJL OK
ISZL OK
ISLO OK
ISLT OK
ISLJ OK
IZOT OK
ISJZ OK
IZOS OK
IZOJ OK
IZOL OK
IZTO OK
IZTS OK
IZTJ OK
IZTL OK
IZST OK
IZSO OK
IZSJ OK
IZJO OK
IZJT OK
IZSL OK
IZJL OK
ISLZ OK
IZLT OK
IZJS OK
IZLO OK
IZLJ OK
IJOT OK
IJOS OK
IJOZ OK
IJOL OK
IZLS OK
IJTO OK
IJTL OK
IJTS OK
IJTZ OK
IJSO OK
IJSL OK
IJST OK
IJZT OK
IJZO OK
IJZL OK
IJZS OK
IJLO OK
IJLT OK
IJLS OK
IJLZ OK
IJSZ OK
ILOT OK
ILOJ OK
ILTO OK
ILTS OK
ILOS OK
ILOZ OK
ILTJ OK
ILTZ OK
ILSO OK
ILST OK
ILSJ OK
ILZT OK
ILSZ OK
ILZJ OK
ILJO OK
ILJT OK
ILZO OK
ILJS OK
ILJZ OK
OITS OK
OITZ OK
OITJ OK
OITL OK
OIST OK
OISZ OK
OISJ OK
ILZS OK
OIZT OK
OISL OK
OIZS OK
OIZJ OK
OIZL OK
OIJT OK
OIJL OK
OILT OK
OIJS OK
OIJZ OK
OILJ OK
OILS OK
OTIS OK
OTIJ OK
OTIZ OK
OTIL OK
OTSI OK
OTSJ OK
OTSL OK
OTZI OK
OILZ OK
OTZS OK
OTSZ OK
OTZJ OK
OTJI OK
OTZL OK
OTJS OK
OTJZ OK
OTJL OK
OTLI OK
OTLS OK
OTLZ OK
OTLJ OK
OSIT OK
OSIJ OK
OSIZ OK
OSIL OK
OSTI OK
OSTZ OK
OSTJ OK
OSTL OK
OSZI OK
OSZT OK
OSJI OK
OSJT OK
OSZJ OK
OSJL OK
OSZL OK
OSLI OK
OSLT OK
OSLJ OK
OSJZ OK
OZIT OK
OZIS OK
OZIJ OK
OZIL OK
OZTI OK
OZTS OK
OZTJ OK
OZTL OK
OZSI OK
OZST OK
OSLZ OK
OZJI OK
OZJT OK
OZSJ OK
OZJL OK
OZSL OK
OZLI OK
OZLT OK
OZLJ OK
OJIT OK
OZJS OK
OZLS OK
OJIL OK
OJTI OK
OJTS OK
OJIS OK
OJTZ OK
OJTL OK
OJIZ OK
OJST OK
OJSI OK
OJSL OK
OJZI OK
OJZT OK
OJZL OK
OJLI OK
OJLT OK
OJLS OK
OJLZ OK
OLIT OK
OJZS OK
OLIS OK
OLIJ OK
OLTI OK
OJSZ OK
OLTS OK
OLTZ OK
OLTJ OK
OLIZ OK
OLSI OK
OLSJ OK
OLST OK
OLZI OK
OLZT OK
OLZJ OK
OLJI OK
OLJT OK
OLJS OK
OLJZ OK
TIOS OK
OLSZ OK
TIOJ OK
TIOZ OK
TIOL OK
TISO OK
TISZ OK
OLZS OK
TISJ OK
TISL OK
TIZO OK
TIZS OK
TIZJ OK
TIJO OK
TIZL OK
TIJS OK
TIJZ OK
TIJL OK
TILO OK
TILS OK
TILZ OK
TILJ OK
TOIS OK
TOIZ OK
TOIJ OK
TOIL OK
TOSI OK
TOSJ OK
TOSL OK
TOZI OK
TOZS OK
TOZJ OK
TOSZ OK
TOJI OK
TOZL OK
TOJS OK
TOJZ OK
TOJL OK
TOLI OK
TOLS OK
TOLZ OK
TOLJ OK
TSIO OK
TSIZ OK
TSIJ OK
TSIL OK
TSOI OK
TSOJ OK
TSOL OK
TSZI OK
TSZJ OK
TSOZ OK
TSZL OK
TSJI OK
TSJO OK
TSZO OK
TSJZ OK
TSJL OK
TSLI OK
TSLO OK
TSLZ OK
TSLJ OK
TZIO OK
TZIS OK
TZIJ OK
TZIL OK
TZOI OK
TZOJ OK
TZOL OK
TZOS OK
TZSI OK
TZSO OK
TZSJ OK
TZSL OK
TZJI OK
TZJO OK
TZJS OK
TZJL OK
TZLI OK
TZLO OK
TZLJ OK
TZLS OK
TJIO OK
TJIS OK
TJIZ OK
TJIL OK
TJOI OK
TJOS OK
TJOZ OK
TJOL OK
TJSI OK
TJSO OK
TJSZ OK
TJSL OK
TJZI OK
TJZO OK
TJZL OK
TJZS OK
TJLI OK
TJLO OK
TJLS OK
TJLZ OK
TLIO OK
TLIS OK
TLIZ OK
TLIJ OK
TLOI OK
TLOS OK
TLOZ OK
TLOJ OK
TLSI OK
TLSO OK
TLSZ OK
TLSJ OK
TLZI OK
TLZO OK
TLZS OK
TLZJ OK
TLJI OK
TLJO OK
TLJS OK
TLJZ OK
SIOT OK
SIOZ OK
SIOJ OK
SITO OK
SIOL OK
SITZ OK
SITJ OK
SITL OK
SIZO OK
SIZT OK
SIJO OK
SIJT OK
SIZJ OK
SIJL OK
SILO OK
SILT OK
SIZL OK
SILJ OK
SOIT OK
SOIZ OK
SOIJ OK
SOIL OK
SIJZ OK
SOTI OK
SOTZ OK
SOTJ OK
SILZ OK
SOZI OK
SOTL OK
SOZT OK
SOJI OK
SOJT OK
SOZJ OK
SOJL OK
SOZL OK
SOLI OK
SOLT OK
SOLJ OK
STIO OK
SOJZ OK
STIZ OK
STIJ OK
STIL OK
STOI OK
STOZ OK
STOJ OK
STOL OK
STZI OK
SOLZ OK
STZJ OK
STZO OK
STJI OK
STZL OK
STJO OK
STJZ OK
STJL OK
STLO OK
STLI OK
STLJ OK
SZIO OK
SZIT OK
STLZ OK
SZIJ OK
SZOI OK
SZOT OK
SZIL OK
SZTI OK
SZTO OK
SZOJ OK
SZTJ OK
SZTL OK
SZOL OK
SZJT OK
SZJL OK
SZJI OK
SZJO OK
SZLT OK
SZLJ OK
SJIO OK
SZLI OK
SJIT OK
SZLO OK
SJIL OK
SJOI OK
SJOT OK
SJOL OK
SJTI OK
SJTO OK
SJTZ OK
SJTL OK
SJOZ OK
SJIZ OK
SJZT OK
SJZL OK
SJLI OK
SJLO OK
SJLT OK
SJLZ OK
SJZI OK
SLIO OK
SLIT OK
SLIJ OK
SLOI OK
SLOT OK
SJZO OK
SLOJ OK
SLTI OK
SLIZ OK
SLTO OK
SLTJ OK
SLOZ OK
SLTZ OK
SLZI OK
SLZT OK
SLZO OK
SLJI OK
SLZJ OK
SLJO OK
SLJT OK
SLJZ OK
ZIOT OK
ZIOS OK
ZIOJ OK
ZIOL OK
ZITO OK
ZITS OK
ZITJ OK
ZITL OK
ZIST OK
ZISO OK
ZISJ OK
ZIJO OK
ZIJT OK
ZISL OK
ZIJL OK
ZILT OK
ZILO OK
ZILJ OK
ZIJS OK
ZOIT OK
ZOIS OK
ZOIJ OK
ZOIL OK
ZOTI OK
ZILS OK
ZOTS OK
ZOTJ OK
ZOTL OK
ZOSI OK
ZOST OK
ZOJI OK
ZOJT OK
ZOSL OK
ZOSJ OK
ZOJL OK
ZOLI OK
ZOLT OK
ZOLJ OK
ZTIO OK
ZOJS OK
ZTIS OK
ZTIJ OK
ZTIL OK
ZTOI OK
ZTOS OK
ZTOJ OK
ZOLS OK
ZTOL OK
ZTSI OK
ZTSO OK
ZTSJ OK
ZTSL OK
ZTJO OK
ZTJI OK
ZTJS OK
ZTJL OK
ZTLI OK
ZTLO OK
ZTLS OK
ZTLJ OK
ZSIT OK
ZSIO OK
ZSIJ OK
ZSOI OK
ZSOT OK
ZSIL OK
ZSTI OK
ZSTO OK
ZSTJ OK
ZSOJ OK
ZSOL OK
ZSTL OK
ZSJT OK
ZSJL OK
ZSJI OK
ZSJO OK
ZSLT OK
ZSLJ OK
ZSLI OK
ZJIT OK
ZSLO OK
ZJIO OK
ZJIL OK
ZJOT OK
ZJOI OK
ZJOL OK
ZJIS OK
ZJTI OK
ZJTO OK
ZJTS OK
ZJTL OK
ZJOS OK
ZJST OK
ZJSL OK
ZJSI OK
ZJLI OK
ZJLO OK
ZJLT OK
ZJLS OK
ZJSO OK
ZLIT OK
ZLIJ OK
ZLIO OK
ZLOT OK
ZLOI OK
ZLOJ OK
ZLIS OK
ZLTI OK
ZLTO OK
ZLTS OK
ZLTJ OK
ZLOS OK
ZLST OK
ZLSJ OK
ZLJI OK
ZLJO OK
ZLJT OK
ZLSI OK
ZLJS OK
ZLSO OK
JIOT OK
JIOL OK
JITO OK
JITS OK
JIOS OK
JIOZ OK
JITL OK
JITZ OK
JIST OK
JISL OK
JISO OK
JIZT OK
JIZO OK
JIZL OK
JILO OK
JILT OK
JILS OK
JILZ OK
JOIT OK
JISZ OK
JIZS OK
JOIL OK
JOTI OK
JOTS OK
JOTZ OK
JOTL OK
JOIS OK
JOSI OK
JOIZ OK
JOST OK
JOSL OK
JOZT OK
JOZI OK
JOZL OK
JOLI OK
JOLT OK
JOLS OK
JOLZ OK
JTIO OK
JTIS OK
JOZS OK
JTIZ OK
JTIL OK
JTOI OK
JTOS OK
JTOZ OK
JTOL OK
JTSI OK
JTSO OK
JTSZ OK
JTSL OK
JTZI OK
JTZO OK
JOSZ OK
JTZL OK
JTLI OK
JTLO OK
JTLS OK
JTLZ OK
JSIT OK
JSIO OK
JSIL OK
JTZS OK
JSOT OK
JSOI OK
JSOL OK
JSTI OK
JSTO OK
JSIZ OK
JSOZ OK
JSTL OK
JSTZ OK
JSZI OK
JSZL OK
JSLI OK
JSLO OK
JSLT OK
JSZT OK
JSLZ OK
JZIT OK
JSZO OK
JZIL OK
JZIO OK
JZOT OK
JZOI OK
JZOL OK
JZTI OK
JZIS OK
JZTO OK
JZTL OK
JZOS OK
JZTS OK
JZST OK
JZSI OK
JZSL OK
JZLI OK
JZLO OK
JZLT OK
JZLS OK
JLIO OK
JLIT OK
JLIS OK
JLIZ OK
JLOI OK
JLOT OK
JZSO OK
JLOS OK
JLOZ OK
JLTI OK
JLTO OK
JLTS OK
JLTZ OK
JLSI OK
JLSO OK
JLST OK
JLZO OK
JLSZ OK
JLZI OK
JLZT OK
LIOT OK
JLZS OK
LIOJ OK
LITO OK
LITS OK
LITZ OK
LITJ OK
LIOS OK
LIOZ OK
LISO OK
LISJ OK
LIST OK
LIZT OK
LISZ OK
LIZJ OK
LIJO OK
LIJT OK
LIZO OK
LIJS OK
LIJZ OK
LOIT OK
LIZS OK
LOIS OK
LOIJ OK
LOTI OK
LOIZ OK
LOTS OK
LOTZ OK
LOTJ OK
LOSI OK
LOST OK
LOSJ OK
LOZT OK
LOZI OK
LOZJ OK
LOSZ OK
LOJI OK
LOJT OK
LOJS OK
LOJZ OK
LTIO OK
LTIS OK
LOZS OK
LTIZ OK
LTIJ OK
LTOI OK
LTOS OK
LTOZ OK
LTOJ OK
LTSI OK
LTSO OK
LTSZ OK
LTSJ OK
LTZI OK
LTZO OK
LTZJ OK
LTJI OK
LTJO OK
LTJS OK
LTJZ OK
LTZS OK
LSIT OK
LSIO OK
LSIJ OK
LSOI OK
LSOT OK
LSOJ OK
LSTI OK
LSIZ OK
LSTO OK
LSTJ OK
LSOZ OK
LSTZ OK
LSZI OK
LSZO OK
LSZJ OK
LSJI OK
LSJO OK
LSJT OK
LSJZ OK
LSZT OK
LZIT OK
LZIJ OK
LZIO OK
LZOT OK
LZOI OK
LZOJ OK
LZTI OK
LZTO OK
LZIS OK
LZOS OK
LZTJ OK
LZTS OK
LZST OK
LZSJ OK
LZJI OK
LZSI OK
LZJO OK
LZJT OK
LZSO OK
LZJS OK
LJIO OK
LJIT OK
LJIS OK
LJOI OK
LJIZ OK
LJOT OK
LJOS OK
LJOZ OK
LJTI OK
LJTO OK
LJTS OK
LJTZ OK
LJSO OK
LJSI OK
LJST OK
LJZI OK
LJZO OK
LJZT OK
LJZS OK
LJSZ OK
