IOTJ OK
IOTZ OK
IOTS OK
IOTL OK
IOST OK
IOSZ OK
IOSJ OK
IOZT OK
IOZS OK
IOSL OK
IOZJ OK
IOJT OK
IOZL OK
IOJL OK
IOLT OK
IOJS OK
IOJZ OK
IOLJ OK
ITOS OK
ITOZ OK
ITOJ OK
IOLS OK
ITOL OK
ITSO OK
ITSJ OK
IOLZ OK
ITSL OK
ITZO OK
ITZS OK
ITZJ OK
ITZL OK
ITJO OK
ITJS OK
ITJZ OK
ITJL OK
ITLO OK
ITSZ OK
ITLS OK
ITLJ OK
ITLZ OK
ISOT OK
ISOZ OK
ISOJ OK
ISTO OK
ISTZ OK
ISOL OK
ISTJ OK
ISTL OK
ISZT OK
ISZO OK
ISJO OK
ISJT OK
ISZJ OK
ISJL OK
ISZL OK
ISLT OK
ISLO OK
ISLJ OK
IZOT OK
IZOS OK
IZOJ OK
ISJZ OK
IZOL OK
IZTO OK
IZTS OK
ISLZ OK
IZTJ OK
IZTL OK
IZST OK
IZSO OK
IZJO OK
IZJT OK
IZSJ OK
IZJL OK
IZSL OK
IZLT OK
IZLO OK
IZLJ OK
IJOT OK
IZJS OK
IZLS OK
IJOL OK
IJOS OK
IJTO OK
IJOZ OK
IJTL OK
IJTS OK
IJTZ OK
IJSO OK
IJST OK
IJSL OK
IJZT OK
IJSZ OK
IJZO OK
IJZL OK
IJLO OK
IJLT OK
IJLS OK
IJZS OK
IJLZ OK
ILOT OK
ILOJ OK
ILTO OK
ILTS OK
ILOS OK
ILOZ OK
ILTJ OK
ILTZ OK
ILSO OK
ILSJ OK
ILST OK
ILZT OK
ILSZ OK
ILZJ OK
ILJO OK
ILJT OK
ILZO OK
ILJS OK
ILJZ OK
OITS OK
OITZ OK
OITJ OK
OITL OK
OIST OK
OISZ OK
ILZS OK
OISJ OK
OIZT OK
OIZS OK
OIZJ OK
OISL OK
OIJT OK
OIZL OK
OIJL OK
OILT OK
OIJS OK
OIJZ OK
OILJ OK
OTIS OK
OTIZ OK
OILS OK
OTIJ OK
OTIL OK
OTSI OK
OTSJ OK
OILZ OK
OTSL OK
OTZI OK
OTSZ OK
OTZS OK
OTZJ OK
OTJI OK
OTZL OK
OTJS OK
OTJL OK
OTJZ OK
OTLI OK
OTLS OK
OTLZ OK
OTLJ OK
OSIT OK
OSIZ OK
OSIJ OK
OSIL OK
OSTI OK
OSTZ OK
OSTJ OK
OSTL OK
OSZI OK
OSZT OK
OSJI OK
OSJT OK
OSZJ OK
OSJL OK
OSZL OK
OSLI OK
OSLT OK
OSLJ OK
OZIT OK
OZIS OK
OSJZ OK
OZIJ OK
OZIL OK
OZTI OK
OZTS OK
OZTJ OK
OZTL OK
OZSI OK
OZST OK
OSLZ OK
OZJI OK
OZJT OK
OZSJ OK
OZSL OK
OZJL OK
OZLT OK
OZLI OK
OZLJ OK
OJIT OK
OZJS OK
OZLS OK
OJIL OK
OJTI OK
OJTS OK
OJTZ OK
OJTL OK
OJIS OK
OJIZ OK
OJSI OK
OJST OK
OJSL OK
OJZI OK
OJZT OK
OJZL OK
OJLI OK
OJLT OK
OJLS OK
OJLZ OK
OLIT OK
OJSZ OK
OJZS OK
OLIJ OK
OLTI OK
OLTS OK
OLTZ OK
OLIS OK
OLTJ OK
OLIZ OK
OLSI OK
OLSJ OK
OLST OK
OLZI OK
OLZT OK
OLZJ OK
OLJI OK
OLJT OK
OLJS OK
OLSZ OK
OLJZ OK
TIOS OK
TIOZ OK
TIOJ OK
TIOL OK
OLZS OK
TISO OK
TISZ OK
TISL OK
TISJ OK
TIZO OK
TIZJ OK
TIZS OK
TIZL OK
TIJO OK
TIJS OK
TIJZ OK
TIJL OK
TILO OK
TILS OK
TILZ OK
TILJ OK
TOIS OK
TOIJ OK
TOIZ OK
TOIL OK
TOSI OK
TOSJ OK
TOSL OK
TOZI OK
TOZS OK
TOZJ OK
TOZL OK
TOJI OK
TOJS OK
TOJZ OK
TOSZ OK
TOJL OK
TOLI OK
TOLS OK
TOLZ OK
TOLJ OK
TSIO OK
TSIZ OK
TSIJ OK
TSIL OK
TSOI OK
TSOJ OK
TSOL OK
TSZI OK
TSZJ OK
TSOZ OK
TSZL OK
TSJI OK
TSZO OK
TSJO OK
TSJL OK
TSJZ OK
TSLI OK
TSLZ OK
TSLO OK
TSLJ OK
TZIO OK
TZIS OK
TZIJ OK
TZIL OK
TZOI OK
TZOS OK
TZOJ OK
TZOL OK
TZSI OK
TZSO OK
TZSJ OK
TZSL OK
TZJI OK
TZJO OK
TZJS OK
TZJL OK
TZLI OK
TZLO OK
TZLJ OK
TJIO OK
TZLS OK
TJIS OK
TJIZ OK
TJIL OK
TJOI OK
TJOS OK
TJOZ OK
TJOL OK
TJSI OK
TJSO OK
TJSZ OK
TJSL OK
TJZI OK
TJZO OK
TJZL OK
TJLI OK
TJZS OK
TJLO OK
TJLS OK
TJLZ OK
TLIO OK
TLIS OK
TLIZ OK
TLIJ OK
TLOI OK
TLOS OK
TLOZ OK
TLOJ OK
TLSI OK
TLSO OK
TLSZ OK
TLSJ OK
TLZI OK
TLZO OK
TLZJ OK
TLJI OK
TLZS OK
TLJO OK
TLJS OK
TLJZ OK
SIOT OK
SIOZ OK
SIOJ OK
SIOL OK
SITO OK
SITZ OK
SITJ OK
SITL OK
SIZO OK
SIZT OK
SIJO OK
SIZJ OK
SIJT OK
SIJL OK
SILO OK
SILT OK
SIZL OK
SILJ OK
SOIT OK
SOIZ OK
SIJZ OK
SOIJ OK
SOIL OK
SOTI OK
SOTZ OK
SOTJ OK
SOTL OK
SOZI OK
SILZ OK
SOZT OK
SOJI OK
SOZJ OK
SOJT OK
SOZL OK
SOJL OK
SOLI OK
SOLT OK
SOLJ OK
STIO OK
STIZ OK
STIJ OK
STIL OK
SOJZ OK
STOI OK
STOZ OK
STOJ OK
STOL OK
STZI OK
SOLZ OK
STZJ OK
STJI OK
STJO OK
STZO OK
STZL OK
STJZ OK
STJL OK
STLI OK
STLO OK
STLJ OK
SZIO OK
SZIT OK
STLZ OK
SZIJ OK
SZOI OK
SZOT OK
SZIL OK
SZOJ OK
SZOL OK
SZTI OK
SZTO OK
SZTJ OK
SZTL OK
SZJT OK
SZJL OK
SZJI OK
SZJO OK
SZLT OK
SZLJ OK
SZLO OK
SJIO OK
SJIT OK
SJIL OK
SZLI OK
SJOT OK
SJOI OK
SJOL OK
SJTI OK
SJTO OK
SJTZ OK
SJTL OK
SJIZ OK
SJOZ OK
SJZT OK
SJZO OK
SJZL OK
SJLI OK
SJLO OK
SJLT OK
SJLZ OK
SJZI OK
SLIT OK
SLIO OK
SLIJ OK
SLOT OK
SLOI OK
SLOJ OK
SLTI OK
SLTO OK
SLIZ OK
SLTJ OK
SLOZ OK
SLTZ OK
SLZO OK
SLZT OK
SLZJ OK
SLJI OK
SLZI OK
SLJO OK
SLJT OK
ZIOT OK
SLJZ OK
ZIOS OK
ZIOJ OK
ZIOL OK
ZITO OK
ZITS OK
ZITJ OK
ZITL OK
ZIST OK
ZISO OK
ZIJO OK
ZISJ OK
ZIJT OK
ZISL OK
ZIJL OK
ZILT OK
ZILO OK
ZILJ OK
ZOIT OK
ZOIS OK
ZOIJ OK
ZIJS OK
ZOIL OK
ZOTI OK
ZILS OK
ZOTS OK
ZOTJ OK
ZOTL OK
ZOST OK
ZOSI OK
ZOJI OK
ZOJT OK
ZOSJ OK
ZOSL OK
ZOJL OK
ZOLI OK
ZOLT OK
ZOLJ OK
ZTIO OK
ZOJS OK
ZTIS OK
ZTIJ OK
ZTIL OK
ZTOS OK
ZTOI OK
ZTOJ OK
ZOLS OK
ZTOL OK
ZTSI OK
ZTSO OK
ZTSJ OK
ZTSL OK
ZTJO OK
ZTJI OK
ZTJS OK
ZTJL OK
ZTLI OK
ZTLO OK
ZTLS OK
ZTLJ OK
ZSIO OK
ZSIT OK
ZSOI OK
ZSIJ OK
ZSOT OK
ZSIL OK
ZSTI OK
ZSOJ OK
ZSTO OK
ZSTJ OK
ZSOL OK
ZSTL OK
ZSJT OK
ZSJL OK
ZSJI OK
ZSJO OK
ZSLT OK
ZSLO OK
ZSLI OK
ZSLJ OK
ZJIT OK
ZJIO OK
ZJIL OK
ZJOT OK
ZJOI OK
ZJOL OK
ZJTI OK
ZJTO OK
ZJIS OK
ZJTS OK
ZJTL OK
ZJOS OK
ZJST OK
ZJSL OK
ZJSI OK
ZJLI OK
ZJLO OK
ZJLT OK
ZJLS OK
ZLIT OK
ZLIO OK
ZLIJ OK
ZJSO OK
ZLOI OK
ZLOT OK
ZLOJ OK
ZLTI OK
ZLIS OK
ZLTO OK
ZLTS OK
ZLTJ OK
ZLOS OK
ZLST OK
ZLSJ OK
ZLSI OK
ZLJI OK
ZLJO OK
ZLJT OK
ZLJS OK
JIOT OK
ZLSO OK
JIOL OK
JITO OK
JITS OK
JIOS OK
JITL OK
JITZ OK
JIOZ OK
JISO OK
JIST OK
JISL OK
JIZT OK
JISZ OK
JIZL OK
JIZO OK
JILO OK
JILT OK
JILS OK
JILZ OK
JOIT OK
JIZS OK
JOIL OK
JOTI OK
JOTS OK
JOTZ OK
JOTL OK
JOIS OK
JOIZ OK
JOSI OK
JOSL OK
JOST OK
JOZT OK
JOZI OK
JOZL OK
JOLI OK
JOLT OK
JOLS OK
JOLZ OK
JTIO OK
JOSZ OK
JTIS OK
JTIZ OK
JTIL OK
JTOI OK
JTOS OK
JOZS OK
JTOL OK
JTOZ OK
JTSI OK
JTSO OK
JTSZ OK
JTSL OK
JTZI OK
JTZO OK
JTZL OK
JTLI OK
JTLO OK
JTLS OK
JTLZ OK
JSIT OK
JTZS OK
JSIL OK
JSIO OK
JSOI OK
JSOT OK
JSOL OK
JSTI OK
JSIZ OK
JSOZ OK
JSTO OK
JSTL OK
JSTZ OK
JSZO OK
JSZI OK
JSZL OK
JSLI OK
JSLO OK
JSLT OK
JSLZ OK
JZIT OK
JZIO OK
JSZT OK
JZIL OK
JZOT OK
JZOI OK
JZOL OK
JZTI OK
JZIS OK
JZTO OK
JZTL OK
JZOS OK
JZTS OK
JZST OK
JZSI OK
JZSL OK
JZLI OK
JZLO OK
JZLT OK
JZLS OK
JLIO OK
JLIT OK
JLIS OK
JLIZ OK
JLOI OK
JLOT OK
JZSO OK
JLOS OK
JLOZ OK
JLTO OK
JLTI OK
JLTS OK
JLTZ OK
JLSI OK
JLSO OK
JLST OK
JLZI OK
JLSZ OK
JLZO OK
JLZT OK
JLZS OK
LIOT OK
LIOJ OK
LITO OK
LITS OK
LITZ OK
LITJ OK
LIOS OK
LIOZ OK
LIST OK
LISO OK
LISJ OK
LIZT OK
LISZ OK
LIZJ OK
LIJO OK
LIJT OK
LIJS OK
LIJZ OK
LIZO OK
LOIT OK
LOIS OK
LIZS OK
LOIJ OK
LOTI OK
LOTS OK
LOIZ OK
LOTJ OK
LOTZ OK
LOSI OK
LOST OK
LOSJ OK
LOZT OK
LOZI OK
LOZJ OK
LOJI OK
LOSZ OK
LOJT OK
LOJS OK
LOJZ OK
LTIO OK
LTIS OK
LTIZ OK
LTIJ OK
LTOI OK
LTOS OK
LOZS OK
LTOJ OK
LTOZ OK
LTSI OK
LTSO OK
LTSZ OK
LTSJ OK
LTZI OK
LTZO OK
LTJI OK
LTZJ OK
LTJO OK
LTJS OK
LTJZ OK
LTZS OK
LSIT OK
LSIJ OK
LSIO OK
LSOI OK
LSOT OK
LSOJ OK
LSTI OK
LSIZ OK
LSTO OK
LSTJ OK
LSOZ OK
LSTZ OK
LSZI OK
LSZJ OK
LSZO OK
LSJI OK
LSJO OK
LSJT OK
LSJZ OK
LZIT OK
LSZT OK
LZIO OK
LZIJ OK
LZOT OK
LZOI OK
LZOJ OK
LZTI OK
LZTO OK
LZIS OK
LZTJ OK
LZOS OK
LZTS OK
LZST OK
LZSJ OK
LZSO OK
LZSI OK
LZJI OK
LZJO OK
LZJT OK
LZJS OK
LJIO OK
LJIS OK
LJIT OK
LJIZ OK
LJOT OK
LJOI OK
LJOS OK
LJOZ OK
LJTI OK
LJTO OK
LJTS OK
LJTZ OK
LJSI OK
LJST OK
LJSO OK
LJZI OK
LJZO OK
LJZT OK
LJZS OK
LJSZ OK
