IOTZ OK
IOTJ OK
IOTS OK
IOTL OK
IOST OK
IOSZ OK
IOSJ OK
IOZT OK
IOSL OK
IOZS OK
IOZJ OK
IOZL OK
IOJT OK
IOJL OK
IOLT OK
IOJS OK
IOJZ OK
IOLJ OK
IOLS OK
ITOS OK
ITOZ OK
ITOJ OK
ITOL OK
ITSO OK
IOLZ OK
ITSJ OK
ITSL OK
ITZO OK
ITZS OK
ITZJ OK
ITZL OK
ITJO OK
ITJS OK
ITJZ OK
ITJL OK
ITSZ OK
ITLO OK
ITLS OK
ITLZ OK
ITLJ OK
ISOT OK
ISOZ OK
ISOJ OK
ISTO OK
ISTZ OK
ISTJ OK
ISTL OK
ISOL OK
ISZT OK
ISZO OK
ISJO OK
ISJT OK
ISZJ OK
ISJL OK
ISLO OK
ISZL OK
ISLT OK
ISLJ OK
IZOT OK
ISJZ OK
IZOS OK
IZOJ OK
IZTO OK
IZOL OK
IZTJ OK
IZTS OK
IZTL OK
IZST OK
IZSO OK
ISLZ OK
IZSJ OK
IZJT OK
IZJO OK
IZJL OK
IZSL OK
IZLT OK
IZLO OK
IZLJ OK
IZJS OK
IJOT OK
IZLS OK
IJOL OK
IJOS OK
IJOZ OK
IJTO OK
IJTL OK
IJTS OK
IJTZ OK
IJSO OK
IJSL OK
IJST OK
IJZT OK
IJZO OK
IJZL OK
IJZS OK
IJLO OK
IJLT OK
IJLS OK
IJSZ OK
IJLZ OK
ILOT OK
ILOJ OK
ILTO OK
ILTS OK
ILOZ OK
ILOS OK
ILTZ OK
ILTJ OK
ILSO OK
ILST OK
ILSJ OK
ILZT OK
ILSZ OK
ILZJ OK
ILJO OK
ILJT OK
ILZO OK
ILJS OK
ILJZ OK
OITS OK
OITZ OK
OITJ OK
OITL OK
OIST OK
OISZ OK
OISJ OK
ILZS OK
OIZT OK
OIZS OK
OIZJ OK
OISL OK
OIZL OK
OIJT OK
OIJL OK
OILT OK
OIJS OK
OIJZ OK
OILJ OK
OTIS OK
OILS OK
OTIZ OK
OTIJ OK
OTIL OK
OTSI OK
OTSJ OK
OTSL OK
OILZ OK
OTZI OK
OTSZ OK
OTZS OK
OTZJ OK
OTZL OK
OTJI OK
OTJS OK
OTJZ OK
OTJL OK
OTLI OK
OTLS OK
OTLZ OK
OTLJ OK
OSIT OK
OSIZ OK
OSIJ OK
OSIL OK
OSTI OK
OSTZ OK
OSTJ OK
OSTL OK
OSZI OK
OSZT OK
OSJI OK
OSJT OK
OSZJ OK
OSZL OK
OSJL OK
OSLI OK
OSLT OK
OSLJ OK
OZIT OK
OSJZ OK
OZIS OK
OZIJ OK
OZIL OK
OZTI OK
OZTS OK
OZTJ OK
OZTL OK
OZSI OK
OZST OK
OSLZ OK
OZJI OK
OZJT OK
OZSJ OK
OZSL OK
OZJL OK
OZLI OK
OZLT OK
OZLJ OK
OJIT OK
OZJS OK
OZLS OK
OJIL OK
OJTI OK
OJTS OK
OJTZ OK
OJTL OK
OJIS OK
OJIZ OK
OJSI OK
OJSL OK
OJST OK
OJZI OK
OJZT OK
OJZL OK
OJLI OK
OJLT OK
OJLS OK
OJLZ OK
OLIT OK
OJZS OK
OLIS OK
OLIJ OK
OLTI OK
OLTS OK
OLTZ OK
OLTJ OK
OLIZ OK
OLSI OK
OLST OK
OLSJ OK
OLZI OK
OLZT OK
OLSZ OK
OLZJ OK
OLJI OK
OLJT OK
OLJS OK
OLJZ OK
OLZS OK
TIOS OK
TIOZ OK
TIOJ OK
TIOL OK
TISO OK
TISZ OK
TISJ OK
TISL OK
TIZO OK
TIZS OK
TIZJ OK
TIZL OK
TIJO OK
TIJS OK
TIJZ OK
OJSZ CAP
TIJL OK
TILO OK
TILS OK
TILZ OK
TILJ OK
TOIS OK
TOIJ OK
TOIZ OK
TOIL OK
TOSI OK
TOSJ OK
TOSL OK
TOZI OK
TOZS OK
TOZJ OK
TOZL OK
TOJI OK
TOSZ OK
TOJS OK
TOJZ OK
TOJL OK
TOLI OK
TOLS OK
TOLZ OK
TOLJ OK
TSIO OK
TSIZ OK
TSIJ OK
TSIL OK
TSOI OK
TSOJ OK
TSOL OK
TSZI OK
TSOZ OK
TSZJ OK
TSZL OK
TSJI OK
TSJO OK
TSJZ OK
TSJL OK
TSLI OK
TSZO OK
TSLO OK
TSLZ OK
TSLJ OK
TZIO OK
TZIJ OK
TZIS OK
TZIL OK
TZOI OK
TZOS OK
TZOJ OK
TZSI OK
TZOL OK
TZSO OK
TZSL OK
TZSJ OK
TZJI OK
TZJO OK
TZJS OK
TZJL OK
TZLI OK
TZLO OK
TZLJ OK
TZLS OK
TJIO OK
TJIZ OK
TJIS OK
TJIL OK
TJOI OK
TJOS OK
TJOZ OK
TJOL OK
TJSI OK
TJSO OK
TJSZ OK
TJSL OK
TJZI OK
TJZO OK
TJZS OK
TJZL OK
TJLI OK
TJLO OK
TJLS OK
TJLZ OK
TLIO OK
TLIS OK
TLIZ OK
TLIJ OK
TLOI OK
TLOS OK
TLOZ OK
TLOJ OK
TLSI OK
TLSO OK
TLSZ OK
TLSJ OK
TLZI OK
TLZO OK
TLZJ OK
TLJI OK
TLZS OK
TLJO OK
TLJS OK
TLJZ OK
SIOT OK
SIOZ OK
SIOJ OK
SIOL OK
SITZ OK
SITO OK
SITJ OK
SITL OK
SIZO OK
SIZT OK
SIJO OK
SIJT OK
SIZJ OK
SIJL OK
SILO OK
SILT OK
SIZL OK
SILJ OK
SOIT OK
SOIZ OK
SOIJ OK
SIJZ OK
SOIL OK
SOTI OK
SOTZ OK
SOTJ OK
SOTL OK
SILZ OK
SOZI OK
SOZT OK
SOJI OK
SOJT OK
SOZJ OK
SOZL OK
SOJL OK
SOLI OK
SOLT OK
SOLJ OK
STIO OK
STIZ OK
STIJ OK
SOJZ OK
STIL OK
STOI OK
STOZ OK
STOJ OK
STOL OK
STZI OK
SOLZ OK
STZJ OK
STZO OK
STJI OK
STJO OK
STZL OK
STJZ OK
STJL OK
STLI OK
STLO OK
STLJ OK
SZIO OK
SZIT OK
STLZ OK
SZOI OK
SZOT OK
SZIJ OK
SZIL OK
SZTI OK
SZTO OK
SZOJ OK
SZTJ OK
SZTL OK
SZOL OK
SZJT OK
SZJL OK
SZJI OK
SZJO OK
SZLT OK
SZLJ OK
SJIO OK
SJIT OK
SZLI OK
SJIL OK
SZLO OK
SJOI OK
SJOT OK
SJOL OK
SJTI OK
SJTO OK
SJTZ OK
SJTL OK
SJOZ OK
SJIZ OK
SJZT OK
SJZL OK
SJLI OK
SJLO OK
SJLT OK
SJLZ OK
SLIO OK
SJZI OK
SLIT OK
SLIJ OK
SLOI OK
SJZO OK
SLOT OK
SLOJ OK
SLTI OK
SLIZ OK
SLTO OK
SLTJ OK
SLOZ OK
SLTZ OK
SLZT OK
SLZJ OK
SLZI OK
SLZO OK
SLJI OK
SLJT OK
SLJO OK
SLJZ OK
ZIOT OK
ZIOS OK
ZIOJ OK
ZIOL OK
ZITO OK
ZITS OK
ZITJ OK
ZITL OK
ZIST OK
ZISO OK
ZIJO OK
ZISJ OK
ZIJT OK
ZISL OK
ZIJL OK
ZILT OK
ZILO OK
ZILJ OK
ZOIT OK
ZIJS OK
ZOIS OK
ZOIJ OK
ZOIL OK
ZOTI OK
ZILS OK
ZOTS OK
ZOTJ OK
ZOTL OK
ZOSI OK
ZOST OK
ZOJI OK
ZOJT OK
ZOSJ OK
ZOSL OK
ZOJL OK
ZOLI OK
ZOLT OK
ZOLJ OK
ZOJS OK
ZTIO OK
ZTIS OK
ZTIJ OK
ZTIL OK
ZTOI OK
ZTOS OK
ZTOJ OK
ZOLS OK
ZTOL OK
ZTSI OK
ZTSO OK
ZTSJ OK
ZTSL OK
ZTJO OK
ZTJI OK
ZTJS OK
ZTJL OK
ZTLI OK
ZTLO OK
ZTLJ OK
ZTLS OK
ZSIT OK
ZSIO OK
ZSIJ OK
ZSOI OK
ZSOT OK
ZSIL OK
ZSTI OK
ZSTO OK
ZSTJ OK
ZSTL OK
ZSOJ OK
ZSOL OK
ZSJT OK
ZSJL OK
ZSJI OK
ZSJO OK
ZSLT OK
ZSLJ OK
ZSLI OK
ZSLO OK
ZJIT OK
ZJIO OK
ZJIL OK
ZJOT OK
ZJOI OK
ZJIS OK
ZJOL OK
ZJTI OK
ZJTO OK
ZJTS OK
ZJTL OK
ZJOS OK
ZJST OK
ZJSL OK
ZJLI OK
ZJLO OK
ZJLT OK
ZJSI OK
ZJLS OK
ZJSO OK
ZLIT OK
ZLIJ OK
ZLIO OK
ZLOT OK
ZLOI OK
ZLIS OK
ZLOJ OK
ZLTI OK
ZLTO OK
ZLTS OK
ZLTJ OK
ZLOS OK
ZLST OK
ZLSJ OK
ZLJI OK
ZLJO OK
ZLSI OK
ZLSO OK
ZLJT OK
ZLJS OK
JIOT OK
JIOL OK
JITO OK
JITS OK
JIOS OK
JITZ OK
JITL OK
JIOZ OK
JISO OK
JISL OK
JIST OK
JIZT OK
JIZO OK
JIZL OK
JILO OK
JILT OK
JILS OK
JIZS OK
JISZ OK
JILZ OK
JOIT OK
JOIL OK
JOTI OK
JOTS OK
JOTZ OK
JOTL OK
JOIS OK
JOIZ OK
JOSI OK
JOSL OK
JOST OK
JOZT OK
JOZI OK
JOZL OK
JOLI OK
JOLT OK
JOLS OK
JOLZ OK
JTIO OK
JTIS OK
JOSZ OK
JTIZ OK
JTIL OK
JOZS OK
JTOI OK
JTOS OK
JTOZ OK
JTOL OK
JTSI OK
JTSO OK
JTSL OK
JTZI OK
JTSZ OK
JTZO OK
JTZL OK
JTLI OK
JTLO OK
JTLS OK
JTLZ OK
JSIT OK
JSIO OK
JSIL OK
JTZS OK
JSOI OK
JSOT OK
JSOL OK
JSTI OK
JSIZ OK
JSTO OK
JSTL OK
JSOZ OK
JSTZ OK
JSZI OK
JSZL OK
JSLI OK
JSLO OK
JSZO OK
JSLT OK
JSLZ OK
JZIT OK
JSZT OK
JZIL OK
JZIO OK
JZOT OK
JZOI OK
JZOL OK
JZTI OK
JZIS OK
JZTO OK
JZTL OK
JZOS OK
JZTS OK
JZST OK
JZSL OK
JZSI OK
JZLI OK
JZLO OK
JZLT OK
JZLS OK
JZSO OK
JLIO OK
JLIT OK
JLIS OK
JLIZ OK
JLOT OK
JLOI OK
JLOS OK
JLTI OK
JLOZ OK
JLTO OK
JLTS OK
JLTZ OK
JLSI OK
JLST OK
JLSO OK
JLSZ OK
JLZI OK
JLZO OK
JLZT OK
LIOT OK
JLZS OK
LIOJ OK
LITO OK
LITS OK
LITZ OK
LITJ OK
LIOS OK
LIOZ OK
LISO OK
LISJ OK
LIST OK
LIZT OK
LISZ OK
LIZJ OK
LIJO OK
LIJT OK
LIJS OK
LIZO OK
LIJZ OK
LOIT OK
LIZS OK
LOIJ OK
LOIS OK
LOIZ OK
LOTI OK
LOTS OK
LOTZ OK
LOTJ OK
LOSI OK
LOSJ OK
LOST OK
LOZT OK
LOZI OK
LOZJ OK
LOJI OK
LOSZ OK
LOJT OK
LOJS OK
LOJZ OK
LTIO OK
LTIS OK
LTIZ OK
LTIJ OK
LTOI OK
LTOS OK
LOZS OK
LTOZ OK
LTOJ OK
LTSI OK
LTSO OK
LTSZ OK
LTSJ OK
LTZI OK
LTZO OK
LTZJ OK
LTJI OK
LTJO OK
LTJS OK
LTJZ OK
LSIT OK
LSIO OK
LTZS OK
LSIJ OK
LSOI OK
LSOT OK
LSOJ OK
LSTI OK
LSTO OK
LSIZ OK
LSTJ OK
LSOZ OK
LSTZ OK
LSZI OK
LSZO OK
LSZJ OK
LSJI OK
LSJO OK
LSJT OK
LSJZ OK
LZIT OK
LSZT OK
LZIO OK
LZIJ OK
LZOT OK
LZOI OK
LZOJ OK
LZTI OK
LZTO OK
LZOS OK
LZIS OK
LZTJ OK
LZTS OK
LZST OK
LZSJ OK
LZJI OK
LZJO OK
LZSO OK
LZSI OK
LZJT OK
LZJS OK
LJIO OK
LJIT OK
LJIS OK
LJIZ OK
LJOI OK
LJOT OK
LJOS OK
LJTI OK
LJOZ OK
LJTO OK
LJTS OK
LJTZ OK
LJSI OK
LJST OK
LJSO OK
LJZI OK
LJZO OK
LJZT OK
LJZS OK
LJSZ OK
