IOTZ OK
IOTJ OK
IOTS OK
IOST OK
IOTL OK
IOSZ OK
IOZT OK
IOSJ OK
IOSL OK
IOZS OK
IOZJ OK
IOJT OK
IOZL OK
IOJL OK
IOLT OK
IOJZ OK
IOJS OK
IOLJ OK
IOLS OK
ITOS OK
ITOZ OK
ITOJ OK
ITOL OK
ITSO OK
ITSJ OK
IOLZ OK
ITSL OK
ITZO OK
ITSZ OK
ITZS OK
ITZJ OK
ITZL OK
ITJO OK
ITJS OK
ITJL OK
ITJZ OK
ITLO OK
ITLS OK
ITLJ OK
ITLZ OK
ISOT OK
ISOZ OK
ISOJ OK
ISTO OK
ISTZ OK
ISTJ OK
ISOL OK
ISTL OK
ISZT OK
ISZJ OK
ISZO OK
ISJT OK
ISJO OK
ISJL OK
ISLO OK
ISZL OK
ISLT OK
ISLJ OK
IZOT OK
IZOS OK
IZOJ OK
ISJZ OK
IZTO OK
IZOL OK
IZTS OK
IZTJ OK
ISLZ OK
IZTL OK
IZST OK
IZSO OK
IZJO OK
IZJT OK
IZSJ OK
IZSL OK
IZJL OK
IZLT OK
IZLO OK
IZLJ OK
IJOT OK
IZJS OK
IJOS OK
IZLS OK
IJOZ OK
IJOL OK
IJTO OK
IJTL OK
IJTS OK
IJTZ OK
IJST OK
IJSL OK
IJSO OK
IJZT OK
IJZO OK
IJZL OK
IJSZ OK
IJLO OK
IJLT OK
IJLS OK
IJZS OK
IJLZ OK
ILOT OK
ILOJ OK
ILTO OK
ILTS OK
ILOS OK
ILTJ OK
ILOZ OK
ILTZ OK
ILST OK
ILSJ OK
ILSO OK
ILZT OK
ILSZ OK
ILZJ OK
ILJO OK
ILJT OK
ILZO OK
ILJS OK
ILJZ OK
OITS OK
OITZ OK
OITJ OK
OITL OK
OIST OK
OISZ OK
OISJ OK
ILZS OK
OIZT OK
OISL OK
OIZS OK
OIZJ OK
OIJT OK
OIZL OK
OIJL OK
OILT OK
OIJS OK
OIJZ OK
OILJ OK
OTIS OK
OILS OK
OTIZ OK
OTIJ OK
OTIL OK
OTSI OK
OTSJ OK
OTSL OK
OILZ OK
OTSZ OK
OTZI OK
OTZS OK
OTZJ OK
OTZL OK
OTJI OK
OTJS OK
OTJZ OK
OTJL OK
OTLI OK
OTLS OK
OTLZ OK
OTLJ OK
OSIT OK
OSIZ OK
OSTI OK
OSIJ OK
OSIL OK
OSTZ OK
OSTJ OK
OSTL OK
OSZT OK
OSZI OK
OSJI OK
OSJT OK
OSZJ OK
OSJL OK
OSZL OK
OSLT OK
OSLI OK
OSLJ OK
OZIT OK
OSJZ OK
OZIS OK
OZIJ OK
OZIL OK
OZTI OK
OZTS OK
OZTJ OK
OZTL OK
OZSI OK
OZST OK
OSLZ OK
OZJI OK
OZJT OK
OZSJ OK
OZSL OK
OZJL OK
OZLI OK
OZLT OK
OZLJ OK
OJIT OK
OZJS OK
OZLS OK
OJIL OK
OJTI OK
OJTS OK
OJTZ OK
OJTL OK
OJIS OK
OJIZ OK
OJSI OK
OJST OK
OJSL OK
OJZT OK
OJZI OK
OJZL OK
OJLI OK
OJLT OK
OJLS OK
OJLZ OK
OLIT OK
OJSZ OK
OJZS OK
OLIJ OK
OLTI OK
OLTS OK
OLTZ OK
OLIS OK
OLTJ OK
OLIZ OK
OLSI OK
OLSJ OK
OLST OK
OLZI OK
OLZT OK
OLZJ OK
OLJI OK
OLJT OK
OLJS OK
OLJZ OK
TIOS OK
TIOZ OK
OLSZ OK
TIOJ OK
TIOL OK
OLZS OK
TISO OK
TISZ OK
TISJ OK
TISL OK
TIZO OK
TIZJ OK
TIZL OK
TIZS OK
TIJO OK
TIJS OK
TIJZ OK
TIJL OK
TILO OK
TILS OK
TILZ OK
TILJ OK
TOIS OK
TOIZ OK
TOIJ OK
TOIL OK
TOSI OK
TOSJ OK
TOSL OK
TOZI OK
TOZS OK
TOZJ OK
TOZL OK
TOJI OK
TOSZ OK
TOJS OK
TOJZ OK
TOJL OK
TOLI OK
TOLS OK
TOLZ OK
TOLJ OK
TSIO OK
TSIZ OK
TSIJ OK
TSIL OK
TSOI OK
TSOJ OK
TSOL OK
TSZI OK
TSOZ OK
TSZJ OK
TSZL OK
TSJI OK
TSZO OK
TSJO OK
TSJZ OK
TSJL OK
TSLI OK
TSLO OK
TSLZ OK
TSLJ OK
TZIO OK
TZIJ OK
TZIL OK
TZIS OK
TZOI OK
TZOJ OK
TZOL OK
TZOS OK
TZSI OK
TZSJ OK
TZSL OK
TZJI OK
TZJO OK
TZSO OK
TZJL OK
TZLI OK
TZJS OK
TZLO OK
TZLJ OK
TJIO OK
TZLS OK
TJIS OK
TJIZ OK
TJIL OK
TJOI OK
TJOS OK
TJOZ OK
TJOL OK
TJSI OK
TJSO OK
TJSZ OK
TJSL OK
TJZI OK
TJZO OK
TJZL OK
TJLI OK
TJZS OK
TJLO OK
TJLS OK
TJLZ OK
TLIO OK
TLIS OK
TLIZ OK
TLIJ OK
TLOI OK
TLOS OK
TLOZ OK
TLOJ OK
TLSI OK
TLSO OK
TLSZ OK
TLSJ OK
TLZI OK
TLZO OK
TLZJ OK
TLJI OK
TLJO OK
TLZS OK
TLJS OK
TLJZ OK
SIOT OK
SIOZ OK
SIOJ OK
SITO OK
SIOL OK
SITZ OK
SITJ OK
SITL OK
SIZT OK
SIZO OK
SIZJ OK
SIJO OK
SIJT OK
SIJL OK
SIZL OK
SILO OK
SILT OK
SILJ OK
SOIT OK
SOIZ OK
SOIJ OK
SIJZ OK
SOTI OK
SOIL OK
SOTZ OK
SOTJ OK
SILZ OK
SOTL OK
SOZT OK
SOZI OK
SOJI OK
SOJT OK
SOZJ OK
SOZL OK
SOJL OK
SOLT OK
SOLI OK
SOLJ OK
STIO OK
STIZ OK
SOJZ OK
STIJ OK
STIL OK
STOI OK
STOZ OK
STOJ OK
STOL OK
SOLZ OK
STZI OK
STZJ OK
STZO OK
STJO OK
STZL OK
STJI OK
STJL OK
STJZ OK
STLI OK
STLO OK
STLJ OK
SZIO OK
SZIT OK
SZIJ OK
SZOI OK
SZIL OK
SZOT OK
STLZ OK
SZTI OK
SZOJ OK
SZOL OK
SZTO OK
SZTJ OK
SZJI OK
SZTL OK
SZJL OK
SZJT OK
SZJO OK
SZLT OK
SZLI OK
SZLO OK
SZLJ OK
SJIT OK
SJIO OK
SJIL OK
SJOT OK
SJOI OK
SJOL OK
SJTI OK
SJIZ OK
SJTO OK
SJOZ OK
SJTL OK
SJZI OK
SJZO OK
SJZL OK
SJTZ OK
SJLI OK
SJZT OK
SJLT OK
SJLO OK
SJLZ OK
SLIT OK
SLIO OK
SLIJ OK
SLOI OK
SLOT OK
SLOJ OK
SLTI OK
SLIZ OK
SLTO OK
SLTJ OK
SLOZ OK
SLZI OK
SLZO OK
SLTZ OK
SLZJ OK
SLJI OK
SLZT OK
SLJT OK
SLJO OK
ZIOT OK
ZIOS OK
SLJZ OK
ZIOJ OK
ZIOL OK
ZITO OK
ZITS OK
ZITJ OK
ZITL OK
ZISO OK
ZIST OK
ZIJO OK
ZIJT OK
ZISJ OK
ZISL OK
ZIJL OK
ZILO OK
ZILT OK
ZILJ OK
ZOIT OK
ZOIS OK
ZOIJ OK
ZIJS OK
ZOIL OK
ZOTI OK
ZOTS OK
ZOTJ OK
ZOTL OK
ZOSI OK
ZILS OK
ZOST OK
ZOJI OK
ZOJT OK
ZOSJ OK
ZOSL OK
ZOJL OK
ZOLI OK
ZOLT OK
ZOLJ OK
ZTIO OK
ZTIS OK
ZOJS OK
ZTIJ OK
ZTIL OK
ZTOI OK
ZOLS OK
ZTOS OK
ZTOJ OK
ZTOL OK
ZTSI OK
ZTSJ OK
ZTSO OK
ZTSL OK
ZTJI OK
ZTJO OK
ZTJL OK
ZTJS OK
ZTLI OK
ZTLO OK
ZTLS OK
ZTLJ OK
ZSIO OK
ZSIT OK
ZSOI OK
ZSOT OK
ZSIJ OK
ZSIL OK
ZSTI OK
ZSOJ OK
ZSOL OK
ZSTO OK
ZSTL OK
ZSTJ OK
ZSJT OK
ZSJI OK
ZSJO OK
ZSJL OK
ZSLI OK
ZSLT OK
ZSLJ OK
ZJIO OK
ZJIT OK
ZSLO OK
ZJIL OK
ZJOI OK
ZJOT OK
ZJOL OK
ZJTI OK
ZJIS OK
ZJTO OK
ZJTL OK
ZJOS OK
ZJSI OK
ZJTS OK
ZJSL OK
ZJSO OK
ZJLI OK
ZJLO OK
ZJLT OK
ZJLS OK
ZLIO OK
ZJST OK
ZLIT OK
ZLIJ OK
ZLOI OK
ZLOT OK
ZLOJ OK
ZLTI OK
ZLTO OK
ZLTS OK
ZLTJ OK
ZLOS OK
ZLIS OK
ZLSI OK
ZLSJ OK
ZLJI OK
ZLJO OK
ZLJT OK
ZLSO OK
ZLJS OK
JIOT OK
ZLST OK
JIOL OK
JITO OK
JITS OK
JITZ OK
JIOS OK
JITL OK
JIOZ OK
JIST OK
JISL OK
JISO OK
JIZT OK
JISZ OK
JIZL OK
JILO OK
JILT OK
JILS OK
JILZ OK
JOIT OK
JIZO OK
JIZS OK
JOIL OK
JOTI OK
JOTS OK
JOTZ OK
JOTL OK
JOIS OK
JOIZ OK
JOSI OK
JOST OK
JOSL OK
JOZT OK
JOZI OK
JOZL OK
JOLI OK
JOLT OK
JOLS OK
JOLZ OK
JTIO OK
JOSZ OK
JOZS OK
JTIL OK
JTIS OK
JTIZ OK
JTOI OK
JTOS OK
JTOZ OK
JTOL OK
JTSI OK
JTSO OK
JTSZ OK
JTSL OK
JTZO OK
JTZI OK
JTZL OK
JTLI OK
JTLO OK
JTLS OK
JTLZ OK
JSIT OK
JSIO OK
JSIL OK
JTZS OK
JSOI OK
JSIZ OK
JSOL OK
JSOT OK
JSTI OK
JSTO OK
JSTL OK
JSOZ OK
JSTZ OK
JSZI OK
JSZO OK
JSLI OK
JSZL OK
JSLT OK
JSLO OK
JSZT OK
JSLZ OK
JZIT OK
JZIO OK
JZIL OK
JZOT OK
JZOI OK
JZOL OK
JZTI OK
JZIS OK
JZTO OK
JZTL OK
JZOS OK
JZTS OK
JZSI OK
JZSO OK
JZLI OK
JZSL OK
JZLO OK
JZLT OK
JZLS OK
JLIO OK
JLIT OK
JLIS OK
JLIZ OK
JLOI OK
JLOT OK
JLOS OK
JZST OK
JLOZ OK
JLTI OK
JLTS OK
JLTO OK
JLTZ OK
JLSI OK
JLST OK
JLSO OK
JLZI OK
JLZO OK
JLZT OK
LIOT OK
JLSZ OK
JLZS OK
LIOJ OK
LITO OK
LIOS OK
LITS OK
LITZ OK
LITJ OK
LIOZ OK
LIST OK
LISJ OK
LISO OK
LIZT OK
LISZ OK
LIZJ OK
LIZO OK
LIJO OK
LIJT OK
LIJS OK
LIJZ OK
LOIT OK
LIZS OK
LOIJ OK
LOTI OK
LOIS OK
LOTS OK
LOTZ OK
LOTJ OK
LOIZ OK
LOSI OK
LOSJ OK
LOST OK
LOZT OK
LOZI OK
LOZJ OK
LOJI OK
LOJT OK
LOSZ OK
LOJS OK
LOJZ OK
LTIO OK
LTIS OK
LTIZ OK
LTIJ OK
LTOI OK
LTOS OK
LTOZ OK
LOZS OK
LTOJ OK
LTSI OK
LTSO OK
LTSZ OK
LTSJ OK
LTZI OK
LTZO OK
LTZJ OK
LTJI OK
LTJO OK
LTJS OK
LTJZ OK
LTZS OK
LSIT OK
LSIJ OK
LSIO OK
LSOI OK
LSOT OK
LSOJ OK
LSIZ OK
LSTI OK
LSTO OK
LSTJ OK
LSOZ OK
LSTZ OK
LSZI OK
LSZO OK
LSJI OK
LSJO OK
LSJT OK
LSZJ OK
LSZT OK
LZIT OK
LSJZ OK
LZIJ OK
LZIO OK
LZOT OK
LZOI OK
LZOJ OK
LZTI OK
LZTO OK
LZOS OK
LZIS OK
LZTJ OK
LZTS OK
LZSO OK
LZSJ OK
LZJI OK
LZSI OK
LZJO OK
LZJT OK
LZJS OK
LJIO OK
LJIT OK
LJIS OK
LJIZ OK
LJOI OK
LJOT OK
LJOS OK
LJOZ OK
LZST OK
LJTI OK
LJTO OK
LJTS OK
LJTZ OK
LJSI OK
LJSO OK
LJST OK
LJZI OK
LJZO OK
LJZT OK
LJZS OK
LJSZ OK
