IOTJ OK
IOTZ OK
IOTS OK
IOTL OK
IOST OK
IOSZ OK
IOSJ OK
IOZT OK
IOSL OK
IOZS OK
IOZJ OK
IOJT OK
IOZL OK
IOJL OK
IOLT OK
IOJS OK
IOJZ OK
IOLJ OK
ITOS OK
ITOZ OK
IOLS OK
ITOJ OK
ITOL OK
ITSO OK
ITSJ OK
IOLZ OK
ITSL OK
ITZO OK
ITZS OK
ITSZ OK
ITZJ OK
ITJO OK
ITZL OK
ITJS OK
ITJL OK
ITJZ OK
ITLO OK
ITLS OK
ITLJ OK
ITLZ OK
ISOT OK
ISOZ OK
ISOJ OK
ISTZ OK
ISTO OK
ISTJ OK
ISTL OK
ISOL OK
ISZT OK
ISZJ OK
ISZO OK
ISJT OK
ISJO OK
ISJL OK
ISLO OK
ISZL OK
ISLT OK
ISLJ OK
IZOT OK
IZOS OK
ISJZ OK
IZOJ OK
IZOL OK
IZTO OK
IZTS OK
IZTJ OK
IZTL OK
ISLZ OK
IZSO OK
IZST OK
IZJO OK
IZJT OK
IZSJ OK
IZSL OK
IZJL OK
IZLT OK
IZLO OK
IZLJ OK
IZJS OK
IJOT OK
IZLS OK
IJOS OK
IJOZ OK
IJOL OK
IJTO OK
IJTL OK
IJTS OK
IJTZ OK
IJST OK
IJSL OK
IJSO OK
IJZT OK
IJSZ OK
IJZO OK
IJZL OK
IJLO OK
IJLT OK
IJLS OK
IJLZ OK
ILOT OK
IJZS OK
ILOJ OK
ILTO OK
ILTS OK
ILOS OK
ILTZ OK
ILOZ OK
ILTJ OK
ILST OK
ILSJ OK
ILSO OK
ILZT OK
ILSZ OK
ILZJ OK
ILJO OK
ILJT OK
ILZO OK
ILJS OK
ILJZ OK
OITS OK
OITZ OK
OITJ OK
OITL OK
OIST OK
OISZ OK
OISJ OK
OIZT OK
ILZS OK
OIZS OK
OIZJ OK
OISL OK
OIJT OK
OIZL OK
OIJL OK
OILT OK
OIJS OK
OIJZ OK
OILJ OK
OTIS OK
OTIZ OK
OILS OK
OTIJ OK
OTIL OK
OTSI OK
OTSJ OK
OTSL OK
OTZI OK
OILZ OK
OTZS OK
OTSZ OK
OTZJ OK
OTZL OK
OTJI OK
OTJS OK
OTJZ OK
OTJL OK
OTLI OK
OTLS OK
OTLZ OK
OTLJ OK
OSIT OK
OSIZ OK
OSIJ OK
OSTI OK
OSTZ OK
OSTL OK
OSTJ OK
OSIL OK
OSZT OK
OSZI OK
OSJI OK
OSJT OK
OSZJ OK
OSJL OK
OSZL OK
OSLT OK
OSLI OK
OSLJ OK
OSJZ OK
OZIT OK
OZIS OK
OZIJ OK
OZIL OK
OZTI OK
OZTS OK
OZTJ OK
OZTL OK
OZSI OK
OZST OK
OSLZ OK
OZJI OK
OZJT OK
OZSJ OK
OZSL OK
OZJL OK
OZLI OK
OZLT OK
OZLJ OK
OZJS OK
OJIT OK
OZLS OK
OJIL OK
OJTI OK
OJTS OK
OJTZ OK
OJTL OK
OJIZ OK
OJIS OK
OJSI OK
OJST OK
OJSL OK
OJZT OK
OJZI OK
OJZL OK
OJLI OK
OJLT OK
OJLS OK
OJLZ OK
OJSZ OK
OLIT OK
OJZS OK
OLIJ OK
OLTI OK
OLTS OK
OLTZ OK
OLTJ OK
OLIS OK
OLIZ OK
OLSI OK
OLSJ OK
OLST OK
OLZI OK
OLZT OK
OLZJ OK
OLJI OK
OLJT OK
OLJS OK
OLJZ OK
OLSZ OK
TIOS OK
TIOZ OK
TIOJ OK
TIOL OK
TISO OK
TISZ OK
TISJ OK
OLZS OK
TISL OK
TIZO OK
TIZJ OK
TIZL OK
TIZS OK
TIJO OK
TIJS OK
TIJZ OK
TIJL OK
TILO OK
TILS OK
TILZ OK
TILJ OK
TOIS OK
TOIZ OK
TOIJ OK
TOIL OK
TOSI OK
TOSJ OK
TOSL OK
TOZI OK
TOZS OK
TOZJ OK
TOZL OK
TOSZ OK
TOJI OK
TOJS OK
TOJL OK
TOJZ OK
TOLI OK
TOLS OK
TOLZ OK
TOLJ OK
TSIZ OK
TSIO OK
TSIJ OK
TSIL OK
TSOI OK
TSOJ OK
TSOL OK
TSZI OK
TSZJ OK
TSOZ OK
TSZL OK
TSJI OK
TSJO OK
TSZO OK
TSJZ OK
TSJL OK
TSLI OK
TSLO OK
TSLZ OK
TSLJ OK
TZIO OK
TZIJ OK
TZIL OK
TZIS OK
TZOI OK
TZOJ OK
TZOL OK
TZOS OK
TZSI OK
TZSJ OK
TZSL OK
TZJI OK
TZJO OK
TZSO OK
TZJL OK
TZJS OK
TZLI OK
TZLO OK
TZLJ OK
TZLS OK
TJIO OK
TJIS OK
TJIL OK
TJIZ OK
TJOI OK
TJOS OK
TJOZ OK
TJOL OK
TJSI OK
TJSO OK
TJSZ OK
TJSL OK
TJZI OK
TJZO OK
TJZS OK
TJLI OK
TJZL OK
TJLO OK
TJLZ OK
TJLS OK
TLIO OK
TLIZ OK
TLIS OK
TLIJ OK
TLOI OK
TLOS OK
TLOZ OK
TLOJ OK
TLSI OK
TLSO OK
TLSJ OK
TLSZ OK
TLZI OK
TLZO OK
TLZS OK
TLZJ OK
TLJI OK
TLJO OK
TLJS OK
TLJZ OK
SIOT OK
SIOZ OK
SIOJ OK
SITZ OK
SITO OK
SIOL OK
SITJ OK
SITL OK
SIZO OK
SIZT OK
SIZJ OK
SIJO OK
SIJT OK
SIJL OK
SIZL OK
SILO OK
SILT OK
SILJ OK
SOIT OK
SOIZ OK
SIJZ OK
SOIJ OK
SOIL OK
SOTI OK
SOTZ OK
SILZ OK
SOTJ OK
SOTL OK
SOZT OK
SOZI OK
SOZJ OK
SOJI OK
SOZL OK
SOJT OK
SOJL OK
SOLT OK
SOLI OK
SOLJ OK
STIO OK
STIZ OK
STIJ OK
STIL OK
SOJZ OK
STOI OK
STOZ OK
STOJ OK
STOL OK
SOLZ OK
STZI OK
STZJ OK
STZO OK
STJO OK
STJI OK
STZL OK
STJL OK
STJZ OK
STLI OK
STLO OK
STLJ OK
SZIT OK
SZIO OK
SZIJ OK
STLZ OK
SZOI OK
SZOT OK
SZIL OK
SZTI OK
SZOJ OK
SZOL OK
SZTO OK
SZTJ OK
SZJI OK
SZTL OK
SZJL OK
SZJT OK
SZJO OK
SZLI OK
SZLT OK
SZLO OK
SZLJ OK
SJIT OK
SJIO OK
SJIL OK
SJOI OK
SJOT OK
SJOL OK
SJTI OK
SJIZ OK
SJOZ OK
SJTO OK
SJTL OK
SJZI OK
SJZO OK
SJTZ OK
SJZL OK
SJLI OK
SJZT OK
SJLT OK
SJLO OK
SJLZ OK
SLIT OK
SLIO OK
SLIJ OK
SLOI OK
SLOT OK
SLOJ OK
SLTI OK
SLIZ OK
SLTO OK
SLTJ OK
SLOZ OK
SLZI OK
SLZO OK
SLTZ OK
SLZT OK
SLJI OK
SLZJ OK
SLJO OK
SLJT OK
ZIOS OK
ZIOT OK
SLJZ OK
ZIOJ OK
ZIOL OK
ZITO OK
ZITJ OK
ZITS OK
ZITL OK
ZIST OK
ZISO OK
ZIJO OK
ZIJT OK
ZISJ OK
ZIJL OK
ZISL OK
ZILO OK
ZILT OK
ZILJ OK
ZOIT OK
ZOIS OK
ZIJS OK
ZOIJ OK
ZOIL OK
ZOTI OK
ZOTS OK
ZOTJ OK
ZOSI OK
ZOTL OK
ZILS OK
ZOST OK
ZOJI OK
ZOJT OK
ZOSJ OK
ZOSL OK
ZOJL OK
ZOLI OK
ZOLT OK
ZOLJ OK
ZTIO OK
ZTIS OK
ZTIJ OK
ZOJS OK
ZTIL OK
ZTOI OK
ZTOJ OK
ZTOS OK
ZOLS OK
ZTSI OK
ZTOL OK
ZTSJ OK
ZTSL OK
ZTSO OK
ZTJI OK
ZTJO OK
ZTJL OK
ZTJS OK
ZTLI OK
ZTLO OK
ZTLJ OK
ZTLS OK
ZSIO OK
ZSIT OK
ZSOI OK
ZSIJ OK
ZSOT OK
ZSIL OK
ZSTI OK
ZSOJ OK
ZSOL OK
ZSTO OK
ZSTJ OK
ZSTL OK
ZSJI OK
ZSJT OK
ZSJO OK
ZSJL OK
ZSLI OK
ZSLT OK
ZSLO OK
ZSLJ OK
ZJIO OK
ZJIT OK
ZJIL OK
ZJOI OK
ZJOT OK
ZJOL OK
ZJTI OK
ZJIS OK
ZJTO OK
ZJTL OK
ZJOS OK
ZJSI OK
ZJTS OK
ZJSL OK
ZJLI OK
ZJLO OK
ZJLT OK
ZJLS OK
ZLIO OK
ZJSO OK
ZLIT OK
ZLIJ OK
ZJST OK
ZLOI OK
ZLOT OK
ZLOJ OK
ZLTI OK
ZLTO OK
ZLTS OK
ZLTJ OK
ZLOS OK
ZLIS OK
ZLSI OK
ZLSJ OK
ZLJI OK
ZLJO OK
ZLJT OK
ZLSO OK
ZLJS OK
ZLST OK
JIOT OK
JIOL OK
JITO OK
JITS OK
JIOS OK
JITZ OK
JIOZ OK
JITL OK
JIST OK
JISL OK
JISO OK
JIZT OK
JISZ OK
JIZL OK
JILO OK
JILT OK
JILS OK
JIZO OK
JILZ OK
JOIT OK
JIZS OK
JOIL OK
JOTI OK
JOTS OK
JOTZ OK
JOTL OK
JOIZ OK
JOIS OK
JOSI OK
JOSL OK
JOST OK
JOZT OK
JOZI OK
JOZL OK
JOLI OK
JOLT OK
JOLS OK
JOLZ OK
JOSZ OK
JTIO OK
JTIS OK
JTIL OK
JOZS OK
JTIZ OK
JTOI OK
JTOS OK
JTOZ OK
JTOL OK
JTSI OK
JTSO OK
JTSZ OK
JTSL OK
JTZO OK
JTZI OK
JTZL OK
JTLI OK
JTLO OK
JTLS OK
JTLZ OK
JSIT OK
JSIO OK
JSIL OK
JTZS OK
JSOI OK
JSOT OK
JSOL OK
JSIZ OK
JSTI OK
JSTO OK
JSTL OK
JSOZ OK
JSTZ OK
JSZI OK
JSZL OK
JSLI OK
JSZO OK
JSLO OK
JSLT OK
JSZT OK
JSLZ OK
JZIO OK
JZIT OK
JZIL OK
JZOT OK
JZOI OK
JZOL OK
JZTI OK
JZIS OK
JZTO OK
JZTL OK
JZOS OK
JZTS OK
JZSI OK
JZSL OK
JZLI OK
JZLO OK
JZSO OK
JZLT OK
JZLS OK
JLIO OK
JLIT OK
JLIS OK
JLIZ OK
JLOI OK
JLOT OK
JLOS OK
JZST OK
JLOZ OK
JLTI OK
JLTO OK
JLTS OK
JLTZ OK
JLSI OK
JLSO OK
JLST OK
JLZI OK
JLZO OK
JLZT OK
JLZS OK
LIOT OK
LIOS OK
JLSZ OK
LIOJ OK
LITO OK
LIOZ OK
LITJ OK
LITS OK
LITZ OK
LIST OK
LISJ OK
LISO OK
LIZT OK
LISZ OK
LIZJ OK
LIJO OK
LIZO OK
LIJT OK
LIJS OK
LIJZ OK
LOIT OK
LIZS OK
LOIJ OK
LOIS OK
LOTI OK
LOTS OK
LOTZ OK
LOTJ OK
LOIZ OK
LOSI OK
LOSJ OK
LOST OK
LOZT OK
LOZI OK
LOZJ OK
LOJI OK
LOJT OK
LOJS OK
LOJZ OK
LOSZ OK
LTIO OK
LTIS OK
LTIZ OK
LTIJ OK
LTOI OK
LTOS OK
LTOZ OK
LTOJ OK
LTSI OK
LTSO OK
LTSZ OK
LTSJ OK
LTZI OK
LOZS OK
LTZO OK
LTZJ OK
LTJI OK
LTJO OK
LTJS OK
LTJZ OK
LTZS OK
LSIT OK
LSIJ OK
LSIO OK
LSOI OK
LSOT OK
LSOJ OK
LSIZ OK
LSTI OK
LSTO OK
LSOZ OK
LSTJ OK
LSTZ OK
LSZI OK
LSZO OK
LSJI OK
LSJO OK
LSJT OK
LSZJ OK
LSZT OK
LZIT OK
LSJZ OK
LZIO OK
LZIJ OK
LZOT OK
LZOI OK
LZOJ OK
LZTI OK
LZTO OK
LZIS OK
LZOS OK
LZTJ OK
LZTS OK
LZSO OK
LZSJ OK
LZJI OK
LZSI OK
LZJO OK
LZJT OK
LZJS OK
LJIO OK
LJIT OK
LJIS OK
LJIZ OK
LJOI OK
LJOT OK
LJOS OK
LJOZ OK
LJTI OK
LZST OK
LJTO OK
LJTS OK
LJTZ OK
LJSI OK
LJST OK
LJSO OK
LJZI OK
LJZO OK
LJZT OK
LJZS OK
LJSZ OK
