IOTJ OK
IOTS OK
IOTZ OK
IOTL OK
IOST OK
IOSJ OK
IOSL OK
IOZT OK
IOSZ OK
IOZJ OK
IOZL OK
IOJT OK
IOJS OK
IOJZ OK
IOZS OK
IOJL OK
IOLT OK
IOLS OK
IOLZ OK
IOLJ OK
ITOZ OK
ITOS OK
ITOJ OK
ITOL OK
ITSO OK
ITSJ OK
ITSL OK
ITZO OK
ITZJ OK
ITZS OK
ITZL OK
ITJO OK
ITJS OK
ITJZ OK
ITSZ OK
ITJL OK
ITLO OK
ITLS OK
ITLZ OK
ITLJ OK
ISOT OK
ISOJ OK
ISOL OK
ISOZ OK
ISTO OK
ISTJ OK
ISTL OK
ISZO OK
ISZJ OK
ISTZ OK
ISZT OK
ISJO OK
ISZL OK
ISJT OK
ISJZ OK
ISJL OK
ISLO OK
ISLT OK
ISLJ OK
ISLZ OK
IZOT OK
IZOJ OK
IZOL OK
IZOS OK
IZTO OK
IZTJ OK
IZTS OK
IZTL OK
IZST OK
IZSO OK
IZJO OK
IZSJ OK
IZJT OK
IZJL OK
IZJS OK
IZSL OK
IZLT OK
IZLO OK
IZLJ OK
IJOT OK
IJOS OK
IJOZ OK
IJOL OK
IJTO OK
IJTS OK
IJTZ OK
IJTL OK
IJSO OK
IJST OK
IJSZ OK
IJSL OK
IJZO OK
IJZT OK
IJZL OK
IJZS OK
IJLO OK
IJLT OK
IJLS OK
IJLZ OK
ILOT OK
ILOS OK
ILOZ OK
ILOJ OK
ILTO OK
ILTS OK
ILTZ OK
ILTJ OK
ILSO OK
ILST OK
ILSJ OK
ILZO OK
ILZT OK
ILSZ OK
ILZJ OK
ILJO OK
ILJT OK
ILJS OK
ILJZ OK
OITS OK
OITZ OK
OITJ OK
OITL OK
OIST OK
OISZ OK
OISJ OK
OISL OK
OIZT OK
OIZS OK
OIZJ OK
OIZL OK
OIJT OK
IZLS CAP
OIJS OK
OIJZ OK
OIJL OK
OILT OK
OILS OK
OILZ OK
OILJ OK
OTIS OK
OTIZ OK
OTIJ OK
OTIL OK
OTSI OK
OTSJ OK
OTSZ OK
OTSL OK
OTZI OK
OTZJ OK
OTZS OK
OTJI OK
OTZL OK
OTJS OK
OTJZ OK
OTJL OK
OTLI OK
OTLS OK
OTLZ OK
OTLJ OK
OSIT OK
OSIZ OK
OSIJ OK
OSIL OK
OSTI OK
OSTZ OK
OSTJ OK
OSTL OK
OSZI OK
OSZT OK
OSZJ OK
OSZL OK
OSJI OK
OSJT OK
OSJZ OK
ILZS CAP
OSJL OK
OSLI OK
OSLT OK
OSLZ OK
OSLJ OK
OZIT OK
OZIJ OK
OZIL OK
OZTI OK
OZTS OK
OZIS OK
OZTJ OK
OZTL OK
OZST OK
OZSJ OK
OZSL OK
OZSI OK
OZJI OK
OZJT OK
OZJS OK
OZJL OK
OZLI OK
OZLT OK
OZLS OK
OZLJ OK
OJIT OK
OJIS OK
OJIZ OK
OJIL OK
OJTI OK
OJTS OK
OJTZ OK
OJTL OK
OJSI OK
OJST OK
OJSZ OK
OJSL OK
OJZI OK
OJZT OK
OJZS OK
OJZL OK
OJLI OK
OJLT OK
OJLS OK
OJLZ OK
OLIT OK
OLIS OK
OLIZ OK
OLIJ OK
OLTI OK
OLTS OK
OLTZ OK
OLTJ OK
OLSI OK
OLST OK
OLSJ OK
OLSZ OK
OLZI OK
OLZT OK
OLZJ OK
OLJI OK
OLZS OK
OLJT OK
OLJS OK
OLJZ OK
TIOS OK
TIOJ OK
TIOZ OK
TIOL OK
TISO OK
TISJ OK
TISL OK
TIZO OK
TIZJ OK
TIZS OK
TIJO OK
TIZL OK
TIJS OK
TIJZ OK
TIJL OK
TILO OK
TISZ OK
TILS OK
TILJ OK
TILZ OK
TOIS OK
TOIJ OK
TOIZ OK
TOIL OK
TOSI OK
TOSJ OK
TOSL OK
TOZI OK
TOSZ OK
TOZJ OK
TOZL OK
TOJI OK
TOJS OK
TOZS OK
TOJZ OK
TOJL OK
TOLI OK
TOLS OK
TOLZ OK
TOLJ OK
TSIO OK
TSIJ OK
TSIL OK
TSOI OK
TSOJ OK
TSOL OK
TSIZ OK
TSOZ OK
TSZI OK
TSZJ OK
TSZL OK
TSJI OK
TSZO OK
TSJO OK
TSJZ OK
TSJL OK
TSLI OK
TSLO OK
TSLJ OK
TZIO OK
TSLZ OK
TZIJ OK
TZIL OK
TZIS OK
TZOI OK
TZOJ OK
TZOL OK
TZOS OK
TZSJ OK
TZSI OK
TZJI OK
TZSO OK
TZJO OK
TZJS OK
TZJL OK
TZSL OK
TZLI OK
TZLO OK
TZLJ OK
TJIO OK
TJIS OK
TJIZ OK
TJIL OK
TJOI OK
TJOS OK
TJOZ OK
TJOL OK
TJSI OK
TJSO OK
TZLS OK
TJSZ OK
TJSL OK
TJZO OK
TJZI OK
TJZL OK
TJLI OK
TJLO OK
TJLS OK
TJLZ OK
TJZS OK
TLIO OK
TLIJ OK
TLIS OK
TLIZ OK
TLOI OK
TLOS OK
TLOZ OK
TLOJ OK
TLSO OK
TLSI OK
TLSJ OK
TLZI OK
TLSZ OK
TLZO OK
TLZJ OK
TLJI OK
TLJO OK
TLJS OK
TLJZ OK
SIOT OK
SIOZ OK
SIOJ OK
SIOL OK
TLZS OK
SITJ OK
SITO OK
SITL OK
SIZT OK
SIZJ OK
SITZ OK
SIZO OK
SIJT OK
SIJO OK
SIZL OK
SIJZ OK
SIJL OK
SILO OK
SILT OK
SILJ OK
SILZ OK
SOIT OK
SOIZ OK
SOIJ OK
SOIL OK
SOTI OK
SOTJ OK
SOTZ OK
SOTL OK
SOZT OK
SOZJ OK
SOJI OK
SOZL OK
SOJT OK
SOJZ OK
SOJL OK
SOLI OK
SOZI OK
SOLT OK
SOLZ OK
SOLJ OK
STIO OK
STIJ OK
STIL OK
STOI OK
STOZ OK
STOJ OK
STOL OK
STZI OK
STZO OK
STZJ OK
STIZ OK
STJI OK
STZL OK
STJZ OK
STJO OK
STJL OK
STLO OK
STLI OK
STLZ OK
STLJ OK
SZIT OK
SZIJ OK
SZIL OK
SZIO OK
SZOJ OK
SZOT OK
SZOL OK
SZOI OK
SZTJ OK
SZTI OK
SZTO OK
SZJI OK
SZTL OK
SZJO OK
SZJT OK
SZJL OK
SZLO OK
SZLT OK
SZLI OK
SZLJ OK
SJIO OK
SJIT OK
SJIZ OK
SJIL OK
SJOI OK
SJOT OK
SJOZ OK
SJOL OK
SJTI OK
SJTO OK
SJTZ OK
SJTL OK
SJZI OK
SJZO OK
SJZT OK
SJZL OK
SJLI OK
SJLO OK
SJLT OK
SJLZ OK
SLIO OK
SLIT OK
SLIJ OK
SLOI OK
SLIZ OK
SLOT OK
SLOZ OK
SLOJ OK
SLTI OK
SLTO OK
SLTZ OK
SLTJ OK
SLZO OK
SLZT OK
SLZJ OK
SLZI OK
SLJI OK
SLJO OK
SLJT OK
SLJZ OK
ZIOT OK
ZIOS OK
ZIOJ OK
ZIOL OK
ZITO OK
ZITS OK
ZITJ OK
ZITL OK
ZIST OK
ZISO OK
ZISJ OK
ZIJO OK
ZISL OK
ZIJT OK
ZIJL OK
ZILO OK
ZILT OK
ZIJS OK
ZILJ OK
ZOIT OK
ZOIS OK
ZOIJ OK
ZILS OK
ZOIL OK
ZOTI OK
ZOTS OK
ZOTJ OK
ZOTL OK
ZOST OK
ZOSJ OK
ZOSL OK
ZOSI OK
ZOJI OK
ZOJT OK
ZOJS OK
ZOJL OK
ZOLI OK
ZOLT OK
ZOLS OK
ZOLJ OK
ZTIO OK
ZTIJ OK
ZTIS OK
ZTIL OK
ZTOI OK
ZTOJ OK
ZTOS OK
ZTOL OK
ZTSI OK
ZTSJ OK
ZTSO OK
ZTJI OK
ZTSL OK
ZTJO OK
ZTJS OK
ZTJL OK
ZTLI OK
ZTLO OK
ZTLJ OK
ZTLS OK
ZSIT OK
ZSIJ OK
ZSIO OK
ZSIL OK
ZSOT OK
ZSOJ OK
ZSOI OK
ZSOL OK
ZSTI OK
ZSTO OK
ZSTJ OK
ZSTL OK
ZSJI OK
ZSJO OK
ZSJT OK
ZSJL OK
ZSLO OK
ZSLI OK
ZSLJ OK
ZSLT OK
ZJIO OK
ZJIT OK
ZJIL OK
ZJOI OK
ZJOT OK
ZJOS OK
ZJOL OK
ZJIS OK
ZJTI OK
ZJTO OK
ZJTL OK
ZJTS OK
ZJSI OK
ZJSO OK
ZJST OK
ZJSL OK
ZJLI OK
ZJLO OK
ZJLT OK
ZJLS OK
ZLIO OK
ZLIT OK
ZLIJ OK
ZLOI OK
ZLOT OK
ZLIS OK
ZLOS OK
ZLOJ OK
ZLTO OK
ZLTI OK
ZLTJ OK
ZLTS OK
ZLSO OK
ZLST OK
ZLSJ OK
ZLSI OK
ZLJI OK
ZLJO OK
ZLJT OK
ZLJS OK
JIOT OK
JIOS OK
JIOZ OK
JIOL OK
JITO OK
JITS OK
JITZ OK
JITL OK
JIST OK
JISO OK
JISZ OK
JIZO OK
JISL OK
JIZT OK
JIZL OK
JILO OK
JILT OK
JILS OK
JILZ OK
JOIT OK
JOIS OK
JIZS OK
JOIZ OK
JOIL OK
JOTI OK
JOTS OK
JOTZ OK
JOTL OK
JOSI OK
JOST OK
JOSZ OK
JOSL OK
JOZI OK
JOZT OK
JOZS OK
JOZL OK
JOLI OK
JOLT OK
JOLS OK
JOLZ OK
JTIO OK
JTIS OK
JTIZ OK
JTIL OK
JTOI OK
JTOS OK
JTOZ OK
JTOL OK
JTSI OK
JTSO OK
JTSZ OK
JTSL OK
JTZI OK
JTZO OK
JTLI OK
JTZL OK
JTLO OK
JTLS OK
JTLZ OK
JSIO OK
JTZS OK
JSIT OK
JSIZ OK
JSIL OK
JSOI OK
JSOT OK
JSOZ OK
JSOL OK
JSTI OK
JSTO OK
JSTZ OK
JSTL OK
JSZI OK
JSZT OK
JSZO OK
JSLI OK
JSLO OK
JSZL OK
JSLT OK
JZIO OK
JSLZ OK
JZIT OK
JZIL OK
JZOI OK
JZOT OK
JZOS OK
JZOL OK
JZTI OK
JZIS OK
JZTO OK
JZTS OK
JZTL OK
JZSI OK
JZSO OK
JZST OK
JZSL OK
JZLI OK
JZLO OK
JZLT OK
JZLS OK
JLIO OK
JLIT OK
JLIS OK
JLIZ OK
JLOI OK
JLOT OK
JLOS OK
JLTI OK
JLOZ OK
JLTO OK
JLTS OK
JLTZ OK
JLSI OK
JLST OK
JLSO OK
JLZI OK
JLZO OK
JLSZ OK
JLZT OK
JLZS OK
LIOT OK
LIOS OK
LIOJ OK
LIOZ OK
LITO OK
LITS OK
LITZ OK
LITJ OK
LISO OK
LIST OK
LISJ OK
LIZO OK
LIZT OK
LISZ OK
LIZJ OK
LIJO OK
LIJT OK
LIJZ OK
LIJS OK
LOIS OK
LOIT OK
LOIJ OK
LOIZ OK
LOTI OK
LOTS OK
LOTZ OK
LOTJ OK
LOSI OK
LOST OK
LOSZ OK
LOSJ OK
LOZI OK
LOZT OK
LOZJ OK
LOZS OK
LOJI OK
LOJT OK
LOJS OK
LOJZ OK
LTIO OK
LTIS OK
LTIZ OK
LTIJ OK
LTOI OK
LTOS OK
LTOZ OK
LTOJ OK
LTSI OK
LTSO OK
LTSJ OK
LTSZ OK
LTZI OK
LTZO OK
LTZJ OK
LTJI OK
LTJO OK
LTJS OK
LTJZ OK
LSIO OK
LSIT OK
LTZS OK
LSIJ OK
LSOI OK
LSIZ OK
LSOT OK
LSOZ OK
LSOJ OK
LSTI OK
LSTO OK
LSTZ OK
LSTJ OK
LSZI OK
LSZO OK
LSZJ OK
LSZT OK
LSJI OK
LSJO OK
LSJT OK
LSJZ OK
LZIO OK
LZIT OK
LZIJ OK
LZOI OK
LZOT OK
LZOS OK
LZOJ OK
LZTI OK
LIZS CAP
LZIS OK
LZTO OK
LZTS OK
LZTJ OK
LZST OK
LZSO OK
LZSJ OK
LZJI OK
LZJO OK
LZJT OK
LZJS OK
LJIO OK
LZSI OK
LJIT OK
LJIS OK
LJIZ OK
LJOI OK
LJOT OK
LJOS OK
LJOZ OK
LJTI OK
LJTO OK
LJTS OK
LJTZ OK
LJSO OK
LJSI OK
LJST OK
LJZI OK
LJZO OK
LJSZ OK
LJZT OK
LJZS OK
