IOTJ OK
IOTZ OK
IOTS OK
IOTL OK
IOST OK
IOSJ OK
IOSL OK
IOSZ OK
IOZT OK
IOZJ OK
IOZL OK
IOJT OK
IOZS OK
IOJS OK
IOJL OK
IOJZ OK
IOLT OK
IOLS OK
IOLZ OK
IOLJ OK
ITOS OK
ITOZ OK
ITOJ OK
ITOL OK
ITSO OK
ITSJ OK
ITSL OK
ITZO OK
ITZJ OK
ITSZ OK
ITZL OK
ITJO OK
ITJS OK
ITJZ OK
ITJL OK
ITZS OK
ITLO OK
ITLS OK
ITLZ OK
ITLJ OK
ISOT OK
ISOJ OK
ISOL OK
ISTO OK
ISOZ OK
ISTZ OK
ISTJ OK
ISTL OK
ISZT OK
ISZJ OK
ISZL OK
ISZO OK
ISJO OK
ISJT OK
ISJL OK
ISJZ OK
ISLO OK
ISLT OK
ISLZ OK
ISLJ OK
IZOT OK
IZOJ OK
IZOL OK
IZTO OK
IZOS OK
IZTJ OK
IZTS OK
IZTL OK
IZST OK
IZSO OK
IZSJ OK
IZJO OK
IZJT OK
IZSL OK
IZJL OK
IZLO OK
IZLT OK
IZJS OK
IZLJ OK
IJOT OK
IJOS OK
IJOZ OK
IJOL OK
IJTO OK
IJTS OK
IJTZ OK
IJTL OK
IJSO OK
IJST OK
IJSZ OK
IJSL OK
IJZO OK
IJZT OK
IZLS OK
IJZL OK
IJLO OK
IJZS OK
IJLT OK
IJLS OK
IJLZ OK
ILOT OK
ILOS OK
ILOZ OK
ILOJ OK
ILTO OK
ILTS OK
ILTZ OK
ILTJ OK
ILSO OK
ILST OK
ILSZ OK
ILZO OK
ILSJ OK
ILZT OK
ILZJ OK
ILJO OK
ILJT OK
ILJS OK
ILJZ OK
OITS OK
OITZ OK
OITJ OK
OITL OK
OIST OK
OISJ OK
OISL OK
OIZT OK
OISZ OK
ILZS OK
OIZJ OK
OIZS OK
OIZL OK
OIJT OK
OIJS OK
OIJZ OK
OIJL OK
OILT OK
OILS OK
OILZ OK
OILJ OK
OTIS OK
OTIZ OK
OTIJ OK
OTIL OK
OTSI OK
OTSJ OK
OTSL OK
OTZI OK
OTZJ OK
OTZS OK
OTSZ OK
OTZL OK
OTJI OK
OTJZ OK
OTJS OK
OTJL OK
OTLI OK
OTLS OK
OTLZ OK
OTLJ OK
OSIT OK
OSIJ OK
OSIL OK
OSTI OK
OSTZ OK
OSIZ OK
OSTJ OK
OSTL OK
OSZT OK
OSZJ OK
OSZL OK
OSZI OK
OSJI OK
OSJT OK
OSJZ OK
OSJL OK
OSLI OK
OSLT OK
OSLZ OK
OSLJ OK
OZIT OK
OZIJ OK
OZIS OK
OZIL OK
OZTI OK
OZTJ OK
OZTL OK
OZTS OK
OZSI OK
OZSJ OK
OZST OK
OZSL OK
OZJI OK
OZJT OK
OZJL OK
OZJS OK
OZLI OK
OZLT OK
OZLS OK
OZLJ OK
OJIT OK
OJIS OK
OJIZ OK
OJIL OK
OJTI OK
OJTS OK
OJTZ OK
OJTL OK
OJSI OK
OJST OK
OJSZ OK
OJZI OK
OJSL OK
OJZT OK
OJZL OK
OJZS OK
OJLI OK
OJLT OK
OJLS OK
OJLZ OK
OLIT OK
OLIS OK
OLIZ OK
OLIJ OK
OLTI OK
OLTS OK
OLTZ OK
OLTJ OK
OLSI OK
OLST OK
OLSZ OK
OLSJ OK
OLZI OK
OLZT OK
OLZJ OK
OLZS OK
OLJI OK
OLJT OK
OLJS OK
OLJZ OK
TIOS OK
TIOJ OK
TIOZ OK
TIOL OK
TISO OK
TISZ OK
TISJ OK
TISL OK
TIZO OK
TIZJ OK
TIZL OK
TIJO OK
TIJS OK
TIJZ OK
TIJL OK
TILO OK
TILS OK
TILZ OK
TILJ OK
TOIS OK
TOIZ OK
TOIJ OK
TOIL OK
TIZS OK
TOSI OK
TOSJ OK
TOSL OK
TOZI OK
TOSZ OK
TOZJ OK
TOZL OK
TOJI OK
TOZS OK
TOJS OK
TOJZ OK
TOJL OK
TOLI OK
TOLS OK
TOLZ OK
TOLJ OK
TSIO OK
TSIZ OK
TSIJ OK
TSIL OK
TSOI OK
TSOJ OK
TSOL OK
TSZI OK
TSZO OK
TSZJ OK
TSZL OK
TSJI OK
TSJO OK
TSOZ OK
TSJZ OK
TSJL OK
TSLI OK
TSLO OK
TSLZ OK
TSLJ OK
TZIO OK
TZIJ OK
TZIL OK
TZIS OK
TZOI OK
TZOJ OK
TZOL OK
TZSI OK
TZOS OK
TZSJ OK
TZJI OK
TZSO OK
TZJO OK
TZJS OK
TZJL OK
TZLI OK
TZSL OK
TZLO OK
TZLJ OK
TJIO OK
TJIS OK
TJIZ OK
TJIL OK
TJOI OK
TJOS OK
TJOZ OK
TJOL OK
TJSI OK
TZLS OK
TJSO OK
TJSZ OK
TJZI OK
TJSL OK
TJZO OK
TJZL OK
TJLI OK
TJLO OK
TJLS OK
TJLZ OK
TLIO OK
TJZS OK
TLIS OK
TLIJ OK
TLIZ OK
TLOI OK
TLOZ OK
TLOS OK
TLOJ OK
TLSO OK
TLSI OK
TLSZ OK
TLZI OK
TLSJ OK
TLZO OK
TLZJ OK
TLJI OK
TLJO OK
TLJS OK
TLJZ OK
SIOT OK
SIOZ OK
SIOJ OK
SIOL OK
TLZS OK
SITO OK
SITZ OK
SITL OK
SITJ OK
SIZJ OK
SIZT OK
SIZL OK
SIJO OK
SIJT OK
SIJZ OK
SIJL OK
SILO OK
SILT OK
SILZ OK
SILJ OK
SOIT OK
SIZO OK
SOIJ OK
SOIL OK
SOTI OK
SOIZ OK
SOTZ OK
SOTJ OK
SOTL OK
SOZT OK
SOZJ OK
SOZI OK
SOZL OK
SOJI OK
SOJT OK
SOJZ OK
SOJL OK
SOLI OK
SOLT OK
SOLZ OK
SOLJ OK
STIO OK
STIZ OK
STIJ OK
STIL OK
STOI OK
STOZ OK
STOJ OK
STOL OK
STZI OK
STZJ OK
STZL OK
STJI OK
STJO OK
STZO OK
STJZ OK
STJL OK
STLI OK
STLO OK
STLZ OK
STLJ OK
SZIT OK
SZIJ OK
SZIL OK
SZOT OK
SZOJ OK
SZOL OK
SZIO OK
SZOI OK
SZTI OK
SZTO OK
SZTJ OK
SZTL OK
SZJI OK
SZJO OK
SZJT OK
SZJL OK
SZLI OK
SZLO OK
SZLT OK
SZLJ OK
SJIO OK
SJIT OK
SJIZ OK
SJIL OK
SJOI OK
SJOT OK
SJOZ OK
SJOL OK
SJTI OK
SJTO OK
SJTZ OK
SJTL OK
SJZI OK
SJZO OK
SJZT OK
SJLI OK
SJZL OK
SJLO OK
SJLT OK
SJLZ OK
SLIO OK
SLIT OK
SLIZ OK
SLIJ OK
SLOI OK
SLOT OK
SLOZ OK
SLOJ OK
SLTI OK
SLTO OK
SLTZ OK
SLTJ OK
SLZI OK
SLZO OK
SLZT OK
SLZJ OK
SLJI OK
SLJO OK
SLJT OK
SLJZ OK
ZIOT OK
ZIOS OK
ZIOJ OK
ZIOL OK
ZITO OK
ZITS OK
ZITJ OK
ZITL OK
ZIST OK
ZISO OK
ZIJO OK
ZIJT OK
ZISL OK
ZISJ OK
ZIJL OK
ZILO OK
ZILT OK
ZILS OK
ZILJ OK
ZIJS OK
ZOIT OK
ZOIS OK
ZOIJ OK
ZOIL OK
ZOTI OK
ZOTS OK
ZOTJ OK
ZOTL OK
ZOSI OK
ZOST OK
ZOSJ OK
ZOSL OK
ZOJI OK
ZOJT OK
ZOJS OK
ZOJL OK
ZOLI OK
ZOLT OK
ZOLS OK
ZOLJ OK
ZTIO OK
ZTIJ OK
ZTIS OK
ZTOI OK
ZTIL OK
ZTOS OK
ZTOJ OK
ZTOL OK
ZTSI OK
ZTSO OK
ZTSJ OK
ZTSL OK
ZTJI OK
ZTJO OK
ZTJS OK
ZTJL OK
ZTLI OK
ZTLO OK
ZTLS OK
ZTLJ OK
ZSIT OK
ZSIJ OK
ZSIL OK
ZSIO OK
ZSOT OK
ZSOI OK
ZSOJ OK
ZSOL OK
ZSTO OK
ZSTJ OK
ZSTI OK
ZSTL OK
ZSJO OK
ZSJI OK
ZSJT OK
ZSLI OK
ZSJL OK
ZSLT OK
ZSLO OK
ZSLJ OK
ZJIO OK
ZJIT OK
ZJOI OK
ZJIL OK
ZJOT OK
ZJOS OK
ZJIS OK
ZJOL OK
ZJTI OK
ZJTS OK
ZJTO OK
ZJTL OK
ZJSI OK
ZJSO OK
ZJST OK
ZJSL OK
ZJLI OK
ZJLO OK
ZJLT OK
ZJLS OK
ZLIO OK
ZLIT OK
ZLIS OK
ZLIJ OK
ZLOI OK
ZLOT OK
ZLOJ OK
ZLOS OK
ZLTI OK
ZLTO OK
ZLTS OK
ZLTJ OK
ZLSI OK
ZLST OK
ZLSO OK
ZLSJ OK
ZLJI OK
ZLJO OK
ZLJT OK
ZLJS OK
JIOT OK
JIOS OK
JIOZ OK
JIOL OK
JITO OK
JITZ OK
JITS OK
JITL OK
JISO OK
JIST OK
JISZ OK
JISL OK
JIZO OK
JIZT OK
JIZL OK
JILO OK
JILT OK
JILS OK
JILZ OK
JOIT OK
JIZS OK
JOIS OK
JOIZ OK
JOIL OK
JOTI OK
JOTS OK
JOTZ OK
JOTL OK
JOSI OK
JOST OK
JOSZ OK
JOSL OK
JOZI OK
JOZT OK
JOZS OK
JOLI OK
JOZL OK
JOLS OK
JOLT OK
JOLZ OK
JTIO OK
JTIS OK
JTOI OK
JTIZ OK
JTIL OK
JTOS OK
JTOZ OK
JTOL OK
JTSI OK
JTSO OK
JTSZ OK
JTSL OK
JTZI OK
JTZO OK
JTZL OK
JTLI OK
JTZS OK
JTLS OK
JTLO OK
JTLZ OK
JSIO OK
JSIT OK
JSIZ OK
JSIL OK
JSOI OK
JSOT OK
JSOZ OK
JSOL OK
JSTI OK
JSTO OK
JSTZ OK
JSTL OK
JSZI OK
JSZO OK
JSZT OK
JSLI OK
JSLO OK
JSZL OK
JSLT OK
JZIO OK
JSLZ OK
JZIT OK
JZOI OK
JZIL OK
JZOS OK
JZOT OK
JZOL OK
JZTI OK
JZIS OK
JZTO OK
JZTS OK
JZTL OK
JZSI OK
JZST OK
JZSO OK
JZSL OK
JZLO OK
JZLI OK
JZLT OK
JLIO OK
JZLS OK
JLIT OK
JLIS OK
JLIZ OK
JLOI OK
JLOT OK
JLOS OK
JLOZ OK
JLTI OK
JLTO OK
JLTS OK
JLTZ OK
JLSI OK
JLST OK
JLSO OK
JLZI OK
JLZO OK
JLZT OK
LIOT OK
JLZS OK
JLSZ OK
LIOS OK
LIOZ OK
LIOJ OK
LITO OK
LITZ OK
LITS OK
LITJ OK
LISZ OK
LISO OK
LIST OK
LIZO OK
LISJ OK
LIZT OK
LIJO OK
LIZJ OK
LIJT OK
LIJS OK
LIJZ OK
LOIT OK
LOIS OK
LOIZ OK
LOIJ OK
LOTI OK
LOTS OK
LOTZ OK
LOTJ OK
LOSI OK
LOST OK
LOSZ OK
LOSJ OK
LOZI OK
LOZT OK
LOZS OK
LOZJ OK
LOJI OK
LOJT OK
LOJZ OK
LOJS OK
LTIO OK
LTIS OK
LTIZ OK
LIZS OK
LTIJ OK
LTOI OK
LTOS OK
LTOJ OK
LTOZ OK
LTSI OK
LTSO OK
LTSZ OK
LTSJ OK
LTZI OK
LTZO OK
LTZJ OK
LTJI OK
LTJS OK
LTJO OK
LTJZ OK
LSIO OK
LSIT OK
LSIZ OK
LSIJ OK
LSOI OK
LSOT OK
LTZS OK
LSOZ OK
LSOJ OK
LSTZ OK
LSTO OK
LSTI OK
LSZO OK
LSTJ OK
LSZI OK
LSZT OK
LSZJ OK
LSJI OK
LSJT OK
LSJO OK
LZIT OK
LSJZ OK
LZIO OK
LZIJ OK
LZIS OK
LZOI OK
LZOT OK
LZOJ OK
LZTI OK
LZOS OK
LZTO OK
LZTJ OK
LZTS OK
LZSI OK
LZST OK
LZSJ OK
LZJI OK
LZSO OK
LZJT OK
LZJO OK
LZJS OK
LJIT OK
LJIO OK
LJIS OK
LJIZ OK
LJOI OK
LJOT OK
LJOS OK
LJOZ OK
LJTI OK
LJTO OK
LJTZ OK
LJTS OK
LJSI OK
LJST OK
LJSO OK
LJZI OK
LJZO OK
LJZT OK
LJSZ OK
LJZS OK
