IOTJ OK
IOTZ OK
IOTS OK
IOST OK
IOTL OK
IOSJ OK
IOSL OK
IOZT OK
IOSZ OK
IOZJ OK
IOZL OK
IOJT OK
IOZS OK
IOJZ OK
IOJS OK
IOJL OK
IOLT OK
IOLS OK
IOLZ OK
IOLJ OK
ITOS OK
ITOZ OK
ITOL OK
ITOJ OK
ITSJ OK
ITSO OK
ITSL OK
ITZO OK
ITZJ OK
ITZS OK
ITZL OK
ITJO OK
ITSZ OK
ITJS OK
ITJZ OK
ITJL OK
ITLO OK
ITLS OK
ITLZ OK
ITLJ OK
ISOT OK
ISOJ OK
ISOL OK
ISTZ OK
ISTO OK
ISOZ OK
ISTL OK
ISTJ OK
ISZT OK
ISZJ OK
ISZO OK
ISZL OK
ISJO OK
ISJT OK
ISJZ OK
ISJL OK
ISLO OK
ISLT OK
ISLJ OK
ISLZ OK
IZOT OK
IZOJ OK
IZOL OK
IZOS OK
IZTS OK
IZTJ OK
IZTO OK
IZTL OK
IZSJ OK
IZST OK
IZJO OK
IZSO OK
IZJT OK
IZJS OK
IZSL OK
IZLT OK
IZLO OK
IZJL OK
IZLJ OK
IJOT OK
IJOS OK
IJOZ OK
IJOL OK
IJTO OK
IJTS OK
IJTZ OK
IJTL OK
IJSO OK
IJST OK
IJSL OK
IJSZ OK
IJZO OK
IJZT OK
IJZL OK
IJZS OK
IJLO OK
IZLS OK
IJLS OK
IJLT OK
IJLZ OK
ILOS OK
ILOZ OK
ILOT OK
ILOJ OK
ILTS OK
ILTO OK
ILTJ OK
ILTZ OK
ILSO OK
ILST OK
ILSJ OK
ILSZ OK
ILZO OK
ILZT OK
ILJO OK
ILZJ OK
ILJT OK
ILJS OK
ILJZ OK
OITS OK
OITZ OK
OITJ OK
OITL OK
OIST OK
OISJ OK
OISL OK
ILZS OK
OIZT OK
OIZJ OK
OIZL OK
OIZS OK
OIJT OK
OIJS OK
OIJZ OK
OISZ OK
OILT OK
OIJL OK
OILS OK
OTIS OK
OILJ OK
OILZ OK
OTIZ OK
OTIJ OK
OTIL OK
OTSI OK
OTSJ OK
OTSL OK
OTZI OK
OTZJ OK
OTZL OK
OTZS OK
OTJI OK
OTSZ OK
OTJS OK
OTJL OK
OTJZ OK
OTLI OK
OTLS OK
OTLZ OK
OSIT OK
OTLJ OK
OSIJ OK
OSIL OK
OSTI OK
OSTZ OK
OSTJ OK
OSTL OK
OSIZ OK
OSZT OK
OSZJ OK
OSZL OK
OSZI OK
OSJI OK
OSJT OK
OSJL OK
OSLI OK
OSJZ OK
OSLT OK
OSLZ OK
OSLJ OK
OZIT OK
OZIJ OK
OZIL OK
OZTI OK
OZIS OK
OZTJ OK
OZTL OK
OZTS OK
OZSI OK
OZSJ OK
OZST OK
OZJT OK
OZJI OK
OZSL OK
OZJL OK
OZJS OK
OZLI OK
OZLT OK
OZLJ OK
OJIT OK
OZLS OK
OJIS OK
OJIZ OK
OJIL OK
OJTI OK
OJTZ OK
OJTS OK
OJTL OK
OJSI OK
OJST OK
OJSZ OK
OJZI OK
OJSL OK
OJZT OK
OJZL OK
OJLI OK
OJZS OK
OJLT OK
OJLZ OK
OJLS OK
OLIT OK
OLIJ OK
OLIS OK
OLIZ OK
OLTI OK
OLTS OK
OLTZ OK
OLTJ OK
OLSI OK
OLST OK
OLSZ OK
OLSJ OK
OLZI OK
OLZT OK
OLZJ OK
OLJI OK
OLJT OK
OLZS OK
OLJS OK
OLJZ OK
TIOS OK
TIOZ OK
TIOJ OK
TIOL OK
TISO OK
TISJ OK
TISZ OK
TISL OK
TIZO OK
TIZJ OK
TIZL OK
TIJO OK
TIJS OK
TIJZ OK
TIJL OK
TILO OK
TILS OK
TIZS OK
TILZ OK
TILJ OK
TOIS OK
TOIZ OK
TOIJ OK
TOSI OK
TOIL OK
TOSJ OK
TOSL OK
TOZI OK
TOZJ OK
TOZL OK
TOJI OK
TOSZ OK
TOZS OK
TOJZ OK
TOJS OK
TOJL OK
TOLI OK
TOLS OK
TOLZ OK
TOLJ OK
TSIO OK
TSIZ OK
TSIL OK
TSIJ OK
TSOI OK
TSOJ OK
TSOL OK
TSZI OK
TSZJ OK
TSZL OK
TSZO OK
TSJO OK
TSJI OK
TSJL OK
TSJZ OK
TSLI OK
TSLO OK
TSLZ OK
TSLJ OK
TSOZ OK
TZIO OK
TZIJ OK
TZIS OK
TZIL OK
TZOJ OK
TZOI OK
TZOL OK
TZSI OK
TZSJ OK
TZOS OK
TZJI OK
TZSO OK
TZJO OK
TZJS OK
TZJL OK
TZLI OK
TZLO OK
TZSL OK
TZLJ OK
TJIO OK
TZLS OK
TJIZ OK
TJIS OK
TJIL OK
TJOS OK
TJOI OK
TJOZ OK
TJSI OK
TJOL OK
TJSO OK
TJZI OK
TJSL OK
TJSZ OK
TJZO OK
TJZL OK
TJLI OK
TJLO OK
TJLS OK
TJLZ OK
TLIO OK
TLIZ OK
TJZS OK
TLIS OK
TLOI OK
TLIJ OK
TLOS OK
TLOZ OK
TLSI OK
TLOJ OK
TLSO OK
TLSZ OK
TLSJ OK
TLZI OK
TLZO OK
TLZJ OK
TLJI OK
TLJS OK
TLJO OK
TLJZ OK
SIOT OK
SIOJ OK
SIOL OK
SITO OK
TLZS OK
SITZ OK
SITL OK
SITJ OK
SIOZ OK
SIZT OK
SIZJ OK
SIZL OK
SIJO OK
SIJT OK
SIJZ OK
SIJL OK
SILO OK
SILT OK
SILZ OK
SILJ OK
SOIT OK
SIZO OK
SOIJ OK
SOTI OK
SOIL OK
SOTZ OK
SOTJ OK
SOTL OK
SOZI OK
SOIZ OK
SOZT OK
SOZJ OK
SOZL OK
SOJI OK
SOJT OK
SOJL OK
SOJZ OK
SOLI OK
SOLT OK
SOLZ OK
SOLJ OK
STIO OK
STIZ OK
STIJ OK
STOI OK
STIL OK
STOZ OK
STOL OK
STOJ OK
STZI OK
STZL OK
STZJ OK
STJI OK
STJO OK
STJZ OK
STZO OK
STJL OK
STLI OK
STLO OK
STLZ OK
STLJ OK
SZIT OK
SZIL OK
SZIJ OK
SZOT OK
SZOJ OK
SZOL OK
SZIO OK
SZOI OK
SZTI OK
SZTJ OK
SZTL OK
SZTO OK
SZJI OK
SZJO OK
SZJL OK
SZJT OK
SZLI OK
SZLO OK
SZLT OK
SZLJ OK
SJIO OK
SJIT OK
SJIZ OK
SJIL OK
SJOI OK
SJOZ OK
SJOT OK
SJOL OK
SJTO OK
SJTI OK
SJTZ OK
SJZI OK
SJTL OK
SJZO OK
SJZL OK
SJZT OK
SJLI OK
SJLO OK
SJLT OK
SJLZ OK
SLIO OK
SLIT OK
SLIZ OK
SLOI OK
SLIJ OK
SLOJ OK
SLOT OK
SLOZ OK
SLTI OK
SLTO OK
SLTZ OK
SLTJ OK
SLZI OK
SLZO OK
SLZT OK
SLZJ OK
SLJI OK
SLJO OK
SLJT OK
ZIOT OK
SLJZ OK
ZIOS OK
ZIOJ OK
ZIOL OK
ZITJ OK
ZITO OK
ZITS OK
ZIST OK
ZITL OK
ZISJ OK
ZISO OK
ZIJO OK
ZISL OK
ZIJT OK
ZIJS OK
ZIJL OK
ZILT OK
ZILO OK
ZOIT OK
ZILS OK
ZILJ OK
ZOIJ OK
ZOIL OK
ZOIS OK
ZOTI OK
ZOTS OK
ZOTJ OK
ZOTL OK
ZOST OK
ZOSJ OK
ZOSL OK
ZOJI OK
ZOSI OK
ZOJT OK
ZOJS OK
ZOJL OK
ZOLI OK
ZOLT OK
ZOLJ OK
ZOLS OK
ZTIO OK
ZTIJ OK
ZTIS OK
ZTIL OK
ZTOI OK
ZTOS OK
ZTOJ OK
ZTOL OK
ZTSI OK
ZTSJ OK
ZTSO OK
ZTSL OK
ZTJI OK
ZTJO OK
ZTJS OK
ZTLI OK
ZTJL OK
ZTLO OK
ZTLJ OK
ZTLS OK
ZSIT OK
ZSIJ OK
ZSIL OK
ZSIO OK
ZSOT OK
ZSOJ OK
ZSOL OK
ZSOI OK
ZSTI OK
ZSTL OK
ZSTJ OK
ZSTO OK
ZSJO OK
ZSJI OK
ZSJT OK
ZSLI OK
ZSJL OK
ZSLO OK
ZSLJ OK
ZSLT OK
ZJIO OK
ZJIT OK
ZJIS OK
ZJIL OK
ZJOI OK
ZJOT OK
ZJOS OK
ZJOL OK
ZJTO OK
ZJTI OK
ZJTL OK
ZJSI OK
ZJTS OK
ZJSO OK
ZJST OK
ZJLI OK
ZJSL OK
ZJLO OK
ZJLS OK
ZJLT OK
ZLIO OK
ZLIT OK
ZLIS OK
ZLIJ OK
ZLOI OK
ZLOT OK
ZLOJ OK
ZLTI OK
ZLTO OK
ZLOS OK
ZLSI OK
ZLTS OK
ZLTJ OK
ZLST OK
ZLSJ OK
ZLJI OK
ZLSO OK
ZLJO OK
ZLJT OK
ZLJS OK
JIOT OK
JIOS OK
JIOZ OK
JIOL OK
JITO OK
JITS OK
JITZ OK
JITL OK
JIST OK
JISO OK
JISZ OK
JISL OK
JIZO OK
JIZT OK
JIZL OK
JILO OK
JILT OK
JILS OK
JIZS OK
JILZ OK
JOIT OK
JOIS OK
JOIZ OK
JOTI OK
JOIL OK
JOTS OK
JOTL OK
JOTZ OK
JOSI OK
JOST OK
JOSZ OK
JOZI OK
JOSL OK
JOZT OK
JOZL OK
JOZS OK
JOLI OK
JOLT OK
JOLZ OK
JOLS OK
JTIO OK
JTIS OK
JTIZ OK
JTOI OK
JTOS OK
JTIL OK
JTSI OK
JTOZ OK
JTOL OK
JTSO OK
JTSL OK
JTSZ OK
JTZI OK
JTZO OK
JTZS OK
JTZL OK
JTLI OK
JTLO OK
JTLS OK
JTLZ OK
JSIO OK
JSIT OK
JSIZ OK
JSIL OK
JSOI OK
JSOT OK
JSOZ OK
JSOL OK
JSTI OK
JSTO OK
JSTL OK
JSTZ OK
JSZI OK
JSZO OK
JSZT OK
JSLI OK
JSLO OK
JSZL OK
JSLT OK
JZIO OK
JZIT OK
JSLZ OK
JZOI OK
JZIL OK
JZOT OK
JZOS OK
JZIS OK
JZOL OK
JZTI OK
JZTO OK
JZTS OK
JZTL OK
JZSI OK
JZSO OK
JZST OK
JZSL OK
JZLI OK
JZLO OK
JZLT OK
JZLS OK
JLIO OK
JLIT OK
JLIS OK
JLIZ OK
JLOI OK
JLOT OK
JLOS OK
JLOZ OK
JLTI OK
JLTO OK
JLTS OK
JLTZ OK
JLSI OK
JLST OK
JLSO OK
JLZI OK
JLZO OK
JLZT OK
LIOT OK
JLZS OK
LIOS OK
LIOZ OK
JLSZ OK
LITO OK
LIOJ OK
LITS OK
LITZ OK
LISO OK
LITJ OK
LIST OK
LISZ OK
LISJ OK
LIZO OK
LIZT OK
LIZJ OK
LIJO OK
LIJT OK
LIJS OK
LIJZ OK
LOIT OK
LOIS OK
LOIZ OK
LOIJ OK
LOTI OK
LOTS OK
LOTZ OK
LOTJ OK
LOSI OK
LOST OK
LOSZ OK
LOSJ OK
LOZI OK
LOZT OK
LOZJ OK
LIZS OK
LOZS OK
LOJI OK
LOJT OK
LOJS OK
LOJZ OK
LTIO OK
LTIS OK
LTIZ OK
LTIJ OK
LTOS OK
LTOI OK
LTOZ OK
LTOJ OK
LTSI OK
LTSO OK
LTSZ OK
LTSJ OK
LTZI OK
LTZO OK
LTZJ OK
LTJI OK
LTJO OK
LTJS OK
LTJZ OK
LSIO OK
LSIT OK
LSIZ OK
LSIJ OK
LSOI OK
LSOT OK
LSOZ OK
LTZS OK
LSOJ OK
LSTI OK
LSTO OK
LSTZ OK
LSTJ OK
LSZI OK
LSZO OK
LSZT OK
LSZJ OK
LSJI OK
LSJO OK
LSJT OK
LSJZ OK
LZIO OK
LZIT OK
LZIJ OK
LZIS OK
LZOI OK
LZOT OK
LZOJ OK
LZTI OK
LZTO OK
LZOS OK
LZTS OK
LZSI OK
LZTJ OK
LZST OK
LZSJ OK
LZJI OK
LZJO OK
LZSO OK
LZJT OK
LZJS OK
LJIO OK
LJIT OK
LJIS OK
LJIZ OK
LJOI OK
LJOT OK
LJOS OK
LJOZ OK
LJTI OK
LJTO OK
LJTS OK
LJTZ OK
LJSI OK
LJSO OK
LJST OK
LJZI OK
LJZO OK
LJZT OK
LJZS OK
LJSZ OK
