IOTJ OK
IOTS OK
IOTZ OK
IOTL OK
IOSZ OK
IOST OK
IOSJ OK
IOZT OK
IOSL OK
IOZL OK
IOZJ OK
IOJT OK
IOJS OK
IOJZ OK
IOJL OK
IOLT OK
IOZS OK
IOLS OK
IOLZ OK
IOLJ OK
ITOS OK
ITOZ OK
ITOJ OK
ITOL OK
ITSO OK
ITSZ OK
ITSJ OK
ITSL OK
ITZO OK
ITZJ OK
ITZL OK
ITZS OK
ITJO OK
ITJS OK
ITJZ OK
ITJL OK
ITLO OK
ITLS OK
ITLZ OK
ITLJ OK
ISOT OK
ISOZ OK
ISOJ OK
ISOL OK
ISTO OK
ISTZ OK
ISTJ OK
ISTL OK
ISZO OK
ISZT OK
ISZJ OK
ISJO OK
ISZL OK
ISJT OK
ISJL OK
ISJZ OK
ISLO OK
ISLT OK
ISLZ OK
ISLJ OK
IZOT OK
IZOJ OK
IZOL OK
IZTO OK
IZOS OK
IZTS OK
IZTJ OK
IZTL OK
IZST OK
IZSJ OK
IZSL OK
IZSO OK
IZJO OK
IZJT OK
IZJS OK
IZJL OK
IZLO OK
IZLT OK
IJOT OK
IZLJ OK
IJOS OK
IJOZ OK
IJOL OK
IJTO OK
IJTS OK
IJTZ OK
IJTL OK
IJSO OK
IJST OK
IJSZ OK
IJSL OK
IJZO OK
IJZT OK
IZLS OK
IJZS OK
IJZL OK
IJLO OK
IJLT OK
IJLS OK
IJLZ OK
ILOT OK
ILOS OK
ILOJ OK
ILOZ OK
ILTO OK
ILTZ OK
ILTS OK
ILTJ OK
ILST OK
ILSO OK
ILSZ OK
ILSJ OK
ILZO OK
ILZT OK
ILZJ OK
ILJO OK
ILJT OK
ILJS OK
ILJZ OK
OITS OK
OITZ OK
OITJ OK
OITL OK
OIST OK
OISZ OK
OISJ OK
OISL OK
OIZT OK
ILZS OK
OIZJ OK
OIZL OK
OIJT OK
OIJS OK
OIJZ OK
OIZS OK
OIJL OK
OILT OK
OILS OK
OILZ OK
OILJ OK
OTIS OK
OTIZ OK
OTIJ OK
OTIL OK
OTSI OK
OTSJ OK
OTSL OK
OTZI OK
OTZS OK
OTZJ OK
OTSZ OK
OTZL OK
OTJI OK
OTJS OK
OTJZ OK
OTJL OK
OTLI OK
OTLS OK
OTLZ OK
OTLJ OK
OSIT OK
OSIZ OK
OSIJ OK
OSIL OK
OSTI OK
OSTJ OK
OSTZ OK
OSTL OK
OSZT OK
OSZJ OK
OSZL OK
OSZI OK
OSJI OK
OSJT OK
OSJZ OK
OSJL OK
OSLI OK
OSLZ OK
OSLT OK
OSLJ OK
OZIT OK
OZIJ OK
OZIL OK
OZTI OK
OZTS OK
OZTJ OK
OZTL OK
OZIS OK
OZST OK
OZSI OK
OZSJ OK
OZSL OK
OZJI OK
OZJT OK
OZJS OK
OZJL OK
OZLT OK
OZLI OK
OZLS OK
OZLJ OK
OJIT OK
OJIZ OK
OJIS OK
OJIL OK
OJTI OK
OJTZ OK
OJTS OK
OJTL OK
OJST OK
OJSI OK
OJSZ OK
OJSL OK
OJZI OK
OJZT OK
OJZS OK
OJZL OK
OJLI OK
OJLT OK
OJLS OK
OJLZ OK
OLIT OK
OLIS OK
OLIZ OK
OLIJ OK
OLTI OK
OLTS OK
OLTZ OK
OLTJ OK
OLSI OK
OLST OK
OLSZ OK
OLSJ OK
OLZI OK
OLZT OK
OLZJ OK
OLZS OK
OLJI OK
OLJT OK
OLJS OK
OLJZ OK
TIOS OK
TIOZ OK
TIOJ OK
TIOL OK
TISO OK
TISZ OK
TISJ OK
TISL OK
TIZO OK
TIZJ OK
TIZL OK
TIJO OK
TIJS OK
TIJZ OK
TIZS OK
TIJL OK
TILO OK
TILS OK
TILZ OK
TILJ OK
TOIS OK
TOIZ OK
TOIJ OK
TOIL OK
TOSI OK
TOSJ OK
TOSL OK
TOZI OK
TOZS OK
TOZJ OK
TOZL OK
TOSZ OK
TOJI OK
TOJS OK
TOJZ OK
TOJL OK
TOLI OK
TOLS OK
TOLZ OK
TOLJ OK
TSIO OK
TSIZ OK
TSIJ OK
TSIL OK
TSOI OK
TSOJ OK
TSOL OK
TSZI OK
TSOZ OK
TSZJ OK
TSZO OK
TSZL OK
TSJI OK
TSJO OK
TSJL OK
TSJZ OK
TSLI OK
TSLO OK
TSLJ OK
TSLZ OK
TZIO OK
TZIJ OK
TZIL OK
TZOI OK
TZIS OK
TZOS OK
TZOJ OK
TZOL OK
TZSO OK
TZSJ OK
TZSI OK
TZJI OK
TZJO OK
TZJS OK
TZJL OK
TZSL OK
TZLO OK
TZLI OK
TZLJ OK
TJIO OK
TZLS OK
TJIS OK
TJIL OK
TJIZ OK
TJOI OK
TJOS OK
TJOZ OK
TJOL OK
TJSO OK
TJSI OK
TJSL OK
TJSZ OK
TJZI OK
TJZO OK
TJZL OK
TJLI OK
TJLO OK
TJLS OK
TJLZ OK
TLIO OK
TJZS OK
TLIS OK
TLIZ OK
TLIJ OK
TLOI OK
TLOS OK
TLOZ OK
TLOJ OK
TLSI OK
TLSZ OK
TLSO OK
TLSJ OK
TLZI OK
TLZJ OK
TLZO OK
TLJI OK
TLJO OK
TLJS OK
TLJZ OK
SIOT OK
SIOZ OK
SIOJ OK
SIOL OK
SITO OK
SITZ OK
SITJ OK
SITL OK
TLZS OK
SIZO OK
SIZT OK
SIZJ OK
SIJO OK
SIZL OK
SIJT OK
SIJL OK
SIJZ OK
SILO OK
SILT OK
SILZ OK
SILJ OK
SOIT OK
SOIZ OK
SOIJ OK
SOIL OK
SOTI OK
SOTZ OK
SOTJ OK
SOZI OK
SOTL OK
SOZT OK
SOZJ OK
SOZL OK
SOJI OK
SOJT OK
SOJZ OK
SOJL OK
SOLI OK
SOLT OK
SOLJ OK
SOLZ OK
STIO OK
STIZ OK
STIJ OK
STIL OK
STOI OK
STOJ OK
STOZ OK
STOL OK
STZI OK
STZO OK
STZJ OK
STZL OK
STJI OK
STJO OK
STJZ OK
STJL OK
STLI OK
STLO OK
STLJ OK
STLZ OK
SZIO OK
SZIT OK
SZIJ OK
SZOI OK
SZIL OK
SZOT OK
SZOJ OK
SZOL OK
SZTO OK
SZTI OK
SZTJ OK
SZTL OK
SZJO OK
SZJI OK
SZJL OK
SZJT OK
SZLI OK
SZLO OK
SZLT OK
SZLJ OK
SJIO OK
SJIT OK
SJIL OK
SJIZ OK
SJOI OK
SJOT OK
SJOL OK
SJOZ OK
SJTI OK
SJTO OK
SJTZ OK
SJTL OK
SJZO OK
SJZI OK
SJZT OK
SJLI OK
SJZL OK
SJLO OK
SJLT OK
SJLZ OK
SLIT OK
SLIO OK
SLIZ OK
SLIJ OK
SLOI OK
SLOT OK
SLOZ OK
SLOJ OK
SLTI OK
SLTO OK
SLTZ OK
SLTJ OK
SLZO OK
SLZI OK
SLZT OK
SLZJ OK
SLJI OK
SLJT OK
SLJO OK
SLJZ OK
ZIOT OK
ZIOS OK
ZIOJ OK
ZIOL OK
ZITO OK
ZITJ OK
ZITS OK
ZITL OK
ZIST OK
ZISJ OK
ZISL OK
ZISO OK
ZIJO OK
ZIJT OK
ZIJL OK
ZIJS OK
ZILO OK
ZILT OK
ZILS OK
ZILJ OK
ZOIT OK
ZOIS OK
ZOIJ OK
ZOIL OK
ZOTI OK
ZOTS OK
ZOTJ OK
ZOTL OK
ZOST OK
ZOSJ OK
ZOSI OK
ZOSL OK
ZOJT OK
ZOJI OK
ZOJS OK
ZOJL OK
ZOLI OK
ZOLT OK
ZOLJ OK
ZTIO OK
ZOLS OK
ZTIJ OK
ZTIS OK
ZTIL OK
ZTOI OK
ZTOS OK
ZTOJ OK
ZTOL OK
ZTSO OK
ZTSJ OK
ZTSI OK
ZTJI OK
ZTJO OK
ZTSL OK
ZTJS OK
ZTJL OK
ZTLO OK
ZTLI OK
ZTLJ OK
ZSIO OK
ZSIT OK
ZTLS OK
ZSIJ OK
ZSOI OK
ZSIL OK
ZSOT OK
ZSOJ OK
ZSOL OK
ZSTO OK
ZSTJ OK
ZSTI OK
ZSTL OK
ZSJO OK
ZSJI OK
ZSJT OK
ZSJL OK
ZSLI OK
ZSLO OK
ZSLT OK
ZSLJ OK
ZJIO OK
ZJIT OK
ZJIS OK
ZJIL OK
ZJOT OK
ZJOI OK
ZJOS OK
ZJOL OK
ZJTI OK
ZJTO OK
ZJTS OK
ZJTL OK
ZJSI OK
ZJSO OK
ZJST OK
ZJSL OK
ZJLI OK
ZJLO OK
ZJLT OK
ZJLS OK
ZLIO OK
ZLIT OK
ZLIJ OK
ZLIS OK
ZLOI OK
ZLOT OK
ZLOS OK
ZLOJ OK
ZLTI OK
ZLTO OK
ZLTJ OK
ZLTS OK
ZLSI OK
ZLST OK
ZLSJ OK
ZLSO OK
ZLJI OK
ZLJO OK
ZLJT OK
ZLJS OK
JIOT OK
JIOS OK
JIOL OK
JIOZ OK
JITO OK
JITS OK
JITZ OK
JITL OK
JIST OK
JISO OK
JISZ OK
JISL OK
JIZO OK
JIZT OK
JIZL OK
JIZS OK
JILO OK
JILT OK
JILS OK
JILZ OK
JOIT OK
JOIS OK
JOIL OK
JOIZ OK
JOTI OK
JOTS OK
JOTZ OK
JOTL OK
JOSI OK
JOST OK
JOSZ OK
JOSL OK
JOZI OK
JOZT OK
JOZS OK
JOZL OK
JOLI OK
JOLT OK
JOLS OK
JOLZ OK
JTIO OK
JTIS OK
JTIZ OK
JTIL OK
JTOI OK
JTOS OK
JTOZ OK
JTOL OK
JTSI OK
JTSO OK
JTSZ OK
JTSL OK
JTZI OK
JTZO OK
JTZS OK
JTZL OK
JTLI OK
JTLO OK
JTLS OK
JTLZ OK
JSIO OK
JSIT OK
JSIZ OK
JSIL OK
JSOI OK
JSOT OK
JSOL OK
JSOZ OK
JSTI OK
JSTO OK
JSTZ OK
JSTL OK
JSZI OK
JSZO OK
JSZT OK
JSZL OK
JSLI OK
JSLO OK
JSLT OK
JZIO OK
JSLZ OK
JZIT OK
JZIL OK
JZIS OK
JZOI OK
JZOT OK
JZOL OK
JZOS OK
JZTI OK
JZTO OK
JZTS OK
JZTL OK
JZSI OK
JZSO OK
JZST OK
JZSL OK
JZLI OK
JZLO OK
JZLT OK
JZLS OK
JLIO OK
JLIT OK
JLIS OK
JLIZ OK
JLOI OK
JLOT OK
JLOS OK
JLOZ OK
JLTO OK
JLTI OK
JLTS OK
JLTZ OK
JLSI OK
JLSO OK
JLST OK
JLZI OK
JLZO OK
JLZT OK
JLZS OK
LIOT OK
LIOS OK
JLSZ OK
LIOZ OK
LIOJ OK
LITO OK
LITS OK
LITZ OK
LITJ OK
LISO OK
LIST OK
LISZ OK
LISJ OK
LIZO OK
LIZT OK
LIZJ OK
LIJO OK
LIJT OK
LIJS OK
LIJZ OK
LOIT OK
LOIS OK
LOIZ OK
LOIJ OK
LOTI OK
LOTS OK
LOTZ OK
LOTJ OK
LOSI OK
LOST OK
LOSZ OK
LOSJ OK
LOZI OK
LOZT OK
LIZS OK
LOZJ OK
LOJI OK
LOJT OK
LOJS OK
LOZS OK
LOJZ OK
LTIO OK
LTIS OK
LTIZ OK
LTOI OK
LTIJ OK
LTOS OK
LTOJ OK
LTOZ OK
LTSI OK
LTSO OK
LTSJ OK
LTSZ OK
LTZI OK
LTZO OK
LTZJ OK
LTJI OK
LTJO OK
LTJS OK
LTJZ OK
LSIO OK
LSIT OK
LSIZ OK
LSIJ OK
LTZS OK
LSOI OK
LSOT OK
LSOJ OK
LSOZ OK
LSTI OK
LSTO OK
LSTZ OK
LSTJ OK
LSZI OK
LSZO OK
LSZT OK
LSJI OK
LSZJ OK
LSJO OK
LSJT OK
LSJZ OK
LZIT OK
LZIO OK
LZIS OK
LZIJ OK
LZOI OK
LZOT OK
LZOJ OK
LZTI OK
LZTO OK
LZOS OK
LZTJ OK
LZTS OK
LZSI OK
LZST OK
LZSO OK
LZSJ OK
LZJI OK
LZJT OK
LZJO OK
LZJS OK
LJIO OK
LJIT OK
LJIS OK
LJIZ OK
LJOI OK
LJOT OK
LJOS OK
LJOZ OK
LJTI OK
LJTO OK
LJTS OK
LJTZ OK
LJSI OK
LJSO OK
LJST OK
LJZI OK
LJZO OK
LJZT OK
LJZS OK
LJSZ OK
