IOTJ OK
IOTS OK
IOTZ OK
IOTL OK
IOST OK
IOSZ OK
IOSJ OK
IOZT OK
IOSL OK
IOZJ OK
IOJT OK
IOZL OK
IOJS OK
IOZS OK
IOJL OK
IOLT OK
IOJZ OK
IOLJ OK
ITOS OK
ITOZ OK
ITOJ OK
IOLS OK
IOLZ OK
ITOL OK
ITSO OK
ITSJ OK
ITSL OK
ITZO OK
ITZJ OK
ITZS OK
ITSZ OK
ITJO OK
ITZL OK
ITJS OK
ITJZ OK
ITJL OK
ITLO OK
ITLS OK
ITLJ OK
ITLZ OK
ISOT OK
ISOJ OK
ISOL OK
ISTO OK
ISOZ OK
ISTJ OK
ISTL OK
ISTZ OK
ISZT OK
ISZJ OK
ISZO OK
ISZL OK
ISJT OK
ISJL OK
ISJO OK
ISLT OK
ISJZ OK
ISLO OK
ISLJ OK
IZOT OK
IZOJ OK
ISLZ OK
IZOL OK
IZTO OK
IZTS OK
IZTJ OK
IZTL OK
IZOS OK
IZST OK
IZSJ OK
IZSO OK
IZJT OK
IZSL OK
IZJL OK
IZJO OK
IZLT OK
IZJS OK
IZLJ OK
IJOT OK
IZLO OK
IJOS OK
IJOL OK
IJTO OK
IZLS OK
IJTS OK
IJOZ OK
IJTZ OK
IJTL OK
IJST OK
IJSL OK
IJSO OK
IJZT OK
IJSZ OK
IJZL OK
IJLO OK
IJLT OK
IJZO OK
IJLS OK
IJLZ OK
ILOT OK
IJZS OK
ILOJ OK
ILTO OK
ILTS OK
ILOZ OK
ILOS OK
ILTZ OK
ILTJ OK
ILST OK
ILSJ OK
ILSO OK
ILZT OK
ILSZ OK
ILZJ OK
ILZO OK
ILJO OK
ILJT OK
ILJS OK
ILJZ OK
OITS OK
OITZ OK
OITJ OK
OITL OK
OIST OK
OISZ OK
OISJ OK
OIZT OK
OISL OK
OIZJ OK
ILZS OK
OIJT OK
OIZS OK
OIZL OK
OIJL OK
OILT OK
OIJS OK
OIJZ OK
OILJ OK
OTIS OK
OTIZ OK
OTIJ OK
OTIL OK
OTSI OK
OILS OK
OILZ OK
OTSJ OK
OTZI OK
OTSL OK
OTZJ OK
OTZL OK
OTJI OK
OTJS OK
OTJZ OK
OTJL OK
OTSZ OK
OTLI OK
OTLS OK
OTLZ OK
OTZS OK
OTLJ OK
OSIT OK
OSIZ OK
OSIJ OK
OSIL OK
OSTI OK
OSTJ OK
OSTZ OK
OSTL OK
OSZI OK
OSZT OK
OSZJ OK
OSZL OK
OSJT OK
OSJL OK
OSJI OK
OSLI OK
OSJZ OK
OSLT OK
OZIT OK
OSLJ OK
OZIJ OK
OZIS OK
OZIL OK
OZTI OK
OSLZ OK
OZTS OK
OZTJ OK
OZTL OK
OZSI OK
OZSJ OK
OZST OK
OZSL OK
OZJI OK
OZJT OK
OZJL OK
OZLI OK
OZJS OK
OZLJ OK
OZLT OK
OJIT OK
OZLS OK
OJIL OK
OJTI OK
OJTS OK
OJTZ OK
OJTL OK
OJIS OK
OJIZ OK
OJSI OK
OJST OK
OJSL OK
OJSZ OK
OJZT OK
OJZL OK
OJLI OK
OJLT OK
OJZI OK
OJLS OK
OJLZ OK
OLIT OK
OJZS OK
OLIJ OK
OLTI OK
OLTS OK
OLIS OK
OLIZ OK
OLTJ OK
OLTZ OK
OLSI OK
OLSJ OK
OLST OK
OLSZ OK
OLZI OK
OLZJ OK
OLJI OK
OLZT OK
OLJT OK
OLJS OK
OLJZ OK
TIOS OK
TIOZ OK
TIOJ OK
TIOL OK
TISO OK
TISJ OK
OLZS OK
TISL OK
TIZO OK
TIZS OK
TIZJ OK
TIZL OK
TIJO OK
TIJS OK
TIJZ OK
TIJL OK
TILO OK
TILS OK
TILZ OK
TILJ OK
TISZ OK
TOIS OK
TOIZ OK
TOIJ OK
TOIL OK
TOSI OK
TOSJ OK
TOZI OK
TOSL OK
TOZJ OK
TOZL OK
TOJI OK
TOJS OK
TOJZ OK
TOJL OK
TOLI OK
TOSZ OK
TOZS OK
TOLS OK
TOLJ OK
TSIO OK
TSIJ OK
TOLZ OK
TSIL OK
TSOI OK
TSOJ OK
TSIZ OK
TSOL OK
TSZI OK
TSZJ OK
TSZL OK
TSJI OK
TSJO OK
TSOZ OK
TSJL OK
TSLI OK
TSJZ OK
TSLO OK
TSZO OK
TSLZ OK
TSLJ OK
TZIJ OK
TZIO OK
TZIS OK
TZIL OK
TZOI OK
TZOJ OK
TZOL OK
TZSI OK
TZSJ OK
TZSL OK
TZJI OK
TZJO OK
TZJS OK
TZJL OK
TZLI OK
TZLO OK
TZLS OK
TZOS OK
TZLJ OK
TJIO OK
TJIS OK
TJIZ OK
TJIL OK
TJOI OK
TZSO OK
TJOS OK
TJOL OK
TJOZ OK
TJSI OK
TJSL OK
TJSO OK
TJZI OK
TJZO OK
TJZS OK
TJZL OK
TJLI OK
TJLO OK
TJLS OK
TJLZ OK
TLIO OK
TLIS OK
TLIZ OK
TJSZ OK
TLIJ OK
TLOI OK
TLOJ OK
TLSI OK
TLOS OK
TLOZ OK
TLSJ OK
TLZI OK
TLZO OK
TLSO OK
TLZJ OK
TLJI OK
TLJO OK
TLSZ OK
TLJS OK
TLJZ OK
TLZS OK
SIOT OK
SIOJ OK
SITO OK
SIOL OK
SIOZ OK
SITJ OK
SITL OK
SIZT OK
SITZ OK
SIZJ OK
SIZO OK
SIZL OK
SIJT OK
SIJL OK
SIJO OK
SIJZ OK
SILT OK
SILO OK
SILJ OK
SOIT OK
SOIZ OK
SOIJ OK
SOTI OK
SOTZ OK
SOTJ OK
SILZ OK
SOTL OK
SOZT OK
SOIL OK
SOZI OK
SOZJ OK
SOZL OK
SOJT OK
SOJL OK
SOJI OK
SOLT OK
SOLI OK
SOJZ OK
SOLJ OK
STIO OK
STIJ OK
STIL OK
STIZ OK
STOI OK
SOLZ OK
STOJ OK
STOZ OK
STOL OK
STZJ OK
STZI OK
STJI OK
STJO OK
STZL OK
STJZ OK
STJL OK
STLI OK
STLZ OK
STLO OK
STLJ OK
SZIT OK
STZO OK
SZIJ OK
SZIO OK
SZOT OK
SZIL OK
SZOJ OK
SZOI OK
SZOL OK
SZTI OK
SZTJ OK
SZTL OK
SZTO OK
SZJT OK
SZJO OK
SZJI OK
SZJL OK
SZLT OK
SZLO OK
SZLJ OK
SZLI OK
SJIT OK
SJIL OK
SJIO OK
SJOT OK
SJIZ OK
SJOL OK
SJOI OK
SJTI OK
SJTO OK
SJTL OK
SJTZ OK
SJOZ OK
SJZI OK
SJZO OK
SJZL OK
SJLI OK
SJLT OK
SJLO OK
SJLZ OK
SLIT OK
SJZT OK
SLIJ OK
SLIO OK
SLOT OK
SLOI OK
SLIZ OK
SLTI OK
SLOJ OK
SLTO OK
SLTJ OK
SLTZ OK
SLOZ OK
SLZT OK
SLZI OK
SLZO OK
SLZJ OK
SLJI OK
SLJT OK
SLJO OK
SLJZ OK
ZIOT OK
ZIOJ OK
ZITO OK
ZITS OK
ZITJ OK
ZITL OK
ZIOS OK
ZIOL OK
ZIST OK
ZISO OK
ZISJ OK
ZIJT OK
ZIJO OK
ZISL OK
ZIJL OK
ZILT OK
ZILO OK
ZIJS OK
ZILJ OK
ZOIT OK
ZOIJ OK
ZILS OK
ZOIS OK
ZOTI OK
ZOTS OK
ZOTJ OK
ZOIL OK
ZOTL OK
ZOSI OK
ZOSJ OK
ZOST OK
ZOJT OK
ZOJI OK
ZOSL OK
ZOJL OK
ZOJS OK
ZOLI OK
ZOLJ OK
ZTIO OK
ZTIS OK
ZTIJ OK
ZOLT OK
ZTIL OK
ZTOI OK
ZTOS OK
ZTOJ OK
ZTSI OK
ZTOL OK
ZTSJ OK
ZOLS OK
ZTJI OK
ZTSL OK
ZTJO OK
ZTJS OK
ZTJL OK
ZTLI OK
ZTLO OK
ZTLJ OK
ZTLS OK
ZSIT OK
ZTSO OK
ZSIO OK
ZSIJ OK
ZSOI OK
ZSIL OK
ZSOJ OK
ZSOT OK
ZSTI OK
ZSTJ OK
ZSTL OK
ZSOL OK
ZSTO OK
ZSJT OK
ZSJL OK
ZSJI OK
ZSJO OK
ZSLT OK
ZSLI OK
ZSLJ OK
ZSLO OK
ZJIT OK
ZJIL OK
ZJIO OK
ZJOI OK
ZJOT OK
ZJOL OK
ZJTI OK
ZJTO OK
ZJIS OK
ZJTS OK
ZJTL OK
ZJOS OK
ZJST OK
ZJSL OK
ZJLI OK
ZJSI OK
ZJLO OK
ZJSO OK
ZJLT OK
ZJLS OK
ZLIT OK
ZLIJ OK
ZLIO OK
ZLOI OK
ZLIS OK
ZLOJ OK
ZLTI OK
ZLTO OK
ZLTS OK
ZLOT OK
ZLTJ OK
ZLOS OK
ZLSO OK
ZLSJ OK
ZLSI OK
ZLJI OK
ZLJO OK
ZLST OK
ZLJT OK
ZLJS OK
JIOT OK
JIOL OK
JITO OK
JITS OK
JITZ OK
JITL OK
JIOS OK
JIOZ OK
JIST OK
JISL OK
JISO OK
JIZT OK
JISZ OK
JIZL OK
JILO OK
JILT OK
JIZO OK
JILS OK
JILZ OK
JIZS OK
JOIT OK
JOIL OK
JOTI OK
JOTS OK
JOTZ OK
JOTL OK
JOIS OK
JOIZ OK
JOSI OK
JOSL OK
JOST OK
JOSZ OK
JOZI OK
JOZL OK
JOLI OK
JOLT OK
JOZT OK
JOLS OK
JOLZ OK
JTIO OK
JTIS OK
JTIZ OK
JTIL OK
JTOI OK
JTOS OK
JTOZ OK
JTOL OK
JTSI OK
JTSO OK
JTSL OK
JTZI OK
JTZO OK
JTZS OK
JTZL OK
JTSZ OK
JTLI OK
JTLO OK
JTLS OK
JTLZ OK
JOZS OK
JSIT OK
JSIL OK
JSIO OK
JSIZ OK
JSOI OK
JSOL OK
JSTI OK
JSOT OK
JSTO OK
JSTL OK
JSTZ OK
JSOZ OK
JSZI OK
JSZL OK
JSLI OK
JSZO OK
JSLT OK
JSLO OK
JSZT OK
JZIT OK
JSLZ OK
JZIL OK
JZIO OK
JZOI OK
JZOT OK
JZOL OK
JZTI OK
JZIS OK
JZTS OK
JZTO OK
JZTL OK
JZOS OK
JZSI OK
JZSL OK
JZLI OK
JZLO OK
JZST OK
JZSO OK
JZLT OK
JZLS OK
JLIO OK
JLIT OK
JLIS OK
JLIZ OK
JLOI OK
JLOT OK
JLTI OK
JLTO OK
JLTS OK
JLOS OK
JLTZ OK
JLOZ OK
JLSI OK
JLST OK
JLZI OK
JLZO OK
JLZT OK
JLSO OK
JLZS OK
LIOT OK
JLSZ OK
LIOJ OK
LITO OK
LIOS OK
LITS OK
LIOZ OK
LITJ OK
LITZ OK
LIST OK
LISO OK
LISJ OK
LIZT OK
LISZ OK
LIZJ OK
LIJO OK
LIJT OK
LIJS OK
LIJZ OK
LOIT OK
LIZO OK
LOIS OK
LOIJ OK
LOTI OK
LIZS OK
LOTS OK
LOTJ OK
LOIZ OK
LOTZ OK
LOSI OK
LOSJ OK
LOST OK
LOSZ OK
LOZI OK
LOZJ OK
LOJI OK
LOJT OK
LOZT OK
LOJS OK
LOJZ OK
LTIO OK
LOZS OK
LTIS OK
LTIZ OK
LTIJ OK
LTOI OK
LTOJ OK
LTSI OK
LTOS OK
LTOZ OK
LTSJ OK
LTZI OK
LTSO OK
LTZO OK
LTZJ OK
LTJI OK
LTJO OK
LTJS OK
LTSZ OK
LTJZ OK
LTZS OK
LSIT OK
LSIJ OK
LSIO OK
LSIZ OK
LSOI OK
LSOJ OK
LSTI OK
LSOT OK
LSTO OK
LSTJ OK
LSOZ OK
LSTZ OK
LSZI OK
LSZT OK
LSZO OK
LSZJ OK
LSJI OK
LSJT OK
LSJO OK
LZIT OK
LSJZ OK
LZIJ OK
LZIO OK
LZOI OK
LZIS OK
LZOJ OK
LZTI OK
LZTO OK
LZOT OK
LZTJ OK
LZOS OK
LZTS OK
LZSO OK
LZSI OK
LZSJ OK
LZJI OK
LZJO OK
LZJT OK
LZJS OK
LJIO OK
LJIT OK
LJIS OK
LJIZ OK
LJOI OK
LJOT OK
LJOS OK
LJOZ OK
LJTI OK
LJTO OK
LZST OK
LJTS OK
LJTZ OK
LJSI OK
LJST OK
LJZI OK
LJZO OK
LJSO OK
LJZT OK
LJZS OK
LJSZ OK
