IOTJ OK
IOTZ OK
IOTS OK
IOTL OK
IOST OK
IOSJ OK
IOSL OK
IOSZ OK
IOZT OK
IOZJ OK
IOJT OK
IOZL OK
IOJS OK
IOZS OK
IOJZ OK
IOJL OK
IOLT OK
IOLJ OK
ITOS OK
ITOZ OK
ITOJ OK
ITOL OK
ITSO OK
ITSZ OK
ITSJ OK
ITSL OK
IOLS OK
IOLZ OK
ITZO OK
ITZS OK
ITZJ OK
ITZL OK
ITJO OK
ITJS OK
ITJZ OK
ITJL OK
ITLO OK
ITLS OK
ITLJ OK
ITLZ OK
ISOT OK
ISOJ OK
ISTO OK
ISOL OK
ISOZ OK
ISTJ OK
ISTL OK
ISZT OK
ISTZ OK
ISZJ OK
ISZO OK
ISZL OK
ISJT OK
ISJL OK
ISJO OK
ISLT OK
ISJZ OK
ISLJ OK
IZOT OK
ISLO OK
IZOJ OK
ISLZ OK
IZTO OK
IZTS OK
IZTJ OK
IZTL OK
IZOL OK
IZST OK
IZOS OK
IZSJ OK
IZSO OK
IZSL OK
IZJT OK
IZJL OK
IZJO OK
IZLT OK
IZJS OK
IZLJ OK
IJOT OK
IZLO OK
IZLS OK
IJOL OK
IJTO OK
IJTS OK
IJTZ OK
IJTL OK
IJOZ OK
IJOS OK
IJST OK
IJSL OK
IJSO OK
IJZT OK
IJSZ OK
IJZL OK
IJLO OK
IJZO OK
IJLT OK
IJLS OK
IJLZ OK
ILOT OK
IJZS OK
ILOJ OK
ILTO OK
ILTS OK
ILTZ OK
ILOS OK
ILTJ OK
ILOZ OK
ILST OK
ILSJ OK
ILSO OK
ILZT OK
ILSZ OK
ILZJ OK
ILZO OK
ILJO OK
ILJT OK
ILJS OK
ILJZ OK
OITS OK
OITZ OK
OITJ OK
OITL OK
OIST OK
OISJ OK
OISZ OK
OIZT OK
ILZS OK
OISL OK
OIZJ OK
OIJT OK
OIZL OK
OIZS OK
OIJL OK
OILT OK
OIJS OK
OIJZ OK
OILJ OK
OTIS OK
OTIZ OK
OTIJ OK
OTIL OK
OTSI OK
OILS OK
OILZ OK
OTSJ OK
OTZI OK
OTSL OK
OTZJ OK
OTZL OK
OTJI OK
OTJS OK
OTJZ OK
OTJL OK
OTLI OK
OTSZ OK
OTLS OK
OTLZ OK
OTLJ OK
OSIT OK
OTZS OK
OSIJ OK
OSTI OK
OSIZ OK
OSIL OK
OSTJ OK
OSTZ OK
OSTL OK
OSZT OK
OSZI OK
OSZJ OK
OSJT OK
OSZL OK
OSJL OK
OSJI OK
OSJZ OK
OSLT OK
OSLJ OK
OSLI OK
OZIT OK
OSLZ OK
OZIS OK
OZIJ OK
OZTI OK
OZTJ OK
OZIL OK
OZTL OK
OZSI OK
OZTS OK
OZST OK
OZSJ OK
OZSL OK
OZJI OK
OZJL OK
OZJT OK
OZJS OK
OZLI OK
OZLJ OK
OJIT OK
OZLT OK
OZLS OK
OJIL OK
OJTI OK
OJTS OK
OJIS OK
OJTZ OK
OJTL OK
OJIZ OK
OJSI OK
OJST OK
OJSL OK
OJSZ OK
OJZI OK
OJZT OK
OJZL OK
OJLI OK
OJLT OK
OJLS OK
OJLZ OK
OLIT OK
OJZS OK
OLIJ OK
OLTI OK
OLTS OK
OLTZ OK
OLIS OK
OLTJ OK
OLIZ OK
OLSI OK
OLST OK
OLSZ OK
OLSJ OK
OLZI OK
OLZT OK
OLZJ OK
OLJI OK
OLJT OK
OLJS OK
OLJZ OK
TIOS OK
OLZS OK
TIOZ OK
TIOJ OK
TIOL OK
TISO OK
TISJ OK
TISL OK
TIZO OK
TIZS OK
TIZJ OK
TIZL OK
TIJO OK
TIJS OK
TIJZ OK
TIJL OK
TILO OK
TILS OK
TILZ OK
TILJ OK
TOIS OK
TOIZ OK
TISZ OK
TOIJ OK
TOIL OK
TOSI OK
TOSJ OK
TOZI OK
TOSL OK
TOZJ OK
TOZL OK
TOJI OK
TOJS OK
TOJZ OK
TOJL OK
TOLI OK
TOLS OK
TOSZ OK
TOLJ OK
TSIO OK
TOLZ OK
TSIJ OK
TOZS OK
TSIL OK
TSOI OK
TSOJ OK
TSOL OK
TSIZ OK
TSZI OK
TSZJ OK
TSOZ OK
TSJI OK
TSZL OK
TSJO OK
TSJL OK
TSLI OK
TSJZ OK
TSZO OK
TSLO OK
TSLJ OK
TZIO OK
TZIS OK
TZIJ OK
TZIL OK
TZOI OK
TZOJ OK
TZOL OK
TZSI OK
TSLZ OK
TZSJ OK
TZSL OK
TZJI OK
TZJO OK
TZJS OK
TZJL OK
TZLI OK
TZOS OK
TZLO OK
TZLJ OK
TJIO OK
TJIS OK
TJIZ OK
TZSO OK
TZLS OK
TJIL OK
TJOI OK
TJOL OK
TJOS OK
TJSI OK
TJOZ OK
TJSO OK
TJSL OK
TJZI OK
TJZO OK
TJZL OK
TJLI OK
TJLO OK
TJZS OK
TJLZ OK
TJLS OK
TLIO OK
TLIS OK
TJSZ OK
TLIZ OK
TLIJ OK
TLOI OK
TLOJ OK
TLSI OK
TLOS OK
TLOZ OK
TLSJ OK
TLZI OK
TLSO OK
TLZO OK
TLZJ OK
TLJI OK
TLJO OK
TLJS OK
TLJZ OK
SIOT OK
TLZS OK
SIOJ OK
SIOZ OK
SITO OK
SITZ OK
TLSZ OK
SITJ OK
SITL OK
SIZT OK
SIOL OK
SIZJ OK
SIZO OK
SIJT OK
SIZL OK
SIJL OK
SIJO OK
SILT OK
SIJZ OK
SILJ OK
SOIT OK
SILO OK
SOIJ OK
SOIZ OK
SOTI OK
SILZ OK
SOTJ OK
SOTZ OK
SOIL OK
SOTL OK
SOZT OK
SOZI OK
SOZJ OK
SOJT OK
SOZL OK
SOJL OK
SOJI OK
SOJZ OK
SOLI OK
SOLT OK
SOLJ OK
STIO OK
STIJ OK
STIL OK
STOI OK
STIZ OK
SOLZ OK
STOJ OK
STZI OK
STOZ OK
STOL OK
STZJ OK
STJI OK
STZL OK
STJO OK
STJL OK
STLI OK
STJZ OK
STZO OK
STLJ OK
STLO OK
SZIT OK
STLZ OK
SZIO OK
SZIJ OK
SZIL OK
SZOT OK
SZOJ OK
SZOI OK
SZTI OK
SZOL OK
SZTJ OK
SZTO OK
SZTL OK
SZJI OK
SZJL OK
SZJT OK
SZLO OK
SZLI OK
SZLJ OK
SZJO OK
SJIT OK
SZLT OK
SJIL OK
SJIO OK
SJOT OK
SJIZ OK
SJOI OK
SJOL OK
SJTI OK
SJTO OK
SJTL OK
SJTZ OK
SJOZ OK
SJZI OK
SJZL OK
SJLI OK
SJLO OK
SJLT OK
SJZT OK
SJLZ OK
SJZO OK
SLIT OK
SLIJ OK
SLIO OK
SLIZ OK
SLOI OK
SLOJ OK
SLOT OK
SLTI OK
SLOZ OK
SLTJ OK
SLTO OK
SLTZ OK
SLZI OK
SLZT OK
SLZJ OK
SLJI OK
SLJO OK
SLJT OK
SLZO OK
ZIOT OK
SLJZ OK
ZIOS OK
ZIOJ OK
ZITO OK
ZIOL OK
ZITJ OK
ZITS OK
ZITL OK
ZIST OK
ZISJ OK
ZISL OK
ZIJT OK
ZIJO OK
ZISO OK
ZIJL OK
ZILT OK
ZIJS OK
ZILJ OK
ZOIT OK
ZILO OK
ZOIS OK
ZILS OK
ZOTI OK
ZOIJ OK
ZOTJ OK
ZOIL OK
ZOTL OK
ZOSI OK
ZOTS OK
ZOST OK
ZOSJ OK
ZOSL OK
ZOJI OK
ZOJL OK
ZOJT OK
ZOLI OK
ZOJS OK
ZOLJ OK
ZTIO OK
ZTIS OK
ZTIJ OK
ZTIL OK
ZTOI OK
ZOLT OK
ZTOJ OK
ZOLS OK
ZTOL OK
ZTSI OK
ZTSJ OK
ZTSL OK
ZTJI OK
ZTJO OK
ZTOS OK
ZTJL OK
ZTJS OK
ZTLI OK
ZTLO OK
ZTLJ OK
ZTSO OK
ZTLS OK
ZSIT OK
ZSIJ OK
ZSIO OK
ZSIL OK
ZSOT OK
ZSOJ OK
ZSOI OK
ZSTI OK
ZSTJ OK
ZSOL OK
ZSTO OK
ZSTL OK
ZSJT OK
ZSJL OK
ZSJI OK
ZSLO OK
ZSLI OK
ZSLJ OK
ZSJO OK
ZJIT OK
ZSLT OK
ZJIL OK
ZJIO OK
ZJIS OK
ZJOI OK
ZJOL OK
ZJTI OK
ZJTO OK
ZJTS OK
ZJOT OK
ZJTL OK
ZJOS OK
ZJST OK
ZJSL OK
ZJLI OK
ZJLO OK
ZJLT OK
ZJLS OK
ZJSI OK
ZLIT OK
ZLIO OK
ZLIJ OK
ZJSO OK
ZLIS OK
ZLOI OK
ZLOJ OK
ZLTI OK
ZLTO OK
ZLOT OK
ZLTJ OK
ZLTS OK
ZLOS OK
ZLST OK
ZLSI OK
ZLSJ OK
ZLJI OK
ZLJO OK
ZLSO OK
ZLJT OK
ZLJS OK
JIOT OK
JIOL OK
JITO OK
JITS OK
JITZ OK
JITL OK
JIOZ OK
JIOS OK
JISO OK
JISL OK
JIST OK
JIZT OK
JISZ OK
JIZL OK
JILO OK
JILT OK
JILS OK
JILZ OK
JOIT OK
JIZO OK
JIZS OK
JOIL OK
JOTI OK
JOTS OK
JOIS OK
JOIZ OK
JOTZ OK
JOTL OK
JOSI OK
JOST OK
JOSZ OK
JOSL OK
JOZT OK
JOZL OK
JOZI OK
JOLI OK
JOLT OK
JOLS OK
JOLZ OK
JTIO OK
JTIS OK
JTIZ OK
JTIL OK
JTOI OK
JOZS OK
JTOS OK
JTOL OK
JTOZ OK
JTSI OK
JTSL OK
JTSO OK
JTZI OK
JTZO OK
JTZL OK
JTLI OK
JTLO OK
JTLS OK
JTSZ OK
JTLZ OK
JTZS OK
JSIT OK
JSIL OK
JSIO OK
JSIZ OK
JSOI OK
JSOL OK
JSTI OK
JSOT OK
JSOZ OK
JSTL OK
JSTO OK
JSTZ OK
JSZI OK
JSZL OK
JSLI OK
JSLO OK
JSLT OK
JSLZ OK
JSZT OK
JZIT OK
JZIO OK
JZIL OK
JZOI OK
JSZO CAP
JZIS OK
JZOL OK
JZTI OK
JZTO OK
JZOT OK
JZTL OK
JZOS OK
JZTS OK
JZSI OK
JZSL OK
JZLI OK
JZLO OK
JZLT OK
JZLS OK
JLIO OK
JLIT OK
JLIS OK
JZST OK
JLIZ OK
JLOI OK
JLOT OK
JLOS OK
JLOZ OK
JLTI OK
JLTO OK
JLTS OK
JLTZ OK
JLSI OK
JLST OK
JLSO OK
JLZI OK
JLZO OK
JLZT OK
JLZS OK
LIOT OK
JLSZ OK
JZSO OK
LIOJ OK
LITO OK
LITS OK
LITZ OK
LITJ OK
LIOS OK
LIOZ OK
LISO OK
LISJ OK
LIST OK
LIZT OK
LISZ OK
LIZJ OK
LIJO OK
LIJT OK
LIJS OK
LIJZ OK
LOIT OK
LIZO OK
LOIS OK
LOIZ OK
LOIJ OK
LIZS OK
LOTI OK
LOTJ OK
LOTS OK
LOTZ OK
LOSI OK
LOST OK
LOSZ OK
LOSJ OK
LOZI OK
LOZT OK
LOZJ OK
LOJI OK
LOJT OK
LOJS OK
LOZS OK
LOJZ OK
LTIO OK
LTIS OK
LTIZ OK
LTIJ OK
LTOI OK
LTOJ OK
LTSI OK
LTOS OK
LTOZ OK
LTSJ OK
LTZI OK
LTSO OK
LTZO OK
LTZJ OK
LTJI OK
LTJO OK
LTJS OK
LTJZ OK
LTZS OK
LSIT OK
LTSZ OK
LSIJ OK
LSIO OK
LSIZ OK
LSOI OK
LSOT OK
LSTI OK
LSOJ OK
LSOZ OK
LSTJ OK
LSTO OK
LSTZ OK
LSZI OK
LSZJ OK
LSJI OK
LSZT OK
LSJT OK
LSJO OK
LSJZ OK
LSZO OK
LZIT OK
LZIJ OK
LZIO OK
LZOI OK
LZIS OK
LZOJ OK
LZTI OK
LZTO OK
LZOT OK
LZTJ OK
LZOS OK
LZTS OK
LZSI OK
LZSJ OK
LZJI OK
LZJO OK
LZJT OK
LZSO OK
LZJS OK
LJIO OK
LJIT OK
LJIS OK
LJIZ OK
LJOI OK
LJOT OK
LZST OK
LJOS OK
LJTI OK
LJOZ OK
LJTO OK
LJTS OK
LJTZ OK
LJSI OK
LJST OK
LJZI OK
LJZO OK
LJSO OK
LJZT OK
LJZS OK
LJSZ OK
