IOTJ OK
IOTS OK
IOTZ OK
IOTL OK
IOST OK
IOSZ OK
IOSJ OK
IOZT OK
IOSL OK
IOZJ OK
IOZL OK
IOJT OK
IOZS OK
IOJL OK
IOLT OK
IOJS OK
IOJZ OK
IOLJ OK
ITOS OK
ITOZ OK
ITOJ OK
IOLS OK
ITOL OK
ITSO OK
ITSJ OK
ITSL OK
ITZO OK
IOLZ OK
ITZS OK
ITSZ OK
ITZJ OK
ITJO OK
ITZL OK
ITJS OK
ITJZ OK
ITJL OK
ITLO OK
ITLS OK
ITLZ OK
ITLJ OK
ISOT OK
ISOJ OK
ISTO OK
ISOZ OK
ISOL OK
ISTJ OK
ISTL OK
ISTZ OK
ISZT OK
ISZJ OK
ISZL OK
ISJT OK
ISZO OK
ISJL OK
ISJO OK
ISLT OK
ISLO OK
ISLJ OK
ISJZ OK
IZOT OK
ISLZ OK
IZOJ OK
IZTO OK
IZOL OK
IZTS OK
IZTJ OK
IZTL OK
IZOS OK
IZST OK
IZSJ OK
IZSO OK
IZJT OK
IZSL OK
IZJL OK
IZJO OK
IZLT OK
IZJS OK
IZLJ OK
IJOT OK
IZLO OK
IZLS OK
IJOL OK
IJTO OK
IJTS OK
IJOS OK
IJTZ OK
IJTL OK
IJOZ OK
IJST OK
IJSL OK
IJSO OK
IJZT OK
IJZO OK
IJZL OK
IJLO OK
IJLT OK
IJLS OK
IJLZ OK
ILOT OK
IJZS OK
IJSZ OK
ILOJ OK
ILTO OK
ILTS OK
ILTZ OK
ILTJ OK
ILOS OK
ILST OK
ILOZ OK
ILSJ OK
ILSO OK
ILZT OK
ILSZ OK
ILZJ OK
ILJO OK
ILZO OK
ILJT OK
ILJS OK
ILJZ OK
OITS OK
OITZ OK
OITJ OK
OITL OK
OIST OK
OISZ OK
OISJ OK
OIZT OK
ILZS OK
OISL OK
OIZJ OK
OIJT OK
OIZS OK
OIZL OK
OIJL OK
OILT OK
OIJS OK
OIJZ OK
OILJ OK
OTIS OK
OTIZ OK
OILS OK
OTIJ OK
OTIL OK
OTSI OK
OTSJ OK
OTSL OK
OILZ OK
OTZI OK
OTZJ OK
OTZL OK
OTJI OK
OTJS OK
OTJZ OK
OTJL OK
OTSZ OK
OTZS OK
OTLI OK
OTLJ OK
OSIT OK
OTLS OK
OTLZ OK
OSIZ OK
OSIJ OK
OSIL OK
OSTI OK
OSTJ OK
OSZI OK
OSTL OK
OSTZ OK
OSZT OK
OSZJ OK
OSZL OK
OSJI OK
OSJL OK
OSJT OK
OSLI OK
OSJZ OK
OSLJ OK
OZIT OK
OSLT OK
OSLZ OK
OZIJ OK
OZIS OK
OZTI OK
OZTJ OK
OZIL OK
OZTS OK
OZTL OK
OZSI OK
OZST OK
OZSJ OK
OZSL OK
OZJI OK
OZJL OK
OZJT OK
OZJS OK
OZLT OK
OZLJ OK
OZLI OK
OJIT OK
OZLS OK
OJIL OK
OJTI OK
OJTS OK
OJIS OK
OJTZ OK
OJIZ OK
OJTL OK
OJST OK
OJSI OK
OJSL OK
OJSZ OK
OJZT OK
OJZL OK
OJLI OK
OJLT OK
OJZI OK
OJLS OK
OJLZ OK
OLIT OK
OJZS OK
OLIJ OK
OLTI OK
OLIS OK
OLIZ OK
OLTJ OK
OLTS OK
OLTZ OK
OLSI OK
OLSJ OK
OLST OK
OLSZ OK
OLZT OK
OLZI OK
OLZJ OK
OLJI OK
OLJT OK
OLJS OK
OLJZ OK
TIOS OK
TIOZ OK
TIOJ OK
TIOL OK
TISO OK
TISJ OK
TISL OK
TISZ OK
TIZO OK
OLZS OK
TIZS OK
TIZJ OK
TIZL OK
TIJO OK
TIJS OK
TIJZ OK
TIJL OK
TILO OK
TILS OK
TILZ OK
TILJ OK
TOIJ OK
TOIS OK
TOIZ OK
TOIL OK
TOSI OK
TOSJ OK
TOZI OK
TOSL OK
TOZJ OK
TOZL OK
TOJI OK
TOJS OK
TOJZ OK
TOJL OK
TOLI OK
TOZS OK
TOLS OK
TOLJ OK
TOLZ OK
TOSZ OK
TSIJ OK
TSIO OK
TSIL OK
TSIZ OK
TSOI OK
TSOJ OK
TSOL OK
TSZI OK
TSZJ OK
TSZL OK
TSJI OK
TSJO OK
TSJZ OK
TSJL OK
TSOZ OK
TSLI OK
TSLO OK
TSLJ OK
TSZO OK
TZIO OK
TZIS OK
TSLZ OK
TZIJ OK
TZIL OK
TZOI OK
TZOJ OK
TZSI OK
TZOL OK
TZSJ OK
TZSL OK
TZJI OK
TZOS OK
TZJO OK
TZJL OK
TZJS OK
TZLI OK
TZLO OK
TZLJ OK
TZLS OK
TJIO OK
TJIS OK
TJIZ OK
TJIL OK
TJOI OK
TJOS OK
TJOZ OK
TJOL OK
TZSO OK
TJSI OK
TJSL OK
TJSO OK
TJZI OK
TJZO OK
TJZL OK
TJZS OK
TJLI OK
TJSZ OK
TJLO OK
TJLS OK
TLIO OK
TJLZ OK
TLIS OK
TLIZ OK
TLIJ OK
TLOI OK
TLOJ OK
TLSI OK
TLOS OK
TLOZ OK
TLSJ OK
TLZI OK
TLSO OK
TLZO OK
TLZJ OK
TLJI OK
TLJO OK
TLZS OK
TLSZ OK
TLJS OK
TLJZ OK
SIOT OK
SIOJ OK
SITO OK
SIOZ OK
SIOL OK
SITJ OK
SITL OK
SITZ OK
SIZT OK
SIZJ OK
SIZL OK
SIJT OK
SIZO OK
SIJL OK
SIJO OK
SILT OK
SIJZ OK
SILJ OK
SILO OK
SOIT OK
SOIZ OK
SOIJ OK
SILZ OK
SOTI OK
SOTJ OK
SOIL OK
SOTL OK
SOTZ OK
SOZI OK
SOZT OK
SOJI OK
SOZJ OK
SOZL OK
SOJL OK
SOJT OK
SOLI OK
SOJZ OK
SOLJ OK
STIO OK
STIZ OK
SOLT OK
STIJ OK
STIL OK
SOLZ OK
STOI OK
STOJ OK
STOL OK
STZI OK
STZJ OK
STZL OK
STOZ OK
STJI OK
STJO OK
STJL OK
STLI OK
STJZ OK
STLO OK
STZO OK
STLZ OK
STLJ OK
SZIT OK
SZIL OK
SZIO OK
SZIJ OK
SZOT OK
SZOJ OK
SZTI OK
SZOI OK
SZTJ OK
SZOL OK
SZTL OK
SZTO OK
SZJT OK
SZJL OK
SZJI OK
SZJO OK
SZLI OK
SZLJ OK
SZLO OK
SZLT OK
SJIT OK
SJIL OK
SJIO OK
SJOI OK
SJIZ OK
SJOL OK
SJTI OK
SJTO OK
SJOT OK
SJTL OK
SJTZ OK
SJOZ OK
SJZI OK
SJZO OK
SJZL OK
SJLI OK
SJLT OK
SJLO OK
SJLZ OK
SLIT OK
SJZT OK
SLIJ OK
SLIO OK
SLIZ OK
SLOI OK
SLOJ OK
SLTI OK
SLOT OK
SLTO OK
SLTJ OK
SLOZ OK
SLTZ OK
SLZI OK
SLZJ OK
SLJI OK
SLZT OK
SLJT OK
SLJO OK
SLZO OK
ZIOT OK
SLJZ OK
ZIOJ OK
ZIOL OK
ZITO OK
ZITS OK
ZITJ OK
ZIOS OK
ZITL OK
ZIST OK
ZISJ OK
ZISO OK
ZIJT OK
ZISL OK
ZIJL OK
ZIJO OK
ZILT OK
ZIJS OK
ZILJ OK
ZOIT OK
ZILO OK
ZOIJ OK
ZOIS OK
ZILS OK
ZOTI OK
ZOTJ OK
ZOTL OK
ZOTS OK
ZOIL OK
ZOSI OK
ZOST OK
ZOSJ OK
ZOJT OK
ZOSL OK
ZOJL OK
ZOJI OK
ZOLT OK
ZOJS OK
ZOLI OK
ZOLJ OK
ZTIO OK
ZTIS OK
ZTIJ OK
ZTIL OK
ZTOI OK
ZTOJ OK
ZTOL OK
ZOLS OK
ZTSI OK
ZTOS OK
ZTSJ OK
ZTJI OK
ZTSL OK
ZTJO OK
ZTJS OK
ZTJL OK
ZTLI OK
ZTLO OK
ZTLJ OK
ZTLS OK
ZSIT OK
ZTSO OK
ZSIO OK
ZSIL OK
ZSIJ OK
ZSOT OK
ZSOI OK
ZSOJ OK
ZSTI OK
ZSTJ OK
ZSTL OK
ZSOL OK
ZSTO OK
ZSJT OK
ZSJL OK
ZSJO OK
ZSJI OK
ZSLI OK
ZSLJ OK
ZSLO OK
ZSLT OK
ZJIT OK
ZJIL OK
ZJIO OK
ZJOI OK
ZJOT OK
ZJIS OK
ZJOL OK
ZJTI OK
ZJTO OK
ZJTS OK
ZJTL OK
ZJOS OK
ZJSI OK
ZJSL OK
ZJSO OK
ZJST OK
ZJLO OK
ZJLI OK
ZJLT OK
ZJLS OK
ZLIT OK
ZLIJ OK
ZLIO OK
ZLOI OK
ZLIS OK
ZLOJ OK
ZLOT OK
ZLTI OK
ZLTO OK
ZLTS OK
ZLTJ OK
ZLOS OK
ZLSI OK
ZLSO OK
ZLSJ OK
ZLJI OK
ZLJO OK
ZLJT OK
ZLST OK
ZLJS OK
JIOT OK
JIOL OK
JITO OK
JITS OK
JITZ OK
JITL OK
JIOZ OK
JIOS OK
JIST OK
JISL OK
JISO OK
JIZT OK
JIZO OK
JIZL OK
JILO OK
JILT OK
JIZS OK
JILS OK
JILZ OK
JOIT OK
JISZ OK
JOIL OK
JOTI OK
JOTS OK
JOTZ OK
JOTL OK
JOIS OK
JOIZ OK
JOSI OK
JOSL OK
JOST OK
JOSZ OK
JOZI OK
JOZL OK
JOLI OK
JOZT OK
JOLT OK
JOLS OK
JOLZ OK
JTIO OK
JTIS OK
JTIZ OK
JTIL OK
JTOI OK
JTOS OK
JTOZ OK
JTOL OK
JTSI OK
JTSO OK
JTSL OK
JTZI OK
JTZO OK
JTSZ OK
JTZL OK
JTZS OK
JTLO OK
JTLI OK
JOZS OK
JTLS OK
JTLZ OK
JSIT OK
JSIL OK
JSIO OK
JSOI OK
JSIZ OK
JSOL OK
JSOT OK
JSTI OK
JSTO OK
JSTZ OK
JSTL OK
JSOZ OK
JSZO OK
JSZL OK
JSZT OK
JSLI OK
JSLT OK
JSLO OK
JSLZ OK
JSZI OK
JZIT OK
JZIL OK
JZIO OK
JZOT OK
JZIS OK
JZOI OK
JZOL OK
JZTI OK
JZTS OK
JZTO OK
JZTL OK
JZOS OK
JZSI OK
JZSL OK
JZLI OK
JZST OK
JZSO OK
JZLO OK
JZLT OK
JZLS OK
JLIO OK
JLIT OK
JLIS OK
JLIZ OK
JLOI OK
JLOT OK
JLTI OK
JLTO OK
JLOS OK
JLOZ OK
JLTS OK
JLTZ OK
JLSI OK
JLST OK
JLZI OK
JLZO OK
JLSO OK
JLZT OK
JLZS OK
LIOT OK
JLSZ OK
LIOJ OK
LIOS OK
LITO OK
LITS OK
LITZ OK
LIOZ OK
LITJ OK
LIST OK
LISJ OK
LISO OK
LISZ OK
LIZT OK
LIZJ OK
LIJO OK
LIJT OK
LIJS OK
LIJZ OK
LIZO OK
LOIT OK
LOIS OK
LOIZ OK
LOIJ OK
LOTI OK
LIZS OK
LOTJ OK
LOTS OK
LOTZ OK
LOSI OK
LOSJ OK
LOST OK
LOSZ OK
LOZI OK
LOZJ OK
LOJI OK
LOZT OK
LOJT OK
LOJS OK
LOJZ OK
LTIO OK
LTIS OK
LTIZ OK
LTIJ OK
LTOI OK
LOZS OK
LTOJ OK
LTSI OK
LTOS OK
LTOZ OK
LTSJ OK
LTZI OK
LTSO OK
LTZO OK
LTZJ OK
LTJI OK
LTZS OK
LTJO OK
LTJS OK
LTJZ OK
LSIT OK
LTSZ OK
LSIJ OK
LSIO OK
LSIZ OK
LSOI OK
LSOJ OK
LSTI OK
LSOT OK
LSOZ OK
LSTJ OK
LSTO OK
LSTZ OK
LSZI OK
LSZJ OK
LSJI OK
LSJO OK
LSJT OK
LSJZ OK
LSZT OK
LZIT OK
LZIO OK
LZIJ OK
LSZO OK
LZIS OK
LZOI OK
LZOJ OK
LZTI OK
LZOT OK
LZOS OK
LZTJ OK
LZTO OK
LZSI OK
LZTS OK
LZSJ OK
LZJI OK
LZJO OK
LZJT OK
LZSO OK
LZJS OK
LJIT OK
LJIO OK
LJIS OK
LJIZ OK
LJOT OK
LJOI OK
LJOS OK
LJOZ OK
LJTI OK
LJTO OK
LJTS OK
LZST OK
LJTZ OK
LJSI OK
LJST OK
LJZI OK
LJZO OK
LJSO OK
LJZT OK
LJZS OK
LJSZ OK
