IOTJ OK
IOTZ OK
IOTS OK
IOTL OK
IOST OK
IOSJ OK
IOSL OK
IOZT OK
IOSZ OK
IOZJ OK
IOJT OK
IOZL OK
IOJS OK
IOZS OK
IOJL OK
IOLT OK
IOJZ OK
IOLJ OK
ITOS OK
ITOZ OK
IOLS OK
IOLZ OK
ITOJ OK
ITOL OK
ITSO OK
ITSJ OK
ITSL OK
ITZO OK
ITZJ OK
ITZS OK
ITSZ OK
ITJO OK
ITZL OK
ITJS OK
ITJZ OK
ITJL OK
ITLO OK
ITLS OK
ITLJ OK
ITLZ OK
ISOT OK
ISOJ OK
ISOL OK
ISTO OK
ISOZ OK
ISTJ OK
ISTL OK
ISZT OK
ISTZ OK
ISZJ OK
ISZO OK
ISZL OK
ISJT OK
ISJL OK
ISJO OK
ISJZ OK
ISLT OK
ISLJ OK
ISLO OK
IZOT OK
IZOJ OK
IZOL OK
ISLZ OK
IZTO OK
IZTS OK
IZTJ OK
IZOS OK
IZTL OK
IZST OK
IZSJ OK
IZSO OK
IZJT OK
IZSL OK
IZJL OK
IZJO OK
IZLT OK
IZJS OK
IZLJ OK
IJOT OK
IZLO OK
IJOS OK
IJOL OK
IJOZ OK
IZLS OK
IJTO OK
IJTS OK
IJTZ OK
IJTL OK
IJST OK
IJSL OK
IJSO OK
IJZT OK
IJSZ OK
IJZL OK
IJLO OK
IJLT OK
IJZO OK
IJLZ OK
IJLS OK
ILOT OK
IJZS OK
ILOJ OK
ILTO OK
ILOS OK
ILTS OK
ILOZ OK
ILTZ OK
ILTJ OK
ILST OK
ILSJ OK
ILSO OK
ILZT OK
ILSZ OK
ILZJ OK
ILZO OK
ILJO OK
ILJT OK
ILJS OK
ILJZ OK
OITS OK
OITZ OK
OITJ OK
OITL OK
OIST OK
OISJ OK
OISZ OK
OIZT OK
ILZS OK
OIZJ OK
OISL OK
OIJT OK
OIZS OK
OIZL OK
OIJL OK
OILT OK
OIJS OK
OIJZ OK
OILJ OK
OTIS OK
OTIZ OK
OTIJ OK
OTIL OK
OILS OK
OTSI OK
OILZ OK
OTSJ OK
OTZI OK
OTSL OK
OTZJ OK
OTZL OK
OTJI OK
OTJS OK
OTJZ OK
OTJL OK
OTLI OK
OTSZ OK
OTLS OK
OTLJ OK
OSIT OK
OTLZ OK
OTZS OK
OSIJ OK
OSIL OK
OSTI OK
OSIZ OK
OSTJ OK
OSTZ OK
OSTL OK
OSZT OK
OSZI OK
OSZJ OK
OSJT OK
OSZL OK
OSJI OK
OSJL OK
OSJZ OK
OSLT OK
OSLJ OK
OZIT OK
OSLI OK
OZIJ OK
OSLZ OK
OZTI OK
OZTS OK
OZIS OK
OZTJ OK
OZTL OK
OZIL OK
OZSI OK
OZSJ OK
OZST OK
OZSL OK
OZJI OK
OZJL OK
OZJT OK
OZLI OK
OZJS OK
OZLJ OK
OJIT OK
OZLT OK
OZLS OK
OJIL OK
OJTI OK
OJTS OK
OJTZ OK
OJTL OK
OJIS OK
OJIZ OK
OJST OK
OJSL OK
OJSI OK
OJSZ OK
OJZT OK
OJZL OK
OJZI OK
OJLI OK
OJLT OK
OJLS OK
OJLZ OK
OLIT OK
OJZS OK
OLIJ OK
OLTI OK
OLTS OK
OLIS OK
OLTZ OK
OLTJ OK
OLIZ OK
OLSI OK
OLST OK
OLSJ OK
OLSZ OK
OLZI OK
OLZJ OK
OLZT OK
OLJI OK
OLJT OK
OLZS OK
OLJZ OK
OLJS OK
TIOS OK
TIOJ OK
TIOZ OK
TIOL OK
TISO OK
TISJ OK
TISL OK
TIZO OK
TIZS OK
TIZJ OK
TIZL OK
TIJO OK
TIJS OK
TIJZ OK
TIJL OK
TILO OK
TILS OK
TILZ OK
TILJ OK
TOIS OK
TISZ OK
TOIJ OK
TOIZ OK
TOIL OK
TOSI OK
TOSJ OK
TOZI OK
TOSL OK
TOZJ OK
TOZL OK
TOJI OK
TOJS OK
TOJZ OK
TOJL OK
TOLI OK
TOLS OK
TOSZ OK
TOLJ OK
TOLZ OK
TOZS OK
TSIO OK
TSIJ OK
TSIL OK
TSOI OK
TSOJ OK
TSOL OK
TSIZ OK
TSZI OK
TSZJ OK
TSZL OK
TSOZ OK
TSJI OK
TSJO OK
TSJL OK
TSLI OK
TSJZ OK
TSLO OK
TSZO OK
TSLJ OK
TZIO OK
TSLZ OK
TZIS OK
TZIJ OK
TZIL OK
TZOI OK
TZOJ OK
TZOL OK
TZSI OK
TZSJ OK
TZSL OK
TZJI OK
TZJO OK
TZJS OK
TZJL OK
TZLI OK
TZLO OK
TZOS OK
TZLJ OK
TJIO OK
TJIS OK
TZSO OK
TZLS OK
TJIZ OK
TJIL OK
TJOI OK
TJOL OK
TJOS OK
TJSI OK
TJOZ OK
TJSL OK
TJSO OK
TJZI OK
TJZO OK
TJZL OK
TJLI OK
TJZS OK
TJLO OK
TJLS OK
TJLZ OK
TLIO OK
TLIS OK
TJSZ OK
TLIZ OK
TLIJ OK
TLOI OK
TLOJ OK
TLSI OK
TLOS OK
TLOZ OK
TLSJ OK
TLZI OK
TLSO OK
TLZO OK
TLZJ OK
TLJI OK
TLJO OK
TLSZ OK
TLJS OK
TLJZ OK
SIOT OK
TLZS OK
SIOJ OK
SIOZ OK
SITO OK
SIOL OK
SITJ OK
SITL OK
SIZT OK
SITZ OK
SIZJ OK
SIZO OK
SIZL OK
SIJT OK
SIJL OK
SIJO OK
SIJZ OK
SILT OK
SILO OK
SILJ OK
SOIT OK
SOIJ OK
SOIZ OK
SILZ OK
SOTI OK
SOTZ OK
SOTJ OK
SOTL OK
SOZT OK
SOIL OK
SOZJ OK
SOZI OK
SOJT OK
SOZL OK
SOJL OK
SOJI OK
SOLT OK
SOJZ OK
SOLJ OK
STIO OK
SOLI OK
STIJ OK
STIL OK
STIZ OK
STOI OK
STOZ OK
STOJ OK
SOLZ OK
STOL OK
STZI OK
STZJ OK
STJI OK
STJO OK
STZL OK
STJZ OK
STJL OK
STLI OK
STLO OK
STLJ OK
STLZ OK
SZIT OK
STZO OK
SZIJ OK
SZIO OK
SZOT OK
SZIL OK
SZOJ OK
SZOI OK
SZTI OK
SZOL OK
SZTJ OK
SZTL OK
SZTO OK
SZJI OK
SZJT OK
SZJL OK
SZJO OK
SZLT OK
SZLO OK
SZLJ OK
SZLI OK
SJIT OK
SJIL OK
SJIO OK
SJOT OK
SJIZ OK
SJOL OK
SJOI OK
SJTI OK
SJTO OK
SJTL OK
SJTZ OK
SJOZ OK
SJZI OK
SJZL OK
SJZO OK
SJLI OK
SJLT OK
SJLO OK
SJLZ OK
SLIT OK
SJZT OK
SLIJ OK
SLIO OK
SLOT OK
SLOI OK
SLIZ OK
SLTI OK
SLOJ OK
SLTO OK
SLTZ OK
SLTJ OK
SLOZ OK
SLZI OK
SLZT OK
SLZO OK
SLJI OK
SLZJ OK
SLJT OK
SLJO OK
SLJZ OK
ZIOT OK
ZIOJ OK
ZITO OK
ZITS OK
ZITJ OK
ZITL OK
ZIOS OK
ZIOL OK
ZIST OK
ZISO OK
ZISJ OK
ZIJT OK
ZIJO OK
ZIJL OK
ZISL OK
ZILT OK
ZILO OK
ZILJ OK
ZIJS OK
ZOIT OK
ZOIJ OK
ZILS OK
ZOTI OK
ZOIS OK
ZOTS OK
ZOTJ OK
ZOIL OK
ZOTL OK
ZOSI OK
ZOST OK
ZOSJ OK
ZOJT OK
ZOSL OK
ZOJI OK
ZOJL OK
ZOJS OK
ZOLI OK
ZOLJ OK
ZTIO OK
ZTIS OK
ZOLT OK
ZTIJ OK
ZTIL OK
ZTOI OK
ZTOS OK
ZTOJ OK
ZTOL OK
ZTSI OK
ZTSJ OK
ZOLS OK
ZTJI OK
ZTJO OK
ZTSL OK
ZTJS OK
ZTJL OK
ZTLI OK
ZTLO OK
ZTLJ OK
ZTLS OK
ZSIT OK
ZTSO OK
ZSIO OK
ZSOI OK
ZSIJ OK
ZSIL OK
ZSOJ OK
ZSOT OK
ZSTI OK
ZSTJ OK
ZSOL OK
ZSTL OK
ZSTO OK
ZSJT OK
ZSJI OK
ZSJL OK
ZSJO OK
ZSLO OK
ZSLI OK
ZSLJ OK
ZJIT OK
ZSLT OK
ZJIL OK
ZJIO OK
ZJOT OK
ZJOI OK
ZJIS OK
ZJOL OK
ZJTI OK
ZJTO OK
ZJTL OK
ZJTS OK
ZJOS OK
ZJST OK
ZJSL OK
ZJLI OK
ZJLO OK
ZJLT OK
ZJSI OK
ZJSO OK
ZJLS OK
ZLIT OK
ZLIJ OK
ZLIO OK
ZLOI OK
ZLIS OK
ZLOJ OK
ZLTI OK
ZLTO OK
ZLOT OK
ZLTS OK
ZLTJ OK
ZLOS OK
ZLSO OK
ZLST OK
ZLSJ OK
ZLJI OK
ZLSI OK
ZLJO OK
ZLJT OK
ZLJS OK
JIOT OK
JIOL OK
JITO OK
JITS OK
JITZ OK
JITL OK
JIOS OK
JIOZ OK
JIST OK
JISL OK
JISO OK
JIZT OK
JISZ OK
JIZL OK
JILO OK
JILT OK
JIZO OK
JILS OK
JILZ OK
JOIT OK
JIZS OK
JOIL OK
JOTI OK
JOTS OK
JOTZ OK
JOTL OK
JOIS OK
JOIZ OK
JOSI OK
JOSL OK
JOST OK
JOSZ OK
JOZT OK
JOZL OK
JOLI OK
JOLT OK
JOZI OK
JOLS OK
JOLZ OK
JTIO OK
JTIS OK
JTIZ OK
JTIL OK
JTOI OK
JTOS OK
JTOZ OK
JTOL OK
JTSI OK
JTSO OK
JTSL OK
JTZI OK
JTZO OK
JOZS OK
JTZL OK
JTSZ OK
JTLI OK
JTLO OK
JTLS OK
JTLZ OK
JTZS OK
JSIT OK
JSIL OK
JSIO OK
JSIZ OK
JSOI OK
JSOL OK
JSTI OK
JSTO OK
JSOT OK
JSTL OK
JSTZ OK
JSOZ OK
JSZI OK
JSZL OK
JSZO OK
JSLI OK
JSLT OK
JSLO OK
JSZT OK
JZIT OK
JSLZ OK
JZIL OK
JZIO OK
JZOI OK
JZOT OK
JZOL OK
JZTI OK
JZTO OK
JZIS OK
JZTL OK
JZTS OK
JZOS OK
JZSI OK
JZSL OK
JZLI OK
JZLO OK
JZST OK
JZLT OK
JZLS OK
JLIO OK
JLIT OK
JLIS OK
JLIZ OK
JLOI OK
JLOT OK
JLOZ OK
JLOS OK
JLTI OK
JLTO OK
JLTS OK
JLTZ OK
JLSI OK
JLST OK
JLSO OK
JLZI OK
JLZO OK
JLZT OK
JLZS OK
LIOT OK
JLSZ OK
JZSO OK
LIOJ OK
LITO OK
LITS OK
LITZ OK
LITJ OK
LIOS OK
LIOZ OK
LISO OK
LIST OK
LISJ OK
LIZT OK
LISZ OK
LIZJ OK
LIJO OK
LIJT OK
LIJS OK
LIJZ OK
LOIT OK
LIZO OK
LIZS OK
LOIJ OK
LOTI OK
LOIS OK
LOTS OK
LOIZ OK
LOTJ OK
LOTZ OK
LOSI OK
LOST OK
LOSJ OK
LOSZ OK
LOZI OK
LOZT OK
LOZJ OK
LOJI OK
LOJT OK
LOJS OK
LOZS OK
LTIO OK
LOJZ OK
LTIS OK
LTIZ OK
LTIJ OK
LTOI OK
LTOJ OK
LTSI OK
LTOS OK
LTOZ OK
LTSJ OK
LTZI OK
LTSO OK
LTZO OK
LTZJ OK
LTJI OK
LTJO OK
LTJS OK
LTJZ OK
LTSZ OK
LTZS OK
LSIT OK
LSIJ OK
LSIO OK
LSIZ OK
LSOI OK
LSOJ OK
LSTI OK
LSTO OK
LSOT OK
LSTJ OK
LSOZ OK
LSTZ OK
LSZI OK
LSZJ OK
LSZO OK
LSZT OK
LSJI OK
LSJT OK
LSJO OK
LSJZ OK
LZIT OK
LZIJ OK
LZIO OK
LZOI OK
LZIS OK
LZOJ OK
LZTI OK
LZTO OK
LZOT OK
LZTJ OK
LZOS OK
LZTS OK
LZSO OK
LZSI OK
LZSJ OK
LZJI OK
LZJO OK
LZJT OK
LZJS OK
LJIO OK
LJIT OK
LJIS OK
LJIZ OK
LJOI OK
LJOT OK
LJOS OK
LJOZ OK
LJTI OK
LJTO OK
LZST OK
LJTS OK
LJTZ OK
LJSI OK
LJST OK
LJZI OK
LJZO OK
LJZT OK
LJSO OK
LJZS OK
LJSZ OK
