IOTJ OK
IOTS OK
IOTZ OK
IOTL OK
IOST OK
IOSZ OK
IOSJ OK
IOZT OK
IOSL OK
IOZJ OK
IOJT OK
IOZS OK
IOZL OK
IOJL OK
IOLT OK
IOJS OK
IOJZ OK
IOLJ OK
ITOS OK
IOLS OK
ITOZ OK
ITOJ OK
ITOL OK
ITSO OK
IOLZ OK
ITSJ OK
ITSL OK
ITZO OK
ITZJ OK
ITZS OK
ITSZ OK
ITJO OK
ITZL OK
ITJS OK
ITJL OK
ITJZ OK
ITLO OK
ITLS OK
ITLZ OK
ITLJ OK
ISOT OK
ISOJ OK
ISTO OK
ISOZ OK
ISOL OK
ISTJ OK
ISTL OK
ISTZ OK
ISZT OK
ISZJ OK
ISZO OK
ISZL OK
ISJT OK
ISJL OK
ISJO OK
ISLT OK
ISJZ OK
ISLO OK
ISLJ OK
IZOT OK
IZOJ OK
IZOS OK
IZTO OK
IZOL OK
IZTS OK
IZTJ OK
IZTL OK
ISLZ OK
IZST OK
IZSO OK
IZSJ OK
IZJT OK
IZJO OK
IZSL OK
IZJL OK
IZLT OK
IZLO OK
IZLJ OK
IZJS OK
IJOT OK
IZLS OK
IJOL OK
IJTO OK
IJTS OK
IJTZ OK
IJTL OK
IJOS OK
IJOZ OK
IJST OK
IJSL OK
IJSO OK
IJZT OK
IJZO OK
IJZL OK
IJLO OK
IJLT OK
IJSZ OK
IJLS OK
IJLZ OK
ILOT OK
IJZS OK
ILOJ OK
ILTO OK
ILTS OK
ILTZ OK
ILTJ OK
ILOS OK
ILOZ OK
ILST OK
ILSJ OK
ILSO OK
ILZT OK
ILSZ OK
ILZJ OK
ILJO OK
ILJT OK
ILJS OK
ILJZ OK
ILZO OK
OITS OK
OITZ OK
OITJ OK
OITL OK
OIST OK
OISZ OK
OISJ OK
OIZT OK
OIZS OK
ILZS OK
OISL OK
OIZJ OK
OIJT OK
OIZL OK
OIJL OK
OILT OK
OIJS OK
OIJZ OK
OILJ OK
OTIS OK
OTIZ OK
OTIJ OK
OTIL OK
OILS OK
OTSI OK
OTSJ OK
OTSL OK
OTZI OK
OILZ OK
OTZJ OK
OTZL OK
OTJI OK
OTJS OK
OTJZ OK
OTJL OK
OTLI OK
OTSZ OK
OTZS OK
OTLJ OK
OTLS OK
OTLZ OK
OSIT OK
OSIZ OK
OSIJ OK
OSIL OK
OSTI OK
OSTJ OK
OSTZ OK
OSTL OK
OSZI OK
OSZT OK
OSZJ OK
OSZL OK
OSJT OK
OSJL OK
OSJI OK
OSLI OK
OSLT OK
OSJZ OK
OSLJ OK
OZIT OK
OZIJ OK
OZIS OK
OZTI OK
OZIL OK
OZTS OK
OZTJ OK
OZTL OK
OSLZ OK
OZSI OK
OZST OK
OZSJ OK
OZJI OK
OZSL OK
OZJL OK
OZLI OK
OZJT OK
OZJS OK
OZLJ OK
OJIT OK
OZLT OK
OZLS OK
OJIL OK
OJTI OK
OJTS OK
OJTZ OK
OJTL OK
OJIS OK
OJIZ OK
OJSI OK
OJSL OK
OJST OK
OJSZ OK
OJZT OK
OJZL OK
OJLI OK
OJLT OK
OJZI OK
OJLS OK
OJLZ OK
OLIT OK
OJZS OK
OLIJ OK
OLTI OK
OLIS OK
OLTS OK
OLIZ OK
OLTJ OK
OLTZ OK
OLSI OK
OLSJ OK
OLST OK
OLSZ OK
OLZT OK
OLZJ OK
OLZI OK
OLJI OK
OLJT OK
OLJS OK
OLJZ OK
TIOS OK
TIOZ OK
TIOJ OK
TIOL OK
TISO OK
OLZS OK
TISJ OK
TISZ OK
TISL OK
TIZO OK
TIZJ OK
TIZS OK
TIZL OK
TIJO OK
TIJS OK
TIJZ OK
TIJL OK
TILO OK
TILS OK
TILZ OK
TILJ OK
TOIJ OK
TOIS OK
TOIZ OK
TOIL OK
TOSI OK
TOSJ OK
TOSL OK
TOZI OK
TOZJ OK
TOZL OK
TOJI OK
TOJS OK
TOJZ OK
TOJL OK
TOLI OK
TOLS OK
TOZS OK
TOLZ OK
TOLJ OK
TSIO OK
TSIJ OK
TOSZ OK
TSIL OK
TSIZ OK
TSOJ OK
TSOI OK
TSOL OK
TSZI OK
TSZJ OK
TSZL OK
TSJI OK
TSJO OK
TSJZ OK
TSJL OK
TSLI OK
TSOZ OK
TSZO OK
TSLO OK
TSLJ OK
TZIO OK
TSLZ OK
TZIJ OK
TZIS OK
TZIL OK
TZOI OK
TZOJ OK
TZOL OK
TZSI OK
TZSJ OK
TZSL OK
TZJI OK
TZJO OK
TZJS OK
TZJL OK
TZOS OK
TZLI OK
TZLO OK
TZLS OK
TZLJ OK
TJIO OK
TJIS OK
TJIZ OK
TJIL OK
TJOI OK
TJOS OK
TZSO OK
TJOZ OK
TJOL OK
TJSI OK
TJSL OK
TJSO OK
TJZI OK
TJZO OK
TJZS OK
TJZL OK
TJLI OK
TJSZ OK
TJLO OK
TJLS OK
TJLZ OK
TLIO OK
TLIS OK
TLIJ OK
TLIZ OK
TLOI OK
TLOJ OK
TLOZ OK
TLOS OK
TLSI OK
TLSJ OK
TLZI OK
TLSO OK
TLZO OK
TLSZ OK
TLJI OK
TLZJ OK
TLJO OK
TLJS OK
TLJZ OK
SIOT OK
TLZS OK
SIOJ OK
SIOL OK
SIOZ OK
SITO OK
SITJ OK
SITL OK
SITZ OK
SIZT OK
SIZJ OK
SIZO OK
SIZL OK
SIJT OK
SIJL OK
SIJO OK
SILT OK
SIJZ OK
SILJ OK
SILO OK
SOIT OK
SOIZ OK
SOIJ OK
SOTI OK
SOTZ OK
SILZ OK
SOTJ OK
SOTL OK
SOIL OK
SOZT OK
SOZI OK
SOZJ OK
SOZL OK
SOJT OK
SOJL OK
SOJI OK
SOLT OK
SOLI OK
SOLJ OK
SOJZ OK
STIO OK
STIJ OK
STIZ OK
STIL OK
SOLZ OK
STOI OK
STOZ OK
STOJ OK
STOL OK
STZI OK
STZJ OK
STJI OK
STJO OK
STZL OK
STJL OK
STJZ OK
STLI OK
STLO OK
STLZ OK
STLJ OK
SZIT OK
STZO OK
SZIO OK
SZIJ OK
SZIL OK
SZOT OK
SZOJ OK
SZTI OK
SZOI OK
SZOL OK
SZTJ OK
SZTL OK
SZTO OK
SZJT OK
SZJO OK
SZJL OK
SZJI OK
SZLT OK
SZLI OK
SZLO OK
SZLJ OK
SJIT OK
SJIL OK
SJIO OK
SJOT OK
SJOI OK
SJIZ OK
SJOL OK
SJTI OK
SJTO OK
SJTL OK
SJTZ OK
SJOZ OK
SJZT OK
SJZL OK
SJLI OK
SJZO OK
SJZI OK
SJLT OK
SJLO OK
SJLZ OK
SLIT OK
SLIJ OK
SLIO OK
SLOT OK
SLIZ OK
SLOI OK
SLTI OK
SLOJ OK
SLTO OK
SLTZ OK
SLTJ OK
SLOZ OK
SLZI OK
SLZO OK
SLZJ OK
SLJI OK
SLJT OK
SLJO OK
ZIOT OK
SLJZ OK
SLZT OK
ZIOJ OK
ZITO OK
ZITS OK
ZITJ OK
ZITL OK
ZIOS OK
ZIOL OK
ZIST OK
ZISO OK
ZISJ OK
ZIJT OK
ZIJO OK
ZISL OK
ZIJL OK
ZILT OK
ZILO OK
ZILJ OK
ZOIT OK
ZIJS OK
ZOIJ OK
ZOIS OK
ZOTI OK
ZOIL OK
ZOTS OK
ZOTJ OK
ZOTL OK
ZILS OK
ZOSI OK
ZOST OK
ZOSJ OK
ZOJI OK
ZOJT OK
ZOSL OK
ZOJL OK
ZOLI OK
ZOLT OK
ZOJS OK
ZOLJ OK
ZTIO OK
ZTIS OK
ZTIJ OK
ZTIL OK
ZTOI OK
ZTOS OK
ZTOJ OK
ZTOL OK
ZTSI OK
ZOLS OK
ZTSJ OK
ZTJI OK
ZTSL OK
ZTJO OK
ZTJS OK
ZTJL OK
ZTLI OK
ZTLO OK
ZTLJ OK
ZTLS OK
ZSIT OK
ZTSO OK
ZSIJ OK
ZSIO OK
ZSIL OK
ZSOT OK
ZSOI OK
ZSTI OK
ZSOJ OK
ZSTJ OK
ZSOL OK
ZSTL OK
ZSTO OK
ZSJT OK
ZSJI OK
ZSJL OK
ZSJO OK
ZSLI OK
ZSLO OK
ZSLJ OK
ZSLT OK
ZJIT OK
ZJIL OK
ZJIO OK
ZJIS OK
ZJOI OK
ZJOT OK
ZJTI OK
ZJOL OK
ZJTO OK
ZJTS OK
ZJTL OK
ZJOS OK
ZJSI OK
ZJST OK
ZJSL OK
ZJLI OK
ZJSO OK
ZJLO OK
ZJLT OK
ZJLS OK
ZLIT OK
ZLIJ OK
ZLIO OK
ZLOI OK
ZLIS OK
ZLOJ OK
ZLTI OK
ZLOT OK
ZLTO OK
ZLTS OK
ZLTJ OK
ZLOS OK
ZLSI OK
ZLSO OK
ZLJI OK
ZLSJ OK
ZLJO OK
ZLJT OK
ZLJS OK
ZLST OK
JIOT OK
JIOL OK
JITO OK
JITS OK
JITZ OK
JITL OK
JIOS OK
JIOZ OK
JIST OK
JISL OK
JISO OK
JIZT OK
JIZO OK
JISZ OK
JIZL OK
JILO OK
JILT OK
JILS OK
JILZ OK
JOIT OK
JIZS OK
JOIL OK
JOTI OK
JOTS OK
JOTZ OK
JOTL OK
JOIS OK
JOIZ OK
JOSI OK
JOSL OK
JOST OK
JOSZ OK
JOZI OK
JOZL OK
JOZT OK
JOLI OK
JOLT OK
JOLS OK
JOLZ OK
JTIO OK
JTIS OK
JTIZ OK
JTIL OK
JTOI OK
JTOS OK
JTOZ OK
JTOL OK
JTSI OK
JTSO OK
JTSL OK
JTZI OK
JTZO OK
JTSZ OK
JTZS OK
JTZL OK
JOZS OK
JTLI OK
JTLO OK
JTLS OK
JTLZ OK
JSIT OK
JSIL OK
JSIO OK
JSOI OK
JSIZ OK
JSOL OK
JSTI OK
JSOT OK
JSTO OK
JSTL OK
JSTZ OK
JSOZ OK
JSZI OK
JSZL OK
JSLI OK
JSZO OK
JSLT OK
JSLO OK
JSLZ OK
JSZT OK
JZIT OK
JZIL OK
JZIO OK
JZIS OK
JZOI OK
JZOT OK
JZOL OK
JZTI OK
JZTO OK
JZTS OK
JZTL OK
JZOS OK
JZSI OK
JZSL OK
JZLI OK
JZSO OK
JZST OK
JZLO OK
JZLT OK
JZLS OK
JLIO OK
JLIT OK
JLIS OK
JLIZ OK
JLOI OK
JLOT OK
JLTI OK
JLTO OK
JLTS OK
JLOS OK
JLOZ OK
JLTZ OK
JLSI OK
JLST OK
JLZI OK
JLZO OK
JLSO OK
JLZT OK
JLZS OK
LIOT OK
JLSZ OK
LIOJ OK
LIOS OK
LITO OK
LIOZ OK
LITS OK
LITZ OK
LITJ OK
LIST OK
LISJ OK
LISO OK
LISZ OK
LIZT OK
LIZJ OK
LIJO OK
LIJT OK
LIJS OK
LIZO OK
LIJZ OK
LOIT OK
LOIS OK
LOIZ OK
LOIJ OK
LOTI OK
LIZS OK
LOTJ OK
LOTS OK
LOTZ OK
LOSI OK
LOSJ OK
LOST OK
LOSZ OK
LOZI OK
LOZJ OK
LOJI OK
LOZT OK
LOJT OK
LOJS OK
LOJZ OK
LTIO OK
LTIS OK
LTIZ OK
LTIJ OK
LTOI OK
LOZS OK
LTOJ OK
LTSI OK
LTOS OK
LTOZ OK
LTSJ OK
LTZI OK
LTSO OK
LTZO OK
LTZJ OK
LTZS OK
LTJI OK
LTJO OK
LTJS OK
LTJZ OK
LSIT OK
LTSZ OK
LSIJ OK
LSIO OK
LSIZ OK
LSOI OK
LSOJ OK
LSOT OK
LSTI OK
LSOZ OK
LSTJ OK
LSTO OK
LSTZ OK
LSZI OK
LSZJ OK
LSJI OK
LSJO OK
LSJT OK
LSJZ OK
LSZT OK
LZIT OK
LZIO OK
LZIJ OK
LZIS OK
LSZO OK
LZOI OK
LZOJ OK
LZOT OK
LZTI OK
LZOS OK
LZTJ OK
LZTO OK
LZTS OK
LZSI OK
LZSJ OK
LZJI OK
LZJO OK
LZJT OK
LZJS OK
LJIO OK
LJIT OK
LZSO OK
LJIS OK
LJIZ OK
LZST OK
LJOI OK
LJOT OK
LJTI OK
LJTO OK
LJOS OK
LJTS OK
LJOZ OK
LJTZ OK
LJSI OK
LJST OK
LJZI OK
LJSO OK
LJZO OK
LJZT OK
LJZS OK
LJSZ OK
