IOTJ OK
IOTZ OK
IOTS OK
IOTL OK
IOST OK
IOSZ OK
IOSJ OK
IOZT OK
IOSL OK
IOZJ OK
IOJT OK
IOZL OK
IOZS OK
IOJL OK
IOLT OK
IOJS OK
IOJZ OK
IOLJ OK
ITOS OK
ITOZ OK
ITOJ OK
ITOL OK
ITSO OK
IOLS OK
ITSJ OK
ITSL OK
ITZO OK
ITZS OK
ITSZ OK
ITZJ OK
ITJO OK
ITZL OK
IOLZ OK
ITJS OK
ITJZ OK
ITJL OK
ITLO OK
ITLS OK
ITLJ OK
ITLZ OK
ISOT OK
ISOJ OK
ISOL OK
ISTO OK
ISOZ OK
ISTJ OK
ISTL OK
ISTZ OK
ISZT OK
ISZJ OK
ISZL OK
ISJT OK
ISJO OK
ISJL OK
ISZO OK
ISJZ OK
ISLT OK
ISLJ OK
IZOT OK
ISLO OK
ISLZ OK
IZOS OK
IZTO OK
IZTS OK
IZTJ OK
IZOJ OK
IZTL OK
IZST OK
IZOL OK
IZSJ OK
IZSO OK
IZJT OK
IZSL OK
IZJL OK
IZJO OK
IZLT OK
IZJS OK
IZLJ OK
IJOT OK
IZLO OK
IZLS OK
IJOS OK
IJOL OK
IJTO OK
IJTS OK
IJTZ OK
IJTL OK
IJOZ OK
IJST OK
IJSL OK
IJSO OK
IJZT OK
IJSZ OK
IJZL OK
IJZO OK
IJLO OK
IJLT OK
IJLS OK
IJLZ OK
ILOT OK
IJZS OK
ILOJ OK
ILTO OK
ILTS OK
ILTZ OK
ILTJ OK
ILOS OK
ILOZ OK
ILST OK
ILSJ OK
ILSO OK
ILZT OK
ILSZ OK
ILZJ OK
ILJO OK
ILJT OK
ILJS OK
ILZO OK
ILJZ OK
OITS OK
OITZ OK
OITJ OK
OITL OK
OIST OK
OISZ OK
OISJ OK
OIZT OK
OISL OK
ILZS OK
OIZS OK
OIZJ OK
OIJT OK
OIZL OK
OIJL OK
OILT OK
OIJS OK
OIJZ OK
OILJ OK
OTIS OK
OTIZ OK
OTIJ OK
OTIL OK
OILS OK
OTSI OK
OTSJ OK
OTSL OK
OTZI OK
OILZ OK
OTZJ OK
OTZL OK
OTJI OK
OTJS OK
OTJZ OK
OTSZ OK
OTJL OK
OTLI OK
OTLS OK
OTLZ OK
OTLJ OK
OSIT OK
OTZS OK
OSIZ OK
OSIJ OK
OSIL OK
OSTI OK
OSTJ OK
OSZI OK
OSTL OK
OSTZ OK
OSZT OK
OSZJ OK
OSZL OK
OSJI OK
OSJT OK
OSJL OK
OSJZ OK
OSLI OK
OSLJ OK
OZIT OK
OSLT OK
OSLZ OK
OZIJ OK
OZTI OK
OZIS OK
OZTJ OK
OZIL OK
OZSI OK
OZTS OK
OZTL OK
OZSJ OK
OZST OK
OZSL OK
OZJT OK
OZJL OK
OZJI OK
OZJS OK
OZLI OK
OZLJ OK
OJIT OK
OZLT OK
OZLS OK
OJIL OK
OJTI OK
OJTS OK
OJTZ OK
OJTL OK
OJIS OK
OJIZ OK
OJSI OK
OJST OK
OJSL OK
OJSZ OK
OJZT OK
OJZL OK
OJLI OK
OJLT OK
OJZI OK
OJLZ OK
OJLS OK
OLIT OK
OJZS OK
OLIJ OK
OLTI OK
OLTS OK
OLIS OK
OLTJ OK
OLIZ OK
OLTZ OK
OLSI OK
OLSJ OK
OLST OK
OLSZ OK
OLZI OK
OLZT OK
OLZJ OK
OLJI OK
OLJT OK
OLJS OK
OLJZ OK
TIOS OK
TIOZ OK
TIOJ OK
TIOL OK
TISO OK
TISJ OK
OLZS OK
TISL OK
TIZO OK
TIZS OK
TIZJ OK
TIZL OK
TIJO OK
TIJS OK
TIJZ OK
TISZ OK
TIJL OK
TILO OK
TILS OK
TILZ OK
TILJ OK
TOIJ OK
TOIS OK
TOIZ OK
TOIL OK
TOSI OK
TOSJ OK
TOZI OK
TOSL OK
TOZJ OK
TOZL OK
TOJI OK
TOJS OK
TOJZ OK
TOJL OK
TOLI OK
TOLS OK
TOSZ OK
TOLJ OK
TSIO OK
TOZS OK
TOLZ OK
TSIJ OK
TSIL OK
TSOI OK
TSIZ OK
TSOJ OK
TSOL OK
TSZI OK
TSZJ OK
TSZL OK
TSJI OK
TSJO OK
TSOZ OK
TSJL OK
TSJZ OK
TSLI OK
TSLO OK
TSZO OK
TSLJ OK
TZIO OK
TZIS OK
TZIJ OK
TZIL OK
TZOI OK
TSLZ OK
TZOJ OK
TZSI OK
TZOL OK
TZSJ OK
TZSL OK
TZJI OK
TZJO OK
TZJS OK
TZJL OK
TZLI OK
TZOS OK
TZLO OK
TZLS OK
TZSO OK
TZLJ OK
TJIO OK
TJIS OK
TJIZ OK
TJIL OK
TJOI OK
TJOZ OK
TJOS OK
TJOL OK
TJSI OK
TJSO OK
TJSL OK
TJZI OK
TJZO OK
TJZL OK
TJSZ OK
TJLI OK
TJLO OK
TJLS OK
TJLZ OK
TJZS OK
TLIO OK
TLIS OK
TLIZ OK
TLIJ OK
TLOI OK
TLOJ OK
TLSI OK
TLOS OK
TLOZ OK
TLSJ OK
TLZI OK
TLSO OK
TLZO OK
TLZJ OK
TLZS OK
TLJI OK
TLJO OK
TLJS OK
TLSZ OK
TLJZ OK
SIOT OK
SIOJ OK
SIOL OK
SIOZ OK
SITO OK
SITJ OK
SITL OK
SITZ OK
SIZT OK
SIZJ OK
SIZL OK
SIJT OK
SIJO OK
SIZO OK
SIJL OK
SILT OK
SIJZ OK
SILJ OK
SOIT OK
SOIZ OK
SILO OK
SILZ OK
SOTI OK
SOIJ OK
SOIL OK
SOTJ OK
SOTL OK
SOZI OK
SOTZ OK
SOZT OK
SOZJ OK
SOZL OK
SOJI OK
SOJL OK
SOJT OK
SOJZ OK
SOLI OK
SOLJ OK
STIO OK
STIZ OK
STIJ OK
SOLT OK
STIL OK
STOI OK
SOLZ OK
STOJ OK
STZI OK
STOL OK
STZJ OK
STZL OK
STJI OK
STOZ OK
STJO OK
STJL OK
STLI OK
STJZ OK
STZO OK
STLJ OK
STLO OK
STLZ OK
SZIT OK
SZIJ OK
SZIL OK
SZIO OK
SZOT OK
SZOJ OK
SZTI OK
SZOI OK
SZTJ OK
SZOL OK
SZTL OK
SZTO OK
SZJT OK
SZJL OK
SZJI OK
SZLI OK
SZJO OK
SZLJ OK
SZLT OK
SJIT OK
SZLO OK
SJIL OK
SJIO OK
SJIZ OK
SJOT OK
SJOL OK
SJOI OK
SJTI OK
SJTO OK
SJTL OK
SJTZ OK
SJOZ OK
SJZI OK
SJZL OK
SJLI OK
SJLO OK
SJLT OK
SJZT OK
SJLZ OK
SJZO OK
SLIT OK
SLIJ OK
SLIO OK
SLIZ OK
SLOI OK
SLOJ OK
SLTI OK
SLOT OK
SLTO OK
SLTJ OK
SLOZ OK
SLTZ OK
SLZI OK
SLZT OK
SLZJ OK
SLJI OK
SLJO OK
SLJT OK
ZIOT OK
SLJZ OK
ZIOJ OK
ZIOS OK
ZITO OK
ZITS OK
SLZO OK
ZITJ OK
ZITL OK
ZIST OK
ZIOL OK
ZISJ OK
ZISO OK
ZIJT OK
ZISL OK
ZIJL OK
ZIJO OK
ZILT OK
ZIJS OK
ZILJ OK
ZOIT OK
ZILO OK
ZOIS OK
ZILS OK
ZOTI OK
ZOIJ OK
ZOTJ OK
ZOIL OK
ZOTS OK
ZOTL OK
ZOSI OK
ZOST OK
ZOSJ OK
ZOSL OK
ZOJT OK
ZOJL OK
ZOJI OK
ZOJS OK
ZOLI OK
ZOLT OK
ZOLJ OK
ZTIO OK
ZTIS OK
ZTIJ OK
ZTIL OK
ZTOI OK
ZTOJ OK
ZTOL OK
ZOLS OK
ZTSI OK
ZTSJ OK
ZTSL OK
ZTJI OK
ZTOS OK
ZTJO OK
ZTJL OK
ZTLI OK
ZTJS OK
ZTLO OK
ZTLS OK
ZTSO OK
ZTLJ OK
ZSIT OK
ZSIJ OK
ZSIL OK
ZSIO OK
ZSOJ OK
ZSOT OK
ZSTI OK
ZSOI OK
ZSTJ OK
ZSOL OK
ZSTO OK
ZSTL OK
ZSJT OK
ZSJL OK
ZSJI OK
ZSLI OK
ZSJO OK
ZSLJ OK
ZSLT OK
ZJIT OK
ZSLO OK
ZJIL OK
ZJIO OK
ZJOT OK
ZJOI OK
ZJOL OK
ZJTI OK
ZJTO OK
ZJIS OK
ZJTL OK
ZJTS OK
ZJOS OK
ZJST OK
ZJSL OK
ZJLI OK
ZJLO OK
ZJLT OK
ZJLS OK
ZJSI OK
ZLIT OK
ZJSO OK
ZLIJ OK
ZLIO OK
ZLIS OK
ZLOI OK
ZLOT OK
ZLOJ OK
ZLTI OK
ZLTO OK
ZLTS OK
ZLTJ OK
ZLOS OK
ZLSI OK
ZLSJ OK
ZLSO OK
ZLJI OK
ZLJO OK
ZLJT OK
ZLJS OK
JIOT OK
ZLST OK
JIOL OK
JITO OK
JITS OK
JITZ OK
JITL OK
JIOS OK
JIOZ OK
JIST OK
JISL OK
JISO OK
JIZT OK
JISZ OK
JIZL OK
JILO OK
JILT OK
JIZO OK
JILS OK
JILZ OK
JOIT OK
JIZS OK
JOIL OK
JOTI OK
JOTS OK
JOTZ OK
JOTL OK
JOIS OK
JOIZ OK
JOSI OK
JOSL OK
JOST OK
JOSZ OK
JOZI OK
JOZL OK
JOZT OK
JOLI OK
JOLT OK
JOLS OK
JOLZ OK
JTIO OK
JTIS OK
JTIZ OK
JTIL OK
JTOI OK
JTOS OK
JTOZ OK
JTOL OK
JTSI OK
JTSO OK
JTSL OK
JTZI OK
JTZO OK
JTSZ OK
JTZL OK
JTLI OK
JTLO OK
JTLS OK
JTZS OK
JOZS OK
JTLZ OK
JSIT OK
JSIL OK
JSIO OK
JSIZ OK
JSOI OK
JSOL OK
JSTI OK
JSOT OK
JSOZ OK
JSTO OK
JSTL OK
JSTZ OK
JSZI OK
JSZL OK
JSLI OK
JSLO OK
JSLT OK
JSLZ OK
JSZT OK
JZIT OK
JSZO OK
JZIL OK
JZIO OK
JZOT OK
JZOI OK
JZOL OK
JZTI OK
JZTO OK
JZIS OK
JZTL OK
JZOS OK
JZTS OK
JZST OK
JZSL OK
JZLI OK
JZLO OK
JZLT OK
JZLS OK
JLIO OK
JLIT OK
JZSI OK
JLIS OK
JLIZ OK
JLOI OK
JLOT OK
JLOZ OK
JLOS OK
JLTI OK
JLTO OK
JLTS OK
JLTZ OK
JLSI OK
JLST OK
JLSO OK
JLZI OK
JLZO OK
JLZT OK
JLZS OK
LIOT OK
JLSZ OK
LIOS OK
LIOJ OK
LITO OK
LIOZ OK
LITS OK
LITZ OK
LITJ OK
JZSO CAP
LIST OK
LISJ OK
LISO OK
LIZT OK
LISZ OK
LIZJ OK
LIJO OK
LIJT OK
LIJS OK
LIZO OK
LIJZ OK
LOIT OK
LOIS OK
LOIZ OK
LOIJ OK
LOTI OK
LOTS OK
LOTZ OK
LOTJ OK
LIZS OK
LOSI OK
LOSJ OK
LOST OK
LOSZ OK
LOZI OK
LOZJ OK
LOJI OK
LOJT OK
LOZT OK
LOJS OK
LTIO OK
LOJZ OK
LTIS OK
LTIZ OK
LTIJ OK
LTOI OK
LOZS OK
LTOJ OK
LTOS OK
LTOZ OK
LTSI OK
LTSJ OK
LTZI OK
LTSO OK
LTZO OK
LTZJ OK
LTZS OK
LTJI OK
LTJO OK
LTJS OK
LTJZ OK
LSIT OK
LTSZ OK
LSIJ OK
LSIO OK
LSIZ OK
LSOI OK
LSOJ OK
LSOT OK
LSTI OK
LSOZ OK
LSTJ OK
LSTO OK
LSTZ OK
LSZI OK
LSZJ OK
LSJI OK
LSJO OK
LSJT OK
LSJZ OK
LSZT OK
LZIT OK
LZIO OK
LZIJ OK
LSZO OK
LZIS OK
LZOI OK
LZOJ OK
LZTI OK
LZOT OK
LZOS OK
LZTJ OK
LZTO OK
LZSI OK
LZTS OK
LZSJ OK
LZJI OK
LZJO OK
LZJT OK
LZJS OK
LJIO OK
LJIT OK
LJIS OK
LJIZ OK
LJOI OK
LJOT OK
LJOS OK
LZST OK
LJTI OK
LJTO OK
LJOZ OK
LJTS OK
LJTZ OK
LJSI OK
LJST OK
LJSO OK
LJZI OK
LJZO OK
LJZT OK
LJZS OK
LJSZ OK
LZSO CAP
