IOTJ OK
IOTL OK
IOTZ OK
IOTS OK
IOST OK
IOSJ OK
IOSL OK
IOZT OK
IOSZ OK
IOZJ OK
IOZS OK
IOJT OK
IOZL OK
IOJL OK
IOLT OK
IOJS OK
IOJZ OK
IOLJ OK
ITOS OK
IOLS OK
ITOJ OK
IOLZ OK
ITOL OK
ITOZ OK
ITSJ OK
ITSL OK
ITSO OK
ITZO OK
ITSZ OK
ITZJ OK
ITZL OK
ITJO OK
ITJS OK
ITJZ OK
ITJL OK
ITLO OK
ITZS OK
ITLS OK
ITLZ OK
ITLJ OK
ISOT OK
ISOJ OK
ISOL OK
ISTO OK
ISTJ OK
ISTL OK
ISTZ OK
ISOZ OK
ISZT OK
ISZJ OK
ISZL OK
ISJT OK
ISJO OK
ISJL OK
ISZO CAP
ISLO OK
ISLT OK
ISLJ OK
IZOT OK
ISJZ OK
IZOJ OK
IZOS OK
IZTO OK
ISLZ OK
IZTJ OK
IZTL OK
IZOL OK
IZTS OK
IZST OK
IZSO OK
IZSJ OK
IZJT OK
IZJO OK
IZJL OK
IZJS OK
IZSL OK
IZLT OK
IZLJ OK
IZLO OK
IJOT OK
IJOS OK
IJOL OK
IJTO OK
IJTS OK
IJTZ OK
IJTL OK
IJOZ OK
IZLS OK
IJST OK
IJSL OK
IJSO OK
IJZT OK
IJZO OK
IJZL OK
IJLO OK
IJLT OK
IJLS OK
IJLZ OK
IJSZ OK
ILOT OK
IJZS OK
ILOS OK
ILTO OK
ILOJ OK
ILTS OK
ILTZ OK
ILTJ OK
ILOZ OK
ILST OK
ILSJ OK
ILSO OK
ILZT OK
ILZO OK
ILZJ OK
ILJO OK
ILJT OK
ILJS OK
ILJZ OK
OITS OK
OITZ OK
OITJ OK
OITL OK
OIST OK
ILSZ OK
OISJ OK
OISL OK
OISZ OK
OIZT OK
OIZJ OK
ILZS CAP
OIZS OK
OIJT OK
OIZL OK
OIJL OK
OIJS OK
OILT OK
OIJZ OK
OILJ OK
OTIS OK
OILS OK
OTIJ OK
OILZ OK
OTIL OK
OTIZ OK
OTSJ OK
OTSL OK
OTSI OK
OTZI OK
OTZJ OK
OTSZ OK
OTJI OK
OTZL OK
OTJS OK
OTJZ OK
OTJL OK
OTLI OK
OTZS OK
OTLS OK
OTLZ OK
OTLJ OK
OSIT OK
OSIJ OK
OSIZ OK
OSIL OK
OSTJ OK
OSTI OK
OSTZ OK
OSTL OK
OSZT OK
OSZI OK
OSZJ OK
OSZL OK
OSJT OK
OSJL OK
OSJI OK
OSJZ OK
OSLT OK
OSLJ OK
OSLI OK
OZIT OK
OSLZ OK
OZIS OK
OZIJ OK
OZTI OK
OZIL OK
OZTJ OK
OZTL OK
OZSI OK
OZTS OK
OZST OK
OZSJ OK
OZSL OK
OZJI OK
OZJL OK
OZJT OK
OZJS OK
OZLI OK
OZLJ OK
OZLT OK
OJIT OK
OZLS OK
OJIL OK
OJTI OK
OJTS OK
OJTZ OK
OJTL OK
OJIS OK
OJIZ OK
OJSI OK
OJSZ OK
OJSL OK
OJST OK
OJZI OK
OJZT OK
OJZL OK
OJLI OK
OJLT OK
OJLS OK
OJLZ OK
OLIT OK
OLIS OK
OLIJ OK
OJZS OK
OLTI OK
OLTS OK
OLTZ OK
OLTJ OK
OLIZ OK
OLST OK
OLSI OK
OLSJ OK
OLSZ OK
OLZT OK
OLZI OK
OLJI OK
OLZJ OK
OLJT OK
OLJS OK
OLJZ OK
TIOS OK
TIOJ OK
TIOL OK
TIOZ OK
TISO OK
TISJ OK
OLZS OK
TISL OK
TIZO OK
TIZJ OK
TIZL OK
TIJO OK
TIZS OK
TIJS OK
TIJZ OK
TIJL OK
TILO OK
TILS OK
TISZ OK
TILZ OK
TILJ OK
TOIJ OK
TOIL OK
TOIS OK
TOIZ OK
TOSI OK
TOSJ OK
TOSL OK
TOZI OK
TOZJ OK
TOZL OK
TOJI OK
TOSZ OK
TOJS OK
TOJL OK
TOJZ OK
TOLI OK
TOZS OK
TOLS OK
TOLZ OK
TOLJ OK
TSIJ OK
TSIL OK
TSIO OK
TSOI OK
TSOJ OK
TSIZ OK
TSOL OK
TSOZ OK
TSZJ OK
TSZL OK
TSJI OK
TSZO OK
TSZI OK
TSJO OK
TSLI OK
TSJL OK
TSJZ OK
TSLO OK
TSLJ OK
TZIO OK
TZIS OK
TZIJ OK
TZIL OK
TZOI OK
TZOJ OK
TSLZ OK
TZOL OK
TZOS OK
TZSI OK
TZSJ OK
TZJI OK
TZSL OK
TZJO OK
TZJS OK
TZJL OK
TZLI OK
TZLO OK
TZLS OK
TZLJ OK
TJIO OK
TJIS OK
TJIZ OK
TJIL OK
TJOI OK
TZSO OK
TJOL OK
TJOS OK
TJSI OK
TJOZ OK
TJSL OK
TJZI OK
TJSO OK
TJZO OK
TJSZ OK
TJZL OK
TJLI OK
TJLO OK
TJLS OK
TJLZ OK
TLIO OK
TLIS OK
TLIZ OK
TLIJ OK
TJZS OK
TLOI OK
TLOJ OK
TLSI OK
TLOS OK
TLOZ OK
TLSJ OK
TLZI OK
TLSO OK
TLZO OK
TLZS OK
TLZJ OK
TLJI OK
TLJO OK
TLJS OK
TLJZ OK
TLSZ OK
SIOT OK
SIOJ OK
SIOL OK
SITO OK
SITJ OK
SITL OK
SIOZ OK
SITZ OK
SIZT OK
SIZJ OK
SIZL OK
SIJO OK
SIJT OK
SIJL OK
SILO OK
SIZO CAP
SILT OK
SILJ OK
SIJZ OK
SOIT OK
SOIJ OK
SOIZ OK
SOTI OK
SOIL OK
SILZ OK
SOTJ OK
SOTZ OK
SOTL OK
SOZT OK
SOZI OK
SOZJ OK
SOZL OK
SOJT OK
SOJL OK
SOJI OK
SOJZ OK
SOLT OK
SOLJ OK
SOLI OK
SOLZ OK
STIO OK
STIJ OK
STIL OK
STIZ OK
STOI OK
STOZ OK
STOJ OK
STOL OK
STZJ OK
STZL OK
STJI OK
STZO OK
STZI OK
STJL OK
STJO OK
STLI OK
STJZ OK
STLJ OK
STLO OK
SZIT OK
STLZ OK
SZIO OK
SZOI OK
SZOT OK
SZIJ OK
SZIL OK
SZOJ OK
SZTI OK
SZOL OK
SZTJ OK
SZTO OK
SZTL OK
SZJO OK
SZJL OK
SZJT OK
SZJI OK
SZLT OK
SZLJ OK
SZLO OK
SZLI OK
SJIT OK
SJIL OK
SJIO OK
SJOI OK
SJOT OK
SJOL OK
SJTI OK
SJOZ OK
SJTO OK
SJIZ OK
SJTL OK
SJTZ OK
SJZO OK
SJZL OK
SJLI OK
SJLO OK
SJLT OK
SJZI OK
SJLZ OK
SJZT OK
SLIT OK
SLIJ OK
SLIO OK
SLOT OK
SLOI OK
SLOJ OK
SLTI OK
SLOZ OK
SLIZ OK
SLTJ OK
SLTO OK
SLTZ OK
SLZT OK
SLZJ OK
SLJI OK
SLJO OK
SLZI OK
SLZO OK
SLJT OK
SLJZ OK
ZIOT OK
ZIOS OK
ZIOJ OK
ZITO OK
ZIOL OK
ZITJ OK
ZITL OK
ZITS OK
ZIST OK
ZISO OK
ZISJ OK
ZIJT OK
ZIJO OK
ZIJL OK
ZIJS OK
ZISL OK
ZILO OK
ZILJ OK
ZILT OK
ZOIT OK
ZOIS OK
ZOIJ OK
ZOIL OK
ZOTI OK
ZOTJ OK
ZOTL OK
ZOTS OK
ZILS OK
ZOSI OK
ZOST OK
ZOSJ OK
ZOSL OK
ZOJI OK
ZOJL OK
ZOJT OK
ZOJS OK
ZOLI OK
ZOLJ OK
ZTIO OK
ZOLT OK
ZTIJ OK
ZOLS OK
ZTIL OK
ZTIS OK
ZTOJ OK
ZTOI OK
ZTOL OK
ZTSI OK
ZTOS OK
ZTSJ OK
ZTJI OK
ZTSL OK
ZTJO OK
ZTJL OK
ZTJS OK
ZTLI OK
ZTLO OK
ZTSO OK
ZTLJ OK
ZTLS OK
ZSIT OK
ZSIJ OK
ZSIO OK
ZSOT OK
ZSOI OK
ZSIL OK
ZSOJ OK
ZSTI OK
ZSOL OK
ZSTJ OK
ZSTO OK
ZSTL OK
ZSJI OK
ZSJL OK
ZSJO OK
ZSJT OK
ZSLO OK
ZSLJ OK
ZSLT OK
ZSLI OK
ZJIT OK
ZJIL OK
ZJIO OK
ZJOI OK
ZJIS OK
ZJOL OK
ZJOT OK
ZJTI OK
ZJTO OK
ZJTL OK
ZJTS OK
ZJOS OK
ZJSO OK
ZJSL OK
ZJLI OK
ZJSI OK
ZJLO OK
ZJLT OK
ZJST OK
ZJLS OK
ZLIT OK
ZLIJ OK
ZLIO OK
ZLOI OK
ZLOT OK
ZLOJ OK
ZLTI OK
ZLIS OK
ZLTO OK
ZLTJ OK
ZLTS OK
ZLOS OK
ZLSO OK
ZLSJ OK
ZLJI OK
ZLST OK
ZLJO OK
ZLJT OK
ZLJS OK
JIOT OK
ZLSI OK
JIOL OK
JITO OK
JITS OK
JITZ OK
JITL OK
JIOS OK
JIOZ OK
JISO OK
JISL OK
JIST OK
JIZT OK
JIZO OK
JIZL OK
JILO OK
JILT OK
JILS OK
JILZ OK
JISZ OK
JOIT OK
JIZS OK
JOIL OK
JOTI OK
JOIS OK
JOTS OK
JOTL OK
JOTZ OK
JOIZ OK
JOSI OK
JOST OK
JOSZ OK
JOSL OK
JOZI OK
JOZT OK
JOLI OK
JOZL OK
JOLT OK
JOLS OK
JOLZ OK
JTIO OK
JTIS OK
JTIZ OK
JTIL OK
JTOI OK
JTOS OK
JTOZ OK
JTOL OK
JTSI OK
JTSO OK
JTSL OK
JTZI OK
JTSZ OK
JTZO OK
JTZL OK
JTLI OK
JOZS OK
JTLO OK
JTLS OK
JTLZ OK
JTZS OK
JSIT OK
JSIL OK
JSIO OK
JSOI OK
JSOT OK
JSOL OK
JSTI OK
JSIZ OK
JSOZ OK
JSTL OK
JSTO OK
JSTZ OK
JSZO OK
JSZL OK
JSZI OK
JSLI OK
JSLT OK
JSLO OK
JSLZ OK
JZIT OK
JZIO OK
JZIL OK
JSZT OK
JZOI OK
JZOT OK
JZOL OK
JZIS OK
JZTI OK
JZTO OK
JZTL OK
JZOS OK
JZTS OK
JZSI OK
JZSL OK
JZLI OK
JZLO OK
JZLT OK
JZST OK
JZLS OK
JLIT OK
JLIO OK
JLIS OK
JLIZ OK
JLOI OK
JLOT OK
JLOS OK
JLOZ OK
JLTI OK
JLTO OK
JLTS OK
JLTZ OK
JLSI OK
JLST OK
JLSO OK
JLZI OK
JLZO OK
JLZT OK
JLSZ OK
JLZS OK
JZSO OK
LIOT OK
LIOJ OK
LITO OK
LITS OK
LITZ OK
LITJ OK
LIOS OK
LIOZ OK
LISO OK
LISJ OK
LIST OK
LIZT OK
LIZO OK
LIZJ OK
LIJO OK
LIJT OK
LIJS OK
LIJZ OK
LOIT OK
LISZ OK
LOIS OK
LOIJ OK
LOTI OK
LOIZ OK
LOTS OK
LOTJ OK
LOTZ OK
LOSI OK
LOST OK
LOSJ OK
LIZS CAP
LOSZ OK
LOZI OK
LOZT OK
LOZJ OK
LOJI OK
LOJT OK
LOJS OK
LOJZ OK
LTIO OK
LTIS OK
LTIZ OK
LTIJ OK
LTOI OK
LTOS OK
LTOZ OK
LTOJ OK
LTSI OK
LTSO OK
LTSJ OK
LTZI OK
LTZO OK
LTSZ OK
LTZJ OK
LTJI OK
LTJO OK
LTZS OK
LTJS OK
LTJZ OK
LOZS OK
LSIT OK
LSIJ OK
LSIO OK
LSOI OK
LSOT OK
LSOJ OK
LSTI OK
LSOZ OK
LSIZ OK
LSTJ OK
LSTO OK
LSTZ OK
LSZT OK
LSZJ OK
LSJI OK
LSJO OK
LSJT OK
LSJZ OK
LSZI OK
LSZO OK
LZIT OK
LZIJ OK
LZIO OK
LZOI OK
LZOT OK
LZOJ OK
LZTI OK
LZIS OK
LZTO OK
LZTJ OK
LZOS OK
LZTS OK
LZST OK
LZSJ OK
LZJI OK
LZJO OK
LZJT OK
LZJS OK
LZSI OK
LJIO OK
LJIT OK
LJIS OK
LJIZ OK
LJOI OK
LJOT OK
LJOS OK
LJOZ OK
LJTI OK
LJTO OK
LJTS OK
LJTZ OK
LJSI OK
LJST OK
LJSO OK
LJZI OK
LZSO OK
LJZO OK
LJZT OK
LJSZ OK
LJZS OK
