IOTJ OK
IOTL OK
IOTS OK
IOTZ OK
IOST OK
IOSZ OK
IOSJ OK
IOSL OK
IOZT OK
IOZJ OK
IOZL OK
IOJT OK
IOZS OK
IOJL OK
IOLT OK
IOJS OK
IOJZ OK
IOLJ OK
IOLS OK
ITOS OK
IOLZ OK
ITOJ OK
ITOL OK
ITOZ OK
ITSJ OK
ITSL OK
ITSO OK
ITZO OK
ITZS OK
ITZJ OK
ITZL OK
ITJO OK
ITJS OK
ITJZ OK
ITJL OK
ITLO OK
ITLS OK
ITLZ OK
ITLJ OK
ISOT OK
ITSZ OK
ISOZ OK
ISOL OK
ISOJ OK
ISTJ OK
ISTL OK
ISTO OK
ISTZ OK
ISZT OK
ISZO OK
ISZJ OK
ISJT OK
ISJO OK
ISJL OK
ISZL OK
ISLO OK
ISLT OK
ISLJ OK
ISJZ OK
IZOT OK
IZOJ OK
IZOS OK
IZTO OK
IZOL OK
IZTJ OK
IZTL OK
ISLZ OK
IZTS OK
IZST OK
IZSO OK
IZSJ OK
IZJT OK
IZJO OK
IZJL OK
IZJS OK
IZLO OK
IZLT OK
IZLJ OK
IJOT OK
IZSL CAP
IJOS OK
IJOL OK
IJTO OK
IJTS OK
IJOZ OK
IJTZ OK
IJTL OK
IJST OK
IJSO OK
IJSL OK
IZLS CAP
IJZO OK
IJZT OK
IJSZ OK
IJZL OK
IJLO OK
IJLT OK
IJLS OK
IJLZ OK
ILOT OK
ILOS OK
ILOJ OK
ILTO OK
ILTS OK
ILTZ OK
ILTJ OK
IJZS OK
ILOZ OK
ILSO OK
ILST OK
ILSJ OK
ILZT OK
ILZO OK
ILZJ OK
ILJO OK
ILJT OK
ILJS OK
ILJZ OK
ILSZ OK
OITS OK
OITJ OK
OITL OK
OITZ OK
OIST OK
OISZ OK
OISJ OK
OISL OK
OIZT OK
ILZS OK
OIZJ OK
OIZL OK
OIZS OK
OIJT OK
OIJL OK
OIJS OK
OILT OK
OIJZ OK
OILJ OK
OTIS OK
OILS OK
OTIJ OK
OILZ OK
OTIL OK
OTIZ OK
OTSI OK
OTSJ OK
OTSL OK
OTZI OK
OTSZ OK
OTZJ OK
OTJI OK
OTZS OK
OTZL OK
OTJS OK
OTJZ OK
OTJL OK
OTLI OK
OTLJ OK
OTLS OK
OTLZ OK
OSIT OK
OSIZ OK
OSIJ OK
OSIL OK
OSTJ OK
OSTI OK
OSTZ OK
OSZI OK
OSTL OK
OSZT OK
OSZJ OK
OSJI OK
OSZL OK
OSJT OK
OSJL OK
OSLI OK
OSJZ OK
OSLJ OK
OSLT OK
OZIT OK
OSLZ OK
OZIS OK
OZIJ OK
OZTI OK
OZIL OK
OZTJ OK
OZTS OK
OZTL OK
OZSI OK
OZST OK
OZSJ OK
OZSL OK
OZJI OK
OZJL OK
OZJT OK
OZLT OK
OZJS OK
OZLJ OK
OZLI OK
OJIT OK
OZLS OK
OJIL OK
OJTI OK
OJTS OK
OJIS OK
OJTZ OK
OJTL OK
OJIZ OK
OJSI OK
OJST OK
OJSL OK
OJZT OK
OJSZ OK
OJZL OK
OJLI OK
OJZI OK
OJLT OK
OJLS OK
OJLZ OK
OLIT OK
OJZS OK
OLIJ OK
OLTI OK
OLIS OK
OLTS OK
OLTJ OK
OLTZ OK
OLIZ OK
OLSI OK
OLSJ OK
OLST OK
OLSZ OK
OLZT OK
OLZI OK
OLJI OK
OLZJ OK
OLJT OK
OLJS OK
OLJZ OK
TIOS OK
TIOZ OK
TIOJ OK
TIOL OK
TISO OK
OLZS OK
TISJ OK
TISZ OK
TISL OK
TIZJ OK
TIZL OK
TIJO OK
TIJS OK
TIJZ OK
TIJL OK
TILO OK
TIZO OK
TIZS OK
TILS OK
TILZ OK
TILJ OK
TOIJ OK
TOIL OK
TOIS OK
TOIZ OK
TOSJ OK
TOSI OK
TOSL OK
TOZI OK
TOZS OK
TOZJ OK
TOJI OK
TOZL OK
TOJS OK
TOSZ OK
TOLI OK
TOJL OK
TOJZ OK
TOLJ OK
TOLS OK
TOLZ OK
TSIJ OK
TSIL OK
TSIO OK
TSIZ OK
TSOJ OK
TSOI OK
TSOL OK
TSZI OK
TSOZ OK
TSZJ OK
TSJI OK
TSZL OK
TSJO OK
TSJZ OK
TSJL OK
TSLI OK
TSZO OK
TSLO OK
TSLZ OK
TSLJ OK
TZIJ OK
TZIL OK
TZIO OK
TZIS OK
TZOJ OK
TZOI OK
TZOL OK
TZOS OK
TZSJ OK
TZSI OK
TZJI OK
TZSL OK
TZJO OK
TZJL OK
TZJS OK
TZLI OK
TZLO OK
TZLS OK
TZLJ OK
TJIO OK
TJIS OK
TJIZ OK
TJIL OK
TJOI OK
TZSO OK
TJOZ OK
TJOS OK
TJOL OK
TJSI OK
TJSL OK
TJSO OK
TJZI OK
TJZO OK
TJSZ OK
TJLI OK
TJZL OK
TJLO OK
TJLS OK
TJLZ OK
TLIO OK
TLIS OK
TLIZ OK
TLIJ OK
TLOI OK
TJZS OK
TLOJ OK
TLSI OK
TLOS OK
TLOZ OK
TLSJ OK
TLZI OK
TLSO OK
TLSZ OK
TLZJ OK
TLJI OK
TLZO OK
TLZS OK
TLJO OK
TLJS OK
TLJZ OK
SIOT OK
SIOJ OK
SIOZ OK
SIOL OK
SITO OK
SITJ OK
SITL OK
SITZ OK
SIZT OK
SIZO OK
SIZJ OK
SIJT OK
SIJO OK
SIJL OK
SIZL OK
SILT OK
SILO OK
SILJ OK
SIJZ OK
SOIT OK
SOIZ OK
SOIJ OK
SOIL OK
SOTI OK
SOTJ OK
SOTZ OK
SOTL OK
SOZI OK
SILZ OK
SOZT OK
SOZJ OK
SOJI OK
SOZL OK
SOJL OK
SOJT OK
SOLI OK
SOJZ OK
SOLJ OK
SOLT OK
SOLZ OK
STIO OK
STIJ OK
STIL OK
STIZ OK
STOJ OK
STOL OK
STOI OK
STOZ OK
STZJ OK
STZL OK
STJI OK
STJO OK
STJZ OK
STJL OK
STLI OK
STZO OK
STZI OK
STLJ OK
STLO OK
STLZ OK
SZIT OK
SZIO OK
SZIJ OK
SZIL OK
SZOT OK
SZOI OK
SZOJ OK
SZTI OK
SZOL OK
SZTJ OK
SZTO OK
SZTL OK
SZJO OK
SZJL OK
SZJI OK
SZJT OK
SZLO OK
SZLJ OK
SZLI OK
SJIT OK
SZLT OK
SJIL OK
SJIO OK
SJOI OK
SJOT OK
SJOL OK
SJTI OK
SJIZ OK
SJTO OK
SJTL OK
SJOZ OK
SJTZ OK
SJZO OK
SJZL OK
SJLI OK
SJLO OK
SJLT OK
SJLZ OK
SJZI OK
SJZT OK
SLIT OK
SLIJ OK
SLIO OK
SLOI OK
SLOT OK
SLOJ OK
SLTI OK
SLTO OK
SLOZ OK
SLTZ OK
SLTJ OK
SLIZ OK
SLZO OK
SLZJ OK
SLJI OK
SLJO OK
SLJT OK
SLZT OK
SLJZ OK
SLZI OK
ZIOT OK
ZIOJ OK
ZIOL OK
ZIOS OK
ZITO OK
ZITJ OK
ZITL OK
ZITS OK
ZIST OK
ZISJ OK
ZISO OK
ZIJT OK
ZIJO OK
ZIJL OK
ZIJS OK
ZILO OK
ZILT OK
ZILJ OK
ZOIT OK
ZISL OK
ZOIS OK
ZOIJ OK
ZOIL OK
ZILS OK
ZOTI OK
ZOTJ OK
ZOTS OK
ZOTL OK
ZOSI OK
ZOST OK
ZOSL OK
ZOSJ OK
ZOJI OK
ZOJL OK
ZOJT OK
ZOLT OK
ZOJS OK
ZOLJ OK
ZOLI OK
ZTIO OK
ZTIJ OK
ZTIS OK
ZTIL OK
ZOLS OK
ZTOJ OK
ZTOL OK
ZTOI OK
ZTOS OK
ZTSJ OK
ZTSL OK
ZTSI OK
ZTJI OK
ZTJO OK
ZTJS OK
ZTJL OK
ZTLI OK
ZTLO OK
ZTLS OK
ZTLJ OK
ZTSO OK
ZSIT OK
ZSIO OK
ZSIJ OK
ZSOT OK
ZSOI OK
ZSOJ OK
ZSTI OK
ZSOL OK
ZSTJ OK
ZSIL OK
ZSTL OK
ZSTO OK
ZSJI OK
ZSJO OK
ZSJL OK
ZSJT OK
ZSLO OK
ZSLJ OK
ZSLT OK
ZJIT OK
ZSLI OK
ZJIL OK
ZJIO OK
ZJOT OK
ZJOI OK
ZJOL OK
ZJIS OK
ZJTI OK
ZJTO OK
ZJTL OK
ZJTS OK
ZJOS OK
ZJSO OK
ZJSL OK
ZJLI OK
ZJSI OK
ZJLT OK
ZJLO OK
ZJST OK
ZJLS OK
ZLIT OK
ZLIJ OK
ZLIO OK
ZLOT OK
ZLOI OK
ZLOJ OK
ZLTI OK
ZLTO OK
ZLTS OK
ZLTJ OK
ZLIS OK
ZLOS OK
ZLSO OK
ZLSJ OK
ZLJI OK
ZLST OK
ZLJO OK
ZLJT OK
ZLJS OK
JIOT OK
ZLSI OK
JIOL OK
JITO OK
JITS OK
JITZ OK
JITL OK
JIOS OK
JIOZ OK
JIST OK
JISL OK
JISO OK
JIZT OK
JIZO OK
JIZL OK
JILO OK
JILT OK
JILS OK
JILZ OK
JISZ OK
JOIT OK
JIZS OK
JOIL OK
JOIS OK
JOTI OK
JOTZ OK
JOTS OK
JOIZ OK
JOTL OK
JOSI OK
JOST OK
JOSL OK
JOSZ OK
JOZT OK
JOZL OK
JOLI OK
JOLT OK
JOLS OK
JOZI OK
JOLZ OK
JTIO OK
JTIZ OK
JTIS OK
JTIL OK
JTOI OK
JTOS OK
JTOZ OK
JTOL OK
JTSI OK
JTSO OK
JOZS OK
JTSL OK
JTZI OK
JTSZ OK
JTZO OK
JTZL OK
JTLI OK
JTLO OK
JTLS OK
JTLZ OK
JTZS OK
JSIT OK
JSIL OK
JSIO OK
JSOT OK
JSOI OK
JSOL OK
JSTI OK
JSIZ OK
JSTO OK
JSTL OK
JSOZ OK
JSZO OK
JSTZ OK
JSZL OK
JSLI OK
JSLO OK
JSLT OK
JSZI OK
JSLZ OK
JZIT OK
JZIO OK
JSZT OK
JZIL OK
JZOT OK
JZOI OK
JZOL OK
JZTI OK
JZIS OK
JZOS OK
JZTO OK
JZTL OK
JZTS OK
JZSO OK
JZSL OK
JZLI OK
JZLO OK
JZLT OK
JZST OK
JZLS OK
JZSI OK
JLIO OK
JLIT OK
JLIZ OK
JLIS OK
JLOI OK
JLOT OK
JLOS OK
JLTI OK
JLOZ OK
JLTO OK
JLTS OK
JLTZ OK
JLSI OK
JLST OK
JLSO OK
JLZI OK
JLZO OK
JLZT OK
JLZS OK
LIOT OK
JLSZ OK
LIOJ OK
LITO OK
LITS OK
LITZ OK
LITJ OK
LIOS OK
LIOZ OK
LISO OK
LISJ OK
LIST OK
LIZT OK
LIZO OK
LIZJ OK
LIJO OK
LIJT OK
LIJS OK
LIJZ OK
LOIT OK
LISZ OK
LOIS OK
LOIJ OK
LOTI OK
LOIZ OK
LOTS OK
LIZS OK
LOTJ OK
LOTZ OK
LOSI OK
LOSJ OK
LOST OK
LOSZ OK
LOZT OK
LOZI OK
LOZJ OK
LOJI OK
LOJT OK
LOJS OK
LOJZ OK
LTIO OK
LTIS OK
LTIZ OK
LTIJ OK
LTOI OK
LTOS OK
LTOZ OK
LTOJ OK
LTSI OK
LTSO OK
LTSJ OK
LTZI OK
LTSZ OK
LTZO OK
LTZJ OK
LTJI OK
LTJO OK
LTZS OK
LTJS OK
LTJZ OK
LOZS OK
LSIT OK
LSIJ OK
LSIO OK
LSOI OK
LSOT OK
LSOJ OK
LSTI OK
LSOZ OK
LSIZ OK
LSTJ OK
LSTO OK
LSTZ OK
LSZI OK
LSZJ OK
LSJI OK
LSJO OK
LSJT OK
LSJZ OK
LSZT OK
LSZO OK
LZIT OK
LZIJ OK
LZIO OK
LZOT OK
LZOI OK
LZOJ OK
LZTI OK
LZIS OK
LZTO OK
LZTJ OK
LZOS OK
LZTS OK
LZSI OK
LZST OK
LZJI OK
LZSJ OK
LZSO OK
LZJT OK
LZJO OK
LZJS OK
LJIO OK
LJIT OK
LJIS OK
LJIZ OK
LJOI OK
LJOT OK
LJTI OK
LJOS OK
LJOZ OK
LJTO OK
LJTZ OK
LJTS OK
LJSI OK
LJST OK
LJSO OK
LJZI OK
LJZT OK
LJZO OK
LJZS OK
LJSZ OK
