IOTZ OK
IOTS OK
IOTJ OK
IOTL OK
IOSZ OK
IOST OK
IOSL OK
IOSJ OK
IOZT OK
IOZS OK
IOZJ OK
IOZL OK
IOJT OK
IOJS OK
IOJL OK
IOJZ OK
IOLT OK
IOLS OK
IOLZ OK
IOLJ OK
ITOS OK
ITOZ OK
ITOJ OK
ITOL OK
ITSO OK
ITSJ OK
ITSL OK
ITZO OK
ITZS OK
ITZJ OK
ITZL OK
ITSZ OK
ITJO OK
ITJZ OK
ITJS OK
ITLO OK
ITJL OK
ITLS OK
ITLZ OK
ITLJ OK
ISOT OK
ISOZ OK
ISOJ OK
ISTO OK
ISOL OK
ISTJ OK
ISTL OK
ISTZ OK
ISZT OK
ISZO OK
ISZJ OK
ISJO OK
ISZL OK
ISJT OK
ISJL OK
ISLO OK
ISLT OK
ISJZ OK
ISLJ OK
IZOT OK
IZOS OK
IZOJ OK
IZOL OK
IZTO OK
ISLZ OK
IZTJ OK
IZTS OK
IZTL OK
IZSO OK
IZST OK
IZSJ OK
IZJO OK
IZJT OK
IZSL OK
IZJL OK
IZLO OK
IZLT OK
IZJS OK
IZLJ OK
IJOT OK
IJOS OK
IJOZ OK
IJOL OK
IJTO OK
IJTS OK
IJTZ OK
IJTL OK
IZLS CAP
IJSO OK
IJST OK
IJSL OK
IJZO OK
IJZT OK
IJSZ OK
IJZL OK
IJLO OK
IJLT OK
IJLS OK
IJLZ OK
ILOT OK
IJZS OK
ILOS OK
ILOJ OK
ILTO OK
ILTS OK
ILTZ OK
ILTJ OK
ILOZ OK
ILSO OK
ILST OK
ILSJ OK
ILZO OK
ILZT OK
ILSZ OK
ILZJ OK
ILJO OK
ILJT OK
ILJS OK
ILJZ OK
OITS OK
OITZ OK
OITJ OK
OITL OK
OIST OK
OISZ OK
ILZS OK
OISJ OK
OISL OK
OIZT OK
OIZS OK
OIZJ OK
OIZL OK
OIJT OK
OIJS OK
OIJL OK
OIJZ OK
OILT OK
OILS OK
OILJ OK
OILZ OK
OTIS OK
OTIJ OK
OTIL OK
OTIZ OK
OTSI OK
OTSJ OK
OTSL OK
OTSZ OK
OTZI OK
OTZJ OK
OTZL OK
OTJI OK
OTZS OK
OTJS OK
OTJZ OK
OTLI OK
OTJL OK
OTLZ OK
OTLS OK
OTLJ OK
OSIT OK
OSIZ OK
OSIJ OK
OSIL OK
OSTI OK
OSTJ OK
OSTZ OK
OSZI OK
OSTL OK
OSZT OK
OSZJ OK
OSZL OK
OSJI OK
OSJT OK
OSJL OK
OSJZ OK
OSLI OK
OSLT OK
OSLJ OK
OSLZ OK
OZIT OK
OZIS OK
OZIJ OK
OZIL OK
OZTI OK
OZTJ OK
OZTS OK
OZTL OK
OZSI OK
OZST OK
OZSJ OK
OZSL OK
OZJT OK
OZJI OK
OZJL OK
OZJS OK
OZLI OK
OZLT OK
OZLJ OK
OZLS OK
OJIT OK
OJIS OK
OJIZ OK
OJIL OK
OJTI OK
OJTS OK
OJTL OK
OJTZ OK
OJSI OK
OJST OK
OJSL OK
OJSZ OK
OJZI OK
OJZT OK
OJZL OK
OJLI OK
OJLT OK
OJLS OK
OJLZ OK
OJZS OK
OLIT OK
OLIS OK
OLIJ OK
OLTI OK
OLIZ OK
OLTS OK
OLTJ OK
OLTZ OK
OLSI OK
OLST OK
OLSJ OK
OLSZ OK
OLZT OK
OLZI OK
OLZJ OK
OLJI OK
OLJT OK
OLJS OK
OLJZ OK
TIOS OK
OLZS OK
TIOJ OK
TIOL OK
TIOZ OK
TISO OK
TISZ OK
TISJ OK
TISL OK
TIZO OK
TIZJ OK
TIZS OK
TIZL OK
TIJO OK
TIJS OK
TIJZ OK
TILO OK
TIJL OK
TILS OK
TILZ OK
TILJ OK
TOIS OK
TOIJ OK
TOIZ OK
TOIL OK
TOSI OK
TOSJ OK
TOSL OK
TOSZ OK
TOZI OK
TOZJ OK
TOZL OK
TOJI OK
TOJS OK
TOZS OK
TOJZ OK
TOJL OK
TOLI OK
TOLS OK
TOLZ OK
TOLJ OK
TSIO OK
TSIJ OK
TSIZ OK
TSIL OK
TSOI OK
TSOJ OK
TSOL OK
TSOZ OK
TSZI OK
TSZJ OK
TSZL OK
TSJI OK
TSJO OK
TSJZ OK
TSJL OK
TSLI OK
TSLO OK
TSZO OK
TSLZ OK
TSLJ OK
TZIO OK
TZIS OK
TZIJ OK
TZIL OK
TZOI OK
TZOJ OK
TZOS OK
TZOL OK
TZSI OK
TZSJ OK
TZSL OK
TZJI OK
TZJO OK
TZJS OK
TZJL OK
TZLI OK
TZLO OK
TZSO OK
TZLS OK
TZLJ OK
TJIO OK
TJIS OK
TJIZ OK
TJIL OK
TJOI OK
TJOS OK
TJOZ OK
TJOL OK
TJSI OK
TJSO OK
TJSZ OK
TJSL OK
TJZI OK
TJZO OK
TJZL OK
TJZS OK
TJLI OK
TJLO OK
TJLS OK
TJLZ OK
TLIO OK
TLIS OK
TLIZ OK
TLIJ OK
TLOI OK
TLOS OK
TLOZ OK
TLOJ OK
TLSI OK
TLSO OK
TLSZ OK
TLSJ OK
TLZI OK
TLZO OK
TLZS OK
TLZJ OK
TLJI OK
TLJO OK
TLJS OK
TLJZ OK
SIOT OK
SIOZ OK
SIOJ OK
SITO OK
SIOL OK
SITJ OK
SITL OK
SITZ OK
SIZT OK
SIZO OK
SIZJ OK
SIZL OK
SIJO OK
SIJT OK
SIJL OK
SILO OK
SIJZ OK
SILT OK
SILJ OK
SOIT OK
SOIZ OK
SOIJ OK
SOIL OK
SOTI OK
SILZ OK
SOTJ OK
SOTZ OK
SOTL OK
SOZI OK
SOZT OK
SOZJ OK
SOZL OK
SOJI OK
SOJT OK
SOJL OK
SOLI OK
SOJZ OK
SOLT OK
SOLJ OK
SOLZ OK
STIO OK
STIJ OK
STIL OK
STIZ OK
STOI OK
STOJ OK
STOL OK
STOZ OK
STZI OK
STZJ OK
STZL OK
STJI OK
STZO OK
STJO OK
STJZ OK
STJL OK
STLI OK
STLO OK
STLZ OK
STLJ OK
SZIT OK
SZIO OK
SZIJ OK
SZOI OK
SZIL OK
SZOT OK
SZOJ OK
SZOL OK
SZTI OK
SZTJ OK
SZTL OK
SZTO OK
SZJO OK
SZJI OK
SZJL OK
SZJT OK
SZLO OK
SZLI OK
SZLJ OK
SZLT OK
SJIT OK
SJIO OK
SJIL OK
SJOI OK
SJIZ OK
SJOT OK
SJOL OK
SJTI OK
SJTO OK
SJTZ OK
SJTL OK
SJOZ OK
SJZO OK
SJZI OK
SJZL OK
SJLI OK
SJLO OK
SJLT OK
SJLZ OK
SJZT OK
SLIO OK
SLIT OK
SLIJ OK
SLOI OK
SLOT OK
SLIZ OK
SLOJ OK
SLOZ OK
SLTI OK
SLTO OK
SLTJ OK
SLTZ OK
SLZO OK
SLZT OK
SLZI OK
SLZJ OK
SLJI OK
SLJT OK
SLJO OK
SLJZ OK
ZIOT OK
ZIOS OK
ZIOJ OK
ZIOL OK
ZITO OK
ZITJ OK
ZITS OK
ZITL OK
ZISO OK
ZIST OK
ZISJ OK
ZISL OK
ZIJO OK
ZIJT OK
ZIJL OK
ZILO OK
ZILT OK
ZIJS OK
ZILJ OK
ZOIT OK
ZOIS OK
ZOIJ OK
ZOIL OK
ZOTI OK
ZILS OK
ZOTJ OK
ZOTL OK
ZOTS OK
ZOSI OK
ZOST OK
ZOSJ OK
ZOSL OK
ZOJT OK
ZOJI OK
ZOJL OK
ZOJS OK
ZOLI OK
ZOLT OK
ZOLJ OK
ZTIO OK
ZOLS OK
ZTIJ OK
ZTIL OK
ZTIS OK
ZTOI OK
ZTOJ OK
ZTOS OK
ZTOL OK
ZTSI OK
ZTSJ OK
ZTSL OK
ZTJI OK
ZTJO OK
ZTJS OK
ZTSO OK
ZTJL OK
ZTLI OK
ZTLO OK
ZTLS OK
ZTLJ OK
ZSIT OK
ZSIO OK
ZSIJ OK
ZSIL OK
ZSOI OK
ZSOT OK
ZSOJ OK
ZSOL OK
ZSTI OK
ZSTJ OK
ZSTL OK
ZSTO OK
ZSJI OK
ZSJO OK
ZSJL OK
ZSJT OK
ZSLI OK
ZSLO OK
ZSLJ OK
ZSLT OK
ZJIO OK
ZJIT OK
ZJIL OK
ZJOI OK
ZJIS OK
ZJOT OK
ZJOL OK
ZJTI OK
ZJTO OK
ZJTS OK
ZJTL OK
ZJOS OK
ZJSO OK
ZJSI OK
ZJSL OK
ZJLI OK
ZJLO OK
ZJLT OK
ZJLS OK
ZJST OK
ZLIO OK
ZLIT OK
ZLIJ OK
ZLOI OK
ZLOT OK
ZLIS OK
ZLOJ OK
ZLTI OK
ZLTO OK
ZLOS OK
ZLTS OK
ZLTJ OK
ZLSO OK
ZLSI OK
ZLSJ OK
ZLJI OK
ZLJO OK
ZLJT OK
ZLJS OK
ZLST OK
JIOT OK
JIOS OK
JIOL OK
JITO OK
JITS OK
JITZ OK
JIOZ OK
JITL OK
JIST OK
JISO OK
JISL OK
JIZO OK
JISZ OK
JIZT OK
JIZL OK
JILO OK
JILT OK
JILS OK
JILZ OK
JOIT OK
JIZS OK
JOIS OK
JOIL OK
JOTI OK
JOTS OK
JOTZ OK
JOTL OK
JOIZ OK
JOSI OK
JOST OK
JOSL OK
JOSZ OK
JOZI OK
JOZT OK
JOZL OK
JOLI OK
JOLT OK
JOLS OK
JOLZ OK
JTIO OK
JTIS OK
JTIZ OK
JTIL OK
JTOI OK
JOZS OK
JTOS OK
JTOL OK
JTOZ OK
JTSI OK
JTSO OK
JTSL OK
JTZI OK
JTSZ OK
JTZO OK
JTZL OK
JTLI OK
JTLO OK
JTZS OK
JTLS OK
JTLZ OK
JSIT OK
JSIO OK
JSIL OK
JSOI OK
JSIZ OK
JSOT OK
JSOL OK
JSTI OK
JSOZ OK
JSTO OK
JSTL OK
JSTZ OK
JSZI OK
JSZO OK
JSZL OK
JSLI OK
JSLO OK
JSLT OK
JSLZ OK
JSZT OK
JZIT OK
JZIO OK
JZIL OK
JZOI OK
JZOT OK
JZIS OK
JZOL OK
JZTI OK
JZTO OK
JZOS OK
JZTL OK
JZTS OK
JZSO OK
JZSI OK
JZSL OK
JZLI OK
JZLO OK
JZLT OK
JZLS OK
JLIO OK
JLIT OK
JLIS OK
JLIZ OK
JLOI OK
JLOT OK
JLOS OK
JZST OK
JLOZ OK
JLTI OK
JLTO OK
JLTS OK
JLTZ OK
JLSI OK
JLST OK
JLSO OK
JLZI OK
JLZO OK
JLZT OK
JLZS OK
JLSZ OK
LIOT OK
LIOS OK
LIOZ OK
LIOJ OK
LITO OK
LITS OK
LITZ OK
LITJ OK
LISO OK
LIST OK
LISJ OK
LIZO OK
LIZT OK
LISZ OK
LIZJ OK
LIJO OK
LIJT OK
LIJS OK
LIJZ OK
LOIT OK
LIZS OK
LOIS OK
LOIJ OK
LOTI OK
LOTS OK
LOTZ OK
LOIZ OK
LOTJ OK
LOSI OK
LOST OK
LOSJ OK
LOSZ OK
LOZT OK
LOZI OK
LOZJ OK
LOJI OK
LOJT OK
LOJS OK
LOJZ OK
LTIO OK
LTIS OK
LTIZ OK
LTIJ OK
LTOI OK
LTOS OK
LTOZ OK
LOZS OK
LTSI OK
LTOJ OK
LTSO OK
LTSJ OK
LTZI OK
LTSZ OK
LTZO OK
LTZJ OK
LTZS OK
LTJI OK
LTJO OK
LTJS OK
LTJZ OK
LSIT OK
LSIO OK
LSIJ OK
LSOI OK
LSOT OK
LSIZ OK
LSOJ OK
LSTI OK
LSOZ OK
LSTO OK
LSTJ OK
LSTZ OK
LSZI OK
LSZO OK
LSZJ OK
LSJI OK
LSJO OK
LSJT OK
LSJZ OK
LSZT OK
LZIT OK
LZIO OK
LZIJ OK
LZOI OK
LZOT OK
LZIS OK
LZOJ OK
LZTI OK
LZOS OK
LZTO OK
LZTJ OK
LZTS OK
LZSI OK
LZSO OK
LZSJ OK
LZJI OK
LZJO OK
LZJT OK
LZJS OK
LJIO OK
LJIT OK
LZST OK
LJIS OK
LJIZ OK
LJOI OK
LJOT OK
LJOS OK
LJOZ OK
LJTI OK
LJTO OK
LJTS OK
LJTZ OK
LJSI OK
LJSO OK
LJST OK
LJZI OK
LJZO OK
LJZT OK
LJZS OK
LJSZ OK
