IOTJ OK
IOTL OK
IOTS OK
IOTZ OK
IOST OK
IOSZ OK
IOSJ OK
IOSL OK
IOZT OK
IOZJ OK
IOJT OK
IOZL OK
IOJS OK
IOJL OK
IOLT OK
IOJZ OK
IOZS CAP
IOLJ OK
IOLS OK
ITOS OK
ITOJ OK
ITOL OK
IOLZ OK
ITOZ OK
ITSJ OK
ITSL OK
ITSO OK
ITZO OK
ITZJ OK
ITZL OK
ITJO OK
ITZS OK
ITJS OK
ITJZ OK
ITJL OK
ITLO OK
ITLS OK
ITLZ OK
ITLJ OK
ITSZ OK
ISOT OK
ISOJ OK
ISOL OK
ISOZ OK
ISTO OK
ISTJ OK
ISTL OK
ISTZ OK
ISZT OK
ISZO OK
ISZJ OK
ISJT OK
ISJO OK
ISJL OK
ISZL OK
ISLT OK
ISLO OK
ISLJ OK
ISJZ OK
IZOT OK
IZOJ OK
ISLZ OK
IZTO OK
IZTS OK
IZOL OK
IZTJ OK
IZTL OK
IZST OK
IZOS CAP
IZSJ OK
IZJO OK
IZJT OK
IZSO CAP
IZJL OK
IZJS OK
IZLT OK
IZSL CAP
IZLJ OK
IZLO OK
IJOT OK
IJOS OK
IJOL OK
IJTO OK
IJTS OK
IJOZ OK
IJTZ OK
IJTL OK
IZLS OK
IJSO OK
IJSL OK
IJST OK
IJZT OK
IJZO OK
IJZL OK
IJLO OK
IJSZ OK
IJLT OK
IJLS OK
IJLZ OK
ILOT OK
IJZS OK
ILOJ OK
ILTO OK
ILTS OK
ILTZ OK
ILTJ OK
ILOS OK
ILOZ OK
ILSO OK
ILSJ OK
ILST OK
ILZT OK
ILZO OK
ILZJ OK
ILJO OK
ILJT OK
ILJS OK
ILJZ OK
ILSZ OK
OITS OK
OITJ OK
OITL OK
OITZ OK
OIST OK
OISZ OK
OISJ OK
OISL OK
ILZS OK
OIZT OK
OIZJ OK
OIJT OK
OIZL OK
OIJS OK
OIJL OK
OILT OK
OIJZ OK
OIZS CAP
OILJ OK
OTIS OK
OTIZ OK
OILS OK
OTIJ OK
OTIL OK
OILZ OK
OTSJ OK
OTSI OK
OTSL OK
OTZI OK
OTSZ OK
OTZJ OK
OTJI OK
OTZL OK
OTJS OK
OTJZ OK
OTJL OK
OTLI OK
OTZS OK
OTLS OK
OTLZ OK
OTLJ OK
OSIT OK
OSIJ OK
OSIZ OK
OSIL OK
OSTI OK
OSTJ OK
OSTZ OK
OSZI OK
OSTL OK
OSZT OK
OSZJ OK
OSZL OK
OSJT OK
OSJI OK
OSJL OK
OSLI OK
OSJZ OK
OSLJ OK
OSLT OK
OZIT OK
OSLZ OK
OZIS OK
OZIJ OK
OZIL OK
OZTI OK
OZTJ OK
OZSI OK
OZTS OK
OZTL OK
OZST OK
OZSJ OK
OZSL OK
OZJT OK
OZJL OK
OZJI OK
OZJS OK
OZLI OK
OZLT OK
OZLJ OK
OZLS OK
OJIT OK
OJIL OK
OJTI OK
OJTS OK
OJTZ OK
OJIS OK
OJTL OK
OJIZ OK
OJSI OK
OJST OK
OJSL OK
OJZT OK
OJSZ OK
OJZL OK
OJLI OK
OJZI OK
OJLT OK
OJLS OK
OJLZ OK
OLIT OK
OLIS OK
OLIJ OK
OLTI OK
OLTS OK
OLIZ OK
OLTJ OK
OLTZ OK
OJZS OK
OLSI OK
OLSJ OK
OLST OK
OLSZ OK
OLZI OK
OLZJ OK
OLJI OK
OLJT OK
OLZT OK
OLJS OK
OLJZ OK
TIOS OK
TIOJ OK
TIOZ OK
TIOL OK
TISO OK
TISJ OK
TISL OK
TIZO OK
TISZ OK
TIZJ OK
TIZL OK
TIJO OK
TIJS OK
TIJZ OK
TIJL OK
TIZS OK
TILO OK
TILS OK
TILZ OK
TILJ OK
OLZS CAP
TOIJ OK
TOIL OK
TOIS OK
TOIZ OK
TOSJ OK
TOSL OK
TOSI OK
TOZI OK
TOZJ OK
TOZL OK
TOSZ OK
TOJI OK
TOJS OK
TOJZ OK
TOJL OK
TOLI OK
TOLS OK
TOZS OK
TOLZ OK
TOLJ OK
TSIJ OK
TSIL OK
TSIO OK
TSIZ OK
TSOI OK
TSOJ OK
TSOL OK
TSOZ OK
TSZJ OK
TSZI OK
TSZO OK
TSZL OK
TSJI OK
TSJO OK
TSJL OK
TSJZ OK
TSLI OK
TSLJ OK
TSLO OK
TSLZ OK
TZIJ OK
TZIL OK
TZIO OK
TZIS OK
TZOJ OK
TZOI OK
TZOL OK
TZSI OK
TZSJ OK
TZSL OK
TZOS OK
TZJI OK
TZJO OK
TZJS OK
TZLI OK
TZJL OK
TZSO OK
TZLO OK
TZLS OK
TJIO OK
TZLJ OK
TJIS OK
TJIL OK
TJIZ OK
TJOI OK
TJOL OK
TJOS OK
TJOZ OK
TJSI OK
TJSL OK
TJSO OK
TJZI OK
TJZO OK
TJSZ OK
TJZL OK
TJLI OK
TJLO OK
TJLS OK
TLIO OK
TJLZ OK
TLIS OK
TLIZ OK
TLIJ OK
TLOI OK
TJZS OK
TLOJ OK
TLSI OK
TLOS OK
TLOZ OK
TLSJ OK
TLSO OK
TLZI OK
TLSZ OK
TLZJ OK
TLZO OK
TLJI OK
TLZS OK
TLJO OK
TLJS OK
TLJZ OK
SIOT OK
SIOJ OK
SIOL OK
SIOZ OK
SITO OK
SITJ OK
SITL OK
SITZ OK
SIZT OK
SIZO OK
SIZJ OK
SIJT OK
SIJO OK
SIJL OK
SIZL OK
SILT OK
SILO OK
SILJ OK
SIJZ OK
SOIT OK
SOIZ OK
SOIJ OK
SOIL OK
SOTI OK
SOTJ OK
SOTZ OK
SOTL OK
SILZ OK
SOZI OK
SOZT OK
SOZJ OK
SOZL OK
SOJI OK
SOJL OK
SOJT OK
SOLI OK
SOJZ OK
SOLJ OK
SOLT OK
SOLZ OK
STIO OK
STIJ OK
STIL OK
STIZ OK
STOJ OK
STOI OK
STOL OK
STOZ OK
STZJ OK
STZL OK
STZO OK
STJI OK
STZI OK
STJO OK
STJZ OK
STJL OK
STLI OK
STLJ OK
STLO OK
STLZ OK
SZIT OK
SZIO OK
SZIJ OK
SZOI OK
SZIL OK
SZOT OK
SZTI OK
SZOJ OK
SZOL OK
SZTJ OK
SZTO OK
SZTL OK
SZJT OK
SZJL OK
SZJI OK
SZJO OK
SZLT OK
SZLJ OK
SZLO OK
SJIT OK
SZLI OK
SJIL OK
SJIO OK
SJOT OK
SJOI OK
SJOL OK
SJTI OK
SJTO OK
SJOZ OK
SJTL OK
SJIZ OK
SJTZ OK
SJZI OK
SJZT OK
SJLI OK
SJZL OK
SJZO OK
SJLT OK
SJLO OK
SJLZ OK
SLIT OK
SLIJ OK
SLIO OK
SLOI OK
SLOT OK
SLOJ OK
SLTI OK
SLTO OK
SLOZ OK
SLTJ OK
SLTZ OK
SLIZ OK
SLZT OK
SLZJ OK
SLJI OK
SLJO OK
SLJT OK
SLZO OK
SLJZ OK
ZIOT OK
SLZI OK
ZIOJ OK
ZIOL OK
ZITO OK
ZITJ OK
ZITS OK
ZITL OK
ZIOS OK
ZIST OK
ZISJ OK
ZIJO OK
ZIJT OK
ZIJS OK
ZIJL OK
ZISL OK
ZISO CAP
ZILT OK
ZILJ OK
ZILO OK
ZOIT OK
ZOIS OK
ZOIJ OK
ZOTI OK
ZOIL OK
ZOTJ OK
ZILS OK
ZOSI OK
ZOTS OK
ZOTL OK
ZOST OK
ZOSJ OK
ZOSL OK
ZOJT OK
ZOJL OK
ZOJI OK
ZOJS OK
ZOLI OK
ZOLJ OK
ZOLT OK
ZTIO OK
ZTIJ OK
ZOLS OK
ZTIS OK
ZTIL OK
ZTOJ OK
ZTOL OK
ZTOI OK
ZTSI OK
ZTSJ OK
ZTOS OK
ZTJI OK
ZTSL OK
ZTJO OK
ZTJS OK
ZTJL OK
ZTLI OK
ZTSO OK
ZTLO OK
ZTLS OK
ZTLJ OK
ZSIT OK
ZSIO OK
ZSIJ OK
ZSOT OK
ZSOI OK
ZSIL OK
ZSOJ OK
ZSTI OK
ZSTJ OK
ZSOL OK
ZSTO OK
ZSTL OK
ZSJI OK
ZSJO OK
ZSJL OK
ZSJT OK
ZSLO OK
ZSLJ OK
ZSLT OK
ZJIT OK
ZSLI OK
ZJIL OK
ZJIO OK
ZJOT OK
ZJOI OK
ZJIS OK
ZJOL OK
ZJTI OK
ZJTO OK
ZJTL OK
ZJTS OK
ZJOS OK
ZJSO OK
ZJSL OK
ZJLI OK
ZJSI OK
ZJLT OK
ZJLO OK
ZJST OK
ZJLS OK
ZLIT OK
ZLIJ OK
ZLIO OK
ZLOI OK
ZLOT OK
ZLOJ OK
ZLTI OK
ZLIS OK
ZLTO OK
ZLTJ OK
ZLOS OK
ZLTS OK
ZLSO OK
ZLSJ OK
ZLST OK
ZLJI OK
ZLJO OK
ZLJT OK
ZLJS OK
JIOT OK
ZLSI OK
JIOL OK
JITO OK
JITS OK
JITZ OK
JITL OK
JIOS OK
JIOZ OK
JISO OK
JISL OK
JIST OK
JIZT OK
JIZO OK
JIZL OK
JILO OK
JILT OK
JILS OK
JILZ OK
JOIT OK
JISZ OK
JIZS OK
JOIL OK
JOTI OK
JOIS OK
JOIZ OK
JOTS OK
JOTL OK
JOTZ OK
JOSI OK
JOST OK
JOSL OK
JOSZ OK
JOZT OK
JOZL OK
JOLI OK
JOLT OK
JOLS OK
JOLZ OK
JOZI OK
JTIO OK
JTIS OK
JTIZ OK
JTIL OK
JTOI OK
JTOS OK
JTOL OK
JTOZ OK
JTSI OK
JTSO OK
JTSL OK
JTZI OK
JTSZ OK
JTZO OK
JTZL OK
JTLI OK
JTLO OK
JTLS OK
JTLZ OK
JTZS OK
JOZS OK
JSIT OK
JSIL OK
JSIO OK
JSOT OK
JSOI OK
JSOL OK
JSTI OK
JSTO OK
JSOZ OK
JSTL OK
JSIZ OK
JSTZ OK
JSZI OK
JSZO OK
JSZL OK
JSLI OK
JSLT OK
JSLO OK
JSLZ OK
JZIT OK
JZIO OK
JZIL OK
JSZT OK
JZOI OK
JZOT OK
JZOL OK
JZTI OK
JZTO OK
JZOS OK
JZTL OK
JZIS CAP
JZTS OK
JZST OK
JZSL OK
JZLI OK
JZLO OK
JZLT OK
JZLS OK
JLIO OK
JLIT OK
JLIS OK
JZSI OK
JLIZ OK
JLOI OK
JLOT OK
JLOS OK
JLTI OK
JLOZ OK
JLTO OK
JLTS OK
JLSI OK
JLTZ OK
JLST OK
JLSO OK
JLZI OK
JLZO OK
JLZT OK
JLZS OK
LIOT OK
JZSO CAP
JLSZ OK
LIOJ OK
LITO OK
LITS OK
LITZ OK
LITJ OK
LIOS OK
LIOZ OK
LISO OK
LISJ OK
LIST OK
LIZT OK
LIZO OK
LIZJ OK
LIJO OK
LIJT OK
LIJS OK
LIJZ OK
LOIT OK
LISZ OK
LOIS OK
LOIJ OK
LOIZ OK
LOTI OK
LOTS OK
LOTZ OK
LOTJ OK
LIZS OK
LOSI OK
LOSJ OK
LOST OK
LOSZ OK
LOZI OK
LOZJ OK
LOJI OK
LOJT OK
LOJS OK
LOZT OK
LTIO OK
LOJZ OK
LTIS OK
LTIZ OK
LTIJ OK
LTOI OK
LTOS OK
LTOZ OK
LTOJ OK
LTSI OK
LTSO OK
LTSJ OK
LTZI OK
LTZO OK
LTSZ OK
LTZJ OK
LTJI OK
LTJO OK
LTJS OK
LTZS OK
LTJZ OK
LSIT OK
LOZS CAP
LSIJ OK
LSIO OK
LSOI OK
LSOT OK
LSOJ OK
LSTI OK
LSOZ OK
LSIZ OK
LSTJ OK
LSTO OK
LSTZ OK
LSZT OK
LSZI OK
LSJI OK
LSZO OK
LSZJ OK
LSJT OK
LSJO OK
LSJZ OK
LZIT OK
LZIJ OK
LZIO OK
LZIS OK
LZOI OK
LZOJ OK
LZTI OK
LZOT OK
LZTO OK
LZTJ OK
LZTS OK
LZOS CAP
LZSI OK
LZSJ OK
LZJI OK
LZJO OK
LZJT OK
LZJS OK
LJIO OK
LJIT OK
LJIS OK
LJIZ OK
LJOI OK
LJOT OK
LJOS OK
LZST OK
LJOZ OK
LJTI OK
LJTO OK
LJTS OK
LJTZ OK
LJSI OK
LJSO OK
LJST OK
LJZI OK
LJZO OK
LJZT OK
LZSO CAP
LJZS OK
LJSZ OK
