IOTJ OK
IOTL OK
IOST OK
IOSZ OK
IOTZ OK
IOTS OK
IOSJ OK
IOSL OK
IOZT OK
IOZJ OK
IOJT OK
IOZS OK
IOJL OK
IOZL OK
IOJS OK
IOLT OK
IOLJ OK
IOJZ OK
IOLS OK
ITOJ OK
ITOL OK
IOLZ OK
ITOS OK
ITSJ OK
ITOZ OK
ITSL OK
ITSO OK
ITZJ OK
ITZL OK
ITJO OK
ITJS OK
ITSZ OK
ITJZ OK
ITJL OK
ITLO OK
ITLS OK
ITLZ OK
ITLJ OK
ITZO OK
ITZS OK
ISOT OK
ISOZ OK
ISOJ OK
ISTJ OK
ISOL OK
ISTL OK
ISTO OK
ISTZ OK
ISZT OK
ISZO OK
ISJT OK
ISJO OK
ISZJ OK
ISJL OK
ISLT OK
ISLO OK
ISLJ OK
ISZL OK
ISJZ OK
IZOT OK
IZOS OK
IZTO OK
IZOJ OK
IZTJ OK
IZTL OK
IZOL OK
ISLZ OK
IZTS OK
IZST OK
IZSO OK
IZSJ OK
IZJT OK
IZJO OK
IZJL OK
IZJS OK
IZLT OK
IZLJ OK
IZLO OK
IZSL OK
IJOT OK
IJOL OK
IJTO OK
IJTS OK
IJTZ OK
IJTL OK
IJOS OK
IJOZ OK
IJST OK
IJSL OK
IJSO OK
IZLS CAP
IJZT OK
IJZL OK
IJZO OK
IJLO OK
IJLT OK
IJLS OK
IJLZ OK
IJSZ OK
ILOT OK
ILOJ OK
IJZS OK
ILTO OK
ILTS OK
ILTZ OK
ILTJ OK
ILOS OK
ILOZ OK
ILSJ OK
ILST OK
ILSO OK
ILZO OK
ILZJ OK
ILJO OK
ILJT OK
ILZT OK
ILJS OK
ILJZ OK
ILSZ OK
OITS OK
OITJ OK
OITL OK
OITZ OK
OIST OK
OISZ OK
OISJ OK
OISL OK
OIZT OK
ILZS OK
OIZJ OK
OIJT OK
OIZS OK
OIJL OK
OIZL OK
OILT OK
OIJS OK
OILJ OK
OIJZ OK
OTIS OK
OTIJ OK
OTIZ OK
OTIL OK
OILS OK
OTSJ OK
OTSI OK
OTSL OK
OILZ OK
OTZJ OK
OTSZ OK
OTJI OK
OTZL OK
OTZI OK
OTJS OK
OTJL OK
OTJZ OK
OTLI OK
OTLJ OK
OTLS OK
OTLZ OK
OTZS OK
OSIT OK
OSIZ OK
OSIJ OK
OSIL OK
OSTJ OK
OSTI OK
OSZI OK
OSTZ OK
OSTL OK
OSZT OK
OSJI OK
OSZJ OK
OSJL OK
OSZL OK
OSJT OK
OSLI OK
OSLJ OK
OSJZ OK
OSLT OK
OSLZ OK
OZIT OK
OZTI OK
OZIS OK
OZIJ OK
OZTJ OK
OZIL OK
OZSI OK
OZTS OK
OZTL OK
OZST OK
OZSJ OK
OZSL OK
OZJT OK
OZJL OK
OZJI OK
OZJS OK
OZLI OK
OZLT OK
OZLJ OK
OZLS OK
OJIL OK
OJTI OK
OJTS OK
OJTZ OK
OJTL OK
OJIT OK
OJIS OK
OJIZ OK
OJSL OK
OJSI OK
OJST OK
OJZT OK
OJZL OK
OJLI OK
OJSZ OK
OJLT OK
OJLS OK
OJZI OK
OJLZ OK
OLIT OK
OLIJ OK
OLTI OK
OLTS OK
OLTZ OK
OJZS OK
OLTJ OK
OLSI OK
OLIS OK
OLIZ OK
OLSJ OK
OLST OK
OLSZ OK
OLZT OK
OLZJ OK
OLJI OK
OLJT OK
OLJS OK
OLJZ OK
OLZI OK
TIOJ OK
TIOL OK
TIOS OK
TIOZ OK
OLZS OK
TISJ OK
TISL OK
TISO OK
TIZJ OK
TIZL OK
TIJO OK
TIJS OK
TIJZ OK
TIJL OK
TILO OK
TILS OK
TISZ OK
TILZ OK
TILJ OK
TIZO OK
TOIJ OK
TIZS OK
TOIL OK
TOIS OK
TOIZ OK
TOSJ OK
TOSI OK
TOSL OK
TOZJ OK
TOZL OK
TOJI OK
TOZI OK
TOSZ OK
TOJS OK
TOLI OK
TOJL OK
TOJZ OK
TOLS OK
TOLZ OK
TOLJ OK
TSIJ OK
TOZS OK
TSIL OK
TSIO OK
TSIZ OK
TSOJ OK
TSOI OK
TSOL OK
TSOZ OK
TSZJ OK
TSJI OK
TSZL OK
TSJO OK
TSJZ OK
TSJL OK
TSLI OK
TSLO OK
TSLZ OK
TSLJ OK
TSZI OK
TZIJ OK
TSZO OK
TZIL OK
TZIO OK
TZIS OK
TZOJ OK
TZOL OK
TZOI OK
TZSJ OK
TZSL OK
TZSI OK
TZJI OK
TZJO OK
TZJS OK
TZJL OK
TZLI OK
TZOS OK
TZLO OK
TZLJ OK
TZLS OK
TJIO OK
TJIS OK
TJIZ OK
TJOI OK
TJIL OK
TZSO OK
TJOL OK
TJOS OK
TJOZ OK
TJSI OK
TJSL OK
TJZI OK
TJSO OK
TJSZ OK
TJZL OK
TJLI OK
TJZO OK
TJLO OK
TJLS OK
TJLZ OK
TLIO OK
TLIS OK
TLIZ OK
TLIJ OK
TLOI OK
TLOS OK
TLOJ OK
TJZS OK
TLSI OK
TLOZ OK
TLSJ OK
TLZI OK
TLSO OK
TLSZ OK
TLZJ OK
TLJI OK
TLZO OK
TLZS OK
TLJO OK
TLJS OK
TLJZ OK
SIOT OK
SIOZ OK
SIOJ OK
SITJ OK
SIOL OK
SITL OK
SITO OK
SITZ OK
SIZT OK
SIZO OK
SIJO OK
SIZJ OK
SIJL OK
SIJT OK
SIZL OK
SILO OK
SILT OK
SILJ OK
SOIT OK
SOIZ OK
SOIJ OK
SIJZ OK
SOIL OK
SOTJ OK
SOTL OK
SOTI OK
SOZI OK
SOTZ OK
SOZT OK
SILZ OK
SOZJ OK
SOZL OK
SOJI OK
SOJL OK
SOJT OK
SOLI OK
SOLJ OK
SOJZ OK
SOLT OK
STIJ OK
STIL OK
SOLZ OK
STIO OK
STOJ OK
STIZ OK
STOL OK
STOI OK
STZJ OK
STZL OK
STJI OK
STZI OK
STOZ OK
STJO OK
STJZ OK
STJL OK
STLI OK
STLO OK
STLJ OK
STLZ OK
STZO OK
SZIT OK
SZIO OK
SZOI OK
SZOT OK
SZIJ OK
SZTI OK
SZOJ OK
SZIL OK
SZTJ OK
SZTL OK
SZTO OK
SZOL OK
SZJL OK
SZJT OK
SZJI OK
SZJO OK
SZLJ OK
SZLT OK
SZLI OK
SJIO OK
SJIL OK
SZLO OK
SJIT OK
SJOT OK
SJOL OK
SJTI OK
SJOI OK
SJTO OK
SJTL OK
SJTZ OK
SJOZ OK
SJIZ OK
SJZL OK
SJLI OK
SJLO OK
SJLT OK
SJLZ OK
SJZT OK
SJZI OK
SJZO OK
SLIJ OK
SLIO OK
SLIT OK
SLOI OK
SLOT OK
SLOJ OK
SLTI OK
SLTO OK
SLTZ OK
SLTJ OK
SLIZ OK
SLOZ OK
SLZJ OK
SLJI OK
SLJO OK
SLJT OK
SLJZ OK
SLZO OK
ZIOT OK
SLZT OK
SLZI OK
ZITO OK
ZIOJ OK
ZIOL OK
ZITJ OK
ZITL OK
ZIOS OK
ZITS OK
ZIST OK
ZISO OK
ZISJ OK
ZIJO OK
ZIJL OK
ZIJT OK
ZIJS OK
ZILO OK
ZILJ OK
ZILT OK
ZOIT OK
ZOIS OK
ZISL OK
ZOIJ OK
ZOTI OK
ZOTJ OK
ZILS OK
ZOIL OK
ZOTS OK
ZOSI OK
ZOTL OK
ZOST OK
ZOSJ OK
ZOJT OK
ZOSL OK
ZOJL OK
ZOJI OK
ZOJS OK
ZOLJ OK
ZOLI OK
ZOLT OK
ZTIJ OK
ZTIL OK
ZOLS OK
ZTIO OK
ZTIS OK
ZTOJ OK
ZTOI OK
ZTOL OK
ZTSJ OK
ZTSL OK
ZTJI OK
ZTSI OK
ZTOS OK
ZTJL OK
ZTJO OK
ZTJS OK
ZTLI OK
ZTLO OK
ZTLJ OK
ZTLS OK
ZTSO OK
ZSIT OK
ZSIO OK
ZSIJ OK
ZSOI OK
ZSOT OK
ZSTI OK
ZSOJ OK
ZSTJ OK
ZSOL OK
ZSIL OK
ZSTO OK
ZSTL OK
ZSJL OK
ZSJO OK
ZSJI OK
ZSJT OK
ZSLJ OK
ZSLO OK
ZSLT OK
ZJIO OK
ZJIT OK
ZJIL OK
ZSLI OK
ZJOT OK
ZJIS OK
ZJOL OK
ZJTI OK
ZJTO OK
ZJTS OK
ZJTL OK
ZJOI OK
ZJOS OK
ZJSL OK
ZJLI OK
ZJLO OK
ZJLT OK
ZJLS OK
ZJSO OK
ZJST OK
ZJSI OK
ZLIJ OK
ZLIO OK
ZLIT OK
ZLOI OK
ZLOJ OK
ZLTI OK
ZLOT OK
ZLTO OK
ZLTS OK
ZLTJ OK
ZLOS OK
ZLIS OK
ZLSJ OK
ZLJI OK
ZLJO OK
ZLJT OK
ZLJS OK
ZLSO OK
ZLST OK
ZLSI OK
JIOL OK
JIOT OK
JITO OK
JITS OK
JITZ OK
JITL OK
JIOS OK
JIOZ OK
JISL OK
JIST OK
JISO OK
JIZO OK
JIZL OK
JILO OK
JILT OK
JILS OK
JILZ OK
JIZT OK
JISZ OK
JOIT OK
JOIL OK
JOTI OK
JOTS OK
JOTZ OK
JIZS OK
JOTL OK
JOIS OK
JOIZ OK
JOST OK
JOSI OK
JOSL OK
JOZT OK
JOZL OK
JOSZ OK
JOLI OK
JOLT OK
JOLS OK
JOLZ OK
JTIO OK
JTIS OK
JTIZ OK
JTIL OK
JTOI OK
JOZI OK
JTOS OK
JTOL OK
JTOZ OK
JTSI OK
JTSO OK
JTSL OK
JTSZ OK
JTZI OK
JTZO OK
JTZL OK
JTLI OK
JTLO OK
JTLS OK
JTLZ OK
JTZS OK
JOZS OK
JSIL OK
JSIT OK
JSIO OK
JSOT OK
JSOL OK
JSTI OK
JSTO OK
JSOI OK
JSTL OK
JSTZ OK
JSOZ OK
JSIZ OK
JSZL OK
JSLI OK
JSLO OK
JSLT OK
JSLZ OK
JZIO OK
JSZI OK
JSZT OK
JSZO OK
JZIL OK
JZOT OK
JZIT OK
JZOL OK
JZTI OK
JZOI OK
JZTO OK
JZTL OK
JZTS OK
JZSI OK
JZIS CAP
JZSL OK
JZLI OK
JZLO OK
JZLT OK
JZLS OK
JZOS CAP
JLIO OK
JLIT OK
JLIS OK
JLIZ OK
JLOI OK
JLOT OK
JLOS OK
JLOZ OK
JLTI OK
JLTO OK
JLTS OK
JLTZ OK
JLSI OK
JLST OK
JZST OK
JLSO OK
JLZI OK
JLZO OK
JLZT OK
JLZS OK
JLSZ OK
LIOT OK
LIOJ OK
LITO OK
LITS OK
LITZ OK
LITJ OK
LIOS OK
JZSO CAP
LIOZ OK
LISJ OK
LIST OK
LISO OK
LIZO OK
LIZJ OK
LIZT OK
LIJO OK
LIJT OK
LIJS OK
LIJZ OK
LISZ OK
LOIT OK
LOIJ OK
LOTI OK
LOTS OK
LOTZ OK
LOTJ OK
LIZS OK
LOSI OK
LOIS OK
LOSJ OK
LOST OK
LOIZ OK
LOSZ OK
LOZJ OK
LOJI OK
LOJT OK
LOJS OK
LOZT OK
LTIO OK
LOJZ OK
LTIS OK
LTIZ OK
LTIJ OK
LTOI OK
LTOS OK
LTOZ OK
LTOJ OK
LTSI OK
LOZI OK
LTSJ OK
LTZI OK
LTSO OK
LTZO OK
LTZJ OK
LTJI OK
LTSZ OK
LTZS OK
LTJO OK
LTJS OK
LTJZ OK
LOZS OK
LSIJ OK
LSIT OK
LSIO OK
LSOT OK
LSOJ OK
LSOI OK
LSTI OK
LSIZ OK
LSTJ OK
LSTO OK
LSOZ OK
LSTZ OK
LSZJ OK
LSJI OK
LSJO OK
LSJT OK
LSJZ OK
LSZT OK
LSZO OK
LZIT OK
LZIJ OK
LSZI OK
LZIO OK
LZOT OK
LZOJ OK
LZTI OK
LZOI OK
LZIS OK
LZTJ OK
LZTO OK
LZOS OK
LZTS OK
LZSJ OK
LZJI OK
LZJO OK
LZJT OK
LZJS OK
LJIO OK
LJIT OK
LJIS OK
LJIZ OK
LJOI OK
LJOT OK
LZST OK
LJOS OK
LJTI OK
LJOZ OK
LJTO OK
LJTS OK
LJTZ OK
LJSI OK
LJST OK
LJSO OK
LJZI OK
LJZO OK
LJZT OK
LJZS OK
LZSO OK
LZSI OK
LJSZ OK
