IOTJ OK
IOTL OK
IOTS OK
IOTZ OK
IOST OK
IOZT OK
IOSJ OK
IOSL OK
IOZS OK
IOZJ OK
IOJT OK
IOZL OK
IOJL OK
IOLT OK
IOJS OK
IOJZ OK
IOSZ CAP
IOLJ OK
ITOS OK
ITOZ OK
ITOJ OK
ITOL OK
ITSO OK
ITSJ OK
ITSL OK
IOLS OK
ITZO OK
ITZJ OK
ITSZ OK
ITZL OK
IOLZ OK
ITJO OK
ITJS OK
ITJZ OK
ITJL OK
ITLO OK
ITLS OK
ITLZ OK
ITLJ OK
ITZS OK
ISOT OK
ISTO OK
ISOJ OK
ISTJ OK
ISTL OK
ISTZ OK
ISOL OK
ISZT OK
ISZJ OK
ISOZ CAP
ISJT OK
ISZL OK
ISJL OK
ISJO OK
ISZO CAP
ISLT OK
ISLJ OK
IZOT OK
ISJZ OK
ISLO OK
IZOS OK
IZOJ OK
IZOL OK
IZTJ OK
IZTL OK
IZTO OK
IZTS OK
ISLZ OK
IZST OK
IZSO OK
IZJT OK
IZSJ OK
IZJL OK
IZJO OK
IZLT OK
IZSL OK
IZLJ OK
IZLO OK
IZJS OK
IJOT OK
IJOL OK
IJTO OK
IJTS OK
IJTZ OK
IJTL OK
IJOS OK
IJOZ OK
IZLS OK
IJSL OK
IJSO OK
IJST OK
IJZT OK
IJZL OK
IJLO OK
IJLT OK
IJLS OK
IJLZ OK
IJZO OK
ILOT OK
IJSZ OK
ILOJ OK
ILTO OK
ILTS OK
ILTZ OK
ILTJ OK
IJZS OK
ILST OK
ILOS OK
ILSJ OK
ILOZ OK
ILZT OK
ILSO OK
ILZJ OK
ILJO OK
ILJT OK
ILJS OK
ILJZ OK
OITS OK
OITZ OK
OITJ OK
OITL OK
ILZO OK
OIST OK
ILSZ OK
OISJ OK
OISL OK
OIZT OK
OIZJ OK
OIZS OK
OIJT OK
ILZS CAP
OISZ CAP
OIZL OK
OIJL OK
OILT OK
OIJS OK
OILJ OK
OIJZ OK
OTIS OK
OTIJ OK
OTIZ OK
OTIL OK
OILS OK
OTSJ OK
OTSI OK
OTSZ OK
OILZ OK
OTSL OK
OTZJ OK
OTJI OK
OTZL OK
OTJS OK
OTJL OK
OTJZ OK
OTLI OK
OTLS OK
OTLZ OK
OTLJ OK
OTZI OK
OTZS OK
OSIT OK
OSTI OK
OSIZ OK
OSIJ OK
OSIL OK
OSTJ OK
OSTZ OK
OSTL OK
OSZT OK
OSZI OK
OSJT OK
OSJI OK
OSJL OK
OSZJ OK
OSLT OK
OSZL OK
OSLI OK
OSLJ OK
OSJZ OK
OZIT OK
OZIJ OK
OZIS OK
OZIL OK
OZTJ OK
OZTI OK
OSLZ OK
OZTS OK
OZTL OK
OZSI OK
OZST OK
OZSJ OK
OZSL OK
OZJL OK
OZJI OK
OZJT OK
OZJS OK
OZLJ OK
OZLT OK
OZLI OK
OZLS OK
OJIL OK
OJTI OK
OJTS OK
OJIT OK
OJTZ OK
OJTL OK
OJIS OK
OJIZ OK
OJSL OK
OJST OK
OJSI OK
OJZI OK
OJZL OK
OJLI OK
OJZT OK
OJLT OK
OJLS OK
OJLZ OK
OJSZ OK
OLIT OK
OLIJ OK
OLTI OK
OLTS OK
OLTZ OK
OLTJ OK
OJZS OK
OLIS OK
OLIZ OK
OLSJ OK
OLST OK
OLSI OK
OLZT OK
OLZJ OK
OLJI OK
OLJT OK
OLZI OK
OLJS OK
OLJZ OK
TIOS OK
TIOJ OK
TIOZ OK
TIOL OK
TISO OK
TISJ OK
TISL OK
TIZO OK
OLZS OK
TIZJ OK
TIZL OK
TIJO OK
TISZ OK
TIJS OK
TIJZ OK
TIJL OK
OLSZ CAP
TILO OK
TIZS OK
TILS OK
TILJ OK
TILZ OK
TOIJ OK
TOIL OK
TOIZ OK
TOIS OK
TOSJ OK
TOSL OK
TOSI OK
TOSZ OK
TOZI OK
TOJI OK
TOZJ OK
TOZL OK
TOJS OK
TOJL OK
TOJZ OK
TOLI OK
TOLJ OK
TOLS OK
TOLZ OK
TSIJ OK
TSIL OK
TOZS OK
TSIO OK
TSOJ OK
TSIZ OK
TSOI OK
TSOL OK
TSOZ OK
TSZJ OK
TSZI OK
TSJI OK
TSZL OK
TSJL OK
TSJO OK
TSJZ OK
TSLI OK
TSLJ OK
TSLO OK
TZIO OK
TZIJ OK
TZIL OK
TSZO OK
TZIS OK
TZOJ OK
TZOL OK
TZOI OK
TSLZ OK
TZSI OK
TZSJ OK
TZSL OK
TZJI OK
TZJO OK
TZJS OK
TZJL OK
TZLI OK
TZOS OK
TZLO OK
TZLJ OK
TZLS OK
TJIO OK
TJIS OK
TJIZ OK
TJIL OK
TJOI OK
TJOL OK
TJOS OK
TJSI OK
TJOZ OK
TZSO OK
TJSL OK
TJZI OK
TJSO OK
TJSZ OK
TJZL OK
TJLI OK
TJZO OK
TJLO OK
TJLS OK
TJLZ OK
TLIO OK
TLIS OK
TLIZ OK
TLIJ OK
TLOI OK
TLOJ OK
TLSI OK
TJZS OK
TLOS OK
TLOZ OK
TLSJ OK
TLZI OK
TLSO OK
TLZO OK
TLZS OK
TLZJ OK
TLJI OK
TLJO OK
TLJS OK
TLJZ OK
TLSZ OK
SIOT OK
SITO OK
SIOJ OK
SITJ OK
SITL OK
SITZ OK
SIZT OK
SIOL OK
SIOZ OK
SIZJ OK
SIJT OK
SIJO OK
SIJL OK
SIZL OK
SILT OK
SIJZ OK
SILO OK
SILJ OK
SIZO CAP
SOIT OK
SOIZ OK
SOIJ OK
SOIL OK
SOTI OK
SOTJ OK
SOTZ OK
SILZ OK
SOTL OK
SOZT OK
SOZI OK
SOJT OK
SOJI OK
SOZJ OK
SOJL OK
SOLT OK
SOZL OK
SOLJ OK
SOLI OK
SOJZ OK
STIJ OK
STIL OK
STOI OK
STIO OK
STOJ OK
STIZ OK
STOZ OK
STOL OK
SOLZ OK
STZJ OK
STJI OK
STZL OK
STJO OK
STJZ OK
STJL OK
STLI OK
STZI OK
STLJ OK
STZO OK
SZIT OK
STLO OK
SZIO OK
STLZ OK
SZOT OK
SZOI OK
SZIJ OK
SZTI OK
SZOJ OK
SZIL OK
SZTJ OK
SZOL OK
SZTO OK
SZTL OK
SZJL OK
SZJT OK
SZJI OK
SZJO OK
SZLJ OK
SZLT OK
SZLI OK
SJIT OK
SJIL OK
SZLO OK
SJOT OK
SJIO OK
SJOL OK
SJTI OK
SJTO OK
SJOI OK
SJTZ OK
SJTL OK
SJIZ OK
SJOZ OK
SJZL OK
SJLI OK
SJLO OK
SJLT OK
SJLZ OK
SJZI OK
SJZO OK
SJZT OK
SLIJ OK
SLIT OK
SLOT OK
SLIO OK
SLOJ OK
SLTI OK
SLOI OK
SLIZ OK
SLTJ OK
SLTO OK
SLOZ OK
SLTZ OK
SLZJ OK
SLJI OK
SLJO OK
SLJT OK
SLJZ OK
ZIOT OK
SLZT OK
SLZO OK
SLZI OK
ZITO OK
ZIOJ OK
ZITJ OK
ZITL OK
ZIOS OK
ZIOL OK
ZITS OK
ZIST OK
ZISO OK
ZISJ OK
ZIJO OK
ZIJL OK
ZIJT OK
ZILT OK
ZISL OK
ZILJ OK
ZILO OK
ZOIT OK
ZIJS OK
ZOIS OK
ZOIL OK
ZOIJ OK
ZOTJ OK
ZOTI OK
ZILS OK
ZOTS OK
ZOTL OK
ZOSI OK
ZOST OK
ZOSJ OK
ZOSL OK
ZOJL OK
ZOJI OK
ZOJT OK
ZOJS OK
ZOLJ OK
ZOLI OK
ZOLT OK
ZTIJ OK
ZTIL OK
ZTIO OK
ZOLS OK
ZTOJ OK
ZTIS OK
ZTOL OK
ZTOI OK
ZTSJ OK
ZTSL OK
ZTJI OK
ZTSI OK
ZTJO OK
ZTJS OK
ZTJL OK
ZTOS OK
ZTLI OK
ZTLJ OK
ZTLO OK
ZTLS OK
ZTSO OK
ZSIT OK
ZSIO OK
ZSIJ OK
ZSOI OK
ZSOT OK
ZSOJ OK
ZSTI OK
ZSOL OK
ZSTJ OK
ZSIL OK
ZSTO OK
ZSTL OK
ZSJO OK
ZSJI OK
ZSJL OK
ZSJT OK
ZSLJ OK
ZSLO OK
ZSLT OK
ZJIT OK
ZJIL OK
ZJIO OK
ZSLI OK
ZJIS OK
ZJOI OK
ZJOL OK
ZJTI OK
ZJTO OK
ZJTS OK
ZJTL OK
ZJOT OK
ZJOS OK
ZJSL OK
ZJLI OK
ZJLO OK
ZJLT OK
ZJLS OK
ZJSO OK
ZJST OK
ZJSI OK
ZLIJ OK
ZLIT OK
ZLIO OK
ZLOI OK
ZLOT OK
ZLOJ OK
ZLTI OK
ZLTO OK
ZLTJ OK
ZLTS OK
ZLOS OK
ZLIS OK
ZLSJ OK
ZLJI OK
ZLJO OK
ZLSO OK
ZLJT OK
ZLJS OK
ZLST OK
JIOT OK
JIOL OK
JITO OK
JITS OK
JITZ OK
JITL OK
ZLSI OK
JIOS OK
JIOZ OK
JISL OK
JIST OK
JISO OK
JIZT OK
JIZL OK
JIZO OK
JILO OK
JILT OK
JILS OK
JILZ OK
JOIT OK
JISZ OK
JOIL OK
JOIS OK
JOTI OK
JOTS OK
JOTL OK
JOTZ OK
JIZS OK
JOIZ OK
JOSL OK
JOST OK
JOSI OK
JOZI OK
JOZL OK
JOLI OK
JOLT OK
JOSZ OK
JOLS OK
JOLZ OK
JOZT OK
JTIO OK
JTIS OK
JTIZ OK
JTIL OK
JTOI OK
JTOL OK
JTOS OK
JTSI OK
JTOZ OK
JTSL OK
JTZI OK
JTSO OK
JTSZ OK
JTZL OK
JTLI OK
JTZO OK
JTLO OK
JTLS OK
JTLZ OK
JTZS OK
JOZS OK
JSIL OK
JSIT OK
JSIO OK
JSOT OK
JSOI OK
JSOL OK
JSTI OK
JSTO OK
JSTZ OK
JSTL OK
JSIZ OK
JSOZ OK
JSZL OK
JSLI OK
JSLO OK
JSLT OK
JSLZ OK
JZIO OK
JSZI OK
JSZT OK
JZIL OK
JZIT OK
JZOI OK
JZOT OK
JZOL OK
JSZO CAP
JZTI OK
JZTO OK
JZTL OK
JZIS OK
JZTS OK
JZOS OK
JZSL OK
JZLI OK
JZLO OK
JZLT OK
JZLS OK
JLIO OK
JZSI OK
JLIT OK
JLIS OK
JLIZ OK
JLOI OK
JLOT OK
JLOS OK
JLOZ OK
JLTI OK
JLTO OK
JZST OK
JLTS OK
JLTZ OK
JLSI OK
JLST OK
JLSO OK
JZSO OK
JLZI OK
JLZT OK
JLZO OK
JLZS OK
JLSZ OK
LIOJ OK
LITO OK
LITS OK
LITZ OK
LITJ OK
LIOT OK
LIST OK
LIOS OK
LIOZ OK
LISJ OK
LISO OK
LIZT OK
LIZJ OK
LIJO OK
LIJT OK
LIJS OK
LIJZ OK
LOIT OK
LISZ OK
LIZO OK
LOIJ OK
LOTI OK
LOTS OK
LOIS OK
LOTJ OK
LOTZ OK
LOIZ OK
LOST OK
LIZS CAP
LOSJ OK
LOSI OK
LOZT OK
LOZJ OK
LOJI OK
LOJT OK
LOJS OK
LOZI OK
LOJZ OK
LTIO OK
LTIS OK
LTIZ OK
LTIJ OK
LTOI OK
LTOS OK
LTOZ OK
LTOJ OK
LTSI OK
LTSO OK
LTSJ OK
LTZI OK
LTZO OK
LTSZ OK
LTZJ OK
LTJI OK
LTJO OK
LTJS OK
LTZS OK
LTJZ OK
LOZS OK
LOSZ CAP
LSIJ OK
LSIT OK
LSOT OK
LSIO OK
LSOJ OK
LSTI OK
LSOI OK
LSIZ OK
LSTJ OK
LSTO OK
LSTZ OK
LSZT OK
LSZJ OK
LSJI OK
LSJO OK
LSOZ CAP
LSZI OK
LSJT OK
LSJZ OK
LZIT OK
LZIJ OK
LZIO OK
LSZO CAP
LZOI OK
LZOJ OK
LZTI OK
LZOT OK
LZIS OK
LZTJ OK
LZTO OK
LZTS OK
LZOS OK
LZSJ OK
LZJI OK
LZJO OK
LZJT OK
LZJS OK
LJIO OK
LJIT OK
LJIS OK
LJIZ OK
LJOI OK
LJOT OK
LJOS OK
LJOZ OK
LJTI OK
LZST OK
LJTO OK
LJTS OK
LJTZ OK
LJSI OK
LJST OK
LJSO OK
LZSO OK
LZSI OK
LJZI OK
LJZT OK
LJZO OK
LJSZ OK
LJZS OK
