IOTJ OK
IOTL OK
IOST OK
IOSZ OK
IOTZ OK
IOTS OK
IOSJ OK
IOSL OK
IOZT OK
IOJT OK
IOZJ OK
IOZS OK
IOJL OK
IOZL OK
IOJS OK
IOJZ OK
IOLT OK
IOLJ OK
IOLS OK
ITOJ OK
ITOL OK
ITOS OK
ITOZ OK
ITSJ OK
IOLZ OK
ITSL OK
ITSO OK
ITZJ OK
ITZL OK
ITJO OK
ITSZ OK
ITJS OK
ITJZ OK
ITJL OK
ITLO OK
ITLS OK
ITZO OK
ITLZ OK
ITZS OK
ITLJ OK
ISOT OK
ISOJ OK
ISOZ OK
ISTJ OK
ISTL OK
ISOL OK
ISTO OK
ISTZ OK
ISZT OK
ISZO OK
ISJT OK
ISJO OK
ISZJ OK
ISJL OK
ISZL OK
ISLT OK
ISLJ OK
ISLO OK
ISJZ OK
IZOT OK
IZOS OK
IZOJ OK
ISLZ OK
IZTO OK
IZOL OK
IZTJ OK
IZTL OK
IZTS OK
IZST OK
IZSJ OK
IZSO OK
IZJO OK
IZJL OK
IZJT OK
IZJS OK
IZLT OK
IZLJ OK
IZLO OK
IJOT OK
IZSL CAP
IJOL OK
IJTO OK
IJTS OK
IJTZ OK
IJTL OK
IJOS OK
IJOZ OK
IJSO OK
IJSL OK
IJST OK
IZLS CAP
IJSZ OK
IJZL OK
IJLO OK
IJZT OK
IJLT OK
IJLS OK
IJLZ OK
IJZO OK
ILOT OK
ILOJ OK
ILTO OK
ILTS OK
ILTZ OK
ILTJ OK
ILOS OK
ILOZ OK
IJZS OK
ILSJ OK
ILST OK
ILZT OK
ILSO OK
ILZJ OK
ILJO OK
ILJT OK
ILJS OK
ILJZ OK
ILZO OK
ILSZ OK
OITJ OK
OITL OK
OITS OK
OIST OK
OITZ OK
OISZ OK
OISJ OK
OISL OK
OIZT OK
ILZS OK
OIZJ OK
OIZS OK
OIZL OK
OIJL OK
OIJT OK
OIJS OK
OIJZ OK
OILT OK
OILJ OK
OILS OK
OTIJ OK
OTIL OK
OTIS OK
OTIZ OK
OTSJ OK
OTSL OK
OILZ OK
OTSI OK
OTZJ OK
OTZL OK
OTJI OK
OTJS OK
OTZI OK
OTJZ OK
OTJL OK
OTZS OK
OTLI OK
OTSZ OK
OTLJ OK
OTLS OK
OTLZ OK
OSIT OK
OSIZ OK
OSIJ OK
OSIL OK
OSTJ OK
OSTI OK
OSTZ OK
OSTL OK
OSZI OK
OSZT OK
OSJI OK
OSJT OK
OSZJ OK
OSZL OK
OSJL OK
OSLI OK
OSLT OK
OSLJ OK
OSJZ OK
OZIT OK
OZIS OK
OZIJ OK
OSLZ OK
OZTJ OK
OZIL OK
OZTI OK
OZTS OK
OZTL OK
OZSI OK
OZST OK
OZSJ OK
OZJT OK
OZJL OK
OZSL OK
OZJI OK
OZLT OK
OZLJ OK
OZJS OK
OZLI OK
OZLS OK
OJIL OK
OJIT OK
OJTI OK
OJTS OK
OJTL OK
OJTZ OK
OJIS OK
OJIZ OK
OJSI OK
OJST OK
OJSL OK
OJZT OK
OJZL OK
OJLI OK
OJLT OK
OJLS OK
OJZI OK
OJLZ OK
OLIT OK
OLIS OK
OLIJ OK
OJSZ OK
OLTI OK
OLTS OK
OLIZ OK
OLTZ OK
OLTJ OK
OJZS OK
OLSJ OK
OLSI OK
OLST OK
OLZI OK
OLZJ OK
OLZT OK
OLJI OK
OLJT OK
OLJS OK
OLJZ OK
OLSZ OK
TIOJ OK
TIOL OK
TIOS OK
TIOZ OK
TISJ OK
TISL OK
TISO OK
OLZS OK
TIZJ OK
TIZL OK
TIJO OK
TIJS OK
TIZO OK
TIJZ OK
TIJL OK
TIZS OK
TILO OK
TILS OK
TILJ OK
TILZ OK
TOIJ OK
TOIL OK
TISZ OK
TOSI OK
TOSJ OK
TOSL OK
TOIS OK
TOIZ OK
TOZJ OK
TOZL OK
TOJI OK
TOZI OK
TOJS OK
TOSZ OK
TOJZ OK
TOJL OK
TOLI OK
TOZS OK
TOLJ OK
TOLS OK
TOLZ OK
TSIJ OK
TSIL OK
TSIO OK
TSIZ OK
TSOJ OK
TSOI OK
TSOL OK
TSOZ OK
TSZJ OK
TSZL OK
TSJI OK
TSJO OK
TSJZ OK
TSJL OK
TSLI OK
TSLO OK
TSLZ OK
TSLJ OK
TSZI OK
TZIJ OK
TZIL OK
TZIO OK
TZIS OK
TZOJ OK
TZOL OK
TZOI OK
TSZO OK
TZSJ OK
TZSL OK
TZJI OK
TZJO OK
TZOS OK
TZJS OK
TZSI OK
TZJL OK
TZLI OK
TZLO OK
TZLS OK
TZLJ OK
TJIO OK
TJIS OK
TJIZ OK
TJIL OK
TJOI OK
TZSO OK
TJOS OK
TJOZ OK
TJOL OK
TJSI OK
TJSO OK
TJSL OK
TJSZ OK
TJZI OK
TJZO OK
TJZL OK
TJLI OK
TJZS OK
TJLS OK
TJLO OK
TLIO OK
TJLZ OK
TLIS OK
TLIZ OK
TLIJ OK
TLOI OK
TLOJ OK
TLSI OK
TLOS OK
TLOZ OK
TLSO OK
TLSZ OK
TLSJ OK
TLZI OK
TLZO OK
TLZS OK
TLJI OK
TLZJ OK
TLJO OK
TLJS OK
TLJZ OK
SIOT OK
SIOJ OK
SIOZ OK
SITO OK
SITJ OK
SITL OK
SIOL OK
SITZ OK
SIZT OK
SIZO OK
SIJO OK
SIJT OK
SIJL OK
SIZJ OK
SIZL OK
SILT OK
SILO OK
SILJ OK
SOIT OK
SOIZ OK
SIJZ OK
SOIJ OK
SOIL OK
SOTJ OK
SOTL OK
SOTI OK
SOTZ OK
SOZI OK
SOZT OK
SOJI OK
SOZJ OK
SOZL OK
SILZ OK
SOJL OK
SOJT OK
SOLI OK
SOLJ OK
SOLT OK
SOJZ OK
STIJ OK
STIL OK
STIO OK
STIZ OK
STOJ OK
STOL OK
STOI OK
STOZ OK
STZJ OK
STZL OK
STJI OK
STZI OK
STJO OK
SOLZ OK
STJZ OK
STJL OK
STLI OK
STLO OK
STLZ OK
STLJ OK
STZO OK
SZIT OK
SZIO OK
SZOT OK
SZOI OK
SZIJ OK
SZTI OK
SZIL OK
SZTJ OK
SZTL OK
SZOJ OK
SZOL OK
SZTO OK
SZJL OK
SZJI OK
SZJT OK
SZJO OK
SZLJ OK
SZLT OK
SZLI OK
SZLO OK
SJIL OK
SJIO OK
SJIT OK
SJOT OK
SJOL OK
SJTI OK
SJTO OK
SJTZ OK
SJTL OK
SJOI OK
SJIZ OK
SJOZ OK
SJZL OK
SJLI OK
SJLO OK
SJZI OK
SJLT OK
SJLZ OK
SJZT OK
SJZO OK
SLIJ OK
SLIT OK
SLIO OK
SLOT OK
SLOJ OK
SLOI OK
SLTI OK
SLTZ OK
SLTO OK
SLTJ OK
SLIZ OK
SLOZ OK
SLZJ OK
SLJI OK
SLJO OK
SLJT OK
SLJZ OK
SLZT OK
ZIOT OK
SLZO OK
SLZI OK
ZITO OK
ZIOJ OK
ZIOL OK
ZIOS OK
ZITJ OK
ZITL OK
ZITS OK
ZIST OK
ZISJ OK
ZISO OK
ZIJO OK
ZIJL OK
ZIJT OK
ZIJS OK
ZILO OK
ZILJ OK
ZILT OK
ZOIT OK
ZISL OK
ZOIS OK
ZOIJ OK
ZOIL OK
ZOTI OK
ZOTJ OK
ZOTL OK
ZOTS OK
ZILS OK
ZOSI OK
ZOST OK
ZOJT OK
ZOSJ OK
ZOSL OK
ZOJL OK
ZOJI OK
ZOLT OK
ZOLJ OK
ZOJS OK
ZOLI OK
ZTIJ OK
ZOLS OK
ZTIL OK
ZTIO OK
ZTOJ OK
ZTOL OK
ZTIS OK
ZTOI OK
ZTOS OK
ZTSJ OK
ZTSL OK
ZTJI OK
ZTJO OK
ZTJS OK
ZTSI OK
ZTJL OK
ZTLI OK
ZTLO OK
ZTSO OK
ZTLS OK
ZTLJ OK
ZSIT OK
ZSIO OK
ZSIJ OK
ZSOT OK
ZSOI OK
ZSTI OK
ZSOJ OK
ZSOL OK
ZSTJ OK
ZSIL OK
ZSTL OK
ZSTO OK
ZSJL OK
ZSJO OK
ZSJT OK
ZSJI OK
ZSLJ OK
ZSLO OK
ZSLT OK
ZJIO OK
ZSLI OK
ZJIL OK
ZJIT OK
ZJOT OK
ZJOL OK
ZJTI OK
ZJTO OK
ZJTS OK
ZJTL OK
ZJOI OK
ZJIS OK
ZJOS OK
ZJSL OK
ZJLI OK
ZJLO OK
ZJLT OK
ZJLS OK
ZJSO OK
ZJST OK
ZJSI OK
ZLIJ OK
ZLIO OK
ZLIT OK
ZLOI OK
ZLOJ OK
ZLOT OK
ZLTI OK
ZLTO OK
ZLTJ OK
ZLTS OK
ZLOS OK
ZLIS OK
ZLSJ OK
ZLSO OK
ZLJI OK
ZLJO OK
ZLJT OK
ZLJS OK
ZLST OK
JIOT OK
JIOL OK
JITO OK
JITS OK
JITZ OK
JITL OK
ZLSI OK
JIOS OK
JIOZ OK
JISL OK
JIST OK
JISO OK
JIZO OK
JIZL OK
JILO OK
JILT OK
JILS OK
JILZ OK
JIZT OK
JISZ OK
JOIT OK
JOIL OK
JOTI OK
JOTS OK
JOTZ OK
JOTL OK
JOIS OK
JOIZ OK
JOSI OK
JOSL OK
JOST OK
JIZS OK
JOZT OK
JOZL OK
JOLI OK
JOLT OK
JOLS OK
JOZI OK
JOLZ OK
JTIO OK
JTIS OK
JTIZ OK
JTIL OK
JTOI OK
JTOS OK
JTOZ OK
JTOL OK
JTSI OK
JTSZ OK
JTSO OK
JTZI OK
JTSL OK
JTZO OK
JOZS OK
JTZL OK
JTLI OK
JTLO OK
JTZS OK
JTLS OK
JOSZ OK
JTLZ OK
JSIL OK
JSIT OK
JSIO OK
JSOI OK
JSOL OK
JSTI OK
JSOT OK
JSTO OK
JSTL OK
JSTZ OK
JSIZ OK
JSOZ OK
JSZO OK
JSZL OK
JSZT OK
JSZI OK
JSLI OK
JSLO OK
JSLT OK
JSLZ OK
JZIL OK
JZIT OK
JZIO OK
JZOI OK
JZOL OK
JZTI OK
JZOT OK
JZIS OK
JZTL OK
JZTO OK
JZOS OK
JZTS OK
JZSL OK
JZLI OK
JZLO OK
JZLT OK
JZLS OK
JLIO OK
JLIT OK
JZSI OK
JLIS OK
JLOI OK
JLIZ OK
JZSO OK
JLOT OK
JLOS OK
JLTI OK
JLOZ OK
JLTO OK
JLTS OK
JLTZ OK
JLSI OK
JZST OK
JLST OK
JLSO OK
JLZI OK
JLZT OK
JLZO OK
JLZS OK
JLSZ OK
LIOJ OK
LITO OK
LITS OK
LITZ OK
LIOT OK
LITJ OK
LIOS OK
LIOZ OK
LIST OK
LISJ OK
LISO OK
LIZT OK
LIZJ OK
LIJO OK
LIJT OK
LIJS OK
LIJZ OK
LIZO OK
LOIT OK
LOIS OK
LOIJ OK
LOTI OK
LISZ OK
LOIZ OK
LOTJ OK
LOTS OK
LOTZ OK
LIZS OK
LOSJ OK
LOSI OK
LOST OK
LOZT OK
LOZI OK
LOJI OK
LOJT OK
LOJS OK
LOZJ OK
LTIO OK
LOJZ OK
LTIS OK
LTIZ OK
LTIJ OK
LTOI OK
LTOS OK
LTOJ OK
LTOZ OK
LTSI OK
LTSO OK
LOSZ OK
LTSJ OK
LTZI OK
LTZO OK
LTZJ OK
LTSZ OK
LTZS OK
LTJI OK
LTJO OK
LTJS OK
LTJZ OK
LOZS OK
LSIJ OK
LSIT OK
LSIO OK
LSOT OK
LSOJ OK
LSTI OK
LSOI OK
LSIZ OK
LSTJ OK
LSTO OK
LSTZ OK
LSOZ OK
LSZJ OK
LSJI OK
LSJO OK
LSJT OK
LSJZ OK
LSZT OK
LZIO OK
LSZO OK
LZIJ OK
LSZI OK
LZIT OK
LZOT OK
LZOJ OK
LZTI OK
LZOI OK
LZIS OK
LZTO OK
LZTJ OK
LZOS OK
LZTS OK
LZSJ OK
LZJI OK
LZJO OK
LZJT OK
LZJS OK
LJIO OK
LJIT OK
LJIS OK
LJIZ OK
LJOI OK
LJOT OK
LJOS OK
LZST OK
LJOZ OK
LJTI OK
LJTS OK
LJTO OK
LJTZ OK
LJSI OK
LJST OK
LJSO OK
LJZI OK
LJZO OK
LJZT OK
LJSZ OK
LJZS OK
LZSO OK
LZSI OK
