IOTL OK
IOTJ OK
IOTZ OK
IOTS OK
IOST OK
IOZT OK
IOSZ OK
IOSL OK
IOSJ OK
IOJT OK
IOZJ OK
IOZS OK
IOJL OK
IOLT OK
IOZL OK
IOJS OK
IOJZ OK
IOLJ OK
ITOS OK
ITOZ OK
ITOJ OK
ITOL OK
IOLS OK
ITSJ OK
ITSL OK
IOLZ OK
ITSO OK
ITZJ OK
ITZL OK
ITJO OK
ITSZ OK
ITJS OK
ITZO OK
ITJZ OK
ITJL OK
ITLO OK
ITLS OK
ITLZ OK
ITLJ OK
ISOT OK
ITZS OK
ISTO OK
ISOJ OK
ISOZ OK
ISTJ OK
ISTL OK
ISTZ OK
ISOL OK
ISZT OK
ISZJ OK
ISZO OK
ISJT OK
ISJL OK
ISJO OK
ISLT OK
ISZL OK
ISLJ OK
ISLO OK
IZOT OK
ISJZ OK
IZOS OK
IZOJ OK
IZOL OK
IZTO OK
IZTJ OK
IZTL OK
ISLZ OK
IZTS OK
IZST OK
IZSJ OK
IZSO OK
IZJO OK
IZJL OK
IZJT OK
IZJS OK
IZLT OK
IZLJ OK
IZLO OK
IJOT OK
IZSL CAP
IJOL OK
IJTO OK
IJTS OK
IJTZ OK
IJTL OK
IJOS OK
IJOZ OK
IJST OK
IJSL OK
IJSO OK
IZLS CAP
IJZT OK
IJZL OK
IJSZ OK
IJZO OK
IJLO OK
IJLT OK
IJLS OK
IJLZ OK
ILOT OK
ILOJ OK
ILTO OK
ILTS OK
ILTZ OK
ILTJ OK
ILOS OK
IJZS OK
ILOZ OK
ILSJ OK
ILST OK
ILZT OK
ILSO OK
ILZJ OK
ILJO OK
ILJT OK
ILJS OK
ILJZ OK
ILZO OK
ILSZ OK
OITS OK
OITJ OK
OITZ OK
OITL OK
OIST OK
OISJ OK
OISZ OK
OIZT OK
OISL OK
OIZJ OK
OIJT OK
OIZS OK
OIZL OK
ILZS CAP
OIJL OK
OILT OK
OIJS OK
OILJ OK
OIJZ OK
OTIS OK
OTIZ OK
OTIJ OK
OTIL OK
OILS OK
OTSJ OK
OTSL OK
OILZ OK
OTSI OK
OTZJ OK
OTZL OK
OTZI OK
OTJI OK
OTSZ OK
OTJS OK
OTJZ OK
OTLI OK
OTJL OK
OTZS OK
OTLJ OK
OTLS OK
OTLZ OK
OSIT OK
OSTI OK
OSIZ OK
OSIJ OK
OSTJ OK
OSIL OK
OSTZ OK
OSTL OK
OSZT OK
OSZI OK
OSZJ OK
OSZL OK
OSJL OK
OSJT OK
OSJI OK
OSLT OK
OSLJ OK
OSJZ OK
OZIT OK
OSLI OK
OZIS OK
OZIJ OK
OZIL OK
OZTJ OK
OZTI OK
OSLZ OK
OZTS OK
OZTL OK
OZSI OK
OZST OK
OZSJ OK
OZSL OK
OZJL OK
OZJI OK
OZJT OK
OZJS OK
OZLJ OK
OZLT OK
OZLI OK
OZLS OK
OJIL OK
OJTI OK
OJIT OK
OJTS OK
OJTZ OK
OJTL OK
OJIS OK
OJIZ OK
OJSL OK
OJST OK
OJSI OK
OJZI OK
OJZL OK
OJZT OK
OJLI OK
OJLT OK
OJLS OK
OJLZ OK
OLIT OK
OLIS OK
OLIJ OK
OLTI OK
OLIZ OK
OLTS OK
OLTJ OK
OLTZ OK
OJZS OK
OJSZ CAP
OLSJ OK
OLSI OK
OLST OK
OLZI OK
OLZT OK
OLJI OK
OLZJ OK
OLJT OK
OLJS OK
OLJZ OK
TIOS OK
TIOZ OK
TIOJ OK
TIOL OK
OLSZ OK
TISJ OK
TISL OK
TISO OK
TISZ OK
TIZJ OK
TIZL OK
OLZS OK
TIZO OK
TIJO OK
TIJS OK
TIJL OK
TIJZ OK
TILO OK
TILS OK
TILZ OK
TILJ OK
TIZS OK
TOIJ OK
TOIL OK
TOSI OK
TOSJ OK
TOSL OK
TOIS OK
TOIZ OK
TOZJ OK
TOZI OK
TOZL OK
TOJI OK
TOSZ OK
TOJS OK
TOJZ OK
TOJL OK
TOLI OK
TOLJ OK
TOLS OK
TOLZ OK
TSIJ OK
TSIL OK
TOZS OK
TSIO OK
TSIZ OK
TSOJ OK
TSOI OK
TSOL OK
TSZJ OK
TSZL OK
TSZI OK
TSJI OK
TSJO OK
TSJZ OK
TSJL OK
TSLI OK
TSOZ OK
TSLO OK
TSLJ OK
TSLZ OK
TZIJ OK
TZIL OK
TZIO OK
TZIS OK
TSZO OK
TZOJ OK
TZOL OK
TZOI OK
TZSJ OK
TZSL OK
TZJI OK
TZSI OK
TZJO OK
TZJS OK
TZJL OK
TZLI OK
TZLO OK
TZLS OK
TZLJ OK
TJIO OK
TJIS OK
TJIZ OK
TJIL OK
TJOI OK
TJOS OK
TJOZ OK
TJOL OK
TJSI OK
TZOS OK
TJSO OK
TJSL OK
TJSZ OK
TJZI OK
TJZO OK
TZSO OK
TJZS OK
TJZL OK
TJLI OK
TJLO OK
TJLS OK
TJLZ OK
TLIO OK
TLIS OK
TLIZ OK
TLIJ OK
TLOI OK
TLOJ OK
TLSI OK
TLOS OK
TLOZ OK
TLSJ OK
TLZI OK
TLSO OK
TLZO OK
TLZS OK
TLZJ OK
TLSZ OK
TLJI OK
TLJS OK
TLJO OK
TLJZ OK
SIOT OK
SITO OK
SIOJ OK
SIOZ OK
SITJ OK
SITL OK
SIOL OK
SITZ OK
SIZT OK
SIZO OK
SIZJ OK
SIJO OK
SIJL OK
SIJT OK
SIZL OK
SILT OK
SILO OK
SILJ OK
SIJZ OK
SOIT OK
SOIZ OK
SOIJ OK
SOIL OK
SOTI OK
SOTJ OK
SOTL OK
SOTZ OK
SOZT OK
SILZ OK
SOZI OK
SOZJ OK
SOJT OK
SOZL OK
SOJL OK
SOJI OK
SOLT OK
SOLJ OK
SOJZ OK
SOLI OK
STIJ OK
STIL OK
STIO OK
STIZ OK
STOJ OK
STOI OK
STOL OK
STOZ OK
STZJ OK
STZL OK
STJI OK
STZI OK
STJO OK
STJL OK
STJZ OK
SOLZ OK
STLI OK
STLJ OK
STLO OK
STLZ OK
STZO OK
SZIT OK
SZIO OK
SZIJ OK
SZOT OK
SZOI OK
SZTI OK
SZIL OK
SZOJ OK
SZTJ OK
SZTL OK
SZOL OK
SZTO OK
SZJL OK
SZJI OK
SZJT OK
SZJO OK
SZLJ OK
SZLT OK
SZLO OK
SZLI OK
SJIL OK
SJIO OK
SJIT OK
SJOT OK
SJOL OK
SJTI OK
SJTO OK
SJOI OK
SJTZ OK
SJTL OK
SJIZ OK
SJZO OK
SJZI OK
SJOZ OK
SJLI OK
SJZL OK
SJZT OK
SJLO OK
SJLT OK
SJLZ OK
SLIJ OK
SLIT OK
SLIO OK
SLOI OK
SLOJ OK
SLOT OK
SLTI OK
SLTO OK
SLTJ OK
SLTZ OK
SLIZ OK
SLZO OK
SLOZ OK
SLJI OK
SLZJ OK
SLJT OK
SLJO OK
SLJZ OK
SLZT OK
ZIOT OK
SLZI OK
ZITO OK
ZIOJ OK
ZITJ OK
ZIOS OK
ZIOL OK
ZITL OK
ZITS OK
ZIST OK
ZISO OK
ZISJ OK
ZIJO OK
ZIJL OK
ZIJT OK
ZIJS OK
ZILO OK
ZILJ OK
ZILT OK
ZOIT OK
ZISL OK
ZOIS OK
ZOIJ OK
ZOTI OK
ZOIL OK
ZOTJ OK
ZOTS OK
ZOTL OK
ZILS OK
ZOST OK
ZOSI OK
ZOSJ OK
ZOSL OK
ZOJT OK
ZOJL OK
ZOJI OK
ZOLT OK
ZOLJ OK
ZOJS OK
ZTIO OK
ZOLI OK
ZTIJ OK
ZOLS OK
ZTIL OK
ZTOJ OK
ZTIS OK
ZTOL OK
ZTOS OK
ZTOI OK
ZTSJ OK
ZTSL OK
ZTJI OK
ZTJO OK
ZTJS OK
ZTJL OK
ZTLI OK
ZTLO OK
ZTLS OK
ZTSI OK
ZTLJ OK
ZTSO OK
ZSIT OK
ZSIO OK
ZSOT OK
ZSIJ OK
ZSOI OK
ZSTI OK
ZSOJ OK
ZSTJ OK
ZSOL OK
ZSTL OK
ZSIL OK
ZSTO OK
ZSJL OK
ZSJO OK
ZSJI OK
ZSJT OK
ZSLJ OK
ZSLO OK
ZSLT OK
ZJIO OK
ZJIL OK
ZSLI OK
ZJIT OK
ZJOT OK
ZJOL OK
ZJTI OK
ZJTO OK
ZJTS OK
ZJTL OK
ZJIS OK
ZJOI OK
ZJOS OK
ZJSL OK
ZJLI OK
ZJLO OK
ZJLT OK
ZJLS OK
ZJSO OK
ZJSI OK
ZJST OK
ZLIJ OK
ZLIO OK
ZLOT OK
ZLIT OK
ZLOJ OK
ZLTI OK
ZLTO OK
ZLTS OK
ZLTJ OK
ZLOI OK
ZLOS OK
ZLSO OK
ZLSJ OK
ZLJI OK
ZLIS OK
ZLJO OK
ZLJT OK
ZLJS OK
ZLST OK
JIOT OK
JIOL OK
JITO OK
JITS OK
JITZ OK
ZLSI OK
JITL OK
JIOS OK
JIOZ OK
JISL OK
JIST OK
JISO OK
JIZO OK
JIZL OK
JILO OK
JILT OK
JILS OK
JIZT OK
JILZ OK
JISZ OK
JOIT OK
JOIL OK
JOTI OK
JOTS OK
JOTZ OK
JOTL OK
JOIS OK
JOIZ OK
JIZS OK
JOSL OK
JOSI OK
JOST OK
JOZI OK
JOZL OK
JOLI OK
JOLT OK
JOZT OK
JOLS OK
JOLZ OK
JTIO OK
JTIS OK
JTIZ OK
JTIL OK
JTOI OK
JTOS OK
JTOZ OK
JTOL OK
JTSI OK
JTSO OK
JTSZ OK
JTSL OK
JTZI OK
JTZO OK
JTZL OK
JTLI OK
JTLO OK
JTZS OK
JTLS OK
JTLZ OK
JOZS OK
JOSZ CAP
JSIL OK
JSIT OK
JSIO OK
JSOI OK
JSOL OK
JSTI OK
JSIZ OK
JSTO OK
JSTZ OK
JSTL OK
JSOT OK
JSZT OK
JSZO OK
JSZI OK
JSLI OK
JSZL OK
JSLT OK
JSLO OK
JSLZ OK
JSOZ OK
JZIL OK
JZIT OK
JZIO OK
JZOI OK
JZOL OK
JZTI OK
JZIS OK
JZOT OK
JZTL OK
JZTO OK
JZOS OK
JZTS OK
JZSL OK
JZLI OK
JZLO OK
JZLT OK
JZLS OK
JLIO OK
JZSI OK
JLIT OK
JLIS OK
JLIZ OK
JZST OK
JLOI OK
JLOT OK
JLOS OK
JLTI OK
JLOZ OK
JLTO OK
JLTS OK
JLTZ OK
JLSI OK
JLST OK
JLSO OK
JLZI OK
JZSO OK
JLZT OK
JLZO OK
JLSZ OK
JLZS OK
LIOJ OK
LITO OK
LITS OK
LITZ OK
LITJ OK
LIOT OK
LIST OK
LIOS OK
LIOZ OK
LISJ OK
LISO OK
LIZT OK
LIZJ OK
LIJO OK
LIJT OK
LIJS OK
LIJZ OK
LIZO OK
LOIT OK
LOIS OK
LOIJ OK
LOIZ OK
LISZ OK
LOTI OK
LOTJ OK
LOTS OK
LOTZ OK
LIZS CAP
LOSI OK
LOSJ OK
LOST OK
LOZT OK
LOZI OK
LOJI OK
LOJT OK
LOJS OK
LOZJ OK
LTIO OK
LOJZ OK
LTIS OK
LTIZ OK
LTIJ OK
LTOI OK
LTOS OK
LTOJ OK
LTOZ OK
LTSI OK
LOSZ OK
LTSO OK
LTSJ OK
LTZI OK
LTZO OK
LTZJ OK
LTJI OK
LTJO OK
LTZS OK
LTSZ OK
LTJS OK
LTJZ OK
LOZS OK
LSIJ OK
LSIT OK
LSIO OK
LSOI OK
LSOT OK
LSOJ OK
LSTI OK
LSIZ OK
LSTJ OK
LSTO OK
LSTZ OK
LSOZ CAP
LSZT OK
LSJI OK
LSZJ OK
LSJT OK
LSJO OK
LSJZ OK
LSZI OK
LZIT OK
LZIJ OK
LSZO CAP
LZIO OK
LZOT OK
LZOJ OK
LZOI OK
LZTI OK
LZIS OK
LZTJ OK
LZTO OK
LZOS OK
LZTS OK
LZSJ OK
LZJI OK
LZJO OK
LZJT OK
LZJS OK
LJIO OK
LJIT OK
LJIS OK
LJIZ OK
LJOI OK
LJOT OK
LJOS OK
LJOZ OK
LJTI OK
LJTO OK
LZST OK
LJTS OK
LJTZ OK
LJSI OK
LJST OK
LJSO OK
LJZI OK
LJZO OK
LJZT OK
LJSZ OK
LJZS OK
LZSI OK
LZSO OK
