IOTL OK
IOTJ OK
IOST OK
IOTS OK
IOTZ OK
IOSZ OK
IOSJ OK
IOZT OK
IOSL OK
IOJT OK
IOZJ OK
IOZL OK
IOJL OK
IOJS OK
IOJZ OK
IOLT OK
IOLJ OK
IOLS OK
IOLZ OK
ITOS OK
ITOL OK
ITOJ OK
IOZS CAP
ITSJ OK
ITSL OK
ITOZ OK
ITZO OK
ITZS OK
ITZJ OK
ITZL OK
ITSO OK
ITSZ OK
ITJO OK
ITJS OK
ITJZ OK
ITLO OK
ITJL OK
ITLS OK
ITLZ OK
ITLJ OK
ISOT OK
ISTO OK
ISOZ OK
ISOL OK
ISOJ OK
ISTJ OK
ISTL OK
ISTZ OK
ISZT OK
ISZO OK
ISJT OK
ISZJ OK
ISJL OK
ISJO OK
ISLT OK
ISZL OK
ISLJ OK
ISLO OK
IZOT OK
ISJZ OK
IZOJ OK
ISLZ OK
IZTO OK
IZTJ OK
IZTL OK
IZTS OK
IZOL OK
IZST OK
IZSJ OK
IZOS OK
IZJT OK
IZJO OK
IZJL OK
IZJS OK
IZLT OK
IZLO OK
IZLJ OK
IZSO CAP
IJOT OK
IZSL CAP
IJOL OK
IJTO OK
IJTS OK
IJTZ OK
IJTL OK
IJOS OK
IJOZ OK
IJST OK
IJSL OK
IJSO OK
IJZT OK
IZLS CAP
IJZL OK
IJLO OK
IJLT OK
IJLS OK
IJZO OK
IJLZ OK
IJSZ OK
ILOT OK
ILOJ OK
ILTO OK
ILTS OK
ILTZ OK
IJZS OK
ILTJ OK
ILOS OK
ILOZ OK
ILSJ OK
ILST OK
ILSO OK
ILZT OK
ILZJ OK
ILJO OK
ILJT OK
ILJS OK
ILJZ OK
ILZO OK
OITS OK
OITJ OK
OITZ OK
OITL OK
OIST OK
OISZ OK
OISJ OK
ILSZ OK
OISL OK
OIZT OK
ILZS OK
OIZJ OK
OIJT OK
OIJS OK
OIJL OK
OIZL OK
OIJZ OK
OILT OK
OILJ OK
OTIS OK
OIZS OK
OTIZ OK
OTIL OK
OTIJ OK
OILS OK
OTSJ OK
OTSI OK
OTSL OK
OILZ OK
OTZJ OK
OTZL OK
OTSZ OK
OTJI OK
OTJS OK
OTJZ OK
OTLI OK
OTJL OK
OTZI OK
OTLZ OK
OTLS OK
OTLJ OK
OTZS OK
OSIT OK
OSIZ OK
OSIJ OK
OSIL OK
OSTJ OK
OSTI OK
OSZI OK
OSTZ OK
OSTL OK
OSZT OK
OSZJ OK
OSJI OK
OSJL OK
OSZL OK
OSJT OK
OSLI OK
OSLJ OK
OSJZ OK
OSLT OK
OSLZ OK
OZIT OK
OZTI OK
OZIS OK
OZIJ OK
OZTJ OK
OZIL OK
OZSI OK
OZTS OK
OZTL OK
OZST OK
OZSJ OK
OZJT OK
OZSL OK
OZJL OK
OZJI OK
OZJS OK
OZLI OK
OZLT OK
OZLJ OK
OZLS OK
OJIL OK
OJTI OK
OJIT OK
OJTS OK
OJTZ OK
OJTL OK
OJIS OK
OJIZ OK
OJSL OK
OJSI OK
OJST OK
OJZT OK
OJZL OK
OJLI OK
OJLT OK
OJSZ OK
OJLS OK
OJLZ OK
OJZI OK
OLIT OK
OLIJ OK
OLTI OK
OLTS OK
OLTZ OK
OLTJ OK
OLIZ OK
OLIS OK
OLSI OK
OLSJ OK
OLST OK
OLSZ OK
OLZT OK
OJZS CAP
OLJI OK
OLZJ OK
OLJT OK
OLJS OK
OLJZ OK
OLZI OK
TIOJ OK
TIOL OK
TIOS OK
TIOZ OK
TISJ OK
TISL OK
TISO OK
TIZO OK
TIZJ OK
TIZL OK
TIZS OK
TIJO OK
TIJS OK
TIJZ OK
TISZ OK
TIJL OK
TILO OK
TILS OK
TILZ OK
TILJ OK
TOIJ OK
TOIL OK
TOIS OK
TOIZ OK
TOSI OK
TOSJ OK
TOSL OK
OLZS CAP
TOZJ OK
TOZL OK
TOJI OK
TOJS OK
TOSZ OK
TOJZ OK
TOLI OK
TOJL OK
TOZI OK
TOLJ OK
TOZS OK
TOLS OK
TOLZ OK
TSIJ OK
TSIL OK
TSIO OK
TSIZ OK
TSOJ OK
TSOL OK
TSOZ OK
TSOI OK
TSZJ OK
TSJI OK
TSZL OK
TSJO OK
TSJZ OK
TSJL OK
TSLI OK
TSLO OK
TSLJ OK
TSLZ OK
TSZI OK
TZIJ OK
TZIL OK
TSZO OK
TZIO OK
TZIS OK
TZOI OK
TZOJ OK
TZOL OK
TZSJ OK
TZSL OK
TZJI OK
TZSI OK
TZOS OK
TZJO OK
TZLI OK
TZJL OK
TZJS OK
TZLO OK
TZLJ OK
TZLS OK
TJIO OK
TJIZ OK
TJIL OK
TJIS OK
TJOI OK
TJOS OK
TJOZ OK
TJOL OK
TJSI OK
TZSO OK
TJSL OK
TJSZ OK
TJZI OK
TJSO OK
TJLI OK
TJZL OK
TJZO OK
TJLO OK
TJLZ OK
TJLS OK
TLIO OK
TLIS OK
TLIZ OK
TLIJ OK
TLOI OK
TLOJ OK
TLOS OK
TLOZ OK
TLSI OK
TLSJ OK
TJZS OK
TLZI OK
TLSO OK
TLZJ OK
TLSZ OK
TLJI OK
TLZO OK
TLJO OK
TLJS OK
TLZS OK
TLJZ OK
SIOT OK
SIOJ OK
SIOL OK
SITO OK
SITL OK
SITJ OK
SIOZ OK
SITZ OK
SIZT OK
SIZO OK
SIJO OK
SIJT OK
SIJL OK
SIZJ OK
SILT OK
SIZL OK
SILJ OK
SILO OK
SOIZ OK
SOIT OK
SOIJ OK
SOIL OK
SIJZ OK
SOTJ OK
SOTI OK
SOTZ OK
SOZI OK
SOTL OK
SILZ OK
SOZT OK
SOJI OK
SOZJ OK
SOZL OK
SOJL OK
SOJT OK
SOLI OK
SOLJ OK
SOJZ OK
SOLT OK
SOLZ OK
STIJ OK
STIL OK
STIZ OK
STIO OK
STOJ OK
STOL OK
STOZ OK
STOI OK
STZJ OK
STJI OK
STZL OK
STJO OK
STJZ OK
STZI OK
STJL OK
STLI OK
STZO OK
STLZ OK
STLJ OK
STLO OK
SZIT OK
SZIO OK
SZOI OK
SZOT OK
SZIJ OK
SZIL OK
SZTI OK
SZOJ OK
SZTJ OK
SZOL OK
SZTO OK
SZTL OK
SZJL OK
SZJT OK
SZJI OK
SZJO OK
SZLJ OK
SZLT OK
SJIT OK
SZLI OK
SJIL OK
SZLO OK
SJIO OK
SJOT OK
SJOL OK
SJTI OK
SJTO OK
SJOI OK
SJTZ OK
SJTL OK
SJOZ OK
SJIZ OK
SJZL OK
SJLI OK
SJLO OK
SJLT OK
SJLZ OK
SJZT OK
SJZO OK
SJZI OK
SLIJ OK
SLIT OK
SLIO OK
SLOT OK
SLOI OK
SLTI OK
SLOJ OK
SLTO OK
SLTZ OK
SLTJ OK
SLOZ OK
SLIZ OK
SLZJ OK
SLJI OK
SLJO OK
SLJT OK
SLJZ OK
SLZT OK
ZIOT OK
SLZI OK
SLZO OK
ZITO OK
ZIOJ OK
ZITJ OK
ZITL OK
ZIOL OK
ZITS OK
ZIOS OK
ZIST OK
ZISJ OK
ZIJO OK
ZIJT OK
ZIJL OK
ZIJS OK
ZILO OK
ZILT OK
ZILJ OK
ZOIT OK
ZOIS OK
ZISL OK
ZISO CAP
ZILS OK
ZOIJ OK
ZOTI OK
ZOTJ OK
ZOIL OK
ZOSI OK
ZOTS OK
ZOTL OK
ZOST OK
ZOJT OK
ZOSJ OK
ZOJL OK
ZOSL OK
ZOJI OK
ZOJS OK
ZOLJ OK
ZOLI OK
ZOLT OK
ZTIJ OK
ZTIL OK
ZOLS OK
ZTIO OK
ZTIS OK
ZTOJ OK
ZTOL OK
ZTOI OK
ZTSJ OK
ZTSL OK
ZTJI OK
ZTSI OK
ZTJO OK
ZTOS OK
ZTJL OK
ZTJS OK
ZTLI OK
ZTLO OK
ZTLJ OK
ZTLS OK
ZTSO OK
ZSIT OK
ZSIO OK
ZSOI OK
ZSIJ OK
ZSOT OK
ZSOL OK
ZSOJ OK
ZSTI OK
ZSTJ OK
ZSIL OK
ZSTO OK
ZSTL OK
ZSJL OK
ZSJO OK
ZSJI OK
ZSJT OK
ZSLJ OK
ZSLO OK
ZSLT OK
ZJIT OK
ZJIL OK
ZJIO OK
ZSLI OK
ZJOT OK
ZJOL OK
ZJTI OK
ZJOI OK
ZJIS OK
ZJTO OK
ZJTS OK
ZJTL OK
ZJOS OK
ZJSL OK
ZJLI OK
ZJLO OK
ZJLT OK
ZJLS OK
ZJSO OK
ZJST OK
ZJSI OK
ZLIJ OK
ZLIT OK
ZLIO OK
ZLOI OK
ZLOJ OK
ZLOT OK
ZLTI OK
ZLTO OK
ZLTJ OK
ZLTS OK
ZLOS OK
ZLIS OK
ZLSJ OK
ZLJI OK
ZLJO OK
ZLSO OK
ZLJT OK
ZLJS OK
ZLST OK
JIOT OK
JIOL OK
JITO OK
JITS OK
JITZ OK
ZLSI OK
JITL OK
JIOS OK
JIOZ OK
JISL OK
JIST OK
JISO OK
JIZO OK
JIZT OK
JIZL OK
JILO OK
JILT OK
JILS OK
JILZ OK
JOIT OK
JISZ OK
JOIL OK
JOIS OK
JOTI OK
JOTS OK
JOTZ OK
JOTL OK
JIZS OK
JOIZ OK
JOSL OK
JOST OK
JOSI OK
JOZT OK
JOSZ OK
JOZL OK
JOLI OK
JOLT OK
JOLS OK
JOLZ OK
JTIO OK
JTIS OK
JTIZ OK
JTIL OK
JTOI OK
JOZI OK
JTOS OK
JTOL OK
JTOZ OK
JTSI OK
JTSL OK
JTSO OK
JTSZ OK
JTZI OK
JTZL OK
JTZO OK
JTLI OK
JTLS OK
JTLO OK
JTLZ OK
JTZS OK
JSIT OK
JSIL OK
JSIO OK
JSOT OK
JSOI OK
JSOL OK
JSTI OK
JOZS CAP
JSTO OK
JSTZ OK
JSTL OK
JSIZ OK
JSOZ OK
JSZL OK
JSLI OK
JSLO OK
JSLT OK
JSLZ OK
JSZI OK
JSZO OK
JZIO OK
JZIL OK
JSZT OK
JZIT OK
JZOT OK
JZOL OK
JZTI OK
JZOI OK
JZTO OK
JZTL OK
JZTS OK
JZSI OK
JZIS CAP
JZSL OK
JZLI OK
JZLO OK
JZOS CAP
JZLT OK
JLIO OK
JZLS OK
JLIT OK
JLIS OK
JLIZ OK
JLOI OK
JLOT OK
JLOS OK
JLOZ OK
JLTI OK
JLTO OK
JLTS OK
JZST OK
JLTZ OK
JLSI OK
JLST OK
JLSO OK
JLZI OK
JLZT OK
JLZO OK
JLZS OK
LIOT OK
JLSZ OK
LIOJ OK
LIOS OK
LITO OK
JZSO CAP
LITS OK
LITZ OK
LITJ OK
LIOZ OK
LISJ OK
LIST OK
LISO OK
LIZT OK
LIZJ OK
LIJO OK
LIJT OK
LIZO OK
LIJS OK
LIJZ OK
LOIT OK
LISZ OK
LOIJ OK
LOTI OK
LOTS OK
LOIS OK
LOTZ OK
LOTJ OK
LIZS OK
LOIZ OK
LOSI OK
LOSJ OK
LOST OK
LOSZ OK
LOZT OK
LOJI OK
LOZJ OK
LOJT OK
LOJS OK
LOJZ OK
LTIO OK
LTIS OK
LTIZ OK
LTIJ OK
LTOI OK
LTOS OK
LTOZ OK
LOZI OK
LTOJ OK
LTSI OK
LTSJ OK
LTSO OK
LTZI OK
LTZO OK
LTZJ OK
LTJI OK
LTZS OK
LTJO OK
LTSZ OK
LTJS OK
LTJZ OK
LSIT OK
LSIJ OK
LSIO OK
LOZS CAP
LSOI OK
LSOJ OK
LSOT OK
LSTI OK
LSIZ OK
LSTJ OK
LSTO OK
LSOZ OK
LSTZ OK
LSZJ OK
LSJI OK
LSJO OK
LSJT OK
LSJZ OK
LSZT OK
LSZI OK
LZIT OK
LSZO OK
LZIJ OK
LZOT OK
LZIO OK
LZOJ OK
LZTI OK
LZOI OK
LZIS OK
LZTJ OK
LZTO OK
LZTS OK
LZST OK
LZSJ OK
LZJI OK
LZSI OK
LZOS CAP
LZJO OK
LZJT OK
LZJS OK
LJIO OK
LJIT OK
LJIS OK
LJIZ OK
LJOI OK
LJOT OK
LJTI OK
LJOS OK
LJOZ OK
LJTO OK
LJTS OK
LJTZ OK
LJSI OK
LJST OK
LJSO OK
LJZI OK
LJZT OK
LJZO OK
LJZS OK
LZSO CAP
LJSZ OK
