IOTL OK
IOTJ OK
IOTS OK
IOTZ OK
IOST OK
IOSZ OK
IOZT OK
IOSJ OK
IOSL OK
IOJT OK
IOZJ OK
IOZS OK
IOJL OK
IOZL OK
IOLT OK
IOJS OK
IOLJ OK
IOJZ OK
ITOS OK
ITOJ OK
ITOL OK
ITOZ OK
IOLS OK
ITSJ OK
ITSL OK
ITSO OK
IOLZ OK
ITZJ OK
ITZL OK
ITSZ OK
ITJO OK
ITZO OK
ITJS OK
ITJZ OK
ITJL OK
ITLO OK
ITLS OK
ITLZ OK
ITLJ OK
ITZS OK
ISOT OK
ISOZ OK
ISOJ OK
ISTJ OK
ISOL OK
ISTL OK
ISTO OK
ISZO OK
ISTZ OK
ISZT OK
ISJO OK
ISJT OK
ISJL OK
ISLO OK
ISZJ OK
ISLT OK
ISLJ OK
ISZL OK
IZOT OK
ISJZ OK
IZOS OK
IZOJ OK
IZOL OK
IZTO OK
IZTJ OK
IZTL OK
IZTS OK
ISLZ OK
IZST OK
IZSO OK
IZSJ OK
IZJT OK
IZJO OK
IZJL OK
IZLT OK
IZSL OK
IZJS OK
IZLO OK
IZLJ OK
IJOT OK
IJOL OK
IJTO OK
IJTS OK
IJTZ OK
IJTL OK
IJOS OK
IJOZ OK
IZLS OK
IJSL OK
IJST OK
IJSO OK
IJZT OK
IJZL OK
IJLO OK
IJLT OK
IJLS OK
IJZO OK
IJLZ OK
IJSZ OK
ILOT OK
ILOJ OK
ILTO OK
ILTS OK
ILTZ OK
ILTJ OK
IJZS OK
ILOS OK
ILOZ OK
ILSJ OK
ILST OK
ILZT OK
ILSO OK
ILZJ OK
ILJO OK
ILJT OK
ILJS OK
ILJZ OK
ILZO OK
OITS OK
OITJ OK
ILSZ OK
OITL OK
OITZ OK
OIST OK
OISZ OK
OISJ OK
OISL OK
ILZS OK
OIZT OK
OIJT OK
OIZJ OK
OIZS OK
OIJL OK
OIZL OK
OIJS OK
OILT OK
OILJ OK
OIJZ OK
OTIS OK
OTIJ OK
OTIZ OK
OTIL OK
OILS OK
OILZ OK
OTSJ OK
OTSI OK
OTSL OK
OTZJ OK
OTSZ OK
OTJI OK
OTZL OK
OTZI OK
OTJS OK
OTZS OK
OTJL OK
OTLI OK
OTJZ OK
OTLJ OK
OTLS OK
OTLZ OK
OSIT OK
OSIZ OK
OSIJ OK
OSIL OK
OSTJ OK
OSTI OK
OSTZ OK
OSTL OK
OSZT OK
OSZI OK
OSJT OK
OSJI OK
OSJL OK
OSLI OK
OSLT OK
OSZJ OK
OSZL OK
OSJZ OK
OSLJ OK
OZIT OK
OZIJ OK
OZIS OK
OZIL OK
OZTJ OK
OZTI OK
OZTS OK
OZSI OK
OZTL OK
OSLZ OK
OZST OK
OZSJ OK
OZJI OK
OZJL OK
OZSL OK
OZJT OK
OZLI OK
OZJS OK
OZLJ OK
OZLT OK
OJIT OK
OZLS OK
OJIL OK
OJTI OK
OJTS OK
OJTL OK
OJTZ OK
OJIS OK
OJIZ OK
OJSL OK
OJST OK
OJSI OK
OJZT OK
OJZL OK
OJZI OK
OJLI OK
OJLT OK
OJLS OK
OJLZ OK
OLIT OK
OLIS OK
OLIJ OK
OLTI OK
OLIZ OK
OLTS OK
OLTJ OK
OJZS OK
OLTZ OK
OLSI OK
OLSJ OK
OLST OK
OJSZ CAP
OLZI OK
OLZT OK
OLJI OK
OLJT OK
OLZJ OK
OLJS OK
OLJZ OK
TIOS OK
TIOJ OK
TIOZ OK
TIOL OK
TISO OK
TISJ OK
TISL OK
OLZS OK
TISZ OK
TIZJ OK
TIZL OK
TIJO OK
TIZO OK
TIJS OK
TIJZ OK
TIJL OK
OLSZ CAP
TILO OK
TIZS OK
TILS OK
TILZ OK
TILJ OK
TOIL OK
TOIJ OK
TOSI OK
TOSJ OK
TOIS OK
TOIZ OK
TOSL OK
TOSZ OK
TOZJ OK
TOZL OK
TOJI OK
TOZI OK
TOJS OK
TOJZ OK
TOJL OK
TOLI OK
TOLJ OK
TOZS OK
TOLS OK
TOLZ OK
TSIJ OK
TSIL OK
TSIO OK
TSOJ OK
TSIZ OK
TSOI OK
TSOZ OK
TSOL OK
TSZJ OK
TSZL OK
TSJI OK
TSZI OK
TSJO OK
TSJZ OK
TSJL OK
TSLI OK
TSLJ OK
TSLO OK
TZIO OK
TZIJ OK
TZIL OK
TZIS OK
TSZO OK
TZOJ OK
TZOL OK
TZOI OK
TZSI OK
TZSJ OK
TSLZ OK
TZSL OK
TZJI OK
TZJO OK
TZJS OK
TZJL OK
TZLI OK
TZLO OK
TZLS OK
TZOS OK
TZLJ OK
TJIO OK
TJIS OK
TJIZ OK
TJIL OK
TJOI OK
TJOS OK
TJOL OK
TJOZ OK
TJSI OK
TJSL OK
TJSO OK
TJSZ OK
TJZI OK
TZSO OK
TJZO OK
TJZS OK
TJZL OK
TJLI OK
TJLO OK
TJLS OK
TLIO OK
TJLZ OK
TLIS OK
TLIZ OK
TLIJ OK
TLOI OK
TLOJ OK
TLSI OK
TLOS OK
TLOZ OK
TLSJ OK
TLZI OK
TLSO OK
TLZO OK
TLZJ OK
TLZS OK
TLJI OK
TLJO OK
TLJS OK
TLJZ OK
SIOT OK
SIOZ OK
TLSZ OK
SIOJ OK
SITJ OK
SITL OK
SITO OK
SIOL OK
SITZ OK
SIZO OK
SIZT OK
SIJO OK
SIJT OK
SIJL OK
SILO OK
SIZJ OK
SILT OK
SILJ OK
SIZL OK
SOIT OK
SOIZ OK
SIJZ OK
SOIJ OK
SOIL OK
SOTI OK
SOTJ OK
SOTZ OK
SOTL OK
SOZI OK
SOZT OK
SILZ OK
SOJI OK
SOJT OK
SOJL OK
SOLI OK
SOZJ OK
SOZL OK
SOJZ OK
SOLT OK
SOLJ OK
STIJ OK
STIL OK
STIO OK
STIZ OK
STOI OK
STOJ OK
STOZ OK
STOL OK
STZJ OK
STZI OK
STJI OK
STZL OK
SOLZ OK
STJO OK
STJL OK
STJZ OK
STLI OK
STLJ OK
STZO OK
SZIO OK
SZIT OK
STLO OK
STLZ OK
SZOI OK
SZOT OK
SZIJ OK
SZIL OK
SZTI OK
SZTJ OK
SZOJ OK
SZOL OK
SZTO OK
SZTL OK
SZJL OK
SZJT OK
SZJI OK
SZJO OK
SZLT OK
SZLJ OK
SZLI OK
SZLO OK
SJIO OK
SJIL OK
SJIT OK
SJOT OK
SJOI OK
SJOL OK
SJTI OK
SJTO OK
SJTZ OK
SJTL OK
SJIZ OK
SJZI OK
SJZL OK
SJLI OK
SJOZ OK
SJZT OK
SJLO OK
SJLT OK
SJLZ OK
SJZO OK
SLIJ OK
SLIO OK
SLOT OK
SLIT OK
SLOI OK
SLOJ OK
SLTI OK
SLTO OK
SLTJ OK
SLTZ OK
SLIZ OK
SLOZ OK
SLZJ OK
SLJI OK
SLJO OK
SLJT OK
SLZT OK
SLJZ OK
ZIOT OK
SLZI OK
SLZO OK
ZITO OK
ZIOS OK
ZITJ OK
ZIOJ OK
ZITL OK
ZIOL OK
ZITS OK
ZIST OK
ZISO OK
ZISJ OK
ZIJO OK
ZIJL OK
ZIJT OK
ZILT OK
ZISL OK
ZILJ OK
ZILO OK
ZIJS OK
ZOIT OK
ZOIS OK
ZOIJ OK
ZOIL OK
ZOTJ OK
ZOTL OK
ZOTI OK
ZOSI OK
ZOTS OK
ZOST OK
ZILS OK
ZOSJ OK
ZOJI OK
ZOSL OK
ZOJL OK
ZOJT OK
ZOLI OK
ZOLJ OK
ZOJS OK
ZOLT OK
ZTIJ OK
ZTIL OK
ZTIO OK
ZOLS OK
ZTIS OK
ZTOJ OK
ZTOL OK
ZTOI OK
ZTSJ OK
ZTSL OK
ZTJI OK
ZTJO OK
ZTSI OK
ZTJS OK
ZTJL OK
ZTLI OK
ZTOS OK
ZTLO OK
ZTLS OK
ZTLJ OK
ZTSO OK
ZSIO OK
ZSIT OK
ZSOI OK
ZSIJ OK
ZSOT OK
ZSTI OK
ZSOJ OK
ZSTJ OK
ZSOL OK
ZSTL OK
ZSIL OK
ZSTO OK
ZSJL OK
ZSJO OK
ZSJI OK
ZSJT OK
ZSLJ OK
ZSLO OK
ZSLT OK
ZJIO OK
ZJIL OK
ZSLI OK
ZJIT OK
ZJIS OK
ZJOL OK
ZJOT OK
ZJTI OK
ZJOI OK
ZJTO OK
ZJTS OK
ZJTL OK
ZJOS OK
ZJSL OK
ZJLI OK
ZJLO OK
ZJLT OK
ZJLS OK
ZJSO OK
ZJST OK
ZJSI OK
ZLIJ OK
ZLIO OK
ZLIT OK
ZLOI OK
ZLOJ OK
ZLTI OK
ZLTO OK
ZLOT OK
ZLTS OK
ZLTJ OK
ZLOS OK
ZLIS OK
ZLSJ OK
ZLJI OK
ZLJO OK
ZLJT OK
ZLJS OK
ZLSO OK
ZLST OK
JIOT OK
JIOL OK
JITO OK
JITS OK
JITZ OK
JITL OK
ZLSI OK
JIOS OK
JIOZ OK
JISL OK
JIST OK
JISO OK
JIZT OK
JIZL OK
JILO OK
JILT OK
JILS OK
JILZ OK
JIZO OK
JISZ OK
JOIT OK
JOIL OK
JOTI OK
JOTS OK
JOTZ OK
JOTL OK
JOIS OK
JOIZ OK
JOSI OK
JOST OK
JOSL OK
JIZS OK
JOZT OK
JOZL OK
JOLI OK
JOLT OK
JOZI OK
JOLS OK
JOLZ OK
JTIO OK
JTIS OK
JTIZ OK
JTIL OK
JTOI OK
JTOS OK
JTOZ OK
JTOL OK
JTSI OK
JTSO OK
JTSZ OK
JTSL OK
JTZI OK
JOZS OK
JTZO OK
JTZL OK
JTLI OK
JTLO OK
JTLS OK
JTLZ OK
JTZS OK
JSIO OK
JSIL OK
JOSZ OK
JSIT OK
JSOI OK
JSOL OK
JSTI OK
JSOT OK
JSTO OK
JSTL OK
JSTZ OK
JSIZ OK
JSZO OK
JSZI OK
JSZL OK
JSLI OK
JSLO OK
JSLT OK
JSZT OK
JSLZ OK
JSOZ OK
JZIL OK
JZIT OK
JZIO OK
JZOI OK
JZOL OK
JZTI OK
JZIS OK
JZOT OK
JZTL OK
JZTO OK
JZOS OK
JZTS OK
JZSL OK
JZLI OK
JZLO OK
JZLT OK
JZLS OK
JLIO OK
JZSI OK
JLIT OK
JZSO OK
JLIS OK
JLIZ OK
JLOI OK
JLOT OK
JLOS OK
JLTI OK
JLOZ OK
JLTO OK
JZST OK
JLTS OK
JLTZ OK
JLSI OK
JLST OK
JLSO OK
JLZI OK
JLZO OK
JLZT OK
JLSZ OK
JLZS OK
LIOJ OK
LITO OK
LITS OK
LITZ OK
LITJ OK
LIOT OK
LIST OK
LIOS OK
LISJ OK
LIOZ OK
LISO OK
LIZT OK
LIZJ OK
LIJO OK
LIJT OK
LIJS OK
LIJZ OK
LOIT OK
LIZO OK
LOIS OK
LISZ OK
LOIJ OK
LOIZ OK
LOTI OK
LOTS OK
LOTJ OK
LOTZ OK
LIZS OK
LOSJ OK
LOSI OK
LOST OK
LOZI OK
LOZT OK
LOJI OK
LOZJ OK
LOJT OK
LOJS OK
LOJZ OK
LTIO OK
LTIS OK
LTIZ OK
LTIJ OK
LTOI OK
LTOS OK
LTOJ OK
LTOZ OK
LTSI OK
LTSO OK
LTSJ OK
LTZI OK
LTZO OK
LTSZ OK
LTZJ OK
LTJI OK
LTZS OK
LTJO OK
LTJS OK
LTJZ OK
LOZS OK
LOSZ CAP
LSIO OK
LSIJ OK
LSIT OK
LSOI OK
LSOT OK
LSOJ OK
LSTI OK
LSTO OK
LSTJ OK
LSTZ OK
LSIZ OK
LSZT OK
LSZJ OK
LSJI OK
LSJO OK
LSOZ CAP
LSJT OK
LSZI OK
LSJZ OK
LSZO OK
LZIJ OK
LZIT OK
LZIO OK
LZOI OK
LZOJ OK
LZOT OK
LZTI OK
LZIS OK
LZTJ OK
LZTO OK
LZTS OK
LZOS OK
LZSJ OK
LZJI OK
LZJO OK
LZJT OK
LZJS OK
LJIO OK
LJIT OK
LJIS OK
LJIZ OK
LJOI OK
LJOT OK
LJOS OK
LZST OK
LJOZ OK
LJTI OK
LJTO OK
LJTS OK
LJTZ OK
LJSI OK
LZSI OK
LJST OK
LJSO OK
LJZI OK
LJZO OK
LJZT OK
LJSZ OK
LJZS OK
LZSO OK
