IOTJ OK
IOTL OK
IOST OK
IOTZ OK
IOTS OK
IOSZ OK
IOSJ OK
IOSL OK
IOZT OK
IOZJ OK
IOZL OK
IOZS OK
IOJT OK
IOJL OK
IOJS OK
IOJZ OK
IOLT OK
IOLJ OK
IOLS OK
IOLZ OK
ITOJ OK
ITOL OK
ITOS OK
ITOZ OK
ITSJ OK
ITSL OK
ITSO OK
ITZO OK
ITZJ OK
ITZL OK
ITJO OK
ITJS OK
ITZS OK
ITJZ OK
ITJL OK
ITLO OK
ITLS OK
ITLZ OK
ITLJ OK
ITSZ OK
ISOT OK
ISOZ OK
ISOJ OK
ISOL OK
ISTJ OK
ISTL OK
ISTO OK
ISTZ OK
ISZT OK
ISZO OK
ISZJ OK
ISJO OK
ISJT OK
ISJL OK
ISJZ OK
ISZL OK
ISLO OK
ISLJ OK
ISLT OK
IZOT OK
IZOJ OK
IZOS OK
IZOL OK
IZTO OK
IZTJ OK
IZTL OK
IZTS OK
IZST OK
IZSO OK
ISLZ CAP
IZSJ OK
IZJT OK
IZJO OK
IZJL OK
IZJS OK
IZLO OK
IZLT OK
IZLJ OK
IJOT OK
IZSL CAP
IJOS OK
IJOL OK
IJTO OK
IJTS OK
IJTZ OK
IJTL OK
IJOZ OK
IJSO OK
IJST OK
IJSL OK
IZLS CAP
IJZT OK
IJZO OK
IJZL OK
IJLO OK
IJLT OK
IJLS OK
IJSZ OK
IJLZ OK
ILOT OK
ILOS OK
ILOJ OK
ILTO OK
ILTS OK
ILTZ OK
ILTJ OK
IJZS OK
ILOZ OK
ILSO OK
ILSJ OK
ILST OK
ILZT OK
ILZO OK
ILZJ OK
ILJO OK
ILJT OK
ILJS OK
ILJZ OK
ILSZ OK
OITS OK
OITJ OK
OITL OK
OIST OK
OITZ OK
OISZ OK
ILZS OK
OISJ OK
OISL OK
OIZT OK
OIZS OK
OIZJ OK
OIZL OK
OIJT OK
OIJL OK
OIJS OK
OIJZ OK
OILT OK
OILJ OK
OILS OK
OILZ OK
OTIJ OK
OTIL OK
OTIS OK
OTSI OK
OTSJ OK
OTIZ OK
OTSL OK
OTZI OK
OTZJ OK
OTSZ OK
OTZS OK
OTJI OK
OTJS OK
OTJZ OK
OTZL OK
OTJL OK
OTLI OK
OTLJ OK
OTLS OK
OTLZ OK
OSIT OK
OSIZ OK
OSIJ OK
OSIL OK
OSTJ OK
OSTI OK
OSTZ OK
OSZI OK
OSTL OK
OSZT OK
OSJI OK
OSZJ OK
OSZL OK
OSJL OK
OSJT OK
OSLI OK
OSLT OK
OSJZ OK
OSLJ OK
OZIT OK
OSLZ OK
OZIS OK
OZIJ OK
OZTI OK
OZTJ OK
OZIL OK
OZTS OK
OZTL OK
OZSI OK
OZST OK
OZSJ OK
OZSL OK
OZJI OK
OZJL OK
OZJT OK
OZLT OK
OZJS OK
OZLJ OK
OZLI OK
OJIT OK
OZLS OK
OJIL OK
OJTI OK
OJTS OK
OJTZ OK
OJIS OK
OJTL OK
OJIZ OK
OJSI OK
OJST OK
OJSL OK
OJZT OK
OJSZ OK
OJZI OK
OJZL OK
OJLI OK
OJLT OK
OJLS OK
OJLZ OK
OJZS OK
OLIT OK
OLIJ OK
OLIS OK
OLTI OK
OLTS OK
OLTJ OK
OLTZ OK
OLIZ OK
OLSI OK
OLSJ OK
OLST OK
OLZT OK
OLZI OK
OLSZ OK
OLZJ OK
OLJI OK
OLJT OK
OLJS OK
OLJZ OK
OLZS OK
TIOJ OK
TIOL OK
TIOS OK
TIOZ OK
TISJ OK
TISL OK
TISO OK
TIZO OK
TIZJ OK
TIZL OK
TIJO OK
TIZS OK
TIJS OK
TIJZ OK
TIJL OK
TILO OK
TILS OK
TILZ OK
TILJ OK
TISZ OK
TOIJ OK
TOIL OK
TOSI OK
TOIS OK
TOIZ OK
TOSJ OK
TOSL OK
TOZI OK
TOZJ OK
TOSZ OK
TOZS OK
TOZL OK
TOJI OK
TOJS OK
TOJZ OK
TOJL OK
TOLI OK
TOLJ OK
TOLS OK
TOLZ OK
TSIJ OK
TSIL OK
TSIO OK
TSIZ OK
TSOI OK
TSOJ OK
TSOL OK
TSZI OK
TSZJ OK
TSZL OK
TSJI OK
TSJO OK
TSJZ OK
TSOZ OK
TSJL OK
TSLI OK
TSLO OK
TSLZ OK
TSLJ OK
TSZO OK
TZIJ OK
TZIL OK
TZIO OK
TZIS OK
TZOJ OK
TZOL OK
TZOI OK
TZOS OK
TZSJ OK
TZSI OK
TZSL OK
TZJI OK
TZJO OK
TZJS OK
TZJL OK
TZLI OK
TZLO OK
TZLS OK
TZLJ OK
TJIO OK
TJIS OK
TJIZ OK
TJIL OK
TJOI OK
TJOS OK
TJOZ OK
TJOL OK
TJSI OK
TJSO OK
TJSZ OK
TJSL OK
TJZI OK
TZSO OK
TJZO OK
TJZS OK
TJZL OK
TJLI OK
TJLO OK
TJLS OK
TJLZ OK
TLIO OK
TLIS OK
TLIJ OK
TLIZ OK
TLOI OK
TLOZ OK
TLOS OK
TLOJ OK
TLSI OK
TLSO OK
TLSZ OK
TLSJ OK
TLZI OK
TLZO OK
TLZS OK
TLJI OK
TLZJ OK
TLJO OK
TLJS OK
TLJZ OK
SIOT OK
SIOJ OK
SIOZ OK
SIOL OK
SITJ OK
SITO OK
SITL OK
SITZ OK
SIZT OK
SIZO OK
SIZJ OK
SIJO OK
SIJT OK
SIJL OK
SIJZ OK
SILO OK
SIZL OK
SILJ OK
SOIT OK
SILT OK
SOIZ OK
SOIJ OK
SOIL OK
SOTI OK
SOTJ OK
SOTL OK
SOTZ OK
SOZI OK
SOZT OK
SILZ OK
SOJI OK
SOZJ OK
SOZL OK
SOJL OK
SOJT OK
SOLI OK
SOLT OK
SOJZ OK
SOLJ OK
SOLZ OK
STIO OK
STIJ OK
STIZ OK
STIL OK
STOJ OK
STOL OK
STOI OK
STOZ OK
STZJ OK
STZL OK
STJI OK
STZI OK
STJO OK
STJZ OK
STJL OK
STLI OK
STLO OK
STLZ OK
STLJ OK
STZO OK
SZIT OK
SZIO OK
SZOI OK
SZIJ OK
SZOT OK
SZOJ OK
SZOL OK
SZTI OK
SZTJ OK
SZTL OK
SZIL OK
SZTO OK
SZJO OK
SZJL OK
SZJI OK
SZJT OK
SZLO OK
SZLJ OK
SZLT OK
SJIO OK
SZLI OK
SJIL OK
SJIT OK
SJOT OK
SJOI OK
SJOL OK
SJTI OK
SJTO OK
SJTZ OK
SJIZ OK
SJTL OK
SJOZ OK
SJZO OK
SJZL OK
SJLI OK
SJLO OK
SJLT OK
SJLZ OK
SJZI OK
SJZT OK
SLIO OK
SLIJ OK
SLIT OK
SLOT OK
SLOI OK
SLOJ OK
SLTI OK
SLTO OK
SLTZ OK
SLTJ OK
SLOZ OK
SLIZ OK
SLZO OK
SLZJ OK
SLJI OK
SLJO OK
SLJT OK
SLJZ OK
SLZT OK
ZIOT OK
SLZI OK
ZIOS OK
ZIOJ OK
ZITO OK
ZITS OK
ZITJ OK
ZITL OK
ZIOL OK
ZIST OK
ZISJ OK
ZISO OK
ZIJT OK
ZIJO OK
ZIJL OK
ZIJS OK
ZILO OK
ZILT OK
ZILJ OK
ZISL OK
ZOIT OK
ZOIS OK
ZOIJ OK
ZOTI OK
ZOIL OK
ZILS OK
ZOTJ OK
ZOTL OK
ZOTS OK
ZOSI OK
ZOST OK
ZOSJ OK
ZOSL OK
ZOJI OK
ZOJT OK
ZOJL OK
ZOLT OK
ZOJS OK
ZOLI OK
ZOLJ OK
ZTIO OK
ZTIS OK
ZOLS OK
ZTIJ OK
ZTIL OK
ZTOJ OK
ZTOL OK
ZTOI OK
ZTOS OK
ZTSJ OK
ZTSL OK
ZTJI OK
ZTJO OK
ZTSI OK
ZTJS OK
ZTJL OK
ZTLI OK
ZTLO OK
ZTLS OK
ZTLJ OK
ZSIT OK
ZTSO OK
ZSIO OK
ZSIJ OK
ZSOI OK
ZSOT OK
ZSOJ OK
ZSOL OK
ZSIL OK
ZSTI OK
ZSTJ OK
ZSTL OK
ZSTO OK
ZSJO OK
ZSJL OK
ZSJI OK
ZSJT OK
ZSLO OK
ZSLJ OK
ZSLT OK
ZJIT OK
ZSLI OK
ZJIO OK
ZJIL OK
ZJOT OK
ZJOI OK
ZJOL OK
ZJTI OK
ZJTO OK
ZJIS OK
ZJTS OK
ZJTL OK
ZJOS OK
ZJSO OK
ZJSL OK
ZJLI OK
ZJLO OK
ZJSI OK
ZJLT OK
ZJLS OK
ZJST OK
ZLIT OK
ZLIJ OK
ZLIO OK
ZLOT OK
ZLOI OK
ZLOJ OK
ZLTI OK
ZLTO OK
ZLTS OK
ZLTJ OK
ZLOS OK
ZLIS OK
ZLSO OK
ZLSJ OK
ZLJI OK
ZLST OK
ZLJO OK
ZLJT OK
ZLJS OK
ZLSI OK
JIOT OK
JIOL OK
JITO OK
JITS OK
JITZ OK
JITL OK
JIOS OK
JIOZ OK
JISO OK
JISL OK
JIST OK
JIZT OK
JIZO OK
JIZL OK
JISZ OK
JILO OK
JILT OK
JILS OK
JILZ OK
JOIT OK
JOIS OK
JOIL OK
JOTI OK
JOTS OK
JOTZ OK
JOTL OK
JOIZ OK
JIZS OK
JOSI OK
JOST OK
JOSL OK
JOZT OK
JOSZ OK
JOZL OK
JOLI OK
JOLT OK
JOZI OK
JOLS OK
JOLZ OK
JTIO OK
JTIS OK
JTIZ OK
JTIL OK
JTOI OK
JTOS OK
JTOZ OK
JTOL OK
JTSI OK
JOZS OK
JTSO OK
JTSL OK
JTSZ OK
JTZI OK
JTZO OK
JTZL OK
JTLI OK
JTLO OK
JTLS OK
JTLZ OK
JTZS OK
JSIO OK
JSIL OK
JSIT OK
JSOT OK
JSIZ OK
JSOL OK
JSTI OK
JSTO OK
JSOI OK
JSTZ OK
JSTL OK
JSOZ OK
JSZO OK
JSZL OK
JSLI OK
JSLO OK
JSLT OK
JSLZ OK
JSZI OK
JSZT OK
JZIT OK
JZIL OK
JZIO OK
JZOT OK
JZOI OK
JZOL OK
JZTI OK
JZIS OK
JZOS OK
JZTL OK
JZTO OK
JZSO OK
JZTS OK
JZSL OK
JZLI OK
JZLO OK
JZLT OK
JZLS OK
JLIO OK
JLIT OK
JZSI OK
JLIS OK
JLIZ OK
JLOI OK
JLOT OK
JLOS OK
JLOZ OK
JLTI OK
JLTO OK
JLTS OK
JLTZ OK
JLSI OK
JZST OK
JLST OK
JLSO OK
JLZI OK
JLZO OK
JLZT OK
JLSZ OK
JLZS OK
LIOT OK
LIOJ OK
LITO OK
LITS OK
LITZ OK
LITJ OK
LIOS OK
LIOZ OK
LISO OK
LISJ OK
LIST OK
LIZT OK
LIZO OK
LIZJ OK
LIJO OK
LIJT OK
LIJS OK
LIJZ OK
LOIT OK
LISZ OK
LOIS OK
LOIJ OK
LOIZ OK
LOTI OK
LOTS OK
LIZS OK
LOTJ OK
LOTZ OK
LOSI OK
LOSJ OK
LOST OK
LOZT OK
LOZI OK
LOZJ OK
LOJI OK
LOJT OK
LOJS OK
LOSZ OK
LOJZ OK
LTIO OK
LTIS OK
LTIZ OK
LOZS OK
LTIJ OK
LTOI OK
LTOJ OK
LTOS OK
LTOZ OK
LTSI OK
LTSJ OK
LTSO OK
LTZI OK
LTZO OK
LTZJ OK
LTJI OK
LTSZ OK
LTZS OK
LTJO OK
LTJS OK
LTJZ OK
LSIO OK
LSIT OK
LSIJ OK
LSOT OK
LSOI OK
LSOJ OK
LSTI OK
LSIZ OK
LSTO OK
LSTJ OK
LSTZ OK
LSOZ OK
LSZT OK
LSZJ OK
LSJI OK
LSJO OK
LSJT OK
LSJZ OK
LSZI OK
LSZO OK
LZIT OK
LZIJ OK
LZIO OK
LZOT OK
LZOI OK
LZOJ OK
LZTI OK
LZOS OK
LZTO OK
LZTJ OK
LZIS OK
LZTS OK
LZSO OK
LZSJ OK
LZJI OK
LZJO OK
LZJT OK
LZJS OK
LJIO OK
LJIT OK
LZST OK
LJIS OK
LJIZ OK
LJOI OK
LJOT OK
LJOS OK
LJOZ OK
LJTI OK
LJTO OK
LJTS OK
LJTZ OK
LJSI OK
LJSO OK
LJST OK
LJZI OK
LJZO OK
LJSZ OK
LZSI OK
LJZT OK
LJZS OK
