IOTJ OK
IOTL OK
IOTZ OK
IOTS OK
IOST OK
IOSZ OK
IOSJ OK
IOSL OK
IOZT OK
IOZS OK
IOZL OK
IOZJ OK
IOJT OK
IOJL OK
IOJS OK
IOJZ OK
IOLT OK
IOLJ OK
IOLS OK
IOLZ OK
ITOJ OK
ITOL OK
ITOS OK
ITOZ OK
ITSJ OK
ITSL OK
ITSO OK
ITZO OK
ITZJ OK
ITZS OK
ITZL OK
ITJO OK
ITJS OK
ITJZ OK
ITJL OK
ITLO OK
ITLS OK
ITLZ OK
ITLJ OK
ITSZ OK
ISOT OK
ISOZ OK
ISOJ OK
ISOL OK
ISTJ OK
ISTO OK
ISTZ OK
ISTL OK
ISZT OK
ISZO OK
ISZJ OK
ISJO OK
ISJT OK
ISJL OK
ISZL OK
ISLO OK
ISJZ OK
ISLJ OK
ISLT OK
IZOT OK
IZOS OK
IZOJ OK
IZOL OK
IZTO OK
IZTJ OK
IZTS OK
ISLZ OK
IZTL OK
IZSO OK
IZST OK
IZJO OK
IZJT OK
IZSJ OK
IZJL OK
IZLO OK
IZSL OK
IZLT OK
IZJS OK
IZLJ OK
IJOT OK
IJOS OK
IJOL OK
IJTO OK
IJTS OK
IJOZ OK
IJTZ OK
IJTL OK
IJSO OK
IJST OK
IJSL OK
IZLS CAP
IJZT OK
IJZO OK
IJZL OK
IJLO OK
IJLT OK
IJLS OK
IJSZ OK
IJLZ OK
ILOT OK
ILOS OK
ILOJ OK
ILTO OK
ILOZ OK
ILTS OK
IJZS OK
ILTJ OK
ILTZ OK
ILSO OK
ILST OK
ILSJ OK
ILZT OK
ILZO OK
ILZJ OK
ILJO OK
ILJT OK
ILJS OK
ILJZ OK
ILSZ OK
OITS OK
OITZ OK
OITJ OK
OITL OK
OIST OK
OISZ OK
OISJ OK
OISL OK
ILZS OK
OIZT OK
OIZJ OK
OIZS OK
OIZL OK
OIJT OK
OIJL OK
OIJS OK
OILT OK
OIJZ OK
OILJ OK
OILS OK
OTIS OK
OTIJ OK
OTIL OK
OILZ OK
OTIZ OK
OTSJ OK
OTSI OK
OTSZ OK
OTSL OK
OTZJ OK
OTZL OK
OTJI OK
OTZI OK
OTJS OK
OTZS OK
OTJZ OK
OTJL OK
OTLI OK
OTLJ OK
OTLS OK
OTLZ OK
OSIT OK
OSIZ OK
OSIJ OK
OSIL OK
OSTJ OK
OSTI OK
OSTZ OK
OSZI OK
OSTL OK
OSZT OK
OSJI OK
OSZJ OK
OSZL OK
OSJL OK
OSJT OK
OSLI OK
OSLT OK
OSJZ OK
OSLJ OK
OZIT OK
OZIS OK
OSLZ OK
OZIJ OK
OZIL OK
OZTJ OK
OZTI OK
OZTS OK
OZTL OK
OZSI OK
OZST OK
OZSJ OK
OZSL OK
OZJI OK
OZJL OK
OZJT OK
OZLT OK
OZJS OK
OZLJ OK
OZLI OK
OJIT OK
OZLS OK
OJIL OK
OJTI OK
OJTS OK
OJTZ OK
OJTL OK
OJIS OK
OJIZ OK
OJST OK
OJSI OK
OJSL OK
OJZT OK
OJSZ OK
OJZI OK
OJLI OK
OJZL OK
OJLT OK
OJLS OK
OJLZ OK
OJZS OK
OLIT OK
OLIJ OK
OLTI OK
OLIS OK
OLTS OK
OLTJ OK
OLTZ OK
OLIZ OK
OLSI OK
OLST OK
OLSJ OK
OLZT OK
OLZI OK
OLZJ OK
OLJI OK
OLJT OK
OLJS OK
OLJZ OK
OLSZ OK
OLZS OK
TIOJ OK
TIOL OK
TISO OK
TIOS OK
TIOZ OK
TISJ OK
TISZ OK
TISL OK
TIZJ OK
TIZL OK
TIJO OK
TIJS OK
TIZO OK
TIJZ OK
TIZS OK
TILO OK
TIJL OK
TILS OK
TILJ OK
TILZ OK
TOIJ OK
TOIL OK
TOSI OK
TOIZ OK
TOIS OK
TOSJ OK
TOSL OK
TOSZ OK
TOZJ OK
TOZI OK
TOZL OK
TOJI OK
TOJS OK
TOJZ OK
TOJL OK
TOLI OK
TOZS OK
TOLJ OK
TOLS OK
TOLZ OK
TSIJ OK
TSIL OK
TSIO OK
TSIZ OK
TSOJ OK
TSOI OK
TSOL OK
TSZI OK
TSZJ OK
TSZL OK
TSJI OK
TSJO OK
TSOZ OK
TSJL OK
TSLI OK
TSJZ OK
TSZO OK
TSLJ OK
TSLO OK
TSLZ OK
TZIJ OK
TZIL OK
TZIO OK
TZIS OK
TZOJ OK
TZOL OK
TZOI OK
TZOS OK
TZSJ OK
TZSI OK
TZSL OK
TZJI OK
TZJO OK
TZJS OK
TZJL OK
TZLI OK
TZLO OK
TZLS OK
TZLJ OK
TJIO OK
TJIS OK
TJIZ OK
TJIL OK
TJOI OK
TJOS OK
TJOZ OK
TJOL OK
TJSI OK
TJSO OK
TJSL OK
TJSZ OK
TJZI OK
TJZO OK
TJZS OK
TJZL OK
TJLI OK
TZSO OK
TJLO OK
TJLS OK
TLIO OK
TJLZ OK
TLIS OK
TLIJ OK
TLIZ OK
TLOI OK
TLOJ OK
TLOS OK
TLSI OK
TLOZ OK
TLSJ OK
TLSO OK
TLZI OK
TLZO OK
TLSZ OK
TLZS OK
TLJI OK
TLZJ OK
TLJO OK
TLJS OK
TLJZ OK
SIOT OK
SIOZ OK
SIOJ OK
SIOL OK
SITJ OK
SITL OK
SITO OK
SITZ OK
SIZT OK
SIZO OK
SIZJ OK
SIJO OK
SIJT OK
SIJL OK
SIZL OK
SILO OK
SIJZ OK
SILJ OK
SILT OK
SOIT OK
SOIZ OK
SOIJ OK
SOIL OK
SOTI OK
SOTJ OK
SOTZ OK
SILZ OK
SOTL OK
SOZI OK
SOZT OK
SOJI OK
SOZJ OK
SOZL OK
SOJL OK
SOJT OK
SOLI OK
SOJZ OK
SOLT OK
SOLJ OK
SOLZ OK
STIO OK
STIJ OK
STIZ OK
STIL OK
STOJ OK
STOL OK
STOI OK
STOZ OK
STZJ OK
STZI OK
STZL OK
STJI OK
STJO OK
STJL OK
STLI OK
STJZ OK
STLO OK
STLZ OK
STLJ OK
STZO OK
SZIT OK
SZIO OK
SZIJ OK
SZOT OK
SZOI OK
SZIL OK
SZOJ OK
SZOL OK
SZTI OK
SZTO OK
SZTJ OK
SZTL OK
SZJI OK
SZJO OK
SZJL OK
SZJT OK
SZLO OK
SZLJ OK
SZLT OK
SZLI OK
SJIO OK
SJIL OK
SJIT OK
SJOI OK
SJOT OK
SJIZ OK
SJOL OK
SJTI OK
SJTO OK
SJTL OK
SJOZ OK
SJTZ OK
SJZO OK
SJZL OK
SJLI OK
SJLO OK
SJLT OK
SJZI OK
SJLZ OK
SJZT OK
SLIO OK
SLIT OK
SLIJ OK
SLOT OK
SLOI OK
SLOJ OK
SLTI OK
SLTO OK
SLTZ OK
SLOZ OK
SLIZ OK
SLTJ OK
SLZO OK
SLZT OK
SLZJ OK
SLJI OK
SLJO OK
SLJT OK
SLJZ OK
ZIOT OK
ZIOS OK
ZIOJ OK
ZIOL OK
SLZI OK
ZITJ OK
ZITL OK
ZITO OK
ZITS OK
ZISO OK
ZIST OK
ZIJO OK
ZISJ OK
ZIJT OK
ZIJL OK
ZISL OK
ZILO OK
ZILT OK
ZILJ OK
ZIJS OK
ZOIT OK
ZOIS OK
ZOIJ OK
ZOIL OK
ZOTI OK
ZOTJ OK
ZOTL OK
ZOTS OK
ZILS OK
ZOSI OK
ZOST OK
ZOSJ OK
ZOSL OK
ZOJI OK
ZOJL OK
ZOJT OK
ZOJS OK
ZOLT OK
ZOLJ OK
ZOLI OK
ZTIO OK
ZTIJ OK
ZTIL OK
ZTIS OK
ZOLS OK
ZTOJ OK
ZTOL OK
ZTOI OK
ZTOS OK
ZTSJ OK
ZTSL OK
ZTJI OK
ZTSI OK
ZTJO OK
ZTJS OK
ZTJL OK
ZTLI OK
ZTLO OK
ZTLS OK
ZTLJ OK
ZSIT OK
ZTSO OK
ZSIO OK
ZSIJ OK
ZSOT OK
ZSIL OK
ZSOI OK
ZSTI OK
ZSOJ OK
ZSTJ OK
ZSTL OK
ZSOL OK
ZSTO OK
ZSJO OK
ZSJL OK
ZSJI OK
ZSJT OK
ZSLO OK
ZSLJ OK
ZSLI OK
ZJIT OK
ZSLT OK
ZJIL OK
ZJIO OK
ZJOT OK
ZJOI OK
ZJOL OK
ZJIS OK
ZJTI OK
ZJTO OK
ZJTS OK
ZJTL OK
ZJOS OK
ZJSO OK
ZJSL OK
ZJLI OK
ZJLO OK
ZJSI OK
ZJLT OK
ZJLS OK
ZJST OK
ZLIT OK
ZLIJ OK
ZLIO OK
ZLOT OK
ZLOI OK
ZLOJ OK
ZLTI OK
ZLTO OK
ZLTS OK
ZLTJ OK
ZLOS OK
ZLIS OK
ZLSI OK
ZLSO OK
ZLSJ OK
ZLJI OK
ZLJO OK
ZLJT OK
ZLJS OK
ZLST OK
JIOT OK
JIOL OK
JITO OK
JITS OK
JITZ OK
JITL OK
JIOS OK
JIOZ OK
JISO OK
JISL OK
JIST OK
JIZT OK
JISZ OK
JIZL OK
JILO OK
JIZO OK
JILT OK
JILS OK
JILZ OK
JOIT OK
JOIS OK
JOIL OK
JOTI OK
JOTS OK
JOTZ OK
JOTL OK
JOIZ OK
JIZS OK
JOSI OK
JOST OK
JOSL OK
JOSZ OK
JOZT OK
JOZL OK
JOLI OK
JOLT OK
JOLS OK
JOZI OK
JOLZ OK
JTIO OK
JTIS OK
JTIZ OK
JTIL OK
JTOI OK
JTOS OK
JTOL OK
JTOZ OK
JOZS OK
JTSI OK
JTSO OK
JTSL OK
JTZI OK
JTSZ OK
JTZO OK
JTZL OK
JTLI OK
JTLO OK
JTLS OK
JTZS OK
JTLZ OK
JSIO OK
JSIL OK
JSIT OK
JSOT OK
JSIZ OK
JSOL OK
JSTI OK
JSOI OK
JSTO OK
JSOZ OK
JSTL OK
JSTZ OK
JSZO OK
JSZL OK
JSLI OK
JSLO OK
JSLT OK
JSLZ OK
JSZI OK
JSZT OK
JZIT OK
JZIL OK
JZIO OK
JZOT OK
JZOI OK
JZOL OK
JZIS OK
JZTI OK
JZTO OK
JZOS OK
JZTL OK
JZTS OK
JZSO OK
JZSL OK
JZLI OK
JZLO OK
JZLT OK
JZLS OK
JLIO OK
JLIT OK
JLIS OK
JZSI OK
JLIZ OK
JLOI OK
JLOT OK
JLOS OK
JLOZ OK
JLTI OK
JLTO OK
JZST OK
JLTS OK
JLTZ OK
JLSI OK
JLSO OK
JLST OK
JLZI OK
JLZO OK
JLZT OK
JLSZ OK
JLZS OK
LIOT OK
LIOJ OK
LITO OK
LIOS OK
LITS OK
LIOZ OK
LITJ OK
LITZ OK
LISO OK
LIST OK
LISJ OK
LIZT OK
LIZO OK
LIZJ OK
LIJO OK
LIJT OK
LIJS OK
LIJZ OK
LISZ OK
LOIT OK
LOIS OK
LOIJ OK
LOTI OK
LOTS OK
LOIZ OK
LOTJ OK
LIZS OK
LOTZ OK
LOSI OK
LOST OK
LOSJ OK
LOZT OK
LOZI OK
LOZJ OK
LOJI OK
LOJT OK
LOJS OK
LOJZ OK
LTIO OK
LOSZ OK
LOZS OK
LTIJ OK
LTOI OK
LTIZ OK
LTIS OK
LTOJ OK
LTOS OK
LTOZ OK
LTSO OK
LTSJ OK
LTSI OK
LTZO OK
LTZI OK
LTSZ OK
LTZJ OK
LTJI OK
LTJO OK
LTZS OK
LTJS OK
LTJZ OK
LSIT OK
LSIO OK
LSIJ OK
LSOI OK
LSOT OK
LSOJ OK
LSTI OK
LSIZ OK
LSTO OK
LSTJ OK
LSTZ OK
LSOZ OK
LSZT OK
LSZJ OK
LSJI OK
LSZO OK
LSJO OK
LSJT OK
LSZI OK
LSJZ OK
LZIT OK
LZIJ OK
LZIO OK
LZOT OK
LZOI OK
LZOJ OK
LZTI OK
LZOS OK
LZIS OK
LZTJ OK
LZTO OK
LZTS OK
LZSO OK
LZSJ OK
LZJI OK
LZJO OK
LZJT OK
LZJS OK
LJIO OK
LJIT OK
LJIS OK
LJIZ OK
LJOI OK
LJOT OK
LJOS OK
LZST OK
LJOZ OK
LJTI OK
LJTO OK
LJTS OK
LJSI OK
LJTZ OK
LZSI OK
LJSO OK
LJST OK
LJZI OK
LJZO OK
LJZT OK
LJZS OK
LJSZ OK
