IOTJ OK
IOTL OK
IOTZ OK
IOTS OK
IOST OK
IOSJ OK
IOSZ OK
IOSL OK
IOZT OK
IOZS OK
IOZJ OK
IOZL OK
IOJT OK
IOJL OK
IOLT OK
IOJS OK
IOJZ OK
IOLJ OK
ITOS OK
IOLS OK
IOLZ OK
ITOJ OK
ITOL OK
ITOZ OK
ITSJ OK
ITSL OK
ITSO OK
ITZO OK
ITSZ OK
ITZJ OK
ITZL OK
ITJO OK
ITJS OK
ITJZ OK
ITJL OK
ITLO OK
ITLS OK
ITLZ OK
ITLJ OK
ISOT OK
ITZS OK
ISOJ OK
ISOZ OK
ISOL OK
ISTJ OK
ISTO OK
ISTZ OK
ISTL OK
ISZT OK
ISZO OK
ISZJ OK
ISJT OK
ISJO OK
ISJL OK
ISLO OK
ISJZ OK
ISLT OK
ISZL OK
ISLJ OK
IZOT OK
IZOS OK
IZOJ OK
IZOL OK
IZTO OK
IZTJ OK
IZTS OK
IZTL OK
IZST OK
IZSO OK
ISLZ CAP
IZSJ OK
IZJO OK
IZJT OK
IZJL OK
IZJS OK
IZLO OK
IZLT OK
IZLJ OK
IZSL CAP
IJOT OK
IJOS OK
IJOL OK
IJOZ OK
IJTO OK
IJTS OK
IJTZ OK
IJTL OK
IJST OK
IJSO OK
IJSL OK
IZLS CAP
IJZO OK
IJZT OK
IJZL OK
IJSZ OK
IJLT OK
IJLO OK
IJLS OK
IJLZ OK
ILOT OK
ILOS OK
ILOJ OK
ILTO OK
ILOZ OK
ILTS OK
ILTJ OK
IJZS OK
ILTZ OK
ILST OK
ILSJ OK
ILSO OK
ILZO OK
ILZT OK
ILZJ OK
ILJO OK
ILJT OK
ILJS OK
ILJZ OK
OITS OK
OITZ OK
OITJ OK
ILSZ OK
OITL OK
OIST OK
OISZ OK
OISJ OK
OIZT OK
OISL OK
OIZS OK
OIZJ OK
ILZS CAP
OIJT OK
OIZL OK
OIJL OK
OIJS OK
OILT OK
OIJZ OK
OILJ OK
OTIS OK
OILS OK
OTIJ OK
OILZ OK
OTIL OK
OTIZ OK
OTSJ OK
OTSI OK
OTSL OK
OTSZ OK
OTZJ OK
OTZI OK
OTJI OK
OTZL OK
OTJS OK
OTJZ OK
OTJL OK
OTLI OK
OTZS OK
OTLJ OK
OTLS OK
OTLZ OK
OSIT OK
OSIZ OK
OSIJ OK
OSIL OK
OSTJ OK
OSTZ OK
OSTI OK
OSTL OK
OSZT OK
OSZI OK
OSZJ OK
OSZL OK
OSJT OK
OSJL OK
OSJI OK
OSJZ OK
OSLT OK
OSLJ OK
OSLI OK
OZIS OK
OZIT OK
OSLZ OK
OZIJ OK
OZIL OK
OZTJ OK
OZTI OK
OZSI OK
OZTS OK
OZTL OK
OZST OK
OZSJ OK
OZSL OK
OZJI OK
OZJL OK
OZJT OK
OZLI OK
OZJS OK
OZLJ OK
OZLT OK
OZLS OK
OJIT OK
OJIL OK
OJTI OK
OJTS OK
OJTZ OK
OJTL OK
OJIS OK
OJIZ OK
OJSI OK
OJSL OK
OJST OK
OJSZ OK
OJZT OK
OJZL OK
OJZI OK
OJLI OK
OJLT OK
OJLS OK
OJLZ OK
OLIT OK
OLIS OK
OLIJ OK
OLTI OK
OLTS OK
OLIZ OK
OLTJ OK
OLTZ OK
OJZS OK
OLSI OK
OLST OK
OLSJ OK
OLZI OK
OLZT OK
OLZJ OK
OLJI OK
OLJT OK
OLJS OK
OLJZ OK
OLZS OK
OLSZ OK
TIOS OK
TIOJ OK
TIOL OK
TIOZ OK
TISJ OK
TISO OK
TISL OK
TISZ OK
TIZJ OK
TIZL OK
TIJO OK
TIZO OK
TIJS OK
TIJZ OK
TIJL OK
TILO OK
TILS OK
TIZS OK
TILZ OK
TILJ OK
TOIJ OK
TOIL OK
TOSI OK
TOIS OK
TOSJ OK
TOIZ OK
TOSL OK
TOZI OK
TOZJ OK
TOSZ OK
TOJI OK
TOZL OK
TOJS OK
TOJZ OK
TOJL OK
TOLI OK
TOZS OK
TOLJ OK
TOLS OK
TOLZ OK
TSIJ OK
TSIL OK
TSIO OK
TSIZ OK
TSOJ OK
TSOI OK
TSOL OK
TSZI OK
TSZJ OK
TSZL OK
TSJI OK
TSOZ OK
TSJO OK
TSJL OK
TSLI OK
TSJZ OK
TSZO OK
TSLJ OK
TSLO OK
TSLZ OK
TZIJ OK
TZIL OK
TZIO OK
TZIS OK
TZOJ OK
TZOL OK
TZOI OK
TZSI OK
TZSJ OK
TZSL OK
TZJI OK
TZJO OK
TZJS OK
TZJL OK
TZLI OK
TZLO OK
TZLS OK
TZLJ OK
TJIO OK
TZOS OK
TJIS OK
TJIZ OK
TJIL OK
TJOI OK
TJOS OK
TJOZ OK
TJOL OK
TJSI OK
TZSO OK
TJSL OK
TJSO OK
TJZI OK
TJZO OK
TJZS OK
TJZL OK
TJLI OK
TJLO OK
TJLS OK
TJSZ OK
TJLZ OK
TLIO OK
TLIS OK
TLIZ OK
TLIJ OK
TLOI OK
TLOS OK
TLOJ OK
TLOZ OK
TLSI OK
TLSJ OK
TLSO OK
TLZI OK
TLSZ OK
TLZO OK
TLZS OK
TLZJ OK
TLJI OK
TLJO OK
TLJS OK
TLJZ OK
SIOT OK
SIOZ OK
SIOJ OK
SITO OK
SIOL OK
SITJ OK
SITZ OK
SITL OK
SIZT OK
SIZO OK
SIZJ OK
SIJO OK
SIJT OK
SIJL OK
SIJZ OK
SILO OK
SIZL OK
SILJ OK
SILT OK
SOIT OK
SOIZ OK
SOIJ OK
SOTI OK
SOIL OK
SILZ OK
SOTJ OK
SOTZ OK
SOTL OK
SOZT OK
SOZI OK
SOZJ OK
SOZL OK
SOJT OK
SOJI OK
SOJL OK
SOJZ OK
SOLT OK
SOLJ OK
SOLI OK
STIO OK
STIJ OK
STIZ OK
STIL OK
SOLZ OK
STOJ OK
STOL OK
STOI OK
STOZ OK
STZJ OK
STZI OK
STZL OK
STJI OK
STJO OK
STJL OK
STLI OK
STJZ OK
STZO OK
STLJ OK
STLO OK
STLZ OK
SZIT OK
SZIO OK
SZIJ OK
SZOT OK
SZOI OK
SZOJ OK
SZIL OK
SZTI OK
SZOL OK
SZTJ OK
SZTO OK
SZTL OK
SZJI OK
SZJO OK
SZJL OK
SZJT OK
SZLO OK
SZLT OK
SZLJ OK
SZLI OK
SJIO OK
SJIT OK
SJIL OK
SJOT OK
SJOI OK
SJOL OK
SJIZ OK
SJTI OK
SJOZ OK
SJTL OK
SJTO OK
SJTZ OK
SJZO OK
SJZL OK
SJLI OK
SJLO OK
SJZI OK
SJLT OK
SJLZ OK
SJZT OK
SLIO OK
SLIJ OK
SLIT OK
SLOT OK
SLOI OK
SLOJ OK
SLTI OK
SLTO OK
SLTZ OK
SLTJ OK
SLIZ OK
SLZO OK
SLZT OK
SLZI OK
SLJI OK
SLJO OK
SLJT OK
SLZJ OK
SLOZ CAP
SLJZ OK
ZIOT OK
ZIOS OK
ZIOJ OK
ZIOL OK
ZITJ OK
ZITO OK
ZITL OK
ZITS OK
ZISO OK
ZIST OK
ZIJO OK
ZISJ OK
ZIJT OK
ZIJL OK
ZILO OK
ZIJS OK
ZILT OK
ZILJ OK
ZISL OK
ZOIT OK
ZOIS OK
ZOIJ OK
ZOIL OK
ZOTI OK
ZOTJ OK
ZOTL OK
ZOTS OK
ZOST OK
ZILS OK
ZOSI OK
ZOJI OK
ZOJT OK
ZOSL OK
ZOSJ OK
ZOJL OK
ZOLT OK
ZOLI OK
ZOLJ OK
ZOJS OK
ZTIO OK
ZTIJ OK
ZOLS OK
ZTIL OK
ZTIS OK
ZTOJ OK
ZTOL OK
ZTOI OK
ZTOS OK
ZTSJ OK
ZTSL OK
ZTJI OK
ZTJO OK
ZTJS OK
ZTSI OK
ZTJL OK
ZTLI OK
ZTLO OK
ZTLS OK
ZTLJ OK
ZTSO OK
ZSIO OK
ZSIT OK
ZSOI OK
ZSOT OK
ZSIJ OK
ZSOJ OK
ZSOL OK
ZSTI OK
ZSTJ OK
ZSTL OK
ZSIL OK
ZSTO OK
ZSJO OK
ZSJL OK
ZSJI OK
ZSJT OK
ZSLO OK
ZSLT OK
ZSLJ OK
ZJIO OK
ZSLI OK
ZJIL OK
ZJIT OK
ZJOT OK
ZJOI OK
ZJOL OK
ZJTI OK
ZJTO OK
ZJTS OK
ZJTL OK
ZJIS OK
ZJOS OK
ZJSO OK
ZJSL OK
ZJLI OK
ZJSI OK
ZJLO OK
ZJLT OK
ZJLS OK
ZJST OK
ZLIO OK
ZLIJ OK
ZLOI OK
ZLIT OK
ZLOT OK
ZLOJ OK
ZLTI OK
ZLTO OK
ZLTS OK
ZLTJ OK
ZLOS OK
ZLIS OK
ZLSO OK
ZLSJ OK
ZLJI OK
ZLJO OK
ZLJT OK
ZLJS OK
ZLST OK
JIOT OK
ZLSI OK
JIOL OK
JITO OK
JITS OK
JITZ OK
JITL OK
JIOS OK
JIOZ OK
JISO OK
JISL OK
JIST OK
JIZO OK
JISZ OK
JIZL OK
JILO OK
JIZT OK
JILT OK
JILS OK
JILZ OK
JOIT OK
JOIS OK
JOIL OK
JOTI OK
JOTS OK
JOTZ OK
JOTL OK
JOIZ OK
JIZS OK
JOSI OK
JOSL OK
JOST OK
JOSZ OK
JOZT OK
JOZL OK
JOLI OK
JOLT OK
JOLS OK
JOZI OK
JOLZ OK
JTIO OK
JTIS OK
JTIL OK
JTIZ OK
JTOI OK
JTOS OK
JTOL OK
JTOZ OK
JTSI OK
JTSO OK
JTSL OK
JTZI OK
JTSZ OK
JTZO OK
JTZL OK
JTLI OK
JTLO OK
JOZS OK
JTLS OK
JTZS OK
JTLZ OK
JSIO OK
JSIT OK
JSIL OK
JSIZ OK
JSOI OK
JSOT OK
JSOL OK
JSTI OK
JSOZ OK
JSTL OK
JSTO OK
JSTZ OK
JSZO OK
JSZL OK
JSLI OK
JSLO OK
JSZI OK
JSLT OK
JSLZ OK
JSZT OK
JZIO OK
JZIL OK
JZIT OK
JZIS OK
JZOI OK
JZOL OK
JZOT OK
JZTI OK
JZTO OK
JZTL OK
JZTS OK
JZOS OK
JZST OK
JZSL OK
JZLI OK
JZLO OK
JZLT OK
JZSI OK
JZLS OK
JLIO OK
JLIT OK
JLIS OK
JLIZ OK
JLOI OK
JLOT OK
JZSO OK
JLTI OK
JLOS OK
JLOZ OK
JLTO OK
JLTS OK
JLTZ OK
JLSI OK
JLSO OK
JLST OK
JLZI OK
JLZO OK
JLSZ OK
JLZT OK
JLZS OK
LIOT OK
LIOJ OK
LITO OK
LIOS OK
LITS OK
LITJ OK
LIOZ OK
LITZ OK
LISO OK
LIST OK
LISJ OK
LIZO OK
LIZT OK
LIZJ OK
LIJO OK
LIJT OK
LIJS OK
LIJZ OK
LOIT OK
LISZ OK
LOIS OK
LOIJ OK
LOIZ OK
LOTI OK
LOTS OK
LOTJ OK
LOTZ OK
LIZS CAP
LOSI OK
LOST OK
LOSJ OK
LOZI OK
LOZT OK
LOZJ OK
LOJI OK
LOJT OK
LOJS OK
LOJZ OK
LTIO OK
LOZS OK
LTIS OK
LTIJ OK
LTIZ OK
LTOI OK
LTOS OK
LTOZ OK
LTOJ OK
LTSO OK
LOSZ OK
LTSJ OK
LTSI OK
LTZO OK
LTZI OK
LTZJ OK
LTJI OK
LTJO OK
LTZS OK
LTSZ OK
LTJS OK
LTJZ OK
LSIO OK
LSIT OK
LSIJ OK
LSOT OK
LSOI OK
LSOJ OK
LSTI OK
LSIZ OK
LSTO OK
LSTJ OK
LSTZ OK
LSOZ CAP
LSZT OK
LSZJ OK
LSJI OK
LSZI OK
LSJO OK
LSJT OK
LSJZ OK
LSZO CAP
LZIO OK
LZIJ OK
LZIT OK
LZOI OK
LZOT OK
LZOJ OK
LZTI OK
LZOS OK
LZIS OK
LZTJ OK
LZTO OK
LZTS OK
LZSO OK
LZSJ OK
LZJI OK
LZJO OK
LZJT OK
LZJS OK
LJIO OK
LJIT OK
LJIS OK
LJIZ OK
LJOI OK
LJOT OK
LJOS OK
LZST OK
LJTI OK
LJOZ OK
LJTO OK
LJTS OK
LJSI OK
LJTZ OK
LJSO OK
LJST OK
LJZI OK
LZSI OK
LJZO OK
LJZT OK
LJSZ OK
LJZS OK
