IOTJ OK
IOTL OK
IOTZ OK
IOTS OK
IOST OK
IOSZ OK
IOSJ OK
IOSL OK
IOZT OK
IOJT OK
IOZS OK
IOZJ OK
IOJL OK
IOZL OK
IOLT OK
IOJS OK
IOJZ OK
IOLJ OK
IOLS OK
ITOS OK
ITOJ OK
ITOL OK
ITOZ OK
IOLZ OK
ITSJ OK
ITSL OK
ITSO OK
ITZJ OK
ITZO OK
ITZL OK
ITJO OK
ITJS OK
ITSZ OK
ITJZ OK
ITJL OK
ITLO OK
ITLS OK
ITLZ OK
ITLJ OK
ISOT OK
ITZS OK
ISTO OK
ISOJ OK
ISTJ OK
ISOZ OK
ISOL OK
ISTZ OK
ISTL OK
ISZT OK
ISZO OK
ISZJ OK
ISJO OK
ISJL OK
ISJT OK
ISLT OK
ISLO OK
ISJZ OK
ISLJ OK
ISZL OK
IZOT OK
IZOS OK
IZTO OK
IZOJ OK
IZTJ OK
IZOL OK
IZTS OK
IZTL OK
IZST OK
IZSO OK
IZSJ OK
ISLZ CAP
IZJO OK
IZJL OK
IZJT OK
IZLO OK
IZJS OK
IZLJ OK
IZLT OK
IJOT OK
IZSL CAP
IJOL OK
IJOS OK
IJTO OK
IJTS OK
IJTZ OK
IJTL OK
IJOZ OK
IJST OK
IJSL OK
IJSO OK
IJZO OK
IJSZ OK
IJZL OK
IZLS CAP
IJLO OK
IJZT OK
IJLT OK
IJLS OK
IJLZ OK
ILOT OK
ILOJ OK
ILTO OK
ILOS OK
ILTS OK
ILOZ OK
ILTJ OK
ILTZ OK
ILST OK
IJZS OK
ILSJ OK
ILSO OK
ILZO OK
ILZJ OK
ILZT OK
ILJO OK
ILJT OK
ILJS OK
ILJZ OK
OITS OK
OITZ OK
OITJ OK
OITL OK
OIST OK
OISZ OK
OISJ OK
ILSZ OK
OISL OK
OIZT OK
OIZS OK
OIZJ OK
OIZL OK
OIJT OK
OIJL OK
OILT OK
OIJS OK
OIJZ OK
OILJ OK
ILZS CAP
OILS OK
OTIS OK
OTIZ OK
OTIJ OK
OTIL OK
OTSJ OK
OILZ OK
OTSL OK
OTSI OK
OTZJ OK
OTZI OK
OTJI OK
OTZL OK
OTJS OK
OTSZ OK
OTJZ OK
OTZS OK
OTJL OK
OTLI OK
OTLJ OK
OTLS OK
OTLZ OK
OSIT OK
OSIZ OK
OSIJ OK
OSIL OK
OSTJ OK
OSTI OK
OSTZ OK
OSTL OK
OSZT OK
OSZI OK
OSJT OK
OSJI OK
OSZJ OK
OSJL OK
OSZL OK
OSLI OK
OSLT OK
OSLJ OK
OSJZ OK
OZIT OK
OZIS OK
OZIJ OK
OZIL OK
OSLZ OK
OZTJ OK
OZTI OK
OZSI OK
OZTS OK
OZTL OK
OZST OK
OZSJ OK
OZJI OK
OZSL OK
OZJL OK
OZJT OK
OZLI OK
OZLJ OK
OZJS OK
OZLS OK
OZLT OK
OJIT OK
OJIL OK
OJTI OK
OJTS OK
OJTZ OK
OJTL OK
OJSI OK
OJST OK
OJIS OK
OJIZ OK
OJSL OK
OJZT OK
OJZL OK
OJLI OK
OJLT OK
OJZI OK
OJSZ OK
OJLS OK
OJLZ OK
OJZS OK
OLIJ OK
OLIT OK
OLTI OK
OLTS OK
OLTJ OK
OLTZ OK
OLIS OK
OLIZ OK
OLSJ OK
OLSI OK
OLST OK
OLZI OK
OLZT OK
OLJI OK
OLZJ OK
OLJT OK
OLJS OK
OLJZ OK
OLSZ OK
OLZS OK
TIOJ OK
TIOL OK
TIOS OK
TIOZ OK
TISJ OK
TISL OK
TISO OK
TIZJ OK
TISZ OK
TIJO OK
TIZL OK
TIJS OK
TIJZ OK
TIZO OK
TIJL OK
TILO OK
TILS OK
TIZS OK
TILZ OK
TILJ OK
TOIJ OK
TOIL OK
TOIS OK
TOIZ OK
TOSI OK
TOSJ OK
TOSL OK
TOZJ OK
TOZL OK
TOZI OK
TOJI OK
TOJS OK
TOJZ OK
TOJL OK
TOLI OK
TOSZ OK
TOZS OK
TOLJ OK
TOLS OK
TOLZ OK
TSIJ OK
TSIL OK
TSIO OK
TSIZ OK
TSOJ OK
TSOI OK
TSOL OK
TSZJ OK
TSZL OK
TSZI OK
TSJI OK
TSJO OK
TSJL OK
TSLI OK
TSJZ OK
TSOZ OK
TSLO OK
TSLJ OK
TSLZ OK
TZIJ OK
TZIL OK
TSZO OK
TZIO OK
TZIS OK
TZOJ OK
TZOL OK
TZOI OK
TZSJ OK
TZSL OK
TZJI OK
TZSI OK
TZJO OK
TZJS OK
TZJL OK
TZLI OK
TZLO OK
TZLS OK
TZLJ OK
TJIO OK
TJIS OK
TJIZ OK
TJIL OK
TJOI OK
TJOS OK
TJOZ OK
TJOL OK
TJSI OK
TJSO OK
TJSL OK
TJZI OK
TJZO OK
TJSZ OK
TJZS OK
TJZL OK
TZOS OK
TJLI OK
TJLO OK
TJLS OK
TJLZ OK
TLIO OK
TLIS OK
TLIZ OK
TLIJ OK
TLOI OK
TZSO OK
TLOJ OK
TLSI OK
TLOS OK
TLOZ OK
TLSJ OK
TLZI OK
TLZO OK
TLSO OK
TLZS OK
TLSZ OK
TLZJ OK
TLJI OK
TLJO OK
TLJS OK
TLJZ OK
SIOT OK
SITO OK
SIOZ OK
SITJ OK
SIOJ OK
SITL OK
SIOL OK
SITZ OK
SIZT OK
SIZO OK
SIZJ OK
SIJO OK
SIJL OK
SIZL OK
SIJT OK
SILO OK
SIJZ OK
SILJ OK
SILT OK
SOIT OK
SOIZ OK
SOIJ OK
SOIL OK
SOTI OK
SOTJ OK
SOTZ OK
SOZI OK
SOTL OK
SOZT OK
SILZ OK
SOJI OK
SOJT OK
SOZL OK
SOZJ OK
SOJL OK
SOLI OK
SOLT OK
SOLJ OK
SOJZ OK
STIJ OK
STIL OK
STIO OK
STIZ OK
SOLZ OK
STOJ OK
STOL OK
STOI OK
STOZ OK
STZJ OK
STZL OK
STJI OK
STZI OK
STJO OK
STJL OK
STLI OK
STJZ OK
STLZ OK
STLO OK
STLJ OK
STZO OK
SZIT OK
SZIJ OK
SZIO OK
SZOI OK
SZOT OK
SZIL OK
SZOJ OK
SZTI OK
SZOL OK
SZTO OK
SZTJ OK
SZTL OK
SZJL OK
SZJO OK
SZJI OK
SZJT OK
SZLJ OK
SZLO OK
SZLT OK
SZLI OK
SJIL OK
SJIO OK
SJIT OK
SJOT OK
SJOI OK
SJOL OK
SJTI OK
SJIZ OK
SJTL OK
SJOZ OK
SJTO OK
SJTZ OK
SJZL OK
SJLI OK
SJLO OK
SJLT OK
SJLZ OK
SJZO OK
SJZI OK
SJZT OK
SLIJ OK
SLIT OK
SLIO OK
SLOI OK
SLOT OK
SLTI OK
SLOJ OK
SLTO OK
SLTZ OK
SLTJ OK
SLOZ OK
SLIZ OK
SLZI OK
SLZJ OK
SLJI OK
SLZO OK
SLJT OK
SLJZ OK
SLJO OK
ZIOT OK
ZIOS OK
ZIOJ OK
SLZT OK
ZITJ OK
ZITL OK
ZIOL OK
ZITO OK
ZITS OK
ZISO OK
ZIST OK
ZIJO OK
ZISJ OK
ZIJL OK
ZIJT OK
ZILO OK
ZIJS OK
ZILJ OK
ZOIT OK
ZILT OK
ZOIJ OK
ZOIS OK
ZOTI OK
ZISL OK
ZOTJ OK
ZOIL OK
ZOTL OK
ZOTS OK
ZOST OK
ZOSI OK
ZOJI OK
ZILS OK
ZOSJ OK
ZOJL OK
ZOSL OK
ZOJT OK
ZOLT OK
ZOLI OK
ZOLJ OK
ZOJS OK
ZTIJ OK
ZTIL OK
ZOLS OK
ZTIO OK
ZTIS OK
ZTOJ OK
ZTOL OK
ZTOI OK
ZTSJ OK
ZTOS OK
ZTSL OK
ZTJI OK
ZTJO OK
ZTJS OK
ZTJL OK
ZTLI OK
ZTLO OK
ZTLS OK
ZTLJ OK
ZTSI OK
ZSIO OK
ZSIT OK
ZTSO OK
ZSOI OK
ZSIJ OK
ZSOT OK
ZSTI OK
ZSOJ OK
ZSTJ OK
ZSOL OK
ZSTL OK
ZSTO OK
ZSIL OK
ZSJO OK
ZSJL OK
ZSJI OK
ZSLO OK
ZSLJ OK
ZSJT OK
ZSLT OK
ZJIO OK
ZJIL OK
ZSLI OK
ZJOI OK
ZJIT OK
ZJOL OK
ZJOT OK
ZJTI OK
ZJTO OK
ZJTS OK
ZJIS OK
ZJTL OK
ZJOS OK
ZJSL OK
ZJLI OK
ZJLO OK
ZJLT OK
ZJLS OK
ZJSO OK
ZJSI OK
ZJST OK
ZLIO OK
ZLIJ OK
ZLOT OK
ZLOI OK
ZLOJ OK
ZLIT OK
ZLTI OK
ZLTO OK
ZLTJ OK
ZLTS OK
ZLOS OK
ZLSO OK
ZLSJ OK
ZLJI OK
ZLJO OK
ZLJT OK
ZLJS OK
ZLIS OK
ZLST OK
JIOT OK
JIOL OK
JITO OK
JITS OK
ZLSI OK
JITL OK
JITZ OK
JIOS OK
JIOZ OK
JISL OK
JISO OK
JIST OK
JIZO OK
JIZL OK
JILO OK
JILT OK
JILS OK
JILZ OK
JIZT OK
JISZ OK
JOIT OK
JOIL OK
JOTI OK
JOTS OK
JOTZ OK
JOTL OK
JOIS OK
JOIZ OK
JIZS OK
JOSI OK
JOSL OK
JOST OK
JOZT OK
JOZL OK
JOSZ OK
JOLI OK
JOLT OK
JOLS OK
JOLZ OK
JOZI OK
JTIO OK
JTIS OK
JTIL OK
JTIZ OK
JTOI OK
JTOS OK
JOZS OK
JTOL OK
JTOZ OK
JTSI OK
JTSL OK
JTSO OK
JTZI OK
JTZO OK
JTZL OK
JTSZ OK
JTLI OK
JTLO OK
JTLS OK
JTLZ OK
JTZS OK
JSIL OK
JSIT OK
JSIO OK
JSOI OK
JSOL OK
JSTI OK
JSOT OK
JSIZ OK
JSTL OK
JSTO OK
JSOZ OK
JSTZ OK
JSZL OK
JSLI OK
JSZO OK
JSLO OK
JSLT OK
JSLZ OK
JSZT OK
JSZI OK
JZIL OK
JZIO OK
JZIT OK
JZOI OK
JZOL OK
JZOT OK
JZTI OK
JZIS OK
JZTL OK
JZOS OK
JZTO OK
JZTS OK
JZSO OK
JZSL OK
JZLI OK
JZLO OK
JZLT OK
JZLS OK
JLIO OK
JLIT OK
JLIS OK
JLIZ OK
JLOI OK
JLOT OK
JZST OK
JLTI OK
JLOS OK
JLOZ OK
JLTO OK
JLTS OK
JLTZ OK
JZSI OK
JLSI OK
JLSO OK
JLST OK
JLZI OK
JLZO OK
JLZT OK
JLZS OK
JLSZ OK
LIOJ OK
LITO OK
LIOT OK
LITS OK
LITJ OK
LITZ OK
LIOS OK
LIOZ OK
LISJ OK
LISO OK
LIST OK
LIZO OK
LIZJ OK
LIJO OK
LIJT OK
LIJS OK
LIZT OK
LIJZ OK
LOIT OK
LOIS OK
LOIJ OK
LOTI OK
LISZ OK
LOIZ OK
LOTS OK
LOTJ OK
LOTZ OK
LOSI OK
LOSJ OK
LOST OK
LIZS CAP
LOZI OK
LOZT OK
LOZJ OK
LOJI OK
LOJT OK
LOJS OK
LOZS OK
LOJZ OK
LTIO OK
LTIJ OK
LOSZ OK
LTIS OK
LTOI OK
LTIZ OK
LTOJ OK
LTOS OK
LTOZ OK
LTSO OK
LTSJ OK
LTSI OK
LTZO OK
LTZJ OK
LTZI OK
LTJI OK
LTJO OK
LTZS OK
LTJZ OK
LTJS OK
LTSZ OK
LSIJ OK
LSIO OK
LSIT OK
LSOI OK
LSOJ OK
LSTI OK
LSOT OK
LSTO OK
LSTZ OK
LSTJ OK
LSIZ OK
LSOZ OK
LSZJ OK
LSJI OK
LSJO OK
LSJT OK
LSZT OK
LSJZ OK
LZIO OK
LSZO OK
LZIJ OK
LZIT OK
LSZI OK
LZOI OK
LZOJ OK
LZOT OK
LZTI OK
LZOS OK
LZTJ OK
LZTO OK
LZIS OK
LZTS OK
LZSJ OK
LZJI OK
LZJO OK
LZJT OK
LZJS OK
LJIO OK
LJIT OK
LZSO OK
LJIS OK
LJIZ OK
LJOI OK
LJOT OK
LJOS OK
LZST OK
LJOZ OK
LJTI OK
LJTO OK
LJTS OK
LJTZ OK
LJSI OK
LJSO OK
LJST OK
LJZI OK
LJZO OK
LJZT OK
LJSZ OK
LJZS OK
LZSI OK
