IOTL OK
IOTJ OK
IOST OK
IOSZ OK
IOSJ OK
IOTS OK
IOSL OK
IOTZ OK
IOZT OK
IOJT OK
IOZS OK
IOZJ OK
IOZL OK
IOJL OK
IOLT OK
IOJS OK
IOLJ OK
IOJZ OK
IOLS OK
ITOJ OK
ITOL OK
ITOS OK
IOLZ OK
ITOZ OK
ITSJ OK
ITSL OK
ITZO OK
ITZJ OK
ITZS OK
ITZL OK
ITJO OK
ITSO OK
ITJS OK
ITJZ OK
ITJL OK
ITLO OK
ITLS OK
ITLJ OK
ITLZ OK
ITSZ OK
ISOT OK
ISOZ OK
ISOJ OK
ISTJ OK
ISOL OK
ISTO OK
ISTZ OK
ISTL OK
ISZT OK
ISZO OK
ISJO OK
ISZJ OK
ISJL OK
ISJT OK
ISZL OK
ISLT OK
ISLJ OK
ISLO OK
IZOT OK
ISJZ OK
IZOS OK
IZOJ OK
IZTO OK
IZOL OK
IZTJ OK
IZTS OK
IZTL OK
IZST OK
IZSO OK
IZSJ OK
ISLZ OK
IZJT OK
IZSL OK
IZJL OK
IZJO OK
IZLT OK
IZLJ OK
IZJS OK
IJOT OK
IZLO OK
IJOL OK
IJTO OK
IJTS OK
IJTZ OK
IJTL OK
IZLS OK
IJOS OK
IJOZ OK
IJSL OK
IJSO OK
IJST OK
IJZT OK
IJZL OK
IJLO OK
IJLT OK
IJLS OK
IJLZ OK
IJZO OK
IJSZ OK
IJZS OK
ILOJ OK
ILOT OK
ILTO OK
ILTS OK
ILTZ OK
ILTJ OK
ILOS OK
ILOZ OK
ILSJ OK
ILSO OK
ILST OK
ILZT OK
ILZJ OK
ILJO OK
ILSZ OK
ILJT OK
ILJS OK
ILJZ OK
ILZO OK
OITJ OK
OITL OK
OITS OK
OIST OK
OITZ OK
OISZ OK
OISJ OK
ILZS OK
OISL OK
OIZT OK
OIJT OK
OIZS OK
OIZJ OK
OIZL OK
OIJL OK
OILT OK
OIJS OK
OILJ OK
OIJZ OK
OILS OK
OTIJ OK
OTIL OK
OILZ OK
OTIS OK
OTIZ OK
OTSJ OK
OTSI OK
OTSL OK
OTZJ OK
OTZI OK
OTZL OK
OTZS OK
OTJI OK
OTJS OK
OTJZ OK
OTJL OK
OTLI OK
OTLS OK
OTLJ OK
OTLZ OK
OSIT OK
OSIZ OK
OTSZ OK
OSIJ OK
OSTJ OK
OSIL OK
OSTI OK
OSTZ OK
OSZT OK
OSTL OK
OSZI OK
OSJT OK
OSJI OK
OSJL OK
OSLI OK
OSZJ OK
OSLT OK
OSZL OK
OSLJ OK
OZIT OK
OSJZ OK
OZIS OK
OZIJ OK
OZIL OK
OSLZ OK
OZTI OK
OZTJ OK
OZTS OK
OZTL OK
OZSI OK
OZST OK
OZJT OK
OZJI OK
OZJL OK
OZSJ OK
OZSL OK
OZLT OK
OZLJ OK
OZLI OK
OZJS OK
OJIT OK
OJIL OK
OJTI OK
OJTS OK
OZLS OK
OJTL OK
OJTZ OK
OJSI OK
OJST OK
OJSL OK
OJIS OK
OJIZ OK
OJZT OK
OJZL OK
OJLI OK
OJLT OK
OJZI OK
OJLS OK
OJLZ OK
OLIT OK
OJZS OK
OLIJ OK
OLTI OK
OJSZ OK
OLTS OK
OLTJ OK
OLTZ OK
OLIS OK
OLSI OK
OLSJ OK
OLIZ OK
OLST OK
OLZT OK
OLZI OK
OLZJ OK
OLJI OK
OLJT OK
OLJS OK
OLJZ OK
OLSZ OK
TIOJ OK
TIOL OK
OLZS OK
TISO OK
TIOS OK
TISJ OK
TISL OK
TIOZ OK
TIZJ OK
TIZL OK
TIZO OK
TIZS OK
TIJO OK
TIJS OK
TIJZ OK
TIJL OK
TILO OK
TILS OK
TILZ OK
TILJ OK
TOIJ OK
TOIL OK
TISZ OK
TOSI OK
TOSJ OK
TOSL OK
TOIZ OK
TOIS OK
TOZJ OK
TOZL OK
TOJI OK
TOZI OK
TOJS OK
TOJZ OK
TOJL OK
TOLI OK
TOZS OK
TOLJ OK
TOLS OK
TOLZ OK
TSIJ OK
TOSZ OK
TSIL OK
TSIO OK
TSOJ OK
TSOL OK
TSOI OK
TSIZ OK
TSZJ OK
TSZL OK
TSJI OK
TSOZ OK
TSJO OK
TSJZ OK
TSJL OK
TSLI OK
TSZI OK
TSLO OK
TSLZ OK
TSLJ OK
TZIJ OK
TZIL OK
TSZO OK
TZIO OK
TZIS OK
TZOJ OK
TZOL OK
TZOI OK
TZOS OK
TZSL OK
TZSJ OK
TZSI OK
TZJI OK
TZJL OK
TZJO OK
TZLI OK
TZJS OK
TZLO OK
TZLS OK
TZLJ OK
TJIO OK
TJIS OK
TJIZ OK
TJIL OK
TJOI OK
TJOS OK
TJOZ OK
TJOL OK
TJSI OK
TJSO OK
TZSO OK
TJSL OK
TJZI OK
TJSZ OK
TJZL OK
TJLI OK
TJLO OK
TJZO OK
TJZS OK
TJLS OK
TLIO OK
TJLZ OK
TLIS OK
TLIJ OK
TLIZ OK
TLOI OK
TLOS OK
TLOZ OK
TLOJ OK
TLSO OK
TLSI OK
TLSZ OK
TLZI OK
TLSJ OK
TLZO OK
TLZS OK
TLZJ OK
TLJI OK
TLJO OK
TLJS OK
TLJZ OK
SIOT OK
SIOZ OK
SIOJ OK
SITO OK
SITJ OK
SIOL OK
SITL OK
SITZ OK
SIZT OK
SIZO OK
SIJO OK
SIZJ OK
SIJL OK
SIJT OK
SIZL OK
SILO OK
SILT OK
SILJ OK
SOIT OK
SOIZ OK
SIJZ OK
SOIJ OK
SOIL OK
SILZ OK
SOTI OK
SOTJ OK
SOTZ OK
SOZI OK
SOZT OK
SOTL OK
SOJT OK
SOJI OK
SOJL OK
SOLI OK
SOZJ OK
SOLT OK
SOZL OK
SOLJ OK
SOJZ OK
STIJ OK
STIO OK
STIZ OK
STIL OK
STOJ OK
STOL OK
STOI OK
STOZ OK
SOLZ OK
STZL OK
STJI OK
STZI OK
STZJ OK
STJO OK
STJL OK
STLI OK
STLO OK
STLZ OK
STLJ OK
STJZ OK
SZIT OK
STZO OK
SZIO OK
SZOT OK
SZOI OK
SZIJ OK
SZTI OK
SZIL OK
SZOJ OK
SZTJ OK
SZOL OK
SZTO OK
SZTL OK
SZJL OK
SZJT OK
SZJI OK
SZJO OK
SZLJ OK
SZLT OK
SZLI OK
SZLO OK
SJIL OK
SJIO OK
SJIT OK
SJOT OK
SJOL OK
SJTI OK
SJOI OK
SJTO OK
SJTL OK
SJTZ OK
SJIZ OK
SJOZ OK
SJZL OK
SJLI OK
SJLO OK
SJLT OK
SJLZ OK
SJZT OK
SJZI OK
SLIO OK
SLIT OK
SLIJ OK
SJZO OK
SLOT OK
SLOJ OK
SLTI OK
SLTO OK
SLTZ OK
SLOI OK
SLTJ OK
SLIZ OK
SLOZ OK
SLZJ OK
SLJI OK
SLJO OK
SLZT OK
SLJT OK
SLJZ OK
SLZO OK
SLZI OK
ZIOT OK
ZITO OK
ZIOS OK
ZITS OK
ZITJ OK
ZIOL OK
ZIOJ OK
ZITL OK
ZIST OK
ZISO OK
ZISJ OK
ZIJT OK
ZIJO OK
ZIJL OK
ZISL OK
ZILT OK
ZILJ OK
ZOIT OK
ZILO OK
ZIJS OK
ZILS OK
ZOIS OK
ZOTI OK
ZOIJ OK
ZOTS OK
ZOTJ OK
ZOIL OK
ZOTL OK
ZOSI OK
ZOST OK
ZOJT OK
ZOJI OK
ZOJL OK
ZOSJ OK
ZOSL OK
ZOLT OK
ZOLJ OK
ZOLI OK
ZTIO OK
ZOJS OK
ZTIJ OK
ZTIL OK
ZTIS OK
ZTOI OK
ZTOJ OK
ZTOS OK
ZTOL OK
ZOLS OK
ZTSJ OK
ZTSL OK
ZTSI OK
ZTJI OK
ZTJO OK
ZTJL OK
ZTJS OK
ZTLI OK
ZTLO OK
ZTLS OK
ZTLJ OK
ZSIT OK
ZTSO OK
ZSIO OK
ZSOT OK
ZSOI OK
ZSIJ OK
ZSIL OK
ZSTI OK
ZSTJ OK
ZSOJ OK
ZSTL OK
ZSOL OK
ZSTO OK
ZSJL OK
ZSJT OK
ZSJO OK
ZSJI OK
ZSLI OK
ZSLJ OK
ZJIT OK
ZSLT OK
ZSLO OK
ZJIL OK
ZJOT OK
ZJIO OK
ZJOL OK
ZJTI OK
ZJTO OK
ZJTS OK
ZJOI OK
ZJTL OK
ZJIS OK
ZJOS OK
ZJSL OK
ZJLI OK
ZJLO OK
ZJLT OK
ZJST OK
ZJLS OK
ZJSI OK
ZLIT OK
ZJSO OK
ZLIJ OK
ZLOT OK
ZLIO OK
ZLOJ OK
ZLTI OK
ZLTO OK
ZLTS OK
ZLTJ OK
ZLOI OK
ZLIS OK
ZLOS OK
ZLST OK
ZLSJ OK
ZLJI OK
ZLJO OK
ZLJT OK
ZLJS OK
ZLSI OK
ZLSO OK
JIOL OK
JITO OK
JIOT OK
JITS OK
JITZ OK
JITL OK
JIOS OK
JIST OK
JIOZ OK
JISL OK
JISO OK
JIZT OK
JIZL OK
JILO OK
JILT OK
JILS OK
JILZ OK
JIZO OK
JOIT OK
JIZS OK
JOIL OK
JISZ OK
JOTI OK
JOTS OK
JOTZ OK
JOTL OK
JOSI OK
JOST OK
JOSL OK
JOIS OK
JOIZ OK
JOZT OK
JOZL OK
JOLI OK
JOLT OK
JOLS OK
JOLZ OK
JTIO OK
JTIS OK
JTIZ OK
JOZI OK
JTIL OK
JTOI OK
JTOS OK
JTOZ OK
JTSI OK
JTOL OK
JTSO OK
JTSL OK
JOZS OK
JTZI OK
JTSZ OK
JTZO OK
JOSZ OK
JTLI OK
JTLO OK
JTZL OK
JTLS OK
JTLZ OK
JTZS OK
JSIL OK
JSIT OK
JSIO OK
JSOT OK
JSOI OK
JSOL OK
JSTI OK
JSTO OK
JSTL OK
JSIZ OK
JSOZ OK
JSTZ OK
JSZL OK
JSLI OK
JSLO OK
JSLT OK
JSLZ OK
JSZI OK
JZIT OK
JSZO OK
JSZT OK
JZIL OK
JZOT OK
JZIO OK
JZOL OK
JZTI OK
JZTO OK
JZOI OK
JZTL OK
JZIS OK
JZOS OK
JZTS OK
JZSL OK
JZSI OK
JZLI OK
JZLO OK
JZST OK
JZLT OK
JZLS OK
JLIO OK
JLIT OK
JZSO OK
JLOI OK
JLOT OK
JLIS OK
JLIZ OK
JLOS OK
JLOZ OK
JLTI OK
JLTO OK
JLTS OK
JLSO OK
JLTZ OK
JLSI OK
JLST OK
JLZO OK
JLZI OK
JLZT OK
JLSZ OK
JLZS OK
LIOT OK
LIOJ OK
LITO OK
LITS OK
LITJ OK
LITZ OK
LIOS OK
LIOZ OK
LISJ OK
LISO OK
LIST OK
LIZT OK
LIZJ OK
LIJO OK
LIJT OK
LIJS OK
LIJZ OK
LISZ OK
LIZO OK
LOIT OK
LOIJ OK
LOTI OK
LOTS OK
LOTZ OK
LIZS OK
LOTJ OK
LOSI OK
LOIS OK
LOIZ OK
LOSJ OK
LOST OK
LOZT OK
LOZJ OK
LOJI OK
LOJT OK
LOJS OK
LOJZ OK
LTIO OK
LOSZ OK
LOZI OK
LTIS OK
LTIJ OK
LTIZ OK
LTOI OK
LTOS OK
LTOZ OK
LTOJ OK
LTSO OK
LTSI OK
LTSJ OK
LTZI OK
LTZO OK
LOZS OK
LTZJ OK
LTJI OK
LTJO OK
LTZS OK
LTSZ OK
LTJS OK
LTJZ OK
LSIJ OK
LSIT OK
LSIO OK
LSOI OK
LSOJ OK
LSTI OK
LSIZ OK
LSOT OK
LSTJ OK
LSOZ OK
LSTO OK
LSTZ OK
LSZJ OK
LSJI OK
LSZI OK
LSJT OK
LSJO OK
LSZO OK
LSJZ OK
LSZT OK
LZIT OK
LZIJ OK
LZOT OK
LZIO OK
LZOJ OK
LZTI OK
LZOI OK
LZIS OK
LZTJ OK
LZOS OK
LZTO OK
LZTS OK
LZSJ OK
LZST OK
LZJI OK
LZJT OK
LZSO OK
LZSI OK
LJIO OK
LZJO OK
LJIT OK
LJOI OK
LJOT OK
LJIS OK
LJIZ OK
LJOS OK
LJOZ OK
LZJS OK
LJTO OK
LJTI OK
LJTS OK
LJSO OK
LJTZ OK
LJSI OK
LJST OK
LJZO OK
LJZI OK
LJZT OK
LJSZ OK
LJZS OK
