# 2 단계: 1 단계에서 CAP 였던 641 건을 상한 200M 으로 재실행 (2026-09-18).
# 명령: PAR=4 ./scripts/capresolve.sh data/cap-cases.txt <출력>
# TIMEOUT 이던 4 건은 TMO=5400 으로 재실행해 확정했다 (전부 OK, 8.5M~10.7M 상태).
# 형식: <bag1> <bag2> OK|FAIL <상태 수>
#
# 집계: OK 632 / FAIL 9 / 미결 0.
# 1 단계는 상한 8M 에서 FAIL 0 이었다. 실패 9 건은 38M~52M 상태를 요구하므로
# 전부 CAP 뒤에 숨어 있었다. **CAP 은 결론이 아니다.**
IJSOZLT ISOZ OK 9217471
IJSZLTO OTSZ OK 10982184
IJSZLTO ISOZ OK 13459771
IJSZLTO ISZO OK 13456131
IJSZLTO SIOZ OK 9094276
IJSZLTO SIZO OK 9084704
IOTLSJZ JZSO OK 8595753
IJSZLTO TOSZ OK 15048673
IZSOLJT IOSZ OK 8693478
ISJOZLT ISOZ OK 9217471
IZLJOST ISOZ OK 10739237
IZSOLJT ISOZ OK 8467992
JISLTZO ISOZ OK 11169394
JISLTZO ISZO OK 11161506
JILZSOT ISZO OK 11597901
JILZSOT ISOZ OK 11717452
JISLTZO SIOZ OK 8689384
JISLTZO SIZO OK 8679604
JISLZTO ISOZ OK 10890650
JISLZTO ISZO OK 10883316
JISLZTO SIOZ OK 8475458
JISLZTO SIZO OK 8466387
JIZTSOL IOZS OK 16660836
JIZTSOL IZOS OK 16519735
JZOTILS OTSZ OK 16295559
JZOTILS OJZS OK 11937136
JZLTOSI OJZS OK 23835667
JZOTILS OLZS OK 11577249
JZOTILS SZOL OK 8797689
JZOTILS LOZS OK 13957187
JZTLISO OJZS OK 11735954
JZOTILS LZOS OK 13544601
JZOTILS LZSO OK 13531800
LIZSOJT IOSZ OK 9116572
LIZSOJT ISOZ OK 8923522
JZTLOIS OJZS OK 13247721
LITOJZS LSZO OK 12373860
LJOZTSI OJZS OK 8473468
LJTIOZS OJSZ OK 14119777
LJTIOZS OJZS OK 15190817
LJTIOZS JOSZ OK 19778089
LJTIOZS JOZS OK 21263866
LJTIOZS OLSZ FAIL 38542538
LJTIOZS JZOS OK 27741655
LOTJISZ IZSO OK 19207898
LOTJISZ ZISO OK 15179076
LJTIOZS LOSZ FAIL 51979998
LOTJISZ OJZS FAIL 37968211
LJTIOZS LSOZ FAIL 50391148
LOTJISZ LZSO OK 10976319
LTIZSOJ IOZS OK 8030168
LOTJISZ JZSO OK 24967309
LOTJISZ JOZS FAIL 47010215
LZJIOTS OJSZ OK 11668150
LOTJISZ JZOS FAIL 45182666
LTIZSOJ JZSO OK 22754098
LZOTIJS IOZS OK 9818367
LZOTIJS ISOZ OK 8574370
LZJIOTS JOSZ OK 16038409
LZOTIJS ISZO OK 8567688
LZOTIJS IZOS OK 8711369
LZOTIJS OIZS OK 9159315
OIJSLZT ISOZ OK 8418189
LZOTIJS JOSZ OK 13227603
LZOTIJS JSOZ OK 12509927
LZOTIJS JSZO OK 12500375
OIJSZLT ISOZ OK 8246357
OSZJTIL ILZS OK 8131031
OTJZSLI ISLZ OK 8486778
OSZJTIL LIZS OK 8228823
OTJZSLI IZSL OK 11062388
OTJZSLI IZLS OK 11082371
OTLIJSZ IZSO OK 10371839
OTJZSLI ILZS OK 15500415
OTJZSLI LIZS OK 18054465
SIJZLOT ISOZ OK 10006891
SIJZLOT OTSZ OK 10434670
OTLIJSZ JZSO OK 26588079
SIJZLOT TOSZ OK 12423258
SILJZTO ISOZ OK 10439468
OTLIJSZ LZSO OK 26828194
SILJZTO SIOZ OK 8137702
SILJZTO SIZO OK 8129353
SILJZTO ISZO OK 10432679
STOLIJZ IOJS OK 10914568
STOLIJZ IOJZ OK 10914568
STOLIJZ IOLS OK 10820355
SJOIZTL LSZO OK 12163333
STOLIJZ IOLZ OK 10820355
STOLIJZ ISJZ OK 10697032
STOLIJZ IZSJ OK 10617019
STOLIJZ ISLZ OK 10703604
STOLIJZ IZSL OK 10373384
STOLIJZ IZJS OK 10636955
STOLIJZ IZLS OK 10392954
STOLIJZ IJOS OK 11657822
STOLIJZ IJOZ OK 11657822
STOLIJZ IJSO OK 11648131
STOLIJZ IJSZ OK 13526865
STOLIJZ IJZO OK 11646962
STOLIJZ IJZS OK 12426327
STOLIJZ ILOS OK 11706128
STOLIJZ ILOZ OK 11706128
STOLIJZ ILSO OK 11695444
STOLIJZ ILSZ OK 11803698
STOLIJZ ILZO OK 11690671
STOLIJZ OIJS OK 10083856
STOLIJZ ILZS OK 12574436
STOLIJZ OIJZ OK 10083856
STOLIJZ OILS OK 9984353
STOLIJZ OILZ OK 9984353
STOLIJZ OSJZ OK 9443256
STOLIJZ OSLZ OK 9392335
STOLIJZ OZSL OK 9214984
STOLIJZ OZSJ OK 10483917
STOLIJZ OZJS OK 10496546
STOLIJZ OZLS OK 9234504
STOLIJZ OJIS OK 10342094
STOLIJZ OJIZ OK 10342094
STOLIJZ OJZS OK 11698508
STOLIJZ OJSZ OK 15621279
STOLIJZ OLIS OK 10373861
STOLIJZ OLIZ OK 10373861
STOLIJZ SIJZ OK 10076245
STOLIJZ OLZS OK 11251640
STOLIJZ OLSZ OK 11857386
STOLIJZ SILZ OK 10082329
STOLIJZ SOJZ OK 9556621
STOLIJZ SOLZ OK 9506860
STOLIJZ SZJO OK 9224043
STOLIJZ SZLO OK 9192657
STOLIJZ SJIZ OK 10292087
STOLIJZ SJOZ OK 10282796
STOLIJZ SJZO OK 10268917
STOLIJZ SLIZ OK 10414898
STOLIJZ ZISJ OK 8541404
STOLIJZ ZIJS OK 8428763
STOLIJZ SLOZ OK 10328306
STOLIJZ SLZO OK 10313402
STOLIJZ ZOSL OK 8052627
STOLIJZ ZILS OK 8361359
STOLIJZ ZOSJ OK 9148574
STOLIJZ ZOJS OK 9161623
STOLIJZ ZOLS OK 8071575
STOLIJZ ZSOJ OK 9009816
STOLIJZ ZSJO OK 9022539
STOLIJZ ZJIS OK 8591860
STOLIJZ ZJSI OK 8573690
STOLIJZ ZJOS OK 9726722
STOLIJZ ZJSO OK 9716274
STOLIJZ ZLIS OK 8612692
STOLIJZ ZLOS OK 8676154
STOLIJZ ZLSI OK 8594895
STOLIJZ ZLSO OK 8666491
STOLIJZ JIOS OK 13084577
STOLIJZ JIOZ OK 13084577
STOLIJZ JISO OK 13071953
STOLIJZ JISZ OK 15138352
STOLIJZ JIZO OK 13070646
STOLIJZ JOIS OK 12422866
STOLIJZ JIZS OK 13411791
STOLIJZ JOIZ OK 12422866
STOLIJZ JOZS OK 14004256
STOLIJZ JSIZ OK 12136123
STOLIJZ JOSZ OK 18529042
STOLIJZ JSOZ OK 17952390
STOLIJZ JZIS OK 11879115
STOLIJZ JSTZ OK 12104336
STOLIJZ JSZO OK 17937444
STOLIJZ JZOS OK 13414506
STOLIJZ JZSI OK 11859817
STOLIJZ JZSO OK 13404629
STOLIJZ LIOS OK 13963120
STOLIJZ LIOZ OK 13963120
STOLIJZ LISO OK 13951465
STOLIJZ LISZ OK 14091584
STOLIJZ LIZO OK 13947132
STOLIJZ LOIS OK 13213022
STOLIJZ LIZS OK 14643977
STOLIJZ LOIZ OK 13213022
STOLIJZ LOSZ OK 13228665
STOLIJZ LOZS OK 13662730
STOLIJZ LSIZ OK 13045831
STOLIJZ LSOZ OK 12939310
STOLIJZ LSZO OK 12927299
STOLIJZ LZIS OK 12595712
STOLIJZ LZOS OK 13014692
STOLIJZ LZSI OK 12577366
STOLIJZ LZSO OK 12593996
SZOLJTI IOSZ OK 8565822
SZOLJTI ISOZ OK 8405168
SZOLJTI ISZO OK 8401377
SZOLJTI OISZ OK 10578562
TJSZIOL LSOZ OK 9515949
TJSZIOL LSZO OK 9506823
TJISOLZ LSZO OK 26884664
TLJOISZ IZSO OK 10519204
TILJZSO LSZO OK 43811743
TILJZSO JZSO OK 44428228
TJZLIOS OJZS OK 20071350
TLJOISZ IZSJ OK 9409620
TLJOISZ IZJS OK 9433742
TLJOISZ OZSJ OK 23273932
TLJOISZ OZJS OK 23313586
TLJOISZ TOSZ OK 8687090
TLJOISZ TSZO OK 8416120
TLJOISZ OLSZ OK 26154798
TLJOISZ TZOS OK 8371683
TLJOISZ OJZS FAIL 39099972
TLJOISZ ZOSJ OK 20640420
TLJOISZ ZJSO OK 11496203
TLJOISZ ZOJS OK 20678525
TLJOISZ ZJOS OK 22252706
TLJOISZ JSOZ OK 12035430
TLJOISZ JSZO OK 12024873
TLJOISZ JZSO OK 17259897
TLJOISZ JOZS FAIL 50376425
TLJOISZ LOSZ OK 35390564
TLJOZIS ISJZ OK 8124036
TLJOISZ JZOS FAIL 48644898
TLJOISZ LSZO OK 17777000
TLJOZIS OZSJ OK 13178707
TLJOISZ LSOZ OK 34273116
TLJOZIS OJSZ OK 22576748
TLJOZIS OLZS OK 15224433
TLJOZIS OLSZ OK 22702293
TLJOZIS JSOZ OK 12740872
TLJOZIS JOSZ OK 29486802
TLJOZIS LOZS OK 20461137
TLJOZIS LOSZ OK 30414477
TOJZSLI ISLZ OK 8486778
TLJOZIS LSZO OK 19018834
TOJZSLI IZSL OK 11062388
TOJZSLI IZLS OK 11082371
TOJZSLI ILZS OK 15500415
TLJOZIS LSOZ OK 42958088
TSIOJZL IOJS OK 11775285
TOJZSLI LIZS OK 18054465
TSIOJZL IOJZ OK 11775285
TSIOJZL IOLS OK 11765946
TSIOJZL IOLZ OK 11765946
TSIOJZL ISJZ OK 12044544
TSIOJZL ISLZ OK 11615764
TSIOJZL IZLS OK 11484027
TSIOJZL IZJS OK 12122555
TSIOJZL IJOS OK 12874597
TSIOJZL IJOZ OK 12874597
TSIOJZL IJSO OK 12861952
TSIOJZL IJSZ OK 15541707
TSIOJZL IJZO OK 12862114
TSIOJZL IJZS OK 13520430
TSIOJZL ILOS OK 12491603
TSIOJZL ILOZ OK 12491603
TSIOJZL ILSO OK 8633512
TSIOJZL ILSZ OK 13249861
TSIOJZL OIJS OK 10076258
TSIOJZL ILZO OK 12477296
TSIOJZL ILZS OK 12630055
TSIOJZL OIJZ OK 10076258
TSIOJZL OILS OK 10067508
TSIOJZL OILZ OK 10067508
TSIOJZL OSZJ OK 9178305
TSIOJZL OSZL OK 9853900
TSIOJZL OSLZ OK 9206210
TSIOJZL OSJZ OK 9202216
TSIOJZL OZJS OK 9148695
TSIOJZL OZLS OK 9265429
TSIOJZL OJIS OK 10237250
TSIOJZL OJIZ OK 10237250
TSIOJZL OJSZ OK 11039228
TSIOJZL OJZS OK 10306181
TSIOJZL OLIS OK 9911755
TSIOJZL OLIZ OK 9911755
TSIOJZL OLSZ OK 10635195
TSIOJZL OLZS OK 10664020
TSIOJZL SIJZ OK 10275522
TSIOJZL SILZ OK 10230295
TSIOJZL SOZJ OK 9418785
TSIOJZL SOZL OK 10193270
TSIOJZL SOJZ OK 9442645
TSIOJZL SOLZ OK 9445739
TSIOJZL SJIZ OK 10407952
TSIOJZL SJOZ OK 10352115
TSIOJZL SJZO OK 10338725
TSIOJZL SLIZ OK 10110183
TSIOJZL SLOZ OK 10929731
TSIOJZL ZILS OK 9349271
TSIOJZL SLZO OK 10948008
TSIOJZL ZIJS OK 9802527
TSIOJZL ZOJS OK 8692852
TSIOJZL ZOLS OK 8815023
TSIOJZL ZJIS OK 9826143
TSIOJZL ZJOS OK 10842928
TSIOJZL ZLIS OK 9174887
TSIOJZL ZLOS OK 9297292
TSIOJZL JIOZ OK 14341070
TSIOJZL JIOS OK 14341070
TSIOJZL JISZ OK 16518234
TSIOJZL JIZO OK 14327816
TSIOJZL JOIS OK 13138312
TSIOJZL JIZS OK 14998159
TSIOJZL JOIZ OK 13138312
TSIOJZL JOSZ OK 13709636
TSIOJZL JOZS OK 14190842
TSIOJZL JSIZ OK 13684097
TSIOJZL JSOZ OK 13406914
TSIOJZL JSZO OK 13396337
TSIOJZL JSZT OK 8246199
TSIOJZL JZIS OK 13282940
TSIOJZL JZOS OK 14636290
TSIOJZL LIOS OK 11844029
TSIOJZL JZSO OK 13258081
TSIOJZL LIOZ OK 11844029
TSIOJZL LISO OK 11832857
TSIOJZL LISZ OK 12503161
TSIOJZL LIZO OK 11829579
TSIOJZL LOIS OK 10941104
TSIOJZL LIZS OK 12391382
TSIOJZL LOIZ OK 10941104
TSIOJZL LOSZ OK 11754555
TSIOJZL LOZS OK 11783269
TSIOJZL LSIZ OK 11326637
TSIOJZL LSOZ OK 11547683
TSIOJZL LSZO OK 12391986
TSIOJZL LZIS OK 10645892
TSIOJZL LZOS OK 11361143
TSLOIJZ IOJS OK 11188658
TSIOJZL LZSO OK 11352966
TSLOIJZ IOJZ OK 11188658
TSLOIJZ IOLS OK 11039203
TSLOIJZ IOLZ OK 11039203
TSLOIJZ ISJZ OK 11681463
TSLOIJZ ISLZ OK 11036628
TSLOIJZ IZSJ OK 11438435
TSLOIJZ IZJS OK 11460005
TSLOIJZ IZLS OK 10668715
TSLOIJZ IJOS OK 12012326
TSLOIJZ IJOZ OK 12012326
TSLOIJZ IJSO OK 12001261
TSLOIJZ IJSZ OK 13680346
TSLOIJZ IJZO OK 12000284
TSLOIJZ IJZS OK 12086388
TSLOIJZ ILOS OK 12033465
TSLOIJZ ILOZ OK 12033465
TSLOIJZ ILSO OK 12023547
TSLOIJZ ILSZ OK 12211235
TSLOIJZ ILZO OK 12018835
TSLOIJZ ILZS OK 12273049
TSLOIJZ OIJS OK 10171333
TSLOIJZ OIJZ OK 10171333
TSLOIJZ OILS OK 10027242
TSLOIJZ OILZ OK 10027242
TSLOIJZ OSJZ OK 10131729
TSLOIJZ OSLZ OK 9771103
TSLOIJZ OZSJ OK 10700655
TSLOIJZ OZSL OK 9487172
TSLOIJZ OZJS OK 10721635
TSLOIJZ OZLS OK 9507610
TSLOIJZ OJIS OK 10444484
TSLOIJZ OJIZ OK 10444484
TSLOIJZ OJZS OK 11921225
TSLOIJZ OLIS OK 10456616
TSLOIJZ OJSZ OK 15439894
TSLOIJZ OLIZ OK 10456616
TSLOIJZ OLZS OK 10762713
TSLOIJZ OLSZ OK 12182007
TSLOIJZ SIJZ OK 11024262
TSLOIJZ SILZ OK 10386272
TSLOIJZ SOJZ OK 10421987
TSLOIJZ SOLZ OK 10039714
TSLOIJZ SZJO OK 10101925
TSLOIJZ SZLO OK 9959257
TSLOIJZ SJOZ OK 11261980
TSLOIJZ SJIZ OK 11272890
TSLOIJZ SJZO OK 11248116
TSLOIJZ SLIZ OK 10826774
TSLOIJZ ZISJ OK 9218402
TSLOIJZ SLOZ OK 10862793
TSLOIJZ SLZO OK 10848060
TSLOIJZ ZIJS OK 9229961
TSLOIJZ ZILS OK 8592086
TSLOIJZ ZOSL OK 8418237
TSLOIJZ ZOSJ OK 9493691
TSLOIJZ ZOJS OK 9513598
TSLOIJZ ZOLS OK 8437953
TSLOIJZ ZSOL OK 8556334
TSLOIJZ ZSOJ OK 9437450
TSLOIJZ ZSJO OK 9385642
TSLOIJZ ZSLO OK 8318519
TSLOIJZ ZJIS OK 8942024
TSLOIJZ ZJOS OK 10137649
TSLOIJZ ZJSI OK 8923201
TSLOIJZ ZJSO OK 10127250
TSLOIJZ ZLIS OK 8880472
TSLOIJZ ZLOS OK 9121773
TSLOIJZ ZLSI OK 8861823
TSLOIJZ ZLSO OK 9112236
TSLOIJZ JIOS OK 13513020
TSLOIJZ JIOZ OK 13513020
TSLOIJZ JISO OK 13501458
TSLOIJZ JISZ OK 15266721
TSLOIJZ JIZO OK 13500435
TSLOIJZ JIZS OK 13595493
TSLOIJZ JOIS OK 12775898
TSLOIJZ JOIZ OK 12775898
TSLOIJZ JSIZ OK 13300192
TSLOIJZ JOZS OK 14525960
TSLOIJZ JOSZ OK 18709435
TSLOIJZ JSOZ OK 18385821
TSLOIJZ JZIS OK 12370249
TSLOIJZ JZOS OK 13988586
TSLOIJZ JSZO OK 18371837
TSLOIJZ JZSI OK 12350286
TSLOIJZ JZSO OK 13978760
TSLOIJZ LIOS OK 14540321
TSLOIJZ LIOZ OK 14540321
TSLOIJZ LISO OK 14529411
TSLOIJZ LISZ OK 15001695
TSLOIJZ LIZO OK 14525218
TSLOIJZ LIZS OK 14871651
TSLOIJZ LOIS OK 13680548
TSLOIJZ LOIZ OK 13680548
TSLOIJZ LOSZ OK 14049250
TSLOIJZ LOZS OK 14789175
TSLOIJZ LSIZ OK 13751595
TSLOIJZ LSOZ OK 13796641
TSLOIJZ LSZO OK 13784708
TSLOIJZ LZIS OK 13370917
TSLOIJZ LZOS OK 14168002
TSLOIJZ LZSI OK 13351058
TSOJIZL IOJS OK 10251545
TSLOIJZ LZSO OK 13442586
TSOJIZL IOLS OK 10249242
TSOJIZL IOJZ OK 10251545
TSOJIZL IOLZ OK 10249242
TSOJIZL ISJZ OK 10096934
TSOJIZL ISLZ OK 10084901
TSOJIZL IZJS OK 10093846
TSOJIZL IZLS OK 9940488
TSOJIZL IJOS OK 11100378
TSOJIZL IJOZ OK 11100378
TSOJIZL IJSO OK 11088081
TSOJIZL IJSZ OK 12804608
TSOJIZL IJZO OK 11087434
TSOJIZL ILOS OK 10761603
TSOJIZL IJZS OK 11930127
TSOJIZL ILOZ OK 10761603
TSOJIZL ILSZ OK 10802854
TSOJIZL ILZO OK 10747740
TSOJIZL OIJS OK 9428708
TSOJIZL ILZS OK 11569339
TSOJIZL OIJZ OK 9428708
TSOJIZL OILS OK 9426442
TSOJIZL OSZJ OK 8858331
TSOJIZL OILZ OK 9426442
TSOJIZL OSZL OK 8847150
TSOJIZL OSJZ OK 8882274
TSOJIZL OSLZ OK 8868548
TSOJIZL OZJS OK 9940617
TSOJIZL OZLS OK 8756791
TSOJIZL OJIS OK 9802712
TSOJIZL OJIZ OK 9802712
TSOJIZL OJSZ OK 10497180
TSOJIZL OJZS OK 10167504
TSOJIZL OLIS OK 9469940
TSOJIZL OLIZ OK 9469940
TSOJIZL OLSZ OK 9507807
TSOJIZL OLZS OK 9818329
TSOJIZL SIJZ OK 9418709
TSOJIZL SILZ OK 9465631
TSOJIZL SOZJ OK 8974674
TSOJIZL SOZL OK 8963690
TSOJIZL SOJZ OK 8998711
TSOJIZL SOLZ OK 8984556
TSOJIZL SJIZ OK 9747064
TSOJIZL SJOZ OK 9806390
TSOJIZL SJZO OK 9792314
TSOJIZL SLIZ OK 9540495
TSOJIZL SLOZ OK 9532250
TSOJIZL SLZO OK 9816614
TSOJIZL ZIJS OK 8580948
TSOJIZL ZILS OK 8574367
TSOJIZL ZOJS OK 9300643
TSOJIZL ZOLS OK 8204150
TSOJIZL ZJIS OK 8868082
TSOJIZL ZJOS OK 10019364
TSOJIZL ZLIS OK 8596132
TSOJIZL ZLOS OK 8592088
TSOJIZL JIOS OK 13221451
TSOJIZL JIOZ OK 13221451
TSOJIZL JIZO OK 13207559
TSOJIZL JISZ OK 15209886
TSOJIZL JOIS OK 12496759
TSOJIZL JIZS OK 13649276
TSOJIZL JOIZ OK 12496759
TSOJIZL JOSZ OK 13294555
TSOJIZL JOZS OK 13325598
TSOJIZL JSIZ OK 12171779
TSOJIZL JSOZ OK 12948110
TSOJIZL JSTZ OK 12176117
TSOJIZL JSZT OK 8012936
TSOJIZL JSZO OK 12964568
TSOJIZL JZIS OK 12115048
TSOJIZL JZSI OK 8985587
TSOJIZL JZOS OK 13661578
TSOJIZL LIOS OK 10706678
TSOJIZL JZSO OK 12810074
TSOJIZL LIOZ OK 10706678
TSOJIZL LISO OK 10696046
TSOJIZL LISZ OK 10748046
TSOJIZL LIZO OK 10692530
TSOJIZL LOIS OK 10201194
TSOJIZL LIZS OK 11265023
TSOJIZL LOIZ OK 10201194
TSOJIZL LOSZ OK 10236614
TSOJIZL LOZS OK 10535289
TSOJIZL LSIZ OK 10032339
TSOJIZL LSOZ OK 10022900
TSOJIZL LSTZ OK 10040546
TSOJIZL LSZO OK 11362866
TSOJIZL LZIS OK 9865765
TSOJIZL LZOS OK 10117723
TSOJIZL LZTS OK 9858143
TSOJIZL LZSI OK 9835699
TSOJIZL LZSO OK 10110211
TZOJSIL IOJS OK 10678007
TZOJSIL IOJZ OK 10678007
TZOJSIL IOLS OK 10705780
TZOJSIL IOLZ OK 10705780
TZOJSIL ISJZ OK 10583558
TZOJSIL ISLZ OK 10537203
TZOJSIL IZJS OK 10649899
TZOJSIL IZLS OK 11042446
TZOJSIL IJOZ OK 11491911
TZOJSIL IJOS OK 11491911
TZOJSIL IJSO OK 11479027
TZOJSIL IJSZ OK 11686485
TZOJSIL IJZS OK 11767708
TZOJSIL ILOS OK 11237129
TZOJSIL ILOZ OK 11237129
TZOJSIL ILSO OK 11353835
TZOJSIL ILSZ OK 11353835
TZOJSIL OIJZ OK 10126633
TZOJSIL ILZO OK 11370316
TZOJSIL ILZS OK 12043871
TZOJSIL OIJS OK 10126633
TZOJSIL OILS OK 10157012
TZOJSIL OILZ OK 10157012
TZOJSIL OSZL OK 9743784
TZOJSIL OSJZ OK 9557895
TZOJSIL OZSJ OK 9765299
TZOJSIL OSLZ OK 9762338
TZOJSIL OZSL OK 9623268
TZOJSIL OZJS OK 9817372
TZOJSIL OZLS OK 9643505
TZOJSIL OJIS OK 10626529
TZOJSIL OJIZ OK 10626529
TZOJSIL OJSZ OK 10699634
TZOJSIL OJZS OK 10835226
TZOJSIL OLIS OK 10501577
TZOJSIL OLIZ OK 10501577
TZOJSIL OLSZ OK 10519597
TZOJSIL OLZS OK 10715396
TZOJSIL SIJZ OK 9645016
TZOJSIL SILZ OK 9779501
TZOJSIL SOZJ OK 9300880
TZOJSIL SOZL OK 9480310
TZOJSIL SOJZ OK 9322130
TZOJSIL SOLZ OK 9498065
TZOJSIL SJIZ OK 10067687
TZOJSIL SJOZ OK 10060219
TZOJSIL SJZO OK 10048707
TZOJSIL SLIZ OK 9958779
TZOJSIL SLOZ OK 9994670
TZOJSIL SLZO OK 9984001
TZOJSIL ZIJS OK 10232218
TZOJSIL ZILS OK 10282251
TZOJSIL ZOJS OK 9881816
TZOJSIL ZOLS OK 9723828
TZOJSIL ZJOS OK 10679372
TZOJSIL ZJIS OK 10657831
TZOJSIL ZLIS OK 10473390
TZOJSIL ZLOS OK 10283946
TZOJSIL JIOS OK 14085069
TZOJSIL JIOZ OK 14085069
TZOJSIL JISZ OK 14122815
TZOJSIL JIZO OK 14073466
TZOJSIL JOIS OK 13504483
TZOJSIL JIZS OK 14415625
TZOJSIL JOIZ OK 13504483
TZOJSIL JOSZ OK 13593761
TZOJSIL JOZS OK 13735925
TZOJSIL JSIZ OK 13114076
TZOJSIL JSOZ OK 13248655
TZOJSIL JSTZ OK 13123177
TZOJSIL JSZT OK 8924879
TZOJSIL JSZO OK 13239432
TZOJSIL JZIS OK 13414398
TZOJSIL JZOS OK 13403138
TZOJSIL JZTS OK 13236993
TZOJSIL JZSO OK 13392050
TZOJSIL JZST OK 13205653
TZOJSIL LIOS OK 11864342
TZOJSIL LIOZ OK 11864342
TZOJSIL LISO OK 11835032
TZOJSIL LISZ OK 11835032
TZOJSIL LIZO OK 11852762
TZOJSIL LIZS OK 12324706
TZOJSIL LOIS OK 11456639
TZOJSIL LOIZ OK 11456639
TZOJSIL LOSZ OK 11472336
TZOJSIL LOZS OK 11660793
TZOJSIL LSIZ OK 11098571
TZOJSIL LSOZ OK 11137839
TZOJSIL LSZO OK 11129245
TZOJSIL LZIS OK 11613250
TZOJSIL LZOS OK 11372801
TZOJSIL LZTS OK 11621255
TZOJSIL LZSI OK 11594552
TZOJSIL LZSO OK 11363247
TZOJSIL LZST OK 11594561
ZILOSJT ISOZ OK 8764648
ZISOLJT IOSZ OK 8693478
ZISOLJT ISOZ OK 8467992
ZLJISOT OJSZ OK 10642209
ZLSITOJ ISZO OK 8032591
ZLJISOT JOSZ OK 15450826
ZJTLSOI OJZS OK 22636306
ZLSTOJI SZTO OK 8444246
ZLSITOJ JZSO OK 11259364
ZLTIJOS IOZS OK 10230047
ZLTIJOS ISOZ OK 9851966
ZLTIJOS ISZO OK 9846598
ZLTIJOS IZOS OK 10010130
ZLTIJOS OIZS OK 8445037
ZLTIJOS ZIOS OK 9005656
ZLTIJOS OJSZ OK 11456325
ZOLITSJ ZISO OK 11825643
ZLTIJOS JOSZ OK 15565778
ZSJIOTL IOSZ OK 9247726
ZSJIOTL JLZS OK 8031811
