# 한 줄 = <bag1> <bag2> OK|FAIL|CAP|TIMEOUT|KILLED <상태 수>
# 결론(OK/FAIL)만 건너뛴다. CAP·TIMEOUT·KILLED 는 결론이 아니라 다시 돈다.
# 기존 스윕(1·2 단계)과 2026-10-08~09 세션 스윕의 결론을 옮겨 담은 뒤 이어서 돈다.
JLOTISZ JOSZ OK -
JLOTISZ JOZS FAIL 49756825
JLOTISZ JSOZ OK -
JLOTISZ JSZO OK -
JLOTISZ JZOS FAIL 47856979
JLOTISZ JZSO OK -
JLOTISZ OJSZ OK -
JLOTISZ OJZS FAIL 39015073
JLOTISZ OSJZ OK -
JLOTISZ OSZJ OK -
JLOTISZ OZJS OK -
JLOTISZ OZSJ OK -
JLOTISZ SJOZ OK -
JLOTISZ SJZO OK -
JLOTISZ SOJZ OK -
JLOTISZ SOZJ OK -
JLOTISZ SZJO OK -
JLOTISZ SZOJ OK -
JLOTISZ ZJOS OK -
JLOTISZ ZJSO OK -
JLOTISZ ZOJS OK -
JLOTISZ ZOSJ OK -
JLOTISZ ZSJO OK -
JLOTISZ ZSOJ OK -
JLTISZO JOZS FAIL 54310249
JLTOISZ JOSZ OK -
JLTOISZ JOZS FAIL 51160260
JLTOISZ JSOZ OK -
JLTOISZ JSZO OK -
JLTOISZ JZOS FAIL 49379640
JLTOISZ JZSO OK -
JLTOISZ OJSZ OK -
JLTOISZ OJZS FAIL 39407013
JLTOISZ OSJZ OK -
JLTOISZ OSZJ OK -
JLTOISZ OZJS OK -
JLTOISZ OZSJ OK -
JLTOISZ SJOZ OK -
JLTOISZ SJZO OK -
JLTOISZ SOJZ OK -
JLTOISZ SOZJ OK -
JLTOISZ SZJO OK -
JLTOISZ SZOJ OK -
JLTOISZ ZJOS OK -
JLTOISZ ZJSO OK -
JLTOISZ ZOJS OK -
JLTOISZ ZOSJ OK -
JLTOISZ ZSJO OK -
JLTOISZ ZSOJ OK -
JOLTISZ JOSZ OK -
JOLTISZ JOZS FAIL 48291406
JOLTISZ JSOZ OK -
JOLTISZ JSZO OK -
JOLTISZ JZOS FAIL 46383031
JOLTISZ JZSO OK -
JOLTISZ OJSZ OK -
JOLTISZ OJZS FAIL 38060523
JOLTISZ OSJZ OK -
JOLTISZ OSZJ OK -
JOLTISZ OZJS OK -
JOLTISZ OZSJ OK -
JOLTISZ SJOZ OK -
JOLTISZ SJZO OK -
JOLTISZ SOJZ OK -
JOLTISZ SOZJ OK -
JOLTISZ SZJO OK -
JOLTISZ SZOJ OK -
JOLTISZ ZJOS OK -
JOLTISZ ZJSO OK -
JOLTISZ ZOJS OK -
JOLTISZ ZOSJ OK -
JOLTISZ ZSJO OK -
JOLTISZ ZSOJ OK -
JOTLISZ JOSZ OK -
JOTLISZ JOZS FAIL 48402382
JOTLISZ JSOZ OK -
JOTLISZ JSZO OK -
JOTLISZ JZOS FAIL 46466700
JOTLISZ JZSO OK -
JOTLISZ OJSZ OK -
JOTLISZ OJZS FAIL 38174586
JOTLISZ OSJZ OK -
JOTLISZ OSZJ OK -
JOTLISZ OZJS OK -
JOTLISZ OZSJ OK -
JOTLISZ SJOZ OK -
JOTLISZ SJZO OK -
JOTLISZ SOJZ OK -
JOTLISZ SOZJ OK -
JOTLISZ SZJO OK -
JOTLISZ SZOJ OK -
JOTLISZ ZJOS OK -
JOTLISZ ZJSO OK -
JOTLISZ ZOJS OK -
JOTLISZ ZOSJ OK -
JOTLISZ ZSJO OK -
JOTLISZ ZSOJ OK -
JTZOLSI OJZS FAIL 45696247
LOTJISZ JOSZ OK 3253719
LOTJISZ JOZS FAIL 47010215
LOTJISZ JSOZ OK 2962329
LOTJISZ JSZO OK 2951384
LOTJISZ JZOS FAIL 45182666
LOTJISZ JZSO OK 24967309
LOTJISZ OJSZ OK 2893589
LOTJISZ OJZS FAIL 37968211
LOTJISZ OSJZ OK 893890
LOTJISZ OSZJ OK 739180
LOTJISZ OZJS OK 2450886
LOTJISZ OZSJ OK 2439843
LOTJISZ SJOZ OK 782480
LOTJISZ SJZO OK 777076
LOTJISZ SOJZ OK 760637
LOTJISZ SOZJ OK 628311
LOTJISZ SZJO OK 693249
LOTJISZ SZOJ OK 576594
LOTJISZ ZJOS OK 1945309
LOTJISZ ZJSO OK 1935813
LOTJISZ ZOJS OK 1900708
LOTJISZ ZOSJ OK 1890133
LOTJISZ ZSJO OK 1787104
LOTJISZ ZSOJ OK 1786012
OTJLISZ JZOS FAIL 45479696
OTJLISZ LOSZ OK -
OTJLISZ LOZS FAIL 46336089
OTJLISZ LSOZ OK -
OTJLISZ LSZO OK -
OTJLISZ LZOS FAIL 44376789
OTJLISZ LZSO OK 34861733
OTJLISZ OLSZ OK -
OTJLISZ OLZS FAIL 37620806
OTJLISZ OSLZ OK -
OTJLISZ OSZL OK -
OTJLISZ OZLS OK -
OTJLISZ OZSL OK -
OTJLISZ SLOZ OK -
OTJLISZ SLZO OK -
OTJLISZ SOLZ OK -
OTJLISZ SOZL OK -
OTJLISZ SZLO OK -
OTJLISZ SZOL OK -
OTJLISZ ZLOS OK -
OTJLISZ ZLSO OK -
OTJLISZ ZOLS OK -
OTJLISZ ZOSL OK -
OTJLISZ ZSLO OK -
OTJLISZ ZSOL OK -
TJLOISZ JOSZ OK 2601661
TJLOISZ JOZS FAIL 50876395
TJLOISZ JSOZ OK 1323568
TJLOISZ JSZO OK 780384
TJLOISZ JZOS FAIL 49096438
TJLOISZ JZSO OK 756368
TJLOISZ LOSZ OK 2546750
TJLOISZ LSZO OK 778864
TJLOISZ LZOS OK 1288865
TJLOISZ LZSO OK 742301
TJLOISZ OJSZ OK 1849567
TJLOISZ OJZS FAIL 39195192
TJLOISZ OLSZ OK 1859867
TJLOISZ OLZS FAIL 39102924
TJLOISZ OSJZ OK 817516
TJLOISZ OSZJ OK 808968
TJLOISZ OZJS OK 1491001
TJLOISZ OZSJ OK 1481055
TJLOISZ SJOZ OK 936617
TJLOISZ SJZO OK 545543
TJLOISZ SOJZ OK 818752
TJLOISZ SOZJ OK 809745
TJLOISZ SZJO OK 450786
TJLOISZ SZOJ OK 769311
TJLOISZ ZJOS OK 1460691
TJLOISZ ZJSO OK 460395
TJLOISZ ZOJS OK 1305475
TJLOISZ ZOSJ OK 1296049
TJLOISZ ZSJO OK 397521
TJLOISZ ZSOJ OK 675853
TLJOISZ JOSZ OK 3545186
TLJOISZ JOZS FAIL 50376425
TLJOISZ JSOZ OK 12035430
TLJOISZ JSZO OK 12024873
TLJOISZ JZSO OK 17259897
TLJOISZ OJSZ OK 2618790
TLJOISZ OSJZ OK 6774195
TLJOISZ OSZJ OK 5612316
TLOJISZ JOSZ OK 3583575
TLOJISZ JOZS FAIL 48475012
TLOJISZ JSOZ OK 32258530
TLOJISZ JSZO OK 3381459
TLOJISZ JZOS FAIL 46644091
TLOJISZ JZSO OK 17576464
TLOJISZ OJSZ OK 2835397
TLOJISZ OJZS FAIL 38856654
TLOJISZ OSJZ OK 6392276
TLOJISZ OSZJ OK 2425405
TLOJISZ OZJS OK 23163883
TLOJISZ OZSJ OK 23124129
TLOJISZ SJOZ OK 6548457
TLOJISZ SJZO OK 2444727
TLOJISZ SOJZ OK 6011253
TLOJISZ SOZJ OK 2224102
TLOJISZ SZJO OK 2157727
TLOJISZ SZOJ OK 2151720
TLOJISZ ZJOS OK 21662935
TLOJISZ ZJSO OK 11878921
TLOJISZ ZOJS OK 20224240
TLOJISZ ZOSJ OK 20186098
TLOJISZ ZSJO OK 2010572
TLOJISZ ZSOJ OK 2004878
