# 정리 H (홀드 교환 불변) 의 계산 근거 — 2026-09-19
#
# 정리: 도착이 배치보다 하나 이상 많으면 (L >= n+1) 도착 수열의 첫 두 조각을
#       바꿔도 달성 가능한 배치 수열 집합이 같다. 증명은 볼트 7-bag.md 에 있다.
#
# (1) 성공 케이스: 판정도 상태 수도 같다 (스태시 부분트리가 그래프로서 동일)
#     ITJLSZO vs TIJLSZO   4 건 (data/ipos36.out)
#     IZSOLJT vs ZISOLJT   840 건 (data/sweep100/)
#     OTJZSLI vs TOJZSLI   840 건 (data/sweep100/)
#
# (2) 실패 케이스 예측 검정: 판정은 같고 상태 수는 다르다.
#     스태시 없는 가지는 동일하지 않고, 실패할 때만 그 가지까지 훑기 때문.
#     예측을 먼저 적고 돌렸다.
LJTIOZSOLSZ : no PC   (states 38542538)
JLTIOZSOLSZ : no PC   (states 38537388)
#     -> 판정 일치, 상태 수 차이 5150. 예측 통과.
#
# (3) 가설 L >= n+1 의 필요성: 홀드 없는 모델(L = n)에서 첫 두 글자만 바꿔
#     답이 갈리는 수열이 w=4 n=4 에서만 66 쌍. 예: OTTJ 불가능 / TOTJ 가능.
#     즉 이 불변성은 홀드가 아니라 '여분 도착 한 칸' 이 만든다.
