# "I 가 맨 앞이면 항상 가능한가" 탐침 (2026-09-21 착수)
#
# 한 줄 = <bag1> <bag2> OK|FAIL|CAP|TIMEOUT <상태 수>
# 생성:  PAR=1 ./scripts/ifirst-probe.sh data/ifirst-cases.txt data/ifirst-probe.out
#        (재시작 후 같은 줄. 이미 있는 케이스는 건너뛴다)
# 집계:  awk '!/^#/{print $3}' data/ifirst-probe.out | sort | uniq -c
#
# **전수가 아니라 탐침이다.** 840 접두사 중 지금까지 실패를 낸 6 개만 붙인다 —
# OJZS JOZS JZOS 와 그 거울 OLSZ LOSZ LSOZ. 그래서 "실패 0" 은
# "이 접두사들에는 반례가 없다" 는 뜻이고 정리가 아니다. FAIL 이 나오면 그건 확정이다.
#
# 앞 4 줄은 **대조군**이다 — 알려진 실패 4 건. 전부 FAIL 로 나오고 상태 수까지
# 기존 자료와 일치해야 뒤의 "실패 0" 을 읽을 수 있다. 집계할 때는 tail -n +5 로 뺄 것.
#
# 류 순서는 S·Z 가 늦은 쪽부터다 (실패와 상관이 큰 쪽). 이미 840 전수가 끝난
# 72 류는 빠져 있고, 남은 288 류 × 6 = 1,728 건이다.
TJLISZO OJZS FAIL 36891439
JLTISZO JOZS FAIL 54310249
OTJLISZ JZOS FAIL 45479696
JOLTIZS LSOZ FAIL 46029782
IJLSOTZ OJZS OK 3118276
IJLSOTZ JOZS OK 4548584
IJLSOTZ JZOS OK 4350254
IJLSOTZ OLSZ OK 453016
IJLSOTZ LOSZ OK 634613
IJLSOTZ LSOZ OK 621979
IJLSOZT OJZS OK 2620584
IJLSOZT JOZS OK 3947607
IJLSOZT JZOS OK 3841999
IJLSOZT OLSZ OK 439272
IJLSOZT LOSZ OK 622340
IJLSOZT LSOZ OK 610610
IJLSTOZ OJZS OK 3097165
IJLSTOZ JOZS OK 4726148
IJLSTOZ JZOS OK 4583527
IJLSTOZ OLSZ OK 446993
IJLSTOZ LOSZ OK 650825
IJLSTOZ LSOZ OK 645474
IJLSTZO OJZS OK 2963558
IJLSTZO JOZS OK 4840831
IJLSTZO JZOS OK 4831606
IJLSTZO OLSZ OK 425163
IJLSTZO LOSZ OK 664319
IJLSTZO LSOZ OK 672658
IJLSZOT OJZS OK 2528482
IJLSZOT JOZS OK 4012511
IJLSZOT JZOS OK 3990274
IJLSZOT OLSZ OK 425732
IJLSZOT LOSZ OK 632568
IJLSZOT LSOZ OK 628969
IJLSZTO OJZS OK 2545192
IJLSZTO JOZS OK 4252235
IJLSZTO JZOS OK 4305231
IJLSZTO OLSZ OK 419858
IJLSZTO LOSZ OK 658144
IJLSZTO LSOZ OK 666951
IJLZOST OJZS OK 2661786
IJLZOST JOZS OK 4018013
IJLZOST JZOS OK 3971135
IJLZOST OLSZ OK 455919
IJLZOST LOSZ OK 651124
IJLZOST LSOZ OK 632420
IJLZOTS OJZS OK 2794030
IJLZOTS JOZS OK 4178740
IJLZOTS JZOS OK 4133144
IJLZOTS OLSZ OK 474798
IJLZOTS LOSZ OK 674998
IJLZOTS LSOZ OK 647506
IJLZSOT OJZS OK 2553015
IJLZSOT JOZS OK 4051759
IJLZSOT JZOS OK 4055775
IJLZSOT OLSZ OK 437931
IJLZSOT LOSZ OK 651760
IJLZSOT LSOZ OK 645891
IJLZSTO OJZS OK 2571037
IJLZSTO JOZS OK 4295287
IJLZSTO JZOS OK 4376724
IJLZSTO OLSZ OK 432700
IJLZSTO LOSZ OK 677624
IJLZSTO LSOZ OK 684066
IJLZTOS OJZS OK 2778172
IJLZTOS JOZS OK 4340731
IJLZTOS JZOS OK 4343968
IJLZTOS OLSZ OK 465715
IJLZTOS LOSZ OK 689270
IJLZTOS LSOZ OK 670138
IJLZTSO OJZS OK 2657443
IJLZTSO JOZS OK 4439540
IJLZTSO JZOS OK 4520607
IJLZTSO OLSZ OK 442579
IJLZTSO LOSZ OK 693907
IJLZTSO LSOZ OK 694209
IJOSLTZ OJZS OK 798353
IJOSLTZ JOZS OK 1149646
IJOSLTZ JZOS OK 1062334
IJOSLTZ OLSZ OK 417699
IJOSLTZ LOSZ OK 547579
IJOSLTZ LSOZ OK 528405
IJOSLZT OJZS OK 773415
IJOSLZT JOZS OK 1118781
IJOSLZT JZOS OK 1051479
IJOSLZT OLSZ OK 404248
IJOSLZT LOSZ OK 534849
IJOSLZT LSOZ OK 516176
IJOSTLZ OJZS OK 793074
IJOSTLZ JOZS OK 1145175
IJOSTLZ JZOS OK 1057671
IJOSTLZ OLSZ OK 397826
IJOSTLZ LOSZ OK 495251
IJOSTLZ LSOZ OK 478940
IJOSTZL OJZS OK 767091
IJOSTZL JOZS OK 1112378
IJOSTZL JZOS OK 1043303
IJOSTZL OLSZ OK 371863
IJOSTZL LOSZ OK 423748
IJOSTZL LSOZ OK 410939
IJOSZLT OJZS OK 754154
IJOSZLT JOZS OK 1093003
IJOSZLT JZOS OK 1038682
IJOSZLT OLSZ OK 382775
IJOSZLT LOSZ OK 477422
IJOSZLT LSOZ OK 461579
IJOSZTL OJZS OK 756574
IJOSZTL JOZS OK 1097633
IJOSZTL JZOS OK 1042176
IJOSZTL OLSZ OK 370895
IJOSZTL LOSZ OK 421339
IJOSZTL LSOZ OK 408657
IJOZLST OJZS OK 763602
IJOZLST JOZS OK 1121560
IJOZLST JZOS OK 1072534
IJOZLST OLSZ OK 434007
IJOZLST LOSZ OK 581107
IJOZLST LSOZ OK 556749
IJOZLTS OJZS OK 2166783
IJOZLTS JOZS OK 2850210
IJOZLTS JZOS OK 2740510
IJOZLTS OLSZ OK 451346
IJOZLTS LOSZ OK 601899
IJOZLTS LSOZ OK 569933
IJOZSLT OJZS OK 745827
IJOZSLT JOZS OK 1093335
IJOZSLT JZOS OK 1044997
IJOZSLT OLSZ OK 407633
IJOZSLT LOSZ OK 514888
IJOZSLT LSOZ OK 498994
IJOZSTL OJZS OK 749151
IJOZSTL JOZS OK 1097713
IJOZSTL JZOS OK 1047959
IJOZSTL OLSZ OK 395691
IJOZSTL LOSZ OK 455502
IJOZSTL LSOZ OK 442663
IJOZTLS OJZS OK 2215301
IJOZTLS JOZS OK 2909339
IJOZTLS JZOS OK 2796806
IJOZTLS OLSZ OK 426922
IJOZTLS LOSZ OK 545942
IJOZTLS LSOZ OK 519188
IJOZTSL OJZS OK 769304
IJOZTSL JOZS OK 1131465
IJOZTSL JZOS OK 1080502
IJOZTSL OLSZ OK 399476
IJOZTSL LOSZ OK 464458
IJOZTSL LSOZ OK 447970
IJTSLOZ OJZS OK 2658293
IJTSLOZ JOZS OK 4141431
IJTSLOZ JZOS OK 4014952
IJTSLOZ OLSZ OK 617951
IJTSLOZ LOSZ OK 869110
IJTSLOZ LSOZ OK 865761
IJTSLZO OJZS OK 2545883
IJTSLZO JOZS OK 4243402
IJTSLZO JZOS OK 4237707
IJTSLZO OLSZ OK 591599
IJTSLZO LOSZ OK 892097
IJTSLZO LSOZ OK 905097
IJTSOLZ OJZS OK 2696939
IJTSOLZ JOZS OK 4010792
IJTSOLZ JZOS OK 3832622
IJTSOLZ OLSZ OK 617541
IJTSOLZ LOSZ OK 797306
IJTSOLZ LSOZ OK 783486
IJTSOZL OJZS OK 2615790
IJTSOZL JOZS OK 3915384
IJTSOZL JZOS OK 3791989
IJTSOZL OLSZ OK 584662
IJTSOZL LOSZ OK 691217
IJTSOZL LSOZ OK 680115
IJTSZLO OJZS OK 2531125
IJTSZLO JOZS OK 4212532
IJTSZLO JZOS OK 4247978
IJTSZLO OLSZ OK 577318
IJTSZLO LOSZ OK 824729
IJTSZLO LSOZ OK 839738
IJTSZOL OJZS OK 2548835
IJTSZOL JOZS OK 4012774
IJTSZOL JZOS OK 3977004
IJTSZOL OLSZ OK 570167
IJTSZOL LOSZ OK 711905
IJTSZOL LSOZ OK 713653
IJTZLOS OJZS OK 5100769
IJTZLOS JOZS OK 7627406
IJTZLOS JZOS OK 7600551
IJTZLOS OLSZ OK 639798
IJTZLOS LOSZ OK 916542
IJTZLOS LSOZ OK 894886
IJTZLSO OJZS OK 4914901
IJTZLSO JOZS OK 7837228
IJTZLSO JZOS OK 7924848
IJTZLSO OLSZ OK 612497
IJTZLSO LOSZ OK 928092
IJTZLSO LSOZ OK 929175
IJTZOLS OJZS OK 5159145
IJTZOLS JOZS OK 7408944
IJTZOLS JZOS OK 7309956
IJTZOLS OLSZ OK 644779
IJTZOLS LOSZ OK 852504
IJTZOLS LSOZ OK 821038
IJTZOSL OJZS OK 2683534
IJTZOSL JOZS OK 4034327
IJTZOSL JZOS OK 3975131
IJTZOSL OLSZ OK 608190
IJTZOSL LOSZ OK 731536
IJTZOSL LSOZ OK 713268
IJTZSLO OJZS OK 2572750
IJTZSLO JOZS OK 4286120
IJTZSLO JZOS OK 4351396
IJTZSLO OLSZ OK 594341
IJTZSLO LOSZ OK 853269
IJTZSLO LSOZ OK 864151
IJTZSOL OJZS OK 2589705
IJTZSOL JOZS OK 4077007
IJTZSOL JZOS OK 4065698
IJTZSOL OLSZ OK 586474
IJTZSOL LOSZ OK 735966
IJTZSOL LSOZ OK 733836
IOJSLTZ OJZS OK 798353
IOJSLTZ JOZS OK 1149646
IOJSLTZ JZOS OK 1062334
IOJSLTZ OLSZ OK 417699
IOJSLTZ LOSZ OK 547579
IOJSLTZ LSOZ OK 528405
IOJSLZT OJZS OK 773415
IOJSLZT JOZS OK 1118781
IOJSLZT JZOS OK 1051479
IOJSLZT OLSZ OK 404248
IOJSLZT LOSZ OK 534849
IOJSLZT LSOZ OK 516176
IOJSTLZ OJZS OK 793074
IOJSTLZ JOZS OK 1145175
IOJSTLZ JZOS OK 1057671
IOJSTLZ OLSZ OK 397826
IOJSTLZ LOSZ OK 495251
IOJSTLZ LSOZ OK 478940
IOJSTZL OJZS OK 767091
IOJSTZL JOZS OK 1112378
IOJSTZL JZOS OK 1043303
IOJSTZL OLSZ OK 371863
IOJSTZL LOSZ OK 423748
IOJSTZL LSOZ OK 410939
IOJSZLT OJZS OK 754154
IOJSZLT JOZS OK 1093003
IOJSZLT JZOS OK 1038682
IOJSZLT OLSZ OK 382775
IOJSZLT LOSZ OK 477422
IOJSZLT LSOZ OK 461579
IOJSZTL OJZS OK 756574
IOJSZTL JOZS OK 1097633
IOJSZTL JZOS OK 1042176
IOJSZTL OLSZ OK 370895
IOJSZTL LOSZ OK 421339
IOJSZTL LSOZ OK 408657
IOJZLST OJZS OK 763602
IOJZLST JOZS OK 1121560
IOJZLST JZOS OK 1072534
IOJZLST OLSZ OK 434007
IOJZLST LOSZ OK 581107
IOJZLST LSOZ OK 556749
IOJZLTS OJZS OK 2166783
IOJZLTS JOZS OK 2850210
IOJZLTS JZOS OK 2740510
IOJZLTS OLSZ OK 451346
IOJZLTS LOSZ OK 601899
IOJZLTS LSOZ OK 569933
IOJZSLT OJZS OK 745827
IOJZSLT JOZS OK 1093335
IOJZSLT JZOS OK 1044997
IOJZSLT OLSZ OK 407633
IOJZSLT LOSZ OK 514888
IOJZSLT LSOZ OK 498994
IOJZSTL OJZS OK 749151
IOJZSTL JOZS OK 1097713
IOJZSTL JZOS OK 1047959
IOJZSTL OLSZ OK 395691
IOJZSTL LOSZ OK 455502
IOJZSTL LSOZ OK 442663
IOJZTLS OJZS OK 2215301
IOJZTLS JOZS OK 2909339
IOJZTLS JZOS OK 2796806
IOJZTLS OLSZ OK 426922
IOJZTLS LOSZ OK 545942
IOJZTLS LSOZ OK 519188
IOJZTSL OJZS OK 769304
IOJZTSL JOZS OK 1131465
IOJZTSL JZOS OK 1080502
IOJZTSL OLSZ OK 399476
IOJZTSL LOSZ OK 464458
IOJZTSL LSOZ OK 447970
IOTSJLZ OJZS OK 374765
IOTSJLZ JOZS OK 457640
IOTSJLZ JZOS OK 424523
IOTSJLZ OLSZ OK 871867
IOTSJLZ LOSZ OK 996764
IOTSJLZ LSOZ OK 950271
IOTSJZL OJZS OK 367353
IOTSJZL JOZS OK 449126
IOTSJZL JZOS OK 422469
IOTSJZL OLSZ OK 827056
IOTSJZL LOSZ OK 869088
IOTSJZL LSOZ OK 832392
IOTSLJZ OJZS OK 373664
IOTSLJZ JOZS OK 435514
IOTSLJZ JZOS OK 403977
IOTSLJZ OLSZ OK 894088
IOTSLJZ LOSZ OK 1068112
IOTSLJZ LSOZ OK 1017353
IOTSLZJ OJZS OK 2713429
IOTSLZJ JOZS OK 4068740
IOTSLZJ JZOS OK 3899973
IOTSLZJ OLSZ OK 873243
IOTSLZJ LOSZ OK 1045216
IOTSLZJ LSOZ OK 994125
IOTSZJL OJZS OK 353955
IOTSZJL JOZS OK 406955
IOTSZJL JZOS OK 386785
IOTSZJL OLSZ OK 825308
IOTSZJL LOSZ OK 863240
IOTSZJL LSOZ OK 825397
IOTSZLJ OJZS OK 490607
IOTSZLJ JOZS OK 2686607
IOTSZLJ JZOS OK 2564723
IOTSZLJ OLSZ OK 842986
IOTSZLJ LOSZ OK 952998
IOTSZLJ LSOZ OK 908977
ITJSLOZ OJZS OK 2658293
ITJSLOZ JOZS OK 4141431
ITJSLOZ JZOS OK 4014952
ITJSLOZ OLSZ OK 617951
ITJSLOZ LOSZ OK 869110
ITJSLOZ LSOZ OK 865761
ITJSLZO OJZS OK 2545883
ITJSLZO JOZS OK 4243402
ITJSLZO JZOS OK 4237707
ITJSLZO OLSZ OK 591599
ITJSLZO LOSZ OK 892097
ITJSLZO LSOZ OK 905097
ITJSOLZ OJZS OK 2696939
ITJSOLZ JOZS OK 4010792
ITJSOLZ JZOS OK 3832622
ITJSOLZ OLSZ OK 617541
ITJSOLZ LOSZ OK 797306
ITJSOLZ LSOZ OK 783486
ITJSOZL OJZS OK 2615790
ITJSOZL JOZS OK 3915384
ITJSOZL JZOS OK 3791989
ITJSOZL OLSZ OK 584662
ITJSOZL LOSZ OK 691217
ITJSOZL LSOZ OK 680115
ITJSZLO OJZS OK 2531125
ITJSZLO JOZS OK 4212532
ITJSZLO JZOS OK 4247978
ITJSZLO OLSZ OK 577318
ITJSZLO LOSZ OK 824729
ITJSZLO LSOZ OK 839738
ITJSZOL OJZS OK 2548835
ITJSZOL JOZS OK 4012774
ITJSZOL JZOS OK 3977004
ITJSZOL OLSZ OK 570167
ITJSZOL LOSZ OK 711905
ITJSZOL LSOZ OK 713653
ITJZLOS OJZS OK 5100769
ITJZLOS JOZS OK 7627406
ITJZLOS JZOS OK 7600551
ITJZLOS OLSZ OK 639798
ITJZLOS LOSZ OK 916542
ITJZLOS LSOZ OK 894886
ITJZLSO OJZS OK 4914901
ITJZLSO JOZS OK 7837228
ITJZLSO JZOS OK 7924848
ITJZLSO OLSZ OK 612497
ITJZLSO LOSZ OK 928092
ITJZLSO LSOZ OK 929175
ITJZOLS OJZS OK 5159145
ITJZOLS JOZS OK 7408944
ITJZOLS JZOS OK 7309956
ITJZOLS OLSZ OK 644779
ITJZOLS LOSZ OK 852504
ITJZOLS LSOZ OK 821038
ITJZOSL OJZS OK 2683534
ITJZOSL JOZS OK 4034327
ITJZOSL JZOS OK 3975131
ITJZOSL OLSZ OK 608190
ITJZOSL LOSZ OK 731536
ITJZOSL LSOZ OK 713268
ITJZSLO OJZS OK 2572750
ITJZSLO JOZS OK 4286120
ITJZSLO JZOS OK 4351396
ITJZSLO OLSZ OK 594341
ITJZSLO LOSZ OK 853269
ITJZSLO LSOZ OK 864151
ITJZSOL OJZS OK 2589705
ITJZSOL JOZS OK 4077007
ITJZSOL JZOS OK 4065698
ITJZSOL OLSZ OK 586474
ITJZSOL LOSZ OK 735966
ITJZSOL LSOZ OK 733836
ITOSJLZ OJZS OK 374765
ITOSJLZ JOZS OK 457640
ITOSJLZ JZOS OK 424523
ITOSJLZ OLSZ OK 871867
ITOSJLZ LOSZ OK 996764
ITOSJLZ LSOZ OK 950271
ITOSJZL OJZS OK 367353
ITOSJZL JOZS OK 449126
ITOSJZL JZOS OK 422469
ITOSJZL OLSZ OK 827056
ITOSJZL LOSZ OK 869088
ITOSJZL LSOZ OK 832392
ITOSLJZ OJZS OK 373664
ITOSLJZ JOZS OK 435514
ITOSLJZ JZOS OK 403977
ITOSLJZ OLSZ OK 894088
ITOSLJZ LOSZ OK 1068112
ITOSLJZ LSOZ OK 1017353
ITOSLZJ OJZS OK 2713429
ITOSLZJ JOZS OK 4068740
ITOSLZJ JZOS OK 3899973
ITOSLZJ OLSZ OK 873243
ITOSLZJ LOSZ OK 1045216
ITOSLZJ LSOZ OK 994125
ITOSZJL OJZS OK 353955
ITOSZJL JOZS OK 406955
ITOSZJL JZOS OK 386785
ITOSZJL OLSZ OK 825308
