# bag1 의 I 위치별 전수 (2026-09-19)
# 꼬리 SZO 고정, 앞 네 자리에 {I,T,J,L} 을 배치한 bag1 아홉 개 ×
# TJLISZO 를 실패시키는 접두사 네 개 (OJZS OLZS LOZS JOZS) = 36 건.
# 생성: PAR=1 TMO=3600 ./scripts/capresolve.sh <케이스 파일> <출력>  (CAP 200000000)
# 한 줄 = <bag1> <bag2> OK|FAIL <완전 탐색 상태 수>. CAP·TIMEOUT 0 건, 36 건 전부 확정.
#
# I 가 4 번째면 네 접두사 전부 실패, 3 번째 이하면 전부 가능. 예외 없음.
# ITJLSZO 와 TIJLSZO 는 상태 수까지 동일하다 — 홀드가 첫 두 조각을 교환 가능하게 만든다.
ITJLSZO JOZS OK 7753668
ITJLSZO LOZS OK 7404163
ITJLSZO OJZS OK 4860020
ITJLSZO OLZS OK 4794290
JILTSZO JOZS OK 6562204
JILTSZO LOZS OK 6460238
JILTSZO OJZS OK 4156560
JILTSZO OLZS OK 4124318
JLTISZO JOZS FAIL 54310249
JLTISZO LOZS FAIL 54255824
JLTISZO OJZS FAIL 37047434
JLTISZO OLZS FAIL 37043222
LTIJSZO JOZS OK 2915348
LTIJSZO LOZS OK 10924172
LTIJSZO OJZS OK 1916587
LTIJSZO OLZS OK 6983580
LTJISZO JOZS FAIL 53521649
LTJISZO LOZS FAIL 54065040
LTJISZO OJZS FAIL 36887884
LTJISZO OLZS FAIL 36951772
TIJLSZO JOZS OK 7753668
TIJLSZO LOZS OK 7404163
TIJLSZO OJZS OK 4860020
TIJLSZO OLZS OK 4794290
TILJSZO JOZS OK 6445293
TILJSZO LOZS OK 6468314
TILJSZO OJZS OK 4140985
TILJSZO OLZS OK 4126524
TJILSZO JOZS OK 31579694
TJILSZO LOZS OK 38553863
TJILSZO OJZS OK 20275435
TJILSZO OLZS OK 25665513
TJLISZO JOZS FAIL 54046679
TJLISZO LOZS FAIL 53417670
TJLISZO OJZS FAIL 36891439
TJLISZO OLZS FAIL 36824530
