# 남은 953 류 탐침 (2026-09-22 착수). 1,260 류 x 840 접두사 전수를 대체한다.
#
# 한 줄 = <bag1> <bag2> OK|FAIL|CAP|TIMEOUT <상태 수>
# 생성:  PAR=4 ./scripts/ifirst-probe.sh data/probe954-cases.txt data/probe954.out
#        (재시작 후 같은 줄. 이미 있는 케이스는 건너뛴다)
# 집계:  python3 scripts/failstats.py data/probe954.out
#
# **왜 전수를 포기했나.** 컨테이너가 세션 유휴 시 회수되어 계산이 활성 시간에만 돈다.
# 측정된 처리율은 활성 시간당 4.7 류이고, 관측된 가동률로는 남은 954 류가 약 10 개월이다.
# 탐침은 13,342 건으로 85 배 작다 (Decisions 2026-09-22 참조).
#
# **전수가 아니다.** 840 접두사 중 **지금까지 실패를 낸 13 개 + 거울 닫힘용 JSOZ = 14 개**
# 만 붙인다. 그래서 "실패 0" 은 "이 접두사들에는 반례가 없다" 는 뜻이고 정리가 아니다.
# FAIL 이 나오면 그건 확정이다. 접두사 집합을 거울에 닫아 둔 이유는, 닫혀 있지 않으면
# 거울 쪽에서만 드러나는 실패를 류에 따라 놓치기 때문이다.
#
# 앞 4 줄은 **대조군** — 알려진 실패 4 건. 전부 FAIL 로 나오고 상태 수까지 기존 자료와
# 맞아야 뒤의 "실패 0" 을 읽을 수 있다. 집계할 때는 뺄 것.
#
# 류 순서는 **I 위치 층별 라운드로빈**이다. 어려운 쪽을 앞세우지 않았다 —
# 탐침이 끝까지 못 갈 수 있으므로, 어디서 끊겨도 중간 결과를 표본으로 읽을 수 있어야 한다
# (2026-09-19 에 편향된 순서의 앞부분을 결과로 읽은 적이 있다).
