IJLOSTZ ISOZ OK 9884167
IJLOSTZ ISZO OK 9873173
IJLOSZT ISOZ OK 9468795
IJLOSZT ISZO OK 9458643
IJLOTSZ ISZO OK 10184994
IJLOTSZ JZSO OK 12575413
IJLOTZS ISZO OK 10065578
IJLOTZS LSZO OK 12699923
IJLOZST ISOZ OK 11050450
IJLOZST ISZO OK 10540863
IJLOZTS ISZO OK 9833060
IJLTOSZ JZSO OK 13138492
IJLTOSZ LSZO OK 30931743
IJLTOZS JZSO OK 30918468
IJLTOZS LSZO OK 13260247
IJLTSOZ JZSO OK 31698513
IJLTSOZ LSZO OK 32005426
IJLTSZO JZSO OK 33263078
IJLTSZO LSZO OK 33479616
IJLTZOS JZSO OK 31992599
IJLTZOS LSZO OK 31718500
IJLTZSO JZSO OK 33465204
IJLTZSO LSZO OK 33282888
IJOLSTZ ISOZ OK 10967574
IJOLSTZ ISZO OK 10955031
IJOLSZT ISOZ OK 10498701
IJOLTSZ ISZO OK 11282000
IJOLTSZ JZSO OK 10486855
IJOLTZS ISZO OK 9100818
IJOLTZS LSZO OK 9530010
IJOLZST ISOZ OK 10631084
IJOTLSZ JZSO OK 10449344
IJOTLZS ISZO OK 14330816
IJOTLZS IZSO OK 8945910
IJOTLZS LSZO OK 9093844
IJTLOSZ JZSO OK 12723605
IJTLOSZ LSZO OK 31863182
IJTLOZS IOZS OK 8345753
IJTLOZS JZSO OK 32416721
IJTLOZS LSZO OK 12489108
IJTLSOZ JZSO OK 33246206
IJTLSOZ LSZO OK 32982270
IJTLSZO JZSO OK 33980794
IJTLSZO LSZO OK 34504908
IJTLZOS IOZS OK 8525283
IJTLZOS JZSO OK 32662035
IJTLZOS LSZO OK 32666690
IJTLZSO IOZS OK 8733436
IJTLZSO JZSO OK 34174617
IJTLZSO LSZO OK 34280512
IJTOLSZ JZSO OK 12249788
IJTOLSZ LSZO OK 12094599
IJTOLZS IOZS OK 8211971
IJTOLZS JZSO OK 12846163
IJTOLZS LSZO OK 11612807
IJTOZLS IOZS OK 12805718
IJTOZLS IZOS OK 12431814
IOJLSTZ ISOZ OK 10967574
IOJLSTZ ISZO OK 10955031
IOJLSZT ISOZ OK 10498701
IOJLTSZ ISZO OK 11282000
IOJLTSZ JZSO OK 10486855
IOJLTZS ISZO OK 9100818
IOJLTZS LSZO OK 9530010
IOJLZST ISOZ OK 10631084
IOJTLSZ JZSO OK 10449344
IOJTLZS ISZO OK 14330816
IOJTLZS IZSO OK 8945910
IOJTLZS LSZO OK 9093844
IOTJLSZ JZSO OK 9776840
IOTJLZS LSZO OK 8974235
JLOTISZ JOZS FAIL 49756825
JLOTISZ JZOS FAIL 47856979
JLOTISZ LSOZ OK 31108273
JLOTISZ OJZS FAIL 39015073
JLOTSZI OSLZ OK 9693326
JLTIOSZ JOZS FAIL 51979998
JLTIOSZ JZOS FAIL 50391148
JLTIOSZ LOZS OK 9535027
JLTIOSZ LSOZ OK 33129130
JLTIOSZ OJZS FAIL 38542538
JLTISOZ JOZS FAIL 52961681
JLTISOZ JZOS FAIL 51738184
JLTISOZ LOZS FAIL 52770410
JLTISOZ LSOZ OK 13509795
JLTISOZ OJZS FAIL 38075502
JLTISOZ OLZS FAIL 38067399
JLTISZO OJZS FAIL 37047434
JLTISZO OLZS FAIL 37043222
JOTLIZS JOZS OK 8486848
JOTLIZS JZOS OK 8120573
JOTLIZS LOSZ FAIL 47010215
JOTLIZS LSOZ FAIL 45182666
JOTLIZS OLSZ FAIL 37968211
JTLISZO JOZS FAIL 54146695
JTLISZO LOZS FAIL 53518393
JTLISZO LSOZ OK 30349604
JTLISZO OJZS FAIL 36977030
JTLISZO OLZS FAIL 36910036
JTLISZO SLOZ OK 22581411
JTLOIZS IJSZ OK 17978564
JTLOIZS JISZ OK 22484972
JTLOIZS JOSZ OK 21323169
JTLOIZS JOZS OK 35162318
JTLOIZS JZOS OK 34776026
JTLOIZS LOSZ FAIL 50464994
JTLOIZS LSOZ FAIL 48733122
JTLOIZS OJSZ OK 15811224
JTLOIZS OJZS OK 25971844
JTLOIZS OLSZ FAIL 39173291
JTLOIZS OSLZ OK 22803873
JTLOIZS OSZL OK 22764570
JTLOIZS SLOZ OK 21767113
JTLOIZS SOLZ OK 20220547
JTLOIZS SOZL OK 20182763
