# 1,260 류 스윕의 2 단계 — 1 단계에서 미결이던 케이스를 큰 상한으로 확정한다.
# 생성: PAR=2 TMO=3600 ./scripts/capresolve.sh <케이스 목록> <출력>   (CAP 200000000)
# 한 줄 = <bag1> <bag2> OK|FAIL|CAP|TIMEOUT <완전 탐색 상태 수>.
#
# 1 차분 (1 단계 48 류까지의 미결 69 건, 2026-09-19): 69 건 전부 OK.
#   상태 수 8,211,971 ~ 34,504,908 — 표본 100 개에서 실패가 살던 구간(37M~52M)에 못 미친다.
#   이 69 건은 전부 재정렬 전의 'I 가 첫 자리' 류에서 나왔다. 쉬운 구간이므로
#   실패가 없는 것이 자연스럽고, 여기서 실패율을 읽으면 안 된다.
#
IJLOSTZ ISOZ OK 9884167
IJLOSTZ ISZO OK 9873173
IJLOSZT ISOZ OK 9468795
IJLOSZT ISZO OK 9458643
IJLOTSZ ISZO OK 10184994
IJLOTSZ JZSO OK 12575413
IJLOTZS ISZO OK 10065578
IJLOTZS LSZO OK 12699923
IJLOZST ISOZ OK 11050450
IJLOZST ISZO OK 10540863
IJLOZTS ISZO OK 9833060
IJLTOSZ JZSO OK 13138492
IJLTOSZ LSZO OK 30931743
IJLTOZS JZSO OK 30918468
IJLTOZS LSZO OK 13260247
IJLTSOZ JZSO OK 31698513
IJLTSOZ LSZO OK 32005426
IJLTSZO JZSO OK 33263078
IJLTSZO LSZO OK 33479616
IJLTZOS JZSO OK 31992599
IJLTZOS LSZO OK 31718500
IJLTZSO JZSO OK 33465204
IJLTZSO LSZO OK 33282888
IJOLSTZ ISOZ OK 10967574
IJOLSTZ ISZO OK 10955031
IJOLSZT ISOZ OK 10498701
IJOLTSZ ISZO OK 11282000
IJOLTSZ JZSO OK 10486855
IJOLTZS ISZO OK 9100818
IJOLTZS LSZO OK 9530010
IJOLZST ISOZ OK 10631084
IJOTLSZ JZSO OK 10449344
IJOTLZS ISZO OK 14330816
IJOTLZS IZSO OK 8945910
IJOTLZS LSZO OK 9093844
IJTLOSZ JZSO OK 12723605
IJTLOSZ LSZO OK 31863182
IJTLOZS IOZS OK 8345753
IJTLOZS JZSO OK 32416721
IJTLOZS LSZO OK 12489108
IJTLSOZ JZSO OK 33246206
IJTLSOZ LSZO OK 32982270
IJTLSZO JZSO OK 33980794
IJTLSZO LSZO OK 34504908
IJTLZOS IOZS OK 8525283
IJTLZOS JZSO OK 32662035
IJTLZOS LSZO OK 32666690
IJTLZSO IOZS OK 8733436
IJTLZSO JZSO OK 34174617
IJTLZSO LSZO OK 34280512
IJTOLSZ JZSO OK 12249788
IJTOLSZ LSZO OK 12094599
IJTOLZS IOZS OK 8211971
IJTOLZS JZSO OK 12846163
IJTOLZS LSZO OK 11612807
IJTOZLS IOZS OK 12805718
IJTOZLS IZOS OK 12431814
IOJLSTZ ISOZ OK 10967574
IOJLSTZ ISZO OK 10955031
IOJLSZT ISOZ OK 10498701
IOJLTSZ ISZO OK 11282000
IOJLTSZ JZSO OK 10486855
IOJLTZS ISZO OK 9100818
IOJLTZS LSZO OK 9530010
IOJLZST ISOZ OK 10631084
IOJTLSZ JZSO OK 10449344
IOJTLZS ISZO OK 14330816
IOJTLZS IZSO OK 8945910
IOJTLZS LSZO OK 9093844
