# 1 단계: bag1 표본 100 개 x bag2 접두사 840. 상한 8M, 병렬 4 (2026-09-18).
# 명령: PAR=4 ./scripts/bag1sweep.sh data/bag1-sample100.txt data/bag2-prefixes.txt <디렉터리>
# bag1 목록은 시드 20260918 로 5040 순열에서 뽑았다 (data/bag1-sample100.txt).
#
# 집계: 84,000 케이스 중 OK 83,359 / CAP 641 / FAIL 0.
# **CAP 은 결론이 아니다.** 641 건은 data/cap-cases.txt 로 뽑아 상한 200M 으로 재실행한다
# (scripts/capresolve.sh -> data/cap-resolved.out). 실패 판정은 그 결과로만 한다.
# bag1 별 원자료는 data/sweep100/<bag1>.out.

IJOTSZL  840 OK 
IJOZTLS  840 OK 
IJSOZLT  1 CAP  839 OK 
IJSZLTO  6 CAP  834 OK 
IOTLSJZ  1 CAP  839 OK 
IOZLSJT  840 OK 
ISJOZLT  1 CAP  839 OK 
ISJZOTL  840 OK 
ISOZLJT  840 OK 
ISZLTOJ  840 OK 
ITLSJOZ  840 OK 
ITOJZSL  840 OK 
IZLJOST  1 CAP  839 OK 
IZOLSTJ  840 OK 
IZSOLJT  2 CAP  838 OK 
JILZSOT  2 CAP  838 OK 
JISLTZO  4 CAP  836 OK 
JISLZTO  4 CAP  836 OK 
JIZTSOL  2 CAP  838 OK 
JLOITZS  840 OK 
JOILZST  840 OK 
JOZLIST  840 OK 
JSLZIOT  840 OK 
JSZLITO  840 OK 
JSZLOIT  840 OK 
JZLTOSI  1 CAP  839 OK 
JZOTILS  7 CAP  833 OK 
JZTLISO  1 CAP  839 OK 
JZTLOIS  1 CAP  839 OK 
LITOJZS  1 CAP  839 OK 
LIZSOJT  2 CAP  838 OK 
LJIZTOS  840 OK 
LJOZTSI  1 CAP  839 OK 
LJTIOZS  8 CAP  832 OK 
LOJSZIT  840 OK 
LOJZIST  840 OK 
LOSTZIJ  840 OK 
LOTJISZ  7 CAP  833 OK 
LOTSJIZ  840 OK 
LTIZSOJ  2 CAP  838 OK 
LZJIOTS  2 CAP  838 OK 
LZOTIJS  8 CAP  832 OK 
OIJSLZT  1 CAP  839 OK 
OIJSZLT  1 CAP  839 OK 
OJLIZTS  840 OK 
OJSZTIL  840 OK 
OJZTLSI  840 OK 
OLSTIZJ  840 OK 
OLTIZJS  840 OK 
OLTSIZJ  840 OK 
OSILTZJ  840 OK 
OSLITJZ  840 OK 
OSZJTIL  2 CAP  838 OK 
OTJZSLI  5 CAP  835 OK 
OTLIJSZ  3 CAP  837 OK 
OTZSJLI  840 OK 
OZTLSJI  840 OK 
SIJZLOT  3 CAP  837 OK 
SILJZTO  4 CAP  836 OK 
SJLZITO  840 OK 
SJOITZL  840 OK 
SJOIZTL  1 CAP  839 OK 
SOJLIZT  840 OK 
STOLIJZ  104 CAP  736 OK 
SZIOJLT  840 OK 
SZLITOJ  840 OK 
SZOLJTI  4 CAP  836 OK 
TILJZSO  2 CAP  838 OK 
TILOZJS  840 OK 
TIZOLSJ  840 OK 
TJISOLZ  1 CAP  839 OK 
TJSZIOL  2 CAP  838 OK 
TJZLIOS  1 CAP  839 OK 
TJZSILO  840 OK 
TJZSLIO  840 OK 
TLJOISZ  22 CAP  818 OK 
TLJOZIS  11 CAP  829 OK 
TOJZSLI  5 CAP  835 OK 
TOSLIZJ  840 OK 
TSIOJZL  90 CAP  750 OK 
TSLOIJZ  104 CAP  736 OK 
TSOJIZL  94 CAP  746 OK 
TZOJSIL  96 CAP  744 OK 
ZILOSJT  1 CAP  839 OK 
ZILOTJS  840 OK 
ZIOTLSJ  840 OK 
ZISOLJT  2 CAP  838 OK 
ZJOLSIT  840 OK 
ZJSLOTI  840 OK 
ZJTLSOI  1 CAP  839 OK 
ZLJISOT  2 CAP  838 OK 
ZLSITOJ  2 CAP  838 OK 
ZLSTOJI  1 CAP  839 OK 
ZLTIJOS  8 CAP  832 OK 
ZOITJLS  840 OK 
ZOLITSJ  1 CAP  839 OK 
ZOSITJL  840 OK 
ZOTIJSL  840 OK 
ZOTSILJ  840 OK 
ZSJIOTL  2 CAP  838 OK 
